0.01 -2.80332 3.31985 -4.3304 20.3191 8.3079 5.85707 2.80332 -3.31985 4.3304 -20.3191 4.68331 4.10249
0.02 -24.887 25.9152 -34.6497 122.955 65.0416 44.6865 24.887 -25.9152 34.6497 -122.955 38.9075 33.059
0.03 -107.451 99.5613 -135.092 361.79 245.47 165.492 107.451 -99.5613 135.092 -361.79 159.807 133.192
0.04 -308.374 257.922 -351.105 743.504 609.916 406.811 308.374 -257.922 351.105 -743.504 443.398 366.957
0.05 -681.339 523.124 -706.537 1268.06 1160.54 773.98 681.339 -523.124 706.537 -1268.06 959.068 795.391
0.06 -1268.58 912.987 -1214.81 1943.31 1882.12 1270.28 1268.58 -912.987 1214.81 -1943.31 1762.31 1468.68
0.07 -2102.75 1452.88 -1906.76 2772.23 2820.91 1940.18 2102.75 -1452.88 1906.76 -2772.23 2899.37 2418.46
0.08 -3190.46 2159.08 -2821.87 3735.91 4075.92 2842.29 3190.46 -2159.08 2821.87 -3735.91 4389.69 3634.95
0.09 -4479.45 2996.48 -3951.9 4773.12 5673.32 3953.8 4479.45 -2996.48 3951.9 -4773.12 6182.38 5035.65
0.1 -5846.34 3859.98 -5198.37 5798.73 7461.43 5116.58 5846.34 -3859.98 5198.37 -5798.73 8133.68 6463.35
0.11 -7134.8 4616.91 -6406.39 6731.37 9169.97 6113.09 7134.8 -4616.91 6406.39 -6731.37 10049.2 7737.63
0.12 -8224.57 5180.41 -7454.78 7508.11 10595.6 6812.58 8224.57 -5180.41 7454.78 -7508.11 11768.8 8728.64
0.13 -9070.53 5542.83 -8314.17 8083.85 11722.7 7236.5 9070.53 -5542.83 8314.17 -8083.85 13219.8 9391.98
0.14 -9677.59 5737.82 -9013.44 8415.31 12649.6 7474.78 9677.59 -5737.82 9013.44 -8415.31 14390.8 9738.67
0.15 -10042.8 5775.9 -9553.7 8459.06 13404.1 7550.31 10042.8 -5775.9 9553.7 -8459.06 15257 9777.38
0.16 -10124.8 5624.01 -9864.17 8185.26 13854.8 7383.49 10124.8 -5624.01 9864.17 -8185.26 15737.7 9488.54
0.17 -9866.55 5245.5 -9843.47 7593.35 13806.9 6887.7 9866.55 -5245.5 9843.47 -7593.35 15723.5 8848.8
0.18 -9239.31 4647.9 -9435.84 6717.84 13169.9 6075.82 9239.31 -4647.9 9435.84 -6717.84 15137.6 7867.89
0.19 -8258.7 3883 -8659.72 5615.55 12011.7 5054.62 8258.7 -3883 8659.72 -5615.55 13967.5 6594.37
0.2 -6964.79 3004.83 -7567.44 4349.54 10456.4 3923.07 6964.79 -3004.83 7567.44 -4349.54 12245.9 5091.43
0.21 -5400.49 2040.91 -6193.15 2982.12 8559.46 2702.19 5400.49 -2040.91 6193.15 -2982.12 10020 3420.53
0.22 -3618.78 1011.69 -4551.97 1577.84 6303.53 1378.83 3618.78 -1011.69 4551.97 -1577.84 7352.38 1656.24
0.23 -1707.68 -28.2402 -2687.43 208.435 3709.92 4.91518 1707.68 28.2402 2687.43 -208.435 4352.37 -89.6358
0.24 204.646 -982.604 -706.404 -1052.23 928.384 -1272.82 -204.646 982.604 706.404 1052.23 1190.83 -1674.99
0.25 1983.24 -1756.59 1244.44 -2141.4 -1801.86 -2295.51 -1983.24 1756.59 -1244.44 2141.4 -1931.45 -2974.24
0.26 3533.43 -2309.64 3040.84 -3019.14 -4280.22 -3000.89 -3533.43 2309.64 -3040.84 3019.14 -4842.3 -3928.04
0.27 4820.34 -2665.89 4621.39 -3670.7 -6430.22 -3444.9 -4820.34 2665.89 -4621.39 3670.7 -7433.94 -4552.75
0.28 5847.32 -2875.79 5971.64 -4099.67 -8265.62 -3722.16 -5847.32 2875.79 -5971.64 4099.67 -9649.32 -4905.22
0.29 6618.54 -2971.92 7076.23 -4320.88 -9788.24 -3876.78 -6618.54 2971.92 -7076.23 4320.88 -11440.5 -5038.98
0.3 7121.32 -2960.53 7890.78 -4359.23 -10929.5 -3892.77 -7121.32 2960.53 -7890.78 4359.23 -12742.9 -4988.82
0.31 7338.5 -2847.3 8358.14 -4252.5 -11586.6 -3756.24 -7338.5 2847.3 -8358.14 4252.5 -13487.8 -4785.66
0.32 7271.55 -2660.81 8446.99 -4051.71 -11704.2 -3507.81 -7271.55 2660.81 -8446.99 4051.71 -13636.8 -4474.61
0.33 6950.68 -2447.61 8174.37 -3814.29 -11317.4 -3228.36 -6950.68 2447.61 -8174.37 3814.29 -13205.7 -4114.48
0.34 6427.91 -2249.1 7596.62 -3593.34 -10525.4 -2983.82 -6427.91 2249.1 -7596.62 3593.34 -12264.5 -3763.47
0.35 5766.02 -2088.77 6785.85 -3429.37 -9437.56 -2795.96 -5766.02 2088.77 -6785.85 3429.37 -10920 -3470.36
0.36 5034.29 -1981.66 5815.86 -3348.37 -8146.01 -2666.41 -5034.29 1981.66 -5815.86 3348.37 -9301.58 -3278.58
0.37 4308.03 -1949.02 4764.21 -3363.99 -6739.91 -2616.24 -4308.03 1949.02 -4764.21 3363.99 -7552.72 -3230.82
0.38 3661.67 -2016.14 3717.04 -3478.75 -5328.11 -2688.77 -3661.67 2016.14 -3717.04 3478.75 -5823.01 -3359.65
0.39 3153.23 -2192.29 2762.76 -3682.11 -4035.8 -2910.41 -3153.23 2192.29 -2762.76 3682.11 -4252.49 -3666.44
0.4 2809.59 -2453.33 1974.91 -3947.94 -2973.06 -3252.7 -2809.59 2453.33 -1974.91 3947.94 -2951.65 -4107.3
0.41 2624.04 -2745.59 1396.81 -4235.73 -2202.6 -3636.12 -2624.04 2745.59 -1396.81 4235.73 -1987.82 -4600.66
0.42 2567.39 -3008.02 1039.4 -4496.54 -1732.64 -3971.13 -2567.39 3008.02 -1039.4 4496.54 -1385.56 -5052.92
0.43 2604.09 -3193.57 891.893 -4680.96 -1537.12 -4196.51 -2604.09 3193.57 -891.893 4680.96 -1138.55 -5384.19
0.44 2702.45 -3275 935.28 -4744.99 -1583.07 -4285.45 -2702.45 3275 -935.28 4744.99 -1222.77 -5539.54
0.45 2834.95 -3237.24 1147.94 -4652.45 -1842.7 -4225.81 -2834.95 3237.24 -1147.94 4652.45 -1601.11 -5485.9
0.46 2972.25 -3069.03 1500.18 -4376.17 -2282.94 -4002.68 -2972.25 3069.03 -1500.18 4376.17 -2217.6 -5204.4
0.47 3077.37 -2762.2 1943.88 -3900.3 -2844.08 -3599.93 -3077.37 2762.2 -1943.88 3900.3 -2987.55 -4686.67
0.48 3104.25 -2316.15 2407.39 -3224.03 -3428.17 -3013.12 -3104.25 2316.15 -2407.39 3224.03 -3793.99 -3935.32
0.49 3002.13 -1740.55 2802.46 -2364.17 -3910.21 -2256.46 -3002.13 1740.55 -2802.46 2364.17 -4497.16 -2965.18
0.5 2724.21 -1053.86 3040.95 -1354.4 -4167.51 -1358 -2724.21 1053.86 -3040.95 1354.4 -4955.33 -1803.58
0.51 2237.8 -281.077 3052.17 -241.212 -4108.29 -351.854 -2237.8 281.077 -3052.17 241.212 -5048.21 -491.377
0.52 1532.25 545.691 2791.95 921.349 -3682.42 722.462 -1532.25 -545.691 -2791.95 -921.349 -4693.42 914.611
0.53 621.942 1384.92 2242.07 2075.79 -2873.73 1814.43 -621.942 -1384.92 -2242.07 -2075.79 -3852.47 2340.32
0.54 -455.956 2186.2 1406.16 3164.16 -1688.81 2859.91 455.956 -2186.2 -1406.16 -3164.16 -2529.68 3698.69
0.55 -1647.41 2896.41 308.691 4131.3 -156.79 3788.4 1647.41 -2896.41 -308.691 -4131.3 -769.283 4900.82
0.56 -2888.89 3469.55 -1002.98 4929.18 1661.23 4537.72 2888.89 -3469.55 1002.98 -4929.18 1347.71 5870.94
0.57 -4114.86 3875.46 -2459.04 5521.86 3667.83 5067.58 4114.86 -3875.46 2459.04 -5521.86 3709.29 6558.81
0.58 -5264.15 4103.37 -3974.59 5888.92 5741.09 5364.94 5264.15 -4103.37 3974.59 -5888.92 6182.69 6945.16
0.59 -6283.8 4159.74 -5461.09 6026.39 7756.84 5440.17 6283.8 -4159.74 5461.09 -6026.39 8626.44 7039.06
0.6 -7129.12 4062.65 -6834.15 5945.42 9603.73 5318.01 7129.12 -4062.65 6834.15 -5945.42 10898.7 6869.93
0.61 -7761 3835.87 -8013.94 5670.08 11181.3 5029.09 7761 -3835.87 8013.94 -5670.08 12860.5 6478.51
0.62 -8143.83 3505.28 -8922.51 5235.31 12389.9 4605.46 8143.83 -3505.28 8922.51 -5235.31 14377.6 5910.38
0.63 -8247.74 3098.08 -9486.37 4684.51 13129.9 4080.79 8247.74 -3098.08 9486.37 -4684.51 15329.2 5213.44
0.64 -8055.42 2643.63 -9647.8 4066.15 13320.1 3492.64 8055.42 -2643.63 9647.8 -4066.15 15623.3 4438.24
0.65 -7569.84 2173.83 -9379.08 3429.15 12922.4 2882.98 7569.84 -2173.83 9379.08 -3429.15 15214.8 3638.51
0.66 -6817.93 1721.55 -8690.11 2817.88 11955 2295.2 6817.93 -1721.55 8690.11 -2817.88 14115.4 2869.44
0.67 -5847.72 1317.35 -7625.17 2268.25 10484.2 1768.91 5847.72 -1317.35 7625.17 -2268.25 12391.3 2183.14
0.68 -4721.01 985.798 -6252.68 1805.38 8605.85 1335.07 4721.01 -985.798 6252.68 -1805.38 10152.2 1622.32
0.69 -3505.05 742.277 -4655.85 1442.61 6429.94 1013.01 3505.05 -742.277 4655.85 -1442.61 7537.6 1213.82
0.7 -2265.86 590.695 -2927.62 1181.21 4077.72 808.357 2265.86 -590.695 2927.62 -1181.21 4705.14 963.729
0.71 -1063.63 522.128 -1167.64 1010.54 1681.9 710.931 1063.63 -522.128 1167.64 -1010.54 1821.03 855.453
0.72 50.5902 515.284 523.361 909.137 -619.751 694.063 -50.5902 -515.284 -523.361 -909.137 -950.332 851.788
0.73 1036.8 539.837 2052.3 847.285 -2699.24 718.021 -1036.8 -539.837 -2052.3 -847.285 -3457.67 901.489
0.74 1866.11 562.43 3341.91 790.675 -4453.01 738.378 -1866.11 -562.43 -3341.91 -790.675 -5572.72 948.911
0.75 2519.28 553.172 4334.76 704.606 -5807.58 715.906 -2519.28 -553.172 -4334.76 -704.606 -7196.7 943.611
0.76 2985.57 489.782 4993.66 557.741 -6716.94 622.73 -2985.57 -489.782 -4993.66 -557.741 -8264.04 846.617
0.77 3263.64 358.094 5302.03 325.105 -7159.88 442.244 -3263.64 -358.094 -5302.03 -325.105 -8746.2 632.038
0.78 3364.24 150.287 5266.74 -9.55358 -7143.82 165.347 -3364.24 -150.287 -5266.74 9.55358 -8656.4 285.514
0.79 3312.66 -136.57 4921.83 -451.877 -6712.32 -212.105 -3312.66 136.57 -4921.83 451.877 -8053.17 -197.605
0.8 3148.08 -500.134 4328.66 -995.696 -5947.61 -688.075 -3148.08 500.134 -4328.66 995.696 -7038.39 -812.328
0.81 2918.9 -931.176 3569.88 -1622.95 -4962.13 -1251.05 -2918.9 931.176 -3569.88 1622.95 -5747.5 -1542.47
0.82 2675.54 -1412.45 2738.45 -2305.03 -3881.64 -1878.25 -2675.54 1412.45 -2738.45 2305.03 -4333.72 -2359.09
0.83 2463.34 -1919.07 1926.3 -3005.32 -2828.1 -2536.83 -2463.34 1919.07 -1926.3 3005.32 -2950.81 -3220.38
0.84 2317.48 -2420.24 1215.84 -3682.43 -1908.9 -3187 -2317.48 2420.24 -1215.84 3682.43 -1738.62 -4073.72
0.85 2260.61 -2881.63 675.079 -4293.56 -1212.27 -3785.03 -2260.61 2881.63 -675.079 4293.56 -812.963 -4859.85
0.86 2302.67 -3268.38 354.555 -4797.91 -804.654 -4286.38 -2302.67 3268.38 -354.555 4797.91 -259.011 -5518.75
0.87 2442.06 -3548.98 284.435 -5159.89 -726.511 -4650.03 -2442.06 3548.98 -284.435 5159.89 -126.795 -5996.91
0.88 2667.53 -3699.64 472.037 -5352.22 -987.598 -4844.44 -2667.53 3699.64 -472.037 5352.22 -428.512 -6254.47
0.89 2960.01 -3707.75 900.933 -5358.47 -1564.82 -4852.93 -2960.01 3707.75 -900.933 5358.47 -1137.98 -6270.3
0.9 3294.08 -3573.06 1532.42 -5174.51 -2404.69 -4675.64 -3294.08 3573.06 -1532.42 5174.51 -2192.58 -6043.56
0.91 3638.61 -3306.13 2308.88 -4808.81 -3429.1 -4327.05 -3638.61 3306.13 -2308.88 4808.81 -3497.53 -5591.33
0.92 3957.41 -2925.18 3157.87 -4281.52 -4541.7 -3831.28 -3957.41 2925.18 -3157.87 4281.52 -4931.92 -4944.26
0.93 4210.48 -2453.35 3996.81 -3622.76 -5633.67 -3217.99 -4210.48 2453.35 -3996.81 3622.76 -6356.76 -4142.06
0.94 4356.97 -1916.97 4738.48 -2870.23 -6590.02 -2520.61 -4356.97 1916.97 -4738.48 2870.23 -7625.41 -3230.3
0.95 4359.58 -1344.82 5298.4 -2066.31 -7298.74 -1775.98 -4359.58 1344.82 -5298.4 2066.31 -8596.46 -2258.47
0.96 4189.7 -767.188 5603.49 -1254.74 -7662.55 -1023.41 -4189.7 767.188 -5603.49 1254.74 -9147.91 -1278.15
0.97 3831.67 -214.309 5600.26 -477.139 -7610.83 -302.31 -3831.67 214.309 -5600.26 477.139 -9189.96 -340.617
0.98 3285.03 285.911 5260.56 230.253 -7107.64 351.089 -3285.03 -285.911 -5260.56 -230.253 -8674.03 506.643
0.99 2564.34 710.312 4583.44 839.212 -6153.97 906.913 -2564.34 -710.312 -4583.44 -839.212 -7596.34 1224.02
1 1696.8 1042.73 3593.81 1331.29 -4784.96 1344.29 -1696.8 -1042.73 -3593.81 -1331.29 -5996.46 1783.9
1.01 718.944 1275.8 2339.18 1698.67 -3065.02 1653.46 -718.944 -1275.8 -2339.18 -1698.67 -3952.52 2173.95
1.02 -326.736 1411.92 885.8 1944.12 -1082.86 1837.11 326.736 -1411.92 -885.8 -1944.12 -1574.54 2398.66
1.03 -1394.46 1462.91 -685.463 2080.21 1053.35 1910.25 1394.46 -1462.91 685.463 -2080.21 1003.04 2478.48
1.04 -2437.14 1448.08 -2283.99 2127.59 3222.01 1897.86 2437.14 -1448.08 2283.99 -2127.59 3629.97 2446.38
1.05 -3408.11 1391.06 -3815.37 2112.58 5296.29 1830.68 3408.11 -1391.06 3815.37 -2112.58 6149.82 2342.51
1.06 -4263 1316.25 -5188.11 2064.31 7153.67 1740.27 4263 -1316.25 5188.11 -2064.31 8410.65 2208.49
1.07 -4962.17 1245.91 -6320.37 2011.63 8685.21 1655.18 4962.17 -1245.91 6320.37 -2011.63 10275.9 2082.54
1.08 -5473.63 1198.31 -7145.99 1980.19 9803.29 1598.64 5473.63 -1198.31 7145.99 -1980.19 11634.7 1996.3
1.09 -5775.96 1187.01 -7619.44 1990.07 10447.6 1587.81 5775.96 -1187.01 7619.44 -1990.07 12410.7 1973.22
1.1 -5860.76 1220.43 -7719.58 2053.83 10590 1633.47 5860.76 -1220.43 7719.58 -2053.83 12568.7 2027.83
1.11 -5733.79 1301.66 -7451.79 2175.37 10237.4 1739.68 5733.79 -1301.66 7451.79 -2175.37 12118 2165.3
1.12 -5414.5 1428.01 -6847.67 2349.5 9431.76 1903.11 5414.5 -1428.01 6847.67 -2349.5 11111.3 2380.94
1.13 -4933.59 1590.83 -5962 2562.5 8246.69 2112.66 4933.59 -1590.83 5962 -2562.5 9639.32 2659.83
1.14 -4329.53 1775.55 -4867.13 2793.44 6779.15 2349.6 4329.53 -1775.55 4867.13 -2793.44 7822.24 2977.05
1.15 -3644.49 1962.61 -3646.07 3016.23 5140.1 2588.72 3644.49 -1962.61 3646.07 -3016.23 5798.12 3299.1
1.16 -2920.93 2129.05 -2385.59 3202.24 3445.04 2800.47 2920.93 -2129.05 2385.59 -3202.24 3711.74 3586.67
1.17 -2199.02 2250.93 -1170.08 3322.92 1806.19 2954.01 2199.02 -2250.93 1170.08 -3322.92 1704.06 3798.78
1.18 -1514.93 2306.17 -76.2313 3352.64 325.746 3020.85 1514.93 -2306.17 76.2313 -3352.64 -97.0522 3897.66
1.19 -899.461 2277.28 831.803 3271.08 -910.399 2978.39 899.461 -2277.28 -831.803 -3271.08 -1585.01 3853.43
1.2 -376.744 2153.54 1506.73 3065.39 -1838.64 2812.87 376.744 -2153.54 -1506.73 -3065.39 -2681.55 3647.76
1.21 37.2258 1932.21 1921.58 2731.56 -2422.58 2520.83 -37.2258 -1932.21 -1921.58 -2731.56 -3342.15 3275.79
1.22 335.87 1618.43 2071.62 2275.07 -2655.61 2109.18 -335.87 -1618.43 -2071.62 -2275.07 -3559.25 2746.12
1.23 522.798 1224.43 1974.45 1710.71 -2560.85 1593.91 -522.798 -1224.43 -1974.45 -1710.71 -3362.49 2079.38
1.24 611.666 767.949 1668.13 1061.55 -2188.43 998.093 -611.666 -767.949 -1668.13 -1061.55 -2815.96 1305.75
1.25 624.884 270.757 1207.7 357.227 -1610.84 349.871 -624.884 -270.757 -1207.7 -357.227 -2012.25 462.4
1.26 591.174 -242.828 660.174 -368.301 -916.535 -319.406 -591.174 242.828 -660.174 368.301 -1063.99 -409.077
1.27 542.289 -747.275 98.4107 -1079.31 -201.915 -976.81 -542.289 747.275 -98.4107 1079.31 -93.3167 -1265.02
1.28 509.431 -1217.27 -405.663 -1741.04 437.627 -1589.62 -509.431 1217.27 405.663 1741.04 779.362 -2062.2
1.29 520.021 -1629.37 -787.586 -2322.36 916.606 -2127.45 -520.021 1629.37 787.586 2322.36 1446.15 -2760.67
1.3 595.317 -1963.84 -995.837 -2798.08 1166.86 -2564.69 -595.317 1963.84 995.837 2798.08 1820.65 -3326.82
1.31 749.068 -2206.41 -995.67 -3150.67 1142.61 -2882.81 -749.068 2206.41 995.67 3150.67 1844.4 -3736.42
1.32 987.004 -2349.75 -771.258 -3371.4 823.163 -3072.24 -987.004 2349.75 771.258 3371.4 1490.61 -3977
1.33 1306.85 -2394.12 -326.388 -3460.67 213.696 -3133.24 -1306.85 2394.12 326.388 3460.67 765.467 -4049.12
1.34 1698.53 -2347.24 316.008 -3427.55 -655.329 -3075.71 -1698.53 2347.24 -316.008 3427.55 -292.695 -3966
1.35 2144.58 -2223.2 1115.44 -3288.72 -1730.13 -2917.83 -2144.58 2223.2 -1115.44 3288.72 -1616.19 -3751.78
1.36 2620.77 -2040.71 2016.68 -3066.71 -2937.22 -2683.74 -2620.77 2040.71 -2016.68 3066.71 -3112.81 -3438.39
1.37 3097.35 -1820.86 2953.79 -2787.76 -4188.8 -2400.73 -3097.35 1820.86 -2953.79 2787.76 -4672.56 -3061.86
1.38 3540.94 -1584.97 3855.3 -2479.37 -5389.69 -2096.31 -3540.94 1584.97 -3855.3 2479.37 -6176.2 -2658.6
1.39 3917.11 -1352.67 4649.95 -2167.87 -6445.06 -1795.78 -3917.11 1352.67 -4649.95 2167.87 -7504.79 -2262.23
1.4 4193.37 -1140.53 5272.57 -1876.16 -7268.23 -1520.45 -4193.37 1140.53 -5272.57 1876.16 -8549.49 -1901.15
1.41 4342.22 -961.115 5669.45 -1621.9 -7787.69 -1286.48 -4342.22 961.115 -5669.45 1621.9 -9220.66 -1596.86
1.42 4343.64 -822.356 5802.72 -1416.15 -7952.97 -1104.15 -4343.64 822.356 -5802.72 1416.15 -9455.2 -1362.91
1.43 4186.85 -727.165 5653.39 -1262.74 -7738.66 -977.321 -4186.85 727.165 -5653.39 1262.74 -9221.5 -1204.17
1.44 3871.06 -673.233 5222.63 -1158.24 -7146.27 -903.139 -3871.06 673.233 -5222.63 1158.24 -8521.63 -1116.56
1.45 3405.19 -653.177 4531.35 -1092.66 -6203.66 -872.211 -3405.19 653.177 -4531.35 1092.66 -7390.41 -1087.32
1.46 2806.95 -655.167 3618.16 -1050.75 -4962.38 -869.375 -2806.95 655.167 -3618.16 1050.75 -5892.11 -1096.13
1.47 2101.45 -664.106 2536.1 -1013.81 -3493.27 -875.235 -2101.45 664.106 -2536.1 1013.81 -4115.04 -1117.08
1.48 1319.64 -663.284 1348.63 -961.684 -1881.07 -868.31 -1319.64 663.284 -1348.63 961.684 -2164.81 -1121.54
1.49 496.607 -636.343 125.073 -875.013 -218.478 -827.565 -496.607 636.343 -125.073 875.013 -156.742 -1081.46
1.5 -330.256 -569.239 -1064.09 -737.274 1400.15 -734.953 330.256 569.239 1064.09 737.274 1792.12 -972.764
1.51 -1123.35 -451.942 -2152.1 -536.602 2885.2 -577.608 1123.35 451.942 2152.1 536.602 3571.11 -778.217
1.52 -1847.17 -279.596 -3080.58 -267.165 4158.04 -349.363 1847.17 279.596 3080.58 267.165 5083.7 -489.424
1.53 -2470.77 -53.0218 -3803.66 70.0267 5156.64 -51.4031 2470.77 53.0218 3803.66 -70.0267 6254.34 -107.662
1.54 -2969.94 221.44 -4291.22 466.943 5839.92 307.958 2969.94 -221.44 4291.22 -466.943 7033.74 356.361
1.55 -3329.03 532.597 -4530.77 909.002 6190.29 714.17 3329.03 -532.597 4530.77 -909.002 7402.01 883.623
1.56 -3541.8 865.409 -4527.83 1376.14 6214.22 1147.76 3541.8 -865.409 4527.83 -1376.14 7369.28 1448.47
1.57 -3611.49 1202.14 -4304.82 1844.37 5940.71 1585.83 3611.49 -1202.14 4304.82 -1844.37 6973.77 2020.6
1.58 -3549.96 1523.64 -3898.54 2287.7 5418.08 2003.66 3549.96 -1523.64 3898.54 -2287.7 6277.53 2567.25
1.59 -3376.18 1810.62 -3356.57 2680.27 4709.25 2376.38 3376.18 -1810.62 3356.57 -2680.27 5360.46 3055.47
1.6 -3114.29 2045.13 -2733.09 2998.39 3886.13 2680.8 3114.29 -2045.13 2733.09 -2998.39 4313.13 3454.58
1.61 -2791.62 2211.96 -2084.3 3222.57 3023.59 2897.25 2791.62 -2211.96 2084.3 -3222.57 3229.3 3738.63
1.62 -2436.62 2300.02 -1464.07 3339 2193.61 3011.4 2436.62 -2300.02 1464.07 -3339 2198.59 3888.67
1.63 -2077 2303.41 -919.973 3340.73 1460 3015.59 2077 -2303.41 919.973 -3340.73 1299.92 3894.63
1.64 -1738.01 2222.04 -490.034 3228.14 874.005 2909.74 1738.01 -2222.04 490.034 -3228.14 596.096 3756.39
1.65 -1440.74 2061.74 -200.189 3008.88 470.97 2701.37 1440.74 -2061.74 200.189 -3008.88 129.598 3483.86
1.66 -1200.74 1833.64 -62.6861 2697.15 268.107 2404.88 1200.74 -1833.64 62.6861 -2697.15 -80.0485 3096.04
1.67 -1026.8 1553.09 -75.4565 2312.56 263.597 2040.16 1026.8 -1553.09 75.4565 -2312.56 -37.2281 2619.13
1.68 -920.335 1238.22 -222.61 1878.44 437.161 1630.64 920.335 -1238.22 222.61 -1878.44 230.67 2084.01
1.69 -875.369 908.221 -476.07 1419.94 752.165 1201.17 875.369 -908.221 476.07 -1419.94 676.045 1523.49
1.7 -879.25 581.851 -798.259 962.087 1159.17 775.995 879.25 -581.851 798.259 -962.087 1235.6 969.558
1.71 -914.072 275.991 -1145.59 527.782 1600.57 376.93 914.072 -275.991 1145.59 -527.782 1836.2 451.043
1.72 -958.558 4.55055 -1472.42 136.145 2015.83 21.9665 958.558 -4.55055 1472.42 -136.145 2401.42 -8.31481
1.73 -990.191 -222.36 -1735.01 -198.814 2346.76 -275.791 990.191 222.36 1735.01 198.814 2858.28 -391.288
1.74 -987.307 -398.973 -1895.26 -469.03 2542.5 -508.817 987.307 398.973 1895.26 469.03 3143.29 -688.102
1.75 -930.964 -524.122 -1923.71 -672.674 2563.53 -675.503 930.964 524.122 1923.71 672.674 3207.61 -896.864
1.76 -806.467 -601.17 -1801.8 -813.891 2384.79 -780.08 806.467 601.17 1801.8 813.891 3020.62 -1023.43
1.77 -604.513 -637.57 -1523.18 -902.014 1997.4 -832.063 604.513 637.57 1523.18 902.014 2572.14 -1080.65
1.78 -321.973 -644.031 -1094.03 -950.339 1409.25 -845.189 321.973 644.031 1094.03 950.339 1872.84 -1086.91
1.79 37.6971 -633.347 -532.522 -974.584 644.233 -835.892 -37.6971 633.347 532.522 974.584 953.332 -1064.15
1.8 464.424 -618.966 132.582 -991.17 -259.513 -821.471 -464.424 618.966 -132.582 991.17 -138.233 -1035.43
1.81 941.919 -613.501 864.035 -1015.49 -1252.39 -818.149 -941.919 613.501 -864.035 1015.49 -1339.71 -1022.35
1.82 1448.57 -627.354 1618.83 -1060.34 -2276.93 -839.302 -1448.57 627.354 -1618.83 1060.34 -2579.56 -1042.76
1.83 1958.8 -667.635 2351.36 -1134.57 -3271.98 -894.049 -1958.8 667.635 -2351.36 1134.57 -3782.11 -1108.86
1.84 2444.94 -737.482 3016.83 -1242.22 -4177.28 -986.389 -2444.94 737.482 -3016.83 1242.22 -4873.21 -1226.06
1.85 2879.21 -835.836 3574.54 -1382.08 -4937.87 -1114.91 -2879.21 835.836 -3574.54 1382.08 -5785.76 -1392.6
1.86 3235.91 -957.634 3990.93 -1547.72 -5508.17 -1273.05 -3235.91 957.634 -3990.93 1547.72 -6464.6 -1599.85
1.87 3493.3 -1094.34 4241.84 -1728.13 -5855.16 -1449.79 -3493.3 1094.34 -4241.84 1728.13 -6870.36 -1833.23
1.88 3635.15 -1234.76 4314.11 -1908.66 -5960.41 -1630.69 -3635.15 1234.76 -4314.11 1908.66 -6981.93 -2073.58
1.89 3651.8 -1365.98 4206.14 -2072.43 -5821.03 -1799.14 -3651.8 1365.98 -4206.14 2072.43 -6797.4 -2298.81
1.9 3540.72 -1474.52 3927.63 -2201.85 -5449.33 -1937.76 -3540.72 1474.52 -3927.63 2201.85 -6333.56 -2485.8
1.91 3306.5 -1547.44 3498.47 -2280.31 -4871.42 -2029.91 -3306.5 1547.44 -3498.47 2280.31 -5623.99 -2612.41
1.92 2960.54 -1573.55 2947.06 -2293.69 -4124.99 -2061.2 -2960.54 1573.55 -2947.06 2293.69 -4716.17 -2659.45
1.93 2520.25 -1544.49 2308.02 -2231.8 -3256.35 -2020.87 -2520.25 1544.49 -2308.02 2231.8 -3667.71 -2612.6
1.94 2007.95 -1455.6 1619.7 -2089.34 -2317 -1902.95 -2007.95 1455.6 -1619.7 2089.34 -2542.1 -2463.85
1.95 1449.53 -1306.53 921.479 -1866.53 -1360.13 -1707.03 -1449.53 1306.53 -921.479 1866.53 -1404.3 -2212.56
1.96 872.751 -1101.4 251.057 -1569.26 -436.92 -1438.49 -872.751 1101.4 -251.057 1569.26 -316.252 -1865.72
1.97 305.411 -848.569 -357.996 -1208.7 406.786 -1108.18 -305.411 848.569 357.996 1208.7 667.202 -1437.52
1.98 -226.5 -559.93 -878.405 -800.554 1133.4 -731.524 226.5 559.93 878.405 800.554 1501.81 -948.265
1.99 -700.555 -249.956 -1290.81 -363.857 1715.87 -327.268 700.555 249.956 1290.81 363.857 2156.55 -422.6
2 -1099.33 65.5106 -1584.72 80.4606 2138.99 84.0785 1099.33 -65.5106 1584.72 -80.4606 2615.17 112.453
2.01 -1411.42 370.513 -1758.78 511.157 2399.87 481.865 1411.42 -370.513 1758.78 -511.157 2876.46 629.675
2.02 -1631.87 650.185 -1820.25 908.277 2507.3 846.856 1631.87 -650.185 1820.25 -908.277 2953.46 1103.7
2.03 -1762.14 891.803 -1783.9 1254.61 2480.31 1162.59 1762.14 -891.803 1783.9 -1254.61 2871.4 1512.82
2.04 -1809.57 1085.64 -1670.3 1536.92 2345.93 1416.46 1809.57 -1085.64 1670.3 -1536.92 2664.98 1840.46
2.05 -1786.44 1225.56 -1503.9 1746.77 2136.64 1600.5 1786.44 -1225.56 1503.9 -1746.77 2375.06 2076.18
2.06 -1708.77 1309.36 -1310.86 1881.02 1887.5 1711.81 1708.77 -1309.36 1310.86 -1881.02 2045.1 2216.27
2.07 -1594.97 1338.82 -1116.98 1941.75 1633.27 1752.63 1594.97 -1338.82 1116.98 -1941.75 1717.66 2263.82
2.08 -1464.35 1319.38 -945.692 1935.89 1405.83 1729.93 1464.35 -1319.38 945.692 -1935.89 1431.25 2228.2
2.09 -1335.57 1259.61 -816.427 1874.32 1231.78 1654.73 1335.57 -1259.61 816.427 -1874.32 1217.5 2124.1
2.1 -1225.24 1170.33 -743.244 1770.77 1130.66 1540.97 1225.24 -1170.33 743.244 -1770.77 1099.07 1970.04
2.11 -1146.55 1063.53 -733.932 1640.44 1113.62 1404.08 1146.55 -1063.53 733.932 -1640.44 1088.17 1786.52
2.12 -1108.26 951.22 -789.594 1498.63 1182.84 1259.57 1108.26 -951.22 789.594 -1498.63 1185.94 1594.09
2.13 -1113.98 844.293 -904.747 1359.28 1331.54 1121.5 1113.98 -844.293 904.747 -1359.28 1382.7 1411.38
2.14 -1161.92 751.567 -1067.93 1233.84 1544.82 1001.25 1161.92 -751.567 1067.93 -1233.84 1658.97 1253.45
2.15 -1245.16 679.046 -1262.78 1130.3 1801 906.571 1245.16 -679.046 1262.78 -1130.3 1987.35 1130.57
2.16 -1352.33 629.513 -1469.49 1052.62 2073.59 841.074 1352.33 -629.513 1469.49 -1052.62 2334.88 1047.46
2.17 -1468.65 602.444 -1666.47 1000.5 2333.53 804.108 1468.65 -602.444 1666.47 -1000.5 2665.88 1003.23
2.18 -1577.26 594.229 -1832.1 969.674 2551.55 791.049 1577.26 -594.229 1832.1 -969.674 2944.75 991.639
2.19 -1660.68 598.653 -1946.44 952.418 2700.49 793.927 1660.68 -598.653 1946.44 -952.418 3138.83 1002.03
2.2 -1702.24 607.585 -1992.69 938.518 2757.32 802.311 1702.24 -607.585 1992.69 -938.518 3220.75 1020.44
2.21 -1687.45 611.821 -1958.4 916.379 2704.83 804.387 1687.45 -611.821 1958.4 -916.379 3170.38 1031.08
2.22 -1605.21 602.011 -1836.36 874.293 2532.84 788.157 1605.21 -602.011 1836.36 -874.293 2976.23 1017.88
2.23 -1448.7 569.613 -1625.02 801.701 2238.91 742.664 1448.7 -569.613 1625.02 -801.701 2636.16 966.176
2.24 -1216.14 507.794 -1328.68 690.348 1828.53 659.15 1216.14 -507.794 1328.68 -690.348 2157.51 864.234
2.25 -911.068 412.193 -957.154 535.219 1314.81 532.042 911.068 -412.193 957.154 -535.219 1556.65 704.536
2.26 -542.306 281.466 -525.194 335.186 717.679 359.667 542.306 -281.466 525.194 -335.186 857.903 484.732
2.27 -123.52 117.56 -51.519 93.2899 62.5936 144.588 123.52 -117.56 51.519 -93.2899 91.9635 208.093
2.28 327.619 -74.3462 442.378 -183.35 -621.068 -106.455 -327.619 74.3462 -442.378 183.35 -706.067 -116.583
2.29 790.597 -286.204 933.617 -483.991 -1301.9 -383.024 -790.597 286.204 -933.617 483.991 -1498.95 -475.589
2.3 1243.45 -507.737 1399.38 -795.061 -1948.45 -671.809 -1243.45 507.737 -1399.38 795.061 -2249.68 -851.401
2.31 1664.28 -727.275 1818.32 -1101.19 -2531.2 -957.711 -1664.28 727.275 -1818.32 1101.19 -2923.77 -1224.11
2.32 2032.7 -932.714 2171.86 -1386.42 -3024.31 -1225.08 -2032.7 932.714 -2171.86 1386.42 -3491.28 -1573.06
2.33 2331.22 -1112.48 2445.21 -1635.47 -3407.11 -1458.95 -2331.22 1112.48 -2445.21 1635.47 -3928.51 -1878.49
2.34 2546.31 -1256.43 2628.1 -1834.91 -3665.14 -1646.23 -2546.31 1256.43 -2628.1 1834.91 -4219.18 -2123.07
2.35 2669.23 -1356.65 2715.3 -1974.27 -3790.8 -1776.68 -2669.23 1356.65 -2715.3 1974.27 -4355.1 -2293.28
2.36 2696.5 -1408.02 2706.66 -2046.78 -3783.59 -1843.69 -2696.5 1408.02 -2706.66 2046.78 -4336.38 -2380.36
2.37 2630.04 -1408.58 2606.97 -2049.91 -3649.85 -1844.74 -2630.04 1408.58 -2606.97 2049.91 -4171.06 -2381.01
2.38 2476.91 -1359.69 2425.54 -1985.48 -3402.19 -1781.56 -2476.91 1359.69 -2425.54 1985.48 -3874.41 -2297.51
2.39 2248.83 -1265.85 2175.45 -1859.44 -3058.55 -1659.96 -2248.83 1265.85 -2175.45 1859.44 -3467.8 -2137.58
2.4 1961.24 -1134.31 1872.71 -1681.36 -2640.92 -1489.31 -1961.24 1134.31 -1872.71 1681.36 -2977.2 -1913.61
2.41 1632.25 -974.467 1535.16 -1463.53 -2173.97 -1281.76 -1632.25 974.467 -1535.16 1463.53 -2431.51 -1641.65
2.42 1281.33 -797.049 1181.37 -1219.98 -1683.39 -1051.15 -1281.33 797.049 -1181.37 1219.98 -1860.73 -1339.99
2.43 927.889 -613.195 829.455 -965.291 -1194.29 -811.909 -927.889 613.195 -829.455 965.291 -1294.07 -1027.67
2.44 590.007 -433.542 495.986 -713.445 -729.718 -577.783 -590.007 433.542 -495.986 713.445 -758.24 -722.843
2.45 283.171 -267.379 195.045 -476.763 -309.259 -360.799 -283.171 267.379 -195.045 476.763 -275.876 -441.337
2.46 19.3446 -121.947 -62.5332 -264.996 51.9695 -170.341 -19.3446 121.947 62.5332 264.996 135.63 -195.5
2.47 -193.69 -1.96529 -269.663 -84.6955 344.047 -12.5404 193.69 1.96529 269.663 84.6955 464.942 6.64454
2.48 -352.645 90.6044 -423.246 61.1249 562.583 110.026 352.645 -90.6044 423.246 -61.1249 707.154 161.788
2.49 -458.689 156.536 -524.142 173.002 708.682 198.305 458.689 -156.536 524.142 -173.002 863.745 271.302
2.5 -517.093 199.082 -576.896 254.715 788.558 256.443 517.093 -199.082 576.896 -254.715 942.13 340.804
2.51 -536.589 223.518 -589.232 312.693 812.831 291.188 536.589 -223.518 589.232 -312.693 954.866 379.365
2.52 -528.504 236.517 -571.376 355.205 795.578 311.096 528.504 -236.517 571.376 -355.205 918.55 398.455
2.53 -505.717 245.43 -535.216 391.397 753.159 325.596 505.717 -245.43 535.216 -391.397 852.488 410.693
2.54 -481.526 257.51 -493.368 430.283 702.914 343.998 481.526 -257.51 493.368 -430.283 777.191 428.531
2.55 -468.492 279.157 -458.199 479.76 661.801 374.516 468.492 -279.157 458.199 -479.76 712.797 462.955
2.56 -477.343 315.247 -440.857 545.766 645.054 423.401 477.343 -315.247 440.857 -545.766 677.518 522.339
2.57 -516.043 368.606 -450.396 631.626 664.975 494.269 516.043 -368.606 450.396 -631.626 686.213 611.55
2.58 -589.089 439.693 -493.046 737.665 729.931 587.683 589.089 -439.693 493.046 -737.665 749.207 731.395
2.59 -697.105 526.502 -571.694 861.108 843.653 701.035 697.105 -526.502 571.694 -861.108 871.429 878.47
2.6 -836.762 624.723 -685.612 996.277 1004.88 828.746 836.762 -624.723 685.612 -996.277 1051.96 1045.42
2.61 -1001.03 728.121 -830.447 1135.07 1207.35 962.758 1001.03 -728.121 830.447 -1135.07 1283.99 1221.6
2.62 -1179.71 829.094 -998.483 1267.65 1440.23 1093.26 1179.71 -829.094 998.483 -1267.65 1555.22 1394.02
2.63 -1360.25 919.365 -1179.14 1383.36 1688.76 1209.58 1360.25 -919.365 1179.14 -1383.36 1848.65 1548.51
2.64 -1528.69 990.728 -1359.67 1471.62 1935.31 1301.14 1528.69 -990.728 1359.67 -1471.62 2143.69 1671.05
2.65 -1670.76 1035.78 -1526.05 1522.94 2160.57 1358.4 1670.76 -1035.78 1526.05 -1522.94 2417.59 1748.95
2.66 -1772.94 1048.6 -1663.96 1529.76 2344.9 1373.74 1772.94 -1048.6 1663.96 -1529.76 2646.97 1772.05
2.67 -1823.52 1025.25 -1759.77 1487.2 2469.78 1342.13 1823.52 -1025.25 1759.77 -1487.2 2809.53 1733.64
2.68 -1813.53 964.217 -1801.61 1393.49 2519.16 1261.61 1813.53 -964.217 1801.61 -1393.49 2885.69 1631.04
2.69 -1737.47 866.512 -1780.29 1250.24 2480.75 1133.53 1737.47 -866.512 1780.29 -1250.24 2860.11 1466
2.7 -1593.82 735.694 -1690.02 1062.4 2347.06 962.528 1593.82 -735.694 1690.02 -1062.4 2723 1244.55
2.71 -1385.24 577.606 -1529.06 837.836 2116.15 756.161 1385.24 -577.606 1529.06 -837.836 2471.04 976.658
2.72 -1118.48 399.939 -1299.97 586.845 1791.98 524.393 1118.48 -399.939 1299.97 -586.845 2107.92 675.425
2.73 -804.005 211.641 -1009.59 321.318 1384.4 278.81 804.005 -211.641 1009.59 -321.318 1644.38 356.113
2.74 -455.307 22.2178 -668.803 53.8692 908.684 31.7186 455.307 -22.2178 668.803 -53.8692 1097.72 34.9347
2.75 -88.041 -159.004 -291.888 -203.121 384.727 -204.807 88.041 159.004 291.888 203.121 490.936 -272.204
2.76 281.016 -323.587 104.286 -438.409 -164.166 -419.84 -281.016 323.587 -104.286 438.409 -148.693 -550.922
2.77 635.055 -464.607 501.298 -642.692 -712.678 -604.406 -635.055 464.607 -501.298 642.692 -791.216 -789.414
2.78 958.313 -577.118 880.318 -809.22 -1235.06 -752.085 -958.313 577.118 -880.318 809.22 -1405.89 -979.267
2.79 1237.06 -658.45 1223.3 -934.198 -1706.77 -859.398 -1237.06 658.45 -1223.3 934.198 -1963.15 -1115.95
2.8 1460.44 -708.299 1514.16 -1016.91 -2106 -925.916 -1460.44 708.299 -1514.16 1016.91 -2436.47 -1198.98
2.81 1621.07 -728.616 1739.77 -1059.61 -2415.15 -954.124 -1621.07 728.616 -1739.77 1059.61 -2804.15 -1231.73
2.82 1715.42 -723.317 1890.86 -1067.13 -2621.89 -949.042 -1715.42 723.317 -1890.86 1067.13 -3050.7 -1220.91
2.83 1743.96 -697.835 1962.64 -1046.3 -2720.01 -917.653 -1743.96 697.835 -1962.64 1046.3 -3167.92 -1175.85
2.84 1710.94 -658.565 1955.05 -1005.26 -2709.78 -868.186 -1710.94 658.565 -1955.05 1005.26 -3155.38 -1107.51
2.85 1623.99 -612.24 1872.79 -952.589 -2597.9 -809.308 -1623.99 612.24 -1872.79 952.589 -3020.48 -1027.41
2.86 1493.45 -565.296 1724.94 -896.517 -2396.95 -749.31 -1493.45 565.296 -1724.94 896.517 -2777.88 -946.578
2.87 1331.55 -523.281 1524.3 -844.155 -2124.51 -695.345 -1331.55 523.281 -1524.3 844.155 -2448.41 -874.499
2.88 1151.44 -490.366 1286.46 -800.872 -1801.82 -652.793 -1151.44 490.366 -1286.46 800.872 -2057.57 -818.304
2.89 966.206 -468.986 1028.64 -769.845 -1452.26 -624.803 -966.206 468.986 -1028.64 769.845 -1633.67 -782.154
2.9 787.913 -459.668 768.469 -751.838 -1099.63 -612.065 -787.913 459.668 -768.469 751.838 -1205.77 -766.939
2.91 626.771 -461.039 522.689 -745.21 -766.462 -612.822 -626.771 461.039 -522.689 745.21 -801.605 -770.296
2.92 490.47 -470.019 305.978 -746.162 -472.387 -623.119 -490.47 470.019 -305.978 746.162 -445.547 -786.937
2.93 383.724 -482.175 129.905 -749.184 -232.791 -637.264 -383.724 482.175 -129.905 749.184 -156.923 -809.262
2.94 308.062 -492.207 2.13297 -747.661 -57.7494 -648.445 -308.062 492.207 -2.13297 747.661 51.3505 -828.176
2.95 261.866 -494.498 -74.0819 -734.583 48.6177 -649.449 -261.866 494.498 74.0819 734.583 173.628 -834.044
2.96 240.645 -483.698 -100.059 -703.301 88.3357 -633.41 -240.645 483.698 100.059 703.301 211.841 -817.684
2.97 237.531 -455.28 -81.5088 -648.235 69.2978 -594.523 -237.531 455.28 81.5088 648.235 175.229 -771.316
2.98 243.937 -406.01 -28.009 -565.498 4.53139 -528.656 -243.937 406.01 28.009 565.498 79.4956 -689.373
2.99 250.361 -334.315 47.8249 -453.365 -88.9399 -433.817 -250.361 334.315 -47.8249 453.365 -54.5347 -569.128
3 247.235 -240.495 131.413 -312.542 -191.554 -310.43 -247.235 240.495 -131.413 312.542 -202.683 -411.055
3.01 225.79 -126.774 207.446 -146.226 -282.88 -161.401 -225.79 126.774 -207.446 146.226 -339.457 -218.921
3.02 178.841 2.82085 261.19 40.0636 -343.362 8.04055 -178.841 -2.82085 -261.19 -40.0636 -440.208 0.42198
3.03 101.444 142.735 279.749 238.856 -356.008 190.695 -101.444 -142.735 -279.749 -238.856 -483.238 237.51
3.04 -8.62656 286.308 253.192 441.276 -307.884 377.939 8.62656 -286.308 -253.192 -441.276 -451.692 480.985
3.05 -150.63 426.286 175.452 637.712 -191.293 560.384 150.63 -426.286 -175.452 -637.712 -335.064 718.474
3.06 -320.836 555.395 44.9225 818.551 -4.54346 728.621 320.836 -555.395 -44.9225 -818.551 -130.224 937.565
3.07 -512.742 666.913 -135.295 974.918 247.745 873.953 512.742 -666.913 135.295 -974.918 158.141 1126.79
3.08 -717.5 755.193 -357.511 1099.35 554.838 989.077 717.5 -755.193 357.511 -1099.35 517.695 1276.5
3.09 -924.525 816.09 -609.93 1186.34 900.565 1068.63 924.525 -816.09 609.93 -1186.34 929.226 1379.64
3.1 -1122.24 847.261 -877.47 1232.76 1264.43 1109.58 1122.24 -847.261 877.47 -1232.76 1367.97 1432.2
3.11 -1298.87 848.31 -1142.84 1238 1623.1 1111.4 1298.87 -848.31 1142.84 -1238 1805.42 1433.53
3.12 -1443.33 820.766 -1387.83 1204.01 1952.09 1076.07 1443.33 -820.766 1387.83 -1204.01 2211.38 1386.23
3.13 -1545.97 767.915 -1594.65 1135.03 2227.65 1007.82 1545.97 -767.915 1594.65 -1135.03 2556.32 1295.92
3.14 -1599.3 694.484 -1747.36 1037.23 2428.53 912.761 1599.3 -694.484 1747.36 -1037.23 2813.55 1170.69
3.15 -1598.53 606.222 -1833.03 918.115 2537.68 798.305 1598.53 -606.222 1833.03 -918.115 2961.42 1020.36
3.16 -1541.96 509.406 -1842.85 785.9 2543.62 672.566 1541.96 -509.406 1842.85 -785.9 2984.94 855.653
3.17 -1431.06 410.316 -1772.81 648.842 2441.33 543.659 1431.06 -410.316 1772.81 -648.842 2877.12 687.288
3.18 -1270.46 314.725 -1624.12 514.559 2232.81 419.052 1270.46 -314.725 1624.12 -514.559 2639.55 525.122
3.19 -1067.59 227.455 -1403.16 389.463 1927 304.988 1067.59 -227.455 1403.16 -389.463 2282.48 377.377
3.2 -832.18 152.022 -1121.12 278.3 1539.23 206.029 832.18 -152.022 1121.12 -278.3 1824.12 250.038
3.21 -575.644 90.4125 -793.198 183.866 1090.16 124.763 575.644 -90.4125 793.198 -183.866 1289.44 146.474
3.22 -310.289 43.0063 -437.582 106.902 604.38 61.7124 310.289 -43.0063 437.582 -106.902 708.367 67.3067
3.23 -48.5195 8.64766 -74.1328 46.1781 108.656 15.4161 48.5195 -8.64766 74.1328 -46.1781 113.743 10.5269
3.24 197.956 -15.1446 277.008 -1.23741 -369.945 -17.2941 -197.956 15.1446 -277.008 1.23741 -461.08 -28.1396
3.25 418.86 -31.8503 596.848 -39.5683 -805.962 -40.8745 -418.86 31.8503 -596.848 39.5683 -984.582 -54.6764
3.26 605.961 -45.5386 868.878 -73.8064 -1177.32 -60.5414 -605.961 45.5386 -868.878 73.8064 -1429.32 -76.0744
3.27 753.533 -60.4147 1080.22 -109.131 -1466.83 -81.687 -753.533 60.4147 -1080.22 109.131 -1773.82 -99.557
3.28 858.63 -80.3645 1222.49 -150.32 -1663.39 -109.293 -858.63 80.3645 -1222.49 150.32 -2004.09 -131.8
3.29 921.158 -108.539 1292.34 -201.218 -1762.57 -147.395 -921.158 108.539 -1292.34 201.218 -2114.44 -178.221
3.3 943.735 -147.011 1291.55 -264.289 -1766.89 -198.641 -943.735 147.011 -1291.55 264.289 -2107.77 -242.393
3.31 931.37 -196.543 1226.85 -340.318 -1685.38 -263.988 -931.37 196.543 -1226.85 340.318 -1995.16 -325.642
3.32 890.963 -256.471 1109.2 -428.27 -1532.76 -342.561 -890.963 256.471 -1109.2 428.27 -1794.84 -426.851
3.33 830.694 -324.727 952.923 -525.323 -1328.16 -431.676 -830.694 324.727 -952.923 525.323 -1530.61 -542.506
3.34 759.329 -397.998 774.463 -627.07 -1093.54 -527.043 -759.329 397.998 -774.463 627.07 -1229.85 -666.95
3.35 685.508 -471.99 591.065 -727.879 -851.864 -623.115 -685.508 471.99 -591.065 727.879 -921.33 -792.854
3.36 617.067 -541.8 419.388 -821.359 -625.294 -713.56 -617.067 541.8 -419.388 821.359 -632.869 -911.839
3.37 560.446 -602.336 274.187 -900.91 -433.415 -791.807 -560.446 602.336 -274.187 900.91 -389.146 -1015.2
3.38 520.218 -648.766 167.167 -960.299 -291.725 -851.623 -520.218 648.766 -167.167 960.299 -209.778 -1094.68
3.39 498.783 -676.942 106.091 -994.201 -210.451 -887.662 -498.783 676.942 -106.091 994.201 -107.822 -1143.16
3.4 496.234 -683.768 94.2107 -998.68 -193.814 -895.939 -496.234 683.768 -94.2107 998.68 -88.8175 -1155.36
3.41 510.411 -667.481 130.07 -971.544 -239.771 -874.191 -510.411 667.481 -130.07 971.544 -150.44 -1128.25
3.42 537.131 -627.814 207.686 -912.563 -340.267 -822.088 -537.131 627.814 -207.686 912.563 -282.792 -1061.35
3.43 570.579 -566.039 317.091 -823.517 -481.975 -741.289 -570.579 566.039 -317.091 823.517 -469.299 -956.827
3.44 603.823 -484.875 445.202 -708.084 -647.456 -635.321 -603.823 484.875 -445.202 708.084 -688.15 -819.305
3.45 629.422 -388.285 576.931 -571.568 -816.647 -509.315 -629.422 388.285 -576.931 571.568 -914.145 -655.539
3.46 640.069 -281.164 696.462 -420.497 -968.561 -369.611 -640.069 281.164 -696.462 420.497 -1120.82 -473.88
3.47 629.226 -168.966 788.581 -262.13 -1083.06 -223.269 -629.226 168.966 -788.581 262.13 -1282.69 -283.63
3.48 591.698 -57.2811 839.956 -103.91 -1142.54 -77.524 -591.698 57.2811 -839.956 103.91 -1377.33 -94.3192
3.49 524.101 48.5879 840.267 47.0878 -1133.46 60.7557 -524.101 -48.5879 -840.267 -47.0878 -1387.34 85.0082
3.5 425.198 144.015 783.091 184.664 -1047.49 185.575 -425.198 -144.015 -783.091 -184.664 -1301.78 246.469
3.51 296.063 225.376 666.484 303.917 -882.266 292.235 -296.063 -225.376 -666.484 -303.917 -1117.19 383.894
3.52 140.077 290.285 493.198 401.544 -641.686 377.627 -140.077 -290.285 -493.198 -401.544 -837.907 493.228
3.53 -37.2529 337.712 270.536 476.004 -335.706 440.401 37.2529 -337.712 -270.536 -476.004 -475.902 572.737
3.54 -228.628 367.99 9.85066 527.524 20.3443 480.959 228.628 -367.99 -9.85066 -527.524 -49.8962 623.012
3.55 -425.429 382.697 -274.282 557.953 406.866 501.315 425.429 -382.697 274.282 -557.953 415.98 646.775
3.56 -618.287 384.439 -565.132 570.49 801.42 504.811 618.287 -384.439 565.132 -570.49 893.976 648.505
3.57 -797.702 376.552 -845.055 569.296 1180.38 495.732 797.702 -376.552 845.055 -569.296 1354.78 633.925
3.58 -954.688 362.75 -1096.8 559.042 1520.7 478.852 954.688 -362.75 1096.8 -559.042 1769.72 609.399
3.59 -1081.37 346.75 -1304.8 544.431 1801.55 458.952 1081.37 -346.75 1304.8 -544.431 2112.85 581.297
3.6 -1171.5 331.912 -1456.29 529.734 2005.94 440.359 1171.5 -331.912 1456.29 -529.734 2362.94 555.378
3.61 -1220.9 320.93 -1542.27 518.378 2121.85 426.539 1220.9 -320.93 1542.27 -518.378 2504.96 536.251
3.62 -1227.66 315.582 -1558.1 512.638 2143.16 419.783 1227.66 -315.582 1558.1 -512.638 2531.15 526.963
3.63 -1192.3 316.584 -1503.86 513.439 2069.98 421.016 1192.3 -316.584 1503.86 -513.439 2441.59 528.736
3.64 -1117.69 323.541 -1384.22 520.296 1908.63 429.73 1117.69 -323.541 1384.22 -520.296 2244.03 540.892
3.65 -1008.77 335.008 -1208.11 531.394 1671.04 444.07 1008.77 -335.008 1208.11 -531.394 1953.28 560.953
3.66 -872.265 348.649 -987.945 543.795 1373.85 461.032 872.265 -348.649 987.945 -543.795 1589.99 584.916
3.67 -716.126 361.487 -738.706 553.752 1037.09 476.787 716.126 -361.487 738.706 -553.752 1179.03 607.673
3.68 -549.023 370.201 -476.759 557.101 682.661 487.068 549.023 -370.201 476.759 -557.101 747.616 623.534
3.69 -379.731 371.473 -218.643 549.699 332.697 487.612 379.731 -371.473 218.643 -549.699 323.233 626.807
3.7 -216.55 362.325 20.1493 527.854 7.942 474.596 216.55 -362.325 -20.1493 -527.854 -68.3899 612.378
3.71 -66.7741 340.425 226.286 488.726 -273.729 445.034 66.7741 -340.425 -226.286 -488.726 -405.131 576.242
3.72 63.7607 304.346 389.521 430.648 -498.544 397.106 -63.7607 -304.346 -389.521 -430.648 -670.02 515.932
3.73 171.003 253.73 503.358 353.345 -657.725 330.374 -171.003 -253.73 -503.358 -353.345 -852.349 430.816
3.74 252.877 189.37 565.417 258.032 -747.972 245.884 -252.877 -189.37 -565.417 -258.032 -948.279 322.225
3.75 309.32 113.182 577.467 147.379 -771.513 146.132 -309.32 -113.182 -577.467 -147.379 -960.887 193.415
3.76 342.174 28.0874 545.137 25.3526 -735.721 34.9077 -342.174 -28.0874 -545.137 -25.3526 -899.69 49.3544
3.77 354.928 -62.2015 477.333 -103.061 -652.339 -82.9767 -354.928 62.2015 -477.333 103.061 -779.659 -103.628
3.78 352.359 -153.456 385.404 -232.216 -536.376 -202.045 -352.359 153.456 -385.404 232.216 -619.835 -258.322
3.79 340.07 -241.252 282.142 -356.227 -404.78 -316.572 -340.07 241.252 -282.142 356.227 -441.647 -407.184
3.8 323.99 -321.311 180.688 -469.409 -274.974 -421.019 -323.99 321.311 -180.688 469.409 -267.09 -542.915
3.81 309.855 -389.822 93.4279 -566.696 -163.4 -510.453 -309.855 389.822 -93.4279 566.696 -116.883 -659.015
3.82 302.723 -443.727 30.9822 -644.014 -84.1669 -580.913 -302.723 443.727 -30.9822 644.014 -8.77966 -750.268
3.83 306.55 -480.939 1.35017 -698.561 -47.9097 -629.696 -306.55 480.939 -1.35017 698.561 43.8592 -813.12
3.84 323.865 -500.478 9.28344 -728.986 -60.956 -655.527 -323.865 500.478 -9.28344 728.986 33.1057 -845.905
3.85 355.558 -502.517 55.931 -735.446 -124.849 -658.622 -355.558 502.517 -55.931 735.446 -42.9437 -848.928
3.86 400.811 -488.326 138.78 -719.537 -236.267 -640.614 -400.811 488.326 -138.78 719.537 -180.074 -824.364
3.87 457.159 -460.133 251.894 -684.115 -387.329 -604.372 -457.159 460.133 -251.894 684.115 -368.352 -776.027
3.88 520.681 -420.905 386.418 -633.014 -566.276 -553.725 -520.681 420.905 -386.418 633.014 -592.977 -708.991
3.89 586.319 -374.078 531.322 -570.698 -758.445 -493.107 -586.319 374.078 -531.322 570.698 -835.522 -629.128
3.9 648.27 -323.256 674.303 -501.868 -947.471 -427.173 -648.27 323.256 -674.303 501.868 -1075.44 -542.597
3.91 700.456 -271.906 802.783 -431.072 -1116.62 -360.4 -700.456 271.906 -802.783 431.072 -1291.73 -455.318
3.92 737.006 -223.075 904.918 -362.333 -1250.12 -296.732 -737.006 223.075 -904.918 362.333 -1464.63 -372.494
3.93 752.731 -179.16 970.546 -298.853 -1334.45 -239.271 -752.731 179.16 -970.546 298.853 -1577.19 -298.21
3.94 743.547 -141.738 991.991 -242.785 -1359.36 -190.066 -743.547 141.738 -991.991 242.785 -1616.61 -235.149
3.95 706.819 -111.477 964.665 -195.126 -1318.76 -149.995 -706.819 111.477 -964.665 195.126 -1575.23 -184.435
3.96 641.602 -88.1335 887.429 -155.707 -1211.12 -118.762 -641.602 88.1335 -887.429 155.707 -1451.17 -145.638
3.97 548.752 -70.638 762.688 -123.299 -1039.66 -95.0059 -548.752 70.638 -762.688 123.299 -1248.4 -116.908
3.98 430.917 -57.2472 596.204 -95.8103 -812.089 -76.4978 -430.917 57.2472 -596.204 95.8103 -976.522 -95.2438
3.99 292.388 -45.7625 396.669 -70.5674 -540.025 -60.4218 -292.388 45.7625 -396.669 70.5674 -649.982 -76.8657
4 138.841 -33.7837 175.055 -44.6367 -238.16 -43.7023 -138.841 33.7837 -175.055 44.6367 -287.005 -57.6488
