0.01 -6.01575 -71.678 -1.71081 -0.00520699 4.24957 -166.885 6.01575 71.678 1.71081 0.00520699 4.30449 -191.505
0.02 -17.6766 -387.679 -14.717 -0.0457483 36.7133 -938.971 17.6766 387.679 14.717 0.0457483 36.8719 -999.424
0.03 -21.5006 -1050.99 -62.2031 -0.197562 155.411 -2589.05 21.5006 1050.99 62.2031 0.197562 155.604 -2665.88
0.04 -28.2369 -1970.25 -175.997 -0.57148 439.863 -4871.98 28.2369 1970.25 175.997 0.57148 440.12 -4979.25
0.05 -38.6833 -2913.87 -384.59 -1.27671 961.301 -7219.54 38.6833 2913.87 384.59 1.27671 961.647 -7349.79
0.06 -38.0282 -3622.02 -709.851 -2.4026 1774.46 -8983.24 38.0282 3622.02 709.851 2.4026 1774.8 -9126.84
0.07 -47.4059 -3913.43 -1173.1 -4.01825 2932.53 -9698.09 47.4059 3913.43 1173.1 4.01825 2932.96 -9869.07
0.08 -52.1128 -3752.79 -1790.78 -6.13624 4476.73 -9293.13 52.1128 3752.79 1790.78 6.13624 4477.19 -9470.81
0.09 -49.0164 -3268.91 -2549.76 -8.6305 6374.17 -8076.36 49.0164 3268.91 2549.76 8.6305 6374.61 -8268.18
0.1 -60.7186 -2714.35 -3385.3 -11.196 8462.97 -6683.48 60.7186 2714.35 3385.3 11.196 8463.51 -6888.25
0.11 -54.9264 -2361.89 -4196.78 -13.4442 10491.7 -5804.23 54.9264 2361.89 4196.78 13.4442 10492.2 -6005.23
0.12 -56.1084 -2370.33 -4900.59 -15.0984 12251.2 -5819.65 56.1084 2370.33 4900.59 15.0984 12251.7 -6032
0.13 -63.1571 -2694.64 -5473.11 -16.1164 13682.5 -6633.65 63.1571 2694.64 5473.11 16.1164 13683 -6839.57
0.14 -49.4205 -3108.23 -5937.46 -16.6122 14843.4 -7670.68 49.4205 3108.23 5937.46 16.6122 14843.9 -7870.48
0.15 -58.61 -3332.58 -6304.45 -16.6557 15760.9 -8231.62 58.61 3332.58 6304.45 16.6557 15761.4 -8431.28
0.16 -51.8422 -3190.9 -6530.02 -16.1667 16324.8 -7887.64 51.8422 3190.9 6530.02 16.1667 16325.3 -8066.84
0.17 -41.4286 -2689.81 -6536.07 -15.0135 16340 -6637.92 41.4286 2689.81 6536.07 15.0135 16340.4 -6811.11
0.18 -51.8323 -1995.66 -6271.26 -13.1895 15677.9 -4911.19 51.8323 1995.66 6271.26 13.1895 15678.4 -5067.13
0.19 -30.8362 -1344.32 -5744.28 -10.8509 14360.6 -3294.55 30.8362 1344.32 5744.28 10.8509 14360.8 -3427.03
0.2 -34.0082 -942.482 -4995.37 -8.17284 12488.3 -2295.28 34.0082 942.482 4995.37 8.17284 12488.6 -2417.12
0.21 -31.776 -890.747 -4045.83 -5.21558 10114.4 -2181.24 31.776 890.747 4045.83 5.21558 10114.7 -2272.49
0.22 -9.88555 -1136.39 -2891.46 -1.99189 7228.59 -2804.69 9.88555 1136.39 2891.46 1.99189 7228.7 -2877.24
0.23 -23.5557 -1474.13 -1552.16 1.32993 3880.29 -3659.58 23.5557 1474.13 1552.16 -1.32993 3880.5 -3711.07
0.24 -1.94459 -1620.98 -117.795 4.34816 294.482 -4042.87 1.94459 1620.98 117.795 -4.34816 294.491 -4062.02
0.25 3.42622 -1354.56 1271.8 6.62422 -3179.49 -3384.09 -3.42622 1354.56 -1271.8 -6.62422 -3179.5 -3388.72
0.26 -3.85488 -642.149 2502.82 7.98748 -6257.06 -1618.33 3.85488 642.149 -2502.82 -7.98748 -6257.04 -1592.42
0.27 25.8958 331.177 3544.07 8.62988 -8860.07 803.487 -25.8958 -331.177 -3544.07 -8.62988 -8860.3 852.399
0.28 10.6796 1264.03 4425.98 8.8831 -11064.9 3127.58 -10.6796 -1264.03 -4425.98 -8.8831 -11065 3192.56
0.29 24.9442 1902.68 5166.17 8.91432 -12915.3 4708.96 -24.9442 -1902.68 -5166.17 -8.91432 -12915.6 4804.44
0.3 39.9598 2159.42 5720.81 8.65577 -14301.9 5345.42 -39.9598 -2159.42 -5720.81 -8.65577 -14302.2 5451.66
0.31 20.6349 2125.48 6009.17 8.01101 -15022.8 5250.4 -20.6349 -2125.48 -6009.17 -8.01101 -15023 5377.02
0.32 52.0695 2000.55 5980.23 7.07268 -14950.3 4928.73 -52.0695 -2000.55 -5980.23 -7.07268 -14950.8 5074.03
0.33 38.7702 1997.75 5651.33 6.09573 -14128.2 4919.77 -38.7702 -1997.75 -5651.33 -6.09573 -14128.5 5068.99
0.34 38.7899 2261.23 5087.42 5.27784 -12718.4 5568.69 -38.7899 -2261.23 -5087.42 -5.27784 -12718.7 5737.44
0.35 62.9154 2804.26 4354.92 4.62988 -10887 6925.49 -62.9154 -2804.26 -4354.92 -4.62988 -10887.6 7095.82
0.36 32.7811 3481.97 3503.34 4.0961 -8758.19 8617.89 -32.7811 -3481.97 -3503.34 -4.0961 -8758.49 8791.94
0.37 58.6806 4031.31 2585.67 3.76795 -6463.89 9986.92 -58.6806 -4031.31 -2585.67 -3.76795 -6464.44 10169.6
0.38 51.9929 4190.16 1682.1 3.90827 -4205.03 10389.5 -51.9929 -4190.16 -1682.1 -3.90827 -4205.46 10561.3
0.39 34.0517 3842.8 891.079 4.71969 -2227.53 9519.11 -34.0517 -3842.8 -891.079 -4.71969 -2227.87 9694.89
0.4 65.0647 3096.19 291.822 6.09836 -729.271 7656.91 -65.0647 -3096.19 -291.822 -6.09836 -729.838 7824.04
0.41 29.368 2226.73 -86.3529 7.64781 216.01 5490.1 -29.368 -2226.73 86.3529 -7.64781 215.754 5643.54
0.42 43.1368 1530.97 -261.378 8.94628 653.658 3751.89 -43.1368 -1530.97 261.378 -8.94628 653.234 3902.98
0.43 47.8475 1180.23 -268.95 9.79593 672.567 2886.42 -47.8475 -1180.23 268.95 -9.79593 672.182 3014.76
0.44 12.6825 1161.3 -132.517 10.2261 331.366 2844.43 -12.6825 -1161.3 132.517 -10.2261 331.218 2962.06
0.45 46.7582 1312.01 146.563 10.3021 -366.198 3228.84 -46.7582 -1312.01 -146.563 -10.3021 -366.616 3331.21
0.46 13.7772 1407.04 574.849 9.98127 -1437.08 3479.47 -13.7772 -1407.04 -574.849 -9.98127 -1437.17 3555.72
0.47 10.8683 1250.9 1138.36 9.15833 -2845.82 3094.04 -10.8683 -1250.9 -1138.36 -9.15833 -2845.97 3160.44
0.48 30.327 758.773 1777.34 7.80012 -4443.25 1877.4 -30.327 -758.773 -1777.34 -7.80012 -4443.47 1916.47
0.49 -16.7775 6.93047 2384.25 5.98603 -5960.68 7.60595 16.7775 -6.93047 -2384.25 -5.98603 -5960.55 27.0464
0.5 15.2018 -780.862 2834.69 3.81551 -7086.63 -1954.26 -15.2018 780.862 -2834.69 -3.81551 -7086.79 -1950.05
0.51 -5.7533 -1330.89 3035.78 1.31762 -7589.5 -3314.41 5.7533 1330.89 -3035.78 -1.31762 -7589.39 -3340.02
0.52 -26.9107 -1464.46 2954.77 -1.50951 -7387.01 -3642.75 26.9107 1464.46 -2954.77 1.50951 -7386.83 -3679.57
0.53 7.72133 -1202.87 2603.72 -4.56851 -6509.27 -2977.36 -7.72133 1202.87 -2603.72 4.56851 -6509.3 -3036.98
0.54 -42.5581 -759.552 1998.54 -7.595 -4996.54 -1858.7 42.5581 759.552 -1998.54 7.595 -4996.15 -1939.07
0.55 -18.6301 -424.809 1139.67 -10.2348 -2849.23 -1017.74 18.6301 424.809 -1139.67 10.2348 -2849.11 -1106.31
0.56 -19.7084 -420.239 39.1372 -12.1949 -97.9694 -994.188 19.7084 420.239 -39.1372 12.1949 -97.7168 -1107.01
0.57 -57.3749 -806.055 -1237.67 -13.342 3093.94 -1955.43 57.3749 806.055 1237.67 13.342 3094.4 -2074.85
0.58 -11.0085 -1472.12 -2572.78 -13.6991 6431.88 -3615.24 11.0085 1472.12 2572.78 13.6991 6432 -3745.38
0.59 -54.1362 -2193.59 -3852.01 -13.3879 9629.76 -5411.46 54.1362 2193.59 3852.01 13.3879 9630.29 -5556.49
0.6 -44.1349 -2720.95 -5021.28 -12.5713 12553 -6731.5 44.1349 2720.95 5021.28 12.5713 12553.4 -6873.26
0.61 -21.2441 -2882.07 -6076.19 -11.4053 15190.3 -7128.3 21.2441 2882.07 6076.19 11.4053 15190.6 -7282.03
0.62 -70.5938 -2665.77 -6987.99 -9.99078 17469.7 -6588.22 70.5938 2665.77 6987.99 9.99078 17470.3 -6740.63
0.63 -19.7853 -2240.24 -7647.05 -8.3607 19117.5 -5526.82 19.7853 2240.24 7647.05 8.3607 19117.7 -5674.39
0.64 -46.1385 -1874.73 -7897.8 -6.53248 19744.3 -4610.37 46.1385 1874.73 7897.8 6.53248 19744.8 -4763.28
0.65 -54.6865 -1793.39 -7643.55 -4.59232 19108.7 -4414.43 54.6865 1793.39 7643.55 4.59232 19109.1 -4552.52
0.66 -8.95758 -2048.29 -6918.81 -2.72382 17297 -5052.88 8.95758 2048.29 6918.81 2.72382 17297.1 -5188.54
0.67 -62.7556 -2493.07 -5855.06 -1.14009 14637.4 -6169.18 62.7556 2493.07 5855.06 1.14009 14637.9 -6296.19
0.68 -17.5268 -2867.56 -4576.61 0.0119904 11441.5 -7114.72 17.5268 2867.56 4576.61 -0.0119904 11441.6 -7223.08
0.69 -20.2676 -2930.09 -3136.48 0.672491 7841.06 -7272.91 20.2676 2930.09 3136.48 -0.672491 7841.34 -7377.55
0.7 -49.4458 -2561.2 -1554.35 0.812943 3885.71 -6361.7 49.4458 2561.2 1554.35 -0.812943 3886.05 -6444.28
0.71 12.5531 -1803.28 97.9142 0.412238 -244.753 -4473.95 -12.5531 1803.28 -97.9142 -0.412238 -244.818 -4542.44
0.72 -37.0611 -842.332 1670.34 -0.467186 -4176.03 -2077.53 37.0611 842.332 -1670.34 0.467186 -4175.66 -2134.13
0.73 -8.08979 56.1766 3004.8 -1.58578 -7511.98 155.589 8.08979 -56.1766 -3004.8 1.58578 -7512.02 125.294
0.74 15.3755 649.965 4025.55 -2.57082 -10063.9 1635.64 -15.3755 -649.965 -4025.55 2.57082 -10063.9 1614.19
0.75 -32.8864 833.851 4749.07 -3.12148 -11872.8 2084.31 32.8864 -833.851 -4749.07 3.12148 -11872.6 2084.94
0.76 34.4954 703.64 5202.95 -3.19265 -13007.2 1748.95 -34.4954 -703.64 -5202.95 3.19265 -13007.5 1769.25
0.77 -2.14605 512.848 5347.6 -2.95626 -13369 1267.3 2.14605 -512.848 -5347.6 2.95626 -13368.9 1296.94
0.78 1.79109 530.691 5093.4 -2.56377 -12733.4 1299.07 -1.79109 -530.691 -5093.4 2.56377 -12733.6 1354.38
0.79 49.2215 887.946 4400.4 -1.95674 -11000.8 2187.9 -49.2215 -887.946 -4400.4 1.95674 -11001.2 2251.83
0.8 -12.4382 1511.17 3356.6 -0.928492 -8391.52 3738.64 12.4382 -1511.17 -3356.6 0.928492 -8391.46 3817.2
0.81 47.3067 2177.63 2152.55 0.637499 -5381.13 5395.66 -47.3067 -2177.63 -2152.55 -0.637499 -5381.61 5492.48
0.82 31.2158 2637.98 976.951 2.62532 -2442.3 6545.65 -31.2158 -2637.98 -976.951 -2.62532 -2442.45 6644.23
0.83 5.63841 2726.63 -65.3123 4.79214 163.382 6758.54 -5.63841 -2726.63 65.3123 -4.79214 163.179 6874.61
0.84 70.2796 2418.48 -944.304 6.97398 2361.03 5986.17 -70.2796 -2418.48 944.304 -6.97398 2360.49 6106.21
0.85 4.68028 1835.44 -1635.12 9.12987 4087.81 4527.51 -4.68028 -1835.44 1635.12 -9.12987 4087.79 4649.71
0.86 44.3676 1211.74 -2071.58 11.1718 5179.2 2962.51 -44.3676 -1211.74 2071.58 -11.1718 5178.68 3096.2
0.87 53.8274 811.749 -2170.59 12.8101 5426.64 1966.51 -53.8274 -811.749 2170.59 -12.8101 5426.33 2092.24
0.88 0.132284 809.75 -1894.34 13.6518 4735.92 1959.04 -0.132284 -809.75 1894.34 -13.6518 4735.78 2089.71
0.89 71.8213 1187.7 -1281.38 13.4942 3203.75 2905.11 -71.8213 -1187.7 1281.38 -13.4942 3203.14 3033.41
0.9 14.1531 1728.25 -417.799 12.501 1044.52 4262.09 -14.1531 -1728.25 417.799 -12.501 1044.48 4379.17
0.91 24.6067 2128.75 616.723 11.0543 -1541.61 5262.02 -24.6067 -2128.75 -616.723 -11.0543 -1542.01 5381.75
0.92 60.8588 2170.28 1772.45 9.42587 -4430.95 5373.83 -60.8588 -2170.28 -1772.45 -9.42587 -4431.32 5477.57
0.93 -13.3813 1829.79 3002.49 7.60831 -7506.24 4526.41 13.3813 -1829.79 -3002.49 -7.60831 -7506.22 4622.52
0.94 53.4395 1270.27 4216.12 5.46502 -10540.1 3131.22 -53.4395 -1270.27 -4216.12 -5.46502 -10540.6 3220.15
0.95 15.7865 736.366 5263 3.00424 -13157.5 1806.99 -15.7865 -736.366 -5263 -3.00424 -13157.5 1874.84
0.96 -6.94412 434.239 5971.41 0.465473 -14928.4 1054.01 6.94412 -434.239 -5971.41 -0.465473 -14928.6 1117.18
0.97 52.828 453.229 6217.49 -1.85283 -15543.6 1111.03 -52.828 -453.229 -6217.49 1.85283 -15543.9 1155.11
0.98 -29.3454 737.821 5975.21 -3.79656 -14938.1 1830.67 29.3454 -737.821 -5975.21 3.79656 -14937.9 1858.44
0.99 20.8695 1101.81 5308.47 -5.35417 -13271 2744.63 -20.8695 -1101.81 -5308.47 5.35417 -13271.3 2764.42
1 12.9115 1290.35 4311.36 -6.48281 -10778.5 3228.16 -12.9115 -1290.35 -4311.36 6.48281 -10778.4 3223.56
1.01 -40.8069 1091.15 3047.21 -7.01097 -7618.1 2734.19 40.8069 -1091.15 -3047.21 7.01097 -7617.94 2721.54
1.02 34.6211 453.399 1539.94 -6.76847 -3849.74 1147.7 -34.6211 -453.399 -1539.94 6.76847 -3849.95 1119.3
1.03 -40.199 -463.311 -176.211 -5.80867 440.316 -1134.62 40.199 463.311 176.211 5.80867 440.739 -1181.93
1.04 -16.2141 -1360.02 -2000.49 -4.46257 5001.26 -3374.3 16.2141 1360.02 2000.49 4.46257 5001.21 -3425.8
1.05 10.3633 -1955 -3766.61 -3.14589 9416.46 -4851.59 -10.3633 1955 3766.61 3.14589 9416.6 -4923.43
1.06 -66.2814 -2125.54 -5308.71 -2.10634 13271.6 -5274.48 66.2814 2125.54 5308.71 2.10634 13272 -5353.24
1.07 13.1316 -1949.78 -6529.18 -1.35105 16323 -4831.64 -13.1316 1949.78 6529.18 1.35105 16322.9 -4917.24
1.08 -39.4506 -1641.72 -7398.55 -0.788113 18496.1 -4053.74 39.4506 1641.72 7398.55 0.788113 18496.6 -4154.88
1.09 -47.5207 -1437.62 -7890.46 -0.399456 19726.1 -3544.88 47.5207 1437.62 7890.46 0.399456 19726.2 -3643.21
1.1 11.9697 -1495.24 -7931.07 -0.272804 19827.6 -3683.61 -11.9697 1495.24 7931.07 0.272804 19827.7 -3792.58
1.11 -75.0527 -1833.74 -7434.79 -0.50747 18586.7 -4528.51 75.0527 1833.74 7434.79 0.50747 18587.3 -4640.16
1.12 -5.45107 -2320.51 -6402.56 -1.13251 16006.4 -5747.84 5.45107 2320.51 6402.56 1.13251 16006.4 -5854.72
1.13 -24.4174 -2715.69 -4977.7 -2.11724 12444 -6731.64 24.4174 2715.69 4977.7 2.11724 12444.5 -6846.8
1.14 -65.3649 -2777.4 -3385.85 -3.41868 8464.47 -6891.02 65.3649 2777.4 3385.85 3.41868 8464.79 -6995.99
1.15 18.6265 -2391.01 -1805.47 -4.97501 4513.67 -5925.68 -18.6265 2391.01 1805.47 4.97501 4513.67 -6029.35
1.16 -63.9146 -1646.3 -294.091 -6.64831 734.934 -4065 63.9146 1646.3 294.091 6.64831 735.521 -4166.53
1.17 -17.6528 -803.019 1157.28 -8.20137 -2893.17 -1964.41 17.6528 803.019 -1157.28 8.20137 -2893.21 -2050.68
1.18 2.41877 -158.318 2504.93 -9.3564 -6262.47 -352.52 -2.41877 158.318 -2504.93 9.3564 -6262.2 -439.068
1.19 -66.706 100.364 3602.5 -9.89178 -9006.42 286.767 66.706 -100.364 -3602.5 9.89178 -9006.07 215.054
1.2 27.7478 -28.6588 4278.04 -9.70354 -10695 -41.6065 -27.7478 28.6588 -4278.04 9.70354 -10695.2 -101.687
1.21 -35.709 -382.647 4456.47 -8.81059 -11141.4 -929.069 35.709 382.647 -4456.47 8.81059 -11140.9 -984.165
1.22 -23.3453 -719.661 4197.14 -7.3343 -10492.8 -1782.2 23.3453 719.661 -4197.14 7.3343 -10492.9 -1816.11
1.23 33.9587 -820.366 3611.87 -5.46597 -9029.67 -2036.75 -33.9587 820.366 -3611.87 5.46597 -9029.67 -2065.08
1.24 -53.4445 -576.508 2761.25 -3.40197 -6903.26 -1434.41 53.4445 576.508 -2761.25 3.40197 -6902.96 -1448.13
1.25 34.2996 -44.2505 1648.31 -1.25802 -4120.61 -112.464 -34.2996 44.2505 -1648.31 1.25802 -4120.96 -108.788
1.26 1.75061 567.092 312.946 0.962734 -782.478 1413.73 -1.75061 -567.092 -312.946 -0.962734 -782.25 1421.73
1.27 -24.9226 988.765 -1088.06 3.28894 2720.2 2457.53 24.9226 -988.765 1088.06 -3.28894 2720.09 2486.29
1.28 60.736 1036.13 -2317.93 5.6415 5794.97 2572.1 -60.736 -1036.13 2317.93 -5.6415 5794.69 2608.53
1.29 -31.0799 718.32 -3188.98 7.77772 7972.35 1773 31.0799 -718.32 3188.98 -7.77772 7972.57 1818.59
1.3 32.9798 238.16 -3656.61 9.39736 9141.75 563.898 -32.9798 -238.16 3656.61 -9.39736 9141.28 626.9
1.31 38.2945 -119.593 -3786.67 10.3142 9466.69 -330.64 -38.2945 119.593 3786.67 -10.3142 9466.68 -267.324
1.32 -25.5299 -135.764 -3638.36 10.519 9095.95 -378.212 25.5299 135.764 3638.36 -10.519 9095.85 -300.607
1.33 74.0599 248.224 -3187.77 10.0872 7969.68 578.712 -74.0599 -248.224 3187.77 -10.0872 7969.18 662.409
1.34 -6.40548 922.422 -2365.88 9.06782 5914.63 2264.18 6.40548 -922.422 2365.88 -9.06782 5914.76 2347.93
1.35 20.6537 1664.3 -1161.76 7.5084 2904.63 4112.59 -20.6537 -1664.3 1161.76 -7.5084 2904.15 4208.89
1.36 64.5806 2222.8 319.789 5.58504 -799.37 5511.53 -64.5806 -2222.8 -319.789 -5.58504 -799.574 5602.45
1.37 -27.1924 2411.82 1900.61 3.64104 -4751.5 5982.05 27.1924 -2411.82 -1900.61 -3.64104 -4751.53 6077.04
1.38 68.9341 2194.75 3419.65 2.02106 -8548.83 5438.19 -68.9341 -2194.75 -3419.65 -2.02106 -8549.4 5535.57
1.39 14.8203 1718.67 4779.95 0.841366 -11949.9 4252.85 -14.8203 -1718.67 -4779.95 -0.841366 -11949.8 4340.49
1.4 -1.93907 1254.55 5919.31 -0.0476267 -14798.1 3089.99 1.93907 -1254.55 -5919.31 0.0476267 -14798.5 3182.77
1.41 74.759 1053.27 6754.61 -0.837579 -16886.4 2591.91 -74.759 -1053.27 -6754.61 0.837579 -16886.7 2674.44
1.42 -29.6708 1199.85 7171.32 -1.50179 -17928.4 2961.63 29.6708 -1199.85 -7171.32 1.50179 -17928.3 3037.61
1.43 45.745 1565.5 7076.19 -1.78257 -17690.2 3876.36 -45.745 -1565.5 -7076.19 1.78257 -17690.7 3951.15
1.44 29.3907 1888.95 6462.26 -1.44456 -16155.7 4693.48 -29.3907 -1888.95 -6462.26 1.44456 -16155.6 4751.28
1.45 -29.9089 1924.56 5423.15 -0.516776 -13557.8 4783.5 29.9089 -1924.56 -5423.15 0.516776 -13557.9 4839.31
1.46 67.7974 1559.61 4101.95 0.731951 -10254.7 3877.11 -67.7974 -1559.61 -4101.95 -0.731951 -10255 3920.94
1.47 -30.5209 848.415 2617.52 2.03008 -6543.93 2106.3 30.5209 -848.415 -2617.52 -2.03008 -6543.67 2135.77
1.48 10.176 -22.805 1029.07 3.26514 -2572.5 -70.372 -10.176 22.805 -1029.07 -3.26514 -2572.87 -43.6531
1.49 36.9315 -804.468 -634.636 4.3946 1586.54 -2014.89 -36.9315 804.468 634.636 -4.3946 1586.64 -2007.45
1.5 -55.526 -1269.16 -2311.84 5.25112 5779.54 -3173.33 55.526 1269.16 2311.84 -5.25112 5779.65 -3172.49
1.51 47.1818 -1305.86 -3870.42 5.52646 9676.18 -3260.36 -47.1818 1305.86 3870.42 -5.52646 9675.91 -3268.94
1.52 -26.3086 -987.436 -5135.63 4.99858 12838.9 -2455.63 26.3086 987.436 5135.63 -4.99858 12839.3 -2481.55
1.53 -28.5671 -555.007 -5965.99 3.75656 14915 -1373.82 28.5671 555.007 5965.99 -3.75656 14914.9 -1401.21
1.54 39.0438 -298.908 -6314.69 2.15239 15786.7 -725.62 -39.0438 298.908 6314.69 -2.15239 15786.8 -768.922
1.55 -70.6748 -396.5 -6223.39 0.505658 15558.3 -965.741 70.6748 396.5 6223.39 -0.505658 15558.6 -1016.76
1.56 19.2868 -813.821 -5759.06 -1.13305 14397.7 -2007.53 -19.2868 813.821 5759.06 1.13305 14397.5 -2061.58
1.57 -14.445 -1336.6 -4960.97 -2.91699 12402.2 -3306.88 14.445 1336.6 4960.97 2.91699 12402.7 -3376.11
1.58 -60.5655 -1700.33 -3853.62 -4.92806 9634.01 -4217.23 60.5655 1700.33 3853.62 4.92806 9634.07 -4284.43
1.59 37.8463 -1727 -2509.43 -6.99919 6273.55 -4279.88 -37.8463 1727 2509.43 6.99919 6273.61 -4355.11
1.6 -69.5896 -1395.28 -1083.25 -8.80659 2707.87 -3447.65 69.5896 1395.28 1083.25 8.80659 2708.36 -3528.75
1.61 -8.87141 -834.712 237.526 -10.0971 -593.749 -2048.84 8.87141 834.712 -237.526 10.0971 -593.88 -2124.72
1.62 5.15386 -271.589 1329.89 -10.792 -3324.94 -636.404 -5.15386 271.589 -1329.89 10.792 -3324.53 -721.54
1.63 -78.0691 52.559 2181.39 -10.8896 -5453.59 170.93 78.0691 -52.559 -2181.39 10.8896 -5453.38 91.8645
1.64 34.6359 -20.2393 2831.79 -10.3387 -7079.46 -11.9756 -34.6359 20.2393 -2831.79 10.3387 -7079.49 -89.2207
1.65 -50.9081 -478.391 3267.25 -9.06716 -8168.38 -1156.03 50.9081 478.391 -3267.25 9.06716 -8167.85 -1235.92
1.66 -31.6639 -1123.29 3382.89 -7.13651 -8457.17 -2774.59 31.6639 1123.29 -3382.89 7.13651 -8457.27 -2841.88
1.67 29.3141 -1655.97 3063.56 -4.82323 -7659.03 -4105.3 -29.3141 1655.97 -3063.56 4.82323 -7658.76 -4174.54
1.68 -77.5322 -1832.12 2304.61 -2.50615 -5761.66 -4549.98 77.5322 1832.12 -2304.61 2.50615 -5761.38 -4610.62
1.69 29.2616 -1590.07 1246.79 -0.45755 -3116.9 -3950.15 -29.2616 1590.07 -1246.79 0.45755 -3117.06 -4000.21
1.7 -18.3288 -1070.47 87.4756 1.25958 -218.905 -2651.2 18.3288 1070.47 -87.4756 -1.25958 -218.473 -2701.16
1.71 -46.02 -525.511 -1040.52 2.70974 2601.35 -1297.1 46.02 525.511 1040.52 -2.70974 2601.25 -1330.46
1.72 52.1382 -186.27 -2099.74 3.93066 5249.34 -451.123 -52.1382 186.27 2099.74 -3.93066 5249.38 -480.226
1.73 -60.2354 -162.783 -3069.22 4.85958 7672.91 -396.462 60.2354 162.783 3069.22 -4.85958 7673.19 -417.452
1.74 20.4541 -408.208 -3859.42 5.37628 9648.7 -1017.9 -20.4541 408.208 3859.42 -5.37628 9648.4 -1023.14
1.75 20.3473 -741.547 -4327.06 5.38273 10817.5 -1851.74 -20.3473 741.547 4327.06 -5.38273 10817.8 -1855.99
1.76 -51.5013 -918.255 -4377.56 4.8442 10944 -2301.42 51.5013 918.255 4377.56 -4.8442 10943.8 -2289.86
1.77 66.7062 -737.353 -4040.86 3.79824 10102.2 -1853.03 -66.7062 737.353 4040.86 -3.79824 10102.1 -1833.74
1.78 -31.4427 -149.556 -3432.77 2.36773 8581.81 -385.65 31.4427 149.556 3432.77 -2.36773 8582.03 -362.131
1.79 6.91077 695.945 -2641.31 0.767063 6603.46 1720.02 -6.91077 -695.945 2641.31 -0.767063 6603.07 1759.71
1.8 55.4585 1511.58 -1662.01 -0.737676 4154.99 3759.24 -55.4585 -1511.58 1662.01 0.737676 4155.06 3798.67
1.81 -49.4832 2015.68 -451.454 -1.90846 1128.68 5014.28 49.4832 -2015.68 451.454 1.90846 1128.59 5064.1
1.82 67.3713 2073.8 961.242 -2.59573 -2402.93 5155.58 -67.3713 -2073.8 -961.242 2.59573 -2403.28 5213.42
1.83 1.47616 1752.13 2425.52 -2.73852 -6063.88 4352.43 -1.47616 -1752.13 -2425.52 2.73852 -6063.73 4408.24
1.84 -11.397 1264.31 3735.27 -2.33689 -9337.97 3126.74 11.397 -1264.31 -3735.27 2.33689 -9338.38 3194.79
1.85 78.2552 860.557 4742.14 -1.4541 -11855.3 2118.78 -78.2552 -860.557 -4742.14 1.4541 -11855.4 2184.01
1.86 -41.9571 722.024 5406.91 -0.236372 -13517.2 1771.43 41.9571 -722.024 -5406.91 0.236372 -13517.3 1838.69
1.87 51.836 893.674 5754.44 1.12245 -14385.9 2197.59 -51.836 -893.674 -5754.44 -1.12245 -14386.3 2270.78
1.88 31.2387 1264.92 5797.91 2.4878 -14494.8 3130.03 -31.2387 -1264.92 -5797.91 -2.4878 -14494.7 3194.55
1.89 -32.3333 1607.63 5515.5 3.86357 -13788.6 3983.97 32.3333 -1607.63 -5515.5 -3.86357 -13788.9 4054.16
1.9 83.3135 1676.97 4894.2 5.32797 -12235.4 4159.92 -83.3135 -1676.97 -4894.2 -5.32797 -12235.6 4224.92
1.91 -30.5388 1343.32 3981.25 6.85376 -9953.16 3329.17 30.5388 -1343.32 -3981.25 -6.85376 -9953.11 3387.45
1.92 22.2573 680.117 2882.04 8.19632 -7204.89 1669.66 -22.2573 -680.117 -2882.04 -8.19632 -7205.31 1730.93
1.93 52.4372 -60.7368 1707.43 8.99477 -4268.62 -175.786 -52.4372 60.7368 -1707.43 -8.99477 -4268.53 -127.898
1.94 -51.6013 -581.347 526.277 9.00816 -1315.6 -1476.69 51.6013 581.347 -526.277 -9.00816 -1315.78 -1430.05
1.95 69.8656 -693.971 -632.982 8.25359 1582.57 -1755.32 -69.8656 693.971 632.982 -8.25359 1582.34 -1714.53
1.96 -16.0913 -403.483 -1739.1 6.91578 4347.65 -1022.48 16.0913 403.483 1739.1 -6.91578 4347.82 -994.932
1.97 -15.0374 117.577 -2719.12 5.15158 6797.95 279.822 15.0374 -117.577 2719.12 -5.15158 6797.63 308.061
1.98 62.4381 621.52 -3462.95 3.02502 8657.33 1546.89 -62.4381 -621.52 3462.95 -3.02502 8657.43 1560.71
1.99 -63.7565 885.95 -3869.57 0.634477 9673.93 2211.2 63.7565 -885.95 3869.57 -0.634477 9673.94 2218.55
2 41.7201 791.553 -3899.62 -1.76019 9749.15 1977.18 -41.7201 -791.553 3899.62 1.76019 9748.96 1980.58
2.01 0.954559 370.153 -3596.45 -3.81644 8990.99 931.583 -0.954559 -370.153 3596.45 3.81644 8991.27 919.184
2.02 -51.1687 -193.913 -3059.83 -5.34491 7649.65 -478.563 51.1687 193.913 3059.83 5.34491 7649.48 -491.003
2.03 61.2975 -635.253 -2390.81 -6.43473 5976.96 -1576.29 -61.2975 635.253 2390.81 6.43473 5977.08 -1599.98
2.04 -63.9336 -742.59 -1649.96 -7.29556 4124.8 -1840.21 63.9336 742.59 1649.96 7.29556 4124.98 -1872.74
2.05 5.9181 -486.23 -860.128 -7.96524 2150.39 -1199.46 -5.9181 486.23 860.128 7.96524 2150.25 -1231.69
2.06 19.8383 -46.334 -46.7457 -8.20689 116.693 -92.7338 -19.8383 46.334 46.7457 8.20689 117.035 -138.936
2.07 -77.1487 288.134 726.863 -7.72265 -1817.15 743.049 77.1487 -288.134 -726.863 7.72265 -1817.17 697.619
2.08 50.9507 283.389 1369.68 -6.46139 -3424.25 733.54 -50.9507 -283.389 -1369.68 6.46139 -3424.14 683.405
2.09 -49.682 -120.959 1812.15 -4.69616 -4530.53 -273.159 49.682 120.959 -1812.15 4.69616 -4530.23 -331.637
2.1 -29.3465 -800.623 2041.61 -2.80671 -5103.98 -1975.14 29.3465 800.623 -2041.61 2.80671 -5104.06 -2027.98
2.11 38.7316 -1520.75 2082.65 -1.02432 -5206.79 -3771.1 -38.7316 1520.75 -2082.65 1.02432 -5206.45 -3832.66
2.12 -86.3798 -2035.2 1942.37 0.589761 -4855.98 -5058.35 86.3798 2035.2 -1942.37 -0.589761 -4855.89 -5117.64
2.13 34.1491 -2171.93 1585.09 1.96044 -3962.75 -5401.83 -34.1491 2171.93 -1585.09 -1.96044 -3962.69 -5457.84
2.14 -22.2289 -1896.03 976.138 2.88136 -2440.52 -4709.1 22.2289 1896.03 -976.138 -2.88136 -2440.17 -4771.06
2.15 -56.8477 -1337.23 155.6 3.13645 -388.964 -3317.21 56.8477 1337.23 -155.6 -3.13645 -389.037 -3368.94
2.16 54.4831 -750.795 -742.235 2.7244 1855.46 -1850.17 -54.4831 750.795 742.235 -2.7244 1855.72 -1903.81
2.17 -76.4413 -400.169 -1557.58 1.90547 3893.89 -975.221 76.4413 400.169 1557.58 -1.90547 3894.02 -1025.62
2.18 13.6121 -412.606 -2202.22 0.986537 5505.57 -1011.48 -13.6121 412.606 2202.22 -0.986537 5505.54 -1051.55
2.19 13.3427 -702.234 -2690.15 0.066751 6725.24 -1734.03 -13.3427 702.234 2690.15 -0.066751 6725.54 -1777.14
2.2 -71.873 -1020.77 -3072.39 -0.982787 7681.02 -2536.52 71.873 1020.77 3072.39 0.982787 7680.93 -2567.32
2.21 63.0996 -1103.87 -3347.74 -2.29214 8369.28 -2746.45 -63.0996 1103.87 3347.74 2.29214 8369.42 -2772.89
2.22 -49.6518 -814.235 -3445.56 -3.76902 8613.83 -2023.68 49.6518 814.235 3445.56 3.76902 8613.95 -2047.5
2.23 -8.32823 -199.049 -3293.69 -5.10643 8234.28 -492.925 8.32823 199.049 3293.69 5.10643 8234.15 -502.32
2.24 49.1447 547.88 -2891.57 -5.98643 7228.83 1374.82 -49.1447 -547.88 2891.57 5.98643 7229.03 1364.58
2.25 -72.853 1174.97 -2307.89 -6.25132 5769.8 2937.08 72.853 -1174.97 2307.89 6.25132 5769.67 2937.75
2.26 60.8916 1468.78 -1610.56 -5.89462 4026.4 3667.38 -60.8916 -1468.78 1610.56 5.89462 4026.39 3676.52
2.27 -12.3062 1336.31 -814.409 -4.95003 2035.99 3336.15 12.3062 -1336.31 814.409 4.95003 2036.06 3345.41
2.28 -29.594 854.759 90.9639 -3.44731 -227.298 2125.01 29.594 -854.759 -90.9639 3.44731 -227.521 2148.79
2.29 76.4915 256.194 1068.22 -1.47994 -2670.6 628.57 -76.4915 -256.194 -1068.22 1.47994 -2670.5 652.398
2.3 -61.0807 -171.735 2003.51 0.730173 -5008.69 -444.345 61.0807 171.735 -2003.51 -0.730173 -5008.85 -414.332
2.31 45.9048 -231.893 2761.99 2.88598 -6904.9 -599.593 -45.9048 231.893 -2761.99 -2.88598 -6905.03 -559.875
2.32 27.1032 76.346 3274.46 4.7534 -8186.16 172.862 -27.1032 -76.346 -3274.46 -4.7534 -8186.13 208.868
2.33 -47.9861 563.023 3566.95 6.24782 -8917.24 1384.12 47.9861 -563.023 -3566.95 -6.24782 -8917.52 1431
2.34 88.2621 960.18 3706.69 7.39485 -9266.72 2377.1 -88.2621 -960.18 -3706.69 -7.39485 -9266.71 2423.8
2.35 -39.8175 1064.38 3725.74 8.22356 -9314.27 2637.9 39.8175 -1064.38 -3725.74 -8.22356 -9314.43 2683.98
2.36 19.0925 827.051 3598.63 8.69743 -8996.48 2040.38 -19.0925 -827.051 -3598.63 -8.69743 -8996.67 2094.87
2.37 60.0929 362.34 3284.39 8.72253 -8210.99 882.397 -60.0929 -362.34 -3284.39 -8.72253 -8210.97 929.301
2.38 -60.927 -108.815 2779.3 8.19524 -6948.12 -297.878 60.927 108.815 -2779.3 -8.19524 -6948.4 -246.197
2.39 80.8969 -348.515 2126.96 7.05089 -5317.39 -896.755 -80.8969 348.515 -2126.96 -7.05089 -5317.41 -845.82
2.4 -13.2163 -203.339 1387.32 5.3145 -3468.23 -530.063 13.2163 203.339 -1387.32 -5.3145 -3468.35 -486.631
2.41 -15.2764 313.288 609.117 3.1475 -1522.69 758.709 15.2764 -313.288 -609.117 -3.1475 -1522.9 807.731
2.42 80.1659 1004.97 -166.829 0.841716 417.05 2492.91 -80.1659 -1004.97 166.829 -0.841716 417.095 2531.95
2.43 -65.6133 1573.87 -889.752 -1.27347 2224.5 3916.09 65.6133 -1573.87 889.752 1.27347 2224.26 3953.26
2.44 55.4253 1770.2 -1496.44 -2.96132 3741.11 4407.26 -55.4253 -1770.2 1496.44 2.96132 3741.1 4443.72
2.45 14.5556 1521.72 -1931.42 -4.13735 4828.56 3792.31 -14.5556 -1521.72 1931.42 4.13735 4828.52 3816.29
2.46 -50.2368 961.331 -2169.83 -4.81109 5424.65 2390.07 50.2368 -961.331 2169.83 4.81109 5424.48 2416.59
2.47 84.0573 342.893 -2221.69 -4.9923 5554.17 848.856 -84.0573 -342.893 2221.69 4.9923 5554.27 865.609
2.48 -59.6604 -90.6691 -2118.64 -4.68034 5296.68 -231.447 59.6604 90.6691 2118.64 4.68034 5296.52 -221.899
2.49 17.237 -210.121 -1897.6 -3.93776 4743.98 -530.332 -17.237 210.121 1897.6 3.93776 4744.01 -520.274
2.5 39.7956 -39.0304 -1587.53 -2.92485 3968.8 -95.5396 -39.7956 39.0304 1587.53 2.92485 3968.85 -99.6124
2.51 -77.692 263.793 -1200.04 -1.80937 3000.15 661.397 77.692 -263.793 1200.04 1.80937 3000.03 657.566
2.52 72.0288 465.927 -730.091 -0.635364 1825.14 1170.04 -72.0288 -465.927 730.091 0.635364 1825.32 1159.6
2.53 -42.0636 360.608 -174.394 0.67333 436.018 911.764 42.0636 -360.608 174.394 -0.67333 435.953 891.276
2.54 -25.3041 -122.41 438.636 2.13317 -1096.62 -297.229 25.3041 122.41 -438.636 -2.13317 -1096.55 -314.822
2.55 59.3791 -855.075 1033.73 3.52763 -2584.41 -2122.85 -59.3791 855.075 -1033.73 -3.52763 -2584.26 -2152.53
2.56 -90.5044 -1556.13 1512.89 4.45789 -3782.18 -3875.01 90.5044 1556.13 -1512.89 -4.45789 -3782.26 -3905.62
2.57 47.3086 -1935.35 1805.29 4.60659 -4513.34 -4822.5 -47.3086 1935.35 -1805.29 -4.60659 -4513.1 -4854.27
2.58 -14.1015 -1850.13 1897.96 3.96126 -4744.89 -4604.39 14.1015 1850.13 -1897.96 -3.96126 -4744.89 -4646.27
2.59 -62.9622 -1372.53 1818.64 2.77132 -4546.64 -3413.25 62.9622 1372.53 -1818.64 -2.77132 -4546.56 -3449.41
2.6 70.7094 -733.614 1591.7 1.29945 -3979.36 -1812.41 -70.7094 733.614 -1591.7 -1.29945 -3979.13 -1855.66
2.61 -84.4974 -198.335 1217.01 -0.350782 -3042.49 -473.596 84.4974 198.335 -1217.01 0.350782 -3042.56 -518.078
2.62 15.003 47.2682 695.222 -2.15785 -1738.18 137.86 -15.003 -47.2682 -695.222 2.15785 -1737.92 98.4811
2.63 20.2439 -45.9368 64.4405 -3.98979 -161.126 -91.1795 -20.2439 45.9368 -64.4405 3.98979 -161.077 -138.504
2.64 -87.8343 -382.873 -603.219 -5.56682 1508.03 -937.451 87.8343 382.873 603.219 5.56682 1508.07 -976.913
2.65 71.756 -757.442 -1247.64 -6.65222 3118.97 -1873.55 -71.756 757.442 1247.64 6.65222 3119.24 -1913.66
2.66 -59.7551 -931.453 -1857.17 -7.24766 4642.97 -2307.92 59.7551 931.453 1857.17 7.24766 4642.88 -2349.35
2.67 -19.1171 -751.14 -2448.1 -7.53835 6120.13 -1862.32 19.1171 751.14 2448.1 7.53835 6120.36 -1893.38
2.68 54.6519 -246.959 -3002.86 -7.6237 7507.11 -599.539 -54.6519 246.959 3002.86 7.6237 7507.17 -635.256
2.69 -95.066 359.79 -3436.11 -7.33698 8590.29 913.219 95.066 -359.79 3436.11 7.33698 8590.25 885.731
2.7 61.3379 770.189 -3633.47 -6.37638 9083.54 1936.52 -61.3379 -770.189 3633.47 6.37638 9083.8 1914.42
2.71 -20.817 776.047 -3528.64 -4.62505 8821.69 1952.07 20.817 -776.047 3528.64 4.62505 8821.53 1928.16
2.72 -49.6233 371.761 -3143.64 -2.32243 7859.03 934.814 49.6233 -371.761 3143.64 2.32243 7859.17 923.989
2.73 81.6569 -256.513 -2556.54 0.0891796 6391.32 -635.183 -81.6569 256.513 2556.54 -0.0891796 6391.38 -647.384
2.74 -83.6885 -838.057 -1835.98 2.26517 4590.04 -2092.15 83.6885 838.057 1835.98 -2.26517 4589.88 -2098.13
2.75 39.6343 -1141.6 -1011.54 4.09183 2528.72 -2855.77 -39.6343 1141.6 1011.54 -4.09183 2528.96 -2852.21
2.76 24.3049 -1057.04 -101.374 5.55944 253.536 -2642.86 -24.3049 1057.04 101.374 -5.55944 253.334 -2642.33
2.77 -72.0713 -625.052 847.883 6.58189 -2119.72 -1569.13 72.0713 625.052 -847.883 -6.58189 -2119.69 -1556.13
2.78 94.4187 -23.061 1759.89 7.0009 -4399.76 -64.6949 -94.4187 23.061 -1759.89 -7.0009 -4399.68 -50.61
2.79 -56.4813 496.551 2564.6 6.76069 -6411.35 1233.31 56.4813 -496.551 -2564.6 -6.76069 -6411.64 1249.44
2.8 8.71854 716.5 3226.8 6.01795 -8067.11 1777.68 -8.71854 -716.5 -3226.8 -6.01795 -8066.91 1804.82
2.81 66.0101 572.216 3733.31 5.02952 -9333.16 1419.34 -66.0101 -572.216 -3733.31 -5.02952 -9333.38 1441.73
2.82 -83.3057 200.864 4056.65 3.93294 -10141.6 486.608 83.3057 -200.864 -4056.65 -3.93294 -10141.7 517.711
2.83 88.5853 -127.618 4142.02 2.66675 -10355.1 -335.842 -88.5853 127.618 -4142.02 -2.66675 -10355 -302.246
2.84 -19.04 -163.917 3934.8 1.1209 -9836.81 -424.931 19.04 163.917 -3934.8 -1.1209 -9837.19 -394.656
2.85 -27.1849 181.912 3421.62 -0.647543 -8554.13 434.725 27.1849 -181.912 -3421.62 0.647543 -8553.97 474.838
2.86 95.3681 800.854 2647.92 -2.36109 -6619.71 1985.2 -95.3681 -800.854 -2647.92 2.36109 -6619.88 2019.07
2.87 -81.5771 1451.84 1701.64 -3.67243 -4253.98 3611.21 81.5771 -1451.84 -1701.64 3.67243 -4254.2 3647.98
2.88 63.6886 1877.73 683.027 -4.3533 -1707.66 4674.38 -63.6886 -1877.73 -683.027 4.3533 -1707.47 4714.25
2.89 21.5897 1908.36 -316.829 -4.35614 792.273 4755.17 -21.5897 -1908.36 316.829 4.35614 791.871 4786.63
2.9 -61.9928 1522.29 -1226.63 -3.7487 3066.51 3786.57 61.9928 -1522.29 1226.63 3.7487 3066.63 3824.86
2.91 106.145 859.762 -1999.98 -2.63989 4999.98 2133.6 -106.145 -859.762 1999.98 2.63989 4999.91 2165.21
2.92 -66.6323 176.673 -2611.24 -1.17181 6528.25 427.542 66.6323 -176.673 2611.24 1.17181 6527.95 455.825
2.93 23.6214 -262.877 -3039.12 0.464239 7597.65 -673.041 -23.6214 262.877 3039.12 -0.464239 7597.93 -641.344
2.94 58.3188 -317.5 -3249.44 2.05906 8123.77 -803.739 -58.3188 317.5 3249.44 -2.05906 8123.41 -783.761
2.95 -88.7099 -47.1339 -3197.42 3.45461 7993.52 -129.354 88.7099 47.1339 3197.42 -3.45461 7993.58 -106.316
2.96 96.1011 319.878 -2855.58 4.57882 7138.91 790.859 -96.1011 -319.878 2855.58 -4.57882 7139 808.53
2.97 -39.8585 516.866 -2242.24 5.41331 5605.77 1287.52 39.8585 -516.866 2242.24 -5.41331 5605.41 1296.8
2.98 -23.9978 382.91 -1418.48 5.9368 3546.02 950.696 23.9978 -382.91 1418.48 -5.9368 3546.38 963.852
2.99 85.1582 -64.0482 -457.208 6.10075 1143.15 -160.592 -85.1582 64.0482 457.208 -6.10075 1142.89 -159.648
3 -100.902 -650.348 578.105 5.83929 -1445.26 -1626.13 100.902 650.348 -578.105 -5.83929 -1445.27 -1625.6
3.01 67.2895 -1132.25 1619.24 5.08076 -4048.24 -2829.78 -67.2895 1132.25 -1619.24 -5.08076 -4047.97 -2831.47
3.02 -4.42331 -1297.07 2564.49 3.76313 -6411.02 -3236.26 4.42331 1297.07 -2564.49 -3.76313 -6411.41 -3249.07
3.03 -69.4443 -1050.51 3284.5 1.88986 -8211.44 -2622.18 69.4443 1050.51 -3284.5 -1.88986 -8211.05 -2630.39
3.04 97.9569 -468.776 3678.48 -0.386503 -9196.16 -1163 -97.9569 468.776 -3678.48 0.386503 -9196.25 -1180.88
3.05 -94.3468 214.506 3730.33 -2.74232 -9325.78 546.678 94.3468 -214.506 -3730.33 2.74232 -9325.89 525.852
3.06 25.3972 704.539 3501.31 -4.79425 -8753.49 1770.66 -25.3972 -704.539 -3501.31 4.79425 -8753.04 1752.04
3.07 34.7505 792.127 3059 -6.28538 -7647.31 1995.19 -34.7505 -792.127 -3059 6.28538 -7647.68 1965.45
3.08 -103.077 466.282 2413.15 -7.18175 -6033.05 1177.93 103.077 -466.282 -2413.15 7.18175 -6032.7 1153.48
3.09 94.7506 -84.1527 1528.09 -7.58519 -3820.28 -195.797 -94.7506 84.1527 -1528.09 7.58519 -3820.19 -224.967
3.1 -68.3843 -581.794 401.295 -7.56208 -1003.12 -1437.7 68.3843 581.794 -401.295 7.56208 -1003.35 -1471.26
3.11 -21.6184 -808.204 -877.955 -7.07909 2194.61 -2007.14 21.6184 808.204 877.955 7.07909 2195.16 -2033.88
3.12 71.3653 -698.377 -2154.65 -6.10545 5386.79 -1728.19 -71.3653 698.377 2154.65 6.10545 5386.46 -1763.7
3.13 -117.529 -347.872 -3290.07 -4.73708 8225.06 -854.622 117.529 347.872 3290.07 4.73708 8225.29 -884.739
3.14 75.8284 43.025 -4212.99 -3.16795 10532.4 121.966 -75.8284 -43.025 4212.99 3.16795 10532.6 93.1586
3.15 -26.537 251.36 -4892.21 -1.52981 12230.7 645.292 26.537 -251.36 4892.21 1.52981 12230.3 611.507
3.16 -65.1913 121.359 -5274.74 0.191613 13186.6 315.139 65.1913 -121.359 5274.74 -0.191613 13187.1 291.656
3.17 98.5935 -354.649 -5274.8 2.02795 13187.1 -872.388 -98.5935 354.649 5274.8 -2.02795 13186.9 -900.855
3.18 -109.355 -1004.5 -4836.02 3.81579 12090 -2499.19 109.355 1004.5 4836.02 -3.81579 12090.1 -2523.32
3.19 43.6319 -1537.34 -3998.94 5.16564 9997.13 -3834.72 -43.6319 1537.34 3998.94 -5.16564 9997.55 -3851.98
3.2 23.874 -1688.97 -2895.15 5.70098 7238.13 -4211.24 -23.874 1688.97 2895.15 -5.70098 7237.63 -4233.62
3.21 -97.716 -1369.45 -1666.84 5.34757 4166.85 -3418.22 97.716 1369.45 1666.84 -5.34757 4167.35 -3429.05
3.22 110.331 -712.591 -390.651 4.37173 976.696 -1775.63 -110.331 712.591 390.651 -4.37173 976.561 -1787.33
3.23 -79.7358 5.56178 918.594 3.12896 -2296.38 18.8066 79.7358 -5.56178 -918.594 -3.12896 -2296.59 9.0023
3.24 2.54001 517.017 2235.88 1.79574 -5589.97 1292.15 -2.54001 -517.017 -2235.88 -1.79574 -5589.44 1292.94
3.25 73.0945 682.013 3467.25 0.357853 -8667.84 1707.19 -73.0945 -682.013 -3467.25 -0.357853 -8668.41 1702.87
3.26 -113.736 525.167 4464.44 -1.17667 -11161.3 1310.06 113.736 -525.167 -4464.44 1.17667 -11160.9 1315.77
3.27 102.625 201.295 5095.2 -2.62486 -12738 499.055 -102.625 -201.295 -5095.2 2.62486 -12738 507.419
3.28 -34.1403 -71.9599 5300.62 -3.72959 -13251.3 -183.231 34.1403 71.9599 -5300.62 3.72959 -13251.8 -176.569
3.29 -41.4942 -96.9881 5092.95 -4.38357 -12732.7 -251.678 41.4942 96.9881 -5092.95 4.38357 -12732.1 -233.263
3.3 110.992 213.386 4513.69 -4.68829 -11283.9 526.764 -110.992 -213.386 -4513.69 4.68829 -11284.5 540.168
3.31 -110.629 771.475 3605.09 -4.76078 -9012.79 1918.97 110.629 -771.475 -3605.09 4.76078 -9012.67 1938.4
3.32 74.894 1331.38 2419.49 -4.51435 -6048.83 3316.21 -74.894 -1331.38 -2419.49 4.51435 -6048.62 3340.69
3.33 18.9113 1607.06 1045.46 -3.6892 -2613.32 4008.27 -18.9113 -1607.06 -1045.46 3.6892 -2613.96 4027.05
3.34 -81.5346 1433.11 -385.579 -2.12835 963.664 3568.23 81.5346 -1433.11 385.579 2.12835 964.232 3597.31
3.35 129.296 862.15 -1727.68 -0.00713733 4319.43 2143.12 -129.296 -862.15 1727.68 0.00713733 4318.99 2167.63
3.36 -88.7899 132.95 -2863.35 2.23326 7158.43 319.872 88.7899 -132.95 2863.35 -2.23326 7158.3 344.879
3.37 30.568 -461.748 -3728.07 4.17597 9319.97 -1169.99 -30.568 461.748 3728.07 -4.17597 9320.39 -1138.74
3.38 69.6292 -715.333 -4301.41 5.64467 10753.9 -1799.43 -69.6292 715.333 4301.41 -5.64467 10753.2 -1777.23
3.39 -110.546 -581.161 -4573.15 6.65974 11432.6 -1467.44 110.546 581.161 4573.15 -6.65974 11433.1 -1438.36
3.4 123.478 -168.957 -4511.97 7.2449 11280 -435.223 -123.478 168.957 4511.97 -7.2449 11279.8 -409.564
3.41 -51.433 308.62 -4067.36 7.33295 10168.6 761.315 51.433 -308.62 4067.36 -7.33295 10168.2 781.787
3.42 -23.1515 617.437 -3211 6.8585 8027.19 1530.12 23.1515 -617.437 3211 -6.8585 8027.8 1557.06
3.43 108.844 599.997 -1988.23 5.88522 4970.94 1491.87 -108.844 -599.997 1988.23 -5.88522 4970.2 1508.12
3.44 -122.536 260.323 -534.395 4.58866 1335.81 641.428 122.536 -260.323 534.395 -4.58866 1336.16 660.186
3.45 93.7983 -218.993 968.236 3.11007 -2420.62 -556.197 -93.7983 218.993 -968.236 -3.11007 -2420.56 -538.766
3.46 -4.09615 -562.032 2364.1 1.46025 -5909.96 -1408.99 4.09615 562.032 -2364.1 -1.46025 -5910.56 -1401.17
3.47 -76.4572 -551.571 3564.48 -0.40589 -8911.57 -1385.88 76.4572 551.571 -3564.48 0.40589 -8910.83 -1371.98
3.48 129.618 -153.562 4521.71 -2.42505 -11304 -385.866 -129.618 153.562 -4521.71 2.42505 -11304.6 -381.946
3.49 -113.799 465.946 5174.25 -4.35375 -12935.7 1163.78 113.799 -465.946 -5174.25 4.35375 -12935.6 1165.95
3.5 45.2932 1033.53 5431.63 -5.86245 -13579.3 2581.91 -45.2932 -1033.53 -5431.63 5.86245 -13578.9 2585.75
3.51 46.0556 1302.74 5226.34 -6.69818 -13065.5 3260.84 -46.0556 -1302.74 -5226.34 6.69818 -13066.2 3252.88
3.52 -118.837 1155.68 4579.53 -6.77727 -11449.2 2890.51 118.837 -1155.68 -4579.53 6.77727 -11448.5 2887.89
3.53 128.308 640.186 3599.78 -6.16888 -8999.26 1605.2 -128.308 -640.186 -3599.78 6.16888 -8999.64 1595.73
3.54 -83.9804 -52.5553 2405.23 -5.03222 -6013.02 -124.119 83.9804 52.5553 -2405.23 5.03222 -6013.14 -138.657
3.55 -13.2591 -659.729 1049.66 -3.56725 -2624.48 -1644.58 13.2591 659.729 -1049.66 3.56725 -2623.81 -1654.06
3.56 91.1075 -956.023 -463.312 -1.97492 1158.68 -2379.65 -91.1075 956.023 463.312 1.97492 1157.89 -2400.46
3.57 -141.293 -863.947 -2085.88 -0.409965 5214.37 -2151.6 141.293 863.947 2085.88 0.409965 5215.04 -2168.13
3.58 104.993 -502.456 -3655.4 1.04669 9138.52 -1246.89 -104.993 502.456 3655.4 -1.04669 9138.45 -1265.39
3.59 -36.6387 -128.452 -4937.68 2.35957 12344.4 -308.362 36.6387 128.452 4937.68 -2.35957 12344 -333.9
3.6 -71.124 5.51463 -5754.29 3.47506 14385.3 22.5118 71.124 -5.51463 5754.29 -3.47506 14386.2 5.06135
3.61 123.434 -210.1 -6070.53 4.29228 15176.7 -512.252 -123.434 210.1 6070.53 -4.29228 15175.9 -538.247
3.62 -138.346 -691.472 -5961.2 4.70207 14902.8 -1717.08 138.346 691.472 5961.2 -4.70207 14903.2 -1740.28
3.63 63.2951 -1216.85 -5498.53 4.64028 13746.2 -3032.31 -63.2951 1216.85 5498.53 -4.64028 13746.4 -3051.96
3.64 20.9434 -1538.14 -4686.52 4.08478 11716.6 -3831.69 -20.9434 1538.14 4686.52 -4.08478 11716 -3859.02
3.65 -117.713 -1485.59 -3509.81 3.01604 8774.04 -3705.24 117.713 1485.59 3509.81 -3.01604 8775 -3722.72
3.66 136.849 -1033.08 -2031.2 1.4323 5078.31 -2571.82 -136.849 1033.08 2031.2 -1.4323 5077.7 -2593.58
3.67 -109.351 -315.683 -418.451 -0.552788 1046.06 -778.697 109.351 315.683 418.451 0.552788 1046.2 -799.718
3.68 9.72174 409.95 1136.17 -2.63624 -2840.72 1031.2 -9.72174 -409.95 -1136.17 2.63624 -2840.15 1018.55
3.69 78.8035 868.409 2518.79 -4.40919 -6296.54 2180.98 -78.8035 -868.409 -2518.79 4.40919 -6297.41 2161.07
3.7 -144.546 900.268 3708.71 -5.57652 -9272.22 2255.79 144.546 -900.268 -3708.71 5.57652 -9271.33 2245.55
3.71 127.742 553.115 4692.37 -6.11445 -11730.8 1387.71 -127.742 -553.115 -4692.37 6.11445 -11731.1 1377.86
3.72 -58.7816 59.4454 5378.63 -6.19948 -13446.5 154.48 58.7816 -59.4454 -5378.63 6.19948 -13446.7 142.747
3.73 -47.3218 -294.955 5616.27 -5.97739 -14041.1 -737.191 47.3218 294.955 -5616.27 5.97739 -14040.3 -737.582
3.74 126.069 -327.216 5301.66 -5.41683 -13253.7 -814.79 -126.069 327.216 -5301.66 5.41683 -13254.6 -821.288
3.75 -146.71 -39.8516 4469.78 -4.39793 -11174.8 -100.025 146.71 39.8516 -4469.78 4.39793 -11174.1 -99.2334
3.76 95.992 404.78 3279.65 -2.91661 -8199.11 1009.31 -95.992 -404.78 -3279.65 2.91661 -8199.16 1014.59
3.77 4.57326 777.312 1912.86 -1.15327 -4781.85 1943.04 -4.57326 -777.312 -1912.86 1.15327 -4782.47 1943.52
3.78 -98.7202 880.391 486.928 0.673769 -1217.8 2194.82 98.7202 -880.391 -486.928 -0.673769 -1216.84 2207.13
3.79 153.114 623.015 -943.027 2.47797 2358.03 1553.63 -153.114 -623.015 943.027 -2.47797 2357.11 1561.44
3.8 -123.587 64.4645 -2319.04 4.27226 5797.42 155.717 123.587 -64.4645 2319.04 -4.27226 5797.77 166.605
3.81 45.4209 -587.401 -3532.78 5.96115 8831.8 -1477.6 -45.4209 587.401 3532.78 -5.96115 8832.09 -1459.41
3.82 69.3082 -1048.98 -4446.92 7.22304 11117.8 -2627.82 -69.3082 1048.98 4446.92 -7.22304 11116.8 -2617.1
3.83 -135.926 -1096.79 -4960.72 7.67385 12401.3 -2752.25 135.926 1096.79 4960.72 -7.67385 12402.3 -2731.68
3.84 153.627 -696.017 -5051.33 7.17749 12628.7 -1749.05 -153.627 696.017 5051.33 -7.17749 12628 -1731.04
3.85 -78.8191 -30.3693 -4754.39 5.97455 11886 -83.8881 78.8191 30.3693 4754.39 -5.97455 11885.9 -67.9585
3.86 -16.4356 598.532 -4111.53 4.4811 10278.5 1484.08 16.4356 -598.532 4111.53 -4.4811 10279.1 1508.58
3.87 123.614 936.593 -3139.99 2.96394 7850.52 2333.81 -123.614 -936.593 3139.99 -2.96394 7849.41 2349.16
3.88 -152.222 898.306 -1854.64 1.42495 4636.15 2235.11 152.222 -898.306 1854.64 -1.42495 4637.03 2256.42
3.89 126.101 580.682 -322.283 -0.21671 805.908 1441.2 -126.101 -580.682 322.283 0.21671 805.507 1462.21
3.9 -19.594 190.561 1306.81 -1.88768 -3266.79 469.405 19.594 -190.561 -1306.81 1.88768 -3267.24 483.397
3.91 -79.3258 -53.6647 2828.02 -3.34728 -7070.51 -145.36 79.3258 53.6647 -2828.02 3.34728 -7069.57 -122.963
3.92 157.513 -5.46021 4058.43 -4.38919 -10145.5 -20.2231 -157.513 5.46021 -4058.43 4.38919 -10146.6 -7.07792
3.93 -143.847 350.23 4905.43 -4.99477 -12263.9 868.414 143.847 -350.23 -4905.43 4.99477 -12263.3 882.734
3.94 74.376 872.761 5373.22 -5.25001 -13433.1 2173.64 -74.376 -872.761 -5373.22 5.25001 -13433 2190.17
3.95 44.5509 1306.5 5501.95 -5.13854 -13754.5 3263.26 -44.5509 -1306.5 -5501.95 5.13854 -13755.3 3269.24
3.96 -131.967 1397.38 5297.99 -4.48366 -13245.5 3486.89 131.967 -1397.38 -5297.99 4.48366 -13244.4 3500
3.97 164.674 1035.27 4723.38 -3.13793 -11808 2585.34 -164.674 -1035.27 -4723.38 3.13793 -11808.9 2591.02
3.98 -110.807 329.209 3755.29 -1.21871 -9388.39 821.909 110.807 -329.209 -3755.29 1.21871 -9388.08 824.136
3.99 7.06623 -444.552 2455.38 0.8773 -6138.69 -1114.9 -7.06623 444.552 -2455.38 -0.8773 -6138.21 -1107.86
4 103.211 -990.475 972.36 2.70865 -2430.37 -2473.77 -103.211 990.475 -972.36 -2.70865 -2431.43 -2478.6
