0.01 0 74.8341 -1.46912 -0.109511 3.67281 187.085 0 -74.8341 1.46912 0.109511 3.67281 187.085
0.02 0 426.012 -12.33 -0.639259 30.8249 1065.03 0 -426.012 12.33 0.639259 30.8249 1065.03
0.03 -1.21973e-12 1184.9 -51.2185 -1.75176 128.046 2962.25 1.21973e-12 -1184.9 51.2185 1.75176 128.046 2962.25
0.04 0 2253.95 -144.021 -3.25155 360.053 5634.87 0 -2253.95 144.021 3.25155 360.053 5634.87
0.05 0 3405.88 -316.047 -4.95538 790.117 8514.71 0 -3405.88 316.047 4.95538 790.117 8514.71
0.06 0 4385.13 -588.457 -6.83281 1471.14 10962.8 0 -4385.13 588.457 6.83281 1471.14 10962.8
0.07 0 5009.85 -977.6 -8.94913 2444 12524.6 0 -5009.85 977.6 8.94913 2444 12524.6
0.08 0 5248.9 -1486.34 -11.329 3715.85 13122.2 0 -5248.9 1486.34 11.329 3715.85 13122.2
0.09 -7.80626e-11 5197.05 -2084.59 -13.7537 5211.48 12992.6 7.80626e-11 -5197.05 2084.59 13.7537 5211.48 12992.6
0.1 0 5068.87 -2699.38 -15.9977 6748.45 12672.2 0 -5068.87 2699.38 15.9977 6748.45 12672.2
0.11 0 5103.28 -3238.21 -17.9844 8095.52 12758.2 0 -5103.28 3238.21 17.9844 8095.52 12758.2
0.12 0 5426.04 -3635.61 -19.7352 9089.02 13565.1 0 -5426.04 3635.61 19.7352 9089.02 13565.1
0.13 0 5987.57 -3881.33 -21.2663 9703.33 14968.9 0 -5987.57 3881.33 21.2663 9703.33 14968.9
0.14 0 6540.46 -4001.8 -22.3211 10004.5 16351.1 0 -6540.46 4001.8 22.3211 10004.5 16351.1
0.15 0 6781.8 -4012.85 -22.525 10032.1 16954.5 0 -6781.8 4012.85 22.525 10032.1 16954.5
0.16 0 6521.02 -3894.6 -21.655 9736.49 16302.5 0 -6521.02 3894.6 21.655 9736.49 16302.5
0.17 0 5751.45 -3615.75 -19.7337 9039.37 14378.6 0 -5751.45 3615.75 19.7337 9039.37 14378.6
0.18 0 4666.47 -3175.63 -17.0709 7939.07 11666.2 0 -4666.47 3175.63 17.0709 7939.07 11666.2
0.19 0 3533.48 -2612.12 -13.9618 6530.3 8833.7 0 -3533.48 2612.12 13.9618 6530.3 8833.7
0.2 0 2584.68 -1967.42 -10.5825 4918.54 6461.69 0 -2584.68 1967.42 10.5825 4918.54 6461.69
0.21 0 1951.42 -1256.38 -7.07439 3140.96 4878.55 0 -1951.42 1256.38 7.07439 3140.96 4878.55
0.22 -1.95156e-11 1592.83 -482.119 -3.53416 1205.3 3982.08 1.95156e-11 -1592.83 482.119 3.53416 1205.3 3982.08
0.23 0 1339.09 315.213 -0.139386 -788.032 3347.71 0 -1339.09 -315.213 0.139386 -788.032 3347.71
0.24 0 950.992 1039.78 2.97311 -2599.45 2377.48 0 -950.992 -1039.78 -2.97311 -2599.45 2377.48
0.25 0 236.109 1587.38 5.76115 -3968.46 590.273 0 -236.109 -1587.38 -5.76115 -3968.46 590.273
0.26 0 -809.966 1917.36 8.14959 -4793.41 -2024.92 0 809.966 -1917.36 -8.14959 -4793.41 -2024.92
0.27 -7.80626e-11 -2011.08 2074.9 10.0755 -5187.25 -5027.7 7.80626e-11 2011.08 -2074.9 -10.0755 -5187.25 -5027.7
0.28 0 -3076.45 2138.59 11.4032 -5346.48 -7691.13 0 3076.45 -2138.59 -11.4032 -5346.48 -7691.13
0.29 0 -3753.81 2147.84 12.0215 -5369.61 -9384.53 0 3753.81 -2147.84 -12.0215 -5369.61 -9384.53
0.3 0 -3968.13 2086.3 11.9758 -5215.74 -9920.33 0 3968.13 -2086.3 -11.9758 -5215.74 -9920.33
0.31 0 -3813.39 1931.52 11.3796 -4828.8 -9533.47 0 3813.39 -1931.52 -11.3796 -4828.8 -9533.47
0.32 0 -3520.96 1706.23 10.4839 -4265.58 -8802.41 0 3520.96 -1706.23 -10.4839 -4265.58 -8802.41
0.33 0 -3347.44 1471.7 9.57226 -3679.26 -8368.6 0 3347.44 -1471.7 -9.57226 -3679.26 -8368.6
0.34 7.80626e-11 -3464.12 1275.82 8.8787 -3189.54 -8660.3 -7.80626e-11 3464.12 -1275.82 -8.8787 -3189.54 -8660.3
0.35 -3.90313e-11 -3911.53 1121.48 8.59133 -2803.7 -9778.83 3.90313e-11 3911.53 -1121.48 -8.59133 -2803.7 -9778.83
0.36 0 -4541.63 995.109 8.67888 -2487.77 -11354.1 0 4541.63 -995.109 -8.67888 -2487.77 -11354.1
0.37 0 -5091.55 918.121 9.00181 -2295.3 -12728.9 0 5091.55 -918.121 -9.00181 -2295.3 -12728.9
0.38 0 -5312.19 952.56 9.42584 -2381.4 -13280.5 0 5312.19 -952.56 -9.42584 -2381.4 -13280.5
0.39 3.90313e-11 -5084.76 1146.32 9.88375 -2865.81 -12711.9 -3.90313e-11 5084.76 -1146.32 -9.88375 -2865.81 -12711.9
0.4 -7.80626e-11 -4516.25 1475.09 10.471 -3687.72 -11290.6 7.80626e-11 4516.25 -1475.09 -10.471 -3687.72 -11290.6
0.41 0 -3852.43 1844.76 11.2116 -4611.9 -9631.08 0 3852.43 -1844.76 -11.2116 -4611.9 -9631.08
0.42 0 -3346.98 2154.84 11.9986 -5387.1 -8367.45 0 3346.98 -2154.84 -11.9986 -5387.1 -8367.45
0.43 0 -3147.46 2358.17 12.6609 -5895.41 -7868.65 0 3147.46 -2358.17 -12.6609 -5895.41 -7868.65
0.44 0 -3214.18 2461.37 13.0068 -6153.42 -8035.46 0 3214.18 -2461.37 -13.0068 -6153.42 -8035.46
0.45 0 -3380.98 2479.55 12.9872 -6198.88 -8452.44 0 3380.98 -2479.55 -12.9872 -6198.88 -8452.44
0.46 0 -3410.88 2402.4 12.5292 -6006.01 -8527.2 0 3410.88 -2402.4 -12.5292 -6006.01 -8527.2
0.47 0 -3081.92 2204.28 11.4408 -5510.7 -7704.8 0 3081.92 -2204.28 -11.4408 -5510.7 -7704.8
0.48 0 -2304.47 1876.65 9.53953 -4691.63 -5761.17 0 2304.47 -1876.65 -9.53953 -4691.63 -5761.17
0.49 0 -1152.94 1438.61 6.7628 -3596.54 -2882.36 0 1152.94 -1438.61 -6.7628 -3596.54 -2882.36
0.5 0 120.253 914.543 3.39862 -2286.36 300.631 0 -120.253 -914.543 -3.39862 -2286.36 300.631
0.51 0 1200.41 312.374 -0.0869179 -780.935 3001.03 0 -1200.41 -312.374 0.0869179 -780.935 3001.03
0.52 -1.95156e-11 1887.85 -367.33 -3.38105 918.326 4719.63 1.95156e-11 -1887.85 367.33 3.38105 918.326 4719.63
0.53 3.90313e-11 2174.68 -1101.35 -6.40455 2753.38 5436.7 -3.90313e-11 -2174.68 1101.35 6.40455 2753.38 5436.7
0.54 0 2257.33 -1827.28 -9.28754 4568.2 5643.33 0 -2257.33 1827.28 9.28754 4568.2 5643.33
0.55 0 2396.56 -2460.85 -12.026 6152.13 5991.4 0 -2396.56 2460.85 12.026 6152.13 5991.4
0.56 0 2767.49 -2932.14 -14.3774 7330.34 6918.72 0 -2767.49 2932.14 14.3774 7330.34 6918.72
0.57 0 3409.14 -3209.02 -16.0936 8022.54 8522.86 0 -3409.14 3209.02 16.0936 8022.54 8522.86
0.58 0 4196.07 -3296.51 -17.0442 8241.26 10490.2 0 -4196.07 3296.51 17.0442 8241.26 10490.2
0.59 0 4914.84 -3223.56 -17.3274 8058.9 12287.1 0 -4914.84 3223.56 17.3274 8058.9 12287.1
0.6 0 5338.15 -3029.08 -17.0399 7572.71 13345.4 0 -5338.15 3029.08 17.0399 7572.71 13345.4
0.61 0 5296.1 -2749.69 -16.0949 6874.24 13240.2 0 -5296.1 2749.69 16.0949 6874.24 13240.2
0.62 -7.80626e-11 4794.5 -2409.34 -14.4249 6023.34 11986.2 7.80626e-11 -4794.5 2409.34 14.4249 6023.34 11986.2
0.63 7.80626e-11 4017.26 -2016.34 -12.1295 5040.86 10043.1 -7.80626e-11 -4017.26 2016.34 12.1295 5040.86 10043.1
0.64 0 3266.22 -1575.74 -9.62302 3939.36 8165.54 0 -3266.22 1575.74 9.62302 3939.36 8165.54
0.65 -3.90313e-11 2817.25 -1109.31 -7.41584 2773.27 7043.13 3.90313e-11 -2817.25 1109.31 7.41584 2773.27 7043.13
0.66 3.90313e-11 2747.89 -661.391 -5.72458 1653.48 6869.72 -3.90313e-11 -2747.89 661.391 5.72458 1653.48 6869.72
0.67 -3.90313e-11 2932.7 -282.232 -4.4802 705.581 7331.76 3.90313e-11 -2932.7 282.232 4.4802 705.581 7331.76
0.68 7.31836e-12 3113.75 -6.22349 -3.45422 15.5587 7784.37 -7.31836e-12 -3113.75 6.22349 3.45422 15.5587 7784.37
0.69 2.92735e-11 3045.03 152.638 -2.5583 -381.596 7612.56 -2.92735e-11 -3045.03 -152.638 2.5583 -381.596 7612.56
0.7 -4.87891e-11 2623.6 187.657 -1.93231 -469.142 6559 4.87891e-11 -2623.6 -187.657 1.93231 -469.142 6559
0.71 3.90313e-11 1888.66 93.4354 -1.66918 -233.588 4721.65 -3.90313e-11 -1888.66 -93.4354 1.66918 -233.588 4721.65
0.72 -1.46367e-11 1016.14 -115.333 -1.74111 288.333 2540.35 1.46367e-11 -1016.14 115.333 1.74111 288.333 2540.35
0.73 0 243.75 -381.319 -1.97551 953.298 609.375 0 -243.75 381.319 1.97551 953.298 609.375
0.74 1.95156e-11 -232.917 -615.831 -2.21287 1539.58 -582.293 -1.95156e-11 232.917 615.831 2.21287 1539.58 -582.293
0.75 -3.90313e-11 -328.615 -747.358 -2.45227 1868.39 -821.537 3.90313e-11 328.615 747.358 2.45227 1868.39 -821.537
0.76 3.90313e-11 -157.453 -764.823 -2.64371 1912.06 -393.634 -3.90313e-11 157.453 764.823 2.64371 1912.06 -393.634
0.77 0 18.096 -708.706 -2.62587 1771.77 45.24 0 -18.096 708.706 2.62587 1771.77 45.24
0.78 -3.90313e-11 -77.5423 -614.333 -2.12237 1535.83 -193.856 3.90313e-11 77.5423 614.333 2.12237 1535.83 -193.856
0.79 3.90313e-11 -602.174 -467.045 -0.887079 1167.61 -1505.43 -3.90313e-11 602.174 467.045 0.887079 1167.61 -1505.43
0.8 -3.90313e-11 -1485.18 -217.86 1.03275 544.649 -3712.94 3.90313e-11 1485.18 217.86 -1.03275 544.649 -3712.94
0.81 1.46367e-11 -2493.75 160.207 3.40234 -400.517 -6234.38 -1.46367e-11 2493.75 -160.207 -3.40234 -400.517 -6234.38
0.82 0 -3352.39 638.904 5.91415 -1597.26 -8380.96 0 3352.39 -638.904 -5.91415 -1597.26 -8380.96
0.83 0 -3851.66 1159.69 8.32517 -2899.24 -9629.14 0 3851.66 -1159.69 -8.32517 -2899.24 -9629.14
0.84 7.80626e-11 -3948.34 1683.23 10.5538 -4208.08 -9870.84 -7.80626e-11 3948.34 -1683.23 -10.5538 -4208.08 -9870.84
0.85 0 -3743.12 2199.95 12.5192 -5499.87 -9357.81 0 3743.12 -2199.95 -12.5192 -5499.87 -9357.81
0.86 0 -3448.16 2688.84 14.1623 -6722.1 -8620.4 0 3448.16 -2688.84 -14.1623 -6722.1 -8620.4
0.87 0 -3304.85 3080.97 15.4254 -7702.43 -8262.13 0 3304.85 -3080.97 -15.4254 -7702.43 -8262.13
0.88 0 -3444.86 3282.99 16.2096 -8207.47 -8612.16 0 3444.86 -3282.99 -16.2096 -8207.47 -8612.16
0.89 0 -3834.9 3246.3 16.4499 -8115.75 -9587.26 0 3834.9 -3246.3 -16.4499 -8115.75 -9587.26
0.9 0 -4258.79 3009.43 16.0264 -7523.57 -10647 0 4258.79 -3009.43 -16.0264 -7523.57 -10647
0.91 0 -4427.37 2663.1 14.855 -6657.74 -11068.4 0 4427.37 -2663.1 -14.855 -6657.74 -11068.4
0.92 0 -4151.32 2271.68 12.9665 -5679.21 -10378.3 0 4151.32 -2271.68 -12.9665 -5679.21 -10378.3
0.93 -7.80626e-11 -3414.54 1833.61 10.4539 -4584.03 -8536.35 7.80626e-11 3414.54 -1833.61 -10.4539 -4584.03 -8536.35
0.94 0 -2396.74 1317.07 7.53084 -3292.67 -5991.85 0 2396.74 -1317.07 -7.53084 -3292.67 -5991.85
0.95 -3.90313e-11 -1371.04 724.556 4.42789 -1811.39 -3427.6 3.90313e-11 1371.04 -724.556 -4.42789 -1811.39 -3427.6
0.96 -1.46367e-11 -576.59 113.79 1.3978 -284.475 -1441.47 1.46367e-11 576.59 -113.79 -1.3978 -284.475 -1441.47
0.97 1.95156e-11 -155.135 -443.355 -1.25413 1108.39 -387.838 -1.95156e-11 155.135 443.355 1.25413 1108.39 -387.838
0.98 -3.90313e-11 -76.3693 -909.979 -3.34068 2274.95 -190.923 3.90313e-11 76.3693 909.979 3.34068 2274.95 -190.923
0.99 7.80626e-11 -163.849 -1283.45 -4.81459 3208.62 -409.622 -7.80626e-11 163.849 1283.45 4.81459 3208.62 -409.622
1 -7.80626e-11 -167.679 -1553.9 -5.81277 3884.75 -419.196 7.80626e-11 167.679 1553.9 5.81277 3884.75 -419.196
1.01 0 132.031 -1681.2 -6.53351 4203.01 330.077 0 -132.031 1681.2 6.53351 4203.01 330.077
1.02 7.80626e-11 773.774 -1624.96 -6.98667 4062.41 1934.44 -7.80626e-11 -773.774 1624.96 6.98667 4062.41 1934.44
1.03 -7.80626e-11 1600.95 -1397.31 -7.05907 3493.28 4002.36 7.80626e-11 -1600.95 1397.31 7.05907 3493.28 4002.36
1.04 3.90313e-11 2337.82 -1076.71 -6.62418 2691.78 5844.54 -3.90313e-11 -2337.82 1076.71 6.62418 2691.78 5844.54
1.05 0 2731.58 -762.032 -5.73637 1905.08 6828.96 0 -2731.58 762.032 5.73637 1905.08 6828.96
1.06 -5.85469e-11 2706.66 -512.484 -4.68321 1281.21 6766.66 5.85469e-11 -2706.66 512.484 4.68321 1281.21 6766.66
1.07 8.78204e-11 2363.2 -330.555 -3.71948 826.388 5908.01 -8.78204e-11 -2363.2 330.555 3.71948 826.388 5908.01
1.08 -6.83047e-11 1925.58 -194.82 -2.98912 487.05 4813.94 6.83047e-11 -1925.58 194.82 2.98912 487.05 4813.94
1.09 1.95156e-11 1644.87 -101.104 -2.53434 252.761 4112.17 -1.95156e-11 -1644.87 101.104 2.53434 252.761 4112.17
1.1 3.65918e-11 1685.32 -70.7974 -2.42653 176.993 4213.31 -3.65918e-11 -1685.32 70.7974 2.42653 176.993 4213.31
1.11 -7.31836e-11 2089.73 -127.903 -2.87238 319.757 5224.34 7.31836e-11 -2089.73 127.903 2.87238 319.757 5224.34
1.12 7.80626e-11 2730.1 -279.256 -3.95666 698.141 6825.24 -7.80626e-11 -2730.1 279.256 3.95666 698.141 6825.24
1.13 -3.90313e-11 3345.68 -517.161 -5.5033 1292.9 8364.2 3.90313e-11 -3345.68 517.161 5.5033 1292.9 8364.2
1.14 -3.90313e-11 3669.77 -830.326 -7.11573 2075.81 9174.44 3.90313e-11 -3669.77 830.326 7.11573 2075.81 9174.44
1.15 7.80626e-11 3547.16 -1203.07 -8.4099 3007.67 8867.91 -7.80626e-11 -3547.16 1203.07 8.4099 3007.67 8867.91
1.16 -7.80626e-11 3049 -1602.68 -9.34001 4006.69 7622.5 7.80626e-11 -3049 1602.68 9.34001 4006.69 7622.5
1.17 0 2422.92 -1973.21 -10.0722 4933.03 6057.29 0 -2422.92 1973.21 10.0722 4933.03 6057.29
1.18 0 1940.33 -2248.89 -10.7187 5622.23 4850.82 0 -1940.33 2248.89 10.7187 5622.23 4850.82
1.19 0 1768.14 -2377.03 -11.1577 5942.57 4420.36 0 -1768.14 2377.03 11.1577 5942.57 4420.36
1.2 7.80626e-11 1873.95 -2332.21 -11.0613 5830.54 4684.87 -7.80626e-11 -1873.95 2332.21 11.0613 5830.54 4684.87
1.21 0 2082.42 -2118.29 -10.2463 5295.72 5206.06 0 -2082.42 2118.29 10.2463 5295.72 5206.06
1.22 7.80626e-11 2167.13 -1764.21 -8.76468 4410.51 5417.82 -7.80626e-11 -2167.13 1764.21 8.76468 4410.51 5417.82
1.23 0 1925 -1315.59 -6.77193 3288.98 4812.49 0 -1925 1315.59 6.77193 3288.98 4812.49
1.24 -3.90313e-11 1277.53 -819.14 -4.37547 2047.85 3193.82 3.90313e-11 -1277.53 819.14 4.37547 2047.85 3193.82
1.25 3.90313e-11 294.085 -302.632 -1.54812 756.579 735.212 -3.90313e-11 -294.085 302.632 1.54812 756.579 735.212
1.26 -3.90313e-11 -802.511 232.87 1.61346 -582.174 -2006.28 3.90313e-11 802.511 -232.87 -1.61346 -582.174 -2006.28
1.27 3.90313e-11 -1707.09 793.405 4.76629 -1983.51 -4267.72 -3.90313e-11 1707.09 -793.405 -4.76629 -1983.51 -4267.72
1.28 0 -2200.71 1358.88 7.47061 -3397.2 -5501.79 0 2200.71 -1358.88 -7.47061 -3397.2 -5501.79
1.29 0 -2247.47 1871.01 9.41425 -4677.54 -5618.67 0 2247.47 -1871.01 -9.41425 -4677.54 -5618.67
1.3 7.80626e-11 -2025.98 2258.69 10.645 -5646.73 -5064.95 -7.80626e-11 2025.98 -2258.69 -10.645 -5646.73 -5064.95
1.31 -1.56125e-10 -1823.46 2478.08 11.3946 -6195.21 -4558.65 1.56125e-10 1823.46 -2478.08 -11.3946 -6195.21 -4558.65
1.32 0 -1856.63 2527.59 11.798 -6318.97 -4641.58 0 1856.63 -2527.59 -11.798 -6318.97 -4641.58
1.33 0 -2192.13 2425.2 11.8153 -6062.99 -5480.31 0 2192.13 -2425.2 -11.8153 -6062.99 -5480.31
1.34 -7.80626e-11 -2717.37 2181.99 11.2818 -5454.98 -6793.43 7.80626e-11 2717.37 -2181.99 -11.2818 -5454.98 -6793.43
1.35 1.56125e-10 -3214.07 1809.12 10.1686 -4522.81 -8035.18 -1.56125e-10 3214.07 -1809.12 -10.1686 -4522.81 -8035.18
1.36 0 -3465.76 1348.67 8.6247 -3371.67 -8664.4 0 3465.76 -1348.67 -8.6247 -3371.67 -8664.4
1.37 -3.90313e-11 -3320.74 882.408 6.83758 -2206.02 -8301.86 3.90313e-11 3320.74 -882.408 -6.83758 -2206.02 -8301.86
1.38 9.75782e-11 -2785.42 492.776 4.98279 -1231.94 -6963.55 -9.75782e-11 2785.42 -492.776 -4.98279 -1231.94 -6963.55
1.39 -1.17094e-10 -2032.66 207.933 3.17149 -519.832 -5081.65 1.17094e-10 2032.66 -207.933 -3.17149 -519.832 -5081.65
1.4 7.31836e-11 -1337.79 -7.34105 1.57374 18.3526 -3344.47 -7.31836e-11 1337.79 7.34105 -1.57374 18.3526 -3344.47
1.41 9.75782e-12 -968.674 -197.883 0.439759 494.707 -2421.68 -9.75782e-12 968.674 197.883 -0.439759 494.707 -2421.68
1.42 -7.80626e-11 -1020.82 -356.802 -0.0625816 892.005 -2552.05 7.80626e-11 1020.82 356.802 0.0625816 892.005 -2552.05
1.43 1.17094e-10 -1381.51 -423.038 0.090146 1057.6 -3453.77 -1.17094e-10 1381.51 423.038 -0.090146 1057.6 -3453.77
1.44 -9.75782e-11 -1794.54 -341.033 0.715353 852.581 -4486.35 9.75782e-11 1794.54 341.033 -0.715353 852.581 -4486.35
1.45 3.41524e-11 -1985.34 -118.344 1.5483 295.86 -4963.36 -3.41524e-11 1985.34 118.344 -1.5483 295.86 -4963.36
1.46 4.87891e-11 -1813.16 180.314 2.39897 -450.786 -4532.89 -4.87891e-11 1813.16 -180.314 -2.39897 -450.786 -4532.89
1.47 -1.17094e-10 -1298.54 490.234 3.14088 -1225.59 -3246.35 1.17094e-10 1298.54 -490.234 -3.14088 -1225.59 -3246.35
1.48 1.17094e-10 -606.174 784.807 3.74512 -1962.02 -1515.44 -1.17094e-10 606.174 -784.807 -3.74512 -1962.02 -1515.44
1.49 -3.90313e-11 21.0576 1053.92 4.20637 -2634.79 52.6441 3.90313e-11 -21.0576 -1053.92 -4.20637 -2634.79 52.6441
1.5 0 382.505 1258.02 4.49429 -3145.06 956.263 0 -382.505 -1258.02 -4.49429 -3145.06 956.263
1.51 7.80626e-11 390.545 1323.77 4.56104 -3309.42 976.362 -7.80626e-11 -390.545 -1323.77 -4.56104 -3309.42 976.362
1.52 -1.17094e-10 141.954 1197.76 4.2582 -2994.4 354.886 1.17094e-10 -141.954 -1197.76 -4.2582 -2994.4 354.886
1.53 7.80626e-11 -111.529 900.785 3.42165 -2251.96 -278.822 -7.80626e-11 111.529 -900.785 -3.42165 -2251.96 -278.822
1.54 0 -103.485 516.263 1.96577 -1290.66 -258.711 0 103.485 -516.263 -1.96577 -1290.66 -258.711
1.55 -6.83047e-11 322.679 120.058 -0.0623738 -300.144 806.697 6.83047e-11 -322.679 -120.058 0.0623738 -300.144 806.697
1.56 1.07336e-10 1109.01 -275.219 -2.44561 688.048 2772.53 -1.07336e-10 -1109.01 275.219 2.44561 688.048 2772.53
1.57 -7.80626e-11 2022.86 -705.345 -4.95257 1763.36 5057.16 7.80626e-11 -2022.86 705.345 4.95257 1763.36 5057.16
1.58 3.90313e-11 2788.51 -1189.37 -7.38811 2973.41 6971.29 -3.90313e-11 -2788.51 1189.37 7.38811 2973.41 6971.29
1.59 7.80626e-11 3189.99 -1686.84 -9.55927 4217.09 7974.98 -7.80626e-11 -3189.99 1686.84 9.55927 4217.09 7974.98
1.6 -7.80626e-11 3168.83 -2120.19 -11.2694 5300.48 7922.08 7.80626e-11 -3168.83 2120.19 11.2694 5300.48 7922.08
1.61 7.80626e-11 2821.22 -2429.05 -12.3033 6072.62 7053.06 -7.80626e-11 -2821.22 2429.05 12.3033 6072.62 7053.06
1.62 0 2353.01 -2594.57 -12.5939 6486.44 5882.51 0 -2353.01 2594.57 12.5939 6486.44 5882.51
1.63 0 2016.97 -2616.85 -12.2866 6542.13 5042.41 0 -2016.97 2616.85 12.2866 6542.13 5042.41
1.64 1.56125e-10 1975.62 -2484.43 -11.594 6211.08 4939.04 -1.56125e-10 -1975.62 2484.43 11.594 6211.08 4939.04
1.65 -7.80626e-11 2223.06 -2180.2 -10.6288 5450.49 5557.64 7.80626e-11 -2223.06 2180.2 10.6288 5450.49 5557.64
1.66 7.80626e-11 2568.36 -1718.35 -9.2706 4295.87 6420.91 -7.80626e-11 -2568.36 1718.35 9.2706 4295.87 6420.91
1.67 0 2720.92 -1164.3 -7.34799 2910.76 6802.3 0 -2720.92 1164.3 7.34799 2910.76 6802.3
1.68 -3.90313e-11 2476.81 -607.948 -4.90715 1519.87 6192.03 3.90313e-11 -2476.81 607.948 4.90715 1519.87 6192.03
1.69 1.07336e-10 1816.17 -114.658 -2.24782 286.644 4540.42 -1.07336e-10 -1816.17 114.658 2.24782 286.644 4540.42
1.7 -1.17094e-10 915.071 299.476 0.218246 -748.69 2287.68 1.17094e-10 -915.071 -299.476 -0.218246 -748.69 2287.68
1.71 7.80626e-11 52.1889 649.268 2.24949 -1623.17 130.472 -7.80626e-11 -52.1889 -649.268 -2.24949 -1623.17 130.472
1.72 0 -539.944 943.412 3.81806 -2358.53 -1349.86 0 539.944 -943.412 -3.81806 -2358.53 -1349.86
1.73 -7.80626e-11 -737.734 1166.7 4.91256 -2916.75 -1844.33 7.80626e-11 737.734 -1166.7 -4.91256 -2916.75 -1844.33
1.74 7.80626e-11 -572.866 1290.52 5.44132 -3226.29 -1432.17 -7.80626e-11 572.866 -1290.52 -5.44132 -3226.29 -1432.17
1.75 -1.56125e-10 -219.688 1291.45 5.27822 -3228.61 -549.221 1.56125e-10 219.688 -1291.45 -5.27822 -3228.61 -549.221
1.76 3.90313e-11 77.7255 1161.43 4.49451 -2903.58 194.314 -3.90313e-11 -77.7255 -1161.43 -4.49451 -2903.58 194.314
1.77 7.80626e-11 85.0189 910.427 3.43312 -2276.07 212.547 -7.80626e-11 -85.0189 -910.427 -3.43312 -2276.07 212.547
1.78 -1.17094e-10 -282.247 568.453 2.45615 -1421.13 -705.617 1.17094e-10 282.247 -568.453 -2.45615 -1421.13 -705.617
1.79 1.17094e-10 -901.665 186.522 1.70281 -466.305 -2254.16 -1.17094e-10 901.665 -186.522 -1.70281 -466.305 -2254.16
1.8 -5.85469e-11 -1509.32 -172.386 1.02313 430.965 -3773.29 5.85469e-11 1509.32 172.386 -1.02313 430.965 -3773.29
1.81 -3.90313e-11 -1830.73 -452.215 0.235356 1130.54 -4576.82 3.90313e-11 1830.73 452.215 -0.235356 1130.54 -4576.82
1.82 7.80626e-11 -1756.2 -617.481 -0.573491 1543.7 -4390.5 -7.80626e-11 1756.2 617.481 0.573491 1543.7 -4390.5
1.83 -1.56125e-10 -1380.71 -652.793 -1.089 1631.98 -3451.77 1.56125e-10 1380.71 652.793 1.089 1631.98 -3451.77
1.84 1.17094e-10 -932.816 -557.403 -1.00385 1393.51 -2332.04 -1.17094e-10 932.816 557.403 1.00385 1393.51 -2332.04
1.85 -1.95156e-11 -668.694 -346.193 -0.265003 865.483 -1671.74 1.95156e-11 668.694 346.193 0.265003 865.483 -1671.74
1.86 -7.31836e-11 -743.31 -53.9674 0.945404 134.919 -1858.27 7.31836e-11 743.31 53.9674 -0.945404 134.919 -1858.27
1.87 1.26852e-10 -1174.99 272.758 2.45331 -681.895 -2937.48 -1.26852e-10 1174.99 -272.758 -2.45331 -681.895 -2937.48
1.88 -1.17094e-10 -1836.4 601.549 4.1768 -1503.87 -4591 1.17094e-10 1836.4 -601.549 -4.1768 -1503.87 -4591
1.89 3.90313e-11 -2478.9 933.167 6.04769 -2332.92 -6197.26 -3.90313e-11 2478.9 -933.167 -6.04769 -2332.92 -6197.26
1.9 0 -2844.6 1285.52 7.85205 -3213.81 -7111.5 0 2844.6 -1285.52 -7.85205 -3213.81 -7111.5
1.91 -1.56125e-10 -2769.14 1651.19 9.22776 -4127.96 -6922.85 1.56125e-10 2769.14 -1651.19 -9.22776 -4127.96 -6922.85
1.92 1.56125e-10 -2285.5 1971.63 9.91144 -4929.08 -5713.75 -1.56125e-10 2285.5 -1971.63 -9.91144 -4929.08 -5713.75
1.93 0 -1623.3 2161.09 9.89375 -5402.74 -4058.25 0 1623.3 -2161.09 -9.89375 -5402.74 -4058.25
1.94 0 -1067.36 2162.75 9.37885 -5406.88 -2668.41 0 1067.36 -2162.75 -9.37885 -5406.88 -2668.41
1.95 7.80626e-11 -819.902 1981.41 8.56523 -4953.52 -2049.76 -7.80626e-11 819.902 -1981.41 -8.56523 -4953.52 -2049.76
1.96 -1.56125e-10 -888.956 1660.99 7.45161 -4152.49 -2222.39 1.56125e-10 888.956 -1660.99 -7.45161 -4152.49 -2222.39
1.97 7.80626e-11 -1104.59 1238.33 5.91657 -3095.82 -2761.47 -7.80626e-11 1104.59 -1238.33 -5.91657 -3095.82 -2761.47
1.98 0 -1233.28 728.472 3.88632 -1821.18 -3083.2 0 1233.28 -728.472 -3.88632 -1821.18 -3083.2
1.99 -8.78204e-11 -1068.34 154.764 1.45053 -386.91 -2670.84 8.78204e-11 1068.34 -154.764 -1.45053 -386.91 -2670.84
2 1.17094e-10 -530.723 -420.709 -1.1601 1051.77 -1326.81 -1.17094e-10 530.723 420.709 1.1601 1051.77 -1326.81
2.01 -1.17094e-10 300.255 -915.688 -3.70857 2289.22 750.638 1.17094e-10 -300.255 915.688 3.70857 2289.22 750.638
2.02 0 1212.85 -1284.58 -5.98346 3211.45 3032.13 0 -1212.85 1284.58 5.98346 3211.45 3032.13
2.03 7.80626e-11 1920.29 -1548.1 -7.79128 3870.25 4800.72 -7.80626e-11 -1920.29 1548.1 7.79128 3870.25 4800.72
2.04 -7.80626e-11 2209.59 -1755.43 -8.96281 4388.58 5523.98 7.80626e-11 -2209.59 1755.43 8.96281 4388.58 5523.98
2.05 7.80626e-11 2044.63 -1915.44 -9.3889 4788.6 5111.57 -7.80626e-11 -2044.63 1915.44 9.3889 4788.6 5111.57
2.06 -7.80626e-11 1588.41 -1972.06 -9.10248 4930.14 3971.02 7.80626e-11 -1588.41 1972.06 9.10248 4930.14 3971.02
2.07 0 1131.17 -1854.73 -8.25657 4636.82 2827.93 0 -1131.17 1854.73 8.25657 4636.82 2827.93
2.08 7.80626e-11 916.441 -1552 -7.05047 3879.99 2291.1 -7.80626e-11 -916.441 1552 7.05047 3879.99 2291.1
2.09 -7.80626e-11 1039.23 -1129.38 -5.67005 2823.44 2598.08 7.80626e-11 -1039.23 1129.38 5.67005 2823.44 2598.08
2.1 7.80626e-11 1417.73 -677.241 -4.24025 1693.1 3544.33 -7.80626e-11 -1417.73 677.241 4.24025 1693.1 3544.33
2.11 -2.92735e-11 1839.39 -250.705 -2.84182 626.763 4598.48 2.92735e-11 -1839.39 250.705 2.84182 626.763 4598.48
2.12 -3.90313e-11 2080.16 135.724 -1.50899 -339.309 5200.4 3.90313e-11 -2080.16 -135.724 1.50899 -339.309 5200.4
2.13 9.75782e-11 1980.37 464.489 -0.250303 -1161.22 4950.92 -9.75782e-11 -1980.37 -464.489 0.250303 -1161.22 4950.92
2.14 -1.17094e-10 1525.87 686.253 0.869488 -1715.63 3814.67 1.17094e-10 -1525.87 -686.253 -0.869488 -1715.63 3814.67
2.15 7.80626e-11 878.487 749.047 1.68641 -1872.62 2196.22 -7.80626e-11 -878.487 -749.047 -1.68641 -1872.62 2196.22
2.16 3.90313e-11 302.358 652.051 1.96577 -1630.13 755.895 -3.90313e-11 -302.358 -652.051 -1.96577 -1630.13 755.895
2.17 -5.85469e-11 57.7151 456.575 1.55084 -1141.44 144.288 5.85469e-11 -57.7151 -456.575 -1.55084 -1141.44 144.288
2.18 8.78204e-11 246.885 235.624 0.508116 -589.061 617.212 -8.78204e-11 -246.885 -235.624 -0.508116 -589.061 617.212
2.19 -7.44034e-11 752.052 13.5936 -0.901577 -33.9841 1880.13 7.44034e-11 -752.052 -13.5936 0.901577 -33.9841 1880.13
2.2 1.95156e-11 1312.35 -239.516 -2.3771 598.79 3280.87 -1.95156e-11 -1312.35 239.516 2.3771 598.79 3280.87
2.21 3.90313e-11 1644.36 -554.117 -3.73045 1385.29 4110.91 -3.90313e-11 -1644.36 554.117 3.73045 1385.29 4110.91
2.22 -7.80626e-11 1591.44 -907.748 -4.87718 2269.37 3978.6 7.80626e-11 -1591.44 907.748 4.87718 2269.37 3978.6
2.23 7.80626e-11 1170.44 -1227.27 -5.70891 3068.18 2926.1 -7.80626e-11 -1170.44 1227.27 5.70891 3068.18 2926.1
2.24 -7.80626e-11 533.573 -1436.89 -6.05826 3592.23 1333.93 7.80626e-11 -533.573 1436.89 6.05826 3592.23 1333.93
2.25 0 -82.9883 -1498.87 -5.80607 3747.17 -207.471 0 82.9883 1498.87 5.80607 3747.17 -207.471
2.26 7.80626e-11 -468.412 -1412.13 -5.02245 3530.32 -1171.03 -7.80626e-11 468.412 1412.13 5.02245 3530.32 -1171.03
2.27 -7.80626e-11 -516.304 -1185.26 -3.93023 2963.15 -1290.76 7.80626e-11 516.304 1185.26 3.93023 2963.15 -1290.76
2.28 7.80626e-11 -284.85 -825.397 -2.68267 2063.49 -712.124 -7.80626e-11 284.85 825.397 2.68267 2063.49 -712.124
2.29 -3.90313e-11 -4.43936 -354.592 -1.21112 886.48 -11.0984 3.90313e-11 4.43936 354.592 1.21112 886.48 -11.0984
2.3 -3.90313e-11 52.6529 174.921 0.678935 -437.302 131.632 3.90313e-11 -52.6529 -174.921 -0.678935 -437.302 131.632
2.31 7.80626e-11 -285.692 692.838 3.02141 -1732.1 -714.231 -7.80626e-11 285.692 -692.838 -3.02141 -1732.1 -714.231
2.32 -1.17094e-10 -982.875 1142.7 5.52446 -2856.76 -2457.19 1.17094e-10 982.875 -1142.7 -5.52446 -2856.76 -2457.19
2.33 0 -1800.53 1503.25 7.72152 -3758.13 -4501.31 0 1800.53 -1503.25 -7.72152 -3758.13 -4501.31
2.34 7.80626e-11 -2448.93 1779.85 9.27579 -4449.63 -6122.32 -7.80626e-11 2448.93 -1779.85 -9.27579 -4449.63 -6122.32
2.35 -7.80626e-11 -2713.23 1978.98 10.1391 -4947.45 -6783.07 7.80626e-11 2713.23 -1978.98 -10.1391 -4947.45 -6783.07
2.36 1.56125e-10 -2541.35 2092.08 10.4146 -5230.2 -6353.37 -1.56125e-10 2541.35 -2092.08 -10.4146 -5230.2 -6353.37
2.37 -7.80626e-11 -2047.65 2097.12 10.1331 -5242.8 -5119.13 7.80626e-11 2047.65 -2097.12 -10.1331 -5242.8 -5119.13
2.38 0 -1438.62 1969.34 9.22364 -4923.34 -3596.55 0 1438.62 -1969.34 -9.22364 -4923.34 -3596.55
2.39 7.80626e-11 -957.829 1693.56 7.69276 -4233.91 -2394.57 -7.80626e-11 957.829 -1693.56 -7.69276 -4233.91 -2394.57
2.4 -7.80626e-11 -781.524 1276.54 5.77949 -3191.34 -1953.81 7.80626e-11 781.524 -1276.54 -5.77949 -3191.34 -1953.81
2.41 7.80626e-11 -930.828 757.211 3.84191 -1893.03 -2327.07 -7.80626e-11 930.828 -757.211 -3.84191 -1893.03 -2327.07
2.42 -2.92735e-11 -1255.01 205.312 2.08875 -513.279 -3137.52 2.92735e-11 1255.01 -205.312 -2.08875 -513.279 -3137.52
2.43 -5.85469e-11 -1477.51 -300.969 0.45822 752.423 -3693.77 5.85469e-11 1477.51 300.969 -0.45822 752.423 -3693.77
2.44 1.17094e-10 -1364.93 -705.979 -1.21679 1764.95 -3412.32 -1.17094e-10 1364.93 705.979 1.21679 1764.95 -3412.32
2.45 -1.17094e-10 -863.523 -989.606 -2.90824 2474.01 -2158.81 1.17094e-10 863.523 989.606 2.90824 2474.01 -2158.81
2.46 3.90313e-11 -123.441 -1153.24 -4.31316 2883.1 -308.602 -3.90313e-11 123.441 1153.24 4.31316 2883.1 -308.602
2.47 0 571.722 -1198.43 -5.0676 2996.08 1429.31 0 -571.722 1198.43 5.0676 2996.08 1429.31
2.48 -3.90313e-11 973.411 -1124.5 -5.02105 2811.24 2433.53 3.90313e-11 -973.411 1124.5 5.02105 2811.24 2433.53
2.49 7.80626e-11 967.916 -946.331 -4.31737 2365.83 2419.79 -7.80626e-11 -967.916 946.331 4.31737 2365.83 2419.79
2.5 -7.80626e-11 602.746 -702.795 -3.20906 1756.99 1506.87 7.80626e-11 -602.746 702.795 3.20906 1756.99 1506.87
2.51 1.95156e-11 70.8767 -434.304 -1.87337 1085.76 177.192 -1.95156e-11 -70.8767 434.304 1.87337 1085.76 177.192
2.52 3.41524e-11 -381.728 -151.609 -0.411869 379.024 -954.32 -3.41524e-11 381.728 151.609 0.411869 379.024 -954.32
2.53 -6.83047e-11 -533.011 162.764 1.03485 -406.91 -1332.53 6.83047e-11 533.011 -162.764 -1.03485 -406.91 -1332.53
2.54 5.85469e-11 -285.389 512.223 2.21906 -1280.56 -713.472 -5.85469e-11 285.389 -512.223 -2.21906 -1280.56 -713.472
2.55 -7.80626e-11 261.084 845.032 2.91496 -2112.58 652.709 7.80626e-11 -261.084 -845.032 -2.91496 -2112.58 652.709
2.56 0 863.49 1066.2 3.07345 -2665.5 2158.73 0 -863.49 -1066.2 -3.07345 -2665.5 2158.73
2.57 3.90313e-11 1244.48 1100.73 2.82126 -2751.83 3111.21 -3.90313e-11 -1244.48 -1100.73 -2.82126 -2751.83 3111.21
2.58 -7.80626e-11 1252.57 946.237 2.32227 -2365.59 3131.43 7.80626e-11 -1252.57 -946.237 -2.32227 -2365.59 3131.43
2.59 7.80626e-11 948.185 661.907 1.60301 -1654.77 2370.46 -7.80626e-11 -948.185 -661.907 -1.60301 -1654.77 2370.46
2.6 -1.95156e-11 541.912 309.938 0.56338 -774.845 1354.78 1.95156e-11 -541.912 -309.938 -0.56338 -774.845 1354.78
2.61 -3.90313e-11 294.024 -85.2969 -0.880865 213.242 735.06 3.90313e-11 -294.024 85.2969 0.880865 213.242 735.06
2.62 5.85469e-11 377.421 -518.937 -2.68992 1297.34 943.553 -5.85469e-11 -377.421 518.937 2.68992 1297.34 943.553
2.63 -7.80626e-11 807.391 -959.165 -4.66569 2397.91 2018.48 7.80626e-11 -807.391 959.165 4.66569 2397.91 2018.48
2.64 0 1453.67 -1338.63 -6.54403 3346.57 3634.17 0 -1453.67 1338.63 6.54403 3346.57 3634.17
2.65 7.80626e-11 2066.62 -1600.45 -8.06734 4001.12 5166.55 -7.80626e-11 -2066.62 1600.45 8.06734 4001.12 5166.55
2.66 -7.80626e-11 2388.74 -1744.31 -9.01437 4360.77 5971.85 7.80626e-11 -2388.74 1744.31 9.01437 4360.77 5971.85
2.67 7.80626e-11 2266.18 -1813.79 -9.26106 4534.48 5665.46 -7.80626e-11 -2266.18 1813.79 9.26106 4534.48 5665.46
2.68 0 1724.93 -1832.76 -8.79216 4581.9 4312.32 0 -1724.93 1832.76 8.79216 4581.9 4312.32
2.69 0 989.194 -1761.85 -7.71151 4404.62 2472.98 0 -989.194 1761.85 7.71151 4404.62 2472.98
2.7 7.80626e-11 350.633 -1529.68 -6.18914 3824.2 876.584 -7.80626e-11 -350.633 1529.68 6.18914 3824.2 876.584
2.71 -3.90313e-11 24.5747 -1109.12 -4.36821 2772.79 61.4368 3.90313e-11 -24.5747 1109.12 4.36821 2772.79 61.4368
2.72 3.90313e-11 51.1781 -557.329 -2.37457 1393.32 127.945 -3.90313e-11 -51.1781 557.329 2.37457 1393.32 127.945
2.73 1.21973e-11 279.752 20.4209 -0.32336 -51.0523 699.381 -1.21973e-11 -279.752 -20.4209 0.32336 -51.0523 699.381
2.74 -3.90313e-11 482.095 541.889 1.66633 -1354.72 1205.24 3.90313e-11 -482.095 -541.889 -1.66633 -1354.72 1205.24
2.75 7.80626e-11 449.527 980.12 3.4925 -2450.3 1123.82 -7.80626e-11 -449.527 -980.12 -3.4925 -2450.3 1123.82
2.76 0 80.8069 1332.92 5.12579 -3332.3 202.017 0 -80.8069 -1332.92 -5.12579 -3332.3 202.017
2.77 -7.80626e-11 -561.639 1579.48 6.52129 -3948.7 -1404.1 7.80626e-11 561.639 -1579.48 -6.52129 -3948.7 -1404.1
2.78 7.80626e-11 -1284.18 1681.76 7.53504 -4204.41 -3210.45 -7.80626e-11 1284.18 -1681.76 -7.53504 -4204.41 -3210.45
2.79 -7.80626e-11 -1813.12 1625.86 7.9271 -4064.65 -4532.79 7.80626e-11 1813.12 -1625.86 -7.9271 -4064.65 -4532.79
2.8 0 -1927.76 1448.3 7.48874 -3620.75 -4819.41 0 1927.76 -1448.3 -7.48874 -3620.75 -4819.41
2.81 0 -1590.95 1210.38 6.27158 -3025.94 -3977.36 0 1590.95 -1210.38 -6.27158 -3025.94 -3977.36
2.82 -7.80626e-11 -965.808 945.657 4.58704 -2364.14 -2414.52 7.80626e-11 965.808 -945.657 -4.58704 -2364.14 -2414.52
2.83 1.17094e-10 -354.17 640.329 2.81665 -1600.82 -885.426 -1.17094e-10 354.17 -640.329 -2.81665 -1600.82 -885.426
2.84 -7.80626e-11 -23.6471 268.988 1.20347 -672.47 -59.1177 7.80626e-11 23.6471 -268.988 -1.20347 -672.47 -59.1177
2.85 9.75782e-12 -75.8159 -154.54 -0.225906 386.349 -189.54 -9.75782e-12 75.8159 154.54 0.225906 386.349 -189.54
2.86 5.85469e-11 -434.67 -564.465 -1.46415 1411.16 -1086.67 -5.85469e-11 434.67 564.465 1.46415 1411.16 -1086.67
2.87 -7.80626e-11 -888.37 -877.968 -2.39361 2194.92 -2220.93 7.80626e-11 888.37 877.968 2.39361 2194.92 -2220.93
2.88 7.80626e-11 -1210 -1040.53 -2.85251 2601.33 -3025 -7.80626e-11 1210 1040.53 2.85251 2601.33 -3025
2.89 -3.90313e-11 -1241.3 -1041.1 -2.78507 2602.74 -3103.26 3.90313e-11 1241.3 1041.1 2.78507 2602.74 -3103.26
2.9 0 -942.378 -895.973 -2.34916 2239.93 -2355.94 0 942.378 895.973 2.34916 2239.93 -2355.94
2.91 7.80626e-11 -440.713 -631.257 -1.72321 1578.14 -1101.78 -7.80626e-11 440.713 631.257 1.72321 1578.14 -1101.78
2.92 -1.17094e-10 25.0906 -280.728 -0.896952 701.82 62.7265 1.17094e-10 -25.0906 280.728 0.896952 701.82 62.7265
2.93 7.80626e-11 201.881 110.781 0.294443 -276.952 504.702 -7.80626e-11 -201.881 -110.781 -0.294443 -276.952 504.702
2.94 0 -40.501 493.817 1.95569 -1234.54 -101.252 0 40.501 -493.817 -1.95569 -1234.54 -101.252
2.95 -7.80626e-11 -602.636 830.069 3.85646 -2075.17 -1506.59 7.80626e-11 602.636 -830.069 -3.85646 -2075.17 -1506.59
2.96 1.17094e-10 -1219.6 1101.37 5.51479 -2753.42 -3049 -1.17094e-10 1219.6 -1101.37 -5.51479 -2753.42 -3049
2.97 -7.80626e-11 -1590.53 1302.31 6.52918 -3255.79 -3976.32 7.80626e-11 1590.53 -1302.31 -6.52918 -3255.79 -3976.32
2.98 0 -1536.16 1427.33 6.78852 -3568.32 -3840.41 0 1536.16 -1427.33 -6.78852 -3568.32 -3840.41
2.99 0 -1082.94 1465.32 6.46308 -3663.29 -2707.35 0 1082.94 -1465.32 -6.46308 -3663.29 -2707.35
3 -7.80626e-11 -402.009 1401.1 5.71129 -3502.75 -1005.02 7.80626e-11 402.009 -1401.1 -5.71129 -3502.75 -1005.02
3.01 7.80626e-11 262.04 1217.68 4.53121 -3044.2 655.099 -7.80626e-11 -262.04 -1217.68 -4.53121 -3044.2 655.099
3.02 -3.90313e-11 694.318 900.569 2.90181 -2251.42 1735.79 3.90313e-11 -694.318 -900.569 -2.90181 -2251.42 1735.79
3.03 -1.95156e-11 792.061 450.932 0.927968 -1127.33 1980.15 1.95156e-11 -792.061 -450.932 -0.927968 -1127.33 1980.15
3.04 6.34258e-11 590.014 -94.598 -1.10201 236.495 1475.04 -6.34258e-11 -590.014 94.598 1.10201 236.495 1475.04
3.05 -7.80626e-11 283.163 -658.539 -2.9386 1646.35 707.907 7.80626e-11 -283.163 658.539 2.9386 1646.35 707.907
3.06 3.90313e-11 132.17 -1149.82 -4.56639 2874.54 330.424 -3.90313e-11 -132.17 1149.82 4.56639 2874.54 330.424
3.07 0 322.523 -1507.84 -6.08646 3769.61 806.307 0 -322.523 1507.84 6.08646 3769.61 806.307
3.08 -7.80626e-11 862.089 -1724.4 -7.51983 4311.01 2155.22 7.80626e-11 -862.089 1724.4 7.51983 4311.01 2155.22
3.09 0 1541.91 -1823.09 -8.62812 4557.72 3854.77 0 -1541.91 1823.09 8.62812 4557.72 3854.77
3.1 0 2066.63 -1818.92 -9.04509 4547.3 5166.58 0 -2066.63 1818.92 9.04509 4547.3 5166.58
3.11 0 2208.23 -1703.22 -8.5892 4258.04 5520.56 0 -2208.23 1703.22 8.5892 4258.04 5520.56
3.12 0 1902.12 -1468.79 -7.34863 3671.96 4755.29 0 -1902.12 1468.79 7.34863 3671.96 4755.29
3.13 0 1278.97 -1139.3 -5.62219 2848.24 3197.42 0 -1278.97 1139.3 5.62219 2848.24 3197.42
3.14 0 570.507 -761.49 -3.69209 1903.72 1426.27 0 -570.507 761.49 3.69209 1903.72 1426.27
3.15 0 25.5903 -367.285 -1.70949 918.211 63.9757 0 -25.5903 367.285 1.70949 918.211 63.9757
3.16 -9.75782e-12 -176.764 46.1724 0.187978 -115.431 -441.91 9.75782e-12 176.764 -46.1724 -0.187978 -115.431 -441.91
3.17 0 -18.212 486.276 1.8558 -1215.69 -45.53 0 18.212 -486.276 -1.8558 -1215.69 -45.53
3.18 0 362.702 913.938 3.13385 -2284.85 906.754 0 -362.702 -913.938 -3.13385 -2284.85 906.754
3.19 0 708.03 1236.39 3.93835 -3090.98 1770.08 0 -708.03 -1236.39 -3.93835 -3090.98 1770.08
3.2 0 772.824 1364.5 4.33486 -3411.24 1932.06 0 -772.824 -1364.5 -4.33486 -3411.24 1932.06
3.21 0 475.924 1280.8 4.39143 -3201.99 1189.81 0 -475.924 -1280.8 -4.39143 -3201.99 1189.81
3.22 0 -72.7294 1048.46 4.12722 -2621.14 -181.823 0 72.7294 -1048.46 -4.12722 -2621.14 -181.823
3.23 0 -615.003 751.924 3.48491 -1879.81 -1537.51 0 615.003 -751.924 -3.48491 -1879.81 -1537.51
3.24 0 -894.65 432.825 2.38987 -1082.06 -2236.62 0 894.65 -432.825 -2.38987 -1082.06 -2236.62
3.25 1.95156e-11 -789.581 87.5866 0.902303 -218.966 -1973.95 -1.95156e-11 789.581 -87.5866 -0.902303 -218.966 -1973.95
3.26 -1.95156e-11 -337.442 -281.341 -0.821865 703.352 -843.604 1.95156e-11 337.442 281.341 0.821865 703.352 -843.604
3.27 0 266.524 -629.794 -2.53033 1574.48 666.309 0 -266.524 629.794 2.53033 1574.48 666.309
3.28 0 763.887 -895.924 -3.92409 2239.81 1909.72 0 -763.887 895.924 3.92409 2239.81 1909.72
3.29 0 933.594 -1053.32 -4.77327 2633.31 2333.98 0 -933.594 1053.32 4.77327 2633.31 2333.98
3.3 0 672.738 -1125.87 -4.92843 2814.68 1681.85 0 -672.738 1125.87 4.92843 2814.68 1681.85
3.31 0 80.8238 -1141.71 -4.42968 2854.28 202.059 0 -80.8238 1141.71 4.42968 2854.28 202.059
3.32 0 -593.484 -1080.58 -3.45834 2701.45 -1483.71 0 593.484 1080.58 3.45834 2701.45 -1483.71
3.33 3.90313e-11 -1067.83 -881.312 -2.18667 2203.28 -2669.59 -3.90313e-11 1067.83 881.312 2.18667 2203.28 -2669.59
3.34 0 -1166.04 -507.022 -0.739412 1267.55 -2915.1 0 1166.04 507.022 0.739412 1267.55 -2915.1
3.35 -9.14796e-12 -927.948 0.72449 0.865669 -1.81122 -2319.87 9.14796e-12 927.948 -0.72449 -0.865669 -1.81122 -2319.87
3.36 1.95156e-11 -549.899 536.922 2.58002 -1342.31 -1374.75 -1.95156e-11 549.899 -536.922 -2.58002 -1342.31 -1374.75
3.37 0 -281.291 1002.2 4.25153 -2505.5 -703.226 0 281.291 -1002.2 -4.25153 -2505.5 -703.226
3.38 0 -304.597 1354.63 5.73699 -3386.58 -761.492 0 304.597 -1354.63 -5.73699 -3386.58 -761.492
3.39 0 -644.506 1598.84 6.92513 -3997.1 -1611.27 0 644.506 -1598.84 -6.92513 -3997.1 -1611.27
3.4 0 -1189.43 1740.21 7.79127 -4350.52 -2973.59 0 1189.43 -1740.21 -7.79127 -4350.52 -2973.59
3.41 7.80626e-11 -1712.5 1762.57 8.26839 -4406.43 -4281.26 -7.80626e-11 1712.5 -1762.57 -8.26839 -4406.43 -4281.26
3.42 0 -1958.89 1649.67 8.13503 -4124.17 -4897.22 0 1958.89 -1649.67 -8.13503 -4124.17 -4897.22
3.43 0 -1772.38 1416 7.20106 -3539.99 -4430.95 0 1772.38 -1416 -7.20106 -3539.99 -4430.95
3.44 0 -1164.81 1103.57 5.46207 -2758.92 -2912.04 0 1164.81 -1103.57 -5.46207 -2758.92 -2912.04
3.45 0 -355.87 746.713 3.23148 -1866.78 -889.675 0 355.87 -746.713 -3.23148 -1866.78 -889.675
3.46 1.95156e-11 340.303 349.055 0.984232 -872.637 850.758 -1.95156e-11 -340.303 -349.055 -0.984232 -872.637 850.758
3.47 -9.75782e-12 687.433 -99.1458 -0.998122 247.865 1718.58 9.75782e-12 -687.433 99.1458 0.998122 247.865 1718.58
3.48 1.95156e-11 626.726 -582.832 -2.6715 1457.08 1566.81 -1.95156e-11 -626.726 582.832 2.6715 1457.08 1566.81
3.49 -3.90313e-11 310.553 -1044.45 -4.1308 2611.11 776.383 3.90313e-11 -310.553 1044.45 4.1308 2611.11 776.383
3.5 0 -16.9303 -1405.53 -5.3635 3513.82 -42.3257 0 16.9303 1405.53 5.3635 3513.82 -42.3257
3.51 0 -145.353 -1605.83 -6.16444 4014.59 -363.382 0 145.353 1605.83 6.16444 4014.59 -363.382
3.52 0 34.4092 -1625.32 -6.40032 4063.29 86.023 0 -34.4092 1625.32 6.40032 4063.29 86.023
3.53 0 473.418 -1480.3 -6.10475 3700.75 1183.54 0 -473.418 1480.3 6.10475 3700.75 1183.54
3.54 0 1005.15 -1208.97 -5.44833 3022.43 2512.88 0 -1005.15 1208.97 5.44833 3022.43 2512.88
3.55 0 1392.05 -858.945 -4.53734 2147.36 3480.12 0 -1392.05 858.945 4.53734 2147.36 3480.12
3.56 0 1416.01 -477.488 -3.25166 1193.72 3540.02 0 -1416.01 477.488 3.25166 1193.72 3540.02
3.57 -1.95156e-11 1021.2 -101.302 -1.50789 253.256 2552.99 1.95156e-11 -1021.2 101.302 1.50789 253.256 2552.99
3.58 2.92735e-11 346.154 249.859 0.537603 -624.646 865.384 -2.92735e-11 -346.154 -249.859 -0.537603 -624.646 865.384
3.59 -1.95156e-11 -314.908 566.62 2.45264 -1416.55 -787.27 1.95156e-11 314.908 -566.62 -2.45264 -1416.55 -787.27
3.6 0 -664.803 834.942 3.74934 -2087.36 -1662.01 0 664.803 -834.942 -3.74934 -2087.36 -1662.01
3.61 0 -579.41 1030.31 4.27662 -2575.78 -1448.52 0 579.41 -1030.31 -4.27662 -2575.78 -1448.52
3.62 0 -133.435 1127.3 4.18138 -2818.26 -333.587 0 133.435 -1127.3 -4.18138 -2818.26 -333.587
3.63 3.90313e-11 441.17 1111.18 3.69951 -2777.95 1102.92 -3.90313e-11 -441.17 -1111.18 -3.69951 -2777.95 1102.92
3.64 -3.90313e-11 886.706 977.048 2.94576 -2442.62 2216.77 3.90313e-11 -886.706 -977.048 -2.94576 -2442.62 2216.77
3.65 0 1040.2 720.505 1.84819 -1801.26 2600.51 0 -1040.2 -720.505 -1.84819 -1801.26 2600.51
3.66 3.90313e-11 859.634 341.024 0.428193 -852.56 2149.09 -3.90313e-11 -859.634 -341.024 -0.428193 -852.56 2149.09
3.67 -4.87891e-11 458.779 -134.158 -1.14423 335.395 1146.95 4.87891e-11 -458.779 134.158 1.14423 335.395 1146.95
3.68 3.90313e-11 55.0657 -632.501 -2.65426 1581.25 137.664 -3.90313e-11 -55.0657 632.501 2.65426 1581.25 137.664
3.69 0 -123.034 -1056.84 -3.96565 2642.09 -307.585 0 123.034 1056.84 3.96565 2642.09 -307.585
3.7 0 67.3924 -1337.13 -5.13261 3342.82 168.481 0 -67.3924 1337.13 5.13261 3342.82 168.481
3.71 7.80626e-11 562.71 -1467.5 -6.15336 3668.75 1406.77 -7.80626e-11 -562.71 1467.5 6.15336 3668.75 1406.77
3.72 -7.80626e-11 1125.37 -1489.58 -6.8452 3723.94 2813.42 7.80626e-11 -1125.37 1489.58 6.8452 3723.94 2813.42
3.73 7.80626e-11 1462.66 -1437.24 -6.9311 3593.09 3656.64 -7.80626e-11 -1462.66 1437.24 6.9311 3593.09 3656.64
3.74 0 1370.4 -1302.28 -6.18216 3255.69 3426.01 0 -1370.4 1302.28 6.18216 3255.69 3426.01
3.75 -3.90313e-11 859.331 -1056.44 -4.67688 2641.1 2148.33 3.90313e-11 -859.331 1056.44 4.67688 2641.1 2148.33
3.76 3.90313e-11 110.554 -699.475 -2.70186 1748.69 276.386 -3.90313e-11 -110.554 699.475 2.70186 1748.69 276.386
3.77 -1.95156e-11 -611.79 -275.011 -0.564072 687.528 -1529.48 1.95156e-11 611.79 275.011 0.564072 687.528 -1529.48
3.78 -9.75782e-12 -1067.38 164.168 1.48396 -410.421 -2668.45 9.75782e-12 1067.38 -164.168 -1.48396 -410.421 -2668.45
3.79 3.90313e-11 -1150.65 597.13 3.34041 -1492.83 -2876.63 -3.90313e-11 1150.65 -597.13 -3.34041 -1492.83 -2876.63
3.8 -7.80626e-11 -899.603 1027 4.90913 -2567.49 -2249.01 7.80626e-11 899.603 -1027 -4.90913 -2567.49 -2249.01
3.81 7.80626e-11 -502.363 1430.89 6.09855 -3577.22 -1255.91 -7.80626e-11 502.363 -1430.89 -6.09855 -3577.22 -1255.91
3.82 0 -219.787 1732.41 6.88584 -4331.03 -549.468 0 219.787 -1732.41 -6.88584 -4331.03 -549.468
3.83 -7.80626e-11 -239.916 1840.47 7.24044 -4601.18 -599.791 7.80626e-11 239.916 -1840.47 -7.24044 -4601.18 -599.791
3.84 7.80626e-11 -595.894 1722.53 7.1805 -4306.32 -1489.73 -7.80626e-11 595.894 -1722.53 -7.1805 -4306.32 -1489.73
3.85 0 -1114.89 1435.66 6.68196 -3589.15 -2787.22 0 1114.89 -1435.66 -6.68196 -3589.15 -2787.22
3.86 3.90313e-11 -1517.83 1078.74 5.68724 -2696.86 -3794.58 -3.90313e-11 1517.83 -1078.74 -5.68724 -2696.86 -3794.58
3.87 3.90313e-11 -1581.76 714.91 4.23276 -1787.27 -3954.39 -3.90313e-11 1581.76 -714.91 -4.23276 -1787.27 -3954.39
3.88 -7.80626e-11 -1227.62 344.74 2.38892 -861.849 -3069.06 7.80626e-11 1227.62 -344.74 -2.38892 -861.849 -3069.06
3.89 7.31836e-11 -573.742 -50.44 0.332544 126.1 -1434.35 -7.31836e-11 573.742 50.44 -0.332544 126.1 -1434.35
3.9 -1.95156e-11 143.975 -452.699 -1.69579 1131.75 359.938 1.95156e-11 -143.975 452.699 1.69579 1131.75 359.938
3.91 0 674.485 -803.961 -3.45241 2009.9 1686.21 0 -674.485 803.961 3.45241 2009.9 1686.21
3.92 3.90313e-11 826.852 -1054.3 -4.64359 2635.75 2067.13 -3.90313e-11 -826.852 1054.3 4.64359 2635.75 2067.13
3.93 -7.80626e-11 576.541 -1199.12 -5.12113 2997.81 1441.35 7.80626e-11 -576.541 1199.12 5.12113 2997.81 1441.35
3.94 0 65.6342 -1259.06 -4.92426 3147.66 164.086 0 -65.6342 1259.06 4.92426 3147.66 164.086
3.95 0 -443.772 -1230.73 -4.24417 3076.82 -1109.43 0 443.772 1230.73 4.24417 3076.82 -1109.43
3.96 -3.90313e-11 -682.637 -1072.93 -3.34401 2682.33 -1706.59 3.90313e-11 682.637 1072.93 3.34401 2682.33 -1706.59
3.97 7.80626e-11 -546.068 -750.802 -2.29605 1877 -1365.17 -7.80626e-11 546.068 750.802 2.29605 1877 -1365.17
3.98 -5.85469e-11 -126.081 -291.958 -1.05621 729.894 -315.203 5.85469e-11 126.081 291.958 1.05621 729.894 -315.203
3.99 2.92735e-11 333.504 209.277 0.396194 -523.192 833.761 -2.92735e-11 -333.504 -209.277 -0.396194 -523.192 833.761
4 0 572.357 647.891 1.97032 -1619.73 1430.89 0 -572.357 -647.891 -1.97032 -1619.73 1430.89
