0.01 -4.55879 -0.522462 2.20432 4.20647 -0.939194 1.4187 4.55879 0.522462 -2.20432 -4.20647 -5.67376 -2.98609
0.02 -42.1154 0.281186 12.7594 33.0601 2.53446 20.4451 42.1154 -0.281186 -12.7594 -33.0601 -40.8126 -19.6016
0.03 -190.26 24.7737 22.6167 128.275 65.7253 128.662 190.26 -24.7737 -22.6167 -128.275 -133.575 -54.3411
0.04 -573.278 143.455 -35.0299 338.749 364.021 499.194 573.278 -143.455 35.0299 -338.749 -258.932 -68.8278
0.05 -1327.02 470.358 -294.568 696.843 1194.26 1385.56 1327.02 -470.358 294.568 -696.843 -310.561 25.5099
0.06 -2563.82 1100.09 -887.239 1200.56 2838.17 2997.42 2563.82 -1100.09 887.239 -1200.56 -176.453 302.841
0.07 -4345.72 2033.48 -1840.54 1818.49 5377.86 5357.47 4345.72 -2033.48 1840.54 -1818.49 143.766 742.97
0.08 -6650.56 3170.35 -3055.67 2511.1 8642.11 8272.96 6650.56 -3170.35 3055.67 -2511.1 524.912 1238.1
0.09 -9341.25 4380.25 -4395.03 3243.58 12340.1 11446.6 9341.25 -4380.25 4395.03 -3243.58 844.967 1694.13
0.1 -12173.5 5572.96 -5783.3 3982.64 16234.8 14606.6 12173.5 -5572.96 5783.3 -3982.64 1115.06 2112.3
0.11 -14862.7 6694.54 -7209.55 4684.42 20175.3 17532.9 14862.7 -6694.54 7209.55 -4684.42 1453.3 2550.68
0.12 -17179.8 7670.19 -8638.26 5290.48 23988 20000.4 17179.8 -7670.19 8638.26 -5290.48 1926.79 3010.19
0.13 -19005 8383.16 -9947.26 5740.23 27396.5 21762.5 19005 -8383.16 9947.26 -5740.23 2445.23 3386.98
0.14 -20302.7 8731.77 -10977.6 5988.56 30097.1 22638.1 20302.7 -8731.77 10977.6 -5988.56 2835.59 3557.19
0.15 -21050.3 8702.6 -11641.9 6014.76 31910.7 22608.9 21050.3 -8702.6 11641.9 -6014.76 3014.97 3498.93
0.16 -21191.3 8368.14 -11963.2 5817.62 32826.4 21797.3 21191.3 -8368.14 11963.2 -5817.62 3063.29 3307.14
0.17 -20647.8 7802.26 -11994.7 5404.97 32870.1 20325.3 20647.8 -7802.26 11994.7 -5404.97 3114.01 3081.47
0.18 -19364.9 7005.38 -11710.3 4790.16 31942.5 18199.6 19364.9 -7005.38 11710.3 -4790.16 3188.52 2816.56
0.19 -17341.1 5924.19 -10992.3 3997.55 29816.3 15352.3 17341.1 -5924.19 10992.3 -3997.55 3160.59 2420.31
0.2 -14626.3 4545.15 -9733.85 3069.11 26315 11799.3 14626.3 -4545.15 9733.85 -3069.11 2886.53 1836.14
0.21 -11314 2959.46 -7951.57 2062.7 21501.4 7750.64 11314 -2959.46 7951.57 -2062.7 2353.31 1127.73
0.22 -7550.16 1331.61 -5794.15 1041.18 15694.7 3561.49 7550.16 -1331.61 5794.15 -1041.18 1687.7 433.331
0.23 -3545.78 -190.447 -3448.81 60.5342 9317.31 -418.876 3545.78 190.447 3448.81 -60.5342 1029.12 -152.464
0.24 439.505 -1530.3 -1046.72 -834.951 2728.06 -3954.22 -439.505 1530.3 1046.72 834.951 412.098 -636.666
0.25 4153.58 -2660.78 1346.04 -1610.38 -3815.51 -6910.9 -4153.58 2660.78 -1346.04 1610.38 -222.619 -1071.44
0.26 7414.89 -3551.57 3667.01 -2237.14 -10082.1 -9193.37 -7414.89 3551.57 -3667.01 2237.14 -918.952 -1461.35
0.27 10136.6 -4157.92 5809.53 -2694.97 -15801.4 -10729.5 -10136.6 4157.92 -5809.53 2694.97 -1627.23 -1744.23
0.28 12298.9 -4461.26 7642.54 -2977.94 -20691.7 -11522.9 -12298.9 4461.26 -7642.54 2977.94 -2235.94 -1860.94
0.29 13900.2 -4506.21 9069.34 -3098.44 -24541.4 -11692.1 -13900.2 4506.21 -9069.34 3098.44 -2666.6 -1826.55
0.3 14928.4 -4383.37 10058 -3084.54 -27248.6 -11428.9 -14928.4 4383.37 -10058 3084.54 -2925.49 -1721.24
0.31 15368 -4172.37 10615.8 -2972.52 -28781.2 -10901.6 -15368 4172.37 -10615.8 2972.52 -3066.18 -1615.52
0.32 15227.3 -3905.03 10743.7 -2799.83 -29116 -10198.8 -15227.3 3905.03 -10743.7 2799.83 -3115.12 -1516.32
0.33 14557 -3584.3 10425.4 -2602.54 -28233.7 -9364.27 -14557 3584.3 -10425.4 2602.54 -3042.54 -1388.64
0.34 13452.2 -3232.81 9661.5 -2415.59 -26182.2 -8478.26 -13452.2 3232.81 -9661.5 2415.59 -2802.32 -1220.18
0.35 12044.3 -2916.1 8512.48 -2271.83 -23145.8 -7694.77 -12044.3 2916.1 -8512.48 2271.83 -2391.61 -1053.52
0.36 10490.5 -2717.35 7106.15 -2197.68 -19449 -7197.43 -10490.5 2717.35 -7106.15 2197.68 -1869.49 -954.632
0.37 8959.01 -2691.77 5602.59 -2207.51 -15485.5 -7117.42 -8959.01 2691.77 -5602.59 2207.51 -1322.33 -957.881
0.38 7605.53 -2843.76 4146.49 -2300.85 -11624.4 -7484.79 -7605.53 2843.76 -4146.49 2300.85 -815.04 -1046.5
0.39 6543.37 -3139.72 2840.76 -2463.98 -8150.68 -8238.04 -6543.37 3139.72 -2840.76 2463.98 -371.612 -1181.12
0.4 5822.78 -3532.7 1750.5 -2674.19 -5258.54 -9260.75 -5822.78 3532.7 -1750.5 2674.19 7.04466 -1337.34
0.41 5431.14 -3972.19 920.892 -2903.17 -3076.36 -10404.9 -5431.14 3972.19 -920.892 2903.17 313.688 -1511.65
0.42 5313.35 -4398.04 388.051 -3118.44 -1687.03 -11496.6 -5313.35 4398.04 -388.051 3118.44 522.877 -1697.5
0.43 5398.77 -4737.92 174.806 -3284.27 -1128.23 -12348.5 -5398.77 4737.92 -174.806 3284.27 603.81 -1865.3
0.44 5619.5 -4921.21 278.816 -3364.48 -1379.13 -12792.9 -5619.5 4921.21 -278.816 3364.48 542.685 -1970.74
0.45 5913.18 -4900.02 665.023 -3327.33 -2349.48 -12719.2 -5913.18 4900.02 -665.023 3327.33 354.407 -1980.89
0.46 6214.71 -4658.38 1268.58 -3150.6 -3881.08 -12085.5 -6214.71 4658.38 -1268.58 3150.6 75.3346 -1889.67
0.47 6445.96 -4202.42 2004.98 -2824.21 -5760.14 -10897.9 -6445.96 4202.42 -2004.98 2824.21 -254.788 -1709.4
0.48 6512.04 -3543.52 2779.14 -2350.18 -7731.85 -9179.33 -6512.04 3543.52 -2779.14 2350.18 -605.57 -1451.23
0.49 6308.2 -2690.95 3488.58 -1741.23 -9512.51 -6956.76 -6308.2 2690.95 -3488.58 1741.23 -953.247 -1116.1
0.5 5736.42 -1659.18 4023.89 -1019.91 -10804.3 -4274.8 -5736.42 1659.18 -4023.89 1019.91 -1267.35 -702.736
0.51 4726.39 -480.664 4275.28 -218.076 -11323.2 -1220.43 -4726.39 480.664 -4275.28 218.076 -1502.62 -221.568
0.52 3253.39 788.091 4150.26 624.292 -10842.7 2064.03 -3253.39 -788.091 -4150.26 -624.292 -1608.11 300.242
0.53 1346.48 2071.72 3596.07 1462.28 -9239.41 5389.59 -1346.48 -2071.72 -3596.07 -1462.28 -1548.79 825.575
0.54 -915.287 3287.93 2612.98 2250.66 -6517.54 8545.64 915.287 -3287.93 -2612.98 -2250.66 -1321.4 1318.16
0.55 -3416.1 4359.65 1248.81 2948.35 -2796.22 11330 3416.1 -4359.65 -1248.81 -2948.35 -950.222 1748.93
0.56 -6021.14 5224.01 -420.406 3521.43 1728.49 13575.7 6021.14 -5224.01 420.406 -3521.43 -467.274 2096.3
0.57 -8593.63 5838.18 -2308.08 3944.75 6820.41 15169.9 8593.63 -5838.18 2308.08 -3944.75 103.832 2344.59
0.58 -11007.3 6182.55 -4320.93 4202.99 12217.4 16063.6 11007.3 -6182.55 4320.93 -4202.99 745.427 2484.03
0.59 -13151.6 6260.85 -6351.85 4291.77 17625.8 16269.8 13151.6 -6260.85 6351.85 -4291.77 1429.74 2512.71
0.6 -14931.3 6096.81 -8275.57 4218.48 22718.4 15852.3 14931.3 -6096.81 8275.57 -4218.48 2108.33 2438.08
0.61 -16261 5728.16 -9957.18 4001.84 27151.6 14908.3 16261 -5728.16 9957.18 -4001.84 2719.91 2276.18
0.62 -17064.9 5199.98 -11270.8 3669.7 30602.3 13551.6 17064.9 -5199.98 11270.8 -3669.7 3210.04 2048.37
0.63 -17281.6 4559.44 -12116 3255.7 32803.6 11901.4 17281.6 -4559.44 12116 -3255.7 3544.58 1776.97
0.64 -16877.1 3853.49 -12424.8 2795.88 33567.8 10078.1 16877.1 -3853.49 12424.8 -2795.88 3706.7 1482.38
0.65 -15858.8 3129.19 -12161.3 2325.75 32798.7 8204.53 15858.8 -3129.19 12161.3 -2325.75 3685.22 1183.05
0.66 -14281.5 2434.69 -11323.9 1877.97 30501.6 6406.54 14281.5 -2434.69 11323.9 -1877.97 3470.14 897.528
0.67 -12244.2 1817.54 -9951.93 1479.88 26794.1 4807 12244.2 -1817.54 9951.93 -1479.88 3061.64 645.617
0.68 -9876.44 1318.83 -8129.78 1151.14 21906.9 3510.61 9876.44 -1318.83 8129.78 -1151.14 2482.47 445.886
0.69 -7321.24 964.658 -5980.29 901.905 16161.4 2583.73 7321.24 -964.658 5980.29 -901.905 1779.45 310.245
0.7 -4719.29 759.295 -3646.77 732.165 9929.63 2038.4 4719.29 -759.295 3646.77 -732.165 1010.69 239.49
0.71 -2197.32 684.186 -1273.19 632.581 3590 1829.1 2197.32 -684.186 1273.19 -632.581 229.579 223.455
0.72 138.771 703.076 1007.3 586.21 -2500.44 1863.77 -138.771 -703.076 -1007.3 -586.21 -521.447 245.459
0.73 2206.19 770.183 3073.99 570.629 -8016.69 2023.3 -2206.19 -770.183 -3073.99 -570.629 -1205.28 287.251
0.74 3943.88 837.626 4817.83 560.143 -12670.8 2181.82 -3943.88 -837.626 -4817.83 -560.143 -1782.71 331.057
0.75 5310.01 860.648 6146.16 528.206 -16224.8 2222.79 -5310.01 -860.648 -6146.16 -528.206 -2213.64 359.155
0.76 6281.14 801.41 6993.81 450.173 -18514.2 2050.17 -6281.14 -801.41 -6993.81 -450.173 -2467.17 354.061
0.77 6855.09 632.231 7334.03 306.126 -19470.4 1595.51 -6855.09 -632.231 -7334.03 -306.126 -2531.67 301.186
0.78 7056.06 337.668 7182.84 83.2521 -19132.1 820.712 -7056.06 -337.668 -7182.84 -83.2521 -2416.4 192.291
0.79 6938.29 -85.6035 6595.45 -222.716 -17641.1 -283.417 -6938.29 85.6035 -6595.45 222.716 -2145.21 26.6066
0.8 6583.99 -630.673 5658.91 -607.091 -15227.3 -1700.78 -6583.99 630.673 -5658.91 607.091 -1749.44 -191.241
0.81 6094.14 -1281.88 4484.55 -1056.63 -12187.9 -3391.68 -6094.14 1281.88 -4484.55 1056.63 -1265.8 -453.946
0.82 5574.51 -2014.14 3200.2 -1550.47 -8862.53 -5290.55 -5574.51 2014.14 -3200.2 1550.47 -738.053 -751.869
0.83 5121.02 -2791.02 1939.84 -2061.64 -5602.77 -7302.15 -5121.02 2791.02 -1939.84 2061.64 -216.756 -1070.92
0.84 4808.64 -3564.46 830.155 -2559.07 -2737.03 -9302.45 -4808.64 3564.46 -830.155 2559.07 246.571 -1390.92
0.85 4685.51 -4278.58 -23.1668 -3010.3 -538.726 -11148.4 -4685.51 4278.58 23.1668 3010.3 608.226 -1687.31
0.86 4772.31 -4877.2 -544.715 -3384.37 795.568 -12695.9 -4772.31 4877.2 544.715 3384.37 838.576 -1935.66
0.87 5065.23 -5311.97 -692.376 -3654.56 1154.57 -13819.7 -5065.23 5311.97 692.376 3654.56 922.559 -2116.22
0.88 5540.38 -5548.26 -456.005 -3800.6 511.589 -14429 -5540.38 5548.26 456.005 3800.6 856.425 -2215.82
0.89 6157.9 -5567.76 144.501 -3810.22 -1078.73 -14475.8 -6157.9 5567.76 -144.501 3810.22 645.224 -2227.49
0.9 6864.51 -5368.66 1059.69 -3680.09 -3482.62 -13956.3 -6864.51 5368.66 -1059.69 3680.09 303.562 -2149.68
0.91 7594.67 -4964.57 2210.86 -3416.15 -6490.62 -12907.2 -7594.67 4964.57 -2210.86 3416.15 -141.953 -1986.55
0.92 8271.7 -4382.32 3493.21 -3033.23 -9827.38 -11398.5 -8271.7 4382.32 -3493.21 3033.23 -652.259 -1748.43
0.93 8810.92 -3658.75 4783.68 -2553.9 -13171.6 -9525.08 -8810.92 3658.75 -4783.68 2553.9 -1179.45 -1451.18
0.94 9126.1 -2836.93 5952.63 -2006.51 -16184.7 -7396.9 -9126.1 2836.93 -5952.63 2006.51 -1673.2 -1113.88
0.95 9138.79 -1962.79 6876.76 -1422.78 -18543.4 -5131.95 -9138.79 1962.79 -6876.76 1422.78 -2086.85 -756.422
0.96 8788.91 -1083.05 7450.57 -835.221 -19970.6 -2851.02 -8788.91 1083.05 -7450.57 835.221 -2381.11 -398.139
0.97 8043.46 -243.668 7595.28 -274.644 -20260.2 -673.312 -8043.46 243.668 -7595.28 274.644 -2525.62 -57.6927
0.98 6901.24 512.362 7265.3 232.101 -19295.5 1289.9 -6901.24 -512.362 -7265.3 -232.101 -2500.43 247.18
0.99 5392.45 1148.63 6452.18 664.046 -17058.4 2944.78 -5392.45 -1148.63 -6452.18 -664.046 -2298.16 501.11
1 3574.11 1639.78 5185.64 1007.56 -13630.9 4225.89 -3574.11 -1639.78 -5185.64 -1007.56 -1926.03 693.435
1.01 1523.05 1975.07 3530.73 1257.14 -9186.16 5105.13 -1523.05 -1975.07 -3530.73 -1257.14 -1406.04 820.08
1.02 -671.165 2159.63 1581.68 1415.42 -3972.84 5594.99 671.165 -2159.63 -1581.68 -1415.42 -772.206 883.902
1.03 -2912.08 2212.9 -546.357 1492.4 1705.38 5745.17 2912.08 -2212.9 546.357 -1492.4 -66.3136 893.525
1.04 -5100.65 2165.06 -2725.64 1504.09 7510.94 5633.61 5100.65 -2165.06 2725.64 -1504.09 665.991 861.558
1.05 -7138.77 2052.49 -4823.62 1470.61 13093.3 5354.53 7138.77 -2052.49 4823.62 -1470.61 1377.61 802.939
1.06 -8933.15 1913.18 -6710.6 1414.17 18110.1 5006.05 8933.15 -1913.18 6710.6 -1414.17 2021.74 733.504
1.07 -10400.3 1782.65 -8268.41 1356.81 22250.8 4679.41 10400.3 -1782.65 8268.41 -1356.81 2554.43 668.546
1.08 -11472.9 1690.76 -9399.98 1318.24 25261.2 4450.98 11472.9 -1690.76 9399.98 -1318.24 2938.73 621.292
1.09 -12105.7 1659.69 -10038.5 1313.87 26966.3 4377.44 12105.7 -1659.69 10038.5 -1313.87 3149.17 601.636
1.1 -12281.3 1702.99 -10153.7 1353.33 27286.5 4493.52 12281.3 -1702.99 10153.7 -1353.33 3174.67 615.46
1.11 -12012 1825.21 -9754.38 1439.57 26244.2 4811.09 12012 -1825.21 9754.38 -1439.57 3018.92 664.549
1.12 -11338.7 2021.78 -8885.99 1568.67 23959.2 5318.6 11338.7 -2021.78 8885.99 -1568.67 2698.77 746.75
1.13 -10326.1 2278.86 -7626.02 1730.3 20636.1 5980.51 10326.1 -2278.86 7626.02 -1730.3 2241.99 856.079
1.14 -9055 2573.55 -6076.64 1908.65 16544.7 6737.86 9055 -2573.55 6076.64 -1908.65 1685.23 982.798
1.15 -7614.13 2875.01 -4356.34 2084 11997.3 7511.21 7614.13 -2875.01 4356.34 -2084 1071.69 1113.82
1.16 -6092.97 3147 -2590.37 2234.55 7323.2 8207.23 6092.97 -3147 2590.37 -2234.55 447.923 1233.76
1.17 -4576.25 3351.74 -901.055 2338.53 2843.52 8728.61 4576.25 -3351.74 901.055 -2338.53 -140.357 1326.6
1.18 -3140.17 3454.49 601.271 2376.3 -1151.47 8985.78 3140.17 -3454.49 -601.271 -2376.3 -652.345 1377.68
1.19 -1849.49 3427.82 1825.59 2332.3 -4421.63 8907.98 1849.49 -3427.82 -1825.59 -2332.3 -1055.14 1375.47
1.2 -754.844 3254.82 2705.74 2196.57 -6791.83 8451.67 754.844 -3254.82 -2705.74 -2196.57 -1325.38 1312.78
1.21 110.228 2930.71 3204.37 1965.77 -8162.97 7604.76 -110.228 -2930.71 -3204.37 -1965.77 -1450.15 1187.38
1.22 731.946 2462.88 3315.59 1643.67 -8518.94 6386.66 -731.946 -2462.88 -3315.59 -1643.67 -1427.83 1001.98
1.23 1117.99 1869.64 3065.69 1241.02 -7928.28 4845.07 -1117.99 -1869.64 -3065.69 -1241.02 -1268.78 763.861
1.24 1297.27 1178.29 2511.33 774.837 -6538.88 3050.62 -1297.27 -1178.29 -2511.33 -774.837 -995.108 484.25
1.25 1317.17 422.739 1734.44 267.128 -4564.59 1090.86 -1317.17 -422.739 -1734.44 -267.128 -638.725 177.358
1.26 1238.36 -358.848 834.28 -256.818 -2264.83 -935.862 -1238.36 358.848 -834.28 256.818 -238.014 -140.682
1.27 1127.83 -1126.46 -82.1279 -770.402 80.2399 -2926.41 -1127.83 1126.46 82.1279 770.402 166.144 -452.977
1.28 1051.35 -1840.65 -909.792 -1247.78 2195.36 -4778.96 -1051.35 1840.65 909.792 1247.78 534.02 -742.996
1.29 1066.73 -2465.1 -1554.64 -1665.8 3833.91 -6399.66 -1066.73 2465.1 1554.64 1665.8 830.025 -995.649
1.3 1218.91 -2969.35 -1940.97 -2005.78 4797.7 -7709.69 -1218.91 2969.35 1940.97 2005.78 1025.21 -1198.35
1.31 1537.02 -3331.44 -2017.06 -2254.75 4951.74 -8652.25 -1537.02 3331.44 2017.06 2254.75 1099.43 -1342.07
1.32 2033.27 -3540.18 -1758.86 -2406.34 4233.53 -9198.27 -2033.27 3540.18 1758.86 2406.34 1043.04 -1422.27
1.33 2702.94 -3596.25 -1171.4 -2461.06 2656.55 -9349.4 -2702.94 3596.25 1171.4 2461.06 857.647 -1439.36
1.34 3524.83 -3511.98 -287.998 -2425.95 308.226 -9137.29 -3524.83 3511.98 287.998 2425.95 555.768 -1398.65
1.35 4462.11 -3309.57 832.55 -2313.73 -2657.13 -8619.18 -4462.11 3309.57 -832.55 2313.73 159.475 -1309.53
1.36 5463.76 -3018.29 2110.4 -2141.49 -6029.74 -7870.59 -5463.76 3018.29 -2110.4 2141.49 -301.475 -1184.29
1.37 6467.12 -2671.11 3450.54 -1929.05 -9559.79 -6976.59 -6467.12 2671.11 -3450.54 1929.05 -791.826 -1036.75
1.38 7401.89 -2301.39 4749.87 -1697.15 -12976.3 -6023.24 -7401.89 2301.39 -4749.87 1697.15 -1273.32 -880.934
1.39 8195.53 -1940.03 5905.4 -1465.61 -16008.6 -5090.13 -8195.53 1940.03 -5905.4 1465.61 -1707.59 -729.947
1.4 8779.59 -1613.2 6822.78 -1251.64 -18408.9 -4244.65 -8779.59 1613.2 -6822.78 1251.64 -2059.46 -594.943
1.41 9096.03 -1340.71 7424.37 -1068.44 -19973.1 -3537.79 -9096.03 1340.71 -7424.37 1068.44 -2300.04 -484.347
1.42 9102.68 -1134.89 7655.7 -924.199 -20557.9 -3001.36 -9102.68 1134.89 -7655.7 924.199 -2409.22 -403.302
1.43 8776.78 -999.94 7489.72 -821.574 -20092 -2646.42 -8776.78 999.94 -7489.72 821.574 -2377.17 -353.402
1.44 8116.56 -931.796 6928.3 -757.742 -18580.2 -2462.69 -8116.56 931.796 -6928.3 757.742 -2204.74 -332.693
1.45 7140.7 -918.457 6001.46 -724.914 -16101.4 -2419.48 -7140.7 918.457 -6001.46 724.914 -1902.98 -335.89
1.46 5886.39 -941.024 4764.41 -711.316 -12801.1 -2468.22 -5886.39 941.024 -4764.41 711.316 -1492.14 -354.847
1.47 4406.42 -975.507 3292.99 -702.524 -8878.99 -2547.22 -4406.42 975.507 -3292.99 702.524 -999.974 -379.299
1.48 2765.91 -995.397 1677.9 -683.027 -4574.03 -2588.26 -2765.91 995.397 -1677.9 683.027 -459.677 -397.932
1.49 1038.71 -974.735 18.0381 -637.878 -146.844 -2524.53 -1038.71 974.735 -18.0381 637.878 92.7293 -399.67
1.5 -696.502 -891.212 -1586.61 -554.285 4138.69 -2298.65 696.502 891.212 1586.61 554.285 621.13 -374.982
1.51 -2360.6 -728.806 -3041.99 -422.978 8033.98 -1869.44 2360.6 728.806 3041.99 422.978 1092 -316.977
1.52 -3878.94 -479.558 -4266.64 -239.25 11323.2 -1216.55 3878.94 479.558 4266.64 239.25 1476.77 -222.127
1.53 -5186.4 -144.331 -5197.39 -3.56374 13838.3 -342.415 5186.4 144.331 5197.39 3.56374 1753.85 -90.5777
1.54 -6232.14 267.375 -5793.77 278.309 15471.2 728.225 6232.14 -267.375 5793.77 -278.309 1910.06 73.8991
1.55 -6983.23 738.382 -6040.69 595.634 16180.4 1950.89 6983.23 -738.382 6040.69 -595.634 1941.63 264.252
1.56 -7426.62 1245.33 -5948.94 933.51 15992.5 3265.24 7426.62 -1245.33 5948.94 -933.51 1854.29 470.739
1.57 -7569.2 1760.49 -5553.39 1274.04 14997.6 4599.75 7569.2 -1760.49 5553.39 -1274.04 1662.56 681.703
1.58 -7435.99 2253.82 -4909.27 1597.8 13339.5 5877 7435.99 -2253.82 4909.27 -1597.8 1388.26 884.473
1.59 -7067 2695.16 -4086.69 1885.39 11201.8 7019.15 7067 -2695.16 4086.69 -1885.39 1058.31 1066.33
1.6 -6513.16 3056.4 -3164.47 2119.07 8791.05 7953.75 6513.16 -3056.4 3164.47 -2119.07 702.371 1215.46
1.61 -5832 3313.82 -2223.61 2284.19 6320.38 8619.55 5832 -3313.82 2223.61 -2284.19 350.464 1321.93
1.62 -5083.52 3450.12 -1341.04 2370.39 3992.47 8971.87 5083.52 -3450.12 1341.04 -2370.39 30.6642 1378.49
1.63 -4326.11 3456.08 -584.038 2372.39 1985.03 8986.94 4326.11 -3456.08 584.038 -2372.39 -232.915 1381.3
1.64 -3612.95 3331.59 -5.5004 2290.45 438.347 8664.44 3612.95 -3331.59 5.5004 -2290.45 -421.846 1330.32
1.65 -2988.46 3085.69 359.585 2130.26 -554.088 8027.73 2988.46 -3085.69 -359.585 -2130.26 -524.666 1229.32
1.66 -2485.34 2735.69 496.336 1902.44 -951.422 7121.55 2485.34 -2735.69 -496.336 -1902.44 -537.587 1085.53
1.67 -2122.06 2305.5 410.614 1621.62 -767.268 6007.6 2122.06 -2305.5 -410.614 -1621.62 -464.575 908.912
1.68 -1901.52 1823.28 128.05 1305.26 -67.323 4758.62 1901.52 -1823.28 -128.05 -1305.26 -316.826 711.226
1.69 -1811.06 1318.96 -308.517 972.123 1037.24 3451.9 1811.06 -1318.96 308.517 -972.123 -111.69 504.984
1.7 -1823.97 821.749 -843.008 640.87 2400.16 2162.82 1823.97 -821.749 843.008 -640.87 128.864 302.422
1.71 -1902.45 357.975 -1411.2 328.546 3853.41 959.351 1902.45 -357.975 1411.2 -328.546 380.176 114.575
1.72 -2001.6 -50.7154 -1946.42 49.3232 5222.24 -102.643 2001.6 50.7154 1946.42 -49.3232 617.032 -49.5031
1.73 -2073.9 -388.691 -2385.4 -186.493 6340.36 -982.749 2073.9 388.691 2385.4 186.493 815.834 -183.324
1.74 -2073.61 -647.208 -2673.48 -373.09 7063.89 -1658.28 2073.61 647.208 2673.48 373.09 956.543 -283.349
1.75 -1960.73 -824.792 -2768.97 -509.369 7282.7 -2125.24 1960.73 824.792 2768.97 509.369 1024.22 -349.135
1.76 -1704.2 -927.088 -2646.2 -598.731 6928.56 -2398.01 1704.2 927.088 2646.2 598.731 1010.03 -383.251
1.77 -1284.33 -966.131 -2297.15 -648.485 5979.68 -2507.44 1284.33 966.131 2297.15 648.485 911.767 -390.949
1.78 -694.433 -959.024 -1731.84 -668.922 4461.65 -2497.48 694.433 959.024 1731.84 668.922 733.853 -379.589
1.79 58.2867 -926.084 -977.296 -672.144 2445.01 -2420.39 -58.2867 926.084 977.296 672.144 486.881 -357.856
1.8 952.677 -888.619 -75.4912 -670.769 39.7288 -2331.02 -952.677 888.619 75.4912 670.769 186.745 -334.835
1.81 1954.48 -866.606 919.892 -676.62 -2613.05 -2280.78 -1954.48 866.606 -919.892 676.62 -146.629 -319.036
1.82 3018.2 -876.544 1947.46 -699.522 -5351.55 -2312.13 -3018.2 876.544 -1947.46 699.522 -490.842 -317.502
1.83 4090.05 -929.764 2942.74 -746.317 -8005.47 -2454.19 -4090.05 929.764 -2942.74 746.317 -822.752 -335.099
1.84 5111.74 -1031.36 3842.97 -820.172 -10408.7 -2720.02 -5111.74 1031.36 -3842.97 820.172 -1120.24 -374.065
1.85 6024.81 -1179.82 4591.83 -920.258 -12411.6 -3105.63 -6024.81 1179.82 -4591.83 920.258 -1363.88 -433.842
1.86 6775.13 -1367.31 5143.52 -1041.8 -13892.2 -3590.75 -6775.13 1367.31 -5143.52 1041.8 -1538.31 -511.177
1.87 7316.91 -1580.46 5465.97 -1176.51 -14764.5 -4140.94 -7316.91 1580.46 -5465.97 1176.51 -1633.36 -600.456
1.88 7615.96 -1801.68 5542.81 -1313.33 -14983.8 -4710.8 -7615.96 1801.68 -5542.81 1313.33 -1644.62 -694.224
1.89 7651.93 -2010.6 5374.1 -1439.5 -14548.7 -5247.96 -7651.93 2010.6 -5374.1 1439.5 -1573.56 -783.849
1.9 7419.41 -2185.94 4975.65 -1541.66 -13499.7 -5697.55 -7419.41 2185.94 -4975.65 1541.66 -1427.23 -860.271
1.91 6928.09 -2307.26 4377.32 -1607.19 -11914.5 -6006.98 -6928.09 2307.26 -4377.32 1607.19 -1217.44 -914.802
1.92 6201.92 -2356.87 3620.39 -1625.33 -9901.43 -6130.69 -6201.92 2356.87 -3620.39 1625.33 -959.739 -939.916
1.93 5277.51 -2321.51 2754.25 -1588.22 -7590.63 -6034.57 -5277.51 2321.51 -2754.25 1588.22 -672.109 -929.956
1.94 4201.9 -2193.73 1832.75 -1491.7 -5124.6 -5699.48 -4201.9 2193.73 -1832.75 1491.7 -373.65 -881.716
1.95 3029.52 -1972.8 910.393 -1335.74 -2648 -5123.6 -3029.52 1972.8 -910.393 1335.74 -83.176 -794.8
1.96 1818.78 -1664.98 38.5794 -1124.58 -297.834 -4323.18 -1818.78 1664.98 -38.5794 1124.58 182.096 -671.746
1.97 628.203 -1283.11 -737.825 -866.443 1805.76 -3331.46 -628.203 1283.11 737.825 866.443 407.717 -517.854
1.98 -487.552 -845.604 -1383.35 -572.937 3567.13 -2196.05 487.552 845.604 1383.35 572.937 582.934 -340.757
1.99 -1481.32 -374.907 -1874.04 -258.194 4920.79 -974.934 1481.32 374.907 1874.04 258.194 701.311 -149.788
2 -2316.49 104.382 -2198.53 62.2265 5834.6 268.346 2316.49 -104.382 2198.53 -62.2265 760.982 44.8003
2.01 -2969.08 567.459 -2358.22 372.531 6310.12 1469.72 2969.08 -567.459 2358.22 -372.531 764.546 232.654
2.02 -3428.75 991.203 -2366.34 657.888 6380.43 2569.49 3428.75 -991.203 2366.34 -657.888 718.606 404.117
2.03 -3698.63 1355.84 -2246.16 905.534 6105.45 3516.59 3698.63 -1355.84 2246.16 -905.534 633.011 550.934
2.04 -3794.26 1646.3 -2028.48 1105.68 5565.55 4272.06 3794.26 -1646.3 2028.48 -1105.68 519.889 666.835
2.05 -3741.55 1853.15 -1748.83 1252.17 4853.93 4811.51 3741.55 -1853.15 1748.83 -1252.17 392.56 747.937
2.06 -3574.35 1973.14 -1444.37 1342.78 4068.68 5126.45 3574.35 -1973.14 1444.37 -1342.78 264.433 792.969
2.07 -3331.49 2009.24 -1150.97 1379.26 3304.94 5224.43 3331.49 -2009.24 1150.97 -1379.26 147.974 803.283
2.08 -3053.67 1970.18 -900.552 1366.96 2647.84 5127.9 3053.67 -1970.18 900.552 -1366.96 53.8168 782.649
2.09 -2780.27 1869.54 -718.832 1314.19 2166.44 4871.77 2780.27 -1869.54 718.832 -1314.19 -9.94082 736.862
2.1 -2546.28 1724.38 -623.64 1231.39 1909.15 4499.98 2546.28 -1724.38 623.64 -1231.39 -38.2314 673.16
2.11 -2379.54 1553.56 -623.827 1130.1 1900.76 4061.14 2379.54 -1553.56 623.827 -1130.1 -29.2754 599.521
2.12 -2298.47 1375.93 -718.874 1021.87 2141.22 3603.88 2298.47 -1375.93 718.874 -1021.87 15.4063 523.909
2.13 -2310.68 1208.6 -899.22 917.223 2606.43 3172.26 2310.68 -1208.6 899.22 -917.223 91.2278 453.529
2.14 -2412.41 1065.36 -1147.28 824.774 3250.83 2801.89 2412.41 -1065.36 1147.28 -824.774 191.005 394.194
2.15 -2589.07 955.608 -1439.08 750.493 4011.63 2516.98 2589.07 -955.608 1439.08 -750.493 305.611 349.842
2.16 -2816.65 883.634 -1746.36 697.28 4814.31 2328.64 2816.65 -883.634 1746.36 -697.28 424.76 322.261
2.17 -3063.98 848.526 -2038.91 664.821 5578.87 2234.56 3063.98 -848.526 2038.91 -664.821 537.85 311.02
2.18 -3295.53 844.488 -2287.02 649.754 6226.27 2219.85 3295.53 -844.488 2287.02 -649.754 634.782 313.613
2.19 -3474.4 861.599 -2463.73 646.116 6684.47 2259.02 3474.4 -861.599 2463.73 -646.116 706.704 325.771
2.2 -3565.44 886.901 -2546.78 646.032 6893.73 2318.78 3565.44 -886.901 2546.78 -646.032 746.614 341.929
2.21 -3538.06 905.733 -2520.16 640.579 6810.67 2361.41 3538.06 -905.733 2520.16 -640.579 749.791 355.791
2.22 -3368.76 903.198 -2375.09 620.734 6411.22 2348.63 3368.76 -903.198 2375.09 -620.734 714.051 360.962
2.23 -3043.17 865.672 -2110.59 578.332 5691.96 2245.43 3043.17 -865.672 2110.59 -578.332 639.809 351.586
2.24 -2557.44 782.221 -1733.44 506.945 4670.33 2023.71 2557.44 -782.221 1733.44 -506.945 529.98 322.948
2.25 -1918.96 645.794 -1257.68 402.588 3383.31 1665.41 1918.96 -645.794 1257.68 -402.588 389.723 271.977
2.26 -1146.26 454.084 -703.682 264.206 1884.99 1164.65 1146.26 -454.084 703.682 -264.206 226.058 197.602
2.27 -268.071 209.939 -96.7917 93.9004 243.006 528.89 268.071 -209.939 96.7917 -93.9004 47.3691 100.928
2.28 678.453 -78.716 534.336 -103.145 -1465.85 -221.346 -678.453 78.716 -534.336 103.145 -137.159 -14.8023
2.29 1650.15 -399.449 1159.59 -319.001 -3160.62 -1053.91 -1650.15 399.449 -1159.59 319.001 -318.146 -144.439
2.3 2600.82 -736.313 1749.31 -543.591 -4761.32 -1927.59 -2600.82 736.313 -1749.31 543.591 -486.616 -281.345
2.31 3484.34 -1071.16 2276.13 -765.464 -6193.87 -2795.54 -3484.34 1071.16 -2276.13 765.464 -634.532 -417.94
2.32 4257.85 -1385.12 2716.57 -972.711 -7394.46 -3609.03 -4257.85 1385.12 -2716.57 972.711 -755.249 -546.328
2.33 4884.51 -1660.14 3052.28 -1153.9 -8313.01 -4321.47 -4884.51 1660.14 -3052.28 1153.9 -843.842 -658.936
2.34 5335.85 -1880.37 3271 -1299.01 -8915.68 -4892 -5335.85 1880.37 -3271 1299.01 -897.307 -749.119
2.35 5593.49 -2033.45 3366.93 -1400.2 -9186.17 -5288.68 -5593.49 2033.45 -3366.93 1400.2 -914.627 -811.676
2.36 5650.11 -2111.38 3340.89 -1452.39 -9125.95 -5490.87 -5650.11 2111.38 -3340.89 1452.39 -896.727 -843.254
2.37 5509.73 -2111.12 3199.95 -1453.71 -8753.53 -5490.76 -5509.73 2111.12 -3199.95 1453.71 -846.321 -842.586
2.38 5187.28 -2034.79 2956.8 -1405.52 -8102.71 -5293.81 -5187.28 2034.79 -2956.8 1405.52 -767.672 -810.574
2.39 4707.39 -1889.46 2628.81 -1312.31 -7220.14 -4918.2 -4707.39 1889.46 -2628.81 1312.31 -666.286 -750.189
2.4 4102.61 -1686.48 2236.88 -1181.21 -6162.09 -4393.23 -4102.61 1686.48 -2236.88 1181.21 -548.553 -666.207
2.41 3411.07 -1440.51 1804.08 -1021.46 -4990.88 -3756.76 -3411.07 1440.51 -1804.08 1021.46 -421.354 -564.785
2.42 2673.72 -1168.3 1354.18 -843.547 -3770.89 -3051.96 -2673.72 1168.3 -1354.18 843.547 -291.649 -452.938
2.43 1931.46 -887.205 910.249 -658.361 -2564.67 -2323.68 -1931.46 887.205 -910.249 658.361 -166.078 -337.934
2.44 1222.31 -613.791 493.248 -476.337 -1429.16 -1614.68 -1222.31 613.791 -493.248 476.337 -50.5892 -226.697
2.45 578.851 -362.487 120.877 -306.628 -412.503 -962.216 -578.851 362.487 -120.877 306.628 49.8732 -125.245
2.46 26.2444 -144.505 -193.356 -156.445 448.459 -395.281 -26.2444 144.505 193.356 156.445 131.608 -38.234
2.47 -419.17 32.9105 -440.737 -30.5712 1129.9 67.3761 419.17 -32.9105 440.737 30.5712 192.311 31.3554
2.48 -750.52 166.851 -617.634 68.8879 1621.76 418.175 750.52 -166.851 617.634 -68.8879 231.138 82.3769
2.49 -970.323 258.709 -725.447 142.508 1927.65 660.622 970.323 -258.709 725.447 -142.508 248.69 115.505
2.5 -1089.74 313.782 -770.261 193.312 2063.87 808.278 1089.74 -313.782 770.261 -193.312 246.912 133.067
2.51 -1127.23 340.538 -762.229 226.325 2057.76 882.883 1127.23 -340.538 762.229 -226.325 228.931 138.731
2.52 -1106.71 349.649 -714.728 247.952 1945.35 911.85 1106.71 -349.649 714.728 -247.952 198.83 137.096
2.53 -1055.36 352.834 -643.317 265.257 1768.58 925.304 1055.36 -352.834 643.317 -265.257 161.371 133.198
2.54 -1001.26 361.649 -564.577 285.191 1572.06 952.949 1001.26 -361.649 564.577 -285.191 121.674 131.997
2.55 -970.913 386.291 -494.872 313.856 1399.75 1021 970.913 -386.291 494.872 -313.856 84.8703 137.87
2.56 -986.958 434.546 -449.119 355.859 1291.61 1149.47 986.958 -434.546 449.119 -355.859 55.7521 154.167
2.57 -1066.21 510.967 -439.651 413.821 1280.53 1350.04 1066.21 -510.967 439.651 -413.821 38.4276 182.864
2.58 -1218.18 616.369 -475.254 488.083 1389.74 1624.75 1218.18 -616.369 475.254 -488.083 36.0207 224.354
2.59 -1444.21 747.69 -560.455 576.626 1630.94 1965.69 1444.21 -747.69 560.455 -576.626 50.4298 277.383
2.6 -1737.29 898.23 -695.111 675.225 2003.17 2355.53 1737.29 -898.23 695.111 -675.225 82.1659 339.156
2.61 -2082.64 1058.24 -874.334 777.802 2492.72 2769.15 2082.64 -1058.24 874.334 -777.802 130.284 405.582
2.62 -2458.77 1215.82 -1088.75 876.961 3073.85 3175.82 2458.77 -1215.82 1088.75 -876.961 192.409 471.647
2.63 -2839.25 1357.97 -1325.09 964.644 3710.42 3542.04 2839.25 -1357.97 1325.09 -964.644 264.863 531.861
2.64 -3194.66 1471.77 -1567.02 1032.86 4358.2 3834.55 3194.66 -1471.77 1567.02 -1032.86 342.872 580.762
2.65 -3494.9 1545.56 -1796.25 1074.39 4967.88 4023.29 3494.9 -1545.56 1796.25 -1074.39 420.864 613.397
2.66 -3711.48 1569.96 -1993.74 1083.5 5488.4 4084.1 3711.48 -1569.96 1993.74 -1083.5 492.824 625.772
2.67 -3819.71 1538.72 -2141.1 1056.39 5870.61 4000.96 3819.71 -1538.72 2141.1 -1056.39 552.696 615.21
2.68 -3800.66 1449.34 -2221.88 991.662 6070.81 3767.43 3800.66 -1449.34 2221.88 -991.662 594.816 580.604
2.69 -3642.72 1303.32 -2222.85 890.425 6054.22 3387.43 3642.72 -1303.32 2222.85 -890.425 614.329 522.532
2.7 -3342.62 1106.12 -2135.13 756.275 5797.81 2875.11 3342.62 -1106.12 2135.13 -756.275 607.585 443.243
2.71 -2905.94 866.767 -1954.98 595.04 5292.5 2253.81 2905.94 -866.767 1954.98 -595.04 572.456 346.486
2.72 -2346.85 597.201 -1684.33 414.341 4544.43 1554.37 2346.85 -597.201 1684.33 -414.341 508.569 237.229
2.73 -1687.35 311.314 -1330.87 223.014 3575.19 812.681 1687.35 -311.314 1330.87 -223.014 417.411 121.26
2.74 -955.814 23.8683 -907.76 30.4288 2420.97 66.8706 955.814 -23.8683 907.76 -30.4288 302.313 4.73418
2.75 -185.175 -250.654 -432.97 -154.219 1130.61 -645.648 185.175 250.654 432.97 154.219 168.297 -106.313
2.76 589.272 -499.168 71.786 -322.592 -237.155 -1291.07 -589.272 499.168 -71.786 322.592 21.7975 -206.436
2.77 1332.16 -710.95 582.358 -467.811 -1617.35 -1841.67 -1332.16 710.95 -582.358 467.811 -129.726 -291.182
2.78 2010.33 -878.385 1073.67 -584.922 -2942.74 -2277.75 -2010.33 878.385 -1073.67 584.922 -278.257 -357.404
2.79 2594.9 -997.415 1521.31 -671.19 -4148.19 -2588.79 -2594.9 997.415 -1521.31 671.19 -415.744 -403.455
2.8 3063.03 -1067.69 1903.16 -726.196 -5174.84 -2773.82 -3063.03 1067.69 -1903.16 726.196 -534.642 -429.247
2.81 3399.21 -1092.38 2200.82 -751.745 -5974.02 -2840.97 -3399.21 1092.38 -2200.82 751.745 -628.437 -436.18
2.82 3596.04 -1077.76 2400.87 -751.581 -6510.5 -2806.33 -3596.04 1077.76 -2400.87 751.581 -692.106 -426.945
2.83 3654.53 -1032.43 2495.8 -730.948 -6764.91 -2692.06 -3654.53 1032.43 -2495.8 730.948 -722.495 -405.226
2.84 3583.64 -966.515 2484.54 -696.04 -6735.06 -2524.21 -3583.64 966.515 -2484.54 696.04 -718.566 -375.332
2.85 3399.48 -890.642 2372.53 -653.388 -6436.1 -2330.15 -3399.48 890.642 -2372.53 653.388 -681.496 -341.776
2.86 3123.86 -814.95 2171.35 -609.234 -5899.42 -2135.99 -3123.86 814.95 -2171.35 609.234 -614.619 -308.857
2.87 2782.53 -748.167 1897.86 -568.96 -5170.39 -1964.23 -2782.53 748.167 -1897.86 568.96 -523.201 -280.265
2.88 2403.2 -696.833 1573.05 -536.616 -4305.08 -1831.74 -2403.2 696.833 -1573.05 536.616 -414.073 -258.761
2.89 2013.41 -664.753 1220.43 -514.58 -3366.15 -1748.32 -2013.41 664.753 -1220.43 514.58 -295.141 -245.938
2.9 1638.6 -652.715 864.392 -503.394 -2418.37 -1716.03 -1638.6 652.715 -864.392 503.394 -174.809 -242.113
2.91 1300.24 -658.51 528.405 -501.769 -1523.85 -1729.21 -1300.24 658.51 -528.405 501.769 -61.3623 -246.325
2.92 1014.52 -677.234 233.327 -506.775 -737.625 -1775.23 -1014.52 677.234 -233.327 506.775 37.6452 -256.471
2.93 791.341 -701.844 -4.09949 -514.172 -103.657 -1835.99 -791.341 701.844 4.09949 514.172 115.955 -269.54
2.94 633.896 -723.921 -172.438 -518.879 348.239 -1889.83 -633.896 723.921 172.438 518.879 169.074 -281.929
2.95 538.74 -734.535 -266.354 -515.507 604.454 -1913.79 -538.74 734.535 266.354 515.507 194.609 -289.815
2.96 496.379 -725.169 -286.95 -498.926 668.398 -1885.97 -496.379 725.169 286.95 498.926 192.454 -289.541
2.97 492.299 -688.581 -241.602 -464.809 560.014 -1787.75 -492.299 688.581 241.602 464.809 164.792 -277.989
2.98 508.374 -619.563 -143.312 -410.101 314.009 -1605.79 -508.374 619.563 143.312 410.101 115.926 -252.895
2.99 524.539 -515.509 -9.61436 -333.376 -23.09 -1333.44 -524.539 515.509 9.61436 333.376 51.9331 -213.091
3 520.598 -376.755 138.882 -235.039 -396.829 -971.608 -520.598 376.755 -138.882 235.039 -19.8179 -158.656
3.01 478.035 -206.658 280.217 -117.38 -749.385 -529.034 -478.035 206.658 -280.217 117.38 -91.2653 -90.9414
3.02 381.672 -11.4157 392.912 15.5606 -1024.43 -21.7453 -381.672 11.4157 -392.912 -15.5606 -154.312 -12.5018
3.03 221.056 200.38 457.794 158.262 -1171.89 528.044 -221.056 -200.38 -457.794 -158.262 -201.494 73.0957
3.04 -8.54265 418.389 459.632 304.136 -1152.29 1093.62 8.54265 -418.389 -459.632 -304.136 -226.605 161.544
3.05 -305.595 631.334 388.493 446.035 -940.254 1645.87 305.595 -631.334 -388.493 -446.035 -225.226 248.136
3.06 -662.274 827.898 240.67 576.796 -526.891 2155.55 662.274 -827.898 -240.67 -576.796 -195.119 328.142
3.07 -1064.91 997.613 19.1333 689.804 79.0518 2595.65 1064.91 -997.613 -19.1333 -689.804 -136.452 397.188
3.08 -1494.88 1131.69 -266.542 779.495 851.459 2943.47 1494.88 -1131.69 266.542 -779.495 -51.834 451.598
3.09 -1929.9 1223.68 -600.773 841.775 1748.48 3182.35 1929.9 -1223.68 600.773 -841.775 53.8434 488.677
3.1 -2345.6 1269.94 -963.051 874.317 2715.41 3302.92 2345.6 -1269.94 963.051 -874.317 173.747 506.914
3.11 -2717.21 1269.89 -1329.42 876.699 3688.67 3303.61 2717.21 -1269.89 1329.42 -876.699 299.6 506.07
3.12 -3021.33 1225.94 -1674.27 850.398 4600.5 3190.66 3021.33 -1225.94 1674.27 -850.398 422.309 487.173
3.13 -3237.65 1143.25 -1972.25 798.621 5384.11 2977.35 3237.65 -1143.25 1972.25 -798.621 532.653 452.399
3.14 -3350.39 1029.22 -2200.27 725.997 5978.8 2682.8 3350.39 -1029.22 2200.27 -725.997 622.011 404.869
3.15 -3349.46 892.854 -2339.25 638.162 6334.73 2330.2 3349.46 -892.854 2339.25 -638.162 683.035 348.365
3.16 -3231.23 743.955 -2375.72 541.279 6416.92 1944.86 3231.23 -743.955 2375.72 -541.279 710.247 287.008
3.17 -2998.83 592.325 -2302.88 441.517 6208.14 1552.07 2998.83 -592.325 2302.88 -441.517 700.49 224.906
3.18 -2661.95 446.958 -2121.24 344.561 5710.51 1175.05 2661.95 -446.958 2121.24 -344.561 653.2 165.821
3.19 -2236.22 315.339 -1838.7 255.168 4945.62 833.147 2236.22 -315.339 1838.7 -255.168 570.488 112.872
3.2 -1742.13 202.894 -1470.05 176.836 3953.14 540.38 1742.13 -202.894 1470.05 -176.836 457.003 68.3026
3.21 -1203.68 112.64 -1035.93 111.579 2788.16 304.581 1203.68 -112.64 1035.93 -111.579 319.612 33.3386
3.22 -646.761 45.0651 -561.394 59.8566 1517.29 127.062 646.761 -45.0651 561.394 -59.8566 166.895 8.13375
3.23 -97.4834 -1.75621 -74.1197 20.637 213.846 2.91065 97.4834 1.75621 74.1197 -20.637 8.51373 -8.17929
3.24 419.527 -31.8341 397.612 -8.39928 -1047.33 -78.1534 -419.527 31.8341 -397.612 8.39928 -145.504 -17.3488
3.25 882.654 -50.7479 826.941 -30.5472 -2195.31 -130.457 -882.654 50.7479 -826.941 30.5472 -285.512 -21.7865
3.26 1274.59 -65.0024 1190.36 -49.6805 -3168.11 -170.713 -1274.59 65.0024 -1190.36 49.6805 -402.966 -24.2946
3.27 1583.31 -81.3135 1469.39 -69.8116 -3917.11 -216.177 -1583.31 81.3135 -1469.39 69.8116 -491.056 -27.7639
3.28 1802.64 -105.892 1651.86 -94.6473 -4410.38 -282.806 -1802.64 105.892 -1651.86 94.6473 -545.204 -34.8699
3.29 1932.41 -143.788 1732.72 -127.182 -4634.77 -383.57 -1932.41 143.788 -1732.72 127.182 -563.392 -47.7948
3.3 1978.17 -198.353 1714.28 -169.363 -4596.54 -527.06 -1978.17 198.353 -1714.28 169.363 -546.289 -67.9999
3.31 1950.49 -270.868 1605.89 -221.863 -4320.51 -716.536 -1950.49 270.868 -1605.89 221.863 -497.161 -96.067
3.32 1863.94 -360.363 1423.11 -283.969 -3847.73 -949.467 -1863.94 360.363 -1423.11 283.969 -421.59 -131.624
3.33 1735.78 -463.659 1186.35 -353.612 -3232.04 -1217.62 -1735.78 463.659 -1186.35 353.612 -327.003 -173.357
3.34 1584.47 -575.601 919.197 -427.515 -2535.53 -1507.69 -1584.47 575.601 -919.197 427.515 -222.066 -219.115
3.35 1428.24 -689.488 646.511 -501.463 -1823.55 -1802.37 -1428.24 689.488 -646.511 501.463 -115.984 -266.089
3.36 1283.6 -797.647 392.406 -570.658 -1159.46 -2081.89 -1283.6 797.647 -392.406 570.658 -17.761 -311.051
3.37 1164.13 -892.097 178.357 -630.132 -599.584 -2325.65 -1164.13 892.097 -178.357 630.132 64.5124 -350.639
3.38 1079.46 -965.25 21.5219 -675.179 -188.863 -2514.1 -1079.46 965.25 -21.5219 675.179 124.297 -381.647
3.39 1034.64 -1010.58 -66.5799 -701.767 42.6277 -2630.42 -1034.64 1010.58 66.5799 701.767 157.112 -401.312
3.4 1029.86 -1023.19 -80.9179 -706.902 81.8785 -2662.02 -1029.86 1023.19 80.9179 706.902 160.875 -407.558
3.41 1060.55 -1000.28 -23.2787 -688.891 -66.2129 -2601.67 -1060.55 1000.28 23.2787 688.891 136.049 -399.178
3.42 1117.89 -941.384 97.9581 -647.515 -379.454 -2448.2 -1117.89 941.384 -97.9581 647.515 85.5795 -375.95
3.43 1189.6 -848.424 268.574 -584.058 -820.36 -2206.61 -1189.6 848.424 -268.574 584.058 14.6388 -338.657
3.44 1261.06 -725.603 469.733 -501.23 -1339.39 -1887.77 -1261.06 725.603 -469.733 501.23 -69.8136 -289.04
3.45 1316.58 -579.064 679.575 -402.959 -1879.11 -1507.54 -1316.58 579.064 -679.575 402.959 -159.611 -229.651
3.46 1340.72 -416.407 875.046 -294.09 -2379.08 -1085.56 -1340.72 416.407 -875.046 294.09 -246.054 -163.66
3.47 1319.69 -246.103 1033.82 -180.018 -2780.83 -643.712 -1319.69 246.103 -1033.82 180.018 -320.63 -94.5982
3.48 1242.51 -76.8343 1136.17 -66.2675 -3032.79 -204.419 -1242.51 76.8343 -1136.17 66.2675 -375.707 -26.0842
3.49 1102.02 83.1723 1166.59 41.913 -3094.6 211.061 -1102.02 -83.1723 -1166.59 -41.913 -405.167 38.4555
3.5 895.592 226.752 1115.15 139.937 -2940.54 584.212 -895.592 -226.752 -1115.15 -139.937 -404.901 96.0448
3.51 625.449 348.316 978.309 224.197 -2561.77 900.577 -625.449 -348.316 -978.309 -224.197 -373.155 144.372
3.52 298.686 444.213 759.312 292.29 -1967.25 1150.7 -298.686 -444.213 -759.312 -292.29 -310.681 181.941
3.53 -73.1215 512.918 467.982 343.14 -1183.26 1330.6 73.1215 -512.918 -467.982 -343.14 -220.689 208.156
3.54 -474.625 555.041 120.029 376.998 -251.485 1441.81 474.625 -555.041 -120.029 -376.998 -108.602 223.313
3.55 -887.692 573.139 -264.11 395.335 773.976 1490.88 887.692 -573.139 264.11 -395.335 18.3554 228.534
3.56 -1292.6 571.38 -660.804 400.631 1830.69 1488.53 1292.6 -571.38 660.804 -400.631 151.719 225.611
3.57 -1669.37 555.064 -1045 396.087 2852.57 1448.38 1669.37 -555.064 1045 -396.087 282.436 216.815
3.58 -1999.08 530.077 -1392.12 385.278 3774.8 1385.57 1999.08 -530.077 1392.12 -385.278 401.561 204.656
3.59 -2265.14 502.299 -1679.88 371.795 4538.7 1315.26 2265.14 -502.299 1679.88 -371.795 500.945 191.641
3.6 -2454.43 477.044 -1889.99 358.89 5096.12 1251.1 2454.43 -477.044 1889.99 -358.89 573.852 180.028
3.61 -2558.1 458.56 -2009.46 349.171 5412.91 1204.06 2558.1 -458.56 2009.46 -349.171 615.464 171.622
3.62 -2572.19 449.651 -2031.54 344.365 5471.38 1181.34 2572.19 -449.651 2031.54 -344.365 623.238 167.612
3.63 -2497.77 451.44 -1956.2 345.167 5271.51 1185.85 2497.77 -451.44 1956.2 -345.167 597.075 168.471
3.64 -2340.86 463.293 -1790.01 351.201 4830.72 1215.95 2340.86 -463.293 1790.01 -351.201 539.301 173.927
3.65 -2111.91 482.917 -1545.6 361.075 4182.33 1265.75 2111.91 -482.917 1545.6 -361.075 454.465 182.999
3.66 -1825.02 506.614 -1240.64 372.541 3372.97 1325.73 1825.02 -506.614 1240.64 -372.541 348.959 194.107
3.67 -1496.97 529.659 -896.432 382.73 2458.79 1383.74 1496.97 -529.659 896.432 -382.73 230.51 205.239
3.68 -1146 546.79 -536.261 388.452 1501.22 1426.23 1146 -546.79 536.261 -388.452 107.566 214.144
3.69 -790.562 552.736 -183.645 386.522 562.287 1439.64 790.562 -552.736 183.645 -386.522 -11.3522 218.569
3.7 -448.136 542.75 139.434 374.093 -299.995 1411.77 448.136 -542.75 -139.434 -374.093 -118.308 216.476
3.71 -134.06 513.1 414.128 348.952 -1035.85 1333.05 134.06 -513.1 -414.128 -348.952 -206.538 206.253
3.72 139.395 461.463 626.052 309.768 -1607.21 1197.51 -139.395 -461.463 -626.052 -309.768 -270.944 186.882
3.73 363.718 387.196 766.244 256.257 -1990.29 1003.54 -363.718 -387.196 -766.244 -256.257 -308.447 158.051
3.74 534.562 291.459 831.682 189.259 -2176.87 754.169 -534.562 -291.459 -831.682 -189.259 -318.174 120.208
3.75 651.822 177.177 825.321 110.71 -2174.5 456.984 -651.822 -177.177 -825.321 -110.71 -301.467 74.547
3.76 719.401 48.8507 755.674 23.5239 -2005.3 123.624 -719.401 -48.8507 -755.674 -23.5239 -261.722 22.9281
3.77 744.682 -87.7717 635.949 -68.6118 -1703.79 -231.053 -744.682 87.7717 -635.949 68.6118 -204.062 -32.2618
3.78 737.747 -226.129 482.848 -161.51 -1313.66 -590.097 -737.747 226.129 -482.848 161.51 -134.884 -88.2907
3.79 710.427 -359.351 315.108 -250.8 -884.01 -935.761 -710.427 359.351 -315.108 250.8 -61.3136 -142.294
3.8 675.232 -480.789 151.912 -332.254 -465.128 -1250.87 -675.232 480.789 -151.912 332.254 9.39131 -191.497
3.81 644.267 -584.519 11.3026 -402.109 -104.34 -1520.13 -644.267 584.519 -11.3026 402.109 70.432 -233.431
3.82 628.203 -665.797 -91.2875 -457.34 157.848 -1731.27 -628.203 665.797 91.2875 457.34 116.015 -266.118
3.83 635.391 -721.391 -144.262 -495.877 290.983 -1875.96 -635.391 721.391 144.262 495.877 141.804 -288.217
3.84 671.167 -749.803 -140.762 -516.735 277.031 -1950.3 -671.167 749.803 140.762 516.735 145.254 -299.113
3.85 737.42 -751.332 -79.1647 -520.059 111.705 -1955.05 -737.42 751.332 79.1647 520.059 125.789 -298.948
3.86 832.43 -727.991 36.8382 -507.072 -195.337 -1895.39 -832.43 727.991 -36.8382 507.072 84.8223 -288.579
3.87 951.005 -683.286 198.598 -479.936 -621.413 -1780.37 -951.005 683.286 -198.598 479.936 25.6176 -269.491
3.88 1084.89 -621.875 393.257 -441.544 -1132.77 -1621.98 -1084.89 621.875 -393.257 441.544 -46.9973 -243.651
3.89 1223.41 -549.144 604.822 -395.255 -1687.43 -1434.1 -1223.41 549.144 -604.822 395.255 -127.037 -213.327
3.9 1354.36 -470.73 815.481 -344.597 -2238.59 -1231.3 -1354.36 470.73 -815.481 344.597 -207.851 -180.89
3.91 1464.9 -392.047 1007.05 -292.976 -2738.47 -1027.53 -1464.9 392.047 -1007.05 292.976 -282.666 -148.612
3.92 1542.67 -317.845 1162.42 -243.392 -3142.12 -835.055 -1542.67 317.845 -1162.42 243.392 -345.124 -118.48
3.93 1576.71 -251.841 1266.93 -198.219 -3411 -663.481 -1576.71 251.841 -1266.93 198.219 -389.788 -92.041
3.94 1558.4 -196.457 1309.52 -159.035 -3515.99 -519.076 -1558.4 196.457 -1309.52 159.035 -412.559 -70.2931
3.95 1482.18 -152.684 1283.57 -126.537 -3439.72 -404.425 -1482.18 152.684 -1283.57 126.537 -410.993 -53.6262
3.96 1346.03 -120.078 1187.43 -100.539 -3177.82 -318.412 -1346.03 120.078 -1187.43 100.539 -384.472 -41.8218
3.97 1151.75 -96.891 1024.51 -80.0503 -2739.3 -256.564 -1151.75 96.891 -1024.51 80.0503 -334.238 -34.1091
3.98 904.875 -80.3156 803.026 -63.4291 -2145.8 -211.678 -904.875 80.3156 -803.026 63.4291 -263.281 -29.2687
3.99 614.436 -66.8278 535.34 -48.5903 -1429.93 -174.706 -614.436 66.8278 -535.34 48.5903 -176.092 -25.7778
4 292.362 -52.5864 237.028 -33.2531 -632.782 -135.78 -292.362 52.5864 -237.028 33.2531 -78.3008 -21.9797
