0.01 -2713.79 -71.678 -64.9182 -0.00520699 153.034 -166.885 2713.79 71.678 64.9182 0.00520699 171.557 -191.505
0.02 -6665.24 -387.679 -345.983 -0.0457483 842.276 -938.971 6665.24 387.679 345.983 0.0457483 887.638 -999.424
0.03 -8470.74 -1050.99 -929.94 -0.197562 2296 -2589.05 8470.74 1050.99 929.94 0.197562 2353.7 -2665.88
0.04 -11825.5 -1970.25 -1771.23 -0.57148 4387.75 -4871.98 11825.5 1970.25 1771.23 0.57148 4468.38 -4979.25
0.05 -14360.3 -2913.87 -2802.32 -1.27671 6956.94 -7219.54 14360.3 2913.87 2802.32 1.27671 7054.65 -7349.79
0.06 -15830.8 -3622.02 -4030.48 -2.4026 10022.2 -8983.24 15830.8 3622.02 4030.48 2.4026 10130.2 -9126.84
0.07 -18849.5 -3913.43 -5519.02 -4.01825 13733.4 -9698.09 18849.5 3913.43 5519.02 4.01825 13861.8 -9869.07
0.08 -19590.1 -3752.79 -7281.12 -6.13624 18136.1 -9293.13 19590.1 3752.79 7281.12 6.13624 18269.5 -9470.81
0.09 -21145.4 -3268.91 -9211.25 -8.6305 22956 -8076.36 21145.4 3268.91 9211.25 8.6305 23100.2 -8268.18
0.1 -22577.7 -2714.35 -11131.4 -11.196 27751.6 -6683.48 22577.7 2714.35 11131.4 11.196 27905.2 -6888.25
0.11 -22159.5 -2361.89 -12896.4 -13.4442 32165.5 -5804.23 22159.5 2361.89 12896.4 13.4442 32316.5 -6005.23
0.12 -23409.4 -2370.33 -14444.9 -15.0984 36032.6 -5819.65 23409.4 2370.33 14444.9 15.0984 36192.1 -6032
0.13 -22705.7 -2694.64 -15746.4 -16.1164 39288.8 -6633.65 22705.7 2694.64 15746.4 16.1164 39443.3 -6839.57
0.14 -22023.4 -3108.23 -16711.8 -16.6122 41704.2 -7670.68 22023.4 3108.23 16711.8 16.6122 41854.5 -7870.48
0.15 -22013.4 -3332.58 -17175 -16.6557 42862.7 -8231.62 22013.4 3332.58 17175 16.6557 43012.5 -8431.28
0.16 -19758.4 -3190.9 -16975.7 -16.1667 42372 -7887.64 19758.4 3190.9 16975.7 16.1667 42506.5 -8066.84
0.17 -19089.8 -2689.81 -16061.2 -15.0135 40087.8 -6637.92 19089.8 2689.81 16061.2 15.0135 40218.1 -6811.11
0.18 -17196.3 -1995.66 -14514.8 -13.1895 36228.5 -4911.19 17196.3 1995.66 14514.8 13.1895 36345.3 -5067.13
0.19 -14602.9 -1344.32 -12489.8 -10.8509 31174.6 -3294.55 14602.9 1344.32 12489.8 10.8509 31274.4 -3427.03
0.2 -13432.2 -942.482 -10117.8 -8.17284 25248.7 -2295.28 13432.2 942.482 10117.8 8.17284 25340.1 -2417.12
0.21 -10064 -890.747 -7473.06 -5.21558 18648.5 -2181.24 10064 890.747 7473.06 5.21558 18716.8 -2272.49
0.22 -7992.94 -1136.39 -4612.6 -1.99189 11504.1 -2804.69 7992.94 1136.39 4612.6 1.99189 11559 -2877.24
0.23 -5680.69 -1474.13 -1633.95 1.32993 4065.74 -3659.58 5680.69 1474.13 1633.95 -1.32993 4104 -3711.07
0.24 -2110.32 -1620.98 1308.11 4.34816 -3277.57 -4042.87 2110.32 1620.98 -1308.11 -4.34816 -3262.99 -4062.02
0.25 -507.359 -1354.56 4039.83 6.62422 -10101.4 -3384.09 507.359 1354.56 -4039.83 -6.62422 -10097.8 -3388.72
0.26 2850.11 -642.149 6425.83 7.98748 -16054.6 -1618.33 -2850.11 642.149 -6425.83 -7.98748 -16074.5 -1592.42
0.27 5398.87 331.177 8394.46 8.62988 -20968.1 803.487 -5398.87 -331.177 -8394.46 -8.62988 -21004.3 852.399
0.28 7159.82 1264.03 9915.69 8.8831 -24764.6 3127.58 -7159.82 -1264.03 -9915.69 -8.8831 -24813.8 3192.56
0.29 10524.4 1902.68 10962.6 8.91432 -27370.6 4708.96 -10524.4 -1902.68 -10962.6 -8.91432 -27442.2 4804.44
0.3 11719.1 2159.42 11498.8 8.65577 -28707.3 5345.42 -11719.1 -2159.42 -11498.8 -8.65577 -28786.7 5451.66
0.31 13951.2 2125.48 11510.9 8.01101 -28729.4 5250.4 -13951.2 -2125.48 -11510.9 -8.01101 -28825.1 5377.02
0.32 16023.7 2000.55 11059.8 7.07268 -27595.1 4928.73 -16023.7 -2000.55 -11059.8 -7.07268 -27703.7 5074.03
0.33 16451.1 1997.75 10295.7 6.09573 -25683.2 4919.77 -16451.1 -1997.75 -10295.7 -6.09573 -25795.5 5068.99
0.34 18598.8 2261.23 9406.87 5.27784 -23453.7 5568.69 -18598.8 -2261.23 -9406.87 -5.27784 -23580.7 5737.44
0.35 18788 2804.26 8534.21 4.62988 -21271.9 6925.49 -18788 -2804.26 -8534.21 -4.62988 -21399.2 7095.82
0.36 19181.1 3481.97 7723.77 4.0961 -19243.7 8617.89 -19181.1 -3481.97 -7723.77 -4.0961 -19375.1 8791.94
0.37 20145.9 4031.31 6960.63 3.76795 -17333.2 9986.92 -20145.9 -4031.31 -6960.63 -3.76795 -17470 10169.6
0.38 18951.5 4190.16 6254.52 3.90827 -15571.8 10389.5 -18951.5 -4190.16 -6254.52 -3.90827 -15700.8 10561.3
0.39 19370.1 3842.8 5687.39 4.71969 -14152.2 9519.11 -19370.1 -3842.8 -5687.39 -4.71969 -14284.7 9694.89
0.4 18436.1 3096.19 5369.44 6.09836 -13361.2 7656.91 -18436.1 -3096.19 -5369.44 -6.09836 -13486 7824.04
0.41 16910.5 2226.73 5346.03 7.64781 -13307.1 5490.1 -16910.5 -2226.73 -5346.03 -7.64781 -13423 5643.54
0.42 16654.8 1530.97 5550.16 8.94628 -13818.8 3751.89 -16654.8 -1530.97 -5550.16 -8.94628 -13932 3902.98
0.43 14157.2 1180.23 5851.39 9.79593 -14580.5 2886.42 -14157.2 -1180.23 -5851.39 -9.79593 -14676.5 3014.76
0.44 12957.7 1161.3 6149.89 10.2261 -15330.2 2844.43 -12957.7 -1161.3 -6149.89 -10.2261 -15419.3 2962.06
0.45 11294.7 1312.01 6411.67 10.3021 -15991.2 3228.84 -11294.7 -1312.01 -6411.67 -10.3021 -16067.2 3331.21
0.46 8404.24 1407.04 6609.65 9.98127 -16495.2 3479.47 -8404.24 -1407.04 -6609.65 -9.98127 -16553 3555.72
0.47 7313.81 1250.9 6647.25 9.15833 -16593.2 3094.04 -7313.81 -1250.9 -6647.25 -9.15833 -16643.1 3160.44
0.48 4320.16 758.773 6364.14 7.80012 -15896 1877.4 -4320.16 -758.773 -6364.14 -7.80012 -15924.7 1916.47
0.49 2131.59 6.93047 5635.87 5.98603 -14081.9 7.60595 -2131.59 -6.93047 -5635.87 -5.98603 -14097.4 27.0464
0.5 470.634 -780.862 4469.72 3.81551 -11173.1 -1954.26 -470.634 780.862 -4469.72 -3.81551 -11175.5 -1950.05
0.51 -2819.37 -1330.89 2990.42 1.31762 -7485.56 -3314.41 2819.37 1330.89 -2990.42 -1.31762 -7466.54 -3340.02
0.52 -4070.08 -1464.46 1325.76 -1.50951 -3327.99 -3642.75 4070.08 1464.46 -1325.76 1.50951 -3300.81 -3679.57
0.53 -6560.06 -1202.87 -488.108 -4.56851 1197.41 -2977.36 6560.06 1202.87 488.108 4.56851 1243.14 -3036.98
0.54 -8869.58 -759.552 -2485.91 -7.595 6185.09 -1858.7 8869.58 759.552 2485.91 7.595 6244.46 -1939.07
0.55 -9764.53 -424.809 -4663.96 -10.2348 11626.4 -1017.74 9764.53 424.809 4663.96 10.2348 11693.4 -1106.31
0.56 -12428.1 -420.239 -6902.07 -12.1949 17212.7 -994.188 12428.1 420.239 6902.07 12.1949 17297.6 -1107.01
0.57 -13180.5 -806.055 -9001.71 -13.342 22459.9 -1955.43 13180.5 806.055 9001.71 13.342 22548.7 -2074.85
0.58 -14334.2 -1472.12 -10795.8 -13.6991 26940 -3615.24 14334.2 1472.12 10795.8 13.6991 27038.9 -3745.38
0.59 -15992.4 -2193.59 -12212.7 -13.3879 30477.8 -5411.46 15992.4 2193.59 12212.7 13.3879 30585.9 -5556.49
0.6 -15635.6 -2720.95 -13240.3 -12.5713 33047.4 -6731.5 15635.6 2720.95 13240.3 12.5713 33154 -6873.26
0.61 -16933.7 -2882.07 -13846.4 -11.4053 34558 -7128.3 16933.7 2882.07 13846.4 11.4053 34674 -7282.03
0.62 -16818.9 -2665.77 -13956.5 -9.99078 34834.6 -6588.22 16818.9 2665.77 13956.5 9.99078 34947.9 -6740.63
0.63 -16260.4 -2240.24 -13516.7 -8.3607 33735.9 -5526.82 16260.4 2240.24 13516.7 8.3607 33847.8 -5674.39
0.64 -16855.5 -1874.73 -12569.2 -6.53248 31365.9 -4610.37 16855.5 1874.73 12569.2 6.53248 31480.2 -4763.28
0.65 -15236.6 -1793.39 -11250.7 -4.59232 28075 -4414.43 15236.6 1793.39 11250.7 4.59232 28178.4 -4552.52
0.66 -14938.5 -2048.29 -9712.91 -2.72382 24230.8 -5052.88 14938.5 2048.29 9712.91 2.72382 24333.7 -5188.54
0.67 -14016.1 -2493.07 -8044.47 -1.14009 20064.1 -6169.18 14016.1 2493.07 8044.47 1.14009 20158.2 -6296.19
0.68 -11943.8 -2867.56 -6265.76 0.0119904 15623.2 -7114.72 11943.8 2867.56 6265.76 -0.0119904 15705.5 -7223.08
0.69 -11526.7 -2930.09 -4393.85 0.672491 10945.4 -7272.91 11526.7 2930.09 4393.85 -0.672491 11023.9 -7377.55
0.7 -9122.9 -2561.2 -2503.51 0.812943 6228.14 -6361.7 9122.9 2561.2 2503.51 -0.812943 6289.39 -6444.28
0.71 -7533.4 -1803.28 -723.973 0.412238 1783.56 -4473.95 7533.4 1803.28 723.973 -0.412238 1836.31 -4542.44
0.72 -6248.23 -842.332 816.475 -0.467186 -2061.82 -2077.53 6248.23 842.332 -816.475 0.467186 -2020.55 -2134.13
0.73 -3345.86 56.1766 2044.02 -1.58578 -5121.69 155.589 3345.86 -56.1766 -2044.02 1.58578 -5098.38 125.294
0.74 -2348.33 649.965 2951.12 -2.57082 -7386.05 1635.64 2348.33 -649.965 -2951.12 2.57082 -7369.54 1614.19
0.75 49.4439 833.851 3569.52 -3.12148 -8922.95 2084.31 -49.4439 -833.851 -3569.52 3.12148 -8924.62 2084.94
0.76 2251.13 703.64 3939.24 -3.19265 -9841.2 1748.95 -2251.13 -703.64 -3939.24 3.19265 -9855.01 1769.25
0.77 3267.73 512.848 4099.59 -2.95626 -10237.4 1267.3 -3267.73 -512.848 -4099.59 2.95626 -10260.6 1296.94
0.78 6083.36 530.691 4097.52 -2.56377 -10223.1 1299.07 -6083.36 -530.691 -4097.52 2.56377 -10264.6 1354.38
0.79 7068.64 887.946 3997.5 -1.95674 -9970.23 2187.9 -7068.64 -887.946 -3997.5 1.95674 -10017.3 2251.83
0.8 8643.82 1511.17 3878.7 -0.928492 -9666.49 3738.64 -8643.82 -1511.17 -3878.7 0.928492 -9726.98 3817.2
0.81 10679.6 2177.63 3813.79 0.637499 -9498.79 5395.66 -10679.6 -2177.63 -3813.79 -0.637499 -9570.16 5492.48
0.82 10878.6 2637.98 3842.74 2.62532 -9569.57 6545.65 -10878.6 -2637.98 -3842.74 -2.62532 -9644.14 6644.23
0.83 12776.4 2726.63 3964.11 4.79214 -9866.43 6758.54 -12776.4 -2726.63 -3964.11 -4.79214 -9954.15 6874.61
0.84 13256.6 2418.48 4155.52 6.97398 -10344.4 5986.17 -13256.6 -2418.48 -4155.52 -6.97398 -10433.2 6106.21
0.85 13460.4 1835.44 4412.53 9.12987 -10984.7 4527.51 -13460.4 -1835.44 -4412.53 -9.12987 -11078 4649.71
0.86 14734.2 1211.74 4770.43 11.1718 -11876.4 2962.51 -14734.2 -1211.74 -4770.43 -11.1718 -11975.8 3096.2
0.87 13880.1 811.749 5276.93 12.8101 -13145.1 1966.51 -13880.1 -811.749 -5276.93 -12.8101 -13239.5 2092.24
0.88 14382.8 809.75 5932.61 13.6518 -14781.9 1959.04 -14382.8 -809.75 -5932.61 -13.6518 -14881.1 2089.71
0.89 14162.3 1187.7 6655.61 13.4942 -16591.7 2905.11 -14162.3 -1187.7 -6655.61 -13.4942 -16686.4 3033.41
0.9 12904.8 1728.25 7310.07 12.501 -18230.5 4262.09 -12904.8 -1728.25 -7310.07 -12.501 -18319.8 4379.17
0.91 13186.1 2128.75 7780.39 11.0543 -19406.3 5262.02 -13186.1 -2128.75 -7780.39 -11.0543 -19495.7 5381.75
0.92 11461.2 2170.28 8023.52 9.42587 -20020.2 5373.83 -11461.2 -2170.28 -8023.52 -9.42587 -20097.4 5477.57
0.93 10572.7 1829.79 8049.38 7.60831 -20086.6 4526.41 -10572.7 -1829.79 -8049.38 -7.60831 -20160.3 4622.52
0.94 9814.69 1270.27 7858.74 5.46502 -19614.3 3131.22 -9814.69 -1270.27 -7858.74 -5.46502 -19679.4 3220.15
0.95 7487.97 736.366 7412.5 3.00424 -18505.3 1806.99 -7487.97 -736.366 -7412.5 -3.00424 -18557.2 1874.84
0.96 6941.72 434.239 6666.68 0.465473 -16642.9 1054.01 -6941.72 -434.239 -6666.68 -0.465473 -16690.5 1117.18
0.97 4886.26 453.229 5631.75 -1.85283 -14063.5 1111.03 -4886.26 -453.229 -5631.75 1.85283 -14095.3 1155.11
0.98 3044.02 737.821 4383.04 -3.79656 -10946.3 1830.67 -3044.02 -737.821 -4383.04 3.79656 -10968.9 1858.44
0.99 2180.04 1101.81 3002.21 -5.35417 -7498.83 2744.63 -2180.04 -1101.81 -3002.21 5.35417 -7512.21 2764.42
1 -487.922 1290.35 1515.52 -6.48281 -3790.33 3228.16 487.922 -1290.35 -1515.52 6.48281 -3787.29 3223.56
1.01 -1422.34 1091.15 -96.8141 -7.01097 237.718 2734.19 1422.34 -1091.15 96.8141 7.01097 246.353 2721.54
1.02 -3107.14 453.399 -1826.58 -6.76847 4554.91 1147.7 3107.14 -453.399 1826.58 6.76847 4577.99 1119.3
1.03 -5223.36 -463.311 -3578.08 -5.80867 8928.34 -1134.62 5223.36 463.311 3578.08 5.80867 8962.06 -1181.93
1.04 -5691.05 -1360.02 -5192.54 -4.46257 12961.5 -3374.3 5691.05 1360.02 5192.54 4.46257 13001.2 -3425.8
1.05 -7892.49 -1955 -6538.5 -3.14589 16319.1 -4851.59 7892.49 1955 6538.5 3.14589 16373.4 -4923.43
1.06 -8712.11 -2125.54 -7577.07 -2.10634 18913.8 -5274.48 8712.11 2125.54 7577.07 2.10634 18971.5 -5353.24
1.07 -9421.61 -1949.78 -8341.74 -1.35105 20821.2 -4831.64 9421.61 1949.78 8341.74 1.35105 20887.5 -4917.24
1.08 -11144.8 -1641.72 -8866.33 -0.788113 22128.6 -4053.74 11144.8 1641.72 8866.33 0.788113 22203 -4154.88
1.09 -10864.6 -1437.62 -9140.87 -0.399456 22815.1 -3544.88 10864.6 1437.62 9140.87 0.399456 22889.3 -3643.21
1.1 -11982.1 -1495.24 -9134.81 -0.272804 22795.6 -3683.61 11982.1 1495.24 9134.81 0.272804 22878.4 -3792.58
1.11 -12332.5 -1833.74 -8850.11 -0.50747 22084.3 -4528.51 12332.5 1833.74 8850.11 0.50747 22166.2 -4640.16
1.12 -11778.8 -2320.51 -8336.18 -1.13251 20799.4 -5747.84 11778.8 2320.51 8336.18 1.13251 20881.5 -5854.72
1.13 -12677.3 -2715.69 -7652.27 -2.11724 19087.9 -6731.64 12677.3 2715.69 7652.27 2.11724 19173.4 -6846.8
1.14 -11604.4 -2777.4 -6828.56 -3.41868 17032.2 -6891.02 11604.4 2777.4 6828.56 3.41868 17110.6 -6995.99
1.15 -11399.8 -2391.01 -5871.8 -4.97501 14639.7 -5925.68 11399.8 2391.01 5871.8 4.97501 14719.3 -6029.35
1.16 -11206 -1646.3 -4807.26 -6.64831 11981.1 -4065 11206 1646.3 4807.26 6.64831 12055.2 -4166.53
1.17 -9521.45 -803.019 -3707.45 -8.20137 9235.47 -1964.41 9521.45 803.019 3707.45 8.20137 9301.8 -2050.68
1.18 -9512.6 -158.318 -2672.01 -9.3564 6647.64 -352.52 9512.6 158.318 2672.01 9.3564 6712.41 -439.068
1.19 -7939.86 100.364 -1778.58 -9.89178 4420.13 286.767 7939.86 -100.364 1778.58 9.89178 4472.76 215.054
1.2 -6601.9 -28.6588 -1053.07 -9.70354 2609.06 -41.6065 6601.9 28.6588 1053.07 9.70354 2656.28 -101.687
1.21 -6073.08 -382.647 -477.608 -8.81059 1174.32 -929.069 6073.08 382.647 477.608 8.81059 1213.72 -984.165
1.22 -3762.12 -719.661 -17.8278 -7.3343 31.3818 -1782.2 3762.12 719.661 17.8278 7.3343 57.7572 -1816.11
1.23 -3087.16 -820.366 355.722 -5.46597 -900.247 -2036.75 3087.16 820.366 -355.722 5.46597 -878.363 -2065.08
1.24 -1541.39 -576.508 661.474 -3.40197 -1657.9 -1434.41 1541.39 576.508 -661.474 3.40197 -1649.47 -1448.13
1.25 414.419 -44.2505 906.735 -1.25802 -2266.58 -112.464 -414.419 44.2505 -906.735 1.25802 -2267.1 -108.788
1.26 899.013 567.092 1088.45 0.962734 -2717.35 1413.73 -899.013 -567.092 -1088.45 -0.962734 -2724.91 1421.73
1.27 3136.44 988.765 1204.47 3.28894 -3000.44 2457.53 -3136.44 -988.765 -1204.47 -3.28894 -3021.94 2486.29
1.28 4052.53 1036.13 1273.52 5.6415 -3170.83 2572.1 -4052.53 -1036.13 -1273.52 -5.6415 -3196.78 2608.53
1.29 5006.66 718.32 1343.16 7.77772 -3339.65 1773 -5006.66 -718.32 -1343.16 -7.77772 -3376.15 1818.59
1.3 6939.17 238.16 1473.23 9.39736 -3660.43 563.898 -6939.17 -238.16 -1473.23 -9.39736 -3705.7 626.9
1.31 7010.31 -119.593 1706.4 10.3142 -4241.82 -330.64 -7010.31 119.593 -1706.4 -10.3142 -4290.2 -267.324
1.32 8516.73 -135.764 2054.01 10.519 -5105.48 -378.212 -8516.73 135.764 -2054.01 -10.519 -5164.55 -300.607
1.33 9256.21 248.224 2511.22 10.0872 -6247.65 578.712 -9256.21 -248.224 -2511.22 -10.0872 -6308.46 662.409
1.34 9228.26 922.422 3077.2 9.06782 -7660.38 2264.18 -9228.26 -922.422 -3077.2 -9.06782 -7725.62 2347.93
1.35 10593.9 1664.3 3747.13 7.5084 -9332.44 4112.59 -10593.9 -1664.3 -3747.13 -7.5084 -9403.23 4208.89
1.36 10062.4 2222.8 4483.94 5.58504 -11175.7 5511.53 -10062.4 -2222.8 -4483.94 -5.58504 -11244 5602.45
1.37 10435.8 2411.82 5209.28 3.64104 -12986.7 5982.05 -10435.8 -2411.82 -5209.28 -3.64104 -13059.7 6077.04
1.38 10752.2 2194.75 5838.02 2.02106 -14559.7 5438.19 -10752.2 -2194.75 -5838.02 -2.02106 -14630.4 5535.57
1.39 9674.25 1718.67 6331.04 0.841366 -15793.6 4252.85 -9674.25 -1718.67 -6331.04 -0.841366 -15861.5 4340.49
1.4 10192.2 1254.55 6707.67 -0.0476267 -16734.7 3089.99 -10192.2 -1254.55 -6707.67 0.0476267 -16803.6 3182.77
1.41 9140.33 1053.27 6995.84 -0.837579 -17459.1 2591.91 -9140.33 -1053.27 -6995.84 0.837579 -17520.1 2674.44
1.42 8349.47 1199.85 7169.67 -1.50179 -17894.5 2961.63 -8349.47 -1199.85 -7169.67 1.50179 -17953.8 3037.61
1.43 8244.31 1565.5 7141.82 -1.78257 -17827.7 3876.36 -8244.31 -1565.5 -7141.82 1.78257 -17881.4 3951.15
1.44 6401.55 1888.95 6821.28 -1.44456 -17030.8 4693.48 -6401.55 -1888.95 -6821.28 1.44456 -17075.6 4751.28
1.45 6108.43 1924.56 6180.15 -0.516776 -15429.3 4783.5 -6108.43 -1924.56 -6180.15 0.516776 -15471.4 4839.31
1.46 4868.62 1559.61 5262.63 0.731951 -13141 3877.11 -4868.62 -1559.61 -5262.63 -0.731951 -13172.1 3920.94
1.47 3236.82 848.415 4134.08 2.03008 -10322.8 2106.3 -3236.82 -848.415 -4134.08 -2.03008 -10347.5 2135.77
1.48 2926.09 -22.805 2834.95 3.26514 -7078.4 -70.372 -2926.09 22.805 -2834.95 -3.26514 -7096.37 -43.6531
1.49 861.342 -804.468 1389.77 4.3946 -3471.33 -2014.89 -861.342 804.468 -1389.77 -4.3946 -3477.53 -2007.45
1.5 48.0011 -1269.16 -148.948 5.25112 373.265 -3173.33 -48.0011 1269.16 148.948 -5.25112 371.475 -3172.49
1.51 -921.659 -1305.86 -1681.43 5.52646 4199.15 -3260.36 921.659 1305.86 1681.43 -5.52646 4208 -3268.94
1.52 -2849.43 -987.436 -3097.82 4.99858 7736.08 -2455.63 2849.43 987.436 3097.82 -4.99858 7753.03 -2481.55
1.53 -3055.67 -555.007 -4335.29 3.75656 10827.2 -1373.82 3055.67 555.007 4335.29 -3.75656 10849.2 -1401.21
1.54 -4726.43 -298.908 -5390.18 2.15239 13459 -725.62 4726.43 298.908 5390.18 -2.15239 13491.9 -768.922
1.55 -5660.64 -396.5 -6272.31 0.505658 15662.6 -965.741 5660.64 396.5 6272.31 -0.505658 15698.9 -1016.76
1.56 -5953.03 -813.821 -6952.46 -1.13305 17359.5 -2007.53 5953.03 813.821 6952.46 1.13305 17402.8 -2061.58
1.57 -7605.11 -1336.6 -7357.34 -2.91699 18368.4 -3306.88 7605.11 1336.6 7357.34 2.91699 18418.3 -3376.11
1.58 -7455.91 -1700.33 -7417.18 -4.92806 18517.5 -4217.23 7455.91 1700.33 7417.18 4.92806 18568.4 -4284.43
1.59 -8248.46 -1727 -7118.49 -6.99919 17767.3 -4279.88 8248.46 1727 7118.49 6.99919 17825.2 -4355.11
1.6 -8960.71 -1395.28 -6514.06 -8.80659 16256 -3447.65 8960.71 1395.28 6514.06 8.80659 16314.3 -3528.75
1.61 -8380.26 -834.712 -5692.39 -10.0971 14201.2 -2048.84 8380.26 834.712 5692.39 10.0971 14260.7 -2124.72
1.62 -9342.86 -271.589 -4743.5 -10.792 11827.5 -636.404 9342.86 271.589 4743.5 10.792 11890.1 -721.54
1.63 -8767.45 52.559 -3744.63 -10.8896 9332.17 170.93 8767.45 -52.559 3744.63 10.8896 9390.99 91.8645
1.64 -8482.46 -20.2393 -2763.16 -10.3387 6877.81 -11.9756 8482.46 20.2393 2763.16 10.3387 6938.01 -89.2207
1.65 -8806.78 -478.391 -1860.43 -9.06716 4622.47 -1156.03 8806.78 478.391 1860.43 9.06716 4679.68 -1235.92
1.66 -7452.83 -1123.29 -1087.44 -7.13651 2692.31 -2774.59 7452.83 1123.29 1087.44 7.13651 2744.9 -2841.88
1.67 -7581.67 -1655.97 -480.865 -4.82323 1176.33 -4105.3 7581.67 1655.97 480.865 4.82323 1228 -4174.54
1.68 -6730.05 -1832.12 -64.096 -2.50615 138.253 -4549.98 6730.05 1832.12 64.096 2.50615 182.227 -4610.62
1.69 -5503.7 -1590.07 153.24 -0.45755 -403.259 -3950.15 5503.7 1590.07 -153.24 0.45755 -362.94 -4000.21
1.7 -5485.64 -1070.47 177.181 1.25958 -460.416 -2651.2 5485.64 1070.47 -177.181 -1.25958 -425.487 -2701.16
1.71 -3728.05 -525.511 25.5533 2.70974 -77.0193 -1297.1 3728.05 525.511 -25.5533 -2.70974 -50.7471 -1330.46
1.72 -3155.63 -186.27 -280.721 3.93066 690.497 -451.123 3155.63 186.27 280.721 -3.93066 713.106 -480.226
1.73 -2344.15 -162.783 -719.863 4.85958 1792.97 -396.462 2344.15 162.783 719.863 -4.85958 1806.35 -417.452
1.74 -584.755 -408.208 -1252.26 5.37628 3127.26 -1017.9 584.755 408.208 1252.26 -5.37628 3134.07 -1023.14
1.75 -425.489 -741.547 -1793.24 5.38273 4482.52 -1851.74 425.489 741.547 1793.24 -5.38273 4483.7 -1855.99
1.76 1217.24 -918.255 -2212.8 4.8442 5536.25 -2301.42 -1217.24 918.255 2212.8 -4.8442 5527.74 -2289.86
1.77 2169.78 -737.353 -2383.14 3.79824 5964.21 -1853.03 -2169.78 737.353 2383.14 -3.79824 5951.49 -1833.74
1.78 2584.29 -149.556 -2241.76 2.36773 5614.66 -385.65 -2584.29 149.556 2241.76 -2.36773 5594.14 -362.131
1.79 4344.84 695.945 -1812.72 0.767063 4545.4 1720.02 -4344.84 -695.945 1812.72 -0.767063 4518.2 1759.71
1.8 4403.84 1511.58 -1161.75 -0.737676 2919.73 3759.24 -4403.84 -1511.58 1161.75 0.737676 2889.03 3798.67
1.81 5438.39 2015.68 -327.148 -1.90846 837.052 5014.28 -5438.39 -2015.68 327.148 1.90846 798.685 5064.1
1.82 6402.55 2073.8 699.296 -2.59573 -1727.8 5155.58 -6402.55 -2073.8 -699.296 2.59573 -1768.68 5213.42
1.83 6169.19 1752.13 1920.9 -2.73852 -4779.83 4352.43 -6169.19 -1752.13 -1920.9 2.73852 -4824.69 4408.24
1.84 7452.35 1264.31 3275.79 -2.33689 -8164.88 3126.74 -7452.35 -1264.31 -3275.79 2.33689 -8214.05 3194.79
1.85 7252.17 860.557 4638.68 -1.4541 -11572.2 2118.78 -7252.17 -860.557 -4638.68 1.4541 -11621.2 2184.01
1.86 7373.39 722.024 5886.63 -0.236372 -14690.4 1771.43 -7373.39 -722.024 -5886.63 0.236372 -14742.8 1838.69
1.87 8070.3 893.674 6956.21 1.12245 -17364.5 2197.59 -8070.3 -893.674 -6956.21 -1.12245 -17416.5 2270.78
1.88 7153.32 1264.92 7824.51 2.4878 -19535.8 3130.03 -7153.32 -1264.92 -7824.51 -2.4878 -19586.8 3194.55
1.89 7676.81 1607.63 8437.43 3.86357 -21067.7 3983.97 -7676.81 -1607.63 -8437.43 -3.86357 -21119.5 4054.16
1.9 7220.01 1676.97 8678.03 5.32797 -21671.3 4159.92 -7220.01 -1676.97 -8678.03 -5.32797 -21718.9 4224.92
1.91 6406.29 1343.32 8425.94 6.85376 -21041.6 3329.17 -6406.29 -1343.32 -8425.94 -6.85376 -21088.1 3387.45
1.92 6729.5 680.117 7656.06 8.19632 -19118.6 1669.66 -6729.5 -680.117 -7656.06 -8.19632 -19161.6 1730.93
1.93 5337.85 -60.7368 6474.47 8.99477 -16167.3 -175.786 -5337.85 60.7368 -6474.47 -8.99477 -16205.1 -127.898
1.94 5079.25 -581.347 5047.57 9.00816 -12601.3 -1476.69 -5079.25 581.347 -5047.57 -9.00816 -12636.6 -1430.05
1.95 4533.88 -693.971 3494.18 8.25359 -8721.22 -1755.32 -4533.88 693.971 -3494.18 -8.25359 -8749.69 -1714.53
1.96 3044.73 -403.483 1849.64 6.91578 -4612.2 -1022.48 -3044.73 403.483 -1849.64 -6.91578 -4635.99 -994.932
1.97 3064.14 117.577 127.948 5.15158 -310.543 279.822 -3064.14 -117.577 -127.948 -5.15158 -329.199 308.061
1.98 1590.1 621.52 -1595.7 3.02502 3994.82 1546.89 -1590.1 -621.52 1595.7 -3.02502 3983.66 1560.71
1.99 757.441 885.95 -3174.16 0.634477 7938.84 2211.2 -757.441 -885.95 3174.16 -0.634477 7931.96 2218.55
2 386.717 791.553 -4460.25 -1.76019 11150.5 1977.18 -386.717 -791.553 4460.25 1.76019 11150.8 1980.58
2.01 -1332.01 370.153 -5380.69 -3.81644 13448.6 931.583 1332.01 -370.153 5380.69 3.81644 13454.9 919.184
2.02 -1437.12 -193.913 -5935.01 -5.34491 14832 -478.563 1437.12 193.913 5935.01 5.34491 14843.1 -491.003
2.03 -2547.52 -635.253 -6133.94 -6.43473 15325.7 -1576.29 2547.52 635.253 6133.94 6.43473 15344 -1599.98
2.04 -3617.8 -742.59 -5956.25 -7.29556 14879.6 -1840.21 3617.8 742.59 5956.25 7.29556 14901.7 -1872.74
2.05 -3569.83 -486.23 -5375.74 -7.96524 13425.7 -1199.46 3569.83 486.23 5375.74 7.96524 13453.1 -1231.69
2.06 -5035.58 -46.334 -4430.25 -8.20689 11059.5 -92.7338 5035.58 46.334 4430.25 8.20689 11091.7 -138.936
2.07 -5079.95 288.134 -3254.55 -7.72265 8119.02 743.049 5079.95 -288.134 3254.55 7.72265 8153.75 697.619
2.08 -5477.23 283.389 -2035.5 -6.46139 5069.14 733.54 5477.23 -283.389 2035.5 6.46139 5108.36 683.405
2.09 -6450.76 -120.959 -929.231 -4.69616 2302.63 -273.159 6450.76 120.959 929.231 4.69616 2343.53 -331.637
2.1 -5870.36 -800.623 -12.1249 -2.80671 8.96065 -1975.14 5870.36 800.623 12.1249 2.80671 51.6638 -2027.98
2.11 -6714.51 -1520.75 701.725 -1.02432 -1776.64 -3771.1 6714.51 1520.75 -701.725 1.02432 -1731.99 -3832.66
2.12 -6600.66 -2035.2 1203.4 0.589761 -3030.46 -5058.35 6600.66 2035.2 -1203.4 -0.589761 -2986.56 -5117.64
2.13 -6149.09 -2171.93 1450.26 1.96044 -3647.93 -5401.83 6149.09 2171.93 -1450.26 -1.96044 -3603.34 -5457.84
2.14 -6802.92 -1896.03 1378.28 2.88136 -3467.33 -4709.1 6802.92 1896.03 -1378.28 -2.88136 -3424.06 -4771.06
2.15 -5769.61 -1337.23 947.684 3.13645 -2389.84 -3317.21 5769.61 1337.23 -947.684 -3.13645 -2348.58 -3368.94
2.16 -5838.62 -750.795 181.184 2.7244 -472.89 -1850.17 5838.62 750.795 -181.184 -2.7244 -433.03 -1903.81
2.17 -5602.44 -400.169 -833.268 1.90547 2065.14 -975.221 5602.44 400.169 833.268 -1.90547 2101.2 -1025.62
2.18 -4423.79 -412.606 -1976 0.986537 4923.37 -1011.48 4423.79 412.606 1976 -0.986537 4956.61 -1051.55
2.19 -4697.93 -702.234 -3135.5 0.066751 7824.07 -1734.03 4697.93 702.234 3135.5 -0.066751 7853.44 -1777.14
2.2 -3473.74 -1020.77 -4220.89 -0.982787 10540 -2536.52 3473.74 1020.77 4220.89 0.982787 10564.5 -2567.32
2.21 -2851.27 -1103.87 -5142.68 -2.29214 12846.4 -2746.45 2851.27 1103.87 5142.68 2.29214 12867 -2772.89
2.22 -2642.95 -814.235 -5789.27 -3.76902 14465.6 -2023.68 2642.95 814.235 5789.27 3.76902 14480.8 -2047.5
2.23 -1073.72 -199.049 -6036.79 -5.10643 15086.8 -492.925 1073.72 199.049 6036.79 5.10643 15097.1 -502.32
2.24 -1053.76 547.88 -5802.35 -5.98643 14503.2 1374.82 1053.76 -547.88 5802.35 5.98643 14508.6 1364.58
2.25 -1.68303 1174.97 -5097.61 -6.25132 12744.2 2937.08 1.68303 -1174.97 5097.61 6.25132 12743.9 2937.75
2.26 1047.72 1468.78 -4023.57 -5.89462 10061.4 3667.38 -1047.72 -1468.78 4023.57 5.89462 10056.5 3676.52
2.27 1036.8 1336.31 -2700.25 -4.95003 6755.73 3336.15 -1036.8 -1336.31 2700.25 4.95003 6745.54 3345.41
2.28 2556.72 854.759 -1191.83 -3.44731 2987.03 2125.01 -2556.72 -854.759 1191.83 3.44731 2972.12 2148.79
2.29 2710.04 256.194 497.248 -1.47994 -1233.54 628.57 -2710.04 -256.194 -497.248 1.47994 -1252.7 652.398
2.3 3248.47 -171.735 2344.1 0.730173 -5848.44 -444.345 -3248.47 171.735 -2344.1 -0.730173 -5872.03 -414.332
2.31 4386.65 -231.893 4227.96 2.88598 -10556.4 -599.593 -4386.65 231.893 -4227.96 -2.88598 -10583.4 -559.875
2.32 4018.78 76.346 5940.65 4.7534 -14836.4 172.862 -4018.78 -76.346 -5940.65 -4.7534 -14866.8 208.868
2.33 5085.38 563.023 7285.38 6.24782 -18196.9 1384.12 -5085.38 -563.023 -7285.38 -6.24782 -18229.9 1431
2.34 5224.86 960.18 8169.94 7.39485 -20407.3 2377.1 -5224.86 -960.18 -8169.94 -7.39485 -20442.4 2423.8
2.35 5048.28 1064.38 8603.83 8.22356 -21491.2 2637.9 -5048.28 -1064.38 -8603.83 -8.22356 -21528 2683.98
2.36 5979.17 827.051 8610.7 8.69743 -21508 2040.38 -5979.17 -827.051 -8610.7 -8.69743 -21545.5 2094.87
2.37 5246.43 362.34 8163.74 8.72253 -20390.3 882.397 -5246.43 -362.34 -8163.74 -8.72253 -20428.4 929.301
2.38 5610.85 -108.815 7224.16 8.19524 -18041.5 -297.878 -5610.85 108.815 -7224.16 -8.19524 -18079.3 -246.197
2.39 5671.4 -348.515 5838.96 7.05089 -14578.9 -896.755 -5671.4 348.515 -5838.96 -7.05089 -14615.9 -845.82
2.4 4790.95 -203.339 4180.66 5.3145 -10433.8 -530.063 -4790.95 203.339 -4180.66 -5.3145 -10469.5 -486.631
2.41 5343.83 313.288 2469.59 3.1475 -6157.22 758.709 -5343.83 -313.288 -2469.59 -3.1475 -6190.72 807.731
2.42 4393.36 1004.97 848.011 0.841716 -2104.35 2492.91 -4393.36 -1004.97 -848.011 -0.841716 -2135.71 2531.95
2.43 4023.11 1573.87 -662.398 -1.27347 1670.06 3916.09 -4023.11 -1573.87 662.398 1.27347 1641.93 3953.26
2.44 4043.44 1770.2 -2074.97 -2.96132 5199.94 4407.26 -4043.44 -1770.2 2074.97 2.96132 5174.92 4443.72
2.45 2683.56 1521.72 -3321.27 -4.13735 8313.88 3792.31 -2683.56 -1521.72 3321.27 4.13735 8292.48 3816.29
2.46 2839.25 961.331 -4232.82 -4.81109 10590.6 2390.07 -2839.25 -961.331 4232.82 4.81109 10573.5 2416.59
2.47 1935.97 342.893 -4645.43 -4.9923 11620.3 848.856 -1935.97 -342.893 4645.43 4.9923 11606.9 865.609
2.48 1002.88 -90.6691 -4521.22 -4.68034 11307.4 -231.447 -1002.88 90.6691 4521.22 4.68034 11298.7 -221.899
2.49 1094.59 -210.121 -3964.73 -3.93776 9914.03 -530.332 -1094.59 210.121 3964.73 3.93776 9909.6 -520.274
2.5 -376.912 -39.0304 -3126.04 -2.92485 7815.22 -95.5396 376.912 39.0304 3126.04 2.92485 7815 -99.6124
2.51 -517.802 263.793 -2102.07 -1.80937 5252.8 661.397 517.802 -263.793 2102.07 1.80937 5257.56 657.566
2.52 -1078.23 465.927 -934.394 -0.635364 2331.85 1170.04 1078.23 -465.927 934.394 0.635364 2340.12 1159.6
2.53 -2272.45 360.608 312.252 0.67333 -787.055 911.764 2272.45 -360.608 -312.252 -0.67333 -774.203 891.276
2.54 -1991.85 -122.41 1493.31 2.13317 -3741.6 -297.229 1991.85 122.41 -1493.31 -2.13317 -3724.96 -314.822
2.55 -3178.82 -855.075 2424.45 3.52763 -6070.93 -2122.85 3178.82 855.075 -2424.45 -3.52763 -6051.33 -2152.53
2.56 -3465.05 -1556.13 2981.29 4.45789 -7465.05 -3875.01 3465.05 1556.13 -2981.29 -4.45789 -7441.39 -3905.62
2.57 -3460.92 -1935.35 3154.01 4.60659 -7897.8 -4822.5 3460.92 1935.35 -3154.01 -4.60659 -7872.27 -4854.27
2.58 -4590.47 -1850.13 3004.64 3.96126 -7525.72 -4604.39 4590.47 1850.13 -3004.64 -3.96126 -7497.5 -4646.27
2.59 -4069.75 -1372.53 2576.31 2.77132 -6455.98 -3413.25 4069.75 1372.53 -2576.31 -2.77132 -6425.59 -3449.41
2.6 -4667.88 -733.614 1847.65 1.29945 -4634.52 -1812.41 4667.88 733.614 -1847.65 -1.29945 -4603.75 -1855.66
2.61 -4971.72 -198.335 776.719 -0.350782 -1958.18 -473.596 4971.72 198.335 -776.719 0.350782 -1925.42 -518.078
2.62 -4339.08 47.2682 -613.035 -2.15785 1516.46 137.86 4339.08 -47.2682 613.035 2.15785 1548.72 98.4811
2.63 -5152.4 -45.9368 -2191.08 -3.98979 5461.66 -91.1795 5152.4 45.9368 2191.08 3.98979 5493.74 -138.504
2.64 -4451.9 -382.873 -3758.46 -5.56682 9380.06 -937.451 4451.9 382.873 3758.46 5.56682 9412.26 -976.913
2.65 -4334.24 -757.442 -5129.78 -6.65222 12809.6 -1873.55 4334.24 757.442 5129.78 6.65222 12839.3 -1913.66
2.66 -4600.15 -931.453 -6191.93 -7.24766 15465.2 -2307.92 4600.15 931.453 6191.93 7.24766 15494.4 -2349.35
2.67 -3464.63 -751.14 -6900.08 -7.53835 17236.9 -1862.32 3464.63 751.14 6900.08 7.53835 17263.5 -1893.38
2.68 -3843.73 -246.959 -7231.1 -7.6237 18065.9 -599.539 3843.73 246.959 7231.1 7.6237 18089.6 -635.256
2.69 -3133.1 359.79 -7149.01 -7.33698 17861.4 913.219 3133.1 -359.79 7149.01 7.33698 17883.6 885.731
2.7 -2375.2 770.189 -6615.88 -6.37638 16531 1936.52 2375.2 -770.189 6615.88 6.37638 16548.4 1914.42
2.71 -2625.96 776.047 -5636.34 -4.62505 14083.3 1952.07 2625.96 -776.047 5636.34 4.62505 14098.4 1928.16
2.72 -1271.09 371.761 -4290.4 -2.32243 10720.2 934.814 1271.09 -371.761 4290.4 2.32243 10731.8 923.989
2.73 -1237.26 -256.513 -2713.8 0.0891796 6781.12 -635.183 1237.26 256.513 2713.8 -0.0891796 6787.87 -647.384
2.74 -744.627 -838.057 -1035.57 2.26517 2586.56 -2092.15 744.627 838.057 1035.57 -2.26517 2591.28 -2098.13
2.75 414.287 -1141.6 669.213 4.09183 -1672.73 -2855.77 -414.287 1141.6 -669.213 -4.09183 -1673.34 -2852.21
2.76 111.943 -1057.04 2363.83 5.55944 -5907.69 -2642.86 -111.943 1057.04 -2363.83 -5.55944 -5911.46 -2642.33
2.77 1329.2 -625.052 3982.48 6.58189 -9952.86 -1569.13 -1329.2 625.052 -3982.48 -6.58189 -9959.55 -1556.13
2.78 1656.61 -23.061 5380.79 7.0009 -13446 -64.6949 -1656.61 23.061 -5380.79 -7.0009 -13457.9 -50.61
2.79 1725.7 496.551 6370.77 6.76069 -15920.3 1233.31 -1725.7 -496.551 -6370.77 -6.76069 -15933.5 1249.44
2.8 2967.43 716.5 6823.99 6.01795 -17051.3 1777.68 -2967.43 -716.5 -6823.99 -6.01795 -17068.7 1804.82
2.81 2558.64 572.216 6749.09 5.02952 -16862.6 1419.34 -2558.64 -572.216 -6749.09 -5.02952 -16882.8 1441.73
2.82 3315.88 200.864 6267.54 3.93294 -15658.3 486.608 -3315.88 -200.864 -6267.54 -3.93294 -15679.4 517.711
2.83 3785.04 -127.618 5508.61 2.66675 -13758.9 -335.842 -3785.04 127.618 -5508.61 -2.66675 -13784.1 -302.246
2.84 3328.32 -163.917 4527.28 1.1209 -11305.7 -424.931 -3328.32 163.917 -4527.28 -1.1209 -11330.7 -394.656
2.85 4354.51 181.912 3327.56 -0.647543 -8305.55 434.725 -4354.51 -181.912 -3327.56 0.647543 -8332.27 474.838
2.86 3846.61 800.854 1957.66 -2.36109 -4879.96 1985.2 -3846.61 -800.854 -1957.66 2.36109 -4908.35 2019.07
2.87 3951.24 1451.84 561.658 -3.67243 -1390.88 3611.21 -3951.24 -1451.84 -561.658 3.67243 -1417.41 3647.98
2.88 4439.21 1877.73 -677.391 -4.3533 1707.8 4674.38 -4439.21 -1877.73 677.391 4.3533 1679.15 4714.25
2.89 3507.09 1908.36 -1646.65 -4.35614 4129.96 4755.17 -3507.09 -1908.36 1646.65 4.35614 4103.28 4786.63
2.9 4118.83 1522.29 -2346.36 -3.7487 5878.59 3786.57 -4118.83 -1522.29 2346.36 3.7487 5853.2 3824.86
2.91 3602.31 859.762 -2816.31 -2.63989 7053.68 2133.6 -3602.31 -859.762 2816.31 2.63989 7027.88 2165.21
2.92 3043.47 176.673 -3030.1 -1.17181 7585.97 427.542 -3043.47 -176.673 3030.1 1.17181 7564.51 455.825
2.93 3490.18 -262.877 -2883.5 0.464239 7219.45 -673.041 -3490.18 262.877 2883.5 -0.464239 7198.04 -641.344
2.94 2284.37 -317.5 -2299.15 2.05906 5757.1 -803.739 -2284.37 317.5 2299.15 -2.05906 5738.67 -783.761
2.95 2419.56 -47.1339 -1339.52 3.45461 3356.04 -129.354 -2419.56 47.1339 1339.52 -3.45461 3341.56 -106.316
2.96 2048.79 319.878 -204.837 4.57882 519.162 790.859 -2048.79 -319.878 204.837 -4.57882 505.022 808.53
2.97 991.486 516.866 890.387 5.41331 -2221.74 1287.52 -991.486 -516.866 -890.387 -5.41331 -2230.2 1296.8
2.98 1396.99 382.91 1839.28 5.9368 -4594.82 950.696 -1396.99 -382.91 -1839.28 -5.9368 -4601.57 963.852
2.99 217.331 -64.0482 2645.04 6.10075 -6610.61 -160.592 -217.331 64.0482 -2645.04 -6.10075 -6614.61 -159.648
3 -60.149 -650.348 3319.3 5.83929 -8298.97 -1626.13 60.149 650.348 -3319.3 -5.83929 -8297.51 -1625.6
3.01 -120.41 -1132.25 3796.76 5.08076 -9492.77 -2829.78 120.41 1132.25 -3796.76 -5.08076 -9491.05 -2831.47
3.02 -1393.33 -1297.07 3958.03 3.76313 -9898.63 -3236.26 1393.33 1297.07 -3958.03 -3.76313 -9891.54 -3249.07
3.03 -1001.28 -1050.51 3729.67 1.88986 -9328.98 -2622.18 1001.28 1050.51 -3729.67 -1.88986 -9319.4 -2630.39
3.04 -1844.45 -468.776 3146.68 -0.386503 -7872.07 -1163 1844.45 468.776 -3146.68 0.386503 -7861.31 -1180.88
3.05 -2392.14 214.506 2310.74 -2.74232 -5784.98 546.678 2392.14 -214.506 -2310.74 2.74232 -5768.7 525.852
3.06 -2033.92 704.539 1298.7 -4.79425 -3254.58 1770.66 2033.92 -704.539 -1298.7 4.79425 -3238.93 1752.04
3.07 -3209.67 792.127 124.498 -6.28538 -320.814 1995.19 3209.67 -792.127 -124.498 6.28538 -301.677 1965.45
3.08 -2818.92 466.282 -1207.52 -7.18175 3008.03 1177.93 2818.92 -466.282 1207.52 7.18175 3029.58 1153.48
3.09 -3097.46 -84.1527 -2620.22 -7.58519 6540.42 -195.797 3097.46 84.1527 2620.22 7.58519 6560.67 -224.967
3.1 -3755.62 -581.794 -3947.17 -7.56208 9855.65 -1437.7 3755.62 581.794 3947.17 7.56208 9880.2 -1471.26
3.11 -2981.99 -808.204 -5005.62 -7.07909 12502.7 -2007.14 2981.99 808.204 5005.62 7.07909 12525.4 -2033.88
3.12 -3805.38 -698.377 -5689.21 -6.10545 14211.4 -1728.19 3805.38 698.377 5689.21 6.10545 14234.7 -1763.7
3.13 -3451.24 -347.872 -5998.86 -4.73708 14984.6 -854.622 3451.24 347.872 5998.86 4.73708 15009.7 -884.739
3.14 -3086.47 43.025 -5995.41 -3.16795 14977.9 121.966 3086.47 -43.025 5995.41 3.16795 14999.1 93.1586
3.15 -3728.82 251.36 -5726.84 -1.52981 14305.3 645.292 3728.82 -251.36 5726.84 1.52981 14328.9 611.507
3.16 -2672.95 121.359 -5197.06 0.191613 12982.2 315.139 2672.95 -121.359 5197.06 -0.191613 13003.1 291.656
3.17 -3006.34 -354.649 -4394.3 2.02795 10976.6 -872.388 3006.34 354.649 4394.3 -2.02795 10994.9 -900.855
3.18 -2775.87 -1004.5 -3339.78 3.81579 8339.67 -2499.19 2775.87 1004.5 3339.78 -3.81579 8359.22 -2523.32
3.19 -1859.21 -1537.34 -2109.85 5.16564 5267.71 -3834.72 1859.21 1537.34 2109.85 -5.16564 5281.55 -3851.98
3.2 -2416.59 -1688.97 -815.672 5.70098 2032.15 -4211.24 2416.59 1688.97 815.672 -5.70098 2046.21 -4233.62
3.21 -1315.91 -1369.45 439.712 5.34757 -1105.01 -3418.22 1315.91 1369.45 -439.712 -5.34757 -1093.55 -3429.05
3.22 -1156.66 -712.591 1587.95 4.37173 -3973.13 -1775.63 1156.66 712.591 -1587.95 -4.37173 -3966.64 -1787.33
3.23 -1161.79 5.56178 2584.75 3.12896 -6465.65 18.8066 1161.79 -5.56178 -2584.75 -3.12896 -6458.1 9.0023
3.24 75.966 517.017 3378.79 1.79574 -8447.69 1292.15 -75.966 -517.017 -3378.79 -1.79574 -8446.28 1292.94
3.25 -377.466 682.013 3896.6 0.357853 -9741.52 1707.19 377.466 -682.013 -3896.6 -0.357853 -9741.51 1702.87
3.26 490.259 525.167 4068.85 -1.17667 -10171.4 1310.06 -490.259 -525.167 -4068.85 1.17667 -10172.8 1315.77
3.27 1034.12 201.295 3884.8 -2.62486 -9708.26 499.055 -1034.12 -201.295 -3884.8 2.62486 -9715.75 507.419
3.28 704.447 -71.9599 3422.08 -3.72959 -8552.16 -183.231 -704.447 71.9599 -3422.08 3.72959 -8558.23 -176.569
3.29 1962.87 -96.9881 2811.26 -4.38357 -7022.65 -251.678 -1962.87 96.9881 -2811.26 4.38357 -7033.65 -233.263
3.3 1610.34 213.386 2157.05 -4.68829 -5385.99 526.764 -1610.34 -213.386 -2157.05 4.68829 -5399.29 540.168
3.31 2008.3 771.475 1484.67 -4.76078 -3705.42 1918.97 -2008.3 -771.475 -1484.67 4.76078 -3717.92 1938.4
3.32 2769.41 1331.38 764.895 -4.51435 -1903.06 3316.21 -2769.41 -1331.38 -764.895 4.51435 -1921.41 3340.69
3.33 2098.24 1607.06 -2.97402 -3.6892 15.5588 4008.27 -2098.24 -1607.06 2.97402 3.6892 -0.688743 4027.05
3.34 3092.12 1433.11 -736.551 -2.12835 1850.69 3568.23 -3092.12 -1433.11 736.551 2.12835 1832.07 3597.31
3.35 2847.25 862.15 -1304.6 -0.00713733 3272.09 2143.12 -2847.25 -862.15 1304.6 0.00713733 3250.92 2167.63
3.36 2651.45 132.95 -1616.22 2.23326 4049.44 319.872 -2651.45 -132.95 1616.22 -2.23326 4031.64 344.879
3.37 3459.93 -461.748 -1673.69 4.17597 4195.34 -1169.99 -3459.93 461.748 1673.69 -4.17597 4173.13 -1138.74
3.38 2531.33 -715.333 -1536.19 5.64467 3850.26 -1799.43 -2531.33 715.333 1536.19 -5.64467 3830.7 -1777.23
3.39 3063.42 -581.161 -1238.57 6.65974 3105.79 -1467.44 -3063.42 581.161 1238.57 -6.65974 3087.08 -1438.36
3.4 2961.24 -168.957 -762.471 7.2449 1916.75 -435.223 -2961.24 168.957 762.471 -7.2449 1895.6 -409.564
3.41 2199.22 308.62 -94.7132 7.33295 244.6 761.315 -2199.22 -308.62 94.7132 -7.33295 228.966 781.787
3.42 2924.86 617.437 697.707 6.8585 -1735.28 1530.12 -2924.86 -617.437 -697.707 -6.8585 -1753.25 1557.06
3.43 1918.77 599.997 1469.97 5.88522 -3667.24 1491.87 -1918.77 -599.997 -1469.97 -5.88522 -3682.63 1508.12
3.44 1919.9 260.323 2089.93 4.58866 -5219.07 641.428 -1919.9 -260.323 -2089.93 -4.58866 -5230.59 660.186
3.45 2018.7 -218.993 2527.1 3.11007 -6310.82 -556.197 -2018.7 218.993 -2527.1 -3.11007 -6324.66 -538.766
3.46 863.136 -562.032 2843.37 1.46025 -7104.77 -1408.99 -863.136 562.032 -2843.37 -1.46025 -7112.07 -1401.17
3.47 1431.83 -551.571 3093.8 -0.40589 -7730.74 -1385.88 -1431.83 551.571 -3093.8 0.40589 -7738.26 -1371.98
3.48 583.098 -153.562 3244.22 -2.42505 -8107.59 -385.866 -583.098 153.562 -3244.22 2.42505 -8113.53 -381.946
3.49 111.63 465.946 3190.63 -4.35375 -7976.58 1163.78 -111.63 -465.946 -3190.63 4.35375 -7976.56 1165.95
3.5 466.137 1033.53 2855.91 -5.86245 -7138.57 2581.91 -466.137 -1033.53 -2855.91 5.86245 -7140.97 2585.75
3.51 -813.867 1302.74 2261.34 -6.69818 -5655.16 3260.84 813.867 -1302.74 -2261.34 6.69818 -5651.54 3252.88
3.52 -428.999 1155.68 1502.33 -6.77727 -3758.37 2890.51 428.999 -1155.68 -1502.33 6.77727 -3753.29 2887.89
3.53 -895.492 640.186 665.963 -6.16888 -1667.28 1605.2 895.492 -640.186 -665.963 6.16888 -1662.54 1595.73
3.54 -1688.91 -52.5553 -214.417 -5.03222 530.328 -124.119 1688.91 52.5553 214.417 5.03222 541.759 -138.657
3.55 -1064.51 -659.729 -1127.47 -3.56725 2814.33 -1644.58 1064.51 659.729 1127.47 3.56725 2823.03 -1654.06
3.56 -2177.75 -956.023 -2025.2 -1.97492 5056.63 -2379.65 2177.75 956.023 2025.2 1.97492 5069.34 -2400.46
3.57 -1979.89 -863.947 -2812.6 -0.409965 7023.87 -2151.6 1979.89 863.947 2812.6 0.409965 7039.13 -2168.13
3.58 -1917.1 -502.456 -3402.17 1.04669 8499.2 -1246.89 1917.1 502.456 3402.17 -1.04669 8511.67 -1265.39
3.59 -2843.06 -128.452 -3772.4 2.35957 9421.75 -308.362 2843.06 128.452 3772.4 -2.35957 9440.26 -333.9
3.6 -2005.07 5.51463 -3965.26 3.47506 9905.38 22.5118 2005.07 -5.51463 3965.26 -3.47506 9920.91 5.06135
3.61 -2714.53 -210.1 -4028.43 4.29228 10062.8 -512.252 2714.53 210.1 4028.43 -4.29228 10079.3 -538.247
3.62 -2706.46 -691.472 -3963.23 4.70207 9898.29 -1717.08 2706.46 691.472 3963.23 -4.70207 9917.88 -1740.28
3.63 -2093.3 -1216.85 -3726.32 4.64028 9308.57 -3032.31 2093.3 1216.85 3726.32 -4.64028 9323.04 -3051.96
3.64 -2975.76 -1538.14 -3277.65 4.08478 8184.71 -3831.69 2975.76 1538.14 3277.65 -4.08478 8203.52 -3859.02
3.65 -2058.57 -1485.59 -2625.03 3.01604 6554.56 -3705.24 2058.57 1485.59 2625.03 -3.01604 6570.58 -3722.72
3.66 -2236.94 -1033.08 -1828.77 1.4323 4565.1 -2571.82 2236.94 1033.08 1828.77 -1.4323 4578.76 -2593.58
3.67 -2431.34 -315.683 -974.804 -0.552788 2428.52 -778.697 2431.34 315.683 974.804 0.552788 2445.5 -799.718
3.68 -1384.93 409.95 -144.135 -2.63624 355.159 1031.2 1384.93 -409.95 144.135 2.63624 365.518 1018.55
3.69 -2096.1 868.409 604.537 -4.40919 -1517.58 2180.98 2096.1 -868.409 -604.537 4.40919 -1505.11 2161.07
3.7 -1290.39 900.268 1236.75 -5.57652 -3097.18 2255.79 1290.39 -900.268 -1236.75 5.57652 -3086.58 2245.55
3.71 -940.558 553.115 1735.34 -6.11445 -4341.06 1387.71 940.558 -553.115 -1735.34 6.11445 -4335.62 1377.86
3.72 -1352.2 59.4454 2090.87 -6.19948 -5231.62 154.48 1352.2 -59.4454 -2090.87 6.19948 -5222.74 142.747
3.73 -99.8365 -294.955 2293.88 -5.97739 -5735.77 -737.191 99.8365 294.955 -2293.88 5.97739 -5733.64 -737.582
3.74 -570.999 -327.216 2336.91 -5.41683 -5843.28 -814.79 570.999 327.216 -2336.91 5.41683 -5841.25 -821.288
3.75 -76.6737 -39.8516 2226.02 -4.39793 -5565.99 -100.025 76.6737 39.8516 -2226.02 4.39793 -5564.09 -99.2334
3.76 684.64 404.78 1984.65 -2.91661 -4959.17 1009.31 -684.64 -404.78 -1984.65 2.91661 -4964.09 1014.59
3.77 60.4822 777.312 1639.02 -1.15327 -4096.86 1943.04 -60.4822 -777.312 -1639.02 1.15327 -4098.24 1943.52
3.78 1240.72 880.391 1198.93 0.673769 -2993.94 2194.82 -1240.72 -880.391 -1198.93 -0.673769 -3000.69 2207.13
3.79 1029.3 623.015 660.166 2.47797 -1646.1 1553.63 -1029.3 -623.015 -660.166 -2.47797 -1654.73 1561.44
3.8 1061.11 64.4645 38.1184 4.27226 -92.0696 155.717 -1061.11 -64.4645 -38.1184 -4.27226 -98.5224 166.605
3.81 2046.96 -587.401 -597.615 5.96115 1500.8 -1477.6 -2046.96 587.401 597.615 -5.96115 1487.28 -1459.41
3.82 1258.45 -1048.98 -1134.05 7.22304 2840.11 -2627.82 -1258.45 1048.98 1134.05 -7.22304 2830.14 -2617.1
3.83 2109.95 -1096.79 -1474.6 7.67385 3692.84 -2752.25 -2109.95 1096.79 1474.6 -7.67385 3680.17 -2731.68
3.84 2149.36 -696.017 -1595.5 7.17749 3996.66 -1749.05 -2149.36 696.017 1595.5 -7.17749 3980.84 -1731.04
3.85 1666.1 -30.3693 -1543.87 5.97455 3865.29 -83.8881 -1666.1 30.3693 1543.87 -5.97455 3854.05 -67.9585
3.86 2673.24 598.532 -1377.49 4.4811 3452.34 1484.08 -2673.24 -598.532 1377.49 -4.4811 3435.11 1508.58
3.87 1824.68 936.593 -1107.64 2.96394 2776.12 2333.81 -1824.68 -936.593 1107.64 -2.96394 2762.09 2349.16
3.88 2175.58 898.306 -704.893 1.42495 1768.93 2235.11 -2175.58 -898.306 704.893 -1.42495 1755.54 2256.42
3.89 2446.47 580.682 -155.685 -0.21671 397.844 1441.2 -2446.47 -580.682 155.685 0.21671 380.58 1462.21
3.9 1518.41 190.561 498.373 -1.88768 -1240.51 469.405 -1518.41 -190.561 -498.373 1.88768 -1251.36 483.397
3.91 2374.27 -53.6647 1181.55 -3.34728 -2946.45 -145.36 -2374.27 53.6647 -1181.55 3.34728 -2961.28 -122.963
3.92 1617.83 -5.46021 1838.14 -4.38919 -4589.08 -20.2231 -1617.83 5.46021 -1838.14 4.38919 -4601.63 -7.07792
3.93 1417.84 350.23 2453.64 -4.99477 -6129.76 868.414 -1417.84 -350.23 -2453.64 4.99477 -6138.43 882.734
3.94 1897.37 872.761 3015.45 -5.25001 -7532.18 2173.64 -1897.37 -872.761 -3015.45 5.25001 -7545.09 2190.17
3.95 707.192 1306.5 3462.7 -5.13854 -8653.86 3263.26 -707.192 -1306.5 -3462.7 5.13854 -8659.65 3269.24
3.96 1297.79 1397.38 3691.67 -4.48366 -9225.49 3486.89 -1297.79 -1397.38 -3691.67 4.48366 -9232.87 3500
3.97 802.9 1035.27 3620.12 -3.13793 -9046.94 2585.34 -802.9 -1035.27 -3620.12 3.13793 -9053.65 2591.02
3.98 125.241 329.209 3247.68 -1.21871 -8119 821.909 -125.241 -329.209 -3247.68 1.21871 -8119.41 824.136
3.99 781.077 -444.552 2651.25 0.8773 -6625.74 -1114.9 -781.077 444.552 -2651.25 -0.8773 -6630.51 -1107.86
4 -419.126 -990.475 1920.89 2.70865 -4803.02 -2473.77 419.126 990.475 -1920.89 -2.70865 -4801.42 -2478.6
