0.01 48.383 -3.01194 -169.726 30.0322 337.465 -5.35781 -48.383 3.01194 169.726 -30.0322 171.713 -3.67802
0.02 298.472 -24.6034 -832.687 150.147 1609.67 -42.9397 -298.472 24.6034 832.687 -150.147 888.391 -30.8707
0.03 857.313 -97.7778 -2078.97 403.829 3881.31 -165.09 -857.313 97.7778 2078.97 -403.829 2355.59 -128.244
0.04 1621.09 -258.355 -3678.91 805.695 6564.91 -414.44 -1621.09 258.355 3678.91 -805.695 4471.83 -360.625
0.05 2469.64 -527.147 -5368.44 1347.05 9045.48 -790.046 -2469.64 527.147 5368.44 -1347.05 7059.85 -791.394
0.06 3428.79 -918.358 -7200.81 2036.89 11465.2 -1281.53 -3428.79 918.358 7200.81 -2036.89 10137.3 -1473.55
0.07 4532.98 -1462.86 -9465.88 2894.7 14526.6 -1940.55 -4532.98 1462.86 9465.88 -2894.7 13871 -2448.02
0.08 5780.7 -2197.03 -12279.1 3899.91 18556.3 -2869.12 -5780.7 2197.03 12279.1 -3899.91 18281.1 -3721.98
0.09 7129.4 -3100.64 -15431.5 4992.84 23180.1 -4081.81 -7129.4 3100.64 15431.5 -4992.84 23114.4 -5220.11
0.1 8443.59 -4048.37 -18471.8 6070.29 27493.8 -5385.48 -8443.59 4048.37 18471.8 -6070.29 27921.6 -6759.64
0.11 9656.24 -4856.35 -21081.6 7034.15 30909.9 -6460.08 -9656.24 4856.35 21081.6 -7034.15 32334.9 -8108.96
0.12 10818.1 -5404.17 -23273.1 7830.18 33607.2 -7108.39 -10818.1 5404.17 23273.1 -7830.18 36212.3 -9104.12
0.13 11891 -5710.79 -25142.4 8417.3 35962.3 -7412.91 -11891 5710.79 25142.4 -8417.3 39464.9 -9719.44
0.14 12742.4 -5874.63 -26637.4 8760.25 38035 -7602.78 -12742.4 5874.63 26637.4 -8760.25 41877.2 -10021.1
0.15 13217.3 -5935.07 -27419.6 8802.42 39223.3 -7756.45 -13217.3 5935.07 27419.6 -8802.42 43035.4 -10048.8
0.16 13141.9 -5811.32 -27087.6 8486.34 38734.2 -7681.31 -13141.9 5811.32 27087.6 -8486.34 42528.5 -9752.66
0.17 12485 -5394.35 -25537.2 7809.88 36373.3 -7128.67 -12485 5394.35 25537.2 -7809.88 40238.2 -9054.38
0.18 11375.7 -4684.5 -22966 6817.01 32535.3 -6101.23 -11375.7 4684.5 22966 -6817.01 36362.6 -7952.26
0.19 9908.58 -3806.96 -19740.2 5592.1 27932 -4879.71 -9908.58 3806.96 19740.2 -5592.1 31288.6 -6541.15
0.2 8162.52 -2882.18 -16105.4 4214.97 22965.3 -3719.84 -8162.52 2882.18 16105.4 -4214.97 25351 -4926.71
0.21 6232.41 -1907.3 -12073.7 2733.59 17497 -2575.73 -6232.41 1907.3 12073.7 -2733.59 18724 -3146.18
0.22 4143.81 -802.557 -7641.94 1206.5 11363.2 -1200.38 -4143.81 802.557 7641.94 -1206.5 11562.6 -1207.29
0.23 1945.65 419.668 -2912.78 -291.525 4634.11 469.642 -1945.65 -419.668 2912.78 291.525 4104.23 789.362
0.24 -267.829 1569.5 1809.53 -1657.67 -2162.66 2104.7 267.829 -1569.5 -1809.53 1657.67 -3265.92 2603.8
0.25 -2458.5 2402.11 6143.37 -2791.91 -8326.58 3231.25 2458.5 -2402.11 -6143.37 2791.91 -10103.5 3975.08
0.26 -4538.85 2829.51 9868.15 -3653.76 -13521.7 3687.12 4538.85 -2829.51 -9868.15 3653.76 -16082.7 4801.4
0.27 -6352.44 2988.35 12916 -4243.49 -17733.5 3769.18 6352.44 -2988.35 -12916 4243.49 -21014.4 5195.88
0.28 -7815.65 3083.29 15343.1 -4589.62 -21204.1 3894.52 7815.65 -3083.29 -15343.1 4589.62 -24825.3 5355.36
0.29 -8866.98 3177.07 17158.7 -4713.64 -24021.5 4152.68 8866.98 -3177.07 -17158.7 4713.64 -27454.4 5378.52
0.3 -9452.74 3160.24 18228.5 -4617.11 -25886.5 4256.31 9452.74 -3160.24 -18228.5 4617.11 -28798.9 5224.4
0.31 -9613.35 2923.18 18445.6 -4333.82 -26500.1 3932.71 9613.35 -2923.18 -18445.6 4333.82 -28836.7 4836.81
0.32 -9389.75 2519.81 17834.2 -3931.37 -25788.1 3286.79 9389.75 -2519.81 -17834.2 3931.37 -27714.5 4272.65
0.33 -8835.66 2132.55 16671.7 -3508.44 -24209.7 2712.29 8835.66 -2132.55 -16671.7 3508.44 -25805.3 3685.35
0.34 -8128.16 1887.23 15370.7 -3159 -22522.3 2466.87 8128.16 -1887.23 -15370.7 3159 -23589.9 3194.82
0.35 -7415.34 1742.61 14179.2 -2921 -21129.6 2419.49 7415.34 -1742.61 -14179.2 2921 -21408.1 2808.33
0.36 -6724.54 1586.4 13118.6 -2805.9 -19971.6 2267.33 6724.54 -1586.4 -13118.6 2805.9 -19384.1 2491.87
0.37 -6043.99 1418.39 12031.9 -2814.61 -18616.5 1956.08 6043.99 -1418.39 -12031.9 2814.61 -17479.3 2299.07
0.38 -5311.89 1393.71 10863.6 -2959.53 -16880.3 1795.82 5311.89 -1393.71 -10863.6 2959.53 -15710.6 2385.31
0.39 -4526.77 1666.73 9837.6 -3263.12 -15217.9 2129.65 4526.77 -1666.73 -9837.6 3263.12 -14294.9 2870.53
0.4 -3865.5 2209.92 9243.5 -3700.02 -14233.7 2935.95 3865.5 -2209.92 -9243.5 3700.02 -13496.8 3693.82
0.41 -3478.78 2812.01 9217.75 -4202.46 -14218.7 3816.47 3478.78 -2812.01 -9217.75 4202.46 -13434.5 4619.55
0.42 -3368.91 3257.29 9566.52 -4675.69 -14755.2 4375.84 3368.91 -3257.29 -9566.52 4675.69 -13944.3 5396.05
0.43 -3478.18 3488.65 9928.38 -5033.25 -15095.8 4560.74 3478.18 -3488.65 -9928.38 5033.25 -14689.4 5905.21
0.44 -3689.94 3588.36 10138.3 -5238.28 -14982.5 4601.43 3689.94 -3588.36 -10138.3 5238.28 -15432.5 6163.64
0.45 -3924.99 3626.37 10252.5 -5264.05 -14677.1 4669.92 3924.99 -3626.37 -10252.5 5264.05 -16080.4 6209.18
0.46 -4209.29 3560.91 10391.1 -5078.35 -14607.5 4666.73 4209.29 -3560.91 -10391.1 5078.35 -16565.7 6015.99
0.47 -4470.47 3291.26 10439.4 -4637.28 -14663.5 4353.92 4470.47 -3291.26 -10439.4 4637.28 -16654.7 5519.86
0.48 -4517.09 2779.21 9995.7 -3899.06 -14052.8 3638.21 4517.09 -2779.21 -9995.7 3899.06 -15934.3 4699.43
0.49 -4229.38 2088.01 8746.13 -2882.92 -12134.2 2661.52 4229.38 -2088.01 -8746.13 2882.92 -14104.2 3602.52
0.5 -3585.12 1303.01 6701.12 -1654.97 -8924.44 1618.86 3585.12 -1303.01 -6701.12 1654.97 -11178.9 2290.17
0.51 -2683.26 443.967 4203.6 -303.271 -5144.39 549.648 2683.26 -443.967 -4203.6 303.271 -7466.41 782.252
0.52 -1699.42 -524.059 1598.05 1091.35 -1496.77 -652.343 1699.42 524.059 -1598.05 -1091.35 -3297.36 -919.836
0.53 -639.39 -1601.65 -1117.82 2483.55 2103.82 -2047 639.39 1601.65 1117.82 -2483.55 1249.66 -2757.95
0.54 635.964 -2695.45 -4144.93 3816.24 6180.9 -3510.57 -635.964 2695.45 4144.93 -3816.24 6253.9 -4575.79
0.55 2182.02 -3653.58 -7592.9 5009.22 11073.1 -4798.37 -2182.02 3653.58 7592.9 -5009.22 11705.6 -6162.37
0.56 3955.65 -4352.52 -11229.8 5969.6 16377.2 -5715.02 -3955.65 4352.52 11229.8 -5969.6 17312.2 -7342.54
0.57 5807.59 -4748.02 -14571.4 6614.67 21149.2 -6208.19 -5807.59 4748.02 14571.4 -6614.67 22565 -8035.88
0.58 7521.65 -4862.35 -17298.1 6927.32 24838.1 -6332.09 -7521.65 4862.35 17298.1 -6927.32 27056.2 -8254.96
0.59 9008.88 -4748.35 -19371.2 6933.08 27510.1 -6172.78 -9008.88 4748.35 19371.2 -6933.08 30603.5 -8072.29
0.6 10251 -4466.37 -20919.2 6670.49 29586.2 -5813.83 -10251 4466.37 20919.2 -6670.49 33171.3 -7585.28
0.61 11142.8 -4070.23 -21967.2 6173.51 31211.2 -5325.05 -11142.8 4070.23 21967.2 -6173.51 34690.4 -6885.64
0.62 11589.9 -3589.51 -22287.3 5458.3 31899.2 -4735.21 -11589.9 3589.51 22287.3 -5458.3 34962.6 -6033.33
0.63 11550.4 -3022.31 -21676 4575.66 31167.9 -4017.7 -11550.4 3022.31 21676 -4575.66 33860.2 -5049.22
0.64 11027 -2364.06 -20159.2 3615.89 28987.6 -3146.31 -11027 2364.06 20159.2 -3615.89 31490.1 -3945.89
0.65 10156.3 -1654.83 -18026 2683.63 25891.8 -2186.62 -10156.3 1654.83 18026 -2683.63 28186 -2777.86
0.66 9076.12 -986.346 -15639.8 1871.38 22579.7 -1302.84 -9076.12 986.346 15639.8 -1871.38 24339.7 -1656.2
0.67 7784.53 -448.634 -13130.5 1212.67 19228.6 -639.182 -7784.53 448.634 13130.5 -1212.67 20162.9 -706.721
0.68 6274.19 -72.8198 -10449.6 713.269 15639.6 -202.913 -6274.19 72.8198 10449.6 -713.269 15709.2 -15.5467
0.69 4566.88 159.872 -7536.26 381.329 11582.2 97.3475 -4566.88 -159.872 7536.26 -381.329 11026.6 382.268
0.7 2694.15 252.078 -4483.88 229.9 7160.17 286.279 -2694.15 -252.078 4483.88 -229.9 6291.47 469.954
0.71 798.734 158.897 -1587.93 275.583 2925.67 242.69 -798.734 -158.897 1587.93 -275.583 1838.11 234.001
0.72 -951.214 -147.581 894.959 484.845 -666.17 -153.943 951.214 147.581 -894.959 -484.845 -2018.71 -288.8
0.73 -2460.68 -584.958 2844.77 777.292 -3437.97 -799.991 2460.68 584.958 -2844.77 -777.292 -5096.35 -954.884
0.74 -3613.96 -966.88 4295.32 1062.08 -5518.69 -1358.49 3613.96 966.88 -4295.32 -1062.08 -7367.28 -1542.15
0.75 -4348.28 -1135.1 5371.69 1262 -7192.89 -1533.8 4348.28 1135.1 -5371.69 -1262 -8922.18 -1871.52
0.76 -4732.47 -1088.51 6120.27 1347.85 -8508.42 -1350.29 4732.47 1088.51 -6120.27 -1347.85 -9852.4 -1915.25
0.77 -4833.35 -959.531 6559.82 1300.29 -9421.44 -1103.87 4833.35 959.531 -6559.82 -1300.29 -10258 -1774.72
0.78 -4718.45 -849.041 6707.72 1083.19 -9860.61 -1008.73 4718.45 849.041 -6707.72 -1083.19 -10262.5 -1538.4
0.79 -4474.9 -700.58 6623.72 657.389 -9854.62 -932.172 4474.9 700.58 -6623.72 -657.389 -10016.5 -1169.57
0.8 -4109.67 -359.738 6480.59 -6.28592 -9713.62 -533.636 4109.67 359.738 -6480.59 6.28592 -9728.17 -545.577
0.81 -3648.43 247.511 6432.45 -876.73 -9723.6 341.378 3648.43 -247.511 -6432.45 876.73 -9573.74 401.155
0.82 -3200.18 1022.82 6571.97 -1874.87 -10065.7 1468.58 3200.18 -1022.82 -6571.97 1874.87 -9650.24 1599.88
0.83 -2804.27 1796.16 6879.51 -2917.12 -10675.8 2484.47 2804.27 -1796.16 -6879.51 2917.12 -9962.69 2904.03
0.84 -2458.3 2497.87 7233.77 -3931.94 -11257.4 3278.57 2458.3 -2497.87 -7233.77 3931.94 -10444 4215.06
0.85 -2199.82 3191.32 7604.99 -4879.72 -11724.2 4064.97 2199.82 -3191.32 -7604.99 4879.72 -11090.8 5509
0.86 -2061.91 3923.67 8072.64 -5710.74 -12227.7 5037.73 2061.91 -3923.67 -8072.64 5710.74 -11990.2 6733.27
0.87 -2154.12 4579.76 8786.69 -6345.74 -13104.9 6024.04 2154.12 -4579.76 -8786.69 6345.74 -13255.2 7715.24
0.88 -2618.63 4930.39 9814.71 -6705.72 -14546.5 6570.05 2618.63 -4930.39 -9814.71 6705.72 -14897.6 8221.13
0.89 -3400.6 4840.05 10972 -6732.58 -16212.9 6390.92 3400.6 -4840.05 -10972 6732.58 -16703 8129.24
0.9 -4300.93 4404.38 11971.2 -6432.19 -17577.4 5677.08 4300.93 -4404.38 -11971.2 6432.19 -18336.1 7536.07
0.91 -5137.34 3854.53 12589.3 -5853.93 -18257.1 4894.79 5137.34 -3854.53 -12589.3 5853.93 -19510.8 6668.8
0.92 -5775.51 3329.24 12806.8 -5045.54 -18310 4299.07 5775.51 -3329.24 -12806.8 5045.54 -20110.6 5688.63
0.93 -6223.47 2766.8 12764.2 -4048.94 -18121.6 3708.77 6223.47 -2766.8 -12764.2 4048.94 -20171 4591.63
0.94 -6560.95 2027.51 12484 -2895.35 -17765 2784.41 6560.95 -2027.51 -12484 2895.35 -19687.1 3298.13
0.95 -6719.88 1095.32 11838.3 -1648.11 -16953.1 1471.58 6719.88 -1095.32 -11838.3 1648.11 -18561.8 1814.39
0.96 -6578.22 128.102 10655.4 -412.723 -15274.1 99.3668 6578.22 -128.102 -10655.4 412.723 -16692 284.94
0.97 -6105.93 -690.135 8911.16 706.182 -12639.4 -960.165 6105.93 690.135 -8911.16 -706.182 -14094.1 -1110.24
0.98 -5320.22 -1311.39 6831.71 1627.88 -9529.47 -1655.42 5320.22 1311.39 -6831.71 -1627.88 -10965.6 -2278.74
0.99 -4300.34 -1811.68 4636.36 2327.77 -6401.65 -2221.08 4300.34 1811.68 -4636.36 -2327.77 -7507.43 -3213.97
1 -3099.74 -2235.32 2369.25 2810.61 -3326.27 -2814.72 3099.74 2235.32 -2369.25 -2810.61 -3781.47 -3891.24
1.01 -1620.45 -2494.99 -91.4923 3068.94 21.5695 -3274.95 1620.45 2494.99 91.4923 -3068.94 252.907 -4210.02
1.02 188.895 -2452.61 -2846.74 3094.22 3955.18 -3288.65 -188.895 2452.61 2846.74 -3094.22 4585.03 -4069.18
1.03 2182.86 -2088.26 -5713.69 2885.82 8171.86 -2765.7 -2182.86 2088.26 5713.69 -2885.82 8969.2 -3499.09
1.04 4139.04 -1559.58 -8344.33 2491.22 12025.1 -1982.48 -4139.04 1559.58 8344.33 -2491.22 13007.9 -2696.25
1.05 5821.34 -1081.01 -10463.8 2006.14 15012.2 -1334.8 -5821.34 1081.01 10463.8 -2006.14 16379.2 -1908.23
1.06 7096.41 -757.463 -12032 1522.95 17119.6 -989.072 -7096.41 757.463 12032 -1522.95 18976.3 -1283.32
1.07 8035.56 -545.248 -13223.4 1111.36 18779 -808.004 -8035.56 545.248 13223.4 -1111.36 20891.4 -827.739
1.08 8707.28 -358.984 -14132 799.863 20189.7 -589.113 -8707.28 358.984 14132 -799.863 22206.2 -487.838
1.09 9069.74 -189.964 -14687.9 606.651 21171.6 -316.733 -9069.74 189.964 14687.9 -606.651 22892 -253.16
1.1 9094.38 -112.443 -14758.4 573.594 21394 -160.063 -9094.38 112.443 14758.4 -573.594 22881.1 -177.266
1.11 8759.89 -196.644 -14293.2 739.511 20710.4 -269.667 -8759.89 196.644 14293.2 -739.511 22169.3 -320.264
1.12 8078.79 -444.823 -13441.8 1120.85 19439.8 -635.196 -8078.79 444.823 13441.8 -1120.85 20885.7 -699.274
1.13 7153.5 -812.68 -12368.3 1678.05 17925.8 -1143.02 -7153.5 812.68 12368.3 -1678.05 19179.2 -1295.02
1.14 6026.14 -1265.45 -11127.9 2325.09 16265.8 -1717.1 -6026.14 1265.45 11127.9 -2325.09 17117.9 -2079.23
1.15 4679.52 -1791.16 -9692.13 2984.28 14348.5 -2360.85 -4679.52 1791.16 9692.13 -2984.28 14727.9 -3012.64
1.16 3201.08 -2362.65 -8025.31 3597.07 12011.2 -3074.62 -3201.08 2362.65 8025.31 -3597.07 12064.7 -4013.34
1.17 1724.03 -2905.97 -6250.13 4127.95 9438.34 -3776.68 -1724.03 2905.97 6250.13 -4127.95 9312.04 -4941.23
1.18 388.905 -3318.82 -4566.65 4532.71 6976.65 -4324.88 -388.905 3318.82 4566.65 -4532.71 6723.29 -5631.59
1.19 -636.794 -3515.61 -3120.92 4735.2 4878.71 -4594.37 636.794 3515.61 3120.92 -4735.2 4484.05 -5952.46
1.2 -1304.16 -3453.03 -1968.11 4668.12 3236.85 -4518.85 1304.16 3453.03 1968.11 -4668.12 2667.46 -5840.24
1.21 -1670.04 -3130.75 -1038.5 4298.1 1891.44 -4087.72 1670.04 3130.75 1038.5 -4298.1 1224.06 -5304.53
1.22 -1767.21 -2589.62 -266.623 3649.55 733.281 -3351 1767.21 2589.62 266.623 -3649.55 66.588 -4417.85
1.23 -1674.95 -1908.66 384.237 2787.29 -281.173 -2431.53 1674.95 1908.66 -384.237 -2787.29 -871.537 -3294.44
1.24 -1491.75 -1177.77 947.511 1764.08 -1197.46 -1482.07 1491.75 1177.77 -947.511 -1764.08 -1645.07 -2051.25
1.25 -1219.59 -444.811 1407.53 622.246 -1957.05 -576.596 1219.59 444.811 -1407.53 -622.246 -2265.55 -757.837
1.26 -857.597 312.174 1759.6 -596.414 -2552.26 353.385 857.597 -312.174 -1759.6 596.414 -2726.54 583.137
1.27 -421.925 1137.03 1992.27 -1821.6 -2950.07 1424.28 421.925 -1137.03 -1992.27 1821.6 -3026.76 1986.8
1.28 86.5357 2005.66 2129.53 -2943.62 -3184.27 2614.14 -86.5357 -2005.66 -2129.53 2943.62 -3204.31 3402.84
1.29 552.455 2794.64 2288.52 -3864.81 -3479.9 3698.62 -552.455 -2794.64 -2288.52 3864.81 -3385.66 4685.32
1.3 808.601 3357.3 2569.38 -4525.29 -3991.69 4415.78 -808.601 -3357.3 -2569.38 4525.29 -3716.46 5656.13
1.31 799.566 3634.67 3028.61 -4914.91 -4784.12 4698.49 -799.566 -3634.67 -3028.61 4914.91 -4301.71 6205.52
1.32 508.579 3677.89 3642.81 -5051.07 -5751.92 4704.19 -508.579 -3677.89 -3642.81 5051.07 -5176.49 6329.49
1.33 -64.8526 3554.89 4357.14 -4934.1 -6750.99 4591.58 64.8526 -3554.89 -4357.14 4934.1 -6320.42 6073.08
1.34 -873.932 3258.05 5211.63 -4563.65 -7897.83 4310.11 873.932 -3258.05 -5211.63 4563.65 -7737.06 5464.04
1.35 -1916.25 2735.96 6250.98 -3960.33 -9339.37 3677.57 1916.25 -2735.96 -6250.98 3960.33 -9413.58 4530.32
1.36 -3141.56 2017.38 7446.95 -3189.11 -11088.1 2674.88 3141.56 -2017.38 -7446.95 3189.11 -11252.8 3377.25
1.37 -4346.27 1268.55 8645.98 -2358.37 -12871.3 1595.98 4346.27 -1268.55 -8645.98 2358.37 -13066.7 2209.66
1.38 -5362.46 687.51 9624.36 -1563.17 -14237.5 828.569 5362.46 -687.51 -9624.36 1563.17 -14635.6 1233.96
1.39 -6146.45 333.026 10313 -864.633 -15074.1 478.406 6146.45 -333.026 -10313 864.633 -15864.9 520.673
1.4 -6726.76 85.4116 10798.6 -291.147 -15590.4 274.635 6726.76 -85.4116 -10798.6 291.147 -16805.4 -18.4003
1.41 -7200.13 -199.723 11198.4 137.717 -16074.6 -103.624 7200.13 199.723 -11198.4 -137.717 -17520.7 -495.544
1.42 -7559.74 -509.416 11495.5 378.34 -16532.5 -634.741 7559.74 509.416 -11495.5 -378.34 -17953.9 -893.507
1.43 -7609.25 -669.75 11462.8 393.799 -16506.8 -949.872 7609.25 669.75 -11462.8 -393.799 -17881.6 -1059.38
1.44 -7201.96 -529.554 10894.5 183.441 -15607 -734.636 7201.96 529.554 -10894.5 -183.441 -17076.5 -854.026
1.45 -6340.44 -126.546 9762.17 -202.177 -13813.4 -83.2623 6340.44 126.546 -9762.17 202.177 -15473.1 -296.377
1.46 -5106.79 351.316 8214.66 -672.502 -11469.4 602.429 5106.79 -351.316 -8214.66 672.502 -13174.6 451.518
1.47 -3653.51 758.143 6438.8 -1152.88 -8965.66 1046.81 3653.51 -758.143 -6438.8 1152.88 -10350.7 1227.62
1.48 -2067.44 1106.33 4456.59 -1595.57 -6269.62 1353.72 2067.44 -1106.33 -4456.59 1595.57 -7100.16 1965.28
1.49 -337.841 1475.3 2218.95 -1965.48 -3175.1 1786.72 337.841 -1475.3 -2218.95 1965.48 -3481.75 2639.19
1.5 1429.27 1833.78 -238.878 -2217.87 349.658 2351.02 -1429.27 -1833.78 238.878 2217.87 366.976 3150.31
1.51 3030.78 2001.81 -2733.32 -2279.57 3996.49 2690.48 -3030.78 -2001.81 2733.32 2279.57 4203.46 3314.95
1.52 4329.71 1813.93 -4991.35 -2091.48 7225.23 2442.38 -4329.71 -1813.93 4991.35 2091.48 7748.81 2999.4
1.53 5268.01 1299.86 -6889.67 -1641.12 9823.16 1643.87 -5268.01 -1299.86 6889.67 1641.12 10845.8 2255.72
1.54 5917.42 667.893 -8475.52 -966.922 11936.5 710.868 -5917.42 -667.893 8475.52 966.922 13490 1292.81
1.55 6411.36 102.323 -9831.59 -139.529 13795.7 6.31788 -6411.36 -102.323 9831.59 139.529 15699.1 300.65
1.56 6713.8 -400.698 -10949.2 787.679 15442.2 -512.913 -6713.8 400.698 10949.2 -787.679 17405.3 -689.181
1.57 6685.51 -982.593 -11652.1 1776.99 16532.8 -1181.5 -6685.51 982.593 11652.1 -1776.99 18423.4 -1766.28
1.58 6265.47 -1723.85 -11776.7 2781.07 16754.2 -2193.2 -6265.47 1723.85 11776.7 -2781.07 18575.9 -2978.34
1.59 5462.31 -2524.77 -11301.5 3725.65 16069.7 -3350.21 -5462.31 2524.77 11301.5 -3725.65 17834.9 -4224.09
1.6 4397.62 -3189.83 -10340.4 4505.7 14695.6 -4260.2 -4397.62 3189.83 10340.4 -4505.7 16325.7 -5309.28
1.61 3262.57 -3601.98 -9090.53 5035.55 12998.4 -4723.22 -3262.57 3601.98 9090.53 -5035.55 14273.2 -6082.71
1.62 2144.58 -3786.04 -7684.24 5279.49 11149.9 -4860.88 -2144.58 3786.04 7684.24 -5279.49 11902.8 -6497.23
1.63 1102.37 -3809.85 -6204.96 5244.66 9211.47 -4876.54 -1102.37 3809.85 6204.96 -5244.66 9403.42 -6553.02
1.64 252.458 -3662.41 -4731.56 4958.77 7244.92 -4765.8 -252.458 3662.41 4731.56 -4958.77 6949.76 -6221.42
1.65 -343.853 -3261.55 -3334.24 4432.3 5312.28 -4325.08 343.853 3261.55 3334.24 -4432.3 4690.45 -5459.56
1.66 -662.707 -2577.6 -2118.9 3674.02 3602.4 -3429.8 662.707 2577.6 2118.9 -3674.02 2754.3 -4303.01
1.67 -699.978 -1717.48 -1161.82 2724.46 2249.97 -2236.86 699.978 1717.48 1161.82 -2724.46 1235.47 -2915.58
1.68 -550.74 -866.592 -510.187 1665.6 1343.32 -1077.4 550.74 866.592 510.187 -1665.6 187.243 -1522.38
1.69 -285.639 -154.178 -189.023 611.35 927.661 -175.431 285.639 154.178 189.023 -611.35 -360.591 -287.102
1.7 111.847 415.124 -148.006 -344.679 869.638 495.424 -111.847 -415.124 148.006 344.679 -425.619 749.949
1.71 617.928 905.776 -332.705 -1152.8 1051.05 1091.45 -617.928 -905.776 332.705 1152.8 -52.9307 1625.88
1.72 1210.42 1349.3 -701.513 -1789.09 1395.2 1685.43 -1210.42 -1349.3 701.513 1789.09 709.344 2362.46
1.73 1888.16 1705.54 -1247.1 -2233.4 1939.83 2195.01 -1888.16 -1705.54 1247.1 2233.4 1801.47 2921.61
1.74 2558.78 1905.4 -1978.91 -2446.79 2808.07 2484.53 -2558.78 -1905.4 1978.91 2446.79 3128.64 3231.67
1.75 3103.06 1906.13 -2773.89 -2400.12 3843.24 2484.4 -3103.06 -1906.13 2773.89 2400.12 4478.43 3234
1.76 3413.72 1706.12 -3390.02 -2111.62 4646.83 2209.93 -3413.72 -1706.12 3390.02 2111.62 5523.22 2908.42
1.77 3339.95 1331.45 -3569.12 -1647.46 4759.31 1714.48 -3339.95 -1331.45 3569.12 1647.46 5948.03 2279.87
1.78 2837.53 830.304 -3194.46 -1101.82 3991.75 1067.41 -2837.53 -830.304 3194.46 1101.82 5591.63 1423.5
1.79 2021.84 278.213 -2391.43 -548.893 2657.88 367.568 -2021.84 -278.213 2391.43 548.893 4516.43 467.072
1.8 1003.54 -233.719 -1339.4 -30.2467 1130.28 -269.454 -1003.54 233.719 1339.4 30.2467 2887.93 -431.703
1.81 -125.793 -631.604 -98.7716 417.222 -502.04 -762.364 125.793 631.604 98.7716 -417.222 798.354 -1132.45
1.82 -1309.13 -876.352 1426.81 743.049 -2512.21 -1082.76 1309.13 876.352 -1426.81 -743.049 -1768.21 -1546.3
1.83 -2569.12 -946.906 3345.1 877.186 -5211.58 -1206 2569.12 946.906 -3345.1 -877.186 -4823.71 -1634.72
1.84 -3849.55 -822.249 5530.83 768.369 -8379.32 -1070.9 3849.55 822.249 -5530.83 -768.369 -8213.17 -1395.84
1.85 -4999.99 -500.496 7681.93 421.011 -11424.7 -634.551 4999.99 500.496 -7681.93 -421.011 -11621 -866.937
1.86 -5956.24 -36.8572 9530.33 -114.441 -13847.1 24.5833 5956.24 36.8572 -9530.33 114.441 -14743.9 -135.155
1.87 -6709.99 463.837 11012.6 -767.858 -15618.7 708.493 6709.99 -463.837 -11012.6 767.858 -17419.1 683.017
1.88 -7245.82 923.216 12240.7 -1487.77 -17131 1263.29 7245.82 -923.216 -12240.7 1487.77 -19591.1 1506.36
1.89 -7540.1 1358.68 13201.6 -2240.87 -18479.3 1739.26 7540.1 -1358.68 -13201.6 2240.87 -21125.6 2336.78
1.9 -7450.54 1850.01 13651.5 -2977.06 -19227.7 2330.9 7450.54 -1850.01 -13651.5 2977.06 -21726.9 3219.14
1.91 -6819.28 2417.8 13278.9 -3618.01 -18739.3 3118.59 6819.28 -2417.8 -13278.9 3618.01 -21097.4 4134.82
1.92 -5709.03 2943.78 11978.6 -4067.3 -16764.2 3894.06 5709.03 -2943.78 -11978.6 4067.3 -19171.7 4937.28
1.93 -4325.57 3236.88 10016 -4253.9 -13833.1 4298.91 4325.57 -3236.88 -10016 4253.9 -16215.1 5411.73
1.94 -2874.72 3191 7779.56 -4163.76 -10692.7 4157.1 2874.72 -3191 -7779.56 4163.76 -12646 5415.88
1.95 -1503.11 2864.44 5479.05 -3820.49 -7678.83 3631.55 1503.11 -2864.44 -5479.05 3820.49 -8758.33 4961.78
1.96 -191.86 2391.26 3071.18 -3257.1 -4570.03 3014.37 191.86 -2391.26 -3071.18 3257.1 -4643.5 4159.4
1.97 1122.76 1830.65 434.136 -2491.86 -967.246 2391 -1122.76 -1830.65 -434.136 2491.86 -335.161 3100.97
1.98 2347.23 1134.64 -2320.42 -1542.17 2981.51 1579.72 -2347.23 -1134.64 2320.42 1542.17 3979.74 1824.21
1.99 3349.71 271.867 -4852.7 -463.094 6627.6 428.056 -3349.71 -271.867 4852.7 463.094 7930.49 387.544
2 4070.43 -648.006 -6834.02 650.163 9350.11 -890.487 -4070.43 648.006 6834.02 -650.163 11151.9 -1053.53
2.01 4491.41 -1418.64 -8152.53 1685.94 10999 -1962.89 -4491.41 1418.64 8152.53 -1685.94 13458.6 -2293.04
2.02 4669.44 -1919.22 -8938.63 2559.25 11966.8 -2540.87 -4669.44 1919.22 8938.63 -2559.25 14849.1 -3216.8
2.03 4623.33 -2224.04 -9301.38 3234.01 12552.3 -2795.45 -4623.33 2224.04 9301.38 -3234.01 15351.8 -3876.68
2.04 4240 -2499.72 -9179.54 3695.82 12628 -3103.28 -4240 2499.72 9179.54 -3695.82 14910.7 -4395.87
2.05 3479.74 -2795.29 -8430.7 3926.23 11829.6 -3589.31 -3479.74 2795.29 8430.7 -3926.23 13462.5 -4796.57
2.06 2467.32 -2962.65 -7019.96 3895.69 9958.95 -3949.61 -2467.32 2962.65 7019.96 -3895.69 11100.9 -4938.35
2.07 1386.95 -2805.28 -5190.82 3589.37 7410.37 -3771.3 -1386.95 2805.28 5190.82 -3589.37 8162.09 -4644.54
2.08 452.525 -2293.3 -3326.61 3045.23 4864.31 -2993.46 -452.525 2293.3 3326.61 -3045.23 5115.51 -3886.45
2.09 -218.253 -1604.3 -1719.77 2347.06 2810 -1984.75 218.253 1604.3 1719.77 -2347.06 2349.3 -2828.14
2.1 -681.357 -951.745 -464.016 1591.47 1336.04 -1159.32 681.357 951.745 464.016 -1591.47 56.0111 -1695.91
2.11 -976.369 -403.447 522.386 851.267 161.878 -582.556 976.369 403.447 -522.386 -851.267 -1729.04 -627.787
2.12 -1082.05 109.364 1281.43 165.482 -859.343 -11.8074 1082.05 -109.364 -1281.43 -165.482 -2984.94 339.899
2.13 -1003.83 622.111 1721.78 -427.601 -1562.37 703.149 1003.83 -622.111 -1721.78 427.601 -3602.98 1163.18
2.14 -717.39 1024.67 1678.68 -871.013 -1611.23 1355.51 717.39 -1024.67 -1678.68 871.013 -3424.82 1718.51
2.15 -211.4 1150.26 1022.05 -1099.39 -715.994 1575.02 211.4 -1150.26 -1022.05 1099.39 -2350.17 1875.75
2.16 456.096 960.059 -190.535 -1073.09 1006.5 1247.32 -456.096 -960.059 190.535 1073.09 -434.896 1632.85
2.17 1270.96 600.966 -1754 -811.504 3162.27 659.555 -1270.96 -600.966 1754 811.504 2099.74 1143.34
2.18 2213.65 263.426 -3430.3 -377.064 5334.71 200.23 -2213.65 -263.426 3430.3 377.064 4956.18 590.048
2.19 3160.87 -2.26033 -5045.67 162.1 7282.59 -40.8318 -3160.87 2.26033 5045.67 -162.1 7854.42 34.0509
2.2 3998.62 -307.003 -6550.96 757.237 9085.93 -321.235 -3998.62 307.003 6550.96 -757.237 10567 -599.773
2.21 4626.51 -764.341 -7885.76 1375.29 10786.5 -905.439 -4626.51 764.341 7885.76 -1375.29 12870.8 -1387.58
2.22 4919.66 -1336.45 -8882.41 1963.38 12161.5 -1736.2 -4919.66 1336.45 8882.41 -1963.38 14485.7 -2273.14
2.23 4840.38 -1849.7 -9280.97 2438.21 12740 -2475.81 -4840.38 1849.7 9280.97 -2438.21 15102.9 -3073.29
2.24 4402.55 -2144.09 -8854.39 2711.9 12048.5 -2834.06 -4402.55 2144.09 8854.39 -2711.9 14514.6 -3598.21
2.25 3620.94 -2184.08 -7629.07 2729.46 10137.5 -2798.83 -3620.94 2184.08 7629.07 -2729.46 12749.7 -3753.42
2.26 2615.45 -2026.16 -5859.1 2493.44 7515.8 -2542.28 -2615.45 2026.16 5859.1 -2493.44 10061.5 -3536.21
2.27 1524.85 -1710.92 -3825.66 2040.45 4727.54 -2164.65 -1524.85 1710.92 3825.66 -2040.45 6749.44 -2968.1
2.28 373.333 -1220.79 -1631.28 1404.57 1919.08 -1595.42 -373.333 1220.79 1631.28 -1404.57 2974.77 -2066.94
2.29 -847.656 -543.067 850.66 607.44 -1300.45 -741.24 847.656 543.067 -850.66 -607.44 -1251.53 -887.959
2.3 -2157.23 256.624 3694.36 -325.041 -5210.31 331.838 2157.23 -256.624 -3694.36 325.041 -5872.77 438.033
2.31 -3543.39 1046.57 6693.69 -1328.58 -9494.61 1404.73 3543.39 -1046.57 -6693.69 1328.58 -10586.5 1734.98
2.32 -4830.37 1713.24 9400.31 -2299.97 -13328.5 2278.2 4830.37 -1713.24 -9400.31 2299.97 -14872.4 2861.51
2.33 -5814 2223.85 11392.1 -3135.01 -15938.5 2907.17 5814 -2223.85 -11392.1 3135.01 -18237.8 3764.38
2.34 -6428.64 2607.64 12585 -3763.89 -17303.2 3365.91 6428.64 -2607.64 -12585 3763.89 -20451.8 4457.03
2.35 -6666.02 2891.98 13156 -4164.35 -17929.7 3720.27 6666.02 -2891.98 -13156 4164.35 -21538.2 4955.68
2.36 -6547.92 3065.52 13240.8 -4333.45 -18166.5 3957.67 6547.92 -3065.52 -13240.8 4333.45 -21556.1 5238.9
2.37 -6102.34 3087.96 12737.5 -4256.57 -17773.9 4012.36 6102.34 -3087.96 -12737.5 4256.57 -20438.6 5251.52
2.38 -5288.82 2915.01 11398.7 -3914.58 -16107.6 3813.49 5288.82 -2915.01 -11398.7 3914.58 -18088.6 4931.54
2.39 -4151.06 2516.48 9212.73 -3311.2 -13014.5 3308.49 4151.06 -2516.48 -9212.73 3311.2 -14623.7 4240.96
2.4 -2898.74 1895.22 6542.84 -2502.31 -9153.2 2489.02 2898.74 -1895.22 -6542.84 2502.31 -10475.3 3196.65
2.41 -1705.18 1111.94 3895.11 -1586.64 -5490.69 1439.66 1705.18 -1111.94 -3895.11 1586.64 -6194.64 1896.17
2.42 -630.252 287.964 1559.04 -660.997 -2539.25 349.771 630.252 -287.964 -1559.04 660.997 -2137.87 514.121
2.43 359.535 -443.642 -569.97 207.465 68.5036 -577.23 -359.535 443.642 569.97 -207.465 1641.41 -753.696
2.44 1367.4 -1008.34 -2690.49 981.261 2895.4 -1257.11 -1367.4 1008.34 2690.49 -981.261 5176.08 -1767.91
2.45 2358.44 -1409.04 -4730.27 1622.67 5895.48 -1748.98 -2358.44 1409.04 4730.27 -1622.67 8295.33 -2478.15
2.46 3116.11 -1670.63 -6299.95 2071.98 8322.1 -2123.99 -3116.11 1670.63 6299.95 -2071.98 10577.8 -2887.91
2.47 3484.07 -1776.47 -6972.7 2271.1 9306.22 -2328.34 -3484.07 1776.47 6972.7 -2271.1 11611.9 -3001.07
2.48 3436.93 -1680.08 -6689.52 2197.77 8764.83 -2224.3 -3436.93 1680.08 6689.52 -2197.77 11303.7 -2815.93
2.49 3040.12 -1384.5 -5765.29 1886.6 7381.98 -1783.73 -3040.12 1384.5 5765.29 -1886.6 9913.9 -2369.76
2.5 2435.26 -983.889 -4564.71 1411.7 5875.91 -1191.75 -2435.26 983.889 4564.71 -1411.7 7818.2 -1759.91
2.51 1686.68 -593.369 -3225.95 840.868 4418.4 -692.538 -1686.68 593.369 3225.95 -840.868 5259.44 -1087.57
2.52 784.304 -235.965 -1641.53 219.98 2584.04 -328.237 -784.304 235.965 1641.53 -219.98 2340.55 -379.659
2.53 -165.973 171.751 215.445 -413.497 128.873 107.669 165.973 -171.751 -215.445 413.497 -775.206 407.583
2.54 -999.044 695.495 2085.86 -1002.41 -2530.44 803.794 999.044 -695.495 -2085.86 1002.41 -3727.13 1282.69
2.55 -1607.23 1249.91 3551.4 -1459.34 -4600.01 1633.62 1607.23 -1249.91 -3551.4 1459.34 -6054.2 2116.11
2.56 -1938.03 1620.7 4311.32 -1703.76 -5489.55 2192.14 1938.03 -1620.7 -4311.32 1703.76 -7444.4 2669.96
2.57 -2058.94 1641.53 4408.17 -1698.05 -5349.49 2168.14 2058.94 -1641.53 -4408.17 1698.05 -7875.02 2756.43
2.58 -2074.84 1339.23 4078.51 -1457.43 -4735.78 1648.13 2074.84 -1339.23 -4078.51 1457.43 -7499.75 2369.55
2.59 -1942.05 886.387 3463.32 -1027.15 -3962.86 1001.62 1942.05 -886.387 -3463.32 1027.15 -6427.11 1657.54
2.6 -1561.61 416.38 2489.06 -441.069 -2862.95 472.994 1561.61 -416.38 -2489.06 441.069 -4604.23 776.144
2.61 -893.141 -88.0173 954.049 279.026 -937.691 -50.459 893.141 88.0173 -954.049 -279.026 -1924.46 -213.593
2.62 71.0026 -708.044 -1176.11 1098.06 1976.85 -824.631 -71.0026 708.044 1176.11 -1098.06 1551.49 -1299.5
2.63 1232.28 -1416.96 -3651.94 1944.9 5457.34 -1848.96 -1232.28 1416.96 3651.94 -1944.9 5498.49 -2401.9
2.64 2424.28 -2041.81 -6071.04 2713.44 8794.24 -2773.29 -2424.28 2041.81 6071.04 -2713.44 9418.88 -3352.14
2.65 3544.88 -2416.39 -8076.47 3308.77 11382 -3241.4 -3544.88 2416.39 8076.47 -3308.77 12847.4 -4007.77
2.66 4483.29 -2546.72 -9547.52 3679.82 13139 -3272.15 -4483.29 2546.72 9547.52 -3679.82 15503.5 -4368.02
2.67 5117.67 -2587.08 -10523.8 3816.71 14298.5 -3219.23 -5117.67 2587.08 10523.8 -3816.71 17272.8 -4542.02
2.68 5427.67 -2642.6 -11031.3 3725.85 14995.6 -3338.27 -5427.67 2642.6 11031.3 -3725.85 18098.4 -4589.52
2.69 5421.69 -2623.9 -10995.3 3397.77 15094.5 -3459.75 -5421.69 2623.9 10995.3 -3397.77 17891.4 -4411.95
2.7 5106.96 -2329.2 -10244.1 2822.17 14177.5 -3157.04 -5106.96 2329.2 10244.1 -2822.17 16554.7 -3830.57
2.71 4545.65 -1667.85 -8712.47 2022.07 12034.6 -2226.12 -4545.65 1667.85 8712.47 -2022.07 14102.8 -2777.42
2.72 3759.44 -776.062 -6552.92 1068.32 8924.57 -932.541 -3759.44 776.062 6552.92 -1068.32 10734.2 -1395.64
2.73 2747.27 98.7081 -4067.81 68.1476 5415.24 244.983 -2747.27 -98.7081 4067.81 -68.1476 6788.21 51.1415
2.74 1586.46 809.227 -1548.86 -884.381 2056.94 1070.69 -1586.46 -809.227 1548.86 884.381 2589.63 1356.99
2.75 325.78 1382.95 927.524 -1732.69 -1105.74 1694.46 -325.78 -1382.95 -927.524 1732.69 -1676.83 2454.39
2.76 -1030.78 1896.51 3428.54 -2442.24 -4369.02 2351.68 1030.78 -1896.51 -3428.54 2442.24 -5916.59 3337.86
2.77 -2413.16 2320.65 5941.7 -2977.28 -7859.02 3006.67 2413.16 -2320.65 -5941.7 2977.28 -9966.08 3955.28
2.78 -3717.62 2525.26 8225.78 -3281.3 -11211.8 3364.37 3717.62 -2525.26 -8225.78 3281.3 -13465.5 4211.41
2.79 -4790.57 2429.02 9847.01 -3306.23 -13599.6 3215.64 4790.57 -2429.02 -9847.01 3306.23 -15941.5 4071.41
2.8 -5426.04 2106.37 10515.4 -3051.54 -14469.9 2692.33 5426.04 -2106.37 -10515.4 3051.54 -17076.2 3626.77
2.81 -5571.21 1721.13 10297.6 -2568.16 -14003.7 2132.42 5571.21 -1721.13 -10297.6 2568.16 -16889.2 3030.97
2.82 -5349.62 1363.04 9520.63 -1939.47 -12877.9 1721.05 5349.62 -1363.04 -9520.63 1939.47 -15684 2368.08
2.83 -4885.2 976.532 8487.49 -1234.74 -11675.4 1326.11 4885.2 -976.532 -8487.49 1234.74 -13787 1603.49
2.84 -4266.75 458.549 7198.69 -496.845 -10264.1 702.056 4266.75 -458.549 -7198.69 496.845 -11331.9 673.591
2.85 -3502.9 -192.653 5487.6 230.37 -8130.68 -190.964 3502.9 192.653 -5487.6 -230.37 -8332.11 -386.996
2.86 -2535.92 -840.789 3347.7 883.95 -5136.15 -1108.84 2535.92 840.789 -3347.7 -883.95 -4906.96 -1413.52
2.87 -1433.53 -1313.72 1080.49 1376.07 -1826.39 -1742.57 1433.53 1313.72 -1080.49 -1376.07 -1415.08 -2198.59
2.88 -358.05 -1524.7 -846.395 1633.86 857.254 -1968.41 358.05 1524.7 846.395 -1633.86 1681.93 -2605.69
2.89 614.787 -1493.37 -2201.25 1638.34 2497.74 -1873.02 -614.787 1493.37 2201.25 -1638.34 4106 -2607.1
2.9 1467.22 -1276.44 -3112.43 1416.54 3481.82 -1585.62 -1467.22 1276.44 3112.43 -1416.54 5855.48 -2243.68
2.91 2198.17 -909.213 -3809.8 1018.43 4399.86 -1146.86 -2198.17 909.213 3809.8 -1018.43 7029.53 -1580.78
2.92 2780.76 -414.955 -4305.61 478.996 5351.48 -541.875 -2780.76 414.955 4305.61 -478.996 7565.35 -702.992
2.93 3046.04 157.393 -4284.68 -180.215 5656.35 194.764 -3046.04 -157.393 4284.68 180.215 7197.69 277.416
2.94 2831.2 729.783 -3454.1 -914.122 4625.63 952.745 -2831.2 -729.783 3454.1 914.122 5736.67 1236.6
2.95 2192.4 1231.98 -1903.28 -1644.12 2372.17 1617.31 -2192.4 -1231.98 1903.28 1644.12 3337.67 2078.63
2.96 1314.91 1630.3 -82.7047 -2265.57 -251.357 2132.91 -1314.91 -1630.3 82.7047 2265.57 499.471 2757.99
2.97 399.376 1917.18 1515.32 -2692.93 -2309.21 2490.35 -399.376 -1917.18 -1515.32 2692.93 -2236.75 3261.2
2.98 -419.751 2086.73 2754.13 -2893.93 -3654.02 2685.95 419.751 -2086.73 -2754.13 2893.93 -4608.37 3574.25
2.99 -1177.69 2128.74 3814.47 -2869.45 -4822.33 2716.83 1177.69 -2128.74 -3814.47 2869.45 -6621.08 3669.39
3 -1931.09 2033.09 4838.07 -2630.67 -6211.01 2590.67 1931.09 -2033.09 -4838.07 2630.67 -8303.21 3508.59
3.01 -2597.37 1782.41 5696.12 -2173.94 -7592.78 2297.95 2597.37 -1782.41 -5696.12 2173.94 -9495.58 3049.28
3.02 -3075.71 1342.81 6029.65 -1496.15 -8194.53 1773.23 3075.71 -1342.81 -6029.65 1496.15 -9894.43 2255.18
3.03 -3308.15 688.121 5618.92 -637.612 -7536.46 935.145 3308.15 -688.121 -5618.92 637.612 -9320.3 1129.22
3.04 -3264.87 -140.625 4587.21 318.218 -5901.44 -184.994 3264.87 140.625 -4587.21 -318.218 -7860.18 -236.881
3.05 -2989.53 -1005.13 3231.93 1263.19 -3930.08 -1366.29 2989.53 1005.13 -3231.93 -1263.19 -5765.72 -1649.09
3.06 -2485 -1730.15 1762.79 2108.98 -2054.04 -2311.1 2485 1730.15 -1762.79 -2108.98 -3234.32 -2879.34
3.07 -1664.01 -2216.45 119.786 2812.32 -63.817 -2873.45 1664.01 2216.45 -119.786 -2812.32 -295.541 -3775.89
3.08 -531.506 -2492.08 -1838.66 3343.98 2478.84 -3158.06 531.506 2492.08 1838.66 -3343.98 3037.15 -4318.19
3.09 790.833 -2641.18 -4045.21 3669.98 5566.27 -3358.25 -790.833 2641.18 4045.21 -3669.98 6569.35 -4565.31
3.1 2144.74 -2685.09 -6186.49 3742.13 8670.18 -3500.41 -2144.74 2685.09 6186.49 -3742.13 9889.3 -4554.87
3.11 3334.05 -2554.68 -7851.68 3524.89 11021 -3398.93 -3334.05 2554.68 7851.68 -3524.89 12534.1 -4265.12
3.12 4243.11 -2190.44 -8834.87 3040.15 12262.5 -2893.26 -4243.11 2190.44 8834.87 -3040.15 14242.1 -3678.07
3.13 4886.2 -1646.82 -9215.6 2355.68 12631.4 -2087.48 -4886.2 1646.82 9215.6 -2355.68 15015.4 -2852.98
3.14 5263.69 -1063.73 -9177.19 1559.49 12528.7 -1284.31 -5263.69 1063.73 9177.19 -1559.49 15002.9 -1906.89
3.15 5377.3 -528.301 -8841.29 722.218 12193.2 -665.161 -5377.3 528.301 8841.29 -722.218 14330.6 -919.741
3.16 5266.78 6.90557 -8146.24 -116.391 11435.8 -94.9059 -5266.78 -6.90557 8146.24 116.391 13002.9 115.623
3.17 4910.64 634.636 -6975.08 -907.59 9932.16 686.191 -4910.64 -634.636 6975.08 907.59 10993.1 1217.72
3.18 4275.86 1322.75 -5332.89 -1582.27 7642.53 1679.58 -4275.86 -1322.75 5332.89 1582.27 8356.13 2288.66
3.19 3373.78 1869.62 -3367.9 -2057.57 4826.06 2512.72 -3373.78 -1869.62 3367.9 2057.57 5277.64 3096.14
3.2 2204.23 2060.5 -1344.39 -2271.08 1991.26 2764.57 -2204.23 -2060.5 1344.39 2271.08 2041.91 3416.94
3.21 840.85 1865.22 538.296 -2223.02 -516.971 2388.31 -840.85 -1865.22 -538.296 2223.02 -1097.92 3207.34
3.22 -547.426 1459.33 2223.95 -1953.58 -2701.09 1752.49 547.426 -1459.33 -2223.95 1953.58 -3970.75 2625.52
3.23 -1847.35 1042.49 3716.94 -1514.64 -4689.24 1244.52 1847.35 -1042.49 -3716.94 1514.64 -6461.57 1882.94
3.24 -2978.25 656.059 5005.14 -944.24 -6566.75 884.318 2978.25 -656.059 -5005.14 944.24 -8448.66 1083.86
3.25 -3840.85 201.849 5934.48 -266.028 -8061.02 386.222 3840.85 -201.849 -5934.48 266.028 -9742.41 219.324
3.26 -4383.2 -374.65 6298.11 465.139 -8722.35 -419.42 4383.2 374.65 -6298.11 -465.139 -10172 -704.529
3.27 -4555.75 -964.11 6027.01 1161.56 -8367.79 -1315.22 4555.75 964.11 -6027.01 -1161.56 -9713.23 -1577.11
3.28 -4341.42 -1381.04 5258.76 1723.59 -7221.95 -1899.57 4341.42 1381.04 -5258.76 -1723.59 -8554.32 -2243.54
3.29 -3872.09 -1552.86 4307.72 2075.79 -5894.26 -2020.87 3872.09 1552.86 -4307.72 -2075.79 -7028.91 -2637.7
3.3 -3295.39 -1581.16 3399.47 2202.25 -4804.03 -1924.11 3295.39 1581.16 -3399.47 -2202.25 -5394.39 -2819.37
3.31 -2636.72 -1596.38 2514.23 2114 -3829.17 -1930.09 2636.72 1596.38 -2514.23 -2114 -3713.52 -2859.04
3.32 -1860.04 -1577.27 1500.2 1822.65 -2582.61 -2025.85 1860.04 1577.27 -1500.2 -1822.65 -1918 -2705.96
3.33 -899.334 -1353.37 273.674 1330.62 -822.48 -1853.13 899.334 1353.37 -273.674 -1330.62 1.45892 -2206.97
3.34 233.222 -794.604 -969.669 642.5 1076.24 -1114.13 -233.222 794.604 969.669 -642.5 1832.76 -1269.68
3.35 1331.22 23.5296 -1890.23 -187.415 2420.68 68.7846 -1331.22 -23.5296 1890.23 187.415 3250.01 1.80409
3.36 2179.97 862.469 -2301.31 -1064.46 2874.9 1242.87 -2179.97 -862.469 2301.31 1064.46 4029.02 1344.54
3.37 2710.07 1520.3 -2273.23 -1885.4 2650.87 2051.22 -2710.07 -1520.3 2273.23 1885.4 4168.82 2509.67
3.38 2923.13 1968.39 -2046.75 -2570.59 2315.33 2512.96 -2923.13 -1968.39 2046.75 2570.59 3824.92 3392.22
3.39 2860.7 2292.15 -1716.71 -3089.35 2070.02 2872.7 -2860.7 -2292.15 1716.71 3089.35 3080.1 4003.76
3.4 2535.84 2532.62 -1138.6 -3419.68 1528.05 3240.11 -2535.84 -2532.62 1138.6 3419.68 1887.76 4357.76
3.41 1885.76 2621.21 -164.922 -3528.08 274.106 3449.86 -1885.76 -2621.21 164.922 3528.08 220.659 4413.77
3.42 954.626 2468.74 1140.05 -3377.24 -1658.71 3275.19 -954.626 -2468.74 -1140.05 3377.24 -1761.43 4131.03
3.43 -59.7606 2085.57 2427.21 -2946.49 -3591.77 2710.82 59.7606 -2085.57 -2427.21 2946.49 -3689.86 3545.88
3.44 -996.813 1583.2 3357.13 -2277.27 -4835.3 1986.09 996.813 -1583.2 -3357.13 2277.27 -5236.08 2763.51
3.45 -1793.63 1060.93 3899.64 -1453.14 -5371 1312.9 1793.63 -1060.93 -3899.64 1453.14 -6327.92 1869.89
3.46 -2492.11 518.625 4266.34 -561.664 -5685.94 681.779 2492.11 -518.625 -4266.34 561.664 -7113.07 874.097
3.47 -3195.3 -105.046 4667.65 327.966 -6265.66 -66.867 3195.3 105.046 -4667.65 -327.966 -7737.29 -248.27
3.48 -3854.86 -820.84 5021.65 1178.49 -6954.09 -1003.01 3854.86 820.84 -5021.65 -1178.49 -8110.87 -1459.5
3.49 -4270.05 -1531.51 5020.42 1939.85 -7088.84 -1979.07 4270.05 1531.51 -5020.42 -1939.85 -7972.43 -2615.47
3.5 -4300.77 -2085.58 4467.39 2538.09 -6266.54 -2737.05 4300.77 2085.58 -4467.39 -2538.09 -7135.62 -3519.69
3.51 -3908.54 -2375.83 3428.58 2900.03 -4640.37 -3106.22 3908.54 2375.83 -3428.58 -2900.03 -5645.37 -4021.28
3.52 -3150.1 -2384.46 2187.36 2978.46 -2815.21 -3083.3 3150.1 2384.46 -2187.36 -2978.46 -3746.88 -4070.07
3.53 -2161.48 -2156.75 950.745 2791.79 -1195.82 -2763.32 2161.48 2156.75 -950.745 -2791.79 -1656.42 -3706.92
3.54 -1011.42 -1757.86 -308.081 2394.8 377.006 -2246.11 1011.42 1757.86 308.081 -2394.8 547.236 -3027.46
3.55 271.607 -1253.79 -1673.26 1839.66 2192.2 -1610.45 -271.607 1253.79 1673.26 -1839.66 2827.59 -2150.93
3.56 1563.52 -707.474 -3126.27 1167.88 4306.18 -926.728 -1563.52 707.474 3126.27 -1167.88 5072.63 -1195.69
3.57 2728.68 -166.822 -4451.32 408.81 6313.3 -246.8 -2728.68 166.822 4451.32 -408.81 7040.67 -253.666
3.58 3680.29 346.839 -5402.93 -374.619 7697.62 414.825 -3680.29 -346.839 5402.93 374.619 8511.16 625.693
3.59 4362.25 823.523 -5938.89 -1085.53 8378.82 1051.66 -4362.25 -823.523 5938.89 1085.53 9437.85 1418.91
3.6 4813.06 1232.33 -6172.73 -1631.94 8600.98 1606.16 -4813.06 -1232.33 6172.73 1631.94 9917.2 2090.83
3.61 5084.16 1517.61 -6260.09 -1951.24 8705.19 1972.77 -5084.16 -1517.61 6260.09 1951.24 10075.1 2580.07
3.62 5121.13 1636.39 -6219.32 -2040.75 8744.21 2086.2 -5121.13 -1636.39 6219.32 2040.75 9913.75 2822.96
3.63 4865.14 1589.9 -5913.5 -1921.73 8421.11 1987.11 -4865.14 -1589.9 5913.5 1921.73 9319.38 2782.59
3.64 4291.61 1401.73 -5240.91 -1604.39 7522.11 1758.49 -4291.61 -1401.73 5240.91 1604.39 8200.62 2446.71
3.65 3374.57 1064.96 -4196.04 -1097.02 6019.36 1390.59 -3374.57 -1064.96 4196.04 1097.02 6568.77 1804.28
3.66 2180.13 538.5 -2911.72 -414.816 4156.79 761.509 -2180.13 -538.5 2911.72 414.816 4578.37 853.993
3.67 845.006 -175.838 -1574.21 377.045 2275.94 -191.567 -845.006 175.838 1574.21 -377.045 2446.69 -335.948
3.68 -502.793 -958.702 -301.569 1174.03 536.511 -1292.22 502.793 958.702 301.569 -1174.03 368.197 -1583.89
3.69 -1694.32 -1609.93 822.77 1880.75 -967.203 -2183.3 1694.32 1609.93 -822.77 -1880.75 -1501.11 -2646.5
3.7 -2599.79 -1988.3 1785.02 2429.13 -2273.64 -2616.49 2599.79 1988.3 -1785.02 -2429.13 -3081.42 -3348.4
3.71 -3227.33 -2115.4 2585 2797.83 -3425.54 -2671.35 3227.33 2115.4 -2585 -2797.83 -4329.45 -3674.87
3.72 -3607.9 -2122.81 3183.75 2972.71 -4335.37 -2638.28 3607.9 2122.81 -3183.75 -2972.71 -5215.87 -3730.14
3.73 -3749.32 -2090.28 3549.31 2919.99 -4921.22 -2671.78 3749.32 2090.28 -3549.31 -2919.99 -5726.71 -3599.07
3.74 -3662.76 -1956.16 3623.37 2613.11 -5035.05 -2607.38 3662.76 1956.16 -3623.37 -2613.11 -5835.06 -3261.11
3.75 -3311.38 -1603.54 3413.04 2048.67 -4679.71 -2165.14 3311.38 1603.54 -3413.04 -2048.67 -5559.41 -2645.49
3.76 -2697.47 -1019.79 3008.45 1283.25 -4063.94 -1307.76 2697.47 1019.79 -3008.45 -1283.25 -4961.4 -1751.6
3.77 -1925.25 -338.242 2482.82 413.227 -3350.78 -326.045 1925.25 338.242 -2482.82 -413.227 -4097.68 -688.682
3.78 -1050.31 291.703 1872.15 -477.976 -2614.25 464.015 1050.31 -291.703 -1872.15 477.976 -3002.19 411.095
3.79 -67.1025 851.386 1110.66 -1326.81 -1673.87 1058.86 67.1025 -851.386 -1110.66 1326.81 -1658.09 1495.3
3.8 990.772 1431.61 154.318 -2097.13 -359.506 1723.06 -990.772 -1431.61 -154.318 2097.13 -103.449 2571.76
3.81 2043.89 2059.99 -872.799 -2740.83 1137.25 2596.8 -2043.89 -2059.99 872.799 2740.83 1481.15 3583.18
3.82 2910.72 2586.84 -1745.22 -3181.95 2412.44 3422.26 -2910.72 -2586.84 1745.22 3181.95 2823.23 4338.25
3.83 3361.1 2782.66 -2236.95 -3359.6 3037.96 3739.13 -3361.1 -2782.66 2236.95 3359.6 3672.9 4608.85
3.84 3347.93 2556.16 -2324.24 -3246.57 2999.1 3354.99 -3347.93 -2556.16 2324.24 3246.57 3973.62 4313.49
3.85 3002.97 2051.41 -2177.51 -2877.18 2685.18 2559.11 -3002.97 -2051.41 2177.51 2877.18 3847.34 3595.12
3.86 2466.75 1508.9 -1932.85 -2320.09 2369.17 1825.36 -2466.75 -1508.9 1932.85 2320.09 3429.38 2701.34
3.87 1830.11 1041.97 -1594.29 -1627.24 2025.06 1335.66 -1830.11 -1041.97 1594.29 1627.24 2757.83 1790.24
3.88 1070.23 574.445 -1017.17 -841.819 1298.39 860.06 -1070.23 -574.445 1017.17 841.819 1753.12 863.274
3.89 115.953 -5.72986 -118.781 -1.95273 -23.8616 109.127 -115.953 5.72986 118.781 1.95273 380.205 -126.317
3.9 -957.215 -667.295 971.291 823.792 -1664.19 -868.251 957.215 667.295 -971.291 -823.792 -1249.69 -1133.63
3.91 -1991.7 -1238.92 2054.79 1532.3 -3206.48 -1703.5 1991.7 1238.92 -2054.79 -1532.3 -2957.87 -2013.25
3.92 -2905.67 -1581.88 2994.53 2041.08 -4386.56 -2105.5 2905.67 1581.88 -2994.53 -2041.08 -4597.02 -2640.14
3.93 -3670.6 -1719.55 3830.2 2304.58 -5357.25 -2155.84 3670.6 1719.55 -3830.2 -2304.58 -6133.33 -3002.8
3.94 -4290.28 -1770.12 4651.66 2330.92 -6414.78 -2157.44 4290.28 1770.12 -4651.66 -2330.92 -7540.2 -3152.91
3.95 -4729.81 -1771.44 5369.47 2151.25 -7452.98 -2232.34 4729.81 1771.44 -5369.47 -2151.25 -8655.42 -3081.96
3.96 -4816.69 -1613.52 5768.5 1775.56 -8075.96 -2153.74 4816.69 1613.52 -5768.5 -1775.56 -9229.55 -2686.81
3.97 -4410.03 -1163.41 5636.1 1217.35 -7856.95 -1610.09 4410.03 1163.41 -5636.1 -1217.35 -9051.36 -1880.14
3.98 -3566.76 -441.082 4963.36 506.172 -6771.72 -592.135 3566.76 441.082 -4963.36 -506.172 -8118.36 -731.113
3.99 -2452.82 355.443 3963.24 -283.939 -5258.8 542.261 2452.82 -355.443 -3963.24 283.939 -6630.92 524.069
4 -1263.91 1004.12 2823.22 -1041.31 -3666.29 1389.91 1263.91 -1004.12 -2823.22 1041.31 -4803.38 1622.44
