0.01 0 88.6148 1.46912 -0.155682 -3.67281 221.537 0 -88.6148 -1.46912 0.155682 -3.67281 221.537
0.02 0 459.829 12.33 -0.752269 -30.8249 1149.57 0 -459.829 -12.33 0.752269 -30.8249 1149.57
0.03 0 1227.89 51.2185 -1.89551 -128.046 3069.71 0 -1227.89 -51.2185 1.89551 -128.046 3069.71
0.04 0 2313.98 144.021 -3.45246 -360.053 5784.94 0 -2313.98 -144.021 3.45246 -360.053 5784.94
0.05 0 3478.74 316.047 -5.19878 -790.117 8696.84 0 -3478.74 -316.047 5.19878 -790.117 8696.84
0.06 0 4465.49 588.457 -7.10176 -1471.14 11163.7 0 -4465.49 -588.457 7.10176 -1471.14 11163.7
0.07 0 5105.51 977.6 -9.26905 -2444 12763.8 0 -5105.51 -977.6 9.26905 -2444 12763.8
0.08 0 5348.29 1486.34 -11.6611 -3715.85 13370.7 0 -5348.29 -1486.34 11.6611 -3715.85 13370.7
0.09 -7.80626e-11 5304.41 2084.59 -14.1131 -5211.48 13261 7.80626e-11 -5304.41 -2084.59 14.1131 -5211.48 13261
0.1 0 5183.42 2699.38 -16.3804 -6748.45 12958.5 0 -5183.42 -2699.38 16.3804 -6748.45 12958.5
0.11 0 5215.76 3238.21 -18.3607 -8095.52 13039.4 0 -5215.76 -3238.21 18.3607 -8095.52 13039.4
0.12 0 5544.87 3635.61 -20.1329 -9089.02 13862.2 0 -5544.87 -3635.61 20.1329 -9089.02 13862.2
0.13 0 6102.75 3881.33 -21.6509 -9703.33 15256.9 0 -6102.75 -3881.33 21.6509 -9703.33 15256.9
0.14 -1.56125e-10 6652.29 4001.8 -22.6957 -10004.5 16630.7 1.56125e-10 -6652.29 -4001.8 22.6957 -10004.5 16630.7
0.15 0 6893.48 4012.85 -22.8981 -10032.1 17233.7 0 -6893.48 -4012.85 22.8981 -10032.1 17233.7
0.16 0 6621.28 3894.6 -21.9902 -9736.49 16553.2 0 -6621.28 -3894.6 21.9902 -9736.49 16553.2
0.17 0 5848.4 3615.75 -20.0586 -9039.37 14621 0 -5848.4 -3615.75 20.0586 -9039.37 14621
0.18 0 4753.65 3175.63 -17.3616 -7939.07 11884.1 0 -4753.65 -3175.63 17.3616 -7939.07 11884.1
0.19 0 3607.65 2612.12 -14.2105 -6530.3 9019.14 0 -3607.65 -2612.12 14.2105 -6530.3 9019.14
0.2 0 2652.84 1967.42 -10.8103 -4918.54 6632.09 0 -2652.84 -1967.42 10.8103 -4918.54 6632.09
0.21 0 2002.43 1256.38 -7.24446 -3140.96 5006.08 0 -2002.43 -1256.38 7.24446 -3140.96 5006.08
0.22 0 1633.5 482.119 -3.67116 -1205.3 4083.74 0 -1633.5 -482.119 3.67116 -1205.3 4083.74
0.23 1.95156e-11 1367.82 -315.213 -0.234501 788.032 3419.54 -1.95156e-11 -1367.82 315.213 0.234501 788.032 3419.54
0.24 -3.90313e-11 961.743 -1039.78 2.93669 2599.45 2404.36 3.90313e-11 -961.743 1039.78 -2.93669 2599.45 2404.36
0.25 0 238.724 -1587.38 5.75209 3968.46 596.81 0 -238.724 1587.38 -5.75209 3968.46 596.81
0.26 0 -824.538 -1917.36 8.19934 4793.41 -2061.34 0 824.538 1917.36 -8.19934 4793.41 -2061.34
0.27 0 -2038.35 -2074.9 10.1655 5187.25 -5095.88 0 2038.35 2074.9 -10.1655 5187.25 -5095.88
0.28 0 -3112.87 -2138.59 11.5259 5346.48 -7782.17 0 3112.87 2138.59 -11.5259 5346.48 -7782.17
0.29 0 -3807.23 -2147.84 12.2001 5369.61 -9518.07 0 3807.23 2147.84 -12.2001 5369.61 -9518.07
0.3 0 -4027.51 -2086.3 12.1735 5215.74 -10068.8 0 4027.51 2086.3 -12.1735 5215.74 -10068.8
0.31 7.80626e-11 -3884.33 -1931.52 11.6183 4828.8 -9710.84 -7.80626e-11 3884.33 1931.52 -11.6183 4828.8 -9710.84
0.32 -7.80626e-11 -3602.16 -1706.23 10.7541 4265.58 -9005.39 7.80626e-11 3602.16 1706.23 -10.7541 4265.58 -9005.39
0.33 0 -3430.97 -1471.7 9.85215 3679.26 -8577.43 0 3430.97 1471.7 -9.85215 3679.26 -8577.43
0.34 0 -3558.58 -1275.82 9.19514 3189.54 -8896.44 0 3558.58 1275.82 -9.19514 3189.54 -8896.44
0.35 -3.90313e-11 -4006.73 -1121.48 8.90829 2803.7 -10016.8 3.90313e-11 4006.73 1121.48 -8.90829 2803.7 -10016.8
0.36 3.90313e-11 -4639.14 -995.109 9.00662 2487.77 -11597.8 -3.90313e-11 4639.14 995.109 -9.00662 2487.77 -11597.8
0.37 -3.90313e-11 -5193.7 -918.121 9.34235 2295.3 -12984.2 3.90313e-11 5193.7 918.121 -9.34235 2295.3 -12984.2
0.38 0 -5408.34 -952.56 9.74736 2381.4 -13520.9 0 5408.34 952.56 -9.74736 2381.4 -13520.9
0.39 3.90313e-11 -5183.2 -1146.32 10.2142 2865.81 -12958 -3.90313e-11 5183.2 1146.32 -10.2142 2865.81 -12958
0.4 0 -4609.62 -1475.09 10.7814 3687.72 -11524.1 0 4609.62 1475.09 -10.7814 3687.72 -11524.1
0.41 7.80626e-11 -3938.4 -1844.76 11.5007 4611.9 -9846.01 -7.80626e-11 3938.4 1844.76 -11.5007 4611.9 -9846.01
0.42 -7.80626e-11 -3431.47 -2154.84 12.2806 5387.1 -8578.67 7.80626e-11 3431.47 2154.84 -12.2806 5387.1 -8578.67
0.43 -7.80626e-11 -3219.2 -2358.17 12.9 5895.41 -8048.01 7.80626e-11 3219.2 2358.17 -12.9 5895.41 -8048.01
0.44 0 -3280.14 -2461.37 13.2292 6153.42 -8200.34 0 3280.14 2461.37 -13.2292 6153.42 -8200.34
0.45 0 -3438.1 -2479.55 13.1762 6198.88 -8595.25 0 3438.1 2479.55 -13.1762 6198.88 -8595.25
0.46 0 -3453.63 -2402.4 12.6733 6006.01 -8634.07 0 3453.63 2402.4 -12.6733 6006.01 -8634.07
0.47 0 -3119.09 -2204.28 11.5653 5510.7 -7797.72 0 3119.09 2204.28 -11.5653 5510.7 -7797.72
0.48 -7.80626e-11 -2326.21 -1876.65 9.61066 4691.63 -5815.54 7.80626e-11 2326.21 1876.65 -9.61066 4691.63 -5815.54
0.49 7.80626e-11 -1163.99 -1438.61 6.802 3596.54 -2909.97 -7.80626e-11 1163.99 1438.61 -6.802 3596.54 -2909.97
0.5 0 118.029 -914.543 3.40422 2286.36 295.073 0 -118.029 914.543 -3.40422 2286.36 295.073
0.51 -3.90313e-11 1214.7 -312.374 -0.134191 780.935 3036.75 3.90313e-11 -1214.7 312.374 0.134191 780.935 3036.75
0.52 5.85469e-11 1908.37 367.33 -3.44854 -918.326 4770.92 -5.85469e-11 -1908.37 -367.33 3.44854 -918.326 4770.92
0.53 -7.80626e-11 2208.21 1101.35 -6.51895 -2753.38 5520.53 7.80626e-11 -2208.21 -1101.35 6.51895 -2753.38 5520.53
0.54 7.80626e-11 2302.12 1827.28 -9.43499 -4568.2 5755.3 -7.80626e-11 -2302.12 -1827.28 9.43499 -4568.2 5755.3
0.55 0 2446.21 2460.85 -12.1933 -6152.13 6115.53 0 -2446.21 -2460.85 12.1933 -6152.13 6115.53
0.56 0 2830.64 2932.14 -14.589 -7330.34 7076.6 0 -2830.64 -2932.14 14.589 -7330.34 7076.6
0.57 1.56125e-10 3475.81 3209.02 -16.3145 -8022.54 8689.52 -1.56125e-10 -3475.81 -3209.02 16.3145 -8022.54 8689.52
0.58 -1.56125e-10 4269.08 3296.51 -17.291 -8241.26 10672.7 1.56125e-10 -4269.08 -3296.51 17.291 -8241.26 10672.7
0.59 1.56125e-10 4995.82 3223.56 -17.5962 -8058.9 12489.6 -1.56125e-10 -4995.82 -3223.56 17.5962 -8058.9 12489.6
0.6 1.56125e-10 5417.5 3029.08 -17.3057 -7572.71 13543.8 -1.56125e-10 -5417.5 -3029.08 17.3057 -7572.71 13543.8
0.61 -1.56125e-10 5382.22 2749.69 -16.3844 -6874.24 13455.5 1.56125e-10 -5382.22 -2749.69 16.3844 -6874.24 13455.5
0.62 1.56125e-10 4879.57 2409.34 -14.7068 -6023.34 12198.9 -1.56125e-10 -4879.57 -2409.34 14.7068 -6023.34 12198.9
0.63 -1.56125e-10 4100.02 2016.34 -12.409 -5040.86 10250.1 1.56125e-10 -4100.02 -2016.34 12.409 -5040.86 10250.1
0.64 0 3351.67 1575.74 -9.90747 -3939.36 8379.18 0 -3351.67 -1575.74 9.90747 -3939.36 8379.18
0.65 1.56125e-10 2894.46 1109.31 -7.67339 -2773.27 7236.15 -1.56125e-10 -2894.46 -1109.31 7.67339 -2773.27 7236.15
0.66 -1.95156e-10 2823.97 661.391 -5.98142 -1653.48 7059.92 1.95156e-10 -2823.97 -661.391 5.98142 -1653.48 7059.92
0.67 1.46367e-10 3003.54 282.232 -4.71408 -705.581 7508.86 -1.46367e-10 -3003.54 -282.232 4.71408 -705.581 7508.86
0.68 -1.21973e-11 3174.54 6.22349 -3.65973 -15.5587 7936.34 1.21973e-11 -3174.54 -6.22349 3.65973 -15.5587 7936.34
0.69 -1.17094e-10 3103.55 -152.638 -2.75374 381.596 7758.88 1.17094e-10 -3103.55 152.638 2.75374 381.596 7758.88
0.7 1.85399e-10 2669.67 -187.657 -2.08458 469.142 6674.18 -1.85399e-10 -2669.67 187.657 2.08458 469.142 6674.18
0.71 -1.75641e-10 1927.21 -93.4354 -1.8012 233.588 4818.02 1.75641e-10 -1927.21 93.4354 1.8012 233.588 4818.02
0.72 7.80626e-11 1047.59 115.333 -1.84338 -288.333 2618.98 -7.80626e-11 -1047.59 -115.333 1.84338 -288.333 2618.98
0.73 5.85469e-11 260.799 381.319 -2.03386 -953.298 651.999 -5.85469e-11 -260.799 -381.319 2.03386 -953.298 651.999
0.74 -1.75641e-10 -220.843 615.831 -2.2542 -1539.58 -552.107 1.75641e-10 220.843 -615.831 2.2542 -1539.58 -552.107
0.75 1.95156e-10 -329.177 747.358 -2.44756 -1868.39 -822.944 -1.95156e-10 329.177 -747.358 2.44756 -1868.39 -822.944
0.76 -1.17094e-10 -168.559 764.823 -2.60995 -1912.06 -421.397 1.17094e-10 168.559 -764.823 2.60995 -1912.06 -421.397
0.77 0 1.34123 708.706 -2.56752 -1771.77 3.35306 0 -1.34123 -708.706 2.56752 -1771.77 3.35306
0.78 1.17094e-10 -108.478 614.333 -2.01903 -1535.83 -271.196 -1.17094e-10 108.478 -614.333 2.01903 -1535.83 -271.196
0.79 -1.75641e-10 -637.775 467.045 -0.770213 -1167.61 -1594.44 1.75641e-10 637.775 -467.045 0.770213 -1167.61 -1594.44
0.8 1.56125e-10 -1529.4 217.86 1.18415 -544.649 -3823.49 -1.56125e-10 1529.4 -217.86 -1.18415 -544.649 -3823.49
0.81 -5.85469e-11 -2547.69 -160.207 3.57957 400.517 -6369.21 5.85469e-11 2547.69 160.207 -3.57957 400.517 -6369.21
0.82 -7.80626e-11 -3407.64 -638.904 6.1002 1597.26 -8519.1 7.80626e-11 3407.64 638.904 -6.1002 1597.26 -8519.1
0.83 1.56125e-10 -3916.7 -1159.69 8.54395 2899.24 -9791.74 -1.56125e-10 3916.7 1159.69 -8.54395 2899.24 -9791.74
0.84 -1.56125e-10 -4015.26 -1683.23 10.7744 4208.08 -10038.2 1.56125e-10 4015.26 1683.23 -10.7744 4208.08 -10038.2
0.85 1.56125e-10 -3811.77 -2199.95 12.7525 5499.87 -9529.43 -1.56125e-10 3811.77 2199.95 -12.7525 5499.87 -9529.43
0.86 0 -3522.78 -2688.84 14.4095 6722.1 -8806.94 0 3522.78 2688.84 -14.4095 6722.1 -8806.94
0.87 -1.56125e-10 -3375.19 -3080.97 15.6605 7702.43 -8437.98 1.56125e-10 3375.19 3080.97 -15.6605 7702.43 -8437.98
0.88 1.56125e-10 -3518.17 -3282.99 16.4574 8207.47 -8795.43 -1.56125e-10 3518.17 3282.99 -16.4574 8207.47 -8795.43
0.89 0 -3906.39 -3246.3 16.6851 8115.75 -9765.98 0 3906.39 3246.3 -16.6851 8115.75 -9765.98
0.9 -1.56125e-10 -4324.54 -3009.43 16.2496 7523.57 -10811.4 1.56125e-10 4324.54 3009.43 -16.2496 7523.57 -10811.4
0.91 1.56125e-10 -4494.27 -2663.1 15.0775 6657.74 -11235.7 -1.56125e-10 4494.27 2663.1 -15.0775 6657.74 -11235.7
0.92 -1.56125e-10 -4209.24 -2271.68 13.1586 5679.21 -10523.1 1.56125e-10 4209.24 2271.68 -13.1586 5679.21 -10523.1
0.93 1.56125e-10 -3468.59 -1833.61 10.6383 4584.03 -8671.46 -1.56125e-10 3468.59 1833.61 -10.6383 4584.03 -8671.46
0.94 0 -2446.2 -1317.07 7.69226 3292.67 -6115.5 0 2446.2 1317.07 -7.69226 3292.67 -6115.5
0.95 -1.17094e-10 -1409.18 -724.556 4.55785 1811.39 -3522.95 1.17094e-10 1409.18 724.556 -4.55785 1811.39 -3522.95
0.96 1.56125e-10 -611.962 -113.79 1.51647 284.475 -1529.91 -1.56125e-10 611.962 113.79 -1.51647 284.475 -1529.91
0.97 -1.17094e-10 -179.573 443.355 -1.17542 -1108.39 -448.932 1.17094e-10 179.573 -443.355 1.17542 -1108.39 -448.932
0.98 3.90313e-11 -92.2229 909.979 -3.28341 -2274.95 -230.557 -3.90313e-11 92.2229 -909.979 3.28341 -2274.95 -230.557
0.99 0 -174.657 1283.45 -4.78191 -3208.62 -436.644 0 174.657 -1283.45 4.78191 -3208.62 -436.644
1 -1.56125e-10 -165.181 1553.9 -5.82012 -3884.75 -412.954 1.56125e-10 165.181 -1553.9 5.82012 -3884.75 -412.954
1.01 1.56125e-10 138.958 1681.2 -6.55469 -4203.01 347.396 -1.56125e-10 -138.958 -1681.2 6.55469 -4203.01 347.396
1.02 -1.56125e-10 789.967 1624.96 -7.0449 -4062.41 1974.92 1.56125e-10 -789.967 -1624.96 7.0449 -4062.41 1974.92
1.03 0 1627.1 1397.31 -7.14231 -3493.28 4067.75 0 -1627.1 -1397.31 7.14231 -3493.28 4067.75
1.04 1.17094e-10 2366.81 1076.71 -6.7235 -2691.78 5917.02 -1.17094e-10 -2366.81 -1076.71 6.7235 -2691.78 5917.02
1.05 -1.56125e-10 2771.83 762.032 -5.87163 -1905.08 6929.56 1.56125e-10 -2771.83 -762.032 5.87163 -1905.08 6929.56
1.06 1.36609e-10 2750.48 512.484 -4.8263 -1281.21 6876.19 -1.36609e-10 -2750.48 -512.484 4.8263 -1281.21 6876.19
1.07 -6.83047e-11 2411.44 330.555 -3.88539 -826.388 6028.6 6.83047e-11 -2411.44 -330.555 3.88539 -826.388 6028.6
1.08 -4.87891e-11 1981.9 194.82 -3.17392 -487.05 4954.74 4.87891e-11 -1981.9 -194.82 3.17392 -487.05 4954.74
1.09 1.36609e-10 1699.94 101.104 -2.71933 -252.761 4249.86 -1.36609e-10 -1699.94 -101.104 2.71933 -252.761 4249.86
1.1 -1.58565e-10 1746.47 70.7974 -2.6334 -176.993 4366.17 1.58565e-10 -1746.47 -70.7974 2.6334 -176.993 4366.17
1.11 1.07336e-10 2151.87 127.903 -3.07572 -319.757 5379.68 -1.07336e-10 -2151.87 -127.903 3.07572 -319.757 5379.68
1.12 0 2790.22 279.256 -4.16218 -698.141 6975.56 0 -2790.22 -279.256 4.16218 -698.141 6975.56
1.13 -1.17094e-10 3409.94 517.161 -5.71593 -1292.9 8524.85 1.17094e-10 -3409.94 -517.161 5.71593 -1292.9 8524.85
1.14 1.56125e-10 3728.43 830.326 -7.3109 -2075.81 9321.08 -1.56125e-10 -3728.43 -830.326 7.3109 -2075.81 9321.08
1.15 -1.56125e-10 3605.45 1203.07 -8.6087 -3007.67 9013.63 1.56125e-10 -3605.45 -1203.07 8.6087 -3007.67 9013.63
1.16 0 3105.44 1602.68 -9.52388 -4006.69 7763.6 0 -3105.44 -1602.68 9.52388 -4006.69 7763.6
1.17 7.80626e-11 2471.45 1973.21 -10.2382 -4933.03 6178.63 -7.80626e-11 -2471.45 -1973.21 10.2382 -4933.03 6178.63
1.18 -1.56125e-10 1988.71 2248.89 -10.8799 -5622.23 4971.78 1.56125e-10 -1988.71 -2248.89 10.8799 -5622.23 4971.78
1.19 1.56125e-10 1808.06 2377.03 -11.2884 -5942.57 4520.15 -1.56125e-10 -1808.06 -2377.03 11.2884 -5942.57 4520.15
1.2 -7.80626e-11 1907.92 2332.21 -11.1797 -5830.54 4769.81 7.80626e-11 -1907.92 -2332.21 11.1797 -5830.54 4769.81
1.21 0 2112.91 2118.29 -10.3436 -5295.72 5282.27 0 -2112.91 -2118.29 10.3436 -5295.72 5282.27
1.22 1.56125e-10 2186.26 1764.21 -8.8308 -4410.51 5465.65 -1.56125e-10 -2186.26 -1764.21 8.8308 -4410.51 5465.65
1.23 -7.80626e-11 1940.95 1315.59 -6.82664 -3288.98 4852.37 7.80626e-11 -1940.95 -1315.59 6.82664 -3288.98 4852.37
1.24 1.17094e-10 1284.88 819.14 -4.39579 -2047.85 3212.21 -1.17094e-10 -1284.88 -819.14 4.39579 -2047.85 3212.21
1.25 -3.90313e-11 292.414 302.632 -1.54768 -756.579 731.034 3.90313e-11 -292.414 -302.632 1.54768 -756.579 731.034
1.26 -5.85469e-11 -807.259 -232.87 1.63292 582.174 -2018.15 5.85469e-11 807.259 232.87 -1.63292 582.174 -2018.15
1.27 1.17094e-10 -1723.16 -793.405 4.81976 1983.51 -4307.89 -1.17094e-10 1723.16 793.405 -4.81976 1983.51 -4307.89
1.28 -1.56125e-10 -2220.86 -1358.88 7.53478 3397.2 -5552.15 1.56125e-10 2220.86 1358.88 -7.53478 3397.2 -5552.15
1.29 7.80626e-11 -2273.36 -1871.01 9.50604 4677.54 -5683.41 -7.80626e-11 2273.36 1871.01 -9.50604 4677.54 -5683.41
1.3 0 -2060.88 -2258.69 10.757 5646.73 -5152.19 0 2060.88 2258.69 -10.757 5646.73 -5152.19
1.31 -1.56125e-10 -1859.03 -2478.08 11.5156 6195.21 -4647.58 1.56125e-10 1859.03 2478.08 -11.5156 6195.21 -4647.58
1.32 1.56125e-10 -1900.18 -2527.59 11.9454 6318.97 -4750.46 -1.56125e-10 1900.18 2527.59 -11.9454 6318.97 -4750.46
1.33 -1.56125e-10 -2238.6 -2425.2 11.9661 6062.99 -5596.51 1.56125e-10 2238.6 2425.2 -11.9661 6062.99 -5596.51
1.34 7.80626e-11 -2764.63 -2181.99 11.4453 5454.98 -6911.58 -7.80626e-11 2764.63 2181.99 -11.4453 5454.98 -6911.58
1.35 0 -3267.69 -1809.12 10.3444 4522.81 -8169.22 0 3267.69 1809.12 -10.3444 4522.81 -8169.22
1.36 -1.56125e-10 -3516.63 -1348.67 8.79477 3371.67 -8791.56 1.56125e-10 3516.63 1348.67 -8.79477 3371.67 -8791.56
1.37 1.17094e-10 -3374.16 -882.408 7.01986 2206.02 -8435.4 -1.17094e-10 3374.16 882.408 -7.01986 2206.02 -8435.4
1.38 -5.85469e-11 -2839.49 -492.776 5.15813 1231.94 -7098.73 5.85469e-11 2839.49 492.776 -5.15813 1231.94 -7098.73
1.39 -4.87891e-11 -2082.05 -207.933 3.34143 519.832 -5205.12 4.87891e-11 2082.05 207.933 -3.34143 519.832 -5205.12
1.4 1.24412e-10 -1389.57 7.34105 1.74516 -18.3526 -3473.92 -1.24412e-10 1389.57 -7.34105 -1.74516 -18.3526 -3473.92
1.41 -1.36609e-10 -1014.69 197.883 0.591498 -494.707 -2536.72 1.36609e-10 1014.69 -197.883 -0.591498 -494.707 -2536.72
1.42 7.80626e-11 -1063.71 356.802 0.0859013 -892.005 -2659.27 -7.80626e-11 1063.71 -356.802 -0.0859013 -892.005 -2659.27
1.43 0 -1422.94 423.038 0.223147 -1057.6 -3557.35 0 1422.94 -423.038 -0.223147 -1057.6 -3557.35
1.44 -9.75782e-11 -1827.14 341.033 0.827767 -852.581 -4567.84 9.75782e-11 1827.14 -341.033 -0.827767 -852.581 -4567.84
1.45 1.36609e-10 -2016.59 118.344 1.6532 -295.86 -5041.48 -1.36609e-10 2016.59 -118.344 -1.6532 -295.86 -5041.48
1.46 -1.17094e-10 -1837.38 -180.314 2.47593 450.786 -4593.44 1.17094e-10 1837.38 180.314 -2.47593 450.786 -4593.44
1.47 3.90313e-11 -1315.46 -490.234 3.20324 1225.59 -3288.65 -3.90313e-11 1315.46 490.234 -3.20324 1225.59 -3288.65
1.48 7.80626e-11 -620.766 -784.807 3.78915 1962.02 -1551.92 -7.80626e-11 620.766 784.807 -3.78915 1962.02 -1551.92
1.49 -1.17094e-10 16.788 -1053.92 4.22212 2634.79 41.9699 1.17094e-10 -16.788 1053.92 -4.22212 2634.79 41.9699
1.5 7.80626e-11 381.848 -1258.02 4.49905 3145.06 954.62 -7.80626e-11 -381.848 1258.02 -4.49905 3145.06 954.62
1.51 -7.80626e-11 395.75 -1323.77 4.53823 3309.42 989.374 7.80626e-11 -395.75 1323.77 -4.53823 3309.42 989.374
1.52 0 156.028 -1197.76 4.21682 2994.4 390.069 0 -156.028 1197.76 -4.21682 2994.4 390.069
1.53 7.80626e-11 -95.9618 -900.785 3.36634 2251.96 -239.905 -7.80626e-11 95.9618 900.785 -3.36634 2251.96 -239.905
1.54 -1.17094e-10 -79.2 -516.263 1.88379 1290.66 -198 1.17094e-10 79.2 516.263 -1.88379 1290.66 -198
1.55 8.78204e-11 350.893 -120.058 -0.152293 300.144 877.233 -8.78204e-11 -350.893 120.058 0.152293 300.144 877.233
1.56 -1.95156e-11 1139.7 275.219 -2.55428 -688.048 2849.26 1.95156e-11 -1139.7 -275.219 2.55428 -688.048 2849.26
1.57 -7.80626e-11 2061.24 705.345 -5.07619 -1763.36 5153.1 7.80626e-11 -2061.24 -705.345 5.07619 -1763.36 5153.1
1.58 7.80626e-11 2826.2 1189.37 -7.51532 -2973.41 7065.5 -7.80626e-11 -2826.2 -1189.37 7.51532 -2973.41 7065.5
1.59 -7.80626e-11 3232.3 1686.84 -9.70375 -4217.09 8080.76 7.80626e-11 -3232.3 -1686.84 9.70375 -4217.09 8080.76
1.6 7.80626e-11 3213.78 2120.19 -11.414 -5300.48 8034.44 -7.80626e-11 -3213.78 -2120.19 11.414 -5300.48 8034.44
1.61 0 2864.11 2429.05 -12.4525 -6072.62 7160.27 0 -2864.11 -2429.05 12.4525 -6072.62 7160.27
1.62 0 2400.41 2594.57 -12.7494 -6486.44 6001.03 0 -2400.41 -2594.57 12.7494 -6486.44 6001.03
1.63 1.56125e-10 2061.12 2616.85 -12.4331 -6542.13 5152.79 -1.56125e-10 -2061.12 -2616.85 12.4331 -6542.13 5152.79
1.64 0 2019.2 2484.43 -11.7446 -6211.08 5047.99 0 -2019.2 -2484.43 11.7446 -6211.08 5047.99
1.65 7.80626e-11 2267.29 2180.2 -10.7705 -5450.49 5668.22 -7.80626e-11 -2267.29 -2180.2 10.7705 -5450.49 5668.22
1.66 0 2606.36 1718.35 -9.40232 -4295.87 6515.9 0 -2606.36 -1718.35 9.40232 -4295.87 6515.9
1.67 -1.17094e-10 2759.6 1164.3 -7.47651 -2910.76 6899 1.17094e-10 -2759.6 -1164.3 7.47651 -2910.76 6899
1.68 1.17094e-10 2510.49 607.948 -5.01638 -1519.87 6276.21 -1.17094e-10 -2510.49 -607.948 5.01638 -1519.87 6276.21
1.69 -5.3668e-11 1844.62 114.658 -2.34903 -286.644 4611.56 5.3668e-11 -1844.62 -114.658 2.34903 -286.644 4611.56
1.7 -1.95156e-11 942.592 -299.476 0.132007 748.69 2356.48 1.95156e-11 -942.592 299.476 -0.132007 748.69 2356.48
1.71 7.80626e-11 71.0651 -649.268 2.18356 1623.17 177.663 -7.80626e-11 -71.0651 649.268 -2.18356 1623.17 177.663
1.72 -1.17094e-10 -523.544 -943.412 3.76166 2358.53 -1308.86 1.17094e-10 523.544 943.412 -3.76166 2358.53 -1308.86
1.73 7.80626e-11 -726.378 -1166.7 4.87977 2916.75 -1815.95 -7.80626e-11 726.378 1166.7 -4.87977 2916.75 -1815.95
1.74 0 -569.462 -1290.52 5.42357 3226.29 -1423.66 0 569.462 1290.52 -5.42357 3226.29 -1423.66
1.75 -7.80626e-11 -217.65 -1291.45 5.27592 3228.61 -544.125 7.80626e-11 217.65 1291.45 -5.27592 3228.61 -544.125
1.76 1.17094e-10 71.2951 -1161.43 4.51553 2903.58 178.238 -1.17094e-10 -71.2951 1161.43 -4.51553 2903.58 178.238
1.77 -1.17094e-10 74.5125 -910.427 3.46446 2276.07 186.281 1.17094e-10 -74.5125 910.427 -3.46446 2276.07 186.281
1.78 5.85469e-11 -295.875 -568.453 2.50802 1421.13 -739.689 -5.85469e-11 295.875 568.453 -2.50802 1421.13 -739.689
1.79 1.95156e-11 -923.441 -186.522 1.76985 466.305 -2308.6 -1.95156e-11 923.441 186.522 -1.76985 466.305 -2308.6
1.8 -8.78204e-11 -1531.57 172.386 1.10007 -430.965 -3828.92 8.78204e-11 1531.57 -172.386 -1.10007 -430.965 -3828.92
1.81 1.17094e-10 -1858.75 452.215 0.331038 -1130.54 -4646.88 -1.17094e-10 1858.75 -452.215 -0.331038 -1130.54 -4646.88
1.82 -7.80626e-11 -1788.15 617.481 -0.472173 -1543.7 -4470.37 7.80626e-11 1788.15 -617.481 0.472173 -1543.7 -4470.37
1.83 0 -1412.42 652.793 -0.976472 -1631.98 -3531.05 0 1412.42 -652.793 0.976472 -1631.98 -3531.05
1.84 5.85469e-11 -970.569 557.403 -0.881911 -1393.51 -2426.42 -5.85469e-11 970.569 -557.403 0.881911 -1393.51 -2426.42
1.85 -1.17094e-10 -705.199 346.193 -0.142816 -865.483 -1763 1.17094e-10 705.199 -346.193 0.142816 -865.483 -1763
1.86 1.07336e-10 -781.251 53.9674 1.07648 -134.919 -1953.13 -1.07336e-10 781.251 -53.9674 -1.07648 -134.919 -1953.13
1.87 -4.87891e-11 -1215.46 -272.758 2.58214 681.895 -3038.64 4.87891e-11 1215.46 272.758 -2.58214 681.895 -3038.64
1.88 -1.95156e-11 -1872.93 -601.549 4.30467 1503.87 -4682.32 1.95156e-11 1872.93 601.549 -4.30467 1503.87 -4682.32
1.89 7.80626e-11 -2518.01 -933.167 6.17629 2332.92 -6295.04 -7.80626e-11 2518.01 933.167 -6.17629 2332.92 -6295.04
1.9 -7.80626e-11 -2880.79 -1285.52 7.9707 3213.81 -7201.98 7.80626e-11 2880.79 1285.52 -7.9707 3213.81 -7201.98
1.91 7.80626e-11 -2802.19 -1651.19 9.34413 4127.96 -7005.47 -7.80626e-11 2802.19 1651.19 -9.34413 4127.96 -7005.47
1.92 0 -2319.29 -1971.63 10.0179 4929.08 -5798.23 0 2319.29 1971.63 -10.0179 4929.08 -5798.23
1.93 -7.80626e-11 -1650.4 -2161.09 9.98848 5402.74 -4126 7.80626e-11 1650.4 2161.09 -9.98848 5402.74 -4126
1.94 7.80626e-11 -1093.48 -2162.75 9.4665 5406.88 -2733.71 -7.80626e-11 1093.48 2162.75 -9.4665 5406.88 -2733.71
1.95 -7.80626e-11 -842.382 -1981.41 8.63585 4953.52 -2105.95 7.80626e-11 842.382 1981.41 -8.63585 4953.52 -2105.95
1.96 7.80626e-11 -904.869 -1660.99 7.5115 4152.49 -2262.17 -7.80626e-11 904.869 1660.99 -7.5115 4152.49 -2262.17
1.97 7.80626e-11 -1119.97 -1238.33 5.96241 3095.82 -2799.92 -7.80626e-11 1119.97 1238.33 -5.96241 3095.82 -2799.92
1.98 -7.80626e-11 -1241.15 -728.472 3.91448 1821.18 -3102.87 7.80626e-11 1241.15 728.472 -3.91448 1821.18 -3102.87
1.99 1.02457e-10 -1072.66 -154.764 1.46777 386.91 -2681.64 -1.02457e-10 1072.66 154.764 -1.46777 386.91 -2681.64
2 -3.90313e-11 -532.167 420.709 -1.16139 -1051.77 -1330.42 3.90313e-11 532.167 -420.709 1.16139 -1051.77 -1330.42
2.01 0 306.704 915.688 -3.7236 -2289.22 766.76 0 -306.704 -915.688 3.7236 -2289.22 766.76
2.02 7.80626e-11 1220.1 1284.58 -6.01153 -3211.45 3050.25 -7.80626e-11 -1220.1 -1284.58 6.01153 -3211.45 3050.25
2.03 -7.80626e-11 1933.6 1548.1 -7.83649 -3870.25 4833.99 7.80626e-11 -1933.6 -1548.1 7.83649 -3870.25 4833.99
2.04 7.80626e-11 2227.42 1755.43 -9.01752 -4388.58 5568.56 -7.80626e-11 -2227.42 -1755.43 9.01752 -4388.58 5568.56
2.05 0 2063.17 1915.44 -9.45769 -4788.6 5157.92 0 -2063.17 -1915.44 9.45769 -4788.6 5157.92
2.06 0 1613.85 1972.06 -9.18214 -4930.14 4034.62 0 -1613.85 -1972.06 9.18214 -4930.14 4034.62
2.07 7.80626e-11 1156.7 1854.73 -8.34343 -4636.82 2891.75 -7.80626e-11 -1156.7 -1854.73 8.34343 -4636.82 2891.75
2.08 -7.80626e-11 944.73 1552 -7.14827 -3879.99 2361.82 7.80626e-11 -944.73 -1552 7.14827 -3879.99 2361.82
2.09 3.90313e-11 1071.48 1129.38 -5.77153 -2823.44 2678.69 -3.90313e-11 -1071.48 -1129.38 5.77153 -2823.44 2678.69
2.1 0 1447.78 677.241 -4.34723 -1693.1 3619.45 0 -1447.78 -677.241 4.34723 -1693.1 3619.45
2.11 -6.83047e-11 1873.57 250.705 -2.9526 -626.763 4683.93 6.83047e-11 -1873.57 -250.705 2.9526 -626.763 4683.93
2.12 8.78204e-11 2113.25 -135.724 -1.61853 339.309 5283.12 -8.78204e-11 -2113.25 135.724 1.61853 339.309 5283.12
2.13 -7.80626e-11 2012.1 -464.489 -0.361644 1161.22 5030.24 7.80626e-11 -2012.1 464.489 0.361644 1161.22 5030.24
2.14 0 1560.02 -686.253 0.762151 1715.63 3900.04 0 -1560.02 686.253 -0.762151 1715.63 3900.04
2.15 7.80626e-11 907.819 -749.047 1.58309 1872.62 2269.55 -7.80626e-11 -907.819 749.047 -1.58309 1872.62 2269.55
2.16 -1.17094e-10 332.285 -652.051 1.86677 1630.13 830.713 1.17094e-10 -332.285 652.051 -1.86677 1630.13 830.713
2.17 9.75782e-11 85.6481 -456.575 1.46099 1141.44 214.12 -9.75782e-11 -85.6481 456.575 -1.46099 1141.44 214.12
2.18 -4.87891e-11 269.795 -235.624 0.424959 589.061 674.487 4.87891e-11 -269.795 235.624 -0.424959 589.061 674.487
2.19 -2.92735e-11 775.696 -13.5936 -0.974262 33.9841 1939.24 2.92735e-11 -775.696 13.5936 0.974262 33.9841 1939.24
2.2 8.78204e-11 1329.82 239.516 -2.43873 -598.79 3324.55 -8.78204e-11 -1329.82 -239.516 2.43873 -598.79 3324.55
2.21 -9.75782e-11 1659.27 554.117 -3.78182 -1385.29 4148.17 9.75782e-11 -1659.27 -554.117 3.78182 -1385.29 4148.17
2.22 7.80626e-11 1604.35 907.748 -4.91484 -2269.37 4010.88 -7.80626e-11 -1604.35 -907.748 4.91484 -2269.37 4010.88
2.23 0 1176.21 1227.27 -5.7351 -3068.18 2940.53 0 -1176.21 -1227.27 5.7351 -3068.18 2940.53
2.24 -7.80626e-11 538.93 1436.89 -6.0712 -3592.23 1347.33 7.80626e-11 -538.93 -1436.89 6.0712 -3592.23 1347.33
2.25 7.80626e-11 -83.3153 1498.87 -5.80566 -3747.17 -208.288 -7.80626e-11 83.3153 -1498.87 5.80566 -3747.17 -208.288
2.26 -7.80626e-11 -473.232 1412.13 -5.01026 -3530.32 -1183.08 7.80626e-11 473.232 -1412.13 5.01026 -3530.32 -1183.08
2.27 0 -521.982 1185.26 -3.90456 -2963.15 -1304.95 0 521.982 -1185.26 3.90456 -2963.15 -1304.95
2.28 3.90313e-11 -297.69 825.397 -2.64598 -2063.49 -744.224 -3.90313e-11 297.69 -825.397 2.64598 -2063.49 -744.224
2.29 -7.80626e-11 -17.9829 354.592 -1.16299 -886.48 -44.9573 7.80626e-11 17.9829 -354.592 1.16299 -886.48 -44.9573
2.3 9.75782e-11 35.7162 -174.921 0.737506 437.302 89.2905 -9.75782e-11 -35.7162 174.921 -0.737506 437.302 89.2905
2.31 -7.80626e-11 -307.483 -692.838 3.08851 1732.1 -768.707 7.80626e-11 307.483 692.838 -3.08851 1732.1 -768.707
2.32 0 -1003.53 -1142.7 5.60042 2856.76 -2508.83 0 1003.53 1142.7 -5.60042 2856.76 -2508.83
2.33 0 -1826.4 -1503.25 7.80338 3758.13 -4566.01 0 1826.4 1503.25 -7.80338 3758.13 -4566.01
2.34 -7.80626e-11 -2475.07 -1779.85 9.36352 4449.63 -6187.69 7.80626e-11 2475.07 1779.85 -9.36352 4449.63 -6187.69
2.35 7.80626e-11 -2739.33 -1978.98 10.2307 4947.45 -6848.33 -7.80626e-11 2739.33 1978.98 -10.2307 4947.45 -6848.33
2.36 -7.80626e-11 -2571.33 -2092.08 10.5081 5230.2 -6428.32 7.80626e-11 2571.33 2092.08 -10.5081 5230.2 -6428.32
2.37 0 -2074.35 -2097.12 10.2284 5242.8 -5185.87 0 2074.35 2097.12 -10.2284 5242.8 -5185.87
2.38 7.80626e-11 -1467.35 -1969.34 9.31728 4923.34 -3668.38 -7.80626e-11 1467.35 1969.34 -9.31728 4923.34 -3668.38
2.39 -7.80626e-11 -986.154 -1693.56 7.78517 4233.91 -2465.39 7.80626e-11 986.154 1693.56 -7.78517 4233.91 -2465.39
2.4 1.56125e-10 -806.272 -1276.54 5.86823 3191.34 -2015.68 -1.56125e-10 806.272 1276.54 -5.86823 3191.34 -2015.68
2.41 -3.90313e-11 -957.748 -757.211 3.92515 1893.03 -2394.37 3.90313e-11 957.748 757.211 -3.92515 1893.03 -2394.37
2.42 -6.83047e-11 -1277.18 -205.312 2.16725 513.279 -3192.94 6.83047e-11 1277.18 205.312 -2.16725 513.279 -3192.94
2.43 1.17094e-10 -1498.32 300.969 0.52795 -752.423 -3745.8 -1.17094e-10 1498.32 -300.969 -0.52795 -752.423 -3745.8
2.44 -1.17094e-10 -1384.98 705.979 -1.15428 -1764.95 -3462.46 1.17094e-10 1384.98 -705.979 1.15428 -1764.95 -3462.46
2.45 7.80626e-11 -877.45 989.606 -2.85484 -2474.01 -2193.63 -7.80626e-11 877.45 -989.606 2.85484 -2474.01 -2193.63
2.46 3.90313e-11 -137.845 1153.24 -4.27081 -2883.1 -344.613 -3.90313e-11 137.845 -1153.24 4.27081 -2883.1 -344.613
2.47 -1.17094e-10 562.195 1198.43 -5.03368 -2996.08 1405.49 1.17094e-10 -562.195 -1198.43 5.03368 -2996.08 1405.49
2.48 1.56125e-10 967.868 1124.5 -4.99982 -2811.24 2419.67 -1.56125e-10 -967.868 -1124.5 4.99982 -2811.24 2419.67
2.49 -1.17094e-10 962.748 946.331 -4.30623 -2365.83 2406.87 1.17094e-10 -962.748 -946.331 4.30623 -2365.83 2406.87
2.5 0 604.526 702.795 -3.20834 -1756.99 1511.32 0 -604.526 -702.795 3.20834 -1756.99 1511.32
2.51 9.75782e-11 73.3208 434.304 -1.88556 -1085.76 183.302 -9.75782e-11 -73.3208 -434.304 1.88556 -1085.76 183.302
2.52 -1.46367e-10 -375.848 151.609 -0.432075 -379.024 -939.62 1.46367e-10 375.848 -151.609 0.432075 -379.024 -939.62
2.53 1.26852e-10 -521.909 -162.764 1.00255 406.91 -1304.77 -1.26852e-10 521.909 162.764 -1.00255 406.91 -1304.77
2.54 -5.85469e-11 -275.036 -512.223 2.17762 1280.56 -687.59 5.85469e-11 275.036 512.223 -2.17762 1280.56 -687.59
2.55 -3.90313e-11 277.276 -845.032 2.86636 2112.58 693.19 3.90313e-11 -277.276 845.032 -2.86636 2112.58 693.19
2.56 1.17094e-10 880.743 -1066.2 3.0141 2665.5 2201.86 -1.17094e-10 -880.743 1066.2 -3.0141 2665.5 2201.86
2.57 -1.56125e-10 1262.49 -1100.73 2.75802 2751.83 3156.22 1.56125e-10 -1262.49 1100.73 -2.75802 2751.83 3156.22
2.58 7.80626e-11 1275.53 -946.237 2.25173 2365.59 3188.84 -7.80626e-11 -1275.53 946.237 -2.25173 2365.59 3188.84
2.59 0 968.902 -661.907 1.52722 1654.77 2422.26 0 -968.902 661.907 -1.52722 1654.77 2422.26
2.6 -9.75782e-11 565.835 -309.938 0.487014 774.845 1414.59 9.75782e-11 -565.835 309.938 -0.487014 774.845 1414.59
2.61 1.41488e-10 318.841 85.2969 -0.962925 -213.242 797.104 -1.41488e-10 -318.841 -85.2969 0.962925 -213.242 797.104
2.62 -1.17094e-10 399.832 518.937 -2.76993 -1297.34 999.58 1.17094e-10 -399.832 -518.937 2.76993 -1297.34 999.58
2.63 3.90313e-11 833.364 959.165 -4.74578 -2397.91 2083.41 -3.90313e-11 -833.364 -959.165 4.74578 -2397.91 2083.41
2.64 0 1476.14 1338.63 -6.62442 -3346.57 3690.35 0 -1476.14 -1338.63 6.62442 -3346.57 3690.35
2.65 -1.56125e-10 2088.97 1600.45 -8.14087 -4001.12 5222.43 1.56125e-10 -2088.97 -1600.45 8.14087 -4001.12 5222.43
2.66 1.56125e-10 2411.67 1744.31 -9.08771 -4360.77 6029.17 -1.56125e-10 -2411.67 -1744.31 9.08771 -4360.77 6029.17
2.67 -7.80626e-11 2284.04 1813.79 -9.3271 -4534.48 5710.09 7.80626e-11 -2284.04 -1813.79 9.3271 -4534.48 5710.09
2.68 0 1744.44 1832.76 -8.85114 -4581.9 4361.11 0 -1744.44 -1832.76 8.85114 -4581.9 4361.11
2.69 7.80626e-11 1004.82 1761.85 -7.76701 -4404.62 2512.04 -7.80626e-11 -1004.82 -1761.85 7.76701 -4404.62 2512.04
2.7 -1.56125e-10 363.097 1529.68 -6.23214 -3824.2 907.743 1.56125e-10 -363.097 -1529.68 6.23214 -3824.2 907.743
2.71 1.56125e-10 37.5618 1109.12 -4.4064 -2772.79 93.9045 -1.56125e-10 -37.5618 -1109.12 4.4064 -2772.79 93.9045
2.72 -5.85469e-11 57.7322 557.329 -2.40315 -1393.32 144.331 5.85469e-11 -57.7322 -557.329 2.40315 -1393.32 144.331
2.73 -5.97666e-11 286.213 -20.4209 -0.340063 51.0523 715.532 5.97666e-11 -286.213 20.4209 0.340063 51.0523 715.532
2.74 1.56125e-10 485.499 -541.889 1.65412 1354.72 1213.75 -1.56125e-10 -485.499 541.889 -1.65412 1354.72 1213.75
2.75 -1.95156e-10 447.806 -980.12 3.49462 2450.3 1119.51 1.95156e-10 -447.806 980.12 -3.49462 2450.3 1119.51
2.76 7.80626e-11 80.0376 -1332.92 5.1347 3332.3 200.094 -7.80626e-11 -80.0376 1332.92 -5.1347 3332.3 200.094
2.77 0 -568.461 -1579.48 6.53808 3948.7 -1421.15 0 568.461 1579.48 -6.53808 3948.7 -1421.15
2.78 -1.56125e-10 -1292.27 -1681.76 7.56495 4204.41 -3230.69 1.56125e-10 1292.27 1681.76 -7.56495 4204.41 -3230.69
2.79 1.56125e-10 -1822.27 -1625.86 7.95939 4064.65 -4555.67 -1.56125e-10 1822.27 1625.86 -7.95939 4064.65 -4555.67
2.8 -1.56125e-10 -1942.54 -1448.3 7.53279 3620.75 -4856.36 1.56125e-10 1942.54 1448.3 -7.53279 3620.75 -4856.36
2.81 7.80626e-11 -1603.96 -1210.38 6.32161 3025.94 -4009.9 -7.80626e-11 1603.96 1210.38 -6.32161 3025.94 -4009.9
2.82 7.80626e-11 -982.871 -945.657 4.63957 2364.14 -2457.18 -7.80626e-11 982.871 945.657 -4.63957 2364.14 -2457.18
2.83 -1.56125e-10 -372.999 -640.329 2.88004 1600.82 -932.497 1.56125e-10 372.999 640.329 -2.88004 1600.82 -932.497
2.84 1.75641e-10 -40.8755 -268.988 1.26496 672.47 -102.189 -1.75641e-10 40.8755 268.988 -1.26496 672.47 -102.189
2.85 -9.75782e-11 -97.7873 154.54 -0.158734 -386.349 -244.468 9.75782e-11 97.7873 -154.54 0.158734 -386.349 -244.468
2.86 -3.90313e-11 -454.048 564.465 -1.39361 -1411.16 -1135.12 3.90313e-11 454.048 -564.465 1.39361 -1411.16 -1135.12
2.87 1.56125e-10 -908.764 877.968 -2.32784 -2194.92 -2271.91 -1.56125e-10 908.764 -877.968 2.32784 -2194.92 -2271.91
2.88 -1.56125e-10 -1232.16 1040.53 -2.78041 -2601.33 -3080.4 1.56125e-10 1232.16 -1040.53 2.78041 -2601.33 -3080.4
2.89 1.17094e-10 -1259.31 1041.1 -2.71937 -2602.74 -3148.29 -1.17094e-10 1259.31 -1041.1 2.71937 -2602.74 -3148.29
2.9 -3.90313e-11 -963.327 895.973 -2.28541 -2239.93 -2408.32 3.90313e-11 963.327 -895.973 2.28541 -2239.93 -2408.32
2.91 -7.80626e-11 -458.713 631.257 -1.65886 -1578.14 -1146.78 7.80626e-11 458.713 -631.257 1.65886 -1578.14 -1146.78
2.92 1.46367e-10 9.26859 280.728 -0.844068 -701.82 23.1715 -1.46367e-10 -9.26859 -280.728 0.844068 -701.82 23.1715
2.93 -1.41488e-10 184.452 -110.781 0.348654 276.952 461.129 1.41488e-10 -184.452 110.781 -0.348654 276.952 461.129
2.94 7.80626e-11 -52.1442 -493.817 2.00085 1234.54 -130.361 -7.80626e-11 52.1442 493.817 -2.00085 1234.54 -130.361
2.95 3.90313e-11 -615.122 -830.069 3.89282 2075.17 -1537.81 -3.90313e-11 615.122 830.069 -3.89282 2075.17 -1537.81
2.96 -1.17094e-10 -1229.64 -1101.37 5.55038 2753.42 -3074.1 1.17094e-10 1229.64 1101.37 -5.55038 2753.42 -3074.1
2.97 1.56125e-10 -1595.89 -1302.31 6.54942 3255.79 -3989.74 -1.56125e-10 1595.89 1302.31 -6.54942 3255.79 -3989.74
2.98 -7.80626e-11 -1543.11 -1427.33 6.80626 3568.32 -3857.78 7.80626e-11 1543.11 1427.33 -6.80626 3568.32 -3857.78
2.99 0 -1083.92 -1465.32 6.47243 3663.29 -2709.81 0 1083.92 1465.32 -6.47243 3663.29 -2709.81
3 7.80626e-11 -402.025 -1401.1 5.7076 3502.75 -1005.06 -7.80626e-11 402.025 1401.1 -5.7076 3502.75 -1005.06
3.01 -1.56125e-10 263.012 -1217.68 4.52762 3044.2 657.53 1.56125e-10 -263.012 1217.68 -4.52762 3044.2 657.53
3.02 1.56125e-10 701.168 -900.569 2.88313 2251.42 1752.92 -1.56125e-10 -701.168 900.569 -2.88313 2251.42 1752.92
3.03 -9.75782e-11 797.112 -450.932 0.90498 1127.33 1992.78 9.75782e-11 -797.112 450.932 -0.90498 1127.33 1992.78
3.04 -1.46367e-11 599.639 94.598 -1.12916 -236.495 1499.1 1.46367e-11 -599.639 -94.598 1.12916 -236.495 1499.1
3.05 1.17094e-10 294.935 658.539 -2.97958 -1646.35 737.339 -1.17094e-10 -294.935 -658.539 2.97958 -1646.35 737.339
3.06 -1.56125e-10 142.778 1149.82 -4.60443 -2874.54 356.945 1.56125e-10 -142.778 -1149.82 4.60443 -2874.54 356.945
3.07 1.56125e-10 338.75 1507.84 -6.13523 -3769.61 846.874 -1.56125e-10 -338.75 -1507.84 6.13523 -3769.61 846.874
3.08 0 876.202 1724.4 -7.57281 -4311.01 2190.5 0 -876.202 -1724.4 7.57281 -4311.01 2190.5
3.09 -7.80626e-11 1557.98 1823.09 -8.67853 -4557.72 3894.95 7.80626e-11 -1557.98 -1823.09 8.67853 -4557.72 3894.95
3.1 1.56125e-10 2085.36 1818.92 -9.10703 -4547.3 5213.39 -1.56125e-10 -2085.36 -1818.92 9.10703 -4547.3 5213.39
3.11 -1.56125e-10 2223.51 1703.22 -8.64466 -4258.04 5558.77 1.56125e-10 -2223.51 -1703.22 8.64466 -4258.04 5558.77
3.12 7.80626e-11 1921.54 1468.79 -7.40768 -3671.96 4803.85 -7.80626e-11 -1921.54 -1468.79 7.40768 -3671.96 4803.85
3.13 3.90313e-11 1296.17 1139.3 -5.68438 -2848.24 3240.42 -3.90313e-11 -1296.17 -1139.3 5.68438 -2848.24 3240.42
3.14 -1.17094e-10 586.534 761.49 -3.74448 -1903.72 1466.33 1.17094e-10 -586.534 -761.49 3.74448 -1903.72 1466.33
3.15 1.36609e-10 44.2846 367.285 -1.76922 -918.211 110.711 -1.36609e-10 -44.2846 -367.285 1.76922 -918.211 110.711
3.16 -1.12215e-10 -163.219 -46.1724 0.137249 115.431 -408.048 1.12215e-10 163.219 46.1724 -0.137249 115.431 -408.048
3.17 1.95156e-11 -2.69385 -486.276 1.80937 1215.69 -6.73461 -1.95156e-11 2.69385 486.276 -1.80937 1215.69 -6.73461
3.18 7.80626e-11 376.417 -913.938 3.08506 2284.85 941.043 -7.80626e-11 -376.417 913.938 -3.08506 2284.85 941.043
3.19 -7.80626e-11 717.762 -1236.39 3.90481 3090.98 1794.41 7.80626e-11 -717.762 1236.39 -3.90481 3090.98 1794.41
3.2 1.56125e-10 785.016 -1364.5 4.29849 3411.24 1962.54 -1.56125e-10 -785.016 1364.5 -4.29849 3411.24 1962.54
3.21 -7.80626e-11 482.412 -1280.8 4.36404 3201.99 1206.03 7.80626e-11 -482.412 1280.8 -4.36404 3201.99 1206.03
3.22 -3.90313e-11 -66.5008 -1048.46 4.11065 2621.14 -166.252 3.90313e-11 66.5008 1048.46 -4.11065 2621.14 -166.252
3.23 1.17094e-10 -609.456 -751.924 3.46553 1879.81 -1523.64 -1.17094e-10 609.456 751.924 -3.46553 1879.81 -1523.64
3.24 -1.56125e-10 -894.872 -432.825 2.38765 1082.06 -2237.18 1.56125e-10 894.872 432.825 -2.38765 1082.06 -2237.18
3.25 1.00018e-10 -787.56 -87.5866 0.900862 218.966 -1968.9 -1.00018e-10 787.56 87.5866 -0.900862 218.966 -1968.9
3.26 0 -340.253 281.341 -0.817589 -703.352 -850.633 0 340.253 -281.341 0.817589 -703.352 -850.633
3.27 -7.80626e-11 261.657 629.794 -2.51155 -1574.48 654.141 7.80626e-11 -261.657 -629.794 2.51155 -1574.48 654.141
3.28 1.17094e-10 760.064 895.924 -3.91002 -2239.81 1900.16 -1.17094e-10 -760.064 -895.924 3.91002 -2239.81 1900.16
3.29 -1.56125e-10 923.621 1053.32 -4.74434 -2633.31 2309.05 1.56125e-10 -923.621 -1053.32 4.74434 -2633.31 2309.05
3.3 3.90313e-11 664.833 1125.87 -4.89656 -2814.68 1662.08 -3.90313e-11 -664.833 -1125.87 4.89656 -2814.68 1662.08
3.31 3.90313e-11 70.2397 1141.71 -4.39814 -2854.28 175.599 -3.90313e-11 -70.2397 -1141.71 4.39814 -2854.28 175.599
3.32 -1.17094e-10 -607.217 1080.58 -3.41193 -2701.45 -1518.04 1.17094e-10 607.217 -1080.58 3.41193 -2701.45 -1518.04
3.33 1.17094e-10 -1078.57 881.312 -2.14766 -2203.28 -2696.43 -1.17094e-10 1078.57 -881.312 2.14766 -2203.28 -2696.43
3.34 -9.75782e-11 -1181.92 507.022 -0.69145 -1267.55 -2954.81 9.75782e-11 1181.92 -507.022 0.69145 -1267.55 -2954.81
3.35 5.48877e-12 -942.019 -0.72449 0.917481 1.81122 -2355.05 -5.48877e-12 942.019 0.72449 -0.917481 1.81122 -2355.05
3.36 7.80626e-11 -563.734 -536.922 2.62419 1342.31 -1409.33 -7.80626e-11 563.734 536.922 -2.62419 1342.31 -1409.33
3.37 -1.56125e-10 -298.661 -1002.2 4.3081 2505.5 -746.652 1.56125e-10 298.661 1002.2 -4.3081 2505.5 -746.652
3.38 1.56125e-10 -317.345 -1354.63 5.784 3386.58 -793.362 -1.56125e-10 317.345 1354.63 -5.784 3386.58 -793.362
3.39 0 -660.393 -1598.84 6.97314 3997.1 -1650.98 0 660.393 1598.84 -6.97314 3997.1 -1650.98
3.4 -7.80626e-11 -1204.05 -1740.21 7.84358 4350.52 -3010.12 7.80626e-11 1204.05 1740.21 -7.84358 4350.52 -3010.12
3.41 1.56125e-10 -1723.95 -1762.57 8.30652 4406.43 -4309.87 -1.56125e-10 1723.95 1762.57 -8.30652 4406.43 -4309.87
3.42 -1.56125e-10 -1973.72 -1649.67 8.18147 4124.17 -4934.31 1.56125e-10 1973.72 1649.67 -8.18147 4124.17 -4934.31
3.43 7.80626e-11 -1781.84 -1416 7.23765 3539.99 -4454.6 -7.80626e-11 1781.84 1416 -7.23765 3539.99 -4454.6
3.44 3.90313e-11 -1174.98 -1103.57 5.49171 2758.92 -2937.46 -3.90313e-11 1174.98 1103.57 -5.49171 2758.92 -2937.46
3.45 -1.17094e-10 -365.751 -746.713 3.26623 1866.78 -914.377 1.17094e-10 365.751 746.713 -3.26623 1866.78 -914.377
3.46 1.56125e-10 335.803 -349.055 1.001 872.637 839.509 -1.56125e-10 -335.803 349.055 -1.001 872.637 839.509
3.47 -1.17094e-10 679.978 99.1458 -0.977474 -247.865 1699.94 1.17094e-10 -679.978 -99.1458 0.977474 -247.865 1699.94
3.48 1.95156e-11 624.174 582.832 -2.65818 -1457.08 1560.44 -1.95156e-11 -624.174 -582.832 2.65818 -1457.08 1560.44
3.49 7.80626e-11 309.56 1044.45 -4.1305 -2611.11 773.901 -7.80626e-11 -309.56 -1044.45 4.1305 -2611.11 773.901
3.5 -1.56125e-10 -19.0635 1405.53 -5.35652 -3513.82 -47.6588 1.56125e-10 19.0635 -1405.53 5.35652 -3513.82 -47.6588
3.51 1.56125e-10 -141.142 1605.83 -6.17531 -4014.59 -352.854 -1.56125e-10 141.142 -1605.83 6.17531 -4014.59 -352.854
3.52 -7.80626e-11 36.2273 1625.32 -6.41111 -4063.29 90.5683 7.80626e-11 -36.2273 -1625.32 6.41111 -4063.29 90.5683
3.53 0 478.425 1480.3 -6.11754 -3700.75 1196.06 0 -478.425 -1480.3 6.11754 -3700.75 1196.06
3.54 1.56125e-10 1013.38 1208.97 -5.4772 -3022.43 2533.46 -1.56125e-10 -1013.38 -1208.97 5.4772 -3022.43 2533.46
3.55 -1.95156e-10 1397.49 858.945 -4.55742 -2147.36 3493.73 1.95156e-10 -1397.49 -858.945 4.55742 -2147.36 3493.73
3.56 1.17094e-10 1427.34 477.488 -3.28541 -1193.72 3568.35 -1.17094e-10 -1427.34 -477.488 3.28541 -1193.72 3568.35
3.57 -1.95156e-11 1030.78 101.302 -1.54436 -253.256 2576.94 1.95156e-11 -1030.78 -101.302 1.54436 -253.256 2576.94
3.58 -9.75782e-11 356.309 -249.859 0.506249 624.646 890.772 9.75782e-11 -356.309 249.859 -0.506249 624.646 890.772
3.59 1.56125e-10 -300.651 -566.62 2.40538 1416.55 -751.627 -1.56125e-10 300.651 566.62 -2.40538 1416.55 -751.627
3.6 -1.56125e-10 -654.8 -834.942 3.71269 2087.36 -1637 1.56125e-10 654.8 834.942 -3.71269 2087.36 -1637
3.61 7.80626e-11 -565.196 -1030.31 4.2335 2575.78 -1412.99 -7.80626e-11 565.196 1030.31 -4.2335 2575.78 -1412.99
3.62 3.90313e-11 -120.189 -1127.3 4.13355 2818.26 -300.471 -3.90313e-11 120.189 1127.3 -4.13355 2818.26 -300.471
3.63 -1.56125e-10 452.091 -1111.18 3.66397 2777.95 1130.23 1.56125e-10 -452.091 1111.18 -3.66397 2777.95 1130.23
3.64 1.95156e-10 901.852 -977.048 2.89709 2442.62 2254.63 -1.95156e-10 -901.852 977.048 -2.89709 2442.62 2254.63
3.65 -1.17094e-10 1050.28 -720.505 1.81053 1801.26 2625.7 1.17094e-10 -1050.28 720.505 -1.81053 1801.26 2625.7
3.66 0 871.506 -341.024 0.392531 852.56 2178.76 0 -871.506 341.024 -0.392531 852.56 2178.76
3.67 1.21973e-10 470.705 134.158 -1.18632 -335.395 1176.76 -1.21973e-10 -470.705 -134.158 1.18632 -335.395 1176.76
3.68 -1.56125e-10 62.1939 632.501 -2.67873 -1581.25 155.485 1.56125e-10 -62.1939 -632.501 2.67873 -1581.25 155.485
3.69 1.56125e-10 -112.128 1056.84 -3.99899 -2642.09 -280.321 -1.56125e-10 112.128 -1056.84 3.99899 -2642.09 -280.321
3.7 -7.80626e-11 73.4313 1337.13 -5.1569 -3342.82 183.578 7.80626e-11 -73.4313 -1337.13 5.1569 -3342.82 183.578
3.71 -1.56125e-10 567.986 1467.5 -6.16789 -3668.75 1419.97 1.56125e-10 -567.986 -1467.5 6.16789 -3668.75 1419.97
3.72 2.34188e-10 1131.98 1489.58 -6.868 -3723.94 2829.96 -2.34188e-10 -1131.98 -1489.58 6.868 -3723.94 2829.96
3.73 -1.56125e-10 1463.03 1437.24 -6.93438 -3593.09 3657.57 1.56125e-10 -1463.03 -1437.24 6.93438 -3593.09 3657.57
3.74 7.80626e-11 1373.76 1302.28 -6.18965 -3255.69 3434.4 -7.80626e-11 -1373.76 -1302.28 6.18965 -3255.69 3434.4
3.75 7.80626e-11 859.16 1056.44 -4.67994 -2641.1 2147.9 -7.80626e-11 -859.16 -1056.44 4.67994 -2641.1 2147.9
3.76 -1.56125e-10 107.466 699.475 -2.68971 -1748.69 268.666 1.56125e-10 -107.466 -699.475 2.68971 -1748.69 268.666
3.77 1.56125e-10 -612.116 275.011 -0.562168 -687.528 -1530.29 -1.56125e-10 612.116 -275.011 0.562168 -687.528 -1530.29
3.78 -9.75782e-11 -1074.04 -164.168 1.50323 410.421 -2685.11 9.75782e-11 1074.04 164.168 -1.50323 410.421 -2685.11
3.79 -3.90313e-11 -1155.3 -597.13 3.35971 1492.83 -2888.25 3.90313e-11 1155.3 597.13 -3.35971 1492.83 -2888.25
3.8 1.17094e-10 -905.493 -1027 4.92613 2567.49 -2263.73 -1.17094e-10 905.493 1027 -4.92613 2567.49 -2263.73
3.81 -1.56125e-10 -512.566 -1430.89 6.13307 3577.22 -1281.42 1.56125e-10 512.566 1430.89 -6.13307 3577.22 -1281.42
3.82 1.56125e-10 -225.941 -1732.41 6.90846 4331.03 -564.854 -1.56125e-10 225.941 1732.41 -6.90846 4331.03 -564.854
3.83 -7.80626e-11 -251.166 -1840.47 7.2746 4601.18 -627.916 7.80626e-11 251.166 1840.47 -7.2746 4601.18 -627.916
3.84 -7.80626e-11 -606.212 -1722.53 7.21823 4306.32 -1515.53 7.80626e-11 606.212 1722.53 -7.21823 4306.32 -1515.53
3.85 1.56125e-10 -1123.69 -1435.66 6.70994 3589.15 -2809.22 -1.56125e-10 1123.69 1435.66 -6.70994 3589.15 -2809.22
3.86 -1.56125e-10 -1531.47 -1078.74 5.73191 2696.86 -3828.67 1.56125e-10 1531.47 1078.74 -5.73191 2696.86 -3828.67
3.87 1.17094e-10 -1590.56 -714.91 4.26504 1787.27 -3976.39 -1.17094e-10 1590.56 714.91 -4.26504 1787.27 -3976.39
3.88 0 -1239.3 -344.74 2.42459 861.849 -3098.24 0 1239.3 344.74 -2.42459 861.849 -3098.24
3.89 -9.75782e-11 -585.664 50.44 0.374702 -126.1 -1464.16 9.75782e-11 585.664 -50.44 -0.374702 -126.1 -1464.16
3.9 1.56125e-10 136.158 452.699 -1.6698 -1131.75 340.395 -1.56125e-10 -136.158 -452.699 1.6698 -1131.75 340.395
3.91 -1.56125e-10 662.104 803.961 -3.413 -2009.9 1655.26 1.56125e-10 -662.104 -803.961 3.413 -2009.9 1655.26
3.92 3.90313e-11 819.262 1054.3 -4.61505 -2635.75 2048.15 -3.90313e-11 -819.262 -1054.3 4.61505 -2635.75 2048.15
3.93 0 568.738 1199.12 -5.09783 -2997.81 1421.85 0 -568.738 -1199.12 5.09783 -2997.81 1421.85
3.94 -1.56125e-10 56.3015 1259.06 -4.89192 -3147.66 140.754 1.56125e-10 -56.3015 -1259.06 4.89192 -3147.66 140.754
3.95 1.56125e-10 -447.196 1230.73 -4.2317 -3076.82 -1117.99 -1.56125e-10 447.196 -1230.73 4.2317 -3076.82 -1117.99
3.96 -1.17094e-10 -689.777 1072.93 -3.32277 -2682.33 -1724.44 1.17094e-10 689.777 -1072.93 3.32277 -2682.33 -1724.44
3.97 0 -549.467 750.802 -2.28171 -1877 -1373.67 0 549.467 -750.802 2.28171 -1877 -1373.67
3.98 1.17094e-10 -127.186 291.958 -1.05441 -729.894 -317.964 -1.17094e-10 127.186 -291.958 1.05441 -729.894 -317.964
3.99 -1.65883e-10 329.569 -209.277 0.40931 523.192 823.922 1.65883e-10 -329.569 209.277 -0.40931 523.192 823.922
4 1.56125e-10 574.917 -647.891 1.96366 1619.73 1437.29 -1.56125e-10 -574.917 647.891 -1.96366 1619.73 1437.29
