0.01 1.00157 -10.1789 -0.917247 -0.00359439 2.28651 -24.1987 -1.00157 10.1789 0.917247 0.00359439 2.29973 -26.6956
0.02 2.86145 -70.7083 -8.73235 -0.0341621 21.8113 -173.644 -2.86145 70.7083 8.73235 0.0341621 21.8504 -179.897
0.03 3.46509 -246.959 -41.6273 -0.16219 104.044 -613.445 -3.46509 246.959 41.6273 0.16219 104.092 -621.35
0.04 4.66699 -575.885 -134.296 -0.519817 335.709 -1434.23 -4.66699 575.885 134.296 0.519817 335.771 -1445.2
0.05 6.22472 -999.699 -333.125 -1.27801 832.77 -2492.5 -6.22472 999.699 333.125 1.27801 832.856 -2505.99
0.06 6.17199 -1370.2 -681.811 -2.58693 1704.49 -3418.15 -6.17199 1370.2 681.811 2.58693 1704.57 -3432.83
0.07 7.83731 -1550.9 -1203.57 -4.50542 3008.88 -3868.46 -7.83731 1550.9 1203.57 4.50542 3008.98 -3886.04
0.08 8.27798 -1526.82 -1889.11 -6.95499 4722.71 -3807.87 -8.27798 1526.82 1889.11 6.95499 4722.83 -3826.25
0.09 8.12058 -1410 -2696.61 -9.72326 6741.47 -3515.23 -8.12058 1410 2696.61 9.72326 6741.58 -3534.78
0.1 9.90474 -1337.39 -3563.1 -12.5152 8907.69 -3332.86 -9.90474 1337.39 3563.1 12.5152 8907.83 -3354.08
0.11 8.67528 -1369.95 -4420.48 -15.0271 11051.1 -3414.56 -8.67528 1369.95 4420.48 15.0271 11051.3 -3435.17
0.12 9.52135 -1485.57 -5208.98 -17.0143 13022.4 -3703.05 -9.52135 1485.57 5208.98 17.0143 13022.5 -3724.78
0.13 9.94837 -1640.49 -5884.43 -18.3306 14711 -4090.51 -9.94837 1640.49 5884.43 18.3306 14711.1 -4111.93
0.14 8.06116 -1803.48 -6418.93 -18.9338 16047.3 -4498.56 -8.06116 1803.48 6418.93 18.9338 16047.4 -4518.84
0.15 9.91098 -1926.67 -6795.62 -18.8563 16989 -4806.34 -9.91098 1926.67 6795.62 18.8563 16989.1 -4827.02
0.16 7.76914 -1920.63 -6999.01 -18.1552 17497.5 -4792.33 -7.76914 1920.63 6999.01 18.1552 17497.6 -4810.81
0.17 7.36387 -1705.82 -7005.07 -16.8622 17512.6 -4255.77 -7.36387 1705.82 7005.07 16.8622 17512.7 -4273.32
0.18 8.21517 -1306.12 -6777.97 -14.9665 16944.9 -3257.1 -8.21517 1306.12 6777.97 14.9665 16945 -3273.49
0.19 4.60028 -870.935 -6279.14 -12.4459 15697.8 -2170.66 -4.60028 870.935 6279.14 12.4459 15697.9 -2184.01
0.2 6.47712 -574.059 -5486.19 -9.33144 13715.4 -1428.86 -6.47712 574.059 5486.19 9.33144 13715.5 -1441.44
0.21 4.11322 -476.331 -4411.34 -5.76321 11028.3 -1186.02 -4.11322 476.331 4411.34 5.76321 11028.4 -1195.63
0.22 2.20508 -489.002 -3107.51 -1.99852 7768.77 -1218.98 -2.20508 489.002 3107.51 1.99852 7768.79 -1226.03
0.23 4.10788 -469.09 -1658.28 1.63686 4145.68 -1169.87 -4.10788 469.09 1658.28 -1.63686 4145.73 -1175.58
0.24 -0.840539 -338.732 -158.236 4.8273 395.587 -845.944 0.840539 338.732 158.236 -4.8273 395.594 -847.715
0.25 1.00278 -110.275 1305.31 7.3383 -3263.26 -275.517 -1.00278 110.275 -1305.31 -7.3383 -3263.27 -275.859
0.26 -0.55977 177.827 2662.29 9.05719 -6655.74 443.447 0.55977 -177.827 -2662.29 -9.05719 -6655.73 445.686
0.27 -4.0949 508.809 3861.76 9.9995 -9654.38 1269.24 4.0949 -508.809 -3861.76 -9.9995 -9654.44 1274.8
0.28 -0.556743 856.692 4868.69 10.2855 -12171.7 2138.58 0.556743 -856.692 -4868.69 -10.2855 -12171.7 2144.88
0.29 -6.09818 1137.18 5658.12 10.0911 -14145.3 2838.02 6.09818 -1137.18 -5658.12 -10.0911 -14145.3 2847.86
0.3 -4.55322 1238.56 6208.01 9.58514 -15520 3090.77 4.55322 -1238.56 -6208.01 -9.58514 -15520.1 3102.06
0.31 -4.16791 1128.64 6493.86 8.87894 -16234.6 2815.38 4.16791 -1128.64 -6493.86 -8.87894 -16234.7 2827.8
0.32 -9.36719 919.586 6490.34 8.01911 -16225.8 2291.22 9.36719 -919.586 -6490.34 -8.01911 -16225.9 2306.71
0.33 -3.94517 798.77 6182.72 7.02987 -15456.8 1989.37 3.94517 -798.77 -6182.72 -7.02987 -15456.9 2004.48
0.34 -9.08363 878.696 5583.5 5.97667 -13958.7 2188.18 9.08363 -878.696 -5583.5 -5.97667 -13958.8 2205.3
0.35 -8.43326 1114.1 4743.84 5.00316 -11859.5 2776.2 8.43326 -1114.1 -4743.84 -5.00316 -11859.7 2794.31
0.36 -5.10878 1362.72 3751.33 4.31166 -9378.28 3398.19 5.10878 -1362.72 -3751.33 -4.31166 -9378.35 3415.39
0.37 -11.9039 1512.42 2713.13 4.09721 -6782.77 3771.43 11.9039 -1512.42 -2713.13 -4.09721 -6782.89 3790.67
0.38 -4.93615 1540.94 1732.85 4.47418 -4332.06 3843.51 4.93615 -1540.94 -1732.85 -4.47418 -4332.18 3861.21
0.39 -8.53515 1472.68 891.409 5.43094 -2228.49 3672.92 8.53515 -1472.68 -891.409 -5.43094 -2228.56 3690.48
0.4 -9.6982 1320.38 238.548 6.82591 -596.298 3291.97 9.6982 -1320.38 -238.548 -6.82591 -596.444 3309.93
0.41 -2.87907 1096.78 -204.85 8.41876 512.159 2734.39 2.87907 -1096.78 204.85 -8.41876 512.091 2749.5
0.42 -11.0034 867.229 -437.415 9.92568 1093.58 2160.19 11.0034 -867.229 437.415 -9.92568 1093.49 2175.96
0.43 -3.53106 744.42 -466.588 11.0866 1166.53 1854.28 3.53106 -744.42 466.588 -11.0866 1166.41 1867.82
0.44 -4.44133 795.951 -301.633 11.7258 754.094 1984.21 4.44133 -795.951 301.633 -11.7258 754.072 1995.54
0.45 -8.47824 957.777 46.3945 11.7798 -115.935 2388.76 8.47824 -957.777 -46.3945 -11.7798 -116.037 2400.13
0.46 1.73641 1062.05 557.56 11.2766 -1393.88 2651.45 -1.73641 -1062.05 -557.56 -11.2766 -1393.92 2658.79
0.47 -7.11145 967.656 1192.87 10.2776 -2982.17 2415.77 7.11145 -967.656 -1192.87 -10.2776 -2982.19 2422.51
0.48 -0.802118 666.942 1887.33 8.81889 -4718.29 1665.01 0.802118 -666.942 -1887.33 -8.81889 -4718.36 1669.7
0.49 1.99665 269.225 2551.09 6.8894 -6377.75 672.538 -1.99665 -269.225 -2551.09 -6.8894 -6377.71 673.589
0.5 -5.78813 -103.242 3080.28 4.45997 -7700.68 -258.708 5.78813 103.242 -3080.28 -4.45997 -7700.71 -257.501
0.51 6.95893 -389.61 3375.08 1.54092 -8437.69 -972.6 -6.95893 389.61 -3375.08 -1.54092 -8437.69 -975.449
0.52 -1.54377 -577.974 3359.98 -1.76631 -8399.98 -1442.81 1.54377 577.974 -3359.98 1.76631 -8399.91 -1447.06
0.53 1.58396 -662.809 2999.82 -5.25103 -7499.53 -1654.43 -1.58396 662.809 -2999.82 5.25103 -7499.56 -1659.61
0.54 8.81924 -650.51 2305.54 -8.61761 -5763.9 -1621.65 -8.81924 650.51 -2305.54 8.61761 -5763.81 -1630.9
0.55 -3.00857 -602.599 1326.43 -11.5442 -3316.1 -1502.22 3.00857 602.599 -1326.43 11.5442 -3316.05 -1510.78
0.56 10.668 -633.701 132.195 -13.7573 -330.501 -1578.54 -10.668 633.701 -132.195 13.7573 -330.474 -1589.97
0.57 4.06961 -828.375 -1205.4 -15.0965 3013.42 -2064.38 -4.06961 828.375 1205.4 15.0965 3013.56 -2077.5
0.58 2.07082 -1151.6 -2621.32 -15.5451 6553.29 -2872.86 -2.07082 1151.6 2621.32 15.5451 6553.31 -2885.12
0.59 13.9889 -1456.97 -4053.04 -15.2114 10132.6 -3634.55 -13.9889 1456.97 4053.04 15.2114 10132.7 -3650.32
0.6 -1.25935 -1597.77 -5429.5 -14.2719 13573.7 -3987.23 1.25935 1597.77 5429.5 14.2719 13573.8 -4001.62
0.61 11.1631 -1533.46 -6664.32 -12.9035 16660.8 -3826.04 -11.1631 1533.46 6664.32 12.9035 16660.8 -3841.24
0.62 8.38287 -1333.53 -7659.68 -11.237 19149.1 -3325.43 -8.38287 1333.53 7659.68 11.237 19149.3 -3342.23
0.63 -0.128899 -1097.12 -8319.04 -9.35096 20797.6 -2735.77 0.128899 1097.12 8319.04 9.35096 20797.6 -2749.82
0.64 16.0411 -888.905 -8562.69 -7.30008 21406.7 -2214.12 -16.0411 888.905 8562.69 7.30008 21406.8 -2230.41
0.65 -0.920521 -745.814 -8341.61 -5.15991 20853.9 -1857.3 0.920521 745.814 8341.61 5.15991 20854.1 -1871.77
0.66 7.7615 -705.422 -7648.61 -3.06305 19121.5 -1757.09 -7.7615 705.422 7648.61 3.06305 19121.5 -1770.02
0.67 10.7457 -785.364 -6525.35 -1.20493 16313.3 -1956.24 -10.7457 785.364 6525.35 1.20493 16313.4 -1970.58
0.68 -4.6697 -928.29 -5060.52 0.191862 12651.3 -2315.62 4.6697 928.29 5060.52 -0.191862 12651.3 -2325.83
0.69 14.4826 -999.891 -3374.92 0.946015 8437.3 -2494.28 -14.4826 999.891 3374.92 -0.946015 8437.32 -2505.17
0.7 -1.48935 -880.593 -1596.94 0.989271 3992.3 -2196.86 1.48935 880.593 1596.94 -0.989271 3992.43 -2206.11
0.71 1.03177 -573.768 160.226 0.403897 -400.547 -1431.55 -1.03177 573.768 -160.226 -0.403897 -400.582 -1437.29
0.72 11.2876 -213.96 1807.4 -0.596648 -4518.54 -531.375 -11.2876 213.96 -1807.4 0.596648 -4518.47 -538.424
0.73 -10.1362 42.0428 3271.93 -1.73448 -8179.86 106.385 10.1362 -42.0428 -3271.93 1.73448 -8179.81 103.829
0.74 9.82702 132.868 4484.38 -2.74713 -11210.9 333.073 -9.82702 -132.868 -4484.38 2.74713 -11211 331.266
0.75 -1.82324 107.588 5373.13 -3.44569 -13432.9 269.531 1.82324 -107.588 -5373.13 3.44569 -13432.8 268.409
0.76 -7.39689 47.6878 5872.62 -3.73502 -14681.5 117.465 7.39689 -47.6878 -5872.62 3.73502 -14681.6 120.974
0.77 10.6748 2.22076 5939.86 -3.60028 -14849.6 4.51626 -10.6748 -2.22076 -5939.86 3.60028 -14849.7 6.58755
0.78 -14.5053 1.43759 5569.18 -3.07226 -13923 0.726401 14.5053 -1.43759 -5569.18 3.07226 -13922.9 6.46155
0.79 3.29761 97.2244 4799 -2.18464 -11997.4 239.312 -3.29761 -97.2244 -4799 2.18464 -11997.6 246.81
0.8 -0.666528 341.924 3710.94 -0.939955 -9277.37 851.507 0.666528 -341.924 -3710.94 0.939955 -9277.34 858.111
0.81 -15.3577 709.58 2423.06 0.694885 -6057.62 1768.31 15.3577 -709.58 -2423.06 -0.694885 -6057.71 1779.59
0.82 9.67009 1062.87 1076.53 2.75137 -2691.28 2652.38 -9.67009 -1062.87 -1076.53 -2.75137 -2691.38 2661.99
0.83 -15.8381 1237.35 -184.767 5.19492 461.908 3087.66 15.8381 -1237.35 184.767 -5.19492 461.929 3099.07
0.84 -3.65219 1178.31 -1237.55 7.87301 3093.97 2938.93 3.65219 -1178.31 1237.55 -7.87301 3093.79 2952.63
0.85 2.74927 990.133 -1996.65 10.5161 4991.65 2469.83 -2.74927 -990.133 1996.65 -10.5161 4991.63 2480.84
0.86 -20.804 842.671 -2418.41 12.7995 6046.07 2099.3 20.804 -842.671 2418.41 -12.7995 6046 2114.05
0.87 8.6989 831.656 -2490.19 14.4336 6225.56 2072.65 -8.6989 -831.656 2490.19 -14.4336 6225.4 2085.63
0.88 -12.955 931.046 -2215.55 15.2368 5538.85 2321.44 12.955 -931.046 2215.55 -15.2368 5538.88 2333.79
0.89 -9.80148 1061.74 -1606.15 15.1629 4015.46 2646.94 9.80148 -1061.74 1606.15 -15.1629 4015.29 2661.77
0.9 8.26868 1173.2 -685.582 14.2856 1713.98 2927.69 -8.26868 -1173.2 685.582 -14.2856 1713.93 2938.33
0.91 -22.3748 1243.8 498.674 12.7574 -1246.68 3103.09 22.3748 -1243.8 -498.674 -12.7574 -1246.69 3115.89
0.92 7.6107 1228.93 1864.61 10.7598 -4661.44 3066.65 -7.6107 -1228.93 -1864.61 -10.7598 -4661.61 3078
0.93 -5.86494 1059.27 3294.45 8.45586 -8236.15 2644.01 5.86494 -1059.27 -3294.45 -8.45586 -8236.1 2652.35
0.94 -14.438 719.3 4645.19 5.9582 -11612.9 1792.84 14.438 -719.3 -4645.19 -5.9582 -11613 1803.66
0.95 14.7131 313.716 5768.45 3.33334 -14421.1 781.307 -14.7131 -313.716 -5768.45 -3.33334 -14421.2 787.274
0.96 -19.6971 19.3056 6533.6 0.643623 -16334 45.095 19.6971 -19.3056 -6533.6 -0.643623 -16334 51.4333
0.97 5.74175 -53.7341 6847.35 -1.9969 -17118.3 -137.236 -5.74175 53.7341 -6847.35 1.9969 -17118.4 -131.435
0.98 4.18734 45.8737 6665.52 -4.39496 -16663.8 114.151 -4.18734 -45.8737 -6665.52 4.39496 -16663.8 115.217
0.99 -17.3715 160.18 5995.03 -6.30734 -14987.6 398.703 17.3715 -160.18 -5995.03 6.30734 -14987.6 402.196
1 20.1678 158.479 4886.6 -7.51627 -12216.5 396.644 -20.1678 -158.479 -4886.6 7.51627 -12216.5 395.75
1.01 -13.3625 20.984 3421.44 -7.90863 -8553.67 53.5287 13.3625 -20.984 -3421.44 7.90863 -8553.54 51.3916
1.02 2.25575 -194.538 1696.13 -7.51778 -4240.28 -485.742 -2.25575 194.538 -1696.13 7.51778 -4240.38 -486.948
1.03 15.0556 -432.111 -189.254 -6.51272 473.1 -1076.96 -15.0556 432.111 189.254 6.51272 473.172 -1083.6
1.04 -18.7245 -660.125 -2134.89 -5.14779 5337.18 -1648.16 18.7245 660.125 2134.89 5.14779 5337.26 -1652.46
1.05 22.5628 -832.499 -4036.26 -3.69639 10090.7 -2077.7 -22.5628 832.499 4036.26 3.69639 10090.6 -2084.8
1.06 -4.63611 -875.172 -5776.66 -2.38882 14441.5 -2183.16 4.63611 875.172 5776.66 2.38882 14441.7 -2192.7
1.07 -3.37484 -748.362 -7226.72 -1.36999 18066.8 -1867.47 3.37484 748.362 7226.72 1.36999 18066.8 -1874.34
1.08 24.2825 -520.397 -8258.21 -0.690889 20645.5 -1295.05 -24.2825 520.397 8258.21 0.690889 20645.6 -1306.94
1.09 -18.6298 -349.728 -8769.56 -0.338426 21923.8 -869.434 18.6298 349.728 8769.56 0.338426 21924 -879.208
1.1 20.3531 -367.63 -8710.8 -0.289319 21777 -913.973 -20.3531 367.63 8710.8 0.289319 21777 -924.175
1.11 4.95944 -572.27 -8094.99 -0.556044 20237.4 -1424 -4.95944 572.27 8094.99 0.556044 20237.6 -1437.35
1.12 -10.9452 -839.807 -6992.41 -1.19403 17481 -2094.96 10.9452 839.807 6992.41 1.19403 17481 -2104.08
1.13 29.7467 -1033.07 -5513.37 -2.26316 13783.4 -2576.28 -29.7467 1033.07 5513.37 2.26316 13783.4 -2589.08
1.14 -16.9967 -1091.84 -3789.67 -3.76633 9474.07 -2723.98 16.9967 1091.84 3789.67 3.76633 9474.27 -2735.2
1.15 13.0683 -1029.67 -1959.94 -5.60074 4899.89 -2569.66 -13.0683 1029.67 1959.94 5.60074 4899.82 -2578.7
1.16 14.022 -879.24 -157.446 -7.54949 393.547 -2191.85 -14.022 879.24 157.446 7.54949 393.681 -2204.35
1.17 -19.3342 -672.546 1500.47 -9.31934 -3751.22 -1677.68 19.3342 672.546 -1500.47 9.31934 -3751.13 -1685.04
1.18 30.1688 -469.232 2918.08 -10.6108 -7295.17 -1168.51 -30.1688 469.232 -2918.08 10.6108 -7295.24 -1177.65
1.19 -13.4693 -362.136 4019.07 -11.1955 -10047.8 -901.067 13.4693 362.136 -4019.07 11.1955 -10047.6 -909.614
1.2 1.55323 -413.168 4738.93 -10.9721 -11847.3 -1030.85 -1.55323 413.168 -4738.93 10.9721 -11847.4 -1034.99
1.21 21.4888 -575.484 5021.82 -9.97873 -12554.6 -1434.91 -21.4888 575.484 -5021.82 9.97873 -12554.5 -1442.51
1.22 -26.6579 -701.242 4830.92 -8.35848 -12077.4 -1751.81 26.6579 701.242 -4830.92 8.35848 -12077.2 -1754.4
1.23 25.3459 -650.307 4169.55 -6.29437 -10423.8 -1624.6 -25.3459 650.307 -4169.55 6.29437 -10423.9 -1626.94
1.24 -7.61095 -399.552 3098.61 -3.94839 -7746.6 -997.277 7.61095 399.552 -3098.61 3.94839 -7746.44 -1000.48
1.25 -12.1759 -46.7168 1736.48 -1.43201 -4341.17 -118.065 12.1759 46.7168 -1736.48 1.43201 -4341.24 -115.519
1.26 26.6617 282.676 238.66 1.1833 -596.619 707.031 -26.6617 -282.676 -238.66 -1.1833 -596.681 706.347
1.27 -30.7346 518.959 -1232.13 3.82896 3080.25 1295.86 30.7346 -518.959 1232.13 -3.82896 3080.38 1298.93
1.28 16.0869 648.576 -2530.48 6.39864 6326.3 1618.89 -16.0869 -648.576 2530.48 -6.39864 6326.11 1623.99
1.29 0.755525 669.362 -3541.32 8.72495 8853.27 1672.15 -0.755525 -669.362 3541.32 -8.72495 8853.35 1674.66
1.3 -25.4068 585.171 -4184.3 10.5881 10460.8 1458.7 25.4068 -585.171 4184.3 -10.5881 10460.7 1467.16
1.31 29.0922 449.488 -4414.28 11.7609 11035.8 1120.88 -29.0922 -449.488 4414.28 -11.7609 11035.6 1126.56
1.32 -29.7232 378.251 -4219.38 12.0793 10548.4 942.005 29.7232 -378.251 4219.38 -12.0793 10548.5 949.248
1.33 3.92038 475.079 -3615.24 11.5094 9038.2 1182.41 -3.92038 -475.079 3615.24 -11.5094 9038 1192.98
1.34 11.1963 727.419 -2636.77 10.1756 6591.94 1815.37 -11.1963 -727.419 2636.77 -10.1756 6591.93 1821.72
1.35 -35.3877 991.82 -1333.54 8.32704 3333.85 2473.86 35.3877 -991.82 1333.54 -8.32704 3333.87 2485.24
1.36 28.4365 1102.88 225.801 6.25932 -564.389 2752.53 -28.4365 -1102.88 -225.801 -6.25932 -564.617 2761.9
1.37 -22.7325 1004.35 1943.51 4.23017 -4858.82 2506.75 22.7325 -1004.35 -1943.51 -4.23017 -4858.7 2515
1.38 -9.29541 774.537 3687.14 2.41023 -9217.78 1930.18 9.29541 -774.537 -3687.14 -2.41023 -9217.94 1942.51
1.39 22.4693 535.764 5298.3 0.881943 -13245.7 1335.91 -22.4693 -535.764 -5298.3 -0.881943 -13245.8 1342.91
1.4 -39.968 358.888 6616.79 -0.328941 -16542 892.084 39.968 -358.888 -6616.79 0.328941 -16541.9 902.355
1.41 24.3929 257.695 7510.53 -1.21382 -18776.2 639.543 -24.3929 -257.695 -7510.53 1.21382 -18776.4 648.933
1.42 -10.2029 243.385 7898.06 -1.7502 -19745.2 605.618 10.2029 -243.385 -7898.06 1.7502 -19745.1 611.307
1.43 -21.7262 338.473 7756.19 -1.8877 -19390.4 841.169 21.7262 -338.473 -7756.19 1.8877 -19390.5 851.196
1.44 32.5982 519.679 7113.03 -1.55917 -17782.5 1296.94 -32.5982 -519.679 -7113.03 1.55917 -17782.7 1301.45
1.45 -38.053 674.623 6032.97 -0.721367 -15082.5 1683.77 38.053 -674.623 -6032.97 0.721367 -15082.3 1689.34
1.46 16.7855 660.827 4601.49 0.587077 -11503.6 1648.97 -16.7855 -660.827 -4601.49 -0.587077 -11503.8 1655.17
1.47 6.06409 432.191 2914.42 2.20365 -7286.09 1080.18 -6.06409 -432.191 -2914.42 -2.20365 -7286.02 1080.78
1.48 -31.7928 99.2529 1072.71 3.85225 -2681.79 245.754 31.7928 -99.2529 -1072.71 -3.85225 -2681.75 250.51
1.49 39.2411 -154.015 -818.045 5.21297 2045.2 -385.109 -39.2411 154.015 818.045 -5.21297 2045.02 -384.965
1.5 -29.7743 -220.14 -2646.4 6.01844 6615.9 -549.854 29.7743 220.14 2646.4 -6.01844 6616.11 -550.845
1.51 5.77582 -136.635 -4295.44 6.12595 10738.7 -342.284 -5.77582 136.635 4295.44 -6.12595 10738.5 -340.893
1.52 23.244 -19.3737 -5646.96 5.53332 14117.4 -45.9062 -23.244 19.3737 5646.96 -5.53332 14117.4 -50.9625
1.53 -38.2641 46.5243 -6592.07 4.34393 16480.1 117.036 38.2641 -46.5243 6592.07 -4.34393 16480.3 115.586
1.54 40.2696 39.3967 -7048.2 2.71106 17620.6 100.558 -40.2696 -39.3967 7048.2 -2.71106 17620.4 96.4257
1.55 -16.3738 -47.8359 -6978.24 0.788217 17445.5 -116.033 16.3738 47.8359 6978.24 -0.788217 17445.7 -123.147
1.56 -7.88637 -240.492 -6404.26 -1.30226 16010.7 -599.718 7.88637 240.492 6404.26 1.30226 16010.6 -602.742
1.57 38.0996 -537.654 -5407.45 -3.47838 13518.6 -1339.58 -38.0996 537.654 5407.45 3.47838 13518.6 -1348.69
1.58 -40.261 -850.878 -4110.57 -5.68179 10276.3 -2123.99 40.261 850.878 4110.57 5.68179 10276.5 -2130.4
1.59 34.3932 -1029.96 -2650.31 -7.83811 6625.85 -2571.65 -34.3932 1029.96 2650.31 7.83811 6625.68 -2578.13
1.6 0.118703 -980.676 -1152.68 -9.81371 2881.62 -2446.31 -0.118703 980.676 1152.68 9.81371 2881.8 -2457.06
1.61 -22.7053 -757.947 278.115 -11.4022 -695.324 -1892.18 22.7053 757.947 -278.115 11.4022 -695.252 -1897.56
1.62 47.6914 -528.361 1556.41 -12.3629 -3890.97 -1315.88 -47.6914 528.361 -1556.41 12.3629 -3891.09 -1325.92
1.63 -37.2502 -434.032 2606.47 -12.499 -6516.31 -1080.77 37.2502 434.032 -2606.47 12.499 -6516.03 -1089.39
1.64 21.6349 -493.313 3359.28 -11.7361 -8398.14 -1230.33 -21.6349 493.313 -3359.28 11.7361 -8398.27 -1236.24
1.65 17.2959 -624.044 3757.35 -10.1563 -9393.42 -1554.69 -17.2959 624.044 -3757.35 10.1563 -9393.32 -1565.52
1.66 -36.4877 -737.162 3763.15 -7.97479 -9407.96 -1840.42 36.4877 737.162 -3763.15 7.97479 -9407.8 -1845.39
1.67 50.0016 -788.266 3367.04 -5.4748 -8417.5 -1966.93 -50.0016 788.266 -3367.04 5.4748 -8417.68 -1974.4
1.68 -29.094 -753.351 2593.16 -2.93333 -6483.03 -1879.55 29.094 753.351 -2593.16 2.93333 -6482.77 -1887.21
1.69 3.50524 -599.865 1504.88 -0.564754 -3762.16 -1498.36 -3.50524 599.865 -1504.88 0.564754 -3762.24 -1500.97
1.7 32.7572 -319.048 207.22 1.50392 -518.038 -793.831 -32.7572 319.048 -207.22 -1.50392 -518.061 -801.408
1.71 -46.6498 16.3939 -1161.09 3.22279 2902.6 42.1109 46.6498 -16.3939 1161.09 -3.22279 2902.82 39.8585
1.72 44.3244 262.697 -2450 4.58061 6125.1 657.912 -44.3244 -262.697 2450 -4.58061 6124.87 655.575
1.73 -16.1724 306.22 -3528.1 5.55711 8820.14 767.722 16.1724 -306.22 3528.1 -5.55711 8820.34 763.379
1.74 -17.1949 162.489 -4305.78 6.09354 10764.5 405.151 17.1949 -162.489 4305.78 -6.09354 10764.4 407.293
1.75 44.3989 -32.9316 -4739.69 6.10234 11849.3 -81.1622 -44.3989 32.9316 4739.69 -6.10234 11849.1 -83.4959
1.76 -50.7396 -135.247 -4819.3 5.51475 12048.1 -338.815 50.7396 135.247 4819.3 -5.51475 12048.4 -337.423
1.77 31.3531 -90.6506 -4549.39 4.34101 11373.6 -228.416 -31.3531 90.6506 4549.39 -4.34101 11373.3 -224.837
1.78 0.466542 61.9525 -3941.66 2.70958 9854.1 154.994 -0.466542 -61.9525 3941.66 -2.70958 9854.18 154.769
1.79 -36.9008 258.077 -3018.17 0.862586 7545.39 641.934 36.9008 -258.077 3018.17 -0.862586 7545.45 648.448
1.8 50.5974 449.819 -1820.2 -0.893435 4550.62 1123.05 -50.5974 -449.819 1820.2 0.893435 4550.37 1126.05
1.81 -47.0526 589.084 -414.108 -2.26374 1035.15 1470.56 47.0526 -589.084 414.108 2.26374 1035.38 1474.86
1.82 12.9864 611.786 1108.95 -3.04073 -2772.28 1525.33 -12.9864 -611.786 -1108.95 3.04073 -2772.48 1533.6
1.83 19.0172 481.483 2637.09 -3.1501 -6592.71 1202.2 -19.0172 -481.483 -2637.09 3.1501 -6592.76 1205.22
1.84 -52.0076 255.898 4045.25 -2.64884 -10113.2 635.336 52.0076 -255.898 -4045.25 2.64884 -10113 644.153
1.85 50.3195 82.0708 5208.93 -1.67719 -13022.2 201.845 -50.3195 -82.0708 -5208.93 1.67719 -13022.5 208.509
1.86 -35.1636 93.0961 6024.32 -0.38972 -15060.9 230.164 35.1636 -93.0961 -6024.32 0.38972 -15060.7 235.317
1.87 -8.06284 297.707 6428.81 1.09799 -16072 739.136 8.06284 -297.707 -6428.81 -1.09799 -16072.1 749.396
1.88 36.9834 575.55 6412.15 2.72115 -16030.3 1436.76 -36.9834 -575.55 -6412.15 -2.72115 -16030.5 1440.99
1.89 -59.6083 781.253 6010.62 4.43719 -15026.7 1949.06 59.6083 -781.253 -6010.62 -4.43719 -15026.5 1957.21
1.9 43.2057 847.018 5287.84 6.18068 -13219.5 2113.7 -43.2057 -847.018 -5287.84 -6.18068 -13219.8 2121.39
1.91 -16.2134 789.79 4313.92 7.82933 -10784.9 1972.71 16.2134 -789.79 -4313.92 -7.82933 -10784.7 1976.24
1.92 -28.7392 648.61 3153.51 9.1978 -7883.77 1617 28.7392 -648.61 -3153.51 -9.1978 -7883.77 1626.05
1.93 51.4604 449.784 1866.47 10.0631 -4666.06 1122.86 -51.4604 -449.784 -1866.47 -10.0631 -4666.3 1126.06
1.94 -58.0702 237.268 516.765 10.2166 -1292.04 590.834 58.0702 -237.268 -516.765 -10.2166 -1291.78 595.506
1.95 29.6547 99.9072 -819.578 9.53061 2049.07 246.711 -29.6547 -99.9072 819.578 -9.53061 2048.82 252.825
1.96 7.15525 121.107 -2053.36 8.01501 5133.39 302.755 -7.15525 -121.107 2053.36 -8.01501 5133.41 302.782
1.97 -46.0948 284.121 -3089.64 5.83316 7724.03 707.674 46.0948 -284.121 3089.64 -5.83316 7724.17 712.933
1.98 59.6183 447.538 -3842.3 3.25973 9605.91 1118.52 -59.6183 -447.538 3842.3 -3.25973 9605.62 1119.17
1.99 -47.3302 445.427 -4250.79 0.595586 10626.8 1113.78 47.3302 -445.427 4250.79 -0.595586 10627.1 1113.36
2 10.8989 225.829 -4293 -1.91671 10732.6 563.113 -10.8989 -225.829 4293 1.91671 10732.4 566.035
2.01 31.2206 -111.154 -3990.57 -4.13339 9976.45 -275.874 -31.2206 111.154 3990.57 4.13339 9976.38 -279.897
2.02 -57.6549 -409.44 -3403.96 -5.9938 8509.78 -1023.77 57.6549 409.44 3403.96 5.9938 8510.04 -1023.43
2.03 59.3007 -579.319 -2618.75 -7.47272 6547.03 -1447.23 -59.3007 579.319 2618.75 7.47272 6546.74 -1449.37
2.04 -28.8677 -625.286 -1727.63 -8.53646 4318.96 -1560.51 28.8677 625.286 1727.63 8.53646 4319.19 -1565.92
2.05 -10.9799 -581.857 -813.579 -9.12421 2033.94 -1454.41 10.9799 581.857 813.579 9.12421 2033.95 -1454.87
2.06 51.8724 -463.32 60.4517 -9.15608 -151.047 -1154.78 -51.8724 463.32 -60.4517 9.15608 -151.211 -1161.82
2.07 -61.6797 -292.814 850.854 -8.56097 -2127.3 -730.01 61.6797 292.814 -850.854 8.56097 -2126.97 -734.058
2.08 49.588 -152.366 1523.17 -7.31867 -3807.81 -379.008 -49.588 152.366 -1523.17 7.31867 -3808.05 -382.822
2.09 -5.39821 -154.521 2039.74 -5.50582 -5099.42 -381.96 5.39821 154.521 -2039.74 5.50582 -5099.28 -390.643
2.1 -33.1623 -336.53 2354.34 -3.32183 -5885.92 -839.973 33.1623 336.53 -2354.34 3.32183 -5885.77 -842.678
2.11 65.4103 -593.437 2420.22 -1.06774 -6050.43 -1479.69 -65.4103 593.437 -2420.22 1.06774 -6050.68 -1487.5
2.12 -57.337 -744.069 2208.39 0.927399 -5521.16 -1856.89 57.337 744.069 -2208.39 -0.927399 -5520.81 -1863.45
2.13 31.1679 -679.662 1724.43 2.40208 -4311.01 -1697.38 -31.1679 679.662 -1724.43 -2.40208 -4311.16 -1700.93
2.14 19.616 -448.14 1013.84 3.22985 -2534.61 -1115.72 -19.616 448.14 -1013.84 -3.22985 -2534.59 -1124.98
2.15 -52.3794 -195.194 153.733 3.42516 -384.461 -486.425 52.3794 195.194 -153.733 -3.42516 -384.201 -489.545
2.16 69.2631 -36.8373 -763.846 3.09451 1909.76 -89.1063 -69.2631 36.8373 763.846 -3.09451 1909.47 -95.0802
2.17 -44.8063 2.78105 -1648.55 2.3699 4121.22 10.295 44.8063 -2.78105 1648.55 -2.3699 4121.52 3.61024
2.18 6.38901 -49.7989 -2424.01 1.36076 6060.06 -123.812 -6.38901 49.7989 2424.01 -1.36076 6060.01 -125.182
2.19 42.5234 -176.421 -3036.35 0.138638 7590.93 -437.493 -42.5234 176.421 3036.35 -0.138638 7590.81 -444.614
2.2 -65.3808 -358.565 -3457.54 -1.25018 8643.68 -895.502 65.3808 358.565 3457.54 1.25018 8644.01 -897.325
2.21 62.4745 -526.896 -3681.11 -2.75499 9202.92 -1316.2 -62.4745 526.896 3681.11 2.75499 9202.62 -1318.28
2.22 -25.3184 -566.236 -3710.38 -4.28448 9275.86 -1413.2 25.3184 566.236 3710.38 4.28448 9276.04 -1417.98
2.23 -21.0498 -406.237 -3544.86 -5.68001 8862.12 -1016.56 21.0498 406.237 3544.86 5.68001 8862.19 -1014.62
2.24 60.006 -107.209 -3174.85 -6.72001 7937.26 -266.449 -60.006 107.209 3174.85 6.72001 7937 -269.595
2.25 -69.5192 166.192 -2590.87 -7.16773 6477 415.301 69.5192 -166.192 2590.87 7.16773 6477.34 415.66
2.26 45.8617 273.2 -1802.07 -6.84879 4505.3 681.703 -45.8617 -273.2 1802.07 6.84879 4505.05 684.297
2.27 -1.11356 202.721 -850.314 -5.72135 2125.77 507.733 1.11356 -202.721 850.314 5.72135 2125.8 505.874
2.28 -46.7243 57.9269 190.151 -3.89997 -475.465 142.281 46.7243 -57.9269 -190.151 3.89997 -475.287 147.354
2.29 69.5043 -46.0929 1227.87 -1.62079 -3069.5 -115.861 -69.5043 46.0929 -1227.87 1.62079 -3069.85 -114.604
2.3 -63.331 -56.0312 2175.1 0.83212 -5437.89 -141.216 63.331 56.0312 -2175.1 -0.83212 -5437.6 -138.941
2.31 21.8409 31.4578 2963.57 3.20302 -7408.85 75.3882 -21.8409 -31.4578 -2963.57 -3.20302 -7409.02 81.9008
2.32 24.7223 211.752 3551.82 5.31337 -8879.48 528.974 -24.7223 -211.752 -3551.82 -5.31337 -8879.6 529.788
2.33 -66.2936 467.415 3925.22 7.07075 -9813.19 1165.14 66.2936 -467.415 -3925.22 -7.07075 -9812.93 1171.94
2.34 69.5163 726.769 4090.41 8.44232 -10225.8 1814.58 -69.5163 -726.769 -4090.41 -8.44232 -10226.2 1819.27
2.35 -46.9691 867.613 4065.43 9.40956 -10163.7 2167.56 46.9691 -867.613 -4065.43 -9.40956 -10163.5 2170.5
2.36 -6.01624 800.947 3868.37 9.92741 -9670.91 1998.14 6.01624 -800.947 -3868.37 -9.92741 -9670.95 2006.59
2.37 48.5727 559.9 3508.82 9.91212 -8771.93 1398.61 -48.5727 -559.9 -3508.82 -9.91212 -8772.19 1400.89
2.38 -76.3151 290.622 2989.18 9.26856 -7473.11 723.383 76.3151 -290.622 -2989.18 -9.26856 -7472.79 729.729
2.39 59.7698 140.96 2316.28 7.94606 -5790.54 349.293 -59.7698 -140.96 -2316.28 -7.94606 -5790.88 355.505
2.4 -22.3552 154.3 1515.97 5.99383 -3789.96 384.776 22.3552 -154.3 -1515.97 -5.99383 -3789.88 386.726
2.41 -33.5843 266.422 641.062 3.58575 -1602.71 662.106 33.5843 -266.422 -641.062 -3.58575 -1602.6 670.004
2.42 66.7623 385.927 -233.163 0.999492 583.083 963.73 -66.7623 -385.927 233.163 -0.999492 582.731 965.907
2.43 -74.8874 457.261 -1025.09 -1.44288 2562.56 1141.27 74.8874 -457.261 1025.09 1.44288 2562.9 1145.03
2.44 41.2735 452.329 -1665.97 -3.45169 4165.04 1127.99 -41.2735 -452.329 1665.97 3.45169 4164.8 1133.66
2.45 7.01876 340.774 -2114.11 -4.83735 5285.31 852.137 -7.01876 -340.774 2114.11 4.83735 5285.25 851.733
2.46 -56.8229 110.42 -2359.89 -5.54446 5899.59 273.461 56.8229 -110.42 2359.89 5.54446 5899.84 278.638
2.47 76.1365 -176.957 -2419.81 -5.63812 6049.73 -442.822 -76.1365 176.957 2419.81 5.63812 6049.34 -441.964
2.48 -61.9923 -383.285 -2323.09 -5.24829 5807.57 -958.138 61.9923 383.285 2323.09 5.24829 5807.86 -958.287
2.49 16.2456 -386.75 -2097.27 -4.50035 5243.21 -968.684 -16.2456 386.75 2097.27 4.50035 5243.13 -965.065
2.5 36.6278 -191.364 -1759.43 -3.47029 4398.67 -476.798 -36.6278 191.364 1759.43 3.47029 4398.49 -480.022
2.51 -72.3503 64.5517 -1317.17 -2.1886 3292.74 160.731 72.3503 -64.5517 1317.17 2.1886 3293.1 162.027
2.52 74.655 218.943 -778.742 -0.68473 1947.03 547.78 -74.655 -218.943 778.742 0.68473 1946.68 546.934
2.53 -39.4804 206.065 -165.256 0.961247 413.042 517.233 39.4804 -206.065 165.256 -0.961247 413.236 513.093
2.54 -12.0909 72.5137 482.098 2.59291 -1205.29 180.755 12.0909 -72.5137 -482.098 -2.59291 -1205.2 181.814
2.55 61.6928 -101.946 1102.75 3.99082 -2756.73 -252.17 -61.6928 101.946 -1102.75 -3.99082 -2757.02 -257.558
2.56 -77.8841 -270.797 1625.9 4.91659 -4064.96 -675.764 77.8841 270.797 -1625.9 -4.91659 -4064.56 -678.22
2.57 61.8684 -406.907 1985.08 5.17135 -4962.58 -1016.27 -61.8684 406.907 -1985.08 -5.17135 -4962.84 -1018.26
2.58 -10.7248 -459.758 2133.53 4.65383 -5333.86 -1145.93 10.7248 459.758 -2133.53 -4.65383 -5333.8 -1152.87
2.59 -39.8566 -374.4 2056.22 3.401 -5140.67 -935.507 39.8566 374.4 -2056.22 -3.401 -5140.42 -936.492
2.6 78.0406 -170.45 1772.43 1.59047 -4430.9 -423.135 -78.0406 170.45 -1772.43 -1.59047 -4431.26 -429.114
2.61 -72.5169 22.2857 1325.57 -0.507391 -3314.11 58.1984 72.5169 -22.2857 -1325.57 0.507391 -3313.74 53.2302
2.62 39.1527 45.8599 764.964 -2.61372 -1912.35 115.61 -39.1527 -45.8599 -764.964 2.61372 -1912.47 113.69
2.63 19.9634 -148.624 129.693 -4.52061 -324.184 -367.704 -19.9634 148.624 -129.693 4.52061 -324.279 -375.415
2.64 -63.003 -449.883 -556.439 -6.12252 1390.91 -1123.78 63.003 449.883 556.439 6.12252 1391.28 -1125.63
2.65 82.8638 -679.393 -1276.06 -7.38794 3190.33 -1696.16 -82.8638 679.393 1276.06 7.38794 3189.97 -1700.8
2.66 -56.8204 -733.174 -2003.44 -8.29969 5008.47 -1830.1 56.8204 733.174 2003.44 8.29969 5008.75 -1835.77
2.67 9.61644 -632.636 -2695.02 -8.80823 6737.55 -1581.32 -9.61644 632.636 2695.02 8.80823 6737.57 -1581.86
2.68 48.0371 -456.975 -3289.98 -8.8249 8225.08 -1139.28 -48.0371 456.975 3289.98 8.8249 8224.83 -1145.59
2.69 -77.8972 -259.631 -3719.68 -8.25109 9299 -648.347 77.8972 259.631 3719.68 8.25109 9299.42 -649.807
2.7 75.2247 -65.2997 -3921.45 -7.02297 9803.8 -162.39 -75.2247 65.2997 3921.45 7.02297 9803.47 -164.108
2.71 -32.7813 78.6158 -3851.94 -5.15429 9629.78 198.871 32.7813 -78.6158 3851.94 5.15429 9629.91 194.208
2.72 -22.3379 98.1057 -3498.2 -2.76701 8745.41 244.42 22.3379 -98.1057 3498.2 2.76701 8745.59 246.108
2.73 69.4012 -30.8489 -2883.9 -0.096908 7209.94 -75.4638 -69.4012 30.8489 2883.9 0.096908 7209.58 -78.7808
2.74 -81.9247 -215.004 -2065.36 2.54002 5163.2 -537.375 81.9247 215.004 2065.36 -2.54002 5163.6 -537.644
2.75 56.2082 -288.824 -1116.81 4.82136 2792.14 -723.008 -56.2082 288.824 1116.81 -4.82136 2791.91 -721.113
2.76 -3.57804 -150.618 -111.172 6.50618 277.956 -375.238 3.57804 150.618 111.172 -6.50618 277.902 -377.852
2.77 -51.7301 144.994 894.219 7.49257 -2235.7 360.548 51.7301 -144.994 -894.219 -7.49257 -2235.4 364.419
2.78 80.9882 434.918 1858.79 7.81407 -4646.77 1087.17 -80.9882 -434.918 -1858.79 -7.81407 -4647.19 1087.42
2.79 -73.9987 583.224 2747.8 7.58223 -6869.66 1457.58 73.9987 -583.224 -2747.8 -7.58223 -6869.36 1458.54
2.8 28.7091 566.318 3519.49 6.915 -8798.69 1413.27 -28.7091 -566.318 -3519.49 -6.915 -8798.77 1418.32
2.81 26.7944 441.796 4119.6 5.89213 -10298.9 1104.71 -26.7944 -441.796 -4119.6 -5.89213 -10299.1 1104.27
2.82 -73.8621 269.494 4486.61 4.55409 -11216.7 671.181 73.8621 -269.494 -4486.61 -4.55409 -11216.3 676.288
2.83 81.1539 86.8907 4565.72 2.93304 -11414.1 215.588 -81.1539 -86.8907 -4565.72 -2.93304 -11414.5 218.866
2.84 -54.8615 -54.5971 4324.98 1.09357 -10812.5 -137.234 54.8615 54.5971 -4324.98 -1.09357 -10812.4 -135.752
2.85 -3.08467 -76.9306 3767.5 -0.835735 -9418.79 -195.716 3.08467 76.9306 -3767.5 0.835735 -9418.71 -188.937
2.86 54.0291 63.4066 2936.66 -2.65359 -7341.47 157.98 -54.0291 -63.4066 -2936.66 2.65359 -7341.84 159.052
2.87 -85.1481 302.752 1911.15 -4.11021 -4778.07 754.477 85.1481 -302.752 -1911.15 4.11021 -4777.67 759.281
2.88 69.8651 487.764 789.92 -4.96508 -1974.64 1216.94 -69.8651 -487.764 -789.92 4.96508 -1974.96 1221.88
2.89 -27.0841 490.856 -327.038 -5.06085 817.594 1226.67 27.0841 -490.856 327.038 5.06085 817.597 1227.61
2.9 -34.3986 314.521 -1355.21 -4.38044 3387.91 783.008 34.3986 -314.521 1355.21 4.38044 3388.15 789.598
2.91 74.1008 80.2244 -2233.33 -3.05646 5583.55 199.808 -74.1008 -80.2244 2233.33 3.05646 5583.12 201.314
2.92 -83.7456 -79.0047 -2920.42 -1.32648 7300.87 -198.972 83.7456 79.0047 2920.42 1.32648 7301.22 -196.051
2.93 48.6777 -107.606 -3387 0.543586 8467.58 -271.501 -48.6777 107.606 3387 -0.543586 8467.41 -266.527
2.94 5.26862 -24.0507 -3607.13 2.33156 9017.91 -59.8445 -5.26862 24.0507 3607.13 -2.33156 9017.75 -60.4092
2.95 -60.63 133.562 -3555.28 3.89747 8888.02 331.585 60.63 -133.562 3555.28 -3.89747 8888.38 336.226
2.96 83.8762 327.195 -3211.03 5.17891 8027.78 817.503 -83.8762 -327.195 3211.03 -5.17891 8027.35 818.471
2.97 -69.8652 491.373 -2571.22 6.15332 6427.91 1228.44 69.8652 -491.373 2571.22 -6.15332 6428.17 1228.42
2.98 20.5217 529.001 -1664.03 6.78957 4160.08 1320.67 -20.5217 -529.001 1664.03 -6.78957 4160.1 1324.34
2.99 37.2691 376.618 -558.141 7.0152 1395.5 942.773 -37.2691 -376.618 558.141 -7.0152 1395.2 940.318
3 -78.0311 82.4306 640.379 6.7205 -1601.16 205.261 78.0311 -82.4306 -640.379 -6.7205 -1600.73 206.892
3.01 81.6468 -202.172 1805.91 5.80205 -4514.6 -505.415 -81.6468 202.172 -1805.91 -5.80205 -4514.95 -505.447
3.02 -45.7057 -332.369 2818.56 4.2258 -7046.45 -829.374 45.7057 332.369 -2818.56 -4.2258 -7046.34 -832.473
3.03 -10.6822 -279.651 3585.07 2.07617 -8962.77 -699.987 10.6822 279.651 -3585.07 -2.07617 -8962.56 -698.268
3.04 63.948 -135.16 4048.29 -0.436315 -10120.5 -335.918 -63.948 135.16 -4048.29 0.436315 -10120.9 -339.879
3.05 -84.2216 -15.8598 4184.46 -3.01381 -10461.4 -38.9173 84.2216 15.8598 -4184.46 3.01381 -10460.9 -40.3819
3.06 67.4793 18.8543 3994.34 -5.33976 -9985.75 47.553 -67.4793 -18.8543 -3994.34 5.33976 -9985.96 46.7183
3.07 -15.0448 -34.2617 3495.58 -7.15173 -8738.93 -82.9703 15.0448 34.2617 -3495.58 7.15173 -8738.99 -88.3382
3.08 -40.5381 -169.184 2717.31 -8.29547 -6793.45 -422.92 40.5381 169.184 -2717.31 8.29547 -6793.1 -422.999
3.09 81.1467 -377.011 1697.09 -8.74397 -4242.52 -940.326 -81.1467 377.011 -1697.09 8.74397 -4242.94 -944.728
3.1 -78.4752 -601.572 482.293 -8.57436 -1205.9 -1502.06 78.4752 601.572 -482.293 8.57436 -1205.56 -1505.8
3.11 43.2955 -725.281 -863.759 -7.91063 2159.42 -1812.74 -43.2955 725.281 863.759 7.91063 2159.38 -1813.66
3.12 17.4218 -643.843 -2253.53 -6.85887 5633.93 -1606.54 -17.4218 643.843 2253.53 6.85887 5633.71 -1612.68
3.13 -64.7736 -371.523 -3572.21 -5.47196 8930.3 -928.24 64.7736 371.523 3572.21 5.47196 8930.74 -929.374
3.14 86.2327 -57.1152 -4688.83 -3.76563 11722.3 -141.052 -86.2327 57.1152 4688.83 3.76563 11721.9 -144.524
3.15 -61.7654 125.83 -5481.3 -1.7742 13703.2 316.899 61.7654 -125.83 5481.3 1.7742 13703.4 312.253
3.16 12.6374 112.75 -5863.68 0.39372 14659.1 281.941 -12.6374 -112.75 5863.68 -0.39372 14659.3 281.81
3.17 46.8571 -24.3631 -5802.54 2.53821 14506.5 -58.2932 -46.8571 24.3631 5802.54 -2.53821 14506.2 -63.5224
3.18 -79.8538 -167.852 -5315.95 4.40051 13289.7 -419.005 79.8538 167.852 5315.95 -4.40051 13290.1 -420.257
3.19 78.5383 -251.779 -4458.98 5.72572 11147.6 -628.769 -78.5383 251.779 4458.98 -5.72572 11147.3 -630.124
3.2 -36.5857 -268.411 -3307.07 6.32726 8267.66 -668.951 36.5857 268.411 3307.07 -6.32726 8267.67 -673.106
3.21 -19.868 -211.992 -1944.84 6.13384 4861.95 -530.62 19.868 211.992 1944.84 -6.13384 4862.25 -529.34
3.22 69.0346 -61.9104 -460.022 5.20984 1150.27 -153.277 -69.0346 61.9104 460.022 -5.20984 1149.84 -156.275
3.23 -83.5261 161.209 1058.74 3.74184 -2647.04 403.351 83.5261 -161.209 -1058.74 -3.74184 -2646.66 402.693
3.24 59.44 350.191 2521.5 1.9873 -6303.67 874.813 -59.44 -350.191 -2521.5 -1.9873 -6303.81 876.142
3.25 -6.5795 367.353 3835.26 0.197631 -9588.07 919.723 6.5795 -367.353 -3835.26 -0.197631 -9588.24 917.041
3.26 -49.2582 169.997 4902.46 -1.45038 -12256.4 423.62 49.2582 -169.997 -4902.46 1.45038 -12256 426.363
3.27 80.9458 -127.764 5625.11 -2.87627 -14062.6 -319.312 -80.9458 127.764 -5625.11 2.87627 -14063 -319.506
3.28 -75.2039 -336.556 5919.49 -4.0598 -14798.8 -841.463 75.2039 336.556 -5919.49 4.0598 -14798.6 -841.316
3.29 32.0774 -342.575 5737.16 -4.97572 -14342.9 -858.312 -32.0774 342.575 -5737.16 4.97572 -14342.9 -854.561
3.3 23.9715 -179.089 5082.91 -5.54775 -12707.1 -447.27 -23.9715 179.089 -5082.91 5.54775 -12707.4 -448.175
3.31 -71.0667 38.0064 4020.08 -5.65256 -10050.4 93.206 71.0667 -38.0064 -4020.08 5.65256 -10050 96.8259
3.32 81.1832 220.095 2659.02 -5.16726 -6647.35 549.079 -81.1832 -220.095 -2659.02 5.16726 -6647.72 551.397
3.33 -56.1096 341.269 1134.04 -4.02889 -2835.14 852.857 56.1096 -341.269 -1134.04 4.02889 -2835.07 853.485
3.34 0.777518 391.03 -420.088 -2.27768 1050.11 974.996 -0.777518 -391.03 420.088 2.27768 1050.32 980.156
3.35 50.7425 340.292 -1884.86 -0.0714386 4712.38 850.468 -50.7425 -340.292 1884.86 0.0714386 4711.94 850.989
3.36 -82.0754 183.58 -3164.15 2.33086 7910.18 457.222 82.0754 -183.58 3164.15 -2.33086 7910.59 460.676
3.37 70.0658 -0.0497486 -4181.06 4.61609 10452.8 -2.05036 -70.0658 0.0497486 4181.06 -4.61609 10452.5 1.80161
3.38 -29.1274 -70.4132 -4872.06 6.48876 12180.2 -176.254 29.1274 70.4132 4872.06 -6.48876 12180.1 -175.812
3.39 -29.6919 59.0784 -5184.1 7.74556 12960.1 145.123 29.6919 -59.0784 5184.1 -7.74556 12960.4 150.269
3.4 69.9729 329.367 -5077.43 8.31784 12693.8 822.822 -69.9729 -329.367 5077.43 -8.31784 12693.3 824.014
3.41 -80.8424 571.897 -4535.26 8.25831 11338 1428.66 80.8424 -571.897 4535.26 -8.25831 11338.3 1430.83
3.42 49.5144 643.227 -3575.6 7.68011 8939.01 1606.01 -49.5144 -643.227 3575.6 -7.68011 8938.97 1610.12
3.43 1.63063 524.561 -2259.46 6.68687 5648.8 1311.61 -1.63063 -524.561 2259.46 -6.68687 5648.52 1311.19
3.44 -54.8964 300.186 -692.334 5.33499 1730.62 748.584 54.8964 -300.186 692.334 -5.33499 1731.05 752.347
3.45 79.0113 64.9479 983.604 3.64479 -2458.8 161.833 -79.0113 -64.9479 -983.604 -3.64479 -2459.22 162.907
3.46 -67.9053 -128.263 2607.22 1.64487 -6518.13 -320.699 67.9053 128.263 -2607.22 -1.64487 -6517.97 -320.618
3.47 22.7146 -246.52 4022.59 -0.580038 -10056.5 -617.915 -22.7146 246.52 -4022.59 0.580038 -10056.4 -614.683
3.48 31.4838 -249.538 5103.74 -2.86328 -12759.1 -623.039 -31.4838 249.538 -5103.74 2.86328 -12759.5 -624.651
3.49 -71.4028 -121.93 5771.71 -4.96469 -14429.5 -305.573 71.4028 121.93 -5771.71 4.96469 -14429.1 -304.078
3.5 76.7136 70.0724 5995.7 -6.61378 -14989.1 174.951 -76.7136 -70.0724 -5995.7 6.61378 -14989.4 175.411
3.51 -45.6286 189.307 5780.08 -7.57665 -14450.2 474.351 45.6286 -189.307 -5780.08 7.57665 -14450.2 472.181
3.52 -6.37399 127.816 5148.12 -7.72457 -12870.5 318.684 6.37399 -127.816 -5148.12 7.72457 -12870.1 320.395
3.53 55.9552 -95.7005 4133.46 -7.07473 -10333.4 -237.933 -55.9552 95.7005 -4133.46 7.07473 -10333.9 -240.57
3.54 -77.2398 -345.871 2784.44 -5.78232 -6961.28 -864.21 77.2398 345.871 -2784.44 5.78232 -6960.9 -865.142
3.55 63.6283 -480.992 1175.56 -4.08611 -2938.84 -1202.39 -63.6283 480.992 -1175.56 4.08611 -2938.95 -1202.57
3.56 -17.7372 -451.987 -586.239 -2.23312 1465.7 -1128.03 17.7372 451.987 586.239 2.23312 1465.5 -1131.91
3.57 -33.5948 -302.978 -2366.32 -0.416556 5915.58 -757.527 33.5948 302.978 2366.32 0.416556 5916.02 -757.365
3.58 71.5148 -103.681 -4015.35 1.24913 10038.6 -257.702 -71.5148 103.681 4015.35 -1.24913 10038.2 -260.701
3.59 -72.0994 92.6219 -5386.13 2.71214 13465.2 232.955 72.0994 -92.6219 5386.13 -2.71214 13465.5 230.154
3.6 41.9203 232.238 -6350.82 3.94035 15877 580.82 -41.9203 -232.238 6350.82 -3.94035 15877.1 580.37
3.61 11.3608 245.893 -6818.2 4.87528 17045.7 616.999 -11.3608 -245.893 6818.2 -4.87528 17045.3 612.467
3.62 -55.1837 93.5885 -6750.19 5.40936 16875.2 234.421 55.1837 -93.5885 6750.19 -5.40936 16875.7 233.522
3.63 76.1503 -167.779 -6169.62 5.40394 15424.2 -418.229 -76.1503 167.779 6169.62 -5.40394 15423.9 -420.667
3.64 -57.2748 -389.226 -5151.4 4.74546 12878.5 -971.243 57.2748 389.226 5151.4 -4.74546 12878.5 -974.886
3.65 15.031 -434.103 -3800.13 3.41318 9500.18 -1085.19 -15.031 434.103 3800.13 -3.41318 9500.45 -1085.32
3.66 37.3259 -289.788 -2225.61 1.52109 5564.24 -722.502 -37.3259 289.788 2225.61 -1.52109 5563.8 -726.438
3.67 -68.2961 -72.5463 -530.191 -0.691393 1325.26 -180.749 68.2961 72.5463 530.191 0.691393 1325.69 -181.982
3.68 69.6582 77.5304 1186.99 -2.91624 -2967.38 194.343 -69.6582 -77.5304 -1186.99 2.91624 -2967.56 193.309
3.69 -35.3707 99.8628 2818.9 -4.85385 -7047.18 251.339 35.3707 -99.8628 -2818.9 4.85385 -7047.31 247.975
3.7 -12.881 19.5648 4246.99 -6.27915 -10617.7 48.5767 12.881 -19.5648 -4246.99 6.27915 -10617.3 49.2475
3.71 56.573 -117.72 5350.4 -7.07783 -13375.8 -293.138 -56.573 117.72 -5350.4 7.07783 -13376.2 -295.461
3.72 -71.4013 -282.653 6024.25 -7.24766 -15060.8 -706.173 71.4013 282.653 -6024.25 7.24766 -15060.5 -707.095
3.73 53.6031 -431.6 6198.25 -6.86758 -15495.6 -1079.41 -53.6031 431.6 -6198.25 6.86758 -15495.6 -1078.59
3.74 -9.84742 -477.515 5848.65 -6.04441 -14621.5 -1192.67 9.84742 477.515 -5848.65 6.04441 -14621.8 -1194.91
3.75 -37.6267 -338.995 5004.02 -4.85907 -12510.3 -848.292 37.6267 338.995 -5004.02 4.85907 -12509.8 -846.681
3.76 66.7788 -35.8242 3745.67 -3.34271 -9363.97 -89.4481 -66.7788 35.8242 -3745.67 3.34271 -9364.37 -89.6728
3.77 -64.484 284.622 2199.04 -1.5014 -5497.67 711.701 64.484 -284.622 -2199.04 1.5014 -5497.54 711.407
3.78 30.9658 447.175 515.307 0.622966 -1288.36 1116.67 -30.9658 -447.175 -515.307 -0.622966 -1288.17 1119.21
3.79 15.524 389.59 -1153.44 2.89696 2883.82 974.363 -15.524 -389.59 1153.44 -2.89696 2883.39 973.59
3.8 -55.6779 203.556 -2676.82 5.08702 6691.84 507.763 55.6779 -203.556 2676.82 -5.08702 6692.28 510.017
3.81 67.14 39.5397 -3956.13 6.90808 9890.46 97.9976 -67.14 -39.5397 3956.13 -6.90808 9890.2 99.7011
3.82 -49.0165 -17.2126 -4919.48 8.1024 12298.7 -43.1532 49.0165 17.2126 4919.48 -8.1024 12298.7 -42.9096
3.83 5.55906 23.661 -5510.9 8.50879 13777.1 57.3665 -5.55906 -23.661 5510.9 -8.50879 13777.4 60.9387
3.84 37.2178 122.451 -5683.61 8.09765 14209.3 305.878 -37.2178 -122.451 5683.61 -8.09765 14208.8 306.376
3.85 -64.7341 262.482 -5404.12 6.96913 13510.1 655.078 64.7341 -262.482 5404.12 -6.96913 13510.5 657.332
3.86 58.3686 423.147 -4666.33 5.32205 11665.9 1056.41 -58.3686 -423.147 4666.33 -5.32205 11665.8 1059.33
3.87 -27.6961 528.897 -3506.5 3.40033 8766.37 1322.05 27.6961 -528.897 3506.5 -3.40033 8766.11 1322.43
3.88 -18.6637 474.425 -2010.07 1.42804 5024.96 1184.26 18.6637 -474.425 2010.07 -1.42804 5025.4 1187.87
3.89 52.4466 228.222 -306.76 -0.442736 767.12 569.956 -52.4466 -228.222 306.76 0.442736 766.68 571.154
3.9 -64.0551 -99.9056 1446.14 -2.14245 -3615.45 -250.516 64.0551 99.9056 -1446.14 2.14245 -3615.26 -249.012
3.91 42.4504 -322.805 3086.92 -3.64464 -7717.35 -808.583 -42.4504 322.805 -3086.92 3.64464 -7717.24 -805.439
3.92 -3.98355 -324.206 4471.35 -4.90244 -11178.2 -810.528 3.98355 324.206 -4471.35 4.90244 -11178.6 -810.504
3.93 -38.271 -145.23 5489.54 -5.80785 -13724.1 -364.4 38.271 145.23 -5489.54 5.80785 -13723.6 -361.751
3.94 59.528 71.7452 6075.06 -6.20565 -15187.5 178.751 -59.528 -71.7452 -6075.06 6.20565 -15187.8 179.975
3.95 -54.5015 209.981 6204.98 -5.95417 -15512.5 524.862 54.5015 -209.981 -6204.98 5.95417 -15512.5 525.045
3.96 22.2333 242.643 5892.66 -4.99541 -14731.8 605.378 -22.2333 -242.643 -5892.66 4.99541 -14731.5 607.838
3.97 18.4831 193.868 5175.97 -3.39718 -12939.7 485.002 -18.4831 -193.868 -5175.97 3.39718 -12940.2 484.337
3.98 -50.8673 79.6893 4105.56 -1.35212 -10264.1 198.711 50.8673 -79.6893 -4105.56 1.35212 -10263.7 199.736
3.99 58.0765 -85.0948 2740.74 0.859836 -6851.78 -213.109 -58.0765 85.0948 -2740.74 -0.859836 -6851.92 -212.365
4 -38.2818 -237.717 1155.97 2.93188 -2889.84 -593.643 38.2818 237.717 -1155.97 -2.93188 -2890.03 -594.942
