0.01 -30.6234 -10.1789 -33.7748 -0.00359439 80.8924 -24.1987 30.6234 10.1789 33.7748 0.00359439 87.9818 -26.6956
0.02 -89.629 -70.7083 -197.698 -0.0341621 485.523 -173.644 89.629 70.7083 197.698 0.0341621 502.966 -179.897
0.03 -108.948 -246.959 -603.031 -0.16219 1496.5 -613.445 108.948 246.959 603.031 0.16219 1518.66 -621.35
0.04 -143.593 -575.885 -1325.03 -0.519817 3297.12 -1434.23 143.593 575.885 1325.03 0.519817 3328.03 -1445.2
0.05 -195.983 -999.699 -2390.38 -1.27801 5957.17 -2492.5 195.983 999.699 2390.38 1.27801 5994.75 -2505.99
0.06 -192.878 -1370.2 -3777.62 -2.58693 9423.35 -3418.15 192.878 1370.2 3777.62 2.58693 9464.73 -3432.83
0.07 -241.092 -1550.9 -5432.84 -4.50542 13557.4 -3868.46 241.092 1550.9 5432.84 4.50542 13606.7 -3886.04
0.08 -263.545 -1526.82 -7289.15 -6.95499 18197.2 -3807.87 263.545 1526.82 7289.15 6.95499 18248.5 -3826.25
0.09 -249.324 -1410 -9276.87 -9.72326 23164.5 -3515.23 249.324 1410 9276.87 9.72326 23219.8 -3534.78
0.1 -308.239 -1337.39 -11319.1 -12.5152 28268.1 -3332.86 308.239 1337.39 11319.1 12.5152 28327.2 -3354.08
0.11 -277.521 -1369.95 -13317.6 -15.0271 33265.1 -3414.56 277.521 1369.95 13317.6 15.0271 33323.1 -3435.17
0.12 -286.411 -1485.57 -15145.7 -17.0143 37833.7 -3703.05 286.411 1485.57 15145.7 17.0143 37894.9 -3724.78
0.13 -319.082 -1640.49 -16656.1 -18.3306 41610.4 -4090.51 319.082 1640.49 16656.1 18.3306 41669.9 -4111.93
0.14 -250.754 -1803.48 -17701.6 -18.9338 44225.2 -4498.56 250.754 1803.48 17701.6 18.9338 44282.8 -4518.84
0.15 -299.121 -1926.67 -18159.4 -18.8563 45369.7 -4806.34 299.121 1926.67 18159.4 18.8563 45427.3 -4827.02
0.16 -260.112 -1920.63 -17950.1 -18.1552 44849.3 -4792.33 260.112 1920.63 17950.1 18.1552 44901 -4810.81
0.17 -212.849 -1705.82 -17047.9 -16.8622 42594.8 -4255.77 212.849 1705.82 17047.9 16.8622 42644.7 -4273.32
0.18 -262.231 -1306.12 -15483.3 -14.9665 38685.7 -3257.1 262.231 1306.12 15483.3 14.9665 38730.7 -3273.49
0.19 -154.434 -870.935 -13338.2 -12.4459 33326.5 -2170.66 154.434 870.935 13338.2 12.4459 33364.6 -2184.01
0.2 -176.793 -574.059 -10732.5 -9.33144 26813.8 -1428.86 176.793 574.059 10732.5 9.33144 26848.9 -1441.44
0.21 -156.702 -476.331 -7804.86 -5.76321 19499 -1186.02 156.702 476.331 7804.86 5.76321 19525.3 -1195.63
0.22 -52.4725 -489.002 -4694.92 -1.99852 11726.9 -1218.98 52.4725 489.002 4694.92 1.99852 11747.7 -1226.03
0.23 -121.114 -469.09 -1533.31 1.63686 3825.8 -1169.87 121.114 469.09 1533.31 -1.63686 3840.76 -1175.58
0.24 -4.52923 -338.732 1557.87 4.8273 -3897.4 -845.944 4.52923 338.732 -1557.87 -4.8273 -3891.93 -847.715
0.25 10.5833 -110.275 4457.29 7.3383 -11143.9 -275.517 -10.5833 110.275 -4457.29 -7.3383 -11142.6 -275.859
0.26 -14.7563 177.827 7040.83 9.05719 -17598.4 443.447 14.7563 -177.827 -7040.83 -9.05719 -17605.7 445.686
0.27 131.503 508.809 9187.96 9.9995 -22962.8 1269.24 -131.503 -508.809 -9187.96 -9.9995 -22977 1274.8
0.28 48.4571 856.692 10798.3 10.2855 -26986.5 2138.58 -48.4571 -856.692 -10798.3 -10.2855 -27005.2 2144.88
0.29 135.667 1137.18 11814 10.0911 -29521.3 2838.02 -135.667 -1137.18 -11814 -10.0911 -29548.9 2847.86
0.3 194.631 1238.56 12235.3 9.58514 -30572.9 3090.77 -194.631 -1238.56 -12235.3 -9.58514 -30603.7 3102.06
0.31 107.373 1128.64 12121.8 8.87894 -30286.3 2815.38 -107.373 -1128.64 -12121.8 -8.87894 -30322.6 2827.8
0.32 269.091 919.586 11579.6 8.01911 -28927.9 2291.22 -269.091 -919.586 -11579.6 -8.01911 -28970 2306.71
0.33 185.825 798.77 10738.9 7.02987 -26825.7 1989.37 -185.825 -798.77 -10738.9 -7.02987 -26868.7 2004.48
0.34 208.711 878.696 9731.07 5.97667 -24303.4 2188.18 -208.711 -878.696 -9731.07 -5.97667 -24352 2205.3
0.35 312.403 1114.1 8673.68 5.00316 -21659.5 2776.2 -312.403 -1114.1 -8673.68 -5.00316 -21708.8 2794.31
0.36 163.892 1362.72 7663.08 4.31166 -19132.7 3398.19 -163.892 -1362.72 -7663.08 -4.31166 -19182.7 3415.39
0.37 309.203 1512.42 6772.21 4.09721 -16904.1 3771.43 -309.203 -1512.42 -6772.21 -4.09721 -16956.9 3790.67
0.38 248.228 1540.94 6053.09 4.47418 -15107.9 3843.51 -248.228 -1540.94 -6053.09 -4.47418 -15157.5 3861.21
0.39 184.823 1472.68 5541.32 5.43094 -13828 3672.92 -184.823 -1472.68 -5541.32 -5.43094 -13878.6 3690.48
0.4 328.183 1320.38 5260.27 6.82591 -13126.5 3291.97 -328.183 -1320.38 -5260.27 -6.82591 -13174.9 3309.93
0.41 138.788 1096.78 5221.8 8.41876 -13032.5 2734.39 -138.788 -1096.78 -5221.8 -8.41876 -13076.5 2749.5
0.42 237.206 867.229 5418.02 9.92568 -13523.3 2160.19 -237.206 -867.229 -5418.02 -9.92568 -13566.9 2175.96
0.43 224.92 744.42 5806.47 11.0866 -14497.6 1854.28 -224.92 -744.42 -5806.47 -11.0866 -14534.7 1867.82
0.44 72.5089 795.951 6301.01 11.7258 -15735.7 1984.21 -72.5089 -795.951 -6301.01 -11.7258 -15769.4 1995.54
0.45 243.843 957.777 6777.81 11.7798 -16929.7 2388.76 -243.843 -957.777 -6777.81 -11.7798 -16959.4 2400.13
0.46 50.5576 1062.05 7098.52 11.2766 -17735.4 2651.45 -50.5576 -1062.05 -7098.52 -11.2766 -17757.2 2658.79
0.47 78.5039 967.656 7141.7 10.2776 -17844.7 2415.77 -78.5039 -967.656 -7141.7 -10.2776 -17863.8 2422.51
0.48 138.036 666.942 6825.3 8.81889 -17057.5 1665.01 -138.036 -666.942 -6825.3 -8.81889 -17069 1669.7
0.49 -85.5058 269.225 6112.14 6.8894 -15277.7 672.538 85.5058 -269.225 -6112.14 -6.8894 -15283 673.589
0.5 94.8913 -103.242 5003.5 4.45997 -12508 -258.708 -94.8913 103.242 -5003.5 -4.45997 -12509.5 -257.501
0.51 -56.7492 -389.61 3528.76 1.54092 -8825.61 -972.6 56.7492 389.61 -3528.76 -1.54092 -8818.19 -975.449
0.52 -112.35 -577.974 1737.3 -1.76631 -4348.64 -1442.81 112.35 577.974 -1737.3 1.76631 -4337.87 -1447.06
0.53 30.8569 -662.809 -306.146 -5.25103 756.91 -1654.43 -30.8569 662.809 306.146 5.25103 773.819 -1659.61
0.54 -228.904 -650.51 -2526.72 -8.61761 6305.08 -1621.65 228.904 650.51 2526.72 8.61761 6328.53 -1630.9
0.55 -65.1922 -602.599 -4843.06 -11.5442 12095 -1502.22 65.1922 602.599 4843.06 11.5442 12120.4 -1510.78
0.56 -132.11 -633.701 -7164.18 -13.7573 17894.2 -1578.54 132.11 633.701 7164.18 13.7573 17926.7 -1589.97
0.57 -272.178 -828.375 -9382.71 -15.0965 23439.4 -2064.38 272.178 828.375 9382.71 15.0965 23474.1 -2077.5
0.58 -51.1287 -1151.6 -11372.7 -15.5451 28413.2 -2872.86 51.1287 1151.6 11372.7 15.5451 28450.4 -2885.12
0.59 -302.336 -1456.97 -12999.7 -15.2114 32478.1 -3634.55 302.336 1456.97 12999.7 15.2114 32520.2 -3650.32
0.6 -185.64 -1597.77 -14145.1 -14.2719 35342.4 -3987.23 185.64 1597.77 14145.1 14.2719 35383.2 -4001.62
0.61 -138.209 -1533.46 -14734 -12.9035 36812.8 -3826.04 138.209 1533.46 14734 12.9035 36856.9 -3841.24
0.62 -351.398 -1333.53 -14748.2 -11.237 36848.5 -3325.43 351.398 1333.53 14748.2 11.237 36892.7 -3342.23
0.63 -78.5745 -1097.12 -14223.2 -9.35096 35536.9 -2735.77 78.5745 1097.12 14223.2 9.35096 35579.2 -2749.82
0.64 -275.416 -888.905 -13230.2 -7.30008 33053.4 -2214.12 275.416 888.905 13230.2 7.30008 33097.6 -2230.41
0.65 -236.07 -745.814 -11856.3 -5.15991 29620.9 -1857.3 236.07 745.814 11856.3 5.15991 29660.8 -1871.77
0.66 -66.2299 -705.422 -10191.7 -3.06305 25459.9 -1757.09 66.2299 705.422 10191.7 3.06305 25498.7 -1770.02
0.67 -329.885 -785.364 -8323.9 -1.20493 20791.3 -1956.24 329.885 785.364 8323.9 1.20493 20828.2 -1970.58
0.68 -48.9702 -928.29 -6336.66 0.191862 15826.1 -2315.62 48.9702 928.29 6336.66 -0.191862 15857.2 -2325.83
0.69 -153.025 -999.891 -4312.37 0.946015 10765.8 -2494.28 153.025 999.891 4312.37 -0.946015 10796 -2505.17
0.7 -214.874 -880.593 -2336.01 0.989271 5827.98 -2196.86 214.874 880.593 2336.01 -0.989271 5852.05 -2206.11
0.71 60.6388 -573.768 -496.494 0.403897 1231.55 -1431.55 -60.6388 573.768 496.494 -0.403897 1250.92 -1437.29
0.72 -221.327 -213.96 1116.98 -0.596648 -2800.77 -531.375 221.327 213.96 -1116.98 0.596648 -2784.12 -538.424
0.73 14.0498 42.0428 2426.75 -1.73448 -6071.18 106.385 -14.0498 -42.0428 -2426.75 1.73448 -6062.55 103.829
0.74 27.3133 132.868 3384.61 -2.74713 -8464.54 333.073 -27.3133 -132.868 -3384.61 2.74713 -8458.52 331.266
0.75 -146.005 107.588 3985.76 -3.44569 -9964.48 269.531 146.005 -107.588 -3985.76 3.44569 -9964.3 268.409
0.76 195.976 47.6878 4271.6 -3.73502 -10675.9 117.465 -195.976 -47.6878 -4271.6 3.73502 -10682.1 120.974
0.77 -65.4556 2.22076 4319.85 -3.60028 -10795.5 4.51626 65.4556 -2.22076 -4319.85 3.60028 -10803.8 6.58755
0.78 71.9282 1.43759 4223.6 -3.07226 -10551.1 0.726401 -71.9282 -1.43759 -4223.6 3.07226 -10567 6.46155
0.79 209.38 97.2244 4068.98 -2.18464 -10163.1 239.312 -209.38 -97.2244 -4068.98 2.18464 -10181.8 246.81
0.8 -66.3948 341.924 3920.79 -0.939955 -9790.86 851.507 66.3948 -341.924 -3920.79 0.939955 -9813.08 858.111
0.81 287.51 709.58 3819.14 0.694885 -9533.72 1768.31 -287.51 -709.58 -3819.14 -0.694885 -9561.98 1779.59
0.82 88.0401 1062.87 3787.05 2.75137 -9453.45 2652.38 -88.0401 -1062.87 -3787.05 -2.75137 -9481.79 2661.99
0.83 88.0725 1237.35 3843.25 5.19492 -9591.5 3087.66 -88.0725 -1237.35 -3843.25 -5.19492 -9624.75 3099.07
0.84 337.961 1178.31 4009.79 7.87301 -10007 2938.93 -337.961 -1178.31 -4009.79 -7.87301 -10042 2952.63
0.85 -9.63989 990.133 4310.15 10.5161 -10758 2469.83 9.63989 -990.133 -4310.15 -10.5161 -10792.8 2480.84
0.86 296.426 842.671 4759.99 12.7995 -11880.6 2099.3 -296.426 -842.671 -4759.99 -12.7995 -11919.4 2114.05
0.87 197.371 831.656 5354.63 14.4336 -13368.4 2072.65 -197.371 -831.656 -5354.63 -14.4336 -13404.8 2085.63
0.88 43.5817 931.046 6060.71 15.2368 -15133.1 2321.44 -43.5817 -931.046 -6060.71 -15.2368 -15170.4 2333.79
0.89 377.012 1061.74 6815.93 15.1629 -17021.1 2646.94 -377.012 -1061.74 -6815.93 -15.1629 -17058.6 2661.77
0.9 7.42575 1173.2 7534.94 14.2856 -18820.7 2927.69 -7.42575 -1173.2 -7534.94 -14.2856 -18854.1 2938.33
0.91 211.497 1243.8 8121.89 12.7574 -20287.4 3103.09 -211.497 -1243.8 -8121.89 -12.7574 -20322 3115.89
0.92 241.677 1228.93 8488.76 10.7598 -21206.8 3066.65 -241.677 -1228.93 -8488.76 -10.7598 -21237 3078
0.93 -54.2974 1059.27 8573.35 8.45586 -21419.8 2644.01 54.2974 -1059.27 -8573.35 -8.45586 -21447 2652.35
0.94 320.046 719.3 8350.18 5.9582 -20862.4 1792.84 -320.046 -719.3 -8350.18 -5.9582 -20888.5 1803.66
0.95 -9.82762 313.716 7828.52 3.33334 -19561.6 781.307 9.82762 -313.716 -7828.52 -3.33334 -19581 787.274
0.96 53.0773 19.3056 7036.35 0.643623 -17581.8 45.095 -53.0773 -19.3056 -7036.35 -0.643623 -17599.9 51.4333
0.97 224.942 -53.7341 6001.56 -1.9969 -14997.3 -137.236 -224.942 53.7341 -6001.56 1.9969 -15010.5 -131.435
0.98 -174.097 45.8737 4743.47 -4.39496 -11854.9 114.151 174.097 -45.8737 -4743.47 4.39496 -11862.4 115.217
0.99 189.731 160.18 3277.89 -6.30734 -8191.69 398.703 -189.731 -160.18 -3277.89 6.30734 -8197.74 402.196
1 -38.0158 158.479 1631.29 -7.51627 -4078.9 396.644 38.0158 -158.479 -1631.29 7.51627 -4077.55 395.75
1.01 -134.038 20.984 -146.69 -7.90863 364.738 53.5287 134.038 -20.984 146.69 7.90863 368.71 51.3916
1.02 170.306 -194.538 -1981.67 -7.51778 4950.33 -485.742 -170.306 194.538 1981.67 7.51778 4958 -486.948
1.03 -271.511 -432.111 -3781.94 -6.51272 9447.78 -1076.96 271.511 432.111 3781.94 6.51272 9461.89 -1083.6
1.04 27.7404 -660.125 -5449.89 -5.14779 13617.4 -1648.16 -27.7404 660.125 5449.89 5.14779 13632.1 -1652.46
1.05 -47.3731 -832.499 -6896.06 -3.69639 17229.9 -2077.7 47.3731 832.499 6896.06 3.69639 17250.4 -2084.8
1.06 -295.928 -875.172 -8052.79 -2.38882 20120.4 -2183.16 295.928 875.172 8052.79 2.38882 20143.6 -2192.7
1.07 107.905 -748.362 -8884.55 -1.36999 22199.3 -1867.47 -107.905 748.362 8884.55 1.36999 22223.5 -1874.34
1.08 -305.791 -520.397 -9391.34 -0.690889 23463.6 -1295.05 305.791 520.397 9391.34 0.690889 23493.1 -1306.94
1.09 -120.701 -349.728 -9599.55 -0.338426 23984.7 -869.434 120.701 349.728 9599.55 0.338426 24013.1 -879.208
1.1 -15.8221 -367.63 -9543.45 -0.289319 23843.1 -913.973 15.8221 367.63 9543.45 0.289319 23874.1 -924.175
1.11 -387.267 -572.27 -9249.4 -0.556044 23107.1 -1424 387.267 572.27 9249.4 0.556044 23139.9 -1437.35
1.12 61.5851 -839.807 -8731.43 -1.19403 21813.4 -2094.96 -61.5851 839.807 8731.43 1.19403 21843.8 -2104.08
1.13 -254.974 -1033.07 -7999.79 -2.26316 19982.8 -2576.28 254.974 1033.07 7999.79 2.26316 20016.2 -2589.08
1.14 -221.622 -1091.84 -7076.75 -3.76633 17676.6 -2723.98 221.622 1091.84 7076.75 3.76633 17707.1 -2735.2
1.15 60.2713 -1029.67 -6007.27 -5.60074 15003.5 -2569.66 -60.2713 1029.67 6007.27 5.60074 15032.9 -2578.7
1.16 -385.212 -879.24 -4858.47 -7.54949 12131.2 -2191.85 385.212 879.24 4858.47 7.54949 12161.1 -2204.35
1.17 39.8256 -672.546 -3710.04 -9.31934 9262.82 -1677.68 -39.8256 672.546 3710.04 9.31934 9287.38 -1685.04
1.18 -124.392 -469.232 -2639.06 -10.6108 6585.21 -1168.51 124.392 469.232 2639.06 10.6108 6610.1 -1177.65
1.19 -261.299 -362.136 -1704.11 -11.1955 4249.72 -901.067 261.299 362.136 1704.11 11.1955 4270.84 -909.614
1.2 162.926 -413.168 -935.168 -10.9721 2329.55 -1030.85 -162.926 413.168 935.168 10.9721 2346.29 -1034.99
1.21 -294.971 -575.484 -331.252 -9.97873 819.953 -1434.91 294.971 575.484 331.252 9.97873 836.309 -1442.51
1.22 34.1553 -701.242 132.536 -8.35848 -336.171 -1751.81 -34.1553 701.242 -132.536 8.35848 -326.509 -1754.4
1.23 54.4395 -650.307 489.766 -6.29437 -1228.35 -1624.6 -54.4395 650.307 -489.766 6.29437 -1220.48 -1626.94
1.24 -246.899 -399.552 767.988 -3.94839 -1922.23 -997.277 246.899 399.552 -767.988 3.94839 -1917.71 -1000.48
1.25 258.165 -46.7168 981.832 -1.43201 -2453.76 -118.065 -258.165 46.7168 -981.832 1.43201 -2455.4 -115.519
1.26 -145.798 282.676 1135.23 1.1833 -2837.06 707.031 145.798 -282.676 -1135.23 -1.1833 -2839.07 706.347
1.27 25.1768 518.959 1231.76 3.82896 -3075.32 1295.86 -25.1768 -518.959 -1231.76 -3.82896 -3083.49 1298.93
1.28 233.927 648.576 1286.78 6.39864 -3211.46 1618.89 -233.927 -648.576 -1286.78 -6.39864 -3222.45 1623.99
1.29 -199.533 669.362 1333.71 8.72495 -3328.02 1672.15 199.533 -669.362 -1333.71 -8.72495 -3340.55 1674.66
1.3 308.23 585.171 1422.69 10.5881 -3547.42 1458.7 -308.23 -585.171 -1422.69 -10.5881 -3566.05 1467.16
1.31 20.3711 449.488 1610.3 11.7609 -4016.67 1120.88 -20.3711 -449.488 -1610.3 -11.7609 -4034.85 1126.56
1.32 -6.72842 378.251 1941.7 12.0793 -4843.23 942.005 6.72842 -378.251 -1941.7 -12.0793 -4865.26 949.248
1.33 365.656 475.079 2433.9 11.5094 -6072.38 1182.41 -365.656 -475.079 -2433.9 -11.5094 -6097.13 1192.98
1.34 -143.291 727.419 3068.51 10.1756 -7659.5 1815.37 143.291 -727.419 -3068.51 -10.1756 -7683.07 1821.72
1.35 285.742 991.82 3797.25 8.32704 -9479.1 2473.86 -285.742 -991.82 -3797.25 -8.32704 -9507.13 2485.24
1.36 163.068 1102.88 4559.05 6.25932 -11384.4 2752.53 -163.068 -1102.88 -4559.05 -6.25932 -11410.8 2761.9
1.37 -70.6779 1004.35 5298.65 4.23017 -13233.2 2506.75 70.6779 -1004.35 -5298.65 -4.23017 -13260 2515
1.38 415.39 774.537 5975.52 2.41023 -14924.4 1930.18 -415.39 -774.537 -5975.52 -2.41023 -14953.2 1942.51
1.39 -94.9572 535.764 6562.67 0.881943 -16394.2 1335.91 94.9572 -535.764 -6562.67 -0.881943 -16419.1 1342.91
1.4 184.521 358.888 7038.73 -0.328941 -17583.4 892.084 -184.521 -358.888 -7038.73 0.328941 -17610.2 902.355
1.41 255.08 257.695 7378.74 -1.21382 -18434.7 639.543 -255.08 -257.695 -7378.74 1.21382 -18459 648.933
1.42 -159.05 243.385 7549 -1.7502 -18861.9 605.618 159.05 -243.385 -7549 1.7502 -18883.1 611.307
1.43 372.741 338.473 7506.75 -1.8877 -18755.8 841.169 -372.741 -338.473 -7506.75 1.8877 -18778 851.196
1.44 -58.4513 519.679 7204.58 -1.55917 -18003.2 1296.94 58.4513 -519.679 -7204.58 1.55917 -18019.7 1301.45
1.45 23.1119 674.623 6602.62 -0.721367 -16498.6 1683.77 -23.1119 -674.623 -6602.62 0.721367 -16514.5 1689.34
1.46 288.105 660.827 5685.86 0.587077 -14208 1648.97 -288.105 -660.827 -5685.86 -0.587077 -14221.3 1655.17
1.47 -248.334 432.191 4477.34 2.20365 -11189.4 1080.18 248.334 -432.191 -4477.34 -2.20365 -11197.3 1080.78
1.48 252.663 99.2529 3040.16 3.85225 -7596.34 245.754 -252.663 -99.2529 -3040.16 -3.85225 -7604.46 250.51
1.49 -25.7894 -154.015 1464.14 5.21297 -3659.26 -385.109 25.7894 154.015 -1464.14 -5.21297 -3661.44 -384.965
1.5 -160.186 -220.14 -157.219 6.01844 392.935 -549.854 160.186 220.14 157.219 -6.01844 393.158 -550.845
1.51 271.118 -136.635 -1744.99 6.12595 4361.57 -342.284 -271.118 136.635 1744.99 -6.12595 4363.36 -340.893
1.52 -306.817 -19.3737 -3240.43 5.53332 8097.04 -45.9062 306.817 19.3737 3240.43 -5.53332 8105.08 -50.9625
1.53 88.9016 46.5243 -4599.71 4.34393 11495.4 117.036 -88.9016 -46.5243 4599.71 -4.34393 11503.1 115.586
1.54 16.3779 39.3967 -5783.24 2.71106 14452 100.558 -16.3779 -39.3967 5783.24 -2.71106 14464.2 96.4257
1.55 -318.933 -47.8359 -6748.06 0.788217 16862.5 -116.033 318.933 47.8359 6748.06 -0.788217 16877.8 -123.147
1.56 223.055 -240.492 -7447.56 -1.30226 18611.4 -599.718 -223.055 240.492 7447.56 1.30226 18626.4 -602.742
1.57 -306.219 -537.654 -7836.33 -3.47838 19580.6 -1339.58 306.219 537.654 7836.33 3.47838 19601 -1348.69
1.58 -77.6934 -850.878 -7879.85 -5.68179 19689.9 -2123.99 77.6934 850.878 7879.85 5.68179 19709.4 -2130.4
1.59 77.8195 -1029.96 -7568.17 -7.83811 18909.8 -2571.65 -77.8195 1029.96 7568.17 7.83811 18931 -2578.13
1.6 -412.681 -980.676 -6927.07 -9.81371 17305.6 -2446.31 412.681 980.676 6927.07 9.81371 17329.7 -2457.06
1.61 163.378 -757.947 -6021.57 -11.4022 15043.2 -1892.18 -163.378 757.947 6021.57 11.4022 15064.6 -1897.56
1.62 -232.855 -528.361 -4947.97 -12.3629 12357.6 -1315.88 232.855 528.361 4947.97 12.3629 12382.3 -1325.92
1.63 -211.603 -434.032 -3814.49 -12.499 9524.65 -1080.77 211.603 434.032 3814.49 12.499 9547.8 -1089.39
1.64 157.384 -493.313 -2719.28 -11.7361 6787.4 -1230.33 -157.384 493.313 2719.28 11.7361 6809.01 -1236.24
1.65 -418.798 -624.044 -1735.94 -10.1563 4328.01 -1554.69 418.798 624.044 1735.94 10.1563 4351.71 -1565.52
1.66 104.484 -737.162 -909.61 -7.97479 2264.5 -1840.42 -104.484 737.162 909.61 7.97479 2283.56 -1845.39
1.67 -94.1495 -788.266 -263.544 -5.4748 648.948 -1966.93 94.1495 788.266 263.544 5.4748 668.773 -1974.4
1.68 -291.612 -753.351 188.824 -2.93333 -481.084 -1879.55 291.612 753.351 -188.824 2.93333 -463.035 -1887.21
1.69 240.506 -599.865 435.191 -0.564754 -1094.84 -1498.36 -240.506 599.865 -435.191 0.564754 -1081.12 -1500.97
1.7 -338.223 -319.048 463.179 1.50392 -1165.41 -793.831 338.223 319.048 -463.179 -1.50392 -1150.48 -801.408
1.71 48.7605 16.3939 267.499 3.22279 -673.518 42.1109 -48.7605 -16.3939 -267.499 -3.22279 -663.976 39.8585
1.72 81.9626 262.697 -136.121 4.58061 336.307 657.912 -81.9626 -262.697 136.121 -4.58061 344.296 655.575
1.73 -313.791 306.22 -699.22 5.55711 1744.68 767.722 313.791 -306.22 699.22 -5.55711 1751.42 763.379
1.74 302.758 162.489 -1339.52 6.09354 3348.37 405.151 -302.758 -162.489 1339.52 -6.09354 3349.23 407.293
1.75 -193.655 -32.9316 -1951.31 6.10234 4877.51 -81.1622 193.655 32.9316 1951.31 -6.10234 4879.03 -83.4959
1.76 -9.04156 -135.247 -2424.6 5.51475 6063.06 -338.815 9.04156 135.247 2424.6 -5.51475 6059.93 -337.423
1.77 254.584 -90.6506 -2665.92 4.34101 6667.88 -228.416 -254.584 90.6506 2665.92 -4.34101 6661.71 -224.837
1.78 -288.37 61.9525 -2612.59 2.70958 6534.5 154.994 288.37 -61.9525 2612.59 -2.70958 6528.44 154.769
1.79 318.227 258.077 -2239.53 0.862586 5604.79 641.934 -318.227 -258.077 2239.53 -0.862586 5592.86 648.448
1.8 -21.3879 449.819 -1558.96 -0.893435 3903.07 1123.05 21.3879 -449.819 1558.96 0.893435 3891.72 1126.05
1.81 -75.684 589.084 -611.601 -2.26374 1535.96 1470.56 75.684 -589.084 611.601 2.26374 1522.05 1474.86
1.82 381.755 611.786 546.998 -3.04073 -1358.8 1525.33 -381.755 -611.786 -546.998 3.04073 -1376.19 1533.6
1.83 -232.602 481.483 1859.04 -3.1501 -4639.88 1202.2 232.602 -481.483 -1859.04 3.1501 -4655.34 1205.22
1.84 269.531 255.898 3269.87 -2.64884 -8164.75 635.336 -269.531 -255.898 -3269.87 2.64884 -8184.62 644.153
1.85 140.022 82.0708 4721.05 -1.67719 -11793.1 201.845 -140.022 -82.0708 -4721.05 1.67719 -11812.2 208.509
1.86 -152.632 93.0961 6136.36 -0.38972 -15331.5 230.164 152.632 -93.0961 -6136.36 0.38972 -15350.3 235.317
1.87 432.656 297.707 7414.88 1.09799 -18526.3 739.136 -432.656 -297.707 -7414.88 -1.09799 -18548.1 749.396
1.88 -162.934 575.55 8438.88 2.72115 -21088.1 1436.76 162.934 -575.55 -8438.88 -2.72115 -21106.3 1440.99
1.89 155.674 781.253 9095.05 4.43719 -22727.5 1949.06 -155.674 -781.253 -9095.05 -4.43719 -22747.7 1957.21
1.9 260.264 847.018 9299.5 6.18068 -23239.1 2113.7 -260.264 -847.018 -9299.5 -6.18068 -23258.4 2121.39
1.91 -231.761 789.79 9013.7 7.82933 -22526.2 1972.71 231.761 -789.79 -9013.7 -7.82933 -22542.3 1976.24
1.92 396.119 648.61 8247.5 9.1978 -20609.6 1617 -396.119 -648.61 -8247.5 -9.1978 -20627.9 1626.05
1.93 -89.6117 449.784 7054.39 10.0631 -17629.2 1122.86 89.6117 -449.784 -7054.39 -10.0631 -17642.8 1126.06
1.94 -5.31174 237.268 5521.93 10.2166 -13798.3 590.834 5.31174 -237.268 -5521.93 -10.2166 -13811.4 595.506
1.95 323.702 99.9072 3758.29 9.53061 -9389.51 246.711 -323.702 -99.9072 -3758.29 -9.53061 -9401.94 252.825
1.96 -295.665 121.107 1877.23 8.01501 -4689.46 302.755 295.665 -121.107 -1877.23 -8.01501 -4696.7 302.782
1.97 282.887 284.121 -15.9283 5.83316 44.0924 707.674 -282.887 -284.121 15.9283 -5.83316 35.5489 712.933
1.98 -15.5175 447.538 -1830.45 3.25973 4578.18 1118.52 15.5175 -447.538 1830.45 -3.25973 4574.1 1119.17
1.99 -180.087 445.427 -3484.02 0.595586 8710.83 1113.78 180.087 -445.427 3484.02 -0.595586 8709.26 1113.36
2 330.258 225.829 -4892.25 -1.91671 12231.5 563.113 -330.258 -225.829 4892.25 1.91671 12229.8 566.035
2.01 -322.686 -111.154 -5965.91 -4.13339 14912.7 -275.874 322.686 111.154 5965.91 4.13339 14916.8 -279.897
2.02 121.308 -409.44 -6621.58 -5.9938 16552.2 -1023.77 -121.308 409.44 6621.58 5.9938 16555.7 -1023.43
2.03 60.9123 -579.319 -6803.73 -7.47272 17006.1 -1447.23 -60.9123 579.319 6803.73 7.47272 17012.6 -1449.37
2.04 -328.929 -625.286 -6505.66 -8.53646 16259.1 -1560.51 328.929 625.286 6505.66 8.53646 16269.2 -1565.92
2.05 291.376 -581.857 -5776.59 -9.12421 14437.2 -1454.41 -291.376 581.857 5776.59 9.12421 14445.8 -1454.87
2.06 -294.864 -463.32 -4713.96 -9.15608 11778.1 -1154.78 294.864 463.32 4713.96 9.15608 11791.7 -1161.82
2.07 -51.6719 -292.814 -3445.95 -8.56097 8608.26 -730.01 51.6719 292.814 3445.95 8.56097 8621.52 -734.058
2.08 140.54 -152.366 -2110.33 -7.31867 5268.89 -379.008 -140.54 152.366 2110.33 7.31867 5282.76 -382.822
2.09 -416.92 -154.521 -836.227 -5.50582 2081.77 -381.96 416.92 154.521 836.227 5.50582 2099.37 -390.643
2.1 223.369 -336.53 268.612 -3.32183 -678.884 -839.973 -223.369 336.53 -268.612 3.32183 -664.177 -842.678
2.11 -205.735 -593.437 1125.05 -1.06774 -2821.53 -1479.69 205.735 593.437 -1125.05 1.06774 -2803.7 -1487.5
2.12 -200.959 -744.069 1681.47 0.927399 -4212.43 -1856.89 200.959 744.069 -1681.47 -0.927399 -4194.91 -1863.45
2.13 218.856 -679.662 1906.77 2.40208 -4774.65 -1697.38 -218.856 679.662 -1906.77 -2.40208 -4759.22 -1700.93
2.14 -423.708 -448.14 1784.03 3.22985 -4469.34 -1115.72 423.708 448.14 -1784.03 -3.22985 -4450.82 -1124.98
2.15 141.066 -195.194 1309.03 3.42516 -3279.89 -486.425 -141.066 195.194 -1309.03 -3.42516 -3265.26 -489.545
2.16 -64.9249 -36.8373 496.765 3.09451 -1249.54 -89.1063 64.9249 36.8373 -496.765 -3.09451 -1234.29 -95.0802
2.17 -301.808 2.78105 -605.891 2.3699 1507.15 10.295 301.808 -2.78105 605.891 -2.3699 1522.31 3.61024
2.18 284.157 -49.7989 -1910.73 1.36076 4771.4 -123.812 -284.157 49.7989 1910.73 -1.36076 4782.23 -125.182
2.19 -348.785 -176.421 -3289.27 0.138638 8216.71 -437.493 348.785 176.421 3289.27 -0.138638 8229.62 -444.614
2.2 54.1008 -358.565 -4586.89 -1.25018 11462.8 -895.502 -54.1008 358.565 4586.89 1.25018 11471.7 -897.325
2.21 102.404 -526.896 -5648.8 -2.75499 14118.4 -1316.2 -102.404 526.896 5648.8 2.75499 14125.6 -1318.28
2.22 -344.003 -566.236 -6348.21 -4.28448 15866.7 -1413.2 344.003 566.236 6348.21 4.28448 15874.3 -1417.98
2.23 319.677 -406.237 -6604.73 -5.68001 16510.8 -1016.56 -319.677 406.237 6604.73 5.68001 16512.9 -1014.62
2.24 -210.81 -107.209 -6388.76 -6.72001 15970.3 -266.449 210.81 107.209 6388.76 6.72001 15973.5 -269.595
2.25 -33.1654 166.192 -5713.13 -7.16773 14282.8 415.301 33.1654 -166.192 5713.13 7.16773 14282.9 415.66
2.26 261.349 273.2 -4619.19 -6.84879 11549.6 681.703 -261.349 -273.2 4619.19 6.84879 11546.3 684.297
2.27 -331.112 202.721 -3167.02 -5.72135 7918.53 507.733 331.112 -202.721 3167.02 5.72135 7916.56 505.874
2.28 309.053 57.9269 -1431.93 -3.89997 3583.46 142.281 -309.053 -57.9269 1431.93 3.89997 3576.17 147.354
2.29 -41.5532 -46.0929 496.572 -1.62079 -1237.97 -115.861 41.5532 46.0929 -496.572 1.62079 -1244.89 -114.604
2.3 -118.771 -56.0312 2514.27 0.83212 -6281.61 -141.216 118.771 56.0312 -2514.27 -0.83212 -6289.76 -138.941
2.31 376.505 31.4578 4502.01 3.20302 -11248.9 75.3882 -376.505 -31.4578 -4502.01 -3.20302 -11261.1 81.9008
2.32 -275.946 211.752 6327.23 5.31337 -15813.2 528.974 275.946 -211.752 -6327.23 -5.31337 -15823 529.788
2.33 243.074 467.415 7849.06 7.07075 -19615.8 1165.14 -243.074 -467.415 -7849.06 -7.07075 -19629.5 1171.94
2.34 123.251 726.769 8932.84 8.44232 -22325.2 1814.58 -123.251 -726.769 -8932.84 -8.44232 -22339 1819.27
2.35 -199.209 867.613 9475.33 9.40956 -23682 2167.56 199.209 -867.613 -9475.33 -9.40956 -23694.6 2170.5
2.36 421.688 800.947 9429.52 9.92741 -23565.6 1998.14 -421.688 -800.947 -9429.52 -9.92741 -23582 2006.59
2.37 -194.525 559.9 8816.1 9.91212 -22033.7 1398.61 194.525 -559.9 -8816.1 -9.91212 -22046.8 1400.89
2.38 125.014 290.622 7714.66 9.26856 -19279.2 723.383 -125.014 -290.622 -7714.66 -9.26856 -19294 729.729
2.39 253.106 140.96 6238.71 7.94606 -15589.2 349.293 -253.106 -140.96 -6238.71 -7.94606 -15604.4 355.505
2.4 -266.626 154.3 4510.69 5.99383 -11270.8 384.776 266.626 -154.3 -4510.69 -5.99383 -11282.6 386.726
2.41 387.013 266.422 2649.63 3.58575 -6616.73 662.106 -387.013 -266.422 -2649.63 -3.58575 -6631.4 670.004
2.42 -100.979 385.927 770.077 0.999492 -1919.62 963.73 100.979 -385.927 -770.077 -0.999492 -1930.77 965.907
2.43 -27.6794 457.261 -1015.51 -1.44288 2543.95 1141.27 27.6794 -457.261 1015.51 1.44288 2533.6 1145.03
2.44 329.228 452.329 -2597.39 -3.45169 6499.06 1127.99 -329.228 -452.329 2597.39 3.45169 6487.88 1133.66
2.45 -308.792 340.774 -3874.18 -4.83735 9688.58 852.137 308.792 -340.774 3874.18 4.83735 9682.3 851.733
2.46 281.207 110.42 -4758.99 -5.54446 11901.5 273.461 -281.207 -110.42 4758.99 5.54446 11893.5 278.638
2.47 -5.07435 -176.957 -5184.96 -5.63812 12964.9 -442.822 5.07435 176.957 5184.96 5.63812 12959.9 -441.964
2.48 -186.322 -383.285 -5115.5 -5.24829 12789.9 -958.138 186.322 383.285 5115.5 5.24829 12787.7 -958.287
2.49 346.761 -386.75 -4559.25 -4.50035 11399.9 -968.684 -346.761 386.75 4559.25 4.50035 11396.3 -965.065
2.5 -312.153 -191.364 -3581.77 -3.47029 8953.6 -476.798 312.153 191.364 3581.77 3.47029 8955.25 -480.022
2.51 128.614 64.5517 -2304.54 -2.1886 5760.83 160.731 -128.614 -64.5517 2304.54 2.1886 5761.89 162.027
2.52 87.2997 218.943 -884.704 -0.68473 2210.46 547.78 -87.2997 -218.943 884.704 0.68473 2213.06 546.934
2.53 -317.854 206.065 517.42 0.961247 -1296.84 517.233 317.854 -206.065 -517.42 -0.961247 -1290.26 513.093
2.54 312.784 72.5137 1765.57 2.59291 -4416.15 180.755 -312.784 -72.5137 -1765.57 -2.59291 -4411.67 181.814
2.55 -266.926 -101.946 2759.2 3.99082 -6902.39 -252.17 266.926 101.946 -2759.2 -3.99082 -6893.58 -257.558
2.56 -37.8644 -270.797 3430.36 4.91659 -8580.43 -675.764 37.8644 270.797 -3430.36 -4.91659 -8571.38 -678.22
2.57 171.622 -406.907 3733.63 5.17135 -9338.37 -1016.27 -171.622 406.907 -3733.63 -5.17135 -9329.78 -1018.26
2.58 -393.52 -459.758 3640.14 4.65383 -9106.71 -1145.93 393.52 459.758 -3640.14 -4.65383 -9093.98 -1152.87
2.59 241.548 -374.4 3139.3 3.401 -7853.26 -935.507 -241.548 374.4 -3139.3 -3.401 -7843.26 -936.492
2.6 -172.21 -170.45 2243.85 1.59047 -5615.85 -423.135 172.21 170.45 -2243.85 -1.59047 -5603.4 -429.114
2.61 -185.504 22.2857 995.806 -0.507391 -2496.15 58.1984 185.504 -22.2857 -995.806 0.507391 -2482.88 53.2302
2.62 241.962 45.8599 -528.241 -2.61372 1315.25 115.61 -241.962 -45.8599 528.241 2.61372 1325.95 113.69
2.63 -396.626 -148.624 -2216.03 -4.52061 5532.97 -367.704 396.626 148.624 2216.03 4.52061 5547.17 -375.415
2.64 149.084 -449.883 -3924.29 -6.12252 9805.13 -1123.78 -149.084 449.883 3924.29 6.12252 9816.33 -1125.63
2.65 -38.935 -679.393 -5492.06 -7.38794 13724.5 -1696.16 38.935 679.393 5492.06 7.38794 13735.8 -1700.8
2.66 -289.424 -733.174 -6763.95 -8.29969 16903.6 -1830.1 289.424 733.174 6763.95 8.29969 16916.1 -1835.77
2.67 289.632 -632.636 -7616 -8.80823 19035.8 -1581.32 -289.632 632.636 7616 8.80823 19044.2 -1581.86
2.68 -326.935 -456.975 -7974.64 -8.8249 19931.3 -1139.28 326.935 456.975 7974.64 8.8249 19941.9 -1145.59
2.69 49.1573 -259.631 -7822.72 -8.25109 19552.8 -648.347 -49.1573 259.631 7822.72 8.25109 19560.8 -649.807
2.7 110.801 -65.2997 -7190.11 -7.02297 17972.3 -162.39 -110.801 65.2997 7190.11 7.02297 17978.2 -164.108
2.71 -337.105 78.6158 -6134.87 -5.15429 15333.4 198.871 337.105 -78.6158 6134.87 5.15429 15340.9 194.208
2.72 304.245 98.1057 -4727.15 -2.76701 11816.6 244.42 -304.245 -98.1057 4727.15 2.76701 11819.2 246.108
2.73 -200.437 -30.8489 -3042.55 -0.096908 7604.55 -75.4638 200.437 30.8489 3042.55 0.096908 7608.19 -78.7808
2.74 -48.3426 -215.004 -1166.01 2.54002 2914 -537.375 48.3426 215.004 1166.01 -2.54002 2916.03 -537.644
2.75 248.185 -288.824 798.942 4.82136 -1996.55 -723.008 -248.185 288.824 -798.942 -4.82136 -1998.16 -721.113
2.76 -328.905 -150.618 2726.86 6.50618 -6817.37 -375.238 328.905 150.618 -2726.86 -6.50618 -6816.95 -377.852
2.77 276.959 144.994 4478.8 7.49257 -11195 360.548 -276.959 -144.994 -4478.8 -7.49257 -11199 364.419
2.78 -44.7081 434.918 5918.93 7.81407 -14795.2 1087.17 44.7081 -434.918 -5918.93 -7.81407 -14799.4 1087.42
2.79 -136.652 583.224 6934.16 7.58223 -17333.3 1457.58 136.652 -583.224 -6934.16 -7.58223 -17337.5 1458.54
2.8 344.72 566.318 7450.72 6.915 -18622.6 1413.27 -344.72 -566.318 -7450.72 -6.915 -18631 1418.32
2.81 -275.135 441.796 7443.81 5.89213 -18606.5 1104.71 275.135 -441.796 -7443.81 -5.89213 -18612.5 1104.27
2.82 204.678 269.494 6941.87 4.55409 -17350.2 671.181 -204.678 -269.494 -6941.87 -4.55409 -17359.2 676.288
2.83 108.493 86.8907 6023 2.93304 -15052.5 215.588 -108.493 -86.8907 -6023 -2.93304 -15062.5 218.866
2.84 -210.101 -54.5971 4799.78 1.09357 -11995.4 -137.234 210.101 54.5971 -4799.78 -1.09357 -12003.5 -135.752
2.85 379.692 -76.9306 3396.2 -0.835735 -8484.45 -195.716 -379.692 76.9306 -3396.2 0.835735 -8496.54 -188.937
2.86 -191.271 63.4066 1925.91 -2.65359 -4810 157.98 191.271 -63.4066 -1925.91 2.65359 -4819.54 159.052
2.87 93.3817 302.752 482.055 -4.11021 -1199.92 754.477 -93.3817 -302.752 -482.055 4.11021 -1210.35 759.281
2.88 231.061 487.764 -856.023 -4.96508 2146.05 1216.94 -231.061 -487.764 856.023 4.96508 2134.06 1221.88
2.89 -262.292 490.856 -2008.64 -5.06085 5025.86 1226.67 262.292 -490.856 2008.64 5.06085 5017.36 1227.61
2.9 345.715 314.521 -2890.49 -4.38044 7231.94 783.008 -345.715 -314.521 2890.49 4.38044 7220.53 789.598
2.91 -93.2142 80.2244 -3420.62 -3.05646 8556.1 199.808 93.2142 -80.2244 3420.62 3.05646 8546.98 201.314
2.92 -40.9823 -79.0047 -3542.65 -1.32648 8860.51 -198.972 40.9823 79.0047 3542.65 1.32648 8852.73 -196.051
2.93 304.516 -107.606 -3243.29 0.543586 8113.08 -271.501 -304.516 107.606 3243.29 -0.543586 8103.38 -266.527
2.94 -285.731 -24.0507 -2558.13 2.33156 6397.97 -59.8445 285.731 24.0507 2558.13 -2.33156 6392.68 -60.4092
2.95 250.655 133.562 -1565.78 3.89747 3917.86 331.585 -250.655 -133.562 1565.78 -3.89747 3911.06 336.226
2.96 5.88259 327.195 -377.581 5.17891 946.611 817.503 -5.88259 -327.195 377.581 -5.17891 941.296 818.471
2.97 -174.836 491.373 875.922 6.15332 -2188.71 1228.44 174.836 -491.373 -875.922 -6.15332 -2190.9 1228.42
2.98 322.656 529.001 2062.23 6.78957 -5153.42 1320.67 -322.656 -529.001 -2062.23 -6.78957 -5157.73 1324.34
2.99 -273.362 376.618 3066.41 7.0152 -7666.05 942.773 273.362 -376.618 -3066.41 -7.0152 -7666.02 940.318
3 115.382 82.4306 3807.82 6.7205 -9519.5 205.261 -115.382 -82.4306 -3807.82 -6.7205 -9519.6 206.892
3.01 96.5835 -202.172 4244.18 5.80205 -10610.5 -505.415 -96.5835 202.172 -4244.18 -5.80205 -10610.4 -505.447
3.02 -282.108 -332.369 4359.78 4.2258 -10901.6 -829.374 282.108 332.369 -4359.78 -4.2258 -10897.3 -832.473
3.03 290.65 -279.651 4148.8 2.07617 -10373 -699.987 -290.65 279.651 -4148.8 -2.07617 -10371 -698.268
3.04 -221.481 -135.16 3607.2 -0.436315 -9020.63 -335.918 221.481 135.16 -3607.2 0.436315 -9015.37 -339.879
3.05 -31.8273 -15.8598 2739.13 -3.01381 -6850.96 -38.9173 31.8273 15.8598 -2739.13 3.01381 -6844.7 -40.3819
3.06 172.314 18.8543 1573.72 -5.33976 -3936.74 47.553 -172.314 -18.8543 -1573.72 5.33976 -3931.85 46.7183
3.07 -340.709 -34.2617 178.222 -7.15173 -450.078 -82.9703 340.709 34.2617 -178.222 7.15173 -441.033 -88.3382
3.08 221.466 -169.184 -1342.95 -8.29547 3353.97 -422.92 -221.466 169.184 1342.95 8.29547 3360.79 -422.999
3.09 -132.772 -377.011 -2861.54 -8.74397 7149.69 -940.326 132.772 377.011 2861.54 8.74397 7157.99 -944.728
3.1 -162.449 -601.572 -4244.97 -8.57436 10607.4 -1502.06 162.449 601.572 4244.97 8.57436 10617.5 -1505.8
3.11 227.74 -725.281 -5376.33 -7.91063 13437.2 -1812.74 -227.74 725.281 5376.33 7.91063 13444.4 -1813.66
3.12 -338.37 -643.843 -6169.21 -6.85887 15417.7 -1606.54 338.37 643.843 6169.21 6.85887 15428.3 -1612.68
3.13 131.216 -371.523 -6576.75 -5.47196 16437.6 -928.24 -131.216 371.523 6576.75 5.47196 16446.2 -929.374
3.14 -17.9994 -57.1152 -6593.59 -3.76563 16480 -141.052 17.9994 57.1152 6593.59 3.76563 16488 -144.524
3.15 -254.282 125.83 -6247.94 -1.7742 15614.7 316.899 254.282 -125.83 6247.94 1.7742 15624.9 312.253
3.16 257.624 112.75 -5587.06 0.39372 13964.5 281.941 -257.624 -112.75 5587.06 -0.39372 13970.8 281.81
3.17 -275.971 -24.3631 -4663.55 2.53821 11654.7 -58.2932 275.971 24.3631 4663.55 -2.53821 11663.1 -63.5224
3.18 35.0849 -167.852 -3528.08 4.40051 8816.64 -419.005 -35.0849 167.852 3528.08 -4.40051 8823.74 -420.257
3.19 104.691 -251.779 -2232.4 5.72572 5578.71 -628.769 -104.691 251.779 2232.4 -5.72572 5583.3 -630.124
3.2 -295.642 -268.411 -840.101 6.32726 2096.81 -668.951 295.642 268.411 840.101 -6.32726 2103.7 -673.106
3.21 256.98 -211.992 565.169 6.13384 -1414.35 -530.62 -256.98 211.992 -565.169 -6.13384 -1411.5 -529.34
3.22 -167.351 -61.9104 1880.7 5.20984 -4703.44 -153.277 167.351 61.9104 -1880.7 -5.20984 -4700.08 -156.275
3.23 -55.0717 161.209 2997.53 3.74184 -7495.4 403.351 55.0717 -161.209 -2997.53 -3.74184 -7492.27 402.693
3.24 213.064 350.191 3822.58 1.9873 -9556.12 874.813 -213.064 -350.191 -3822.58 -1.9873 -9556.78 876.142
3.25 -286.323 367.353 4299.7 0.197631 -10750 919.723 286.323 -367.353 -4299.7 -0.197631 -10748.4 917.041
3.26 222.623 169.997 4419.45 -1.45038 -11047.7 423.62 -222.623 -169.997 -4419.45 1.45038 -11049.5 426.363
3.27 -35.6704 -127.764 4215.22 -2.87627 -10536.7 -319.312 35.6704 127.764 -4215.22 2.87627 -10539.3 -319.506
3.28 -131.178 -336.556 3748.45 -4.0598 -9370.36 -841.463 131.178 336.556 -3748.45 4.0598 -9371.9 -841.316
3.29 285.897 -342.575 3090.73 -4.97572 -7723.98 -858.312 -285.897 342.575 -3090.73 4.97572 -7729.68 -854.561
3.3 -235.541 -179.089 2311.51 -5.54775 -5776.96 -447.27 235.541 179.089 -2311.51 5.54775 -5780.61 -448.175
3.31 155.45 38.0064 1472.33 -5.65256 -3678.05 93.206 -155.45 -38.0064 -1472.33 5.65256 -3683.59 96.8259
3.32 92.5131 220.095 625.497 -5.16726 -1560.06 549.079 -92.5131 -220.095 -625.497 5.16726 -1567.43 551.397
3.33 -187.993 341.269 -182.621 -4.02889 459.063 852.857 187.993 -341.269 182.621 4.02889 454.041 853.485
3.34 308.387 391.03 -905.781 -2.27768 2268.79 974.996 -308.387 -391.03 905.781 2.27768 2260.12 980.156
3.35 -157.977 340.292 -1492.31 -0.0714386 3734.29 850.468 157.977 -340.292 1492.31 0.0714386 3727.26 850.989
3.36 62.2953 183.58 -1884.01 2.33086 4713.53 457.222 -62.2953 -183.58 1884.01 -2.33086 4706.53 460.676
3.37 193.646 -0.0497486 -2026.13 4.61609 5070.02 -2.05036 -193.646 0.0497486 2026.13 -4.61609 5060.65 1.80161
3.38 -221.764 -70.4132 -1887.13 6.48876 4720.87 -176.254 221.764 70.4132 1887.13 -6.48876 4714.8 -175.812
3.39 276.162 59.0784 -1476.17 7.74556 3694.69 145.123 -276.162 -59.0784 1476.17 -7.74556 3686.16 150.269
3.4 -69.4331 329.367 -846.904 8.31784 2121.02 822.822 69.4331 -329.367 846.904 -8.31784 2113.5 824.014
3.41 -43.7079 571.897 -83.6174 8.25831 211.842 1428.66 43.7079 -571.897 83.6174 -8.25831 206.245 1430.83
3.42 252.236 643.227 723.619 7.68011 -1804.99 1606.01 -252.236 -643.227 -723.619 -7.68011 -1813.11 1610.12
3.43 -229.461 524.561 1499.35 6.68687 -3746.15 1311.61 229.461 -524.561 -1499.35 -6.68687 -3750.62 1311.19
3.44 196.606 300.186 2189.77 5.33499 -5471.73 748.584 -196.606 -300.186 -2189.77 -5.33499 -5477.12 752.347
3.45 16.5349 64.9479 2759.6 3.64479 -6896.38 161.833 -16.5349 -64.9479 -2759.6 -3.64479 -6901.64 162.907
3.46 -144.848 -128.263 3184.98 1.64487 -7961.48 -320.699 144.848 128.263 -3184.98 -1.64487 -7963.4 -320.618
3.47 263.298 -246.52 3447.08 -0.580038 -8615.57 -617.915 -263.298 246.52 -3447.08 0.580038 -8619.85 -614.683
3.48 -209.104 -249.538 3528.48 -2.86328 -8820.67 -623.039 209.104 249.538 -3528.48 2.86328 -8821.73 -624.651
3.49 87.0492 -121.93 3410.31 -4.96469 -8525.53 -305.573 -87.0492 121.93 -3410.31 4.96469 -8526.01 -304.078
3.5 90.2851 70.0724 3073.26 -6.61378 -7682.45 174.951 -90.2851 -70.0724 -3073.26 6.61378 -7683.85 175.411
3.51 -222.431 189.307 2507.29 -7.57665 -6269.51 474.351 222.431 -189.307 -2507.29 7.57665 -6266.92 472.181
3.52 231.837 127.816 1726.4 -7.72457 -4316.31 318.684 -231.837 -127.816 -1726.4 7.72457 -4315.7 320.395
3.53 -161.045 -95.7005 779.143 -7.07473 -1949.19 -237.933 161.045 95.7005 -779.143 7.07473 -1946.52 -240.57
3.54 -29.6373 -345.871 -253.952 -5.78232 632.663 -864.21 29.6373 345.871 253.952 5.78232 637.098 -865.142
3.55 146.053 -480.992 -1278.67 -4.08611 3195.45 -1202.39 -146.053 480.992 1278.67 4.08611 3197.88 -1202.57
3.56 -261.282 -451.987 -2211.69 -2.23312 5526.13 -1128.03 261.282 451.987 2211.69 2.23312 5532.34 -1131.91
3.57 169.95 -302.978 -2996.97 -0.416556 7490.05 -757.527 -169.95 302.978 2996.97 0.416556 7494.8 -757.365
3.58 -89.5064 -103.681 -3608.13 1.24913 9017.76 -257.702 89.5064 103.681 3608.13 -1.24913 9022.91 -260.701
3.59 -130.702 92.6219 -4039.67 2.71214 10095.4 232.955 130.702 -92.6219 4039.67 -2.71214 10103 230.154
3.6 180.869 232.238 -4293.44 3.94035 10731.2 580.82 -180.869 -232.238 4293.44 -3.94035 10736 580.37
3.61 -253.779 245.893 -4368.93 4.87528 10918.5 616.999 253.779 -245.893 4368.93 -4.87528 10926.1 612.467
3.62 92.7638 93.5885 -4260.04 5.40936 10646.7 234.421 -92.7638 -93.5885 4260.04 -5.40936 10653.5 233.522
3.63 -3.44852 -167.779 -3957.39 5.40394 9890.77 -418.229 3.44852 167.779 3957.39 -5.40394 9896.2 -420.667
3.64 -198.773 -389.226 -3456.86 4.74546 8638.08 -971.243 198.773 389.226 3456.86 -4.74546 8646.22 -974.886
3.65 193.324 -434.103 -2771.24 3.41318 6925.64 -1085.19 -193.324 434.103 2771.24 -3.41318 6930.54 -1085.32
3.66 -202.093 -289.788 -1938.74 1.52109 4843.73 -722.502 202.093 289.788 1938.74 -1.52109 4849.95 -726.438
3.67 14.5804 -72.5463 -1023.82 -0.691393 2556.42 -180.749 -14.5804 72.5463 1023.82 0.691393 2562.68 -181.982
3.68 83.9922 77.5304 -107.6 -2.91624 267.298 194.343 -83.9922 -77.5304 107.6 2.91624 270.7 193.309
3.69 -225.282 99.8628 730.119 -4.85385 -1828.25 251.339 225.282 -99.8628 -730.119 4.85385 -1822.34 247.975
3.7 182.949 19.5648 1428.25 -6.27915 -3572.1 48.5767 -182.949 -19.5648 -1428.25 6.27915 -3569.15 49.2475
3.71 -117.857 -117.72 1954.34 -7.07783 -4887.18 -293.138 117.857 117.72 -1954.34 7.07783 -4884.49 -295.461
3.72 -53.7281 -282.653 2304.43 -7.24766 -5762.89 -706.173 53.7281 282.653 -2304.43 7.24766 -5759.27 -707.095
3.73 157.683 -431.6 2492.54 -6.86758 -6231.3 -1079.41 -157.683 431.6 -2492.54 6.86758 -6231.39 -1078.59
3.74 -211.278 -477.515 2535.23 -6.04441 -6339.05 -1192.67 211.278 477.515 -2535.23 6.04441 -6337.11 -1194.91
3.75 150.484 -338.995 2440.2 -4.85907 -6100.43 -848.292 -150.484 338.995 -2440.2 4.85907 -6100.56 -846.681
3.76 -19.3033 -35.8242 2203.7 -3.34271 -5508.39 -89.4481 19.3033 35.8242 -2203.7 3.34271 -5510.12 -89.6728
3.77 -105.634 284.622 1819.37 -1.5014 -4548.46 711.701 105.634 -284.622 -1819.37 1.5014 -4548.39 711.407
3.78 203.848 447.175 1294.19 0.622966 -3233.65 1116.67 -203.848 -447.175 -1294.19 -0.622966 -3237.31 1119.21
3.79 -165.73 389.59 660.589 2.89696 -1650.32 974.363 165.73 -389.59 -660.589 -2.89696 -1652.63 973.59
3.8 98.7767 203.556 -22.5863 5.08702 57.9458 507.763 -98.7767 -203.556 22.5863 -5.08702 54.9855 510.017
3.81 73.301 39.5397 -679.863 6.90808 1702.39 97.9976 -73.301 -39.5397 679.863 -6.90808 1696.93 99.7011
3.82 -138.422 -17.2126 -1235.66 8.1024 3090.63 -43.1532 138.422 17.2126 1235.66 -8.1024 3087.67 -42.9096
3.83 213.607 23.661 -1629.75 8.50879 4077.33 57.3665 -213.607 -23.661 1629.75 -8.50879 4071.41 60.9387
3.84 -102.114 122.451 -1826.6 8.09765 4569.16 305.878 102.114 -122.451 1826.6 -8.09765 4563.82 306.376
3.85 33.6779 262.482 -1819.05 6.96913 4549.81 655.078 -33.6779 -262.482 1819.05 -6.96913 4545.43 657.332
3.86 142.573 423.147 -1625.24 5.32205 4066.71 1056.41 -142.573 -423.147 1625.24 -5.32205 4059.48 1059.33
3.87 -151.899 528.897 -1277.72 3.40033 3196.5 1322.05 151.899 -528.897 1277.72 -3.40033 3192.11 1322.43
3.88 185.548 474.425 -809.36 1.42804 2026.42 1184.26 -185.548 -474.425 809.36 -1.42804 2020.38 1187.87
3.89 -34.5314 228.222 -242.622 -0.442736 609.684 569.956 34.5314 -228.222 242.622 0.442736 603.428 571.154
3.9 -35.8052 -99.9056 410.745 -2.14245 -1024.94 -250.516 35.8052 99.9056 -410.745 2.14245 -1028.79 -249.012
3.91 177.877 -322.805 1136.9 -3.64464 -2838.97 -808.583 -177.877 322.805 -1136.9 3.64464 -2845.5 -805.439
3.92 -147.159 -324.206 1903 -4.90244 -4755.56 -810.528 147.159 324.206 -1903 4.90244 -4759.43 -810.504
3.93 126.423 -145.23 2649.38 -5.80785 -6621.48 -364.4 -126.423 145.23 -2649.38 5.80785 -6625.42 -361.751
3.94 25.4822 71.7452 3295.99 -6.20565 -8237.5 178.751 -25.4822 -71.7452 -3295.99 6.20565 -8242.47 179.975
3.95 -98.5308 209.981 3760.41 -5.95417 -9400.23 524.862 98.5308 -209.981 -3760.41 5.95417 -9401.84 525.045
3.96 177.13 242.643 3978.13 -4.99541 -9943.47 605.378 -177.13 -242.643 -3978.13 4.99541 -9947.21 607.838
3.97 -125.949 193.868 3915.19 -3.39718 -9787.06 485.002 125.949 -193.868 -3915.19 3.39718 -9788.87 484.337
3.98 49.6383 79.6893 3571.64 -1.35212 -8928.87 198.711 -49.6383 -79.6893 -3571.64 1.35212 -8929.3 199.736
3.99 70.7037 -85.0948 2978.36 0.859836 -7444.82 -213.109 -70.7037 85.0948 -2978.36 -0.859836 -7446.99 -212.365
4 -143.376 -237.717 2187.6 2.93188 -5469.7 -593.643 143.376 237.717 -2187.6 -2.93188 -5468.31 -594.942
