0.01 75.818 0.665071 -72.1458 0.874471 49.0607 3.80627 -75.818 -0.665071 72.1458 -2.86968 178.393 -3.80627
0.02 348.458 1.70903 -465.088 15.2292 112.492 31.3031 -348.458 -1.70903 465.088 -20.3563 932.882 -31.3031
0.03 566.145 -15.1638 -1403.97 107.22 -442.291 125.059 -566.145 15.1638 1403.97 -61.7283 2140.73 -125.059
0.04 44.6229 -119.695 -2810.8 450.281 -2791.74 337.799 -44.6229 119.695 2810.8 -91.1949 2925.61 -337.799
0.05 -1668.89 -439.436 -4535 1324.78 -7679.65 707.233 1668.89 439.436 4535 -6.47508 2672.97 -707.233
0.06 -4412.1 -1093.21 -6569.5 2987.17 -14817 1231.5 4412.1 1093.21 6569.5 292.447 1580.66 -1231.5
0.07 -7586.68 -2090.17 -8871.3 5481.83 -23179.8 1872.9 7586.68 2090.17 8871.3 788.681 419.721 -1872.9
0.08 -10706.5 -3303.46 -11383.2 8577.58 -31906.4 2586.67 10706.5 3303.46 11383.2 1332.8 -213.214 -2586.67
0.09 -13855.6 -4564.82 -14065 11911.4 -40960.8 3338.98 13855.6 4564.82 14065 1783.03 -606.114 -3338.98
0.1 -17375.6 -5782.69 -16757.1 15192.4 -50690 4103.92 17375.6 5782.69 16757.1 2155.73 -1436.72 -4103.92
0.11 -21331.2 -6944.2 -19358.7 18242.9 -60983.8 4841.52 21331.2 6944.2 19358.7 2589.68 -3009.76 -4841.52
0.12 -25260.3 -7998.65 -21879.5 20859.6 -70861.5 5483.98 25260.3 7998.65 21879.5 3136.37 -4919.55 -5483.98
0.13 -28393.2 -8781.63 -24157.3 22719.6 -78859.6 5955.03 28393.2 8781.63 24157.3 3625.25 -6319.89 -5955.03
0.14 -30269 -9107.71 -25912.6 23522.9 -83959.5 6198.88 30269 9107.71 25912.6 3800.24 -6847.57 -6198.88
0.15 -30905.1 -8948.07 -26877.4 23243.1 -85914.9 6198.28 30905.1 8948.07 26877.4 3601.1 -6800.22 -6198.28
0.16 -30542.6 -8472.94 -26765.3 22165.2 -84923.8 5965.08 30542.6 8472.94 26765.3 3253.57 -6704.1 -5965.08
0.17 -29290.7 -7872.1 -25505.1 20590.5 -81080 5511.77 29290.7 7872.1 25505.1 3025.77 -6792.14 -5511.77
0.18 -26930.1 -7136.65 -23285.9 18500 -74131.4 4843.63 26930.1 7136.65 23285.9 2909.93 -6658.91 -4843.63
0.19 -23263.5 -6063.31 -20275.7 15577.2 -63960.4 3972.94 23263.5 6063.31 20275.7 2612.73 -5830.21 -3972.94
0.2 -18419 -4505.13 -16660.3 11617.8 -51012.7 2941.09 18419 4505.13 16660.3 1897.57 -4244.34 -2941.09
0.21 -12869.7 -2597.94 -12661.3 6898.58 -36313.4 1825.73 12869.7 2597.94 12661.3 895.241 -2295.82 -1825.73
0.22 -7220.61 -698.795 -8364.96 2089.09 -21062.2 713.419 7220.61 698.795 8364.96 7.29808 -599.658 -713.419
0.23 -1794.22 906.742 -3867.28 -2212.65 -6031.57 -328.998 1794.22 -906.742 3867.28 -507.581 648.918 328.998
0.24 3379.84 2203.02 669.422 -5818.75 8463.25 -1263.38 -3379.84 -2203.02 -669.422 -790.32 1676.26 1263.38
0.25 8350.5 3331.43 5160.38 -8819.17 22243.4 -2066.53 -8350.5 -3331.43 -5160.38 -1175.11 2808.13 2066.53
0.26 13013.1 4316.04 9425.74 -11191.3 34868.1 -2705.48 -13013.1 -4316.04 -9425.74 -1756.77 4171.01 2705.48
0.27 16947.5 4969.68 13160.3 -12662.6 45451.5 -3141.29 -16947.5 -4969.68 -13160.3 -2246.44 5391 3141.29
0.28 19698.3 5103.21 16167.8 -13011.8 53091.9 -3352.81 -19698.3 -5103.21 -16167.8 -2297.77 6003.09 3352.81
0.29 21046.1 4787.71 18289.1 -12437.4 57323.8 -3356.46 -21046.1 -4787.71 -18289.1 -1925.77 5814.44 3356.46
0.3 21137.4 4340.78 19409.5 -11503.4 58380.2 -3206.68 -21137.4 -4340.78 -19409.5 -1518.91 5032.06 3206.68
0.31 20416.7 4028.22 19621.3 -10666.8 57047.3 -2964.46 -20416.7 -4028.22 -19621.3 -1417.87 4202.95 2964.46
0.32 19226.1 3815.5 19062.2 -9899.86 54072.5 -2673.54 -19226.1 -3815.5 -19062.2 -1546.63 3605.72 2673.54
0.33 17664.7 3458.5 17889.6 -8849.15 49895 -2362.49 -17664.7 -3458.5 -17889.6 -1526.36 3099.04 2362.49
0.34 15677.6 2834.93 16417.9 -7365.24 44707.8 -2061.28 -15677.6 -2834.93 -16417.9 -1139.54 2325.12 2061.28
0.35 13303.4 2139.83 14884 -5815.55 38838 -1820.08 -13303.4 -2139.83 -14884 -603.924 1072.16 1820.08
0.36 10934 1726.05 13342.5 -4834.72 33077.1 -1694.62 -10934 -1726.05 -13342.5 -343.413 -275.037 1694.62
0.37 9064.57 1775.05 11823.9 -4796.55 28323.3 -1716.13 -9064.57 -1775.05 -11823.9 -528.615 -1129.56 1716.13
0.38 7958.01 2164.6 10286.8 -5577.2 25094.2 -1877.23 -7958.01 -2164.6 -10286.8 -916.601 -1220.18 1877.23
0.39 7474.84 2656.56 8746.37 -6813.46 23244.8 -2137.78 -7474.84 -2656.56 -8746.37 -1156.23 -820.277 2137.78
0.4 7226.91 3160.06 7462.19 -8295.25 22255 -2456.95 -7226.91 -3160.06 -7462.19 -1184.93 -574.294 2456.95
0.41 7097 3761.91 6659.39 -10027.6 21975.7 -2808.9 -7097 -3761.91 -6659.39 -1258.1 -684.664 2808.9
0.42 7340.34 4514.24 6381.66 -11941 22764.8 -3169.56 -7340.34 -4514.24 -6381.66 -1601.73 -743.747 3169.56
0.43 8283.72 5258.51 6607.61 -13662 25033.2 -3499.66 -8283.72 -5258.51 -6607.61 -2113.49 -181.989 3499.66
0.44 9889.94 5709.45 7171.79 -14671.4 28524.9 -3733.65 -9889.94 -5709.45 -7171.79 -2456.98 1144.95 3733.65
0.45 11546.3 5704.26 7867.43 -14691.7 32055 -3803.38 -11546.3 -5704.26 -7867.43 -2421.09 2583.78 3803.38
0.46 12556.3 5330.01 8600.13 -13868.2 34282.4 -3670.4 -12556.3 -5330.01 -8600.13 -2121.81 3386.4 3670.4
0.47 12636.2 4790.79 9160.24 -12539.1 34504.2 -3332.25 -12636.2 -4790.79 -9160.24 -1833.25 3404.35 3332.25
0.48 12004.8 4175.06 9241.82 -10855.8 32881.1 -2811.36 -12004.8 -4175.06 -9241.82 -1669.42 3133.31 2811.36
0.49 11033 3380.21 8707.14 -8658.54 29879.4 -2126.36 -11033 -3380.21 -8707.14 -1482.08 3219.74 2126.36
0.5 9676.22 2254.99 7538.69 -5705.39 25433.6 -1286.45 -9676.22 -2254.99 -7538.69 -1059.59 3595.07 1286.45
0.51 7545.58 781.83 5850.09 -1975.31 19034.7 -314.628 -7545.58 -781.83 -5850.09 -370.182 3602.07 314.628
0.52 4368.2 -891.57 3869.92 2257.31 10368.8 737.562 -4368.2 891.57 -3869.92 417.402 2735.83 -737.562
0.53 343.444 -2567.86 1613.78 6586.7 -113.746 1787.57 -343.444 2567.86 -1613.78 1116.88 1144.08 -1787.57
0.54 -3895.07 -4109.47 -1077.37 10652.5 -11304.4 2751.41 3895.07 4109.47 1077.37 1675.86 -380.822 -2751.41
0.55 -7887.47 -5439.62 -4238.37 14172.1 -22343.6 3574.54 7887.47 5439.62 4238.37 2146.81 -1318.85 -3574.54
0.56 -11640.4 -6484.47 -7804.78 16892 -33030.6 4228.64 11640.4 6484.47 7804.78 2561.44 -1890.55 -4228.64
0.57 -15394.2 -7159 -11571 18601.3 -43504.4 4697.73 15394.2 7159 11571 2875.73 -2678.31 -4697.73
0.58 -19181.2 -7413.91 -15172.1 19217.3 -53530.1 4956.28 19181.2 7413.91 15172.1 3024.47 -4013.45 -4956.28
0.59 -22498.8 -7272.58 -18365.4 18831.5 -62057.5 4974.73 22498.8 7272.58 18365.4 2986.28 -5438.76 -4974.73
0.6 -24694.9 -6810.88 -20991.1 17649.6 -67860.9 4750.64 24694.9 6810.88 20991.1 2783.03 -6223.73 -4750.64
0.61 -25477.8 -6113.68 -22803.3 15891.1 -70324.1 4319.09 25477.8 6113.68 22803.3 2449.96 -6109.45 -4319.09
0.62 -25054.9 -5259.53 -23662.3 13741.9 -69727.6 3747.39 25054.9 5259.53 23662.3 2036.7 -5437.16 -3747.39
0.63 -23909.4 -4325.41 -23555.6 11358.4 -66871.8 3103.89 23909.4 4325.41 23555.6 1617.82 -4856.5 -3103.89
0.64 -22264.2 -3370.56 -22522.6 8857.96 -62237.8 2432.77 22264.2 3370.56 22522.6 1253.71 -4554.89 -2432.77
0.65 -20014.4 -2408.86 -20780.9 6300.75 -55872.7 1767.49 20014.4 2408.86 20780.9 925.843 -4170.57 -1767.49
0.66 -17029.2 -1430.36 -18544.8 3740.87 -47765.3 1145.63 17029.2 1430.36 18544.8 550.195 -3322.41 -1145.63
0.67 -13404 -484.151 -15828.7 1353.79 -38253.7 621.633 13404 484.151 15828.7 98.6586 -1958.18 -621.633
0.68 -9570.25 269 -12660.7 -503.428 -28171.9 251.521 9570.25 -269 12660.7 -303.572 -538.818 -251.521
0.69 -5940.64 633.084 -9113.68 -1442.34 -18306.1 57.1561 5940.64 -633.084 9113.68 -456.91 484.146 -57.1561
0.7 -2670.89 540.865 -5264.59 -1326.54 -9088.32 22.3892 2670.89 -540.865 5264.59 -296.052 1075.64 -22.3892
0.71 268.202 134.34 -1376.58 -411.873 -661.416 104.659 -268.202 -134.34 1376.58 8.85289 1466.02 -104.659
0.72 2951.84 -346.919 2226.81 831.133 6891.99 263.616 -2951.84 346.919 -2226.81 209.625 1963.53 -263.616
0.73 5235.76 -764.485 5327.98 2050.1 13175.6 477.537 -5235.76 764.485 -5327.98 243.354 2531.63 -477.537
0.74 6859.53 -1147.54 7688.43 3152.11 17706.3 720.142 -6859.53 1147.54 -7688.43 290.512 2872.32 -720.142
0.75 7670.98 -1552.53 9181.63 4123.42 20232.9 947.126 -7670.98 1552.53 -9181.63 534.16 2780.07 -947.126
0.76 7707.9 -1891.7 9919.12 4782.87 20906.4 1093.33 -7707.9 1891.7 -9919.12 892.226 2217.36 -1093.33
0.77 7279.41 -1955.87 10033.8 4808.95 20366.6 1095.22 -7279.41 1955.87 -10033.8 1058.66 1471.65 -1095.22
0.78 6725.54 -1624.24 9683.4 4036.49 19314.1 927.047 -6725.54 1624.24 -9683.4 836.228 862.515 -927.047
0.79 6255.37 -1009.79 9072.95 2652.52 18264.5 596.465 -6255.37 1009.79 -9072.95 376.849 501.609 -596.465
0.8 5924.11 -342.022 8260.88 1002.59 17434.7 128.489 -5924.11 342.022 -8260.88 23.4727 337.603 -128.489
0.81 5614.11 299.81 7293.37 -811.634 16733.2 -456.841 -5614.11 -299.81 -7293.37 -87.7954 109.114 456.841
0.82 5295.4 1088.25 6319.6 -3065.38 16177.3 -1150.74 -5295.4 -1088.25 -6319.6 -199.367 -291.076 1150.74
0.83 5091.78 2239.35 5394.33 -6064.72 15979.7 -1924.68 -5091.78 -2239.35 -5394.33 -653.341 -704.372 1924.68
0.84 5215.7 3712.66 4562.59 -9669.51 16517.8 -2720.8 -5215.7 -3712.66 -4562.59 -1468.46 -870.652 2720.8
0.85 5857.79 5164.24 3970.4 -13223.5 18128.1 -3459.03 -5857.79 -5164.24 -3970.4 -2269.21 -554.695 3459.03
0.86 6929.03 6222.13 3731.17 -15999.6 20704 -4063.38 -6929.03 -6222.13 -3731.17 -2666.77 83.0997 4063.38
0.87 8188.68 6785.61 4013.57 -17695.9 23889.4 -4494.7 -8188.68 -6785.61 -4013.57 -2660.9 676.605 4494.7
0.88 9447.68 7022.37 4998.52 -18469.4 27317.2 -4737.74 -9447.68 -7022.37 -4998.52 -2597.73 1025.87 4737.74
0.89 10677.4 7087.8 6566.23 -18529.1 30813.6 -4783.39 -10677.4 -7087.8 -6566.23 -2734.34 1218.67 4783.39
0.9 12013.1 6909.17 8400.44 -17804.2 34398 -4615.84 -12013.1 -6909.17 -8400.44 -2923.32 1641.24 4615.84
0.91 13391.5 6288.69 10203.2 -16077.5 37752.8 -4216.72 -13391.5 -6288.69 -10203.2 -2788.58 2421.57 4216.72
0.92 14475.2 5191.36 11691.7 -13391.1 40192.8 -3601.35 -14475.2 -5191.36 -11691.7 -2182.95 3232.94 3601.35
0.93 14867.7 3859.82 12769.7 -10193.8 40977.8 -2822.73 -14867.7 -3859.82 -12769.7 -1385.63 3625.24 2822.73
0.94 14381.9 2605.69 13491.6 -7011.76 39772.4 -1955.93 -14381.9 -2605.69 -13491.6 -805.306 3373.39 1955.93
0.95 13275.5 1515.59 13766.7 -4009.5 36991.7 -1072.53 -13275.5 -1515.59 -13766.7 -537.268 2834.74 1072.53
0.96 11912.6 417.131 13474.7 -960.916 33227.6 -214.555 -11912.6 -417.131 -13474.7 -290.476 2510.33 214.555
0.97 10398.3 -852.081 12605.9 2318.17 28709.7 584.171 -10398.3 852.081 -12605.9 238.067 2485.31 -584.171
0.98 8533.48 -2182.04 11137 5562.1 23177.2 1281.19 -8533.48 2182.04 -11137 984.021 2423.19 -1281.19
0.99 6011.59 -3234.69 9102.97 8137.11 16198.8 1823.98 -6011.59 3234.69 -9102.97 1566.96 1835.94 -1823.98
1 2887.01 -3742.63 6554.48 9528.66 7927.01 2162.94 -2887.01 3742.63 -6554.48 1699.22 734.014 -2162.94
1.01 -445.614 -3729.89 3393.63 9713.92 -953.306 2289.62 445.614 3729.89 -3393.63 1475.76 -383.536 -2289.62
1.02 -3599.78 -3430.57 -358.436 9061.37 -9693.17 2234.01 3599.78 3430.57 358.436 1230.35 -1106.18 -2234.01
1.03 -6429.98 -3030.42 -4401.16 7937.68 -17870.6 2042.95 6429.98 3030.42 4401.16 1153.6 -1419.34 -2042.95
1.04 -9097.94 -2534.43 -8364.32 6482.78 -25524.5 1759.7 9097.94 2534.43 8364.32 1120.5 -1769.29 -1759.7
1.05 -11660.8 -1882.22 -11854.3 4748.54 -32528.6 1407.42 11660.8 1882.22 11854.3 898.136 -2453.71 -1407.42
1.06 -13873.3 -1134.79 -14593.4 2946.37 -38377 1017.66 13873.3 1134.79 14593.4 458.014 -3242.84 -1017.66
1.07 -15398.1 -492.77 -16605.3 1452.69 -42484.8 644.255 15398.1 492.77 16605.3 25.6178 -3709.5 -644.255
1.08 -16051.1 -129.965 -17953.9 554.786 -44568.3 353.228 16051.1 129.965 17953.9 -164.89 -3584.9 -353.228
1.09 -16052.1 -47.3555 -18604.7 247.297 -45028.6 204.134 16052.1 47.3555 18604.7 -105.23 -3127.7 -204.134
1.1 -15752.6 -115.189 -18584.6 323.471 -44453.9 213.872 15752.6 115.189 18584.6 22.0971 -2803.82 -213.872
1.11 -15277.5 -242.574 -17896.5 653.467 -43095.2 366.766 15277.5 242.574 17896.5 74.2551 -2737.32 -366.766
1.12 -14517.5 -477.589 -16534.3 1338.27 -40822.9 639.515 14517.5 477.589 16534.3 94.4941 -2729.49 -639.515
1.13 -13239 -940.335 -14617.9 2589.23 -37297.6 1012.95 13239 940.335 14617.9 231.772 -2419.47 -1012.95
1.14 -11443.4 -1682.64 -12211.1 4485.59 -32584.6 1478.22 11443.4 1682.64 12211.1 562.334 -1745.53 -1478.22
1.15 -9387.07 -2624.56 -9343.7 6853.89 -27156.8 2003.41 9387.07 2624.56 9343.7 1019.79 -1004.36 -2003.41
1.16 -7327.7 -3604.05 -6240.25 9338.1 -21548.3 2524.74 7327.7 3604.05 6240.25 1474.04 -434.851 -2524.74
1.17 -5443.52 -4457.27 -3186.82 11539.7 -16211.2 2967.12 5443.52 4457.27 3186.82 1832.09 -119.392 -2967.12
1.18 -3727.55 -5055.98 -456.637 13110.4 -11289.9 3264.68 3727.55 5055.98 456.637 2057.5 107.207 -3264.68
1.19 -2171.19 -5313.15 1647.03 13800.7 -6913.72 3391.46 2171.19 5313.15 -1647.03 2138.71 400.163 -3391.46
1.2 -862.087 -5196.77 3021.67 13509.8 -3275.61 3344.3 862.087 5196.77 -3021.67 2080.54 689.347 -3344.3
1.21 156.408 -4741.85 3755.93 12310 -431.654 3117.64 -156.408 4741.85 -3755.93 1915.52 900.88 -3117.64
1.22 852.708 -4021.62 3922.42 10385.8 1611.95 2702.99 -852.708 4021.62 -3922.42 1679.06 946.173 -2702.99
1.23 1298.92 -3090.67 3681.05 7914.32 3052.16 2092.62 -1298.92 3090.67 -3681.05 1357.68 844.59 -2092.62
1.24 1593.63 -1967.84 3216.67 5008.21 4089.79 1314.77 -1593.63 1967.84 -3216.67 895.304 691.109 -1314.77
1.25 1759.82 -687.293 2552.24 1776.78 4789.59 436.231 -1759.82 687.293 -2552.24 285.101 489.879 -436.231
1.26 1865.57 651.418 1708.97 -1593.43 5273.59 -466.578 -1865.57 -651.418 -1708.97 -360.827 323.133 466.578
1.27 1926.65 1918.52 738.553 -4872.04 5558.59 -1325.67 -1926.65 -1918.52 -738.553 -883.535 221.367 1325.67
1.28 1942.92 3048.02 -339.447 -7904.66 5689.73 -2104.03 -1942.92 -3048.02 339.447 -1239.41 139.037 2104.03
1.29 1924.47 4064.28 -1331.15 -10640.7 5753.65 -2772.69 -1924.47 -4064.28 1331.15 -1552.18 19.7562 2772.69
1.3 1865.69 4978.47 -1944.5 -12982.3 5845.53 -3288.34 -1865.69 -4978.47 1944.5 -1953.07 -248.444 3288.34
1.31 1936.55 5666.34 -2033.01 -14625 6358.79 -3605.33 -1936.55 -5666.34 2033.01 -2374.04 -549.134 3605.33
1.32 2352.6 5900.9 -1492.24 -15142.6 7701.55 -3687.31 -2352.6 -5900.9 1492.24 -2560.06 -643.737 3687.31
1.33 3220.03 5551.12 -281.47 -14321.2 10077.4 -3541.31 -3220.03 -5551.12 281.47 -2332.17 -417.285 3541.31
1.34 4464.48 4742.88 1482.64 -12414.1 13337.5 -3213.76 -4464.48 -4742.88 -1482.64 -1814.52 55.9607 3213.76
1.35 5785.97 3783.71 3697.41 -10012.6 16913.8 -2756.69 -5785.97 -3783.71 -3697.41 -1338.56 444.093 2756.69
1.36 7001.82 2907.04 6197.28 -7620.62 20413.8 -2216.41 -7001.82 -2907.04 -6197.28 -1100.5 591.671 2216.41
1.37 8145.26 2108.97 8636.09 -5366.66 23753.7 -1621.11 -8145.26 -2108.97 -8636.09 -960.233 682.09 1621.11
1.38 9334.19 1258.45 10765.1 -3143.01 27021.3 -1007.8 -9334.19 -1258.45 -10765.1 -632.345 981.268 1007.8
1.39 10619.3 347.004 12508.9 -979.852 30242.7 -439.888 -10619.3 -347.004 -12508.9 -61.1607 1615.08 439.888
1.4 11758.8 -424.793 13851.1 808.513 32993.7 16.7094 -11758.8 424.793 -13851.1 465.867 2282.55 -16.7094
1.41 12478.6 -835.427 14874.3 1885.34 34823.3 309.811 -12478.6 835.427 -14874.3 620.941 2612.64 -309.811
1.42 12713.6 -882.004 15548.6 2234.57 35554.7 430.507 -12713.6 882.004 -15548.6 411.442 2586.13 -430.507
1.43 12572.4 -773.512 15594.3 2143.44 35250.5 402.921 -12572.4 773.512 -15594.3 177.093 2466.82 -402.921
1.44 12217.6 -670.268 14803.1 1817.47 34063.3 249.055 -12217.6 670.268 -14803.1 193.333 2589.57 -249.055
1.45 11521.9 -477.78 13141.1 1092.38 31700.3 -12.6147 -11521.9 477.78 -13141.1 340.958 2865.32 12.6147
1.46 10184 42.6062 10667 -369.678 27686.8 -368.968 -10184 -42.6062 -10667 241.86 2865.26 368.968
1.47 8072.76 953.524 7607.9 -2578.02 21878.8 -783.744 -8072.76 -953.524 -7607.9 -282.554 2339.51 783.744
1.48 5348.05 1979.74 4192.74 -4976 14644 -1186.26 -5348.05 -1979.74 -4192.74 -963.239 1400.14 1186.26
1.49 2463.51 2706.56 551.114 -6774.92 6874.41 -1505.18 -2463.51 -2706.56 -551.114 -1344.75 516.113 1505.18
1.5 -261.39 2931.24 -3044.77 -7531.47 -758.353 -1685.17 261.39 -2931.24 3044.77 -1262.26 -25.8166 1685.17
1.51 -2828.05 2785.1 -6260.71 -7368.25 -8078.78 -1709.01 2828.05 -2785.1 6260.71 -987.044 -405.387 1709.01
1.52 -5350.81 2508.06 -8918.55 -6644.03 -15122.2 -1582.16 5350.81 -2508.06 8918.55 -880.161 -930.194 1582.16
1.53 -7884.98 2152.07 -10930.9 -5490.56 -21890.5 -1299.54 7884.98 -2152.07 10930.9 -965.636 -1764.42 1299.54
1.54 -10194.1 1553.37 -12360.2 -3742.07 -27928.7 -855.969 10194.1 -1553.37 12360.2 -918.053 -2653.58 855.969
1.55 -11965 583.987 -13362 -1286.51 -32683.1 -253.633 11965 -583.987 13362 -465.451 -3211.94 253.633
1.56 -13080.6 -635.411 -13870.9 1631.38 -35879.3 470.851 13080.6 635.411 13870.9 274.855 -3362.48 -470.851
1.57 -13567 -1819.37 -13705.5 4540.71 -37444.1 1242.1 13567 1819.37 13705.5 917.404 -3256.83 -1242.1
1.58 -13560.2 -2794.41 -12801.8 7150.89 -37522 1986.6 13560.2 2794.41 12801.8 1232.35 -3158.59 -1986.6
1.59 -13059.2 -3636.28 -11165.5 9536.77 -36078.3 2645.81 13059.2 3636.28 11165.5 1372.07 -3099.39 -2645.81
1.6 -11956.6 -4506.63 -8969.01 11871.3 -33011 3188.84 11956.6 4506.63 8969.01 1648.64 -2858.87 -3188.84
1.61 -10274.1 -5384.9 -6543.85 14016 -28505.5 3593.88 10274.1 5384.9 6543.85 2138.68 -2316.71 -3593.88
1.62 -8147.64 -6010.13 -4118.87 15454.2 -22961.4 3819.98 8147.64 6010.13 4118.87 2576.19 -1481.5 -3819.98
1.63 -5889.95 -6100.28 -1897.26 15660.3 -17098.6 3829.9 5889.95 6100.28 1897.26 2640.51 -571.275 -3829.9
1.64 -3793.79 -5603.38 -135.005 14517.6 -11564.9 3604.46 3793.79 5603.38 135.005 2292.54 183.526 -3604.46
1.65 -1991.01 -4716.73 1064.43 12364.8 -6714.02 3165.58 1991.01 4716.73 -1064.43 1785.38 740.991 -3165.58
1.66 -556.148 -3683.72 1691.33 9679.12 -2769.29 2574.15 556.148 3683.72 -1691.33 1372.04 1100.85 -2574.15
1.67 562.937 -2610.53 1765.99 6767.26 313.007 1886.47 -562.937 2610.53 -1765.99 1064.34 1375.8 -1886.47
1.68 1390.45 -1482.54 1453 3751.58 2531.06 1148.63 -1390.45 1482.54 -1453 696.031 1640.29 -1148.63
1.69 1873.92 -310.728 871.393 760.234 3780.43 394.203 -1873.92 310.728 -871.393 171.949 1841.32 -394.203
1.7 1947.35 791.394 -0.391607 -1970.38 3945.62 -336.25 -1947.35 -791.394 0.391607 -403.8 1896.42 336.25
1.71 1465.12 1681.59 -1118.97 -4200.92 2781.29 -973.996 -1465.12 -1681.59 1118.97 -843.845 1614.08 973.996
1.72 439.734 2302.42 -2437.03 -5839.36 354.294 -1456 -439.734 -2302.42 2437.03 -1067.9 964.909 1456
1.73 -925.498 2693.37 -3922.78 -6934.38 -2929.55 -1742.93 925.498 -2693.37 3922.78 -1145.72 153.061 1742.93
1.74 -2348.35 2901.19 -5371.83 -7525.5 -6473.11 -1835.44 2348.35 -2901.19 5371.83 -1178.06 -571.925 1835.44
1.75 -3543.3 2907.05 -6531.56 -7538.88 -9602.01 -1766.94 3543.3 -2907.05 6531.56 -1182.27 -1027.9 1766.94
1.76 -4466.9 2649.73 -7187.16 -6846.87 -12026 -1561.3 4466.9 -2649.73 7187.16 -1102.34 -1374.67 1561.3
1.77 -5140.14 2102.31 -7077.35 -5414.41 -13562.6 -1237.48 5140.14 -2102.31 7077.35 -892.517 -1857.79 1237.48
1.78 -5448.43 1315.05 -6119.55 -3383.82 -13901.2 -817.401 5448.43 -1315.05 6119.55 -561.342 -2444.07 817.401
1.79 -5167.67 402.671 -4485.98 -1053.27 -12664.5 -343.966 5167.67 -402.671 4485.98 -154.743 -2838.49 343.966
1.8 -4038.84 -483.56 -2361.39 1190.67 -9475.87 105.597 4038.84 483.56 2361.39 260.01 -2640.66 -105.597
1.81 -2144.99 -1178.49 54.0173 2946.77 -4562.41 461.793 2144.99 1178.49 -54.0173 588.707 -1872.57 -461.793
1.82 129.747 -1546.27 2578.39 3903.12 1380.52 680.282 -129.747 1546.27 -2578.39 735.699 -991.274 -680.282
1.83 2454.77 -1547.05 5179.22 3961.25 7739.57 749.396 -2454.77 1547.05 -5179.22 679.901 -375.251 -749.396
1.84 4747.1 -1263.44 7763.07 3274.76 14255.5 679.53 -4747.1 1263.44 -7763.07 515.557 -14.2517 -679.53
1.85 7251.37 -828.507 10130.7 2116.3 21182 465.596 -7251.37 828.507 -10130.7 369.223 572.131 -465.596
1.86 10071.2 -305.096 12194.7 660.624 28500.8 103.188 -10071.2 305.096 -12194.7 254.665 1712.89 -103.188
1.87 12864.9 352.379 13877.6 -1100.44 35475.9 -395.237 -12864.9 -352.379 -13877.6 43.3032 3118.77 395.237
1.88 15066.1 1197.79 15046 -3213.96 41014.4 -986.433 -15066.1 -1197.79 -15046 -379.422 4183.8 986.433
1.89 16208.1 2165.47 15591.2 -5559.24 44153.2 -1590.75 -16208.1 -2165.47 -15591.2 -937.167 4470.97 1590.75
1.9 16332.7 3075.9 15299.8 -7832.95 44782.8 -2138.71 -16332.7 -3075.9 -15299.8 -1394.74 4215.48 2138.71
1.91 15772.2 3783.16 13978.7 -9752.51 43314.8 -2583.96 -15772.2 -3783.16 -13978.7 -1596.96 4001.77 2583.96
1.92 14666.9 4287.74 11762.9 -11222.1 39972.9 -2901.02 -14666.9 -4287.74 -11762.9 -1641.09 4027.98 2901.02
1.93 12891.2 4662.65 8972.82 -12235.2 34702.8 -3073.72 -12891.2 -4662.65 -8972.82 -1752.79 3970.7 3073.72
1.94 10188.1 4870.26 5938.89 -12626.5 27298 -3065.25 -10188.1 -4870.26 -5938.89 -1984.25 3266.47 3065.25
1.95 6664.52 4707.24 2967.12 -12024.7 18161.3 -2845.56 -6664.52 -4707.24 -2967.12 -2097.01 1832.24 2845.56
1.96 2868.85 3985.9 144.772 -10153.3 8368.9 -2413.14 -2868.85 -3985.9 -144.772 -1804.36 237.635 2413.14
1.97 -667.005 2770.61 -2549.2 -7194.02 -1067.44 -1802.65 667.005 -2770.61 2549.2 -1117.82 -933.574 1802.65
1.98 -3709.04 1387.54 -4976.38 -3779.09 -9582.68 -1083.97 3709.04 -1387.54 4976.38 -383.539 -1544.43 1083.97
1.99 -6445.43 162.92 -6991.22 -554.581 -17289.2 -315.464 6445.43 -162.92 6991.22 65.8205 -2047.03 315.464
2 -9055.8 -837.861 -8523.75 2255.08 -24273.8 461.22 9055.8 837.861 8523.75 258.505 -2893.58 -461.22
2.01 -11303.8 -1782.48 -9484.29 4826.53 -29976.2 1209.19 11303.8 1782.48 9484.29 520.919 -3935.28 -1209.19
2.02 -12726.9 -2790.83 -9866.05 7308.01 -33537.7 1886.32 12726.9 2790.83 9866.05 1064.47 -4642.81 -1886.32
2.03 -12919.3 -3729.25 -9656.66 9485.92 -34216.1 2424.65 12919.3 3729.25 9656.66 1701.83 -4541.89 -2424.65
2.04 -11935.6 -4320.32 -8719.2 10926.6 -32081.2 2767.18 11935.6 4320.32 8719.2 2034.41 -3725.73 -2767.18
2.05 -10218 -4435.1 -7076.33 11404.8 -27910.7 2891.78 10218 4435.1 7076.33 1900.46 -2743.17 -2891.78
2.06 -8141.05 -4217.26 -4988.2 11094.7 -22465.3 2810.96 8141.05 4217.26 4988.2 1557.09 -1957.86 -2810.96
2.07 -5891.64 -3889.8 -2769.62 10293.5 -16321.5 2566.58 5891.64 3889.8 2769.62 1375.87 -1353.44 -2566.58
2.08 -3434.48 -3479.13 -786.011 9030.5 -9719.93 2187.31 3434.48 3479.13 786.011 1406.89 -583.528 -2187.31
2.09 -817.291 -2796.86 717.675 7062.9 -3011.77 1693.46 817.291 2796.86 -717.675 1327.67 559.898 -1693.46
2.1 1625.81 -1715.28 1761.57 4303.05 3055.47 1117.74 -1625.81 1715.28 -1761.57 842.805 1821.96 -1117.74
2.11 3520.51 -415.482 2377.34 1179.34 7765.29 511.376 -3520.51 415.482 -2377.34 67.1076 2796.24 -511.376
2.12 4575.78 695.051 2554.56 -1525.6 10556.8 -44.8073 -4575.78 -695.051 -2554.56 -559.556 3170.56 44.8073
2.13 4795.84 1321.15 2349.77 -3232.8 11371.4 -483.139 -4795.84 -1321.15 -2349.77 -730.64 3016.12 483.139
2.14 4398.46 1506.25 1746.28 -3941.59 10508 -771.249 -4398.46 -1506.25 -1746.28 -577.162 2687.42 771.249
2.15 3501.32 1507.76 709.856 -4045.57 8117.72 -902.92 -3501.32 -1507.76 -709.856 -477.697 2386.24 902.92
2.16 2121.8 1480.96 -690.347 -3833.16 4274.85 -890.929 -2121.8 -1480.96 690.347 -609.711 2090.54 890.929
2.17 131.204 1331.99 -2432.69 -3232.31 -1118.6 -732.238 -131.204 -1331.99 2432.69 -763.659 1512.22 732.238
2.18 -2503.43 883.05 -4451.29 -2033.3 -7924.67 -423.558 2503.43 -883.05 4451.29 -615.844 414.392 423.558
2.19 -5483.5 128.379 -6489.83 -264.776 -15400.7 11.3824 5483.5 -128.379 6489.83 -120.361 -1049.82 -11.3824
2.2 -8331.53 -724.733 -8295.34 1738.24 -22509.1 521.582 8331.53 724.733 8295.34 435.962 -2485.53 -521.582
2.21 -10504.6 -1461.19 -9637.08 3626.68 -28086.6 1026.23 10504.6 1461.19 9637.08 756.896 -3427.27 -1026.23
2.22 -11745.1 -2050.43 -10263.4 5307.15 -31469.7 1459.24 11745.1 2050.43 10263.4 844.152 -3765.45 -1459.24
2.23 -12163.4 -2599.45 -10101.6 6857.5 -32659.8 1785.98 12163.4 2599.45 10101.6 940.831 -3830.53 -1785.98
2.24 -11921.6 -3136.56 -9202.75 8204.85 -31819.4 1985.23 11921.6 3136.56 9202.75 1204.83 -3945.3 -1985.23
2.25 -11074.2 -3493.05 -7629.61 8972.77 -29073.1 2042.74 11074.2 3493.05 7629.61 1506.38 -4149.57 -2042.74
2.26 -9401.07 -3424.36 -5596.38 8703.62 -24176.8 1926.63 9401.07 3424.36 5596.38 1569.46 -4026.43 -1926.63
2.27 -6697.24 -2832.85 -3327.8 7229.14 -16949 1612.68 6697.24 2832.85 3327.8 1269.4 -3142.71 -1612.68
2.28 -3158.29 -1851.09 -875.257 4807.86 -7861.69 1115.08 3158.29 1851.09 875.257 745.396 -1613.17 -1115.08
2.29 734.62 -717.447 1730.52 1920.33 2184.97 479.258 -734.62 717.447 -1730.52 232.01 18.894 -479.258
2.3 4439.31 400.711 4465.38 -1034.46 12141.9 -222.103 -4439.31 -400.711 -4465.38 -167.671 1176.04 222.103
2.31 7784.3 1459.17 7282.03 -3856.99 21491.3 -930.967 -7784.3 -1459.17 -7282.03 -520.509 1861.63 930.967
2.32 10952.4 2456.94 9901.64 -6452.79 30229.3 -1612.65 -10952.4 -2456.94 -9901.64 -918.029 2627.89 1612.65
2.33 13956.6 3354.01 11984.5 -8713.7 38050.5 -2229.73 -13956.6 -3354.01 -11984.5 -1348.34 3819.3 2229.73
2.34 16438 4075.5 13358.5 -10510.3 44135.9 -2739.09 -16438 -4075.5 -13358.5 -1716.21 5178.16 2739.09
2.35 17725.7 4563 13908.6 -11745.3 47250.7 -3078.69 -17725.7 -4563 -13908.6 -1943.69 5926.26 3078.69
2.36 17409.5 4791.33 13612.8 -12357.5 46669.7 -3200.19 -17409.5 -4791.33 -13612.8 -2016.47 5558.78 3200.19
2.37 15772.5 4742.23 12560.5 -12275.9 42878.4 -3099.8 -15772.5 -4742.23 -12560.5 -1950.78 4439.02 3099.8
2.38 13434.3 4392.03 10798.4 -11415.4 36964 -2803.21 -13434.3 -4392.03 -10798.4 -1760.67 3338.78 2803.21
2.39 10882 3738.38 8485.58 -9746.14 29912.8 -2357.81 -10882 -3738.38 -8485.58 -1469 2733.25 2357.81
2.4 8071.1 2824.42 5967.76 -7358.42 21929.8 -1797.77 -8071.1 -2824.42 -5967.76 -1114.85 2283.49 1797.77
2.41 4681.29 1723.92 3489.54 -4453.46 12782 -1145.06 -4681.29 -1723.92 -3489.54 -718.308 1261.89 1145.06
2.42 790.247 517.906 1150.47 -1297.43 2851.61 -441.789 -790.247 -517.906 -1150.47 -256.29 -480.872 441.789
2.43 -3053.7 -689.264 -1032.15 1785.39 -6806.42 252.395 3053.7 689.264 1032.15 282.397 -2354.67 -252.395
2.44 -6123.9 -1738.28 -3140.2 4405.17 -14863.3 857.817 6123.9 1738.28 3140.2 809.662 -3508.44 -857.817
2.45 -8103.08 -2448.12 -5091.59 6191.63 -20612.7 1311.21 8103.08 2448.12 5091.59 1152.72 -3696.52 -1311.21
2.46 -9274.88 -2729.05 -6568.51 6981.32 -24305.1 1593.12 9274.88 2729.05 6568.51 1205.84 -3519.53 -1593.12
2.47 -9951.1 -2664.8 -7339.9 6933.72 -26246.4 1705 9951.1 2664.8 7339.9 1060.68 -3606.89 -1705
2.48 -10102.5 -2443.74 -7319.37 6399.1 -26319 1660.78 10102.5 2443.74 7319.37 932.128 -3988.58 -1660.78
2.49 -9311.72 -2178.16 -6534.8 5611.17 -23920.9 1462.32 9311.72 2178.16 6534.8 923.301 -4014.25 -1462.32
2.5 -7257.01 -1801.83 -5192.94 4510.19 -18699.6 1110.17 7257.01 1801.83 5192.94 895.308 -3071.45 -1110.17
2.51 -4264.85 -1175.09 -3477.54 2902.53 -11426.1 639.718 4264.85 1175.09 3477.54 622.741 -1368.51 -639.718
2.52 -1062.34 -292.175 -1505.03 794.893 -3522.59 111.766 1062.34 292.175 1505.03 81.6325 335.581 -111.766
2.53 1677.89 648.474 463.343 -1473.36 3652.12 -393.997 -1677.89 -648.474 -463.343 -472.062 1381.54 393.997
2.54 3775.75 1403.64 2153.67 -3455.93 9518.92 -814.702 -3775.75 -1403.64 -2153.67 -754.985 1808.32 814.702
2.55 5505.24 1893.88 3427.23 -4919.37 14285.7 -1125.23 -5505.24 -1893.88 -3427.23 -762.265 2230 1125.23
2.56 6990.66 2211.67 4205.99 -5878.22 17977.2 -1308.21 -6990.66 -2211.67 -4205.99 -756.772 2994.8 1308.21
2.57 8020.19 2416.93 4559.77 -6318.8 20182 -1348.06 -8020.19 -2416.93 -4559.77 -931.978 3878.61 1348.06
2.58 8146.49 2376.9 4613.01 -5989.22 20174.4 -1218.39 -8146.49 -2376.9 -4613.01 -1141.49 4265.11 1218.39
2.59 7078.33 1872.28 4285.61 -4579.77 17479 -901.229 -7078.33 -1872.28 -4285.61 -1037.06 3756.02 901.229
2.6 5028 872.101 3440.9 -2136.52 12456.4 -423.737 -5028 -872.101 -3440.9 -479.78 2627.64 423.737
2.61 2412.46 -346.874 2031.72 784.576 5813.94 158.72 -2412.46 346.874 -2031.72 256.044 1423.44 -158.72
2.62 -411.844 -1405.94 44.2388 3470.23 -1749.82 775.274 411.844 1405.94 -44.2388 747.602 514.284 -775.274
2.63 -3344.11 -2149.89 -2361.72 5579.32 -9826.45 1370.23 3344.11 2149.89 2361.72 870.353 -205.87 -1370.23
2.64 -6467.94 -2732.93 -4880.35 7288.21 -18244.3 1915.44 6467.94 2732.93 4880.35 910.589 -1159.57 -1915.44
2.65 -9627.45 -3368.76 -7272 8901.03 -26405.6 2374.99 9627.45 3368.76 7272 1205.25 -2476.76 -2374.99
2.66 -12420.3 -4031.13 -9276.14 10369.4 -33370.2 2704.2 12420.3 4031.13 9276.14 1723.94 -3890.81 -2704.2
2.67 -14316.8 -4446.37 -10638.2 11257.2 -38080.7 2849.54 14316.8 4446.37 10638.2 2081.93 -4869.58 -2849.54
2.68 -14948.8 -4377.81 -11302.6 11163 -39809.6 2773.37 14948.8 4377.81 11302.6 1970.41 -5036.82 -2773.37
2.69 -14415.2 -3865.43 -11286.6 10095.6 -38682.9 2488.22 14415.2 3865.43 11286.6 1500.7 -4562.82 -2488.22
2.7 -13042.5 -3146.97 -10626.1 8378.25 -35248.1 2032.62 13042.5 3146.97 10626.1 1062.66 -3879.32 -2032.62
2.71 -11160.5 -2369.69 -9456.42 6239.06 -30123.3 1455.69 11160.5 2369.69 9456.42 870.001 -3358.29 -1455.69
2.72 -8848.81 -1447.52 -7839.76 3612.43 -23593.7 795.366 8848.81 1447.52 7839.76 730.126 -2952.74 -795.366
2.73 -5905.84 -236.795 -5775.37 405.665 -15504.9 75.5346 5905.84 236.795 5775.37 304.719 -2212.61 -75.5346
2.74 -2286.49 1183.87 -3367.83 -3098.74 -5985.54 -655.736 2286.49 -1183.87 3367.83 -452.886 -873.917 655.736
2.75 1744.1 2473.95 -692.752 -6222.04 4342.1 -1331.88 -1744.1 -2473.95 692.752 -1199.79 890.207 1331.88
2.76 5610.94 3296.53 2197.44 -8333.43 14352.9 -1878.97 -5610.94 -3296.53 -2197.44 -1556.16 2479.87 1878.97
2.77 8747.2 3598.99 5101.58 -9300.86 22877.7 -2242.36 -8747.2 -3598.99 -5101.58 -1496.1 3363.93 2242.36
2.78 11032 3602.92 7773.36 -9474.2 29452.3 -2415.6 -11032 -3602.92 -7773.36 -1334.55 3643.83 2415.6
2.79 12618.8 3530.54 9932.63 -9244.89 34053.6 -2410.11 -12618.8 -3530.54 -9932.63 -1346.73 3802.75 2410.11
2.8 13651.4 3381.09 11247.2 -8673.2 36728.9 -2240.79 -13651.4 -3381.09 -11247.2 -1470.07 4225.2 2240.79
2.81 13964.7 2988.59 11621.2 -7551.71 37190.2 -1915.96 -13964.7 -2988.59 -11621.2 -1414.07 4704.01 1915.96
2.82 13138.7 2260.48 11217.1 -5762.63 34854.6 -1443.51 -13138.7 -2260.48 -11217.1 -1018.79 4561.53 1443.51
2.83 11084.9 1309.83 10216.7 -3492.37 29770.2 -869.548 -11084.9 -1309.83 -10216.7 -437.117 3484.55 869.548
2.84 8215.87 349.701 8809.94 -1094.12 22802.8 -265.307 -8215.87 -349.701 -8809.94 45.0171 1844.83 265.307
2.85 5246.43 -496.96 7111.48 1180.72 15283.4 292.562 -5246.43 496.96 -7111.48 310.161 455.912 -292.562
2.86 2671.99 -1243.11 5105.46 3246.75 8217.59 746.149 -2671.99 1243.11 -5105.46 482.593 -201.623 -746.149
2.87 358.445 -1908.56 2896.64 5003.57 1594.35 1077.42 -358.445 1908.56 -2896.64 722.1 -519.02 -1077.42
2.88 -2029.52 -2396.32 688.879 6180.46 -4911.83 1273.56 2029.52 2396.32 -688.879 1008.5 -1176.71 -1273.56
2.89 -4528.08 -2531.42 -1417.41 6433 -11174 1316.61 4528.08 2531.42 1417.41 1161.28 -2410.2 -1316.61
2.9 -6646.9 -2214.99 -3320.9 5603.96 -16285.7 1186.34 6646.9 2214.99 3320.9 1041.01 -3655.05 -1186.34
2.91 -7681.23 -1518.93 -4897.67 3870.31 -18997.8 873.549 7681.23 1518.93 4897.67 686.495 -4045.95 -873.549
2.92 -7444.01 -630.379 -6027.14 1636.44 -18914.4 416.238 7444.01 630.379 6027.14 254.695 -3417.62 -416.238
2.93 -6319.16 275.951 -6452.67 -697.044 -16583.5 -120.74 6319.16 -275.951 6452.67 -130.809 -2373.95 120.74
2.94 -4860.96 1108.16 -5973.27 -2876.59 -12899.6 -670.297 4860.96 -1108.16 5973.27 -447.886 -1683.28 670.297
2.95 -3288.75 1837.65 -4709.62 -4786.41 -8379.21 -1180.76 3288.75 -1837.65 4709.62 -726.546 -1487.05 1180.76
2.96 -1321.85 2453.91 -2944.19 -6378.21 -2833.64 -1627.9 1321.85 -2453.91 2944.19 -983.52 -1131.92 1627.9
2.97 1211.72 2945.18 -995.379 -7622.63 3707.31 -1978.13 -1211.72 -2945.18 995.379 -1212.92 -72.155 1978.13
2.98 4002.27 3290.05 856.279 -8471.31 10480.2 -2184.72 -4002.27 -3290.05 -856.279 -1398.84 1526.57 2184.72
2.99 6368.1 3436.73 2560.2 -8808.84 16228.1 -2202.93 -6368.1 -3436.73 -2560.2 -1501.34 2876.23 2202.93
3 7735.55 3298.71 4135.66 -8448.32 19901.2 -2007.62 -7735.55 -3298.71 -4135.66 -1447.8 3305.49 2007.62
3.01 8179.18 2805.34 5461.93 -7229.91 21524.9 -1624.16 -8179.18 -2805.34 -5461.93 -1186.11 3012.68 1624.16
3.02 8139.09 1975.33 6434.45 -5163.94 21729.1 -1102.01 -8139.09 -1975.33 -6434.45 -762.058 2688.19 1102.01
3.03 7901.73 926.42 6979.4 -2470.97 20916.8 -489.15 -7901.73 -926.42 -6979.4 -308.292 2788.4 489.15
3.04 7314.69 -204.898 6994.77 534.595 18865.3 175.782 -7314.69 204.898 -6994.77 80.1 3078.78 -175.782
3.05 5903.78 -1343.45 6467.35 3584.86 14862 866.252 -5903.78 1343.45 -6467.35 445.481 2849.34 -866.252
3.06 3514.76 -2451.88 5364.43 6458.94 8738.4 1531.54 -3514.76 2451.88 -5364.43 896.697 1805.88 -1531.54
3.07 490.657 -3432.32 3578.89 8873.34 1164.36 2100.85 -490.657 3432.32 -3578.89 1423.62 307.617 -2100.85
3.08 -2585.01 -4099.49 1189.33 10469.8 -6773.12 2508.84 2585.01 4099.49 -1189.33 1828.67 -981.901 -2508.84
3.09 -5258.31 -4303.47 -1548.15 11009.3 -14099.5 2713.71 5258.31 4303.47 1548.15 1901.05 -1675.44 -2713.71
3.1 -7521.51 -4083.41 -4339.88 10590.9 -20517.5 2720.86 7521.51 4083.41 4339.88 1659.31 -2047.03 -2720.86
3.11 -9496.05 -3655 -6829.54 9602.63 -25959 2552.31 9496.05 3655 6829.54 1362.39 -2529.19 -2552.31
3.12 -11133.5 -3204.73 -8779.65 8379.42 -30147.8 2224.18 11133.5 3204.73 8779.65 1234.76 -3252.88 -2224.18
3.13 -12179.5 -2703.37 -10166.4 6905.03 -32615.1 1750.79 12179.5 2703.37 10166.4 1205.07 -3923.26 -1750.79
3.14 -12290.1 -1961.2 -10972.9 4903.07 -32825.2 1150.06 12290.1 1961.2 10972.9 980.539 -4045.22 -1150.06
3.15 -11436.7 -883.419 -11211.9 2249.19 -30794.1 476.82 11436.7 883.419 11211.9 401.064 -3516.05 -476.82
3.16 -9888.23 358.039 -10964.4 -742.122 -27040.1 -189.276 9888.23 -358.039 10964.4 -331.996 -2624.56 189.276
3.17 -7989.97 1440.37 -10203.2 -3482.54 -22179.6 -776.332 7989.97 -1440.37 10203.2 -838.566 -1790.28 776.332
3.18 -5983.93 2169.32 -8873.84 -5545.91 -16697 -1234.72 5983.93 -2169.32 8873.84 -962.046 -1254.79 1234.72
3.19 -3804.68 2603.4 -6996.57 -6887.24 -10604 -1552.05 3804.68 -2603.4 6996.57 -922.95 -810.063 1552.05
3.2 -1336.05 2884.99 -4576.47 -7622.93 -3856.37 -1720.88 1336.05 -2884.99 4576.47 -1032.04 -151.777 1720.88
3.21 1374.62 2992.34 -1746.8 -7683.21 3277.58 -1722.5 -1374.62 -2992.34 1746.8 -1293.8 846.288 1722.5
3.22 4053.34 2727.17 1183.24 -6804.22 10175.6 -1543.32 -4053.34 -2727.17 -1183.24 -1377.3 1984.39 1543.32
3.23 6214.47 1969.85 3956.64 -4903.65 15863.8 -1186.43 -6214.47 -1969.85 -3956.64 -1005.9 2779.6 1186.43
3.24 7551.62 898.85 6344.95 -2383.33 19675 -699.444 -7551.62 -898.85 -6344.95 -313.223 2979.88 699.444
3.25 8065.93 -107.663 8114.18 58.5613 21499.5 -155.507 -8065.93 107.663 -8114.18 264.427 2698.26 155.507
3.26 7992.49 -803.881 9172.04 1961.23 21653.7 382.069 -7992.49 803.881 -9172.04 450.417 2323.77 -382.069
3.27 7614.85 -1274.21 9487.64 3409.38 20645.6 867.18 -7614.85 1274.21 -9487.64 413.26 2198.99 -867.18
3.28 6921.28 -1770.95 9080.31 4770.9 18590.2 1276.67 -6921.28 1770.95 -9080.31 541.946 2173.59 -1276.67
3.29 5753.83 -2375.52 8164.14 6154.81 15398.7 1578.96 -5753.83 2375.52 -8164.14 971.765 1862.82 -1578.96
3.3 4066.77 -2867.12 6948.31 7190.13 11169.6 1726.16 -4066.77 2867.12 -6948.31 1411.22 1030.71 -1726.16
3.31 2083.95 -2939.78 5472.35 7353.72 6359.49 1681.68 -2083.95 2939.78 -5472.35 1465.63 -107.622 -1681.68
3.32 285.137 -2510.86 3732.73 6457.56 1806.63 1434.53 -285.137 2510.86 -3732.73 1075 -951.223 -1434.53
3.33 -1065.51 -1773.32 1693.36 4758.35 -1987.01 1020 1065.51 1773.32 -1693.36 561.593 -1209.53 -1020
3.34 -2070.02 -956.567 -597.102 2621.14 -5086.96 495.518 2070.02 956.567 597.102 248.558 -1123.09 -495.518
3.35 -2992.76 -96.5731 -2823.82 182.067 -7760.34 -93.0884 2992.76 96.5731 2823.82 107.652 -1217.94 93.0884
3.36 -3932.13 915.678 -4641.28 -2587.51 -10034.6 -709.207 3932.13 -915.678 4641.28 -159.527 -1761.84 709.207
3.37 -4522.43 2084.69 -5867.52 -5531.25 -11241.7 -1322.6 4522.43 -2084.69 5867.52 -722.83 -2325.56 1322.6
3.38 -4310.66 3177.27 -6390.88 -8145.47 -10622.5 -1881.61 4310.66 -3177.27 6390.88 -1386.34 -2309.48 1881.61
3.39 -3207.69 3878.09 -6213.14 -9851.27 -8077.9 -2314.44 3207.69 -3878.09 6213.14 -1782.98 -1545.15 2314.44
3.4 -1589.76 4062.31 -5401.5 -10425.7 -4277.33 -2565.25 1589.76 -4062.31 5401.5 -1761.25 -491.94 2565.25
3.41 -54.895 3879.39 -3970.42 -10120.3 -304.178 -2607.84 54.895 -3879.39 3970.42 -1517.88 139.493 2607.84
3.42 1178.02 3564.44 -2078.24 -9346.71 3309.5 -2457.71 -1178.02 -3564.44 2078.24 -1346.59 224.565 2457.71
3.43 2321.39 3197.66 -45.2074 -8279.24 6729.7 -2145.7 -2321.39 -3197.66 45.2074 -1313.75 234.476 2145.7
3.44 3631.23 2668.35 1910.34 -6781.17 10207.8 -1689.67 -3631.23 -2668.35 -1910.34 -1223.89 685.838 1689.67
3.45 5066.8 1850.91 3686.66 -4674.69 13612.8 -1108.15 -5066.8 -1850.91 -3686.66 -878.043 1587.61 1108.15
3.46 6176.96 774.126 5283.39 -2017.89 16218.8 -430.084 -6176.96 -774.126 -5283.39 -304.483 2312.06 430.084
3.47 6603.19 -391.165 6785.89 888.851 17436.4 283.133 -6603.19 391.165 -6785.89 284.645 2373.16 -283.133
3.48 6412.02 -1473.74 8089.57 3701.9 17341.4 947.677 -6412.02 1473.74 -8089.57 719.324 1894.71 -947.677
3.49 5935.67 -2393.25 8894.04 6175.65 16377.8 1497.93 -5935.67 2393.25 -8894.04 1004.09 1429.17 -1497.93
3.5 5439.95 -3120.04 8986.17 8124.73 14902.4 1895.95 -5439.95 3120.04 -8986.17 1235.38 1417.47 -1895.95
3.51 4751.16 -3593.64 8261.13 9336.63 12640.1 2134.71 -4751.16 3593.64 -8261.13 1444.29 1613.36 -2134.71
3.52 3512.74 -3720.1 6746.18 9603.36 9072.66 2212.21 -3512.74 3720.1 -6746.18 1556.94 1465.58 -2212.21
3.53 1642.61 -3448.62 4649.62 8857.69 4196.99 2111.94 -1642.61 3448.62 -4649.62 1488.18 730.85 -2111.94
3.54 -558.167 -2828.57 2156.53 7254.48 -1364.62 1827.44 558.167 2828.57 -2156.53 1231.23 -309.885 -1827.44
3.55 -2550.79 -1985.47 -570.571 5106.38 -6602.65 1376.53 2550.79 1985.47 570.571 850.018 -1049.72 -1376.53
3.56 -4059.1 -1056.14 -3247.93 2747.29 -10907.3 815.943 4059.1 1056.14 3247.93 421.119 -1269.98 -815.943
3.57 -5195.14 -150.128 -5635.29 442.148 -14337.3 224.386 5195.14 150.128 5635.29 8.23547 -1248.1 -224.386
3.58 -6171.13 656.223 -7605.55 -1634.92 -17143.5 -338.087 6171.13 -656.223 7605.55 -333.748 -1369.87 338.087
3.59 -7080.77 1327.63 -9068.56 -3404.02 -19453.4 -832.259 7080.77 -1327.63 9068.56 -578.876 -1788.88 832.259
3.6 -7728.28 1877.24 -10062.3 -4868.12 -20987.4 -1234.61 7728.28 -1877.24 10062.3 -763.594 -2197.45 1234.61
3.61 -7887.49 2331.31 -10640.8 -6036.18 -21391.2 -1514.75 7887.49 -2331.31 10640.8 -957.754 -2271.24 1514.75
3.62 -7539.15 2653.63 -10699.3 -6797.82 -20633.9 -1626.23 7539.15 -2653.63 10699.3 -1163.08 -1983.55 1626.23
3.63 -6794.79 2714.12 -10136.8 -6885.73 -18857.7 -1540.3 6794.79 -2714.12 10136.8 -1256.63 -1526.68 1540.3
3.64 -5834.95 2373.06 -8909.74 -6031.18 -16318 -1261.37 5834.95 -2373.06 8909.74 -1087.99 -1186.91 1261.37
3.65 -4695.89 1621.85 -6982.15 -4210.47 -13109.6 -833.281 4695.89 -1621.85 6982.15 -655.077 -978.075 833.281
3.66 -3316.91 626.945 -4489.33 -1732.65 -9212 -318.137 3316.91 -626.945 4489.33 -148.185 -738.741 318.137
3.67 -1721.48 -390.884 -1704.64 946.427 -4810.11 239.923 1721.48 390.884 1704.64 226.225 -354.34 -239.923
3.68 0.0174133 -1319.2 1104.35 3497.68 -219.848 807.591 -0.0174133 1319.2 -1104.35 459.93 219.9 -807.591
3.69 1621.52 -2173.05 3610.06 5787.63 4054.53 1350.26 -1621.52 2173.05 -3610.06 731.533 810.044 -1350.26
3.7 2927.77 -2950.42 5551.96 7696.01 7541.26 1815.21 -2927.77 2950.42 -5551.96 1155.24 1242.06 -1815.21
3.71 3824.62 -3512.55 6897.74 8955.19 10039.1 2133.06 -3824.62 3512.55 -6897.74 1582.45 1434.77 -2133.06
3.72 4302.02 -3663.4 7671.79 9269.93 11522.6 2257.39 -4302.02 3663.4 -7671.79 1720.28 1383.45 -2257.39
3.73 4509.08 -3357.9 7904.25 8613.72 12238.5 2178.27 -4509.08 3357.9 -7904.25 1459.99 1288.71 -2178.27
3.74 4575.17 -2784.82 7665.29 7325.36 12431 1919.93 -4575.17 2784.82 -7665.29 1029.11 1294.54 -1919.93
3.75 4504.08 -2191.77 6936.94 5818.41 12109.3 1518.54 -4504.08 2191.77 -6936.94 756.884 1402.91 -1518.54
3.76 4193.64 -1627.61 5712.95 4182.41 11118.2 994.261 -4193.64 1627.61 -5712.95 700.423 1462.78 -994.261
3.77 3458.99 -903.482 4112.6 2137.2 9171.14 368.268 -3458.99 903.482 -4112.6 573.246 1205.84 -368.268
3.78 2310.71 159.399 2204.23 -563.56 6288.25 -320.255 -2310.71 -159.399 -2204.23 85.3626 643.871 320.255
3.79 968.488 1463.4 32.9431 -3703.93 2883.58 -1004.83 -968.488 -1463.4 -32.9431 -686.261 21.8865 1004.83
3.8 -305.855 2657.55 -2238.03 -6635.81 -530.302 -1602.54 305.855 -2657.55 2238.03 -1336.83 -387.262 1602.54
3.81 -1347.94 3435.39 -4392.91 -8751.05 -3541.02 -2055.48 1347.94 -3435.39 4392.91 -1555.13 -502.798 2055.48
3.82 -2240.23 3776.9 -6118.75 -9885.35 -6096.73 -2339.22 2240.23 -3776.9 6118.75 -1445.35 -623.947 2339.22
3.83 -3057.85 3869.48 -7061.69 -10235.9 -8190.12 -2452.67 3057.85 -3869.48 7061.69 -1372.57 -983.435 2452.67
3.84 -3681.33 3819.36 -7138.46 -9946.57 -9552.41 -2398.09 3681.33 -3819.36 7138.46 -1511.52 -1491.59 2398.09
3.85 -3878.52 3507.92 -6512.82 -8891.63 -9825.35 -2164.06 3878.52 -3507.92 6512.82 -1632.12 -1810.21 2164.06
3.86 -3468.74 2766.93 -5380.02 -6922.29 -8784.34 -1751.73 3468.74 -2766.93 5380.02 -1378.49 -1621.87 1751.73
3.87 -2609.26 1656.57 -3931.41 -4255.87 -6725.2 -1193.93 2609.26 -1656.57 3931.41 -713.85 -1102.57 1193.93
3.88 -1637.82 497.755 -2236.14 -1490.4 -4239.64 -556.088 1637.82 -497.755 2236.14 -2.86128 -673.811 556.088
3.89 -730.407 -402.116 -259.516 833.766 -1632.44 81.493 730.407 402.116 259.516 372.583 -558.778 -81.493
3.9 205.302 -1023.21 1885.21 2650.67 1210.02 662.283 -205.302 1023.21 -1885.21 418.954 -594.115 -662.283
3.91 1452.42 -1590.97 4006.45 4284.71 4670.73 1154.65 -1452.42 1590.97 -4006.45 488.21 -313.482 -1154.65
3.92 3064.07 -2263.91 5994.13 5949.22 8770.79 1535.24 -3064.07 2263.91 -5994.13 842.51 421.426 -1535.24
3.93 4733.61 -2906.81 7726.92 7385.14 12909.2 1774.06 -4733.61 2906.81 -7726.92 1335.3 1291.63 -1774.06
3.94 6062.2 -3201.75 9087.65 8034.74 16315.3 1829.57 -6062.2 3201.75 -9087.65 1570.52 1871.27 -1829.57
3.95 6807.4 -2962.05 9942.61 7544.21 18452.5 1681.82 -6807.4 2962.05 -9942.61 1341.95 1969.73 -1681.82
3.96 7067.76 -2296.77 10025.4 6046.93 19313.4 1350.74 -7067.76 2296.77 -10025.4 843.379 1889.86 -1350.74
3.97 7020.18 -1464.8 9164.47 3966.57 19100.8 888.727 -7020.18 1464.8 -9164.47 427.839 1959.76 -888.727
3.98 6646.07 -615.852 7480.75 1628.01 17781.8 359.382 -6646.07 615.852 -7480.75 219.546 2156.38 -359.382
3.99 5806.03 280.198 5234.11 -868.128 15213.3 -194.083 -5806.03 -280.198 -5234.11 27.5341 2204.8 194.083
4 4383.32 1263.66 2744.54 -3422.51 11347.1 -741.244 -4383.32 -1263.66 -2744.54 -368.478 1802.89 741.244
