0.01 2.80332 -3.31985 -4.39804 28.6026 8.50252 -5.85707 -2.80332 3.31985 4.39804 -28.6026 4.69158 -4.10249
0.02 24.887 -25.9152 -34.8621 145.235 65.6407 -44.6865 -24.887 25.9152 34.8621 -145.235 38.9457 -33.059
0.03 107.451 -99.5613 -135.383 392.528 246.291 -165.492 -107.451 99.5613 135.383 -392.528 159.858 -133.192
0.04 308.374 -257.922 -351.472 784.467 610.961 -406.811 -308.374 257.922 351.472 -784.467 443.456 -366.957
0.05 681.339 -523.124 -707.022 1318.89 1161.91 -773.98 -681.339 523.124 707.022 -1318.89 959.155 -795.391
0.06 1268.58 -912.987 -1215.34 2000.94 1883.62 -1270.28 -1268.58 912.987 1215.34 -2000.94 1762.4 -1468.68
0.07 2102.75 -1452.88 -1907.37 2838.14 2822.63 -1940.18 -2102.75 1452.88 1907.37 -2838.14 2899.47 -2418.46
0.08 3190.46 -2159.08 -2822.55 3807.26 4077.83 -2842.29 -3190.46 2159.08 2822.55 -3807.26 4389.81 -3634.95
0.09 4479.45 -2996.48 -3952.59 4849.21 5675.29 -3953.8 -4479.45 2996.48 3952.59 -4849.21 6182.49 -5035.65
0.1 5846.34 -3859.98 -5199.12 5878.84 7463.56 -5116.58 -5846.34 3859.98 5199.12 -5878.84 8133.81 -6463.35
0.11 7134.8 -4616.91 -6407.15 6813.18 9172.12 -6113.09 -7134.8 4616.91 6407.15 -6813.18 10049.3 -7737.63
0.12 8224.57 -5180.41 -7455.54 7591.25 10597.7 -6812.58 -8224.57 5180.41 7455.54 -7591.25 11768.9 -8728.64
0.13 9070.53 -5542.83 -8314.94 8166.48 11724.9 -7236.5 -9070.53 5542.83 8314.94 -8166.48 13220 -9391.98
0.14 9677.59 -5737.82 -9014.18 8496.15 12651.7 -7474.78 -9677.59 5737.82 9014.18 -8496.15 14390.9 -9738.67
0.15 10042.8 -5775.9 -9554.43 8537.2 13406.2 -7550.31 -10042.8 5775.9 9554.43 -8537.2 15257.1 -9777.38
0.16 10124.8 -5624.01 -9864.86 8259.07 13856.7 -7383.49 -10124.8 5624.01 9864.86 -8259.07 15737.9 -9488.54
0.17 9866.55 -5245.5 -9844.11 7662.07 13808.7 -6887.7 -9866.55 5245.5 9844.11 -7662.07 15723.7 -8848.8
0.18 9239.31 -4647.9 -9436.43 6780.31 13171.6 -6075.82 -9239.31 4647.9 9436.43 -6780.31 15137.7 -7867.89
0.19 8258.7 -3883 -8660.23 5670.81 12013.2 -5054.62 -8258.7 3883 8660.23 -5670.81 13967.5 -6594.37
0.2 6964.79 -3004.83 -7567.88 4396.97 10457.6 -3923.07 -6964.79 3004.83 7567.88 -4396.97 12246 -5091.43
0.21 5400.49 -2040.91 -6193.51 3020.9 8560.49 -2702.19 -5400.49 2040.91 6193.51 -3020.9 10020 -3420.53
0.22 3618.78 -1011.69 -4552.24 1607.59 6304.3 -1378.83 -3618.78 1011.69 4552.24 -1607.59 7352.43 -1656.24
0.23 1707.68 28.2402 -2687.62 228.771 3710.46 -4.91518 -1707.68 -28.2402 2687.62 -228.771 4352.4 89.6358
0.24 -204.646 982.604 -706.502 -1041.56 928.662 1272.82 204.646 -982.604 706.502 1041.56 1190.85 1674.99
0.25 -1983.24 1756.59 1244.43 -2140.36 -1801.84 2295.51 1983.24 -1756.59 -1244.43 2140.36 -1931.45 2974.24
0.26 -3533.43 2309.64 3040.92 -3027.69 -4280.44 3000.89 3533.43 -2309.64 -3040.92 3027.69 -4842.31 3928.04
0.27 -4820.34 2665.89 4621.55 -3688.57 -6430.7 3444.9 4820.34 -2665.89 -4621.55 3688.57 -7433.97 4552.75
0.28 -5847.32 2875.79 5971.89 -4126.44 -8266.32 3722.16 5847.32 -2875.79 -5971.89 4126.44 -9649.36 4905.22
0.29 -6618.54 2971.92 7076.56 -4356.06 -9789.16 3876.78 6618.54 -2971.92 -7076.56 4356.06 -11440.5 5038.98
0.3 -7121.32 2960.53 7891.18 -4402.12 -10930.6 3892.77 7121.32 -2960.53 -7891.18 4402.12 -12742.9 4988.82
0.31 -7338.5 2847.3 8358.6 -4302.35 -11587.9 3756.24 7338.5 -2847.3 -8358.6 4302.35 -13487.9 4785.66
0.32 -7271.55 2660.81 8447.51 -4107.65 -11705.7 3507.81 7271.55 -2660.81 -8447.51 4107.65 -13636.9 4474.61
0.33 -6950.68 2447.61 8174.93 -3875.36 -11319 3228.36 6950.68 -2447.61 -8174.93 3875.36 -13205.8 4114.48
0.34 -6427.91 2249.1 7597.23 -3658.53 -10527.1 2983.82 6427.91 -2249.1 -7597.23 3658.53 -12264.6 3763.47
0.35 -5766.02 2088.77 6786.49 -3497.59 -9439.35 2795.96 5766.02 -2088.77 -6786.49 3497.59 -10920.1 3470.36
0.36 -5034.29 1981.66 5816.51 -3418.51 -8147.85 2666.41 5034.29 -1981.66 -5816.51 3418.51 -9301.69 3278.58
0.37 -4308.03 1949.02 4764.87 -3434.93 -6741.78 2616.24 4308.03 -1949.02 -4764.87 3434.93 -7552.83 3230.82
0.38 -3661.67 2016.14 3717.7 -3549.36 -5329.97 2688.77 3661.67 -2016.14 -3717.7 3549.36 -5823.12 3359.65
0.39 -3153.23 2192.29 2763.41 -3751.29 -4037.62 2910.41 3153.23 -2192.29 -2763.41 3751.29 -4252.6 3666.44
0.4 -2809.59 2453.33 1975.53 -4014.62 -2974.82 3252.7 2809.59 -2453.33 -1975.53 4014.62 -2951.76 4107.3
0.41 -2624.04 2745.59 1397.39 -4298.89 -2204.26 3636.12 2624.04 -2745.59 -1397.39 4298.89 -1987.92 4600.66
0.42 -2567.39 3008.02 1039.95 -4555.23 -1734.18 3971.13 2567.39 -3008.02 -1039.95 4555.23 -1385.65 5052.92
0.43 -2604.09 3193.57 892.388 -4734.33 -1538.53 4196.51 2604.09 -3193.57 -892.388 4734.33 -1138.64 5384.19
0.44 -2702.45 3275 935.719 -4792.25 -1584.32 4285.45 2702.45 -3275 -935.719 4792.25 -1222.84 5539.54
0.45 -2834.95 3237.24 1148.31 -4692.94 -1843.77 4225.81 2834.95 -3237.24 -1148.31 4692.94 -1601.17 5485.9
0.46 -2972.25 3069.03 1500.49 -4409.34 -2283.81 4002.68 2972.25 -3069.03 -1500.49 4409.34 -2217.65 5204.4
0.47 -3077.37 2762.2 1944.11 -3925.72 -2844.75 3599.93 3077.37 -2762.2 -1944.11 3925.72 -2987.59 4686.67
0.48 -3104.25 2316.15 2407.55 -3241.39 -3428.63 3013.12 3104.25 -2316.15 -2407.55 3241.39 -3794.01 3935.32
0.49 -3002.13 1740.55 2802.54 -2373.31 -3910.45 2256.46 3002.13 -1740.55 -2802.54 2373.31 -4497.17 2965.18
0.5 -2724.21 1053.86 3040.95 -1355.28 -4167.53 1358 2724.21 -1053.86 -3040.95 1355.28 -4955.33 1803.58
0.51 -2237.8 281.077 3052.1 -233.908 -4108.1 351.854 2237.8 -281.077 -3052.1 233.908 -5048.2 491.377
0.52 -1532.25 -545.691 2791.8 936.614 -3682.02 -722.462 1532.25 545.691 -2791.8 -936.614 -4693.39 -914.611
0.53 -621.942 -1384.92 2241.85 2098.67 -2873.13 -1814.43 621.942 1384.92 -2241.85 -2098.67 -3852.43 -2340.32
0.54 455.956 -2186.2 1405.88 3194.21 -1688.02 -2859.91 -455.956 2186.2 -1405.88 -3194.21 -2529.64 -3698.69
0.55 1647.41 -2896.41 308.35 4167.95 -155.826 -3788.4 -1647.41 2896.41 -308.35 -4167.95 -769.224 -4900.82
0.56 2888.89 -3469.55 -1003.38 4971.79 1662.35 -4537.72 -2888.89 3469.55 1003.38 -4971.79 1347.78 -5870.94
0.57 4114.86 -3875.46 -2459.48 5569.67 3669.08 -5067.58 -4114.86 3875.46 2459.48 -5569.67 3709.36 -6558.81
0.58 5264.15 -4103.37 -3975.08 5941.12 5742.46 -5364.94 -5264.15 4103.37 3975.08 -5941.12 6182.77 -6945.16
0.59 6283.8 -4159.74 -5461.61 6082.1 7758.3 -5440.17 -6283.8 4159.74 5461.61 -6082.1 8626.53 -7039.06
0.6 7129.12 -4062.65 -6834.69 6003.72 9605.26 -5318.01 -7129.12 4062.65 6834.69 -6003.72 10898.8 -6869.93
0.61 7761 -3835.87 -8014.5 5730.03 11182.9 -5029.09 -7761 3835.87 8014.5 -5730.03 12860.6 -6478.51
0.62 8143.83 -3505.28 -8923.07 5295.94 12391.5 -4605.46 -8143.83 3505.28 8923.07 -5295.94 14377.7 -5910.38
0.63 8247.74 -3098.08 -9486.93 4744.86 13131.5 -4080.79 -8247.74 3098.08 9486.93 -4744.86 15329.3 -5213.44
0.64 8055.42 -2643.63 -9648.35 4125.28 13321.7 -3492.64 -8055.42 2643.63 9648.35 -4125.28 15623.4 -4438.24
0.65 7569.84 -2173.83 -9379.61 3486.14 12923.9 -2882.98 -7569.84 2173.83 9379.61 -3486.14 15214.9 -3638.51
0.66 6817.93 -1721.55 -8690.61 2871.86 11956.4 -2295.2 -6817.93 1721.55 8690.61 -2871.86 14115.4 -2869.44
0.67 5847.72 -1317.35 -7625.63 2318.41 10485.6 -1768.91 -5847.72 1317.35 7625.63 -2318.41 12391.3 -2183.14
0.68 4721.01 -985.798 -6253.11 1850.99 8607.05 -1335.07 -4721.01 985.798 6253.11 -1850.99 10152.3 -1622.32
0.69 3505.05 -742.277 -4656.22 1483.01 6431.01 -1013.01 -3505.05 742.277 4656.22 -1483.01 7537.66 -1213.82
0.7 2265.86 -590.695 -2927.94 1215.82 4078.63 -808.357 -2265.86 590.695 2927.94 -1215.82 4705.19 -963.729
0.71 1063.63 -522.128 -1167.91 1038.88 1682.64 -710.931 -1063.63 522.128 1167.91 -1038.88 1821.08 -855.453
0.72 -50.5902 -515.284 523.159 930.862 -619.18 -694.063 50.5902 515.284 -523.159 -930.862 -950.297 -851.788
0.73 -1036.8 -539.837 2052.17 862.127 -2698.85 -718.021 1036.8 539.837 -2052.17 -862.127 -3457.65 -901.489
0.74 -1866.11 -562.43 3341.84 798.487 -4452.8 -738.378 1866.11 562.43 -3341.84 -798.487 -5572.71 -948.911
0.75 -2519.28 -553.172 4334.75 705.353 -5807.56 -715.906 2519.28 553.172 -4334.75 -705.353 -7196.7 -943.611
0.76 -2985.57 -489.782 4993.72 551.499 -6717.1 -622.73 2985.57 489.782 -4993.72 -551.499 -8264.05 -846.617
0.77 -3263.64 -358.094 5302.15 312.059 -7160.22 -442.244 3263.64 358.094 -5302.15 -312.059 -8746.22 -632.038
0.78 -3364.24 -150.287 5266.92 -29.1128 -7144.34 -165.347 3364.24 150.287 -5266.92 29.1128 -8656.43 -285.514
0.79 -3312.66 136.57 4922.07 -477.561 -6712.99 212.105 3312.66 -136.57 -4922.07 477.561 -8053.21 197.605
0.8 -3148.08 500.134 4328.96 -1027.02 -5948.43 688.075 3148.08 -500.134 -4328.96 1027.02 -7038.44 812.328
0.81 -2918.9 931.176 3570.22 -1659.36 -4963.09 1251.05 2918.9 -931.176 -3570.22 1659.36 -5747.56 1542.47
0.82 -2675.54 1412.45 2738.83 -2345.89 -3882.71 1878.25 2675.54 -1412.45 -2738.83 2345.89 -4333.79 2359.09
0.83 -2463.34 1919.07 1926.72 -3049.93 -2829.27 2536.83 2463.34 -1919.07 -1926.72 3049.93 -2950.88 3220.38
0.84 -2317.48 2420.24 1216.28 -3730.03 -1910.15 3187 2317.48 -2420.24 -1216.28 3730.03 -1738.69 4073.72
0.85 -2260.61 2881.63 675.542 -4343.39 -1213.58 3785.03 2260.61 -2881.63 -675.542 4343.39 -813.042 4859.85
0.86 -2302.67 3268.38 355.031 -4849.14 -806.001 4286.38 2302.67 -3268.38 -355.031 4849.14 -259.093 5518.75
0.87 -2442.06 3548.98 284.917 -5211.7 -727.873 4650.03 2442.06 -3548.98 -284.917 5211.7 -126.878 5996.91
0.88 -2667.53 3699.64 472.516 -5403.8 -988.954 4844.44 2667.53 -3699.64 -472.516 5403.8 -428.594 6254.47
0.89 -2960.01 3707.75 901.402 -5409 -1566.15 4852.93 2960.01 -3707.75 -901.402 5409 -1138.06 6270.3
0.9 -3294.08 3573.06 1532.88 -5223.22 -2405.97 4675.64 3294.08 -3573.06 -1532.88 5223.22 -2192.66 6043.56
0.91 -3638.61 3306.13 2309.3 -4854.94 -3430.31 4327.05 3638.61 -3306.13 -2309.3 4854.94 -3497.6 5591.33
0.92 -3957.41 2925.18 3158.27 -4324.39 -4542.83 3831.28 3957.41 -2925.18 -3158.27 4324.39 -4931.99 4944.26
0.93 -4210.48 2453.35 3997.17 -3661.74 -5634.69 3217.99 4210.48 -2453.35 -3997.17 3661.74 -6356.82 4142.06
0.94 -4356.97 1916.97 4738.8 -2904.76 -6590.93 2520.61 4356.97 -1916.97 -4738.8 2904.76 -7625.46 3230.3
0.95 -4359.58 1344.82 5298.68 -2095.89 -7299.52 1775.98 4359.58 -1344.82 -5298.68 2095.89 -8596.51 2258.47
0.96 -4189.7 767.188 5603.71 -1278.97 -7663.19 1023.41 4189.7 -767.188 -5603.71 1278.97 -9147.95 1278.15
0.97 -3831.67 214.309 5600.43 -495.706 -7611.32 302.31 3831.67 -214.309 -5600.43 495.706 -9189.99 340.617
0.98 -3285.03 -285.911 5260.67 217.568 -7107.97 -351.089 3285.03 285.911 -5260.67 -217.568 -8674.05 -506.643
0.99 -2564.34 -710.312 4583.5 832.536 -6154.14 -906.913 2564.34 710.312 -4583.5 -832.536 -7596.35 -1224.02
1 -1696.8 -1042.73 3593.81 1330.65 -4784.98 -1344.29 1696.8 1042.73 -3593.81 -1330.65 -5996.46 -1783.9
1.01 -718.944 -1275.8 2339.13 1704 -3064.88 -1653.46 718.944 1275.8 -2339.13 -1704 -3952.51 -2173.95
1.02 326.736 -1411.92 885.697 1955.27 -1082.56 -1837.11 -326.736 1411.92 -885.697 -1955.27 -1574.53 -2398.66
1.03 1394.46 -1462.91 -685.618 2096.93 1053.79 -1910.25 -1394.46 1462.91 685.618 -2096.93 1003.06 -2478.48
1.04 2437.14 -1448.08 -2284.2 2149.54 3222.59 -1897.86 -2437.14 1448.08 2284.2 -2149.54 3630 -2446.38
1.05 3408.11 -1391.06 -3815.62 2139.36 5296.99 -1830.68 -3408.11 1391.06 3815.62 -2139.36 6149.87 -2342.51
1.06 4263 -1316.25 -5188.39 2095.43 7154.48 -1740.27 -4263 1316.25 5188.39 -2095.43 8410.7 -2208.49
1.07 4962.17 -1245.91 -6320.69 2046.54 8686.13 -1655.18 -4962.17 1245.91 6320.69 -2046.54 10275.9 -2082.54
1.08 5473.63 -1198.31 -7146.34 2018.31 9804.3 -1598.64 -5473.63 1198.31 7146.34 -2018.31 11634.7 -1996.3
1.09 5775.96 -1187.01 -7619.82 2030.76 10448.7 -1587.81 -5775.96 1187.01 7619.82 -2030.76 12410.7 -1973.22
1.1 5860.76 -1220.43 -7719.98 2096.41 10591.1 -1633.47 -5860.76 1220.43 7719.98 -2096.41 12568.8 -2027.83
1.11 5733.79 -1301.66 -7452.2 2219.15 10238.5 -1739.68 -5733.79 1301.66 7452.2 -2219.15 12118.1 -2165.3
1.12 5414.5 -1428.01 -6848.08 2393.78 9432.92 -1903.11 -5414.5 1428.01 6848.08 -2393.78 11111.3 -2380.94
1.13 4933.59 -1590.83 -5962.41 2606.58 8247.85 -2112.66 -4933.59 1590.83 5962.41 -2606.58 9639.39 -2659.83
1.14 4329.53 -1775.55 -4867.53 2836.62 6780.29 -2349.6 -4329.53 1775.55 4867.53 -2836.62 7822.31 -2977.05
1.15 3644.49 -1962.61 -3646.46 3057.86 5141.19 -2588.72 -3644.49 1962.61 3646.46 -3057.86 5798.19 -3299.1
1.16 2920.93 -2129.05 -2385.96 3241.66 3446.08 -2800.47 -2920.93 2129.05 2385.96 -3241.66 3711.8 -3586.67
1.17 2199.02 -2250.93 -1170.42 3359.56 1807.16 -2954.01 -2199.02 2250.93 1170.42 -3359.56 1704.12 -3798.78
1.18 1514.93 -2306.17 -76.5408 3385.95 326.622 -3020.85 -1514.93 2306.17 76.5408 -3385.95 -96.9992 -3897.66
1.19 899.461 -2277.28 831.529 3300.59 -909.623 -2978.39 -899.461 2277.28 -831.529 -3300.59 -1584.96 -3853.43
1.2 376.744 -2153.54 1506.5 3090.67 -1837.98 -2812.87 -376.744 2153.54 -1506.5 -3090.67 -2681.51 -3647.76
1.21 -37.2258 -1932.21 1921.38 2752.26 -2422.04 -2520.83 37.2258 1932.21 -1921.38 -2752.26 -3342.12 -3275.79
1.22 -335.87 -1618.43 2071.47 2290.93 -2655.2 -2109.18 335.87 1618.43 -2071.47 -2290.93 -3559.22 -2746.12
1.23 -522.798 -1224.43 1974.35 1721.55 -2560.56 -1593.91 522.798 1224.43 -1974.35 -1721.55 -3362.47 -2079.38
1.24 -611.666 -767.949 1668.07 1067.26 -2188.28 -998.093 611.666 767.949 -1668.07 -1067.26 -2815.95 -1305.75
1.25 -624.884 -270.757 1207.69 357.772 -1610.83 -349.871 624.884 270.757 -1207.69 -357.772 -2012.25 -462.4
1.26 -591.174 242.828 660.217 -372.86 -916.655 319.406 591.174 -242.828 -660.217 372.86 -1064 409.077
1.27 -542.289 747.275 98.4992 -1088.83 -202.166 976.81 542.289 -747.275 -98.4992 1088.83 -93.3319 1265.02
1.28 -509.431 1217.27 -405.53 -1755.32 437.251 1589.62 509.431 -1217.27 405.53 1755.32 779.34 2062.2
1.29 -520.021 1629.37 -787.412 -2341.12 916.113 2127.45 520.021 -1629.37 787.412 2341.12 1446.12 2760.67
1.3 -595.317 1963.84 -995.625 -2820.96 1166.26 2564.69 595.317 -1963.84 995.625 2820.96 1820.62 3326.82
1.31 -749.068 2206.41 -995.423 -3177.26 1141.91 2882.81 749.068 -2206.41 995.423 3177.26 1844.36 3736.42
1.32 -987.004 2349.75 -770.98 -3401.25 822.379 3072.24 987.004 -2349.75 770.98 3401.25 1490.56 3977
1.33 -1306.85 2394.12 -326.085 -3493.25 212.84 3133.24 1306.85 -2394.12 326.085 3493.25 765.415 4049.12
1.34 -1698.53 2347.24 316.331 -3462.32 -656.244 3075.71 1698.53 -2347.24 -316.331 3462.32 -292.75 3966
1.35 -2144.58 2223.2 1115.78 -3325.11 -1731.09 2917.83 2144.58 -2223.2 -1115.78 3325.11 -1616.25 3751.78
1.36 -2620.77 2040.71 2017.02 -3104.13 -2938.21 2683.74 2620.77 -2040.71 -2017.02 3104.13 -3112.87 3438.39
1.37 -3097.35 1820.86 2954.14 -2825.61 -4189.79 2400.73 3097.35 -1820.86 -2954.14 2825.61 -4672.62 3061.86
1.38 -3540.94 1584.97 3855.65 -2517.05 -5390.68 2096.31 3540.94 -1584.97 -3855.65 2517.05 -6176.26 2658.6
1.39 -3917.11 1352.67 4650.29 -2204.78 -6446.03 1795.78 3917.11 -1352.67 -4650.29 2204.78 -7504.85 2262.23
1.4 -4193.37 1140.53 5272.91 -1911.73 -7269.16 1520.45 4193.37 -1140.53 -5272.91 1911.73 -8549.55 1901.15
1.41 -4342.22 961.115 5669.76 -1655.6 -7788.58 1286.48 4342.22 -961.115 -5669.76 1655.6 -9220.72 1596.86
1.42 -4343.64 822.356 5803.01 -1447.47 -7953.8 1104.15 4343.64 -822.356 -5803.01 1447.47 -9455.24 1362.91
1.43 -4186.85 727.165 5653.65 -1291.21 -7739.41 977.321 4186.85 -727.165 -5653.65 1291.21 -9221.55 1204.17
1.44 -3871.06 673.233 5222.87 -1183.45 -7146.93 903.139 3871.06 -673.233 -5222.87 1183.45 -8521.67 1116.56
1.45 -3405.19 653.177 4531.55 -1114.26 -6204.22 872.211 3405.19 -653.177 -4531.55 1114.26 -7390.44 1087.32
1.46 -2806.95 655.167 3618.33 -1068.45 -4962.84 869.375 2806.95 -655.167 -3618.33 1068.45 -5892.14 1096.13
1.47 -2101.45 664.106 2536.23 -1027.37 -3493.62 875.235 2101.45 -664.106 -2536.23 1027.37 -4115.06 1117.08
1.48 -1319.64 663.284 1348.71 -970.949 -1881.32 868.31 1319.64 -663.284 -1348.71 970.949 -2164.83 1121.54
1.49 -496.607 636.343 125.119 -879.889 -218.606 827.565 496.607 -636.343 -125.119 879.889 -156.75 1081.46
1.5 330.256 569.239 -1064.09 -737.739 1400.14 734.953 -330.256 -569.239 1064.09 737.739 1792.12 972.764
1.51 1123.35 451.942 -2152.14 -532.705 2885.31 577.608 -1123.35 -451.942 2152.14 532.705 3571.12 778.217
1.52 1847.17 279.596 -3080.66 -259.022 4158.25 349.363 -1847.17 -279.596 3080.66 259.022 5083.71 489.424
1.53 2470.77 53.0218 -3803.77 82.2361 5156.96 51.4031 -2470.77 -53.0218 3803.77 -82.2361 6254.36 107.662
1.54 2969.94 -221.44 -4291.37 482.976 5840.34 -307.958 -2969.94 221.44 4291.37 -482.976 7033.76 -356.361
1.55 3329.03 -532.597 -4530.95 928.558 6190.8 -714.17 -3329.03 532.597 4530.95 -928.558 7402.04 -883.623
1.56 3541.8 -865.409 -4528.04 1398.87 6214.81 -1147.76 -3541.8 865.409 4528.04 -1398.87 7369.32 -1448.47
1.57 3611.49 -1202.14 -4305.06 1869.87 5941.38 -1585.83 -3611.49 1202.14 4305.06 -1869.87 6973.81 -2020.6
1.58 3549.96 -1523.64 -3898.8 2315.55 5418.81 -2003.66 -3549.96 1523.64 3898.8 -2315.55 6277.57 -2567.25
1.59 3376.18 -1810.62 -3356.85 2709.99 4710.03 -2376.38 -3376.18 1810.62 3356.85 -2709.99 5360.5 -3055.47
1.6 3114.29 -2045.13 -2733.38 3029.5 3886.95 -2680.8 -3114.29 2045.13 2733.38 -3029.5 4313.18 -3454.58
1.61 2791.62 -2211.96 -2084.6 3254.55 3024.43 -2897.25 -2791.62 2211.96 2084.6 -3254.55 3229.36 -3738.63
1.62 2436.62 -2300.02 -1464.37 3371.35 2194.46 -3011.4 -2436.62 2300.02 1464.37 -3371.35 2198.64 -3888.67
1.63 2077 -2303.41 -920.272 3372.93 1460.84 -3015.59 -2077 2303.41 920.272 -3372.93 1299.97 -3894.63
1.64 1738.01 -2222.04 -490.327 3259.68 874.834 -2909.74 -1738.01 2222.04 490.327 -3259.68 596.146 -3756.39
1.65 1440.74 -2061.74 -200.472 3039.28 471.769 -2701.37 -1440.74 2061.74 200.472 -3039.28 129.647 -3483.86
1.66 1200.74 -1833.64 -62.9537 2725.95 268.864 -2404.88 -1200.74 1833.64 62.9537 -2725.95 -80.0027 -3096.04
1.67 1026.8 -1553.09 -75.7052 2339.33 264.301 -2040.16 -1026.8 1553.09 75.7052 -2339.33 -37.1855 -2619.13
1.68 920.335 -1238.22 -222.836 1902.77 437.8 -1630.64 -920.335 1238.22 222.836 -1902.77 230.709 -2084.01
1.69 875.369 -908.221 -476.27 1441.49 752.732 -1201.17 -875.369 908.221 476.27 -1441.49 676.079 -1523.49
1.7 879.25 -581.851 -798.43 980.55 1159.66 -775.995 -879.25 581.851 798.43 -980.55 1235.63 -969.558
1.71 914.072 -275.991 -1145.73 542.906 1600.97 -376.93 -914.072 275.991 1145.73 -542.906 1836.22 -451.043
1.72 958.558 -4.55055 -1472.52 147.735 2016.13 -21.9665 -958.558 4.55055 1472.52 -147.735 2401.44 8.31481
1.73 990.191 222.36 -1735.09 -190.896 2346.97 275.791 -990.191 -222.36 1735.09 190.896 2858.29 391.288
1.74 987.307 398.973 -1895.3 -464.863 2542.61 508.817 -987.307 -398.973 1895.3 464.863 3143.3 688.102
1.75 930.964 524.122 -1923.72 -672.276 2563.54 675.503 -930.964 -524.122 1923.72 672.276 3207.61 896.864
1.76 806.467 601.17 -1801.77 -817.221 2384.7 780.08 -806.467 -601.17 1801.77 817.221 3020.62 1023.43
1.77 604.513 637.57 -1523.12 -908.974 1997.22 832.063 -604.513 -637.57 1523.12 908.974 2572.13 1080.65
1.78 321.973 644.031 -1093.93 -960.773 1408.98 845.189 -321.973 -644.031 1093.93 960.773 1872.82 1086.91
1.79 -37.6971 633.347 -532.394 -988.286 643.873 835.892 37.6971 -633.347 532.394 988.286 953.31 1064.15
1.8 -464.424 618.966 132.737 -1007.88 -259.953 821.471 464.424 -618.966 -132.737 1007.88 -138.259 1035.43
1.81 -941.919 613.501 864.216 -1034.92 -1252.9 818.149 941.919 -613.501 -864.216 1034.92 -1339.74 1022.35
1.82 -1448.57 627.354 1619.03 -1082.14 -2277.5 839.302 1448.57 -627.354 -1619.03 1082.14 -2579.6 1042.76
1.83 -1958.8 667.635 2351.58 -1158.37 -3272.61 894.049 1958.8 -667.635 -2351.58 1158.37 -3782.14 1108.86
1.84 -2444.94 737.482 3017.06 -1267.62 -4177.94 986.389 2444.94 -737.482 -3017.06 1267.62 -4873.25 1226.06
1.85 -2879.21 835.836 3574.79 -1408.66 -4938.56 1114.91 2879.21 -835.836 -3574.79 1408.66 -5785.8 1392.6
1.86 -3235.91 957.634 3991.18 -1575.05 -5508.89 1273.05 3235.91 -957.634 -3991.18 1575.05 -6464.65 1599.85
1.87 -3493.3 1094.34 4242.1 -1755.77 -5855.88 1449.79 3493.3 -1094.34 -4242.1 1755.77 -6870.41 1833.23
1.88 -3635.15 1234.76 4314.37 -1936.17 -5961.13 1630.69 3635.15 -1234.76 -4314.37 1936.17 -6981.97 2073.58
1.89 -3651.8 1365.98 4206.4 -2099.38 -5821.74 1799.14 3651.8 -1365.98 -4206.4 2099.38 -6797.44 2298.81
1.9 -3540.72 1474.52 3927.87 -2227.83 -5450.01 1937.76 3540.72 -1474.52 -3927.87 2227.83 -6333.6 2485.8
1.91 -3306.5 1547.44 3498.7 -2304.92 -4872.07 2029.91 3306.5 -1547.44 -3498.7 2304.92 -5624.03 2612.41
1.92 -2960.54 1573.55 2947.27 -2316.57 -4125.6 2061.2 2960.54 -1573.55 -2947.27 2316.57 -4716.21 2659.45
1.93 -2520.25 1544.49 2308.21 -2252.6 -3256.89 2020.87 2520.25 -1544.49 -2308.21 2252.6 -3667.74 2612.6
1.94 -2007.95 1455.6 1619.87 -2107.76 -2317.49 1902.95 2007.95 -1455.6 -1619.87 2107.76 -2542.13 2463.85
1.95 -1449.53 1306.53 921.625 -1882.31 -1360.55 1707.03 1449.53 -1306.53 -921.625 1882.31 -1404.33 2212.56
1.96 -872.751 1101.4 251.178 -1582.18 -437.26 1438.49 872.751 -1101.4 -251.178 1582.18 -316.273 1865.72
1.97 -305.411 848.569 -357.904 -1218.6 406.525 1108.18 305.411 -848.569 357.904 1218.6 667.186 1437.52
1.98 226.5 559.93 -878.342 -807.321 1133.23 731.524 -226.5 -559.93 878.342 807.321 1501.8 948.265
1.99 700.555 249.956 -1290.77 -367.419 1715.77 327.268 -700.555 -249.956 1290.77 367.419 2156.55 422.6
2 1099.33 -65.5106 -1584.71 80.1203 2138.98 -84.0785 -1099.33 65.5106 1584.71 -80.1203 2615.16 -112.453
2.01 1411.42 -370.513 -1758.8 514.004 2399.94 -481.865 -1411.42 370.513 1758.8 -514.004 2876.47 -629.675
2.02 1631.87 -650.185 -1820.31 914.225 2507.46 -846.856 -1631.87 650.185 1820.31 -914.225 2953.47 -1103.7
2.03 1762.14 -891.803 -1783.98 1263.53 2480.54 -1162.59 -1762.14 891.803 1783.98 -1263.53 2871.41 -1512.82
2.04 1809.57 -1085.64 -1670.41 1548.63 2346.24 -1416.46 -1809.57 1085.64 1670.41 -1548.63 2665 -1840.46
2.05 1786.44 -1225.56 -1504.03 1761.06 2137.02 -1600.5 -1786.44 1225.56 1504.03 -1761.06 2375.08 -2076.18
2.06 1708.77 -1309.36 -1311.02 1897.62 1887.93 -1711.81 -1708.77 1309.36 1311.02 -1897.62 2045.12 -2216.27
2.07 1594.97 -1338.82 -1117.15 1960.38 1633.76 -1752.63 -1594.97 1338.82 1117.15 -1960.38 1717.69 -2263.82
2.08 1464.35 -1319.38 -945.881 1956.23 1406.36 -1729.93 -1464.35 1319.38 945.881 -1956.23 1431.28 -2228.2
2.09 1335.57 -1259.61 -816.629 1896.02 1232.35 -1654.73 -1335.57 1259.61 816.629 -1896.02 1217.54 -2124.1
2.1 1225.24 -1170.33 -743.455 1793.48 1131.25 -1540.97 -1225.24 1170.33 743.455 -1793.48 1099.11 -1970.04
2.11 1146.55 -1063.53 -734.149 1663.8 1114.24 -1404.08 -1146.55 1063.53 734.149 -1663.8 1088.21 -1786.52
2.12 1108.26 -951.22 -789.814 1522.25 1183.46 -1259.57 -1108.26 951.22 789.814 -1522.25 1185.98 -1594.09
2.13 1113.98 -844.293 -904.965 1382.79 1332.16 -1121.5 -1113.98 844.293 904.965 -1382.79 1382.73 -1411.38
2.14 1161.92 -751.567 -1068.14 1256.88 1545.42 -1001.25 -1161.92 751.567 1068.14 -1256.88 1659.01 -1253.45
2.15 1245.16 -679.046 -1262.99 1152.51 1801.58 -906.571 -1245.16 679.046 1262.99 -1152.51 1987.38 -1130.57
2.16 1352.33 -629.513 -1469.69 1073.65 2074.14 -841.074 -1352.33 629.513 1469.69 -1073.65 2334.92 -1047.46
2.17 1468.65 -602.444 -1666.65 1020.05 2334.04 -804.108 -1468.65 602.444 1666.65 -1020.05 2665.91 -1003.23
2.18 1577.26 -594.229 -1832.27 987.446 2552.02 -791.049 -1577.26 594.229 1832.27 -987.446 2944.78 -991.639
2.19 1660.68 -598.653 -1946.58 968.158 2700.9 -793.927 -1660.68 598.653 1946.58 -968.158 3138.85 -1002.03
2.2 1702.24 -607.585 -1992.81 952.003 2757.67 -802.311 -1702.24 607.585 1992.81 -952.003 3220.77 -1020.44
2.21 1687.45 -611.821 -1958.51 927.425 2705.12 -804.387 -1687.45 611.821 1958.51 -927.425 3170.4 -1031.08
2.22 1605.21 -602.011 -1836.44 882.758 2533.06 -788.157 -1605.21 602.011 1836.44 -882.758 2976.25 -1017.88
2.23 1448.7 -569.613 -1625.08 807.484 2239.06 -742.664 -1448.7 569.613 1625.08 -807.484 2636.17 -966.176
2.24 1216.14 -507.794 -1328.71 693.392 1828.61 -659.15 -1216.14 507.794 1328.71 -693.392 2157.51 -864.234
2.25 911.068 -412.193 -957.157 535.51 1314.82 -532.042 -911.068 412.193 957.157 -535.51 1556.65 -704.536
2.26 542.306 -281.466 -525.171 332.754 717.615 -359.667 -542.306 281.466 525.171 -332.754 857.899 -484.732
2.27 123.52 -117.56 -51.4718 88.2065 62.46 -144.588 -123.52 117.56 51.4718 -88.2065 91.9554 -208.093
2.28 -327.619 74.3462 442.449 -190.971 -621.268 106.455 327.619 -74.3462 -442.449 190.971 -706.079 116.583
2.29 -790.597 286.204 933.71 -494 -1302.16 383.024 790.597 -286.204 -933.71 494 -1498.97 475.589
2.3 -1243.45 507.737 1399.49 -807.269 -1948.77 671.809 1243.45 -507.737 -1399.49 807.269 -2249.7 851.401
2.31 -1664.28 727.275 1818.45 -1115.38 -2531.57 957.711 1664.28 -727.275 -1818.45 1115.38 -2923.79 1224.11
2.32 -2032.7 932.714 2172.01 -1402.34 -3024.73 1225.08 2032.7 -932.714 -2172.01 1402.34 -3491.3 1573.06
2.33 -2331.22 1112.48 2445.37 -1652.85 -3407.57 1458.95 2331.22 -1112.48 -2445.37 1652.85 -3928.53 1878.49
2.34 -2546.31 1256.43 2628.28 -1853.46 -3665.63 1646.23 2546.31 -1256.43 -2628.28 1853.46 -4219.2 2123.07
2.35 -2669.23 1356.65 2715.48 -1993.68 -3791.31 1776.68 2669.23 -1356.65 -2715.48 1993.68 -4355.13 2293.28
2.36 -2696.5 1408.02 2706.84 -2066.74 -3784.12 1843.69 2696.5 -1408.02 -2706.84 2066.74 -4336.41 2380.36
2.37 -2630.04 1408.58 2607.16 -2070.1 -3650.38 1844.74 2630.04 -1408.58 -2607.16 2070.1 -4171.09 2381.01
2.38 -2476.91 1359.69 2425.72 -2005.57 -3402.72 1781.56 2476.91 -1359.69 -2425.72 2005.57 -3874.45 2297.51
2.39 -2248.83 1265.85 2175.63 -1879.13 -3059.06 1659.96 2248.83 -1265.85 -2175.63 1879.13 -3467.83 2137.58
2.4 -1961.24 1134.31 1872.88 -1700.34 -2641.42 1489.31 1961.24 -1134.31 -1872.88 1700.34 -2977.23 1913.61
2.41 -1632.25 974.467 1535.33 -1481.51 -2174.45 1281.76 1632.25 -974.467 -1535.33 1481.51 -2431.54 1641.65
2.42 -1281.33 797.049 1181.53 -1236.69 -1683.83 1051.15 1281.33 -797.049 -1181.53 1236.69 -1860.75 1339.99
2.43 -927.889 613.195 829.596 -980.479 -1194.69 811.909 927.889 -613.195 -829.596 980.479 -1294.1 1027.67
2.44 -590.007 433.542 496.111 -726.897 -730.072 577.783 590.007 -433.542 -496.111 726.897 -758.262 722.843
2.45 -283.171 267.379 195.152 -488.287 -309.562 360.799 283.171 -267.379 -195.152 488.287 -275.894 441.337
2.46 -19.3446 121.947 -62.4455 -274.437 51.7213 170.341 19.3446 -121.947 62.4455 274.437 135.615 195.5
2.47 193.69 1.96529 -269.596 -91.9304 343.857 12.5404 -193.69 -1.96529 269.596 91.9304 464.93 -6.64454
2.48 352.645 -90.6044 -423.2 56.1823 562.453 -110.026 -352.645 90.6044 423.2 -56.1823 707.146 -161.788
2.49 458.689 -156.536 -524.118 170.401 708.614 -198.305 -458.689 156.536 524.118 -170.401 863.741 -271.302
2.5 517.093 -199.082 -576.894 254.466 788.551 -256.443 -517.093 199.082 576.894 -254.466 942.13 -340.804
2.51 536.589 -223.518 -589.252 314.772 812.886 -291.188 -536.589 223.518 589.252 -314.772 954.869 -379.365
2.52 528.504 -236.517 -571.417 359.549 795.693 -311.096 -528.504 236.517 571.417 -359.549 918.557 -398.455
2.53 505.717 -245.43 -535.276 397.911 753.33 -325.596 -505.717 245.43 535.276 -397.911 852.499 -410.693
2.54 481.526 -257.51 -493.448 438.836 703.139 -343.998 -481.526 257.51 493.448 -438.836 777.204 -428.531
2.55 468.492 -279.157 -458.296 490.193 662.075 -374.516 -468.492 279.157 458.296 -490.193 712.813 -462.955
2.56 477.343 -315.247 -440.97 557.891 645.373 -423.401 -477.343 315.247 440.97 -557.891 677.537 -522.339
2.57 516.043 -368.606 -450.523 645.232 665.333 -494.269 -516.043 368.606 450.523 -645.232 686.235 -611.55
2.58 589.089 -439.693 -493.184 752.52 730.322 -587.683 -589.089 439.693 493.184 -752.52 749.23 -731.395
2.59 697.105 -526.502 -571.842 876.962 844.07 -701.035 -697.105 526.502 571.842 -876.962 871.454 -878.47
2.6 836.762 -624.723 -685.766 1012.87 1005.31 -828.746 -836.762 624.723 685.766 -1012.87 1051.99 -1045.42
2.61 1001.03 -728.121 -830.606 1152.13 1207.8 -962.758 -1001.03 728.121 830.606 -1152.13 1284.02 -1221.6
2.62 1179.71 -829.094 -998.643 1284.91 1440.68 -1093.26 -1179.71 829.094 998.643 -1284.91 1555.25 -1394.02
2.63 1360.25 -919.365 -1179.3 1400.54 1689.21 -1209.58 -1360.25 919.365 1179.3 -1400.54 1848.68 -1548.51
2.64 1528.69 -990.728 -1359.83 1488.45 1935.75 -1301.14 -1528.69 990.728 1359.83 -1488.45 2143.72 -1671.05
2.65 1670.76 -1035.78 -1526.2 1539.16 2161 -1358.4 -1670.76 1035.78 1526.2 -1539.16 2417.62 -1748.95
2.66 1772.94 -1048.6 -1664.1 1545.13 2345.31 -1373.74 -1772.94 1048.6 1664.1 -1545.13 2646.99 -1772.05
2.67 1823.52 -1025.25 -1759.9 1501.47 2470.15 -1342.13 -1823.52 1025.25 1759.9 -1501.47 2809.55 -1733.64
2.68 1813.53 -964.217 -1801.74 1406.47 2519.5 -1261.61 -1813.53 964.217 1801.74 -1406.47 2885.71 -1631.04
2.69 1737.47 -866.512 -1780.39 1261.74 2481.05 -1133.53 -1737.47 866.512 1780.39 -1261.74 2860.13 -1466
2.7 1593.82 -735.694 -1690.11 1072.25 2347.32 -962.528 -1593.82 735.694 1690.11 -1072.25 2723.01 -1244.55
2.71 1385.24 -577.606 -1529.14 845.905 2116.36 -756.161 -1385.24 577.606 1529.14 -845.905 2471.05 -976.658
2.72 1118.48 -399.939 -1300.02 593.028 1792.14 -524.393 -1118.48 399.939 1300.02 -593.028 2107.93 -675.425
2.73 804.005 -211.641 -1009.63 325.542 1384.51 -278.81 -804.005 211.641 1009.63 -325.542 1644.38 -356.113
2.74 455.307 -22.2178 -668.823 56.0924 908.743 -31.7186 -455.307 22.2178 668.823 -56.0924 1097.73 -34.9347
2.75 88.041 159.004 -291.89 -202.908 384.733 204.807 -88.041 -159.004 291.89 202.908 490.937 272.204
2.76 -281.016 323.587 104.303 -440.186 -164.212 419.84 281.016 -323.587 -104.303 440.186 -148.696 550.922
2.77 -635.055 464.607 501.332 -646.405 -712.775 604.406 635.055 -464.607 -501.332 646.405 -791.222 789.414
2.78 -958.313 577.118 880.37 -814.787 -1235.21 752.085 958.313 -577.118 -880.37 814.787 -1405.9 979.267
2.79 -1237.06 658.45 1223.37 -941.508 -1706.96 859.398 1237.06 -658.45 -1223.37 941.508 -1963.16 1115.95
2.8 -1460.44 708.299 1514.24 -1025.83 -2106.24 925.916 1460.44 -708.299 -1514.24 1025.83 -2436.48 1198.98
2.81 -1621.07 728.616 1739.86 -1069.97 -2415.42 954.124 1621.07 -728.616 -1739.86 1069.97 -2804.16 1231.73
2.82 -1715.42 723.317 1890.97 -1078.75 -2622.2 949.042 1715.42 -723.317 -1890.97 1078.75 -3050.72 1220.91
2.83 -1743.96 697.835 1962.76 -1059 -2720.35 917.653 1743.96 -697.835 -1962.76 1059 -3167.94 1175.85
2.84 -1710.94 658.565 1955.18 -1018.81 -2710.14 868.186 1710.94 -658.565 -1955.18 1018.81 -3155.4 1107.51
2.85 -1623.99 612.24 1872.92 -966.77 -2598.27 809.308 1623.99 -612.24 -1872.92 966.77 -3020.5 1027.41
2.86 -1493.45 565.296 1725.08 -911.097 -2397.33 749.31 1493.45 -565.296 -1725.08 911.097 -2777.9 946.578
2.87 -1331.55 523.281 1524.44 -858.902 -2124.9 695.345 1331.55 -523.281 -1524.44 858.902 -2448.43 874.499
2.88 -1151.44 490.366 1286.6 -815.551 -1802.21 652.793 1151.44 -490.366 -1286.6 815.551 -2057.59 818.304
2.89 -966.206 468.986 1028.78 -784.227 -1452.64 624.803 966.206 -468.986 -1028.78 784.227 -1633.69 782.154
2.9 -787.913 459.668 768.598 -765.699 -1100 612.065 787.913 -459.668 -768.598 765.699 -1205.8 766.939
2.91 -626.771 461.039 522.811 -758.34 -766.807 612.822 626.771 -461.039 -522.811 758.34 -801.626 770.296
2.92 -490.47 470.019 306.091 -758.364 -472.707 623.119 490.47 -470.019 -306.091 758.364 -445.566 786.937
2.93 -383.724 482.175 130.008 -760.278 -233.083 637.264 383.724 -482.175 -130.008 760.278 -156.941 809.262
2.94 -308.062 492.207 2.22427 -757.486 -58.0077 648.445 308.062 -492.207 -2.22427 757.486 51.3348 828.176
2.95 -261.866 494.498 -74.0037 -743.001 48.3964 649.449 261.866 -494.498 74.0037 743.001 173.615 834.044
2.96 -240.645 483.698 -99.995 -710.197 88.1544 633.41 240.645 -483.698 99.995 710.197 211.83 817.684
2.97 -237.531 455.28 -81.4597 -653.519 69.1589 594.523 237.531 -455.28 81.4597 653.519 175.22 771.316
2.98 -243.937 406.01 -27.9754 -569.108 4.43649 528.656 243.937 -406.01 27.9754 569.108 79.4899 689.373
2.99 -250.361 334.315 47.8425 -455.265 -88.9899 433.817 250.361 -334.315 -47.8425 455.265 -54.5377 569.128
3 -247.235 240.495 131.414 -312.723 -191.559 310.43 247.235 -240.495 -131.414 312.723 -202.684 411.055
3.01 -225.79 126.774 207.432 -144.707 -282.84 161.401 225.79 -126.774 -207.432 144.707 -339.455 218.921
3.02 -178.841 -2.82085 261.16 43.2368 -343.278 -8.04055 178.841 2.82085 -261.16 -43.2368 -440.203 -0.42198
3.03 -101.444 -142.735 279.704 243.614 -355.883 -190.695 101.444 142.735 -279.704 -243.614 -483.231 -237.51
3.04 8.62656 -286.308 253.134 447.523 -307.72 -377.939 -8.62656 286.308 -253.134 -447.523 -451.682 -480.985
3.05 150.63 -426.286 175.382 645.332 -191.092 -560.384 -150.63 426.286 -175.382 -645.332 -335.052 -718.474
3.06 320.836 -555.395 44.8402 827.408 -4.31061 -728.621 -320.836 555.395 -44.8402 -827.408 -130.21 -937.565
3.07 512.742 -666.913 -135.388 984.856 248.006 -873.953 -512.742 666.913 135.388 -984.856 158.157 -1126.79
3.08 717.5 -755.193 -357.612 1110.2 555.123 -989.077 -717.5 755.193 357.612 -1110.2 517.712 -1276.5
3.09 924.525 -816.09 -610.038 1197.92 900.87 -1068.63 -924.525 816.09 610.038 -1197.92 929.244 -1379.64
3.1 1122.24 -847.261 -877.582 1244.88 1264.75 -1109.58 -1122.24 847.261 877.582 -1244.88 1367.99 -1432.2
3.11 1298.87 -848.31 -1142.96 1250.46 1623.43 -1111.4 -1298.87 848.31 1142.96 -1250.46 1805.44 -1433.53
3.12 1443.33 -820.766 -1387.94 1216.61 1952.42 -1076.07 -1443.33 820.766 1387.94 -1216.61 2211.4 -1386.23
3.13 1545.97 -767.915 -1594.77 1147.58 2227.98 -1007.82 -1545.97 767.915 1594.77 -1147.58 2556.34 -1295.92
3.14 1599.3 -694.484 -1747.47 1049.52 2428.85 -912.761 -1599.3 694.484 1747.47 -1049.52 2813.57 -1170.69
3.15 1598.53 -606.222 -1833.14 929.961 2538 -798.305 -1598.53 606.222 1833.14 -929.961 2961.44 -1020.36
3.16 1541.96 -509.406 -1842.96 797.122 2543.91 -672.566 -1541.96 509.406 1842.96 -797.122 2984.96 -855.653
3.17 1431.06 -410.316 -1772.91 659.27 2441.6 -543.659 -1431.06 410.316 1772.91 -659.27 2877.13 -687.288
3.18 1270.46 -314.725 -1624.21 524.04 2233.06 -419.052 -1270.46 314.725 1624.21 -524.04 2639.57 -525.122
3.19 1067.59 -227.455 -1403.24 397.86 1927.22 -304.988 -1067.59 227.455 1403.24 -397.86 2282.5 -377.377
3.2 832.18 -152.022 -1121.18 285.494 1539.42 -206.029 -832.18 152.022 1121.18 -285.494 1824.14 -250.038
3.21 575.644 -90.4125 -793.253 189.76 1090.32 -124.763 -575.644 90.4125 793.253 -189.76 1289.44 -146.474
3.22 310.289 -43.0063 -437.624 111.418 604.499 -61.7124 -310.289 43.0063 437.624 -111.418 708.374 -67.3067
3.23 48.5195 -8.64766 -74.1615 49.2635 108.737 -15.4161 -48.5195 8.64766 74.1615 -49.2635 113.748 -10.5269
3.24 -197.956 15.1446 276.993 0.38648 -369.903 17.2941 197.956 -15.1446 -276.993 -0.38648 -461.077 28.1396
3.25 -418.86 31.8503 596.847 -39.4131 -805.958 40.8745 418.86 -31.8503 -596.847 39.4131 -984.582 54.6764
3.26 -605.961 45.5386 868.89 -75.1041 -1177.35 60.5414 605.961 -45.5386 -868.89 75.1041 -1429.32 76.0744
3.27 -753.533 60.4147 1080.24 -111.843 -1466.9 81.687 753.533 -60.4147 -1080.24 111.843 -1773.83 99.557
3.28 -858.63 80.3645 1222.53 -154.386 -1663.49 109.293 858.63 -80.3645 -1222.53 154.386 -2004.1 131.8
3.29 -921.158 108.539 1292.39 -206.557 -1762.72 147.395 921.158 -108.539 -1292.39 206.557 -2114.44 178.221
3.3 -943.735 147.011 1291.61 -270.801 -1767.07 198.641 943.735 -147.011 -1291.61 270.801 -2107.78 242.393
3.31 -931.37 196.543 1226.92 -347.887 -1685.58 263.988 931.37 -196.543 -1226.92 347.887 -1995.18 325.642
3.32 -890.963 256.471 1109.28 -436.764 -1532.98 342.561 890.963 -256.471 -1109.28 436.764 -1794.86 426.851
3.33 -830.694 324.727 953.009 -534.596 -1328.4 431.676 830.694 -324.727 -953.009 534.596 -1530.62 542.506
3.34 -759.329 397.998 774.555 -636.967 -1093.8 527.043 759.329 -397.998 -774.555 636.967 -1229.87 666.95
3.35 -685.508 471.99 591.161 -738.237 -852.136 623.115 685.508 -471.99 -591.161 738.237 -921.347 792.854
3.36 -617.067 541.8 419.487 -832.008 -625.574 713.56 617.067 -541.8 -419.487 832.008 -632.886 911.839
3.37 -560.446 602.336 274.287 -911.681 -433.699 791.807 560.446 -602.336 -274.287 911.681 -389.163 1015.2
3.38 -520.218 648.766 167.267 -971.02 -292.006 851.623 520.218 -648.766 -167.267 971.02 -209.795 1094.68
3.39 -498.783 676.942 106.189 -1004.71 -210.727 887.662 498.783 -676.942 -106.189 1004.71 -107.839 1143.16
3.4 -496.234 683.768 94.3048 -1008.8 -194.081 895.939 496.234 -683.768 -94.3048 1008.8 -88.8336 1155.36
3.41 -510.411 667.481 130.16 -981.134 -240.023 874.191 510.411 -667.481 -130.16 981.134 -150.455 1128.25
3.42 -537.131 627.814 207.769 -921.475 -340.501 822.088 537.131 -627.814 -207.769 921.475 -282.806 1061.35
3.43 -570.579 566.039 317.167 -831.62 -482.188 741.289 570.579 -566.039 -317.167 831.62 -469.312 956.827
3.44 -603.823 484.875 445.269 -715.26 -647.645 635.321 603.823 -484.875 -445.269 715.26 -688.161 819.305
3.45 -629.422 388.285 576.988 -577.716 -816.808 509.315 629.422 -388.285 -576.988 577.716 -914.155 655.539
3.46 -640.069 281.164 696.508 -425.533 -968.693 369.611 640.069 -281.164 -696.508 425.533 -1120.83 473.88
3.47 -629.226 168.966 788.616 -265.99 -1083.16 223.269 629.226 -168.966 -788.616 265.99 -1282.69 283.63
3.48 -591.698 57.2811 839.98 -106.547 -1142.61 77.524 591.698 -57.2811 -839.98 106.547 -1377.33 94.3192
3.49 -524.101 -48.5879 840.28 45.7 -1133.5 -60.7557 524.101 48.5879 -840.28 -45.7 -1387.34 -85.0082
3.5 -425.198 -144.015 783.093 184.532 -1047.5 -185.575 425.198 144.015 -783.093 -184.532 -1301.78 -246.469
3.51 -296.063 -225.376 666.474 305.026 -882.237 -292.235 296.063 225.376 -666.474 -305.026 -1117.18 -383.894
3.52 -140.077 -290.285 493.176 403.861 -641.625 -377.627 140.077 290.285 -493.176 -403.861 -837.903 -493.228
3.53 37.2529 -337.712 270.504 479.479 -335.615 -440.401 -37.2529 337.712 -270.504 -479.479 -475.897 -572.737
3.54 228.628 -367.99 9.80825 532.087 20.4642 -480.959 -228.628 367.99 -9.80825 -532.087 -49.889 -623.012
3.55 425.429 -382.697 -274.334 563.519 407.012 -501.315 -425.429 382.697 274.334 -563.519 415.989 -646.775
3.56 618.287 -384.439 -565.192 576.959 801.59 -504.811 -618.287 384.439 565.192 -576.959 893.986 -648.505
3.57 797.702 -376.552 -845.123 576.555 1180.58 -495.732 -797.702 376.552 845.123 -576.555 1354.79 -633.925
3.58 954.688 -362.75 -1096.88 566.967 1520.9 -478.852 -954.688 362.75 1096.88 -566.967 1769.73 -609.399
3.59 1081.37 -346.75 -1304.88 552.889 1801.77 -458.952 -1081.37 346.75 1304.88 -552.889 2112.87 -581.297
3.6 1171.5 -331.912 -1456.38 538.586 2006.17 -440.359 -1171.5 331.912 1456.38 -538.586 2362.96 -555.378
3.61 1220.9 -320.93 -1542.35 527.479 2122.09 -426.539 -1220.9 320.93 1542.35 -527.479 2504.97 -536.251
3.62 1227.66 -315.582 -1558.19 521.843 2143.4 -419.783 -1227.66 315.582 1558.19 -521.843 2531.17 -526.963
3.63 1192.3 -316.584 -1503.94 522.601 2070.22 -421.016 -1192.3 316.584 1503.94 -522.601 2441.61 -528.736
3.64 1117.69 -323.541 -1384.3 529.273 1908.86 -429.73 -1117.69 323.541 1384.3 -529.273 2244.05 -540.892
3.65 1008.77 -335.008 -1208.19 540.047 1671.26 -444.07 -1008.77 335.008 1208.19 -540.047 1953.3 -560.953
3.66 872.265 -348.649 -988.021 551.992 1374.06 -461.032 -872.265 348.649 988.021 -551.992 1590 -584.916
3.67 716.126 -361.487 -738.777 561.369 1037.29 -476.787 -716.126 361.487 738.777 -561.369 1179.04 -607.673
3.68 549.023 -370.201 -476.823 564.026 682.843 -487.068 -549.023 370.201 476.823 -564.026 747.627 -623.534
3.69 379.731 -371.473 -218.7 555.832 332.858 -487.612 -379.731 371.473 218.7 -555.832 323.242 -626.807
3.7 216.55 -362.325 20.1005 533.108 8.08013 -474.596 -216.55 362.325 -20.1005 -533.108 -68.3816 -612.378
3.71 66.7741 -340.425 226.246 493.03 -273.615 -445.034 -66.7741 340.425 -226.246 -493.03 -405.124 -576.242
3.72 -63.7607 -304.346 389.49 433.947 -498.457 -397.106 63.7607 304.346 -389.49 -433.947 -670.014 -515.932
3.73 -171.003 -253.73 503.337 355.598 -657.666 -330.374 171.003 253.73 -503.337 -355.598 -852.346 -430.816
3.74 -252.877 -189.37 565.406 259.218 -747.941 -245.884 252.877 189.37 -565.406 -259.218 -948.277 -322.225
3.75 -309.32 -113.182 577.466 147.492 -771.51 -146.132 309.32 113.182 -577.466 -147.492 -960.887 -193.415
3.76 -342.174 -28.0874 545.146 24.4048 -735.746 -34.9077 342.174 28.0874 -545.146 -24.4048 -899.692 -49.3544
3.77 -354.928 62.2015 477.351 -105.042 -652.391 82.9767 354.928 -62.2015 -477.351 105.042 -779.663 103.628
3.78 -352.359 153.456 385.431 -235.186 -536.454 202.045 352.359 -153.456 -385.431 235.186 -619.839 258.322
3.79 -340.07 241.252 282.179 -360.127 -404.882 316.572 340.07 -241.252 -282.179 360.127 -441.653 407.184
3.8 -323.99 321.311 180.732 -474.166 -275.099 421.019 323.99 -321.311 -180.732 474.166 -267.098 542.915
3.81 -309.855 389.822 93.4793 -572.224 -163.546 510.453 309.855 -389.822 -93.4793 572.224 -116.892 659.015
3.82 -302.723 443.727 31.0398 -650.218 -84.33 580.913 302.723 -443.727 -31.0398 650.218 -8.78953 750.268
3.83 -306.55 480.939 1.41311 -705.334 -48.0877 629.696 306.55 -480.939 -1.41311 705.334 43.8484 813.12
3.84 -323.865 500.478 9.35062 -736.215 -61.1461 655.527 323.865 -500.478 -9.35062 736.215 33.0942 845.905
3.85 -355.558 502.517 56.0013 -743.011 -125.048 658.622 355.558 -502.517 -56.0013 743.011 -42.9557 848.928
3.86 -400.811 488.326 138.853 -727.316 -236.471 640.614 400.811 -488.326 -138.853 727.316 -180.087 824.364
3.87 -457.159 460.133 251.967 -691.982 -387.536 604.372 457.159 -460.133 -251.967 691.982 -368.364 776.027
3.88 -520.681 420.905 386.491 -640.845 -566.482 553.725 520.681 -420.905 -386.491 640.845 -592.99 708.991
3.89 -586.319 374.078 531.394 -578.37 -758.646 493.107 586.319 -374.078 -531.394 578.37 -835.534 629.128
3.9 -648.27 323.256 674.372 -509.263 -947.666 427.173 648.27 -323.256 -674.372 509.263 -1075.45 542.597
3.91 -700.456 271.906 802.848 -438.076 -1116.8 360.4 700.456 -271.906 -802.848 438.076 -1291.74 455.318
3.92 -737.006 223.075 904.978 -368.843 -1250.29 296.732 737.006 -223.075 -904.978 368.843 -1464.64 372.494
3.93 -752.731 179.16 970.601 -304.771 -1334.6 239.271 752.731 -179.16 -970.601 304.771 -1577.2 298.21
3.94 -743.547 141.738 992.04 -248.026 -1359.5 190.066 743.547 -141.738 -992.04 248.026 -1616.62 235.149
3.95 -706.819 111.477 964.706 -199.617 -1318.88 149.995 706.819 -111.477 -964.706 199.617 -1575.24 184.435
3.96 -641.602 88.1335 887.464 -159.386 -1211.22 118.762 641.602 -88.1335 -887.464 159.386 -1451.17 145.638
3.97 -548.752 70.638 762.714 -126.118 -1039.74 95.0059 548.752 -70.638 -762.714 126.118 -1248.4 116.908
3.98 -430.917 57.2472 596.222 -97.7363 -812.14 76.4978 430.917 -57.2472 -596.222 97.7363 -976.525 95.2438
3.99 -292.388 45.7625 396.679 -71.5811 -540.052 60.4218 292.388 -45.7625 -396.679 71.5811 -649.984 76.8657
4 -138.841 33.7837 175.056 -44.7336 -238.162 43.7023 138.841 -33.7837 -175.056 44.7336 -287.006 57.6488
