0.01 4.55879 0.522462 2.31665 5.14363 -1.07803 -1.4187 -4.55879 -0.522462 -2.31665 -5.14363 -5.87191 2.98609
0.02 42.1154 -0.281186 13.1013 35.6205 2.11297 -20.4451 -42.1154 0.281186 -13.1013 -35.6205 -41.4169 19.6016
0.03 190.26 -24.7737 23.0851 131.805 65.1482 -128.662 -190.26 24.7737 -23.0851 -131.805 -134.403 54.3411
0.04 573.278 -143.455 -34.4311 343.426 363.282 -499.194 -573.278 143.455 34.4311 -343.426 -259.989 68.8278
0.05 1327.02 -470.358 -293.787 702.685 1193.3 -1385.56 -1327.02 470.358 293.787 -702.685 -311.941 -25.5099
0.06 2563.82 -1100.09 -886.38 1207.15 2837.11 -2997.42 -2563.82 1100.09 886.38 -1207.15 -177.971 -302.841
0.07 4345.72 -2033.48 -1839.56 1826.04 5376.64 -5357.47 -4345.72 2033.48 1839.56 -1826.04 142.027 -742.97
0.08 6650.56 -3170.35 -3054.59 2519.29 8640.77 -8272.96 -6650.56 3170.35 3054.59 -2519.29 522.991 -1238.1
0.09 9341.25 -4380.25 -4393.9 3252.29 12338.7 -11446.6 -9341.25 4380.25 4393.9 -3252.29 842.976 -1694.13
0.1 12173.5 -5572.96 -5782.08 3991.83 16233.3 -14606.6 -12173.5 5572.96 5782.08 -3991.83 1112.91 -2112.3
0.11 14862.7 -6694.54 -7208.32 4693.8 20173.8 -17532.9 -14862.7 6694.54 7208.32 -4693.8 1451.13 -2550.68
0.12 17179.8 -7670.19 -8637.02 5300 23986.5 -20000.4 -17179.8 7670.19 8637.02 -5300 1924.6 -3010.19
0.13 19005 -8383.16 -9946.01 5749.72 27395 -21762.5 -19005 8383.16 9946.01 -5749.72 2443.02 -3386.98
0.14 20302.7 -8731.77 -10976.4 5997.82 30095.6 -22638.1 -20302.7 8731.77 10976.4 -5997.82 2833.46 -3557.19
0.15 21050.3 -8702.6 -11640.7 6023.72 31909.3 -22608.9 -21050.3 8702.6 11640.7 -6023.72 3012.89 -3498.93
0.16 21191.3 -8368.14 -11962.1 5826.08 32825 -21797.3 -21191.3 8368.14 11962.1 -5826.08 3061.33 -3307.14
0.17 20647.8 -7802.26 -11993.7 5412.84 32868.8 -20325.3 -20647.8 7802.26 11993.7 -5412.84 3112.2 -3081.47
0.18 19364.9 -7005.38 -11709.4 4797.32 31941.3 -18199.6 -19364.9 7005.38 11709.4 -4797.32 3186.85 -2816.56
0.19 17341.1 -5924.19 -10991.5 4003.88 29815.2 -15352.3 -17341.1 5924.19 10991.5 -4003.88 3159.13 -2420.31
0.2 14626.3 -4545.15 -9733.14 3074.54 26314.1 -11799.3 -14626.3 4545.15 9733.14 -3074.54 2885.27 -1836.14
0.21 11314 -2959.46 -7950.98 2067.15 21500.7 -7750.64 -11314 2959.46 7950.98 -2067.15 2352.28 -1127.73
0.22 7550.16 -1331.61 -5793.7 1044.59 15694.2 -3561.49 -7550.16 1331.61 5793.7 -1044.59 1686.91 -433.331
0.23 3545.78 190.447 -3448.5 62.8676 9316.93 418.876 -3545.78 -190.447 3448.5 -62.8676 1028.57 152.464
0.24 -439.505 1530.3 -1046.56 -833.729 2727.86 3954.22 439.505 -1530.3 1046.56 833.729 411.817 636.666
0.25 -4153.58 2660.78 1346.06 -1610.26 -3815.53 6910.9 4153.58 -2660.78 -1346.06 1610.26 -222.646 1071.44
0.26 -7414.89 3551.57 3666.88 -2238.12 -10081.9 9193.37 7414.89 -3551.57 -3666.88 2238.12 -918.728 1461.35
0.27 -10136.6 4157.92 5809.26 -2697.02 -15801 10729.5 10136.6 -4157.92 -5809.26 2697.02 -1626.75 1744.23
0.28 -12298.9 4461.26 7642.14 -2981.01 -20691.2 11522.9 12298.9 -4461.26 -7642.14 2981.01 -2235.23 1860.94
0.29 -13900.2 4506.21 9068.81 -3102.47 -24540.8 11692.1 13900.2 -4506.21 -9068.81 3102.47 -2665.66 1826.55
0.3 -14928.4 4383.37 10057.4 -3089.46 -27247.8 11428.9 14928.4 -4383.37 -10057.4 3089.46 -2924.35 1721.24
0.31 -15368 4172.37 10615 -2978.23 -28780.3 10901.6 15368 -4172.37 -10615 2978.23 -3064.86 1615.52
0.32 -15227.3 3905.03 10742.9 -2806.24 -29115 10198.8 15227.3 -3905.03 -10742.9 2806.24 -3113.63 1516.32
0.33 -14557 3584.3 10424.5 -2609.54 -28232.5 9364.27 14557 -3584.3 -10424.5 2609.54 -3040.92 1388.64
0.34 -13452.2 3232.81 9660.52 -2423.06 -26181 8478.26 13452.2 -3232.81 -9660.52 2423.06 -2800.59 1220.18
0.35 -12044.3 2916.1 8511.46 -2279.65 -23144.6 7694.77 12044.3 -2916.1 -8511.46 2279.65 -2389.8 1053.52
0.36 -10490.5 2717.35 7105.1 -2205.72 -19447.7 7197.43 10490.5 -2717.35 -7105.1 2205.72 -1867.63 954.632
0.37 -8959.01 2691.77 5601.53 -2215.64 -15484.1 7117.42 8959.01 -2691.77 -5601.53 2215.64 -1320.45 957.881
0.38 -7605.53 2843.76 4145.43 -2308.94 -11623.1 7484.79 7605.53 -2843.76 -4145.43 2308.94 -813.166 1046.5
0.39 -6543.37 3139.72 2839.72 -2471.91 -8149.4 8238.04 6543.37 -3139.72 -2839.72 2471.91 -369.776 1181.12
0.4 -5822.78 3532.7 1749.5 -2681.83 -5257.3 9260.75 5822.78 -3532.7 -1749.5 2681.83 8.81548 1337.34
0.41 -5431.14 3972.19 919.943 -2910.41 -3075.19 10404.9 5431.14 -3972.19 -919.943 2910.41 315.365 1511.65
0.42 -5313.35 4398.04 387.169 -3125.17 -1685.94 11496.6 5313.35 -4398.04 -387.169 3125.17 524.436 1697.5
0.43 -5398.77 4737.92 174.004 -3290.39 -1127.24 12348.5 5398.77 -4737.92 -174.004 3290.39 605.227 1865.3
0.44 -5619.5 4921.21 278.106 -3369.89 -1378.26 12792.9 5619.5 -4921.21 -278.106 3369.89 543.94 1970.74
0.45 -5913.18 4900.02 664.414 -3331.97 -2348.72 12719.2 5913.18 -4900.02 -664.414 3331.97 355.482 1980.89
0.46 -6214.71 4658.38 1268.08 -3154.4 -3880.47 12085.5 6214.71 -4658.38 -1268.08 3154.4 76.2152 1889.67
0.47 -6445.96 4202.42 2004.6 -2827.13 -5759.67 10897.9 6445.96 -4202.42 -2004.6 2827.13 -254.113 1709.4
0.48 -6512.04 3543.52 2778.88 -2352.17 -7731.52 9179.33 6512.04 -3543.52 -2778.88 2352.17 -605.109 1451.23
0.49 -6308.2 2690.95 3488.45 -1742.28 -9512.34 6956.76 6308.2 -2690.95 -3488.45 1742.28 -953.004 1116.1
0.5 -5736.42 1659.18 4023.88 -1020.01 -10804.3 4274.8 5736.42 -1659.18 -4023.88 1020.01 -1267.32 702.736
0.51 -4726.39 480.664 4275.39 -217.239 -11323.4 1220.43 4726.39 -480.664 -4275.39 217.239 -1502.81 221.568
0.52 -3253.39 -788.091 4150.49 626.041 -10842.9 -2064.03 3253.39 788.091 -4150.49 -626.041 -1608.52 -300.242
0.53 -1346.48 -2071.72 3596.41 1464.91 -9239.83 -5389.59 1346.48 2071.72 -3596.41 -1464.91 -1549.4 -825.575
0.54 915.287 -3287.93 2613.43 2254.11 -6518.09 -8545.64 -915.287 3287.93 -2613.43 -2254.11 -1322.19 -1318.16
0.55 3416.1 -4359.65 1249.37 2952.55 -2796.9 -11330 -3416.1 4359.65 -1249.37 -2952.55 -951.195 -1748.93
0.56 6021.14 -5224.01 -419.765 3526.31 1727.7 -13575.7 -6021.14 5224.01 419.765 -3526.31 -468.405 -2096.3
0.57 8593.63 -5838.18 -2307.36 3950.23 6819.53 -15169.9 -8593.63 5838.18 2307.36 -3950.23 102.563 -2344.59
0.58 11007.3 -6182.55 -4320.14 4208.98 12216.4 -16063.6 -11007.3 6182.55 4320.14 -4208.98 744.041 -2484.03
0.59 13151.6 -6260.85 -6351.01 4298.15 17624.8 -16269.8 -13151.6 6260.85 6351.01 -4298.15 1428.26 -2512.71
0.6 14931.3 -6096.81 -8274.69 4225.16 22717.3 -15852.3 -14931.3 6096.81 8274.69 -4225.16 2106.79 -2438.08
0.61 16261 -5728.16 -9956.28 4008.71 27150.5 -14908.3 -16261 5728.16 9956.28 -4008.71 2718.32 -2276.18
0.62 17064.9 -5199.98 -11269.9 3676.65 30601.2 -13551.6 -17064.9 5199.98 11269.9 -3676.65 3208.43 -2048.37
0.63 17281.6 -4559.44 -12115.1 3262.62 32802.4 -11901.4 -17281.6 4559.44 12115.1 -3262.62 3542.98 -1776.97
0.64 16877.1 -3853.49 -12423.9 2802.65 33566.7 -10078.1 -16877.1 3853.49 12423.9 -2802.65 3705.13 -1482.38
0.65 15858.8 -3129.19 -12160.5 2332.28 32797.6 -8204.53 -15858.8 3129.19 12160.5 -2332.28 3683.7 -1183.05
0.66 14281.5 -2434.69 -11323.1 1884.16 30500.6 -6406.54 -14281.5 2434.69 11323.1 -1884.16 3468.71 -897.528
0.67 12244.2 -1817.54 -9951.17 1485.63 26793.2 -4807 -12244.2 1817.54 9951.17 -1485.63 3060.31 -645.617
0.68 9876.44 -1318.83 -8129.09 1156.37 21906 -3510.61 -9876.44 1318.83 8129.09 -1156.37 2481.26 -445.886
0.69 7321.24 -964.658 -5979.68 906.534 16160.7 -2583.73 -7321.24 964.658 5979.68 -906.534 1778.38 -310.245
0.7 4719.29 -759.295 -3646.25 736.131 9928.99 -2038.4 -4719.29 759.295 3646.25 -736.131 1009.77 -239.49
0.71 2197.32 -684.186 -1272.77 635.83 3589.47 -1829.1 -2197.32 684.186 1272.77 -635.83 228.827 -223.455
0.72 -138.771 -703.076 1007.62 588.7 -2500.85 -1863.77 138.771 703.076 -1007.62 -588.7 -522.024 -245.459
0.73 -2206.19 -770.183 3074.21 572.33 -8016.97 -2023.3 2206.19 770.183 -3074.21 -572.33 -1205.67 -287.251
0.74 -3943.88 -837.626 4817.95 561.038 -12670.9 -2181.82 3943.88 837.626 -4817.95 -561.038 -1782.92 -331.057
0.75 -5310.01 -860.648 6146.17 528.292 -16224.9 -2222.79 5310.01 860.648 -6146.17 -528.292 -2213.66 -359.155
0.76 -6281.14 -801.41 6993.71 449.458 -18514.1 -2050.17 6281.14 801.41 -6993.71 -449.458 -2467.01 -354.061
0.77 -6855.09 -632.231 7333.84 304.631 -19470.2 -1595.51 6855.09 632.231 -7333.84 -304.631 -2531.32 -301.186
0.78 -7056.06 -337.668 7182.55 81.0105 -19131.8 -820.712 7056.06 337.668 -7182.55 -81.0105 -2415.88 -192.291
0.79 -6938.29 85.6035 6595.07 -225.659 -17640.7 283.417 6938.29 -85.6035 -6595.07 225.659 -2144.53 -26.6066
0.8 -6583.99 630.673 5658.44 -610.682 -15226.7 1700.78 6583.99 -630.673 -5658.44 610.682 -1748.61 191.241
0.81 -6094.14 1281.88 4484.01 -1060.8 -12187.2 3391.68 6094.14 -1281.88 -4484.01 1060.8 -1264.83 453.946
0.82 -5574.51 2014.14 3199.58 -1555.16 -8861.78 5290.55 5574.51 -2014.14 -3199.58 1555.16 -736.968 751.869
0.83 -5121.02 2791.02 1939.17 -2066.75 -5601.94 7302.15 5121.02 -2791.02 -1939.17 2066.75 -215.571 1070.92
0.84 -4808.64 3564.46 829.439 -2564.52 -2736.15 9302.45 4808.64 -3564.46 -829.439 2564.52 247.835 1390.92
0.85 -4685.51 4278.58 -23.9155 -3016.01 -537.803 11148.4 4685.51 -4278.58 23.9155 3016.01 609.549 1687.31
0.86 -4772.31 4877.2 -545.484 -3390.24 796.517 12695.9 4772.31 -4877.2 545.484 3390.24 839.936 1935.66
0.87 -5065.23 5311.97 -693.155 -3660.5 1155.53 13819.7 5065.23 -5311.97 693.155 3660.5 923.935 2116.22
0.88 -5540.38 5548.26 -456.78 -3806.51 512.544 14429 5540.38 -5548.26 456.78 3806.51 857.795 2215.82
0.89 -6157.9 5567.76 143.741 -3816.01 -1077.79 14475.8 6157.9 -5567.76 -143.741 3816.01 646.566 2227.49
0.9 -6864.51 5368.66 1058.95 -3685.67 -3481.72 13956.3 6864.51 -5368.66 -1058.95 3685.67 304.855 2149.68
0.91 -7594.67 4964.57 2210.16 -3421.44 -6489.76 12907.2 7594.67 -4964.57 -2210.16 3421.44 -140.728 1986.55
0.92 -8271.7 4382.32 3492.57 -3038.15 -9826.58 11398.5 8271.7 -4382.32 -3492.57 3038.15 -651.121 1748.43
0.93 -8810.92 3658.75 4783.09 -2558.37 -13170.9 9525.08 8810.92 -3658.75 -4783.09 2558.37 -1178.42 1451.18
0.94 -9126.1 2836.93 5952.11 -2010.47 -16184 7396.9 9126.1 -2836.93 -5952.11 2010.47 -1672.28 1113.88
0.95 -9138.79 1962.79 6876.32 -1426.17 -18542.9 5131.95 9138.79 -1962.79 -6876.32 1426.17 -2086.07 756.422
0.96 -8788.91 1083.05 7450.21 -837.998 -19970.2 2851.02 8788.91 -1083.05 -7450.21 837.998 -2380.46 398.139
0.97 -8043.46 243.668 7595.01 -276.772 -20259.9 673.312 8043.46 -243.668 -7595.01 276.772 -2525.13 57.6927
0.98 -6901.24 -512.362 7265.11 230.647 -19295.2 -1289.9 6901.24 512.362 -7265.11 -230.647 -2500.1 -247.18
0.99 -5392.45 -1148.63 6452.08 663.28 -17058.3 -2944.78 5392.45 1148.63 -6452.08 -663.28 -2297.98 -501.11
1 -3574.11 -1639.78 5185.63 1007.49 -13630.9 -4225.89 3574.11 1639.78 -5185.63 -1007.49 -1926.02 -693.435
1.01 -1523.05 -1975.07 3530.81 1257.75 -9186.26 -5105.13 1523.05 1975.07 -3530.81 -1257.75 -1406.18 -820.08
1.02 671.165 -2159.63 1581.85 1416.69 -3973.05 -5594.99 -671.165 2159.63 -1581.85 -1416.69 -772.502 -883.902
1.03 2912.08 -2212.9 -546.105 1494.32 1705.07 -5745.17 -2912.08 2212.9 546.105 -1494.32 -66.7575 -893.525
1.04 5100.65 -2165.06 -2725.31 1506.6 7510.54 -5633.61 -5100.65 2165.06 2725.31 -1506.6 665.408 -861.558
1.05 7138.77 -2052.49 -4823.22 1473.68 13092.8 -5354.53 -7138.77 2052.49 4823.22 -1473.68 1376.9 -802.939
1.06 8933.15 -1913.18 -6710.14 1417.73 18109.5 -5006.05 -8933.15 1913.18 6710.14 -1417.73 2020.91 -733.504
1.07 10400.3 -1782.65 -8267.89 1360.81 22250.2 -4679.41 -10400.3 1782.65 8267.89 -1360.81 2553.5 -668.546
1.08 11472.9 -1690.76 -9399.41 1322.61 25260.5 -4450.98 -11472.9 1690.76 9399.41 -1322.61 2937.72 -621.292
1.09 12105.7 -1659.69 -10037.9 1318.53 26965.6 -4377.44 -12105.7 1659.69 10037.9 -1318.53 3148.09 -601.636
1.1 12281.3 -1702.99 -10153.1 1358.21 27285.8 -4493.52 -12281.3 1702.99 10153.1 -1358.21 3173.54 -615.46
1.11 12012 -1825.21 -9753.72 1444.58 26243.4 -4811.09 -12012 1825.21 9753.72 -1444.58 3017.76 -664.549
1.12 11338.7 -2021.78 -8885.33 1573.75 23958.4 -5318.6 -11338.7 2021.78 8885.33 -1573.75 2697.59 -746.75
1.13 10326.1 -2278.86 -7625.35 1735.35 20635.2 -5980.51 -10326.1 2278.86 7625.35 -1735.35 2240.82 -856.079
1.14 9055 -2573.55 -6075.99 1913.6 16543.9 -6737.86 -9055 2573.55 6075.99 -1913.6 1684.08 -982.798
1.15 7614.13 -2875.01 -4355.71 2088.77 11996.6 -7511.21 -7614.13 2875.01 4355.71 -2088.77 1070.59 -1113.82
1.16 6092.97 -3147 -2589.78 2239.07 7322.47 -8207.23 -6092.97 3147 2589.78 -2239.07 446.876 -1233.76
1.17 4576.25 -3351.74 -900.505 2342.73 2842.84 -8728.61 -4576.25 3351.74 900.505 -2342.73 -141.33 -1326.6
1.18 3140.17 -3454.49 601.772 2380.12 -1152.09 -8985.78 -3140.17 3454.49 -601.772 -2380.12 -653.23 -1377.68
1.19 1849.49 -3427.82 1826.03 2335.69 -4422.17 -8907.98 -1849.49 3427.82 -1826.03 -2335.69 -1055.93 -1375.47
1.2 754.844 -3254.82 2706.12 2199.47 -6792.3 -8451.67 -754.844 3254.82 -2706.12 -2199.47 -1326.05 -1312.78
1.21 -110.228 -2930.71 3204.69 1968.14 -8163.35 -7604.76 110.228 2930.71 -3204.69 -1968.14 -1450.7 -1187.38
1.22 -731.946 -2462.88 3315.83 1645.48 -8519.23 -6386.66 731.946 2462.88 -3315.83 -1645.48 -1428.25 -1001.98
1.23 -1117.99 -1869.64 3065.85 1242.26 -7928.48 -4845.07 1117.99 1869.64 -3065.85 -1242.26 -1269.07 -763.861
1.24 -1297.27 -1178.29 2511.42 775.491 -6538.99 -3050.62 1297.27 1178.29 -2511.42 -775.491 -995.259 -484.25
1.25 -1317.17 -422.739 1734.45 267.19 -4564.6 -1090.86 1317.17 422.739 -1734.45 -267.19 -638.739 -177.358
1.26 -1238.36 358.848 834.211 -257.341 -2264.74 935.862 1238.36 -358.848 -834.211 257.341 -237.893 140.682
1.27 -1127.83 1126.46 -82.2711 -771.494 80.4164 2926.41 1127.83 -1126.46 82.2711 771.494 166.397 452.977
1.28 -1051.35 1840.65 -910.007 -1249.41 2195.62 4778.96 1051.35 -1840.65 910.007 1249.41 534.399 742.996
1.29 -1066.73 2465.1 -1554.93 -1667.95 3834.25 6399.66 1066.73 -2465.1 1554.93 1667.95 830.523 995.649
1.3 -1218.91 2969.35 -1941.31 -2008.4 4798.12 7709.69 1218.91 -2969.35 1941.31 2008.4 1025.82 1198.35
1.31 -1537.02 3331.44 -2017.46 -2257.8 4952.23 8652.25 1537.02 -3331.44 2017.46 2257.8 1100.13 1342.07
1.32 -2033.27 3540.18 -1759.31 -2409.76 4234.09 9198.27 2033.27 -3540.18 1759.31 2409.76 1043.83 1422.27
1.33 -2702.94 3596.25 -1171.89 -2464.79 2657.16 9349.4 2702.94 -3596.25 1171.89 2464.79 858.512 1439.36
1.34 -3524.83 3511.98 -288.52 -2429.93 308.871 9137.29 3524.83 -3511.98 288.52 2429.93 556.691 1398.65
1.35 -4462.11 3309.57 832.004 -2317.9 -2656.45 8619.18 4462.11 -3309.57 -832.004 2317.9 160.441 1309.53
1.36 -5463.76 3018.29 2109.84 -2145.78 -6029.04 7870.59 5463.76 -3018.29 -2109.84 2145.78 -300.481 1184.29
1.37 -6467.12 2671.11 3449.97 -1933.39 -9559.09 6976.59 6467.12 -2671.11 -3449.97 1933.39 -790.821 1036.75
1.38 -7401.89 2301.39 4749.3 -1701.47 -12975.6 6023.24 7401.89 -2301.39 -4749.3 1701.47 -1272.32 880.934
1.39 -8195.53 1940.03 5904.85 -1469.84 -16007.9 5090.13 8195.53 -1940.03 -5904.85 1469.84 -1706.61 729.947
1.4 -8779.59 1613.2 6822.25 -1255.72 -18408.2 4244.65 8779.59 -1613.2 -6822.25 1255.72 -2058.52 594.943
1.41 -9096.03 1340.71 7423.86 -1072.3 -19972.4 3537.79 9096.03 -1340.71 -7423.86 1072.3 -2299.14 484.347
1.42 -9102.68 1134.89 7655.23 -927.787 -20557.3 3001.36 9102.68 -1134.89 -7655.23 927.787 -2408.39 403.302
1.43 -8776.78 999.94 7489.29 -824.837 -20091.5 2646.42 8776.78 -999.94 -7489.29 824.837 -2376.42 353.402
1.44 -8116.56 931.796 6927.92 -760.632 -18579.7 2462.69 8116.56 -931.796 -6927.92 760.632 -2204.07 332.693
1.45 -7140.7 918.457 6001.14 -727.39 -16101 2419.48 7140.7 -918.457 -6001.14 727.39 -1902.41 335.89
1.46 -5886.39 941.024 4764.14 -713.344 -12800.8 2468.22 5886.39 -941.024 -4764.14 713.344 -1491.67 354.847
1.47 -4406.42 975.507 3292.79 -704.078 -8878.74 2547.22 4406.42 -975.507 -3292.79 704.078 -999.614 379.299
1.48 -2765.91 995.397 1677.76 -684.088 -4573.86 2588.26 2765.91 -995.397 -1677.76 684.088 -459.431 397.932
1.49 -1038.71 974.735 17.9648 -638.437 -146.753 2524.53 1038.71 -974.735 -17.9648 638.437 92.8587 399.67
1.5 696.502 891.212 -1586.61 -554.338 4138.7 2298.65 -696.502 -891.212 1586.61 554.338 621.142 374.982
1.51 2360.6 728.806 -3041.93 -422.531 8033.91 1869.44 -2360.6 -728.806 3041.93 422.531 1091.89 316.977
1.52 3878.94 479.558 -4266.52 -238.317 11323 1216.55 -3878.94 -479.558 4266.52 238.317 1476.56 222.127
1.53 5186.4 144.331 -5197.2 -2.16446 13838.1 342.415 -5186.4 -144.331 5197.2 2.16446 1753.52 90.5777
1.54 6232.14 -267.375 -5793.53 280.147 15470.9 -728.225 -6232.14 267.375 5793.53 -280.147 1909.64 -73.8991
1.55 6983.23 -738.382 -6040.4 597.876 16180.1 -1950.89 -6983.23 738.382 6040.4 -597.876 1941.11 -264.252
1.56 7426.62 -1245.33 -5948.59 936.115 15992.1 -3265.24 -7426.62 1245.33 5948.59 -936.115 1853.68 -470.739
1.57 7569.2 -1760.49 -5553.01 1276.97 14997.1 -4599.75 -7569.2 1760.49 5553.01 -1276.97 1661.89 -681.703
1.58 7435.99 -2253.82 -4908.85 1600.99 13339 -5877 -7435.99 2253.82 4908.85 -1600.99 1387.52 -884.473
1.59 7067 -2695.16 -4086.24 1888.79 11201.2 -7019.15 -7067 2695.16 4086.24 -1888.79 1057.52 -1066.33
1.6 6513.16 -3056.4 -3164.01 2122.64 8790.48 -7953.75 -6513.16 3056.4 3164.01 -2122.64 701.546 -1215.46
1.61 5832 -3313.82 -2223.13 2287.86 6319.78 -8619.55 -5832 3313.82 2223.13 -2287.86 349.615 -1321.93
1.62 5083.52 -3450.12 -1340.56 2374.1 3991.87 -8971.87 -5083.52 3450.12 1340.56 -2374.1 29.8054 -1378.49
1.63 4326.11 -3456.08 -583.554 2376.08 1984.43 -8986.94 -4326.11 3456.08 583.554 -2376.08 -233.77 -1381.3
1.64 3612.95 -3331.59 -5.02643 2294.07 437.763 -8664.44 -3612.95 3331.59 5.02643 -2294.07 -422.683 -1330.32
1.65 2988.46 -3085.69 360.042 2133.74 -554.652 -8027.73 -2988.46 3085.69 -360.042 -2133.74 -525.473 -1229.32
1.66 2485.34 -2735.69 496.769 1905.74 -951.955 -7121.55 -2485.34 2735.69 -496.769 -1905.74 -538.352 -1085.53
1.67 2122.06 -2305.5 411.017 1624.69 -767.764 -6007.6 -2122.06 2305.5 -411.017 -1624.69 -465.286 -908.912
1.68 1901.52 -1823.28 128.415 1308.04 -67.7738 -4758.62 -1901.52 1823.28 -128.415 -1308.04 -317.472 -711.226
1.69 1811.06 -1318.96 -308.193 974.592 1036.84 -3451.9 -1811.06 1318.96 308.193 -974.592 -112.263 -504.984
1.7 1823.97 -821.749 -842.731 642.986 2399.82 -2162.82 -1823.97 821.749 842.731 -642.986 128.374 -302.422
1.71 1902.45 -357.975 -1410.97 330.279 3853.13 -959.351 -1902.45 357.975 1410.97 -330.279 379.774 -114.575
1.72 2001.6 50.7154 -1946.25 50.6514 5222.03 102.643 -2001.6 -50.7154 1946.25 -50.6514 616.724 49.5031
1.73 2073.9 388.691 -2385.28 -185.585 6340.22 982.749 -2073.9 -388.691 2385.28 185.585 815.624 183.324
1.74 2073.61 647.208 -2673.41 -372.613 7063.81 1658.28 -2073.61 -647.208 2673.41 372.613 956.433 283.349
1.75 1960.73 824.792 -2768.96 -509.323 7282.69 2125.24 -1960.73 -824.792 2768.96 509.323 1024.21 349.135
1.76 1704.2 927.088 -2646.25 -599.112 6928.62 2398.01 -1704.2 -927.088 2646.25 599.112 1010.12 383.251
1.77 1284.33 966.131 -2297.26 -649.283 5979.81 2507.44 -1284.33 -966.131 2297.26 649.283 911.952 390.949
1.78 694.433 959.024 -1731.99 -670.118 4461.85 2497.48 -694.433 -959.024 1731.99 670.118 734.13 379.589
1.79 -58.2867 926.084 -977.502 -673.715 2445.26 2420.39 58.2867 -926.084 977.502 673.715 487.245 357.856
1.8 -952.677 888.619 -75.7424 -672.685 40.0385 2331.02 952.677 -888.619 75.7424 672.685 187.189 334.835
1.81 -1954.48 866.606 919.601 -678.846 -2612.69 2280.78 1954.48 -866.606 -919.601 678.846 -146.114 319.036
1.82 -3018.2 876.544 1947.14 -702.021 -5351.15 2312.13 3018.2 -876.544 -1947.14 702.021 -490.263 317.502
1.83 -4090.05 929.764 2942.38 -749.044 -8005.02 2454.19 4090.05 -929.764 -2942.38 749.044 -822.12 335.099
1.84 -5111.74 1031.36 3842.59 -823.083 -10408.2 2720.02 5111.74 -1031.36 -3842.59 823.083 -1119.57 374.065
1.85 -6024.81 1179.82 4591.43 -923.305 -12411.1 3105.63 6024.81 -1179.82 -4591.43 923.305 -1363.17 433.842
1.86 -6775.13 1367.31 5143.11 -1044.93 -13891.7 3590.75 6775.13 -1367.31 -5143.11 1044.93 -1537.59 511.177
1.87 -7316.91 1580.46 5465.55 -1179.67 -14764 4140.94 7316.91 -1580.46 -5465.55 1179.67 -1632.63 600.456
1.88 -7615.96 1801.68 5542.4 -1316.49 -14983.3 4710.8 7615.96 -1801.68 -5542.4 1316.49 -1643.88 694.224
1.89 -7651.93 2010.6 5373.69 -1442.58 -14548.2 5247.96 7651.93 -2010.6 -5373.69 1442.58 -1572.84 783.849
1.9 -7419.41 2185.94 4975.26 -1544.64 -13499.2 5697.55 7419.41 -2185.94 -4975.26 1544.64 -1426.54 860.271
1.91 -6928.09 2307.26 4376.95 -1610.01 -11914.1 6006.98 6928.09 -2307.26 -4376.95 1610.01 -1216.79 914.802
1.92 -6201.92 2356.87 3620.05 -1627.95 -9901 6130.69 6201.92 -2356.87 -3620.05 1627.95 -959.131 939.916
1.93 -5277.51 2321.51 2753.93 -1590.6 -7590.25 6034.57 5277.51 -2321.51 -2753.93 1590.6 -671.556 929.956
1.94 -4201.9 2193.73 1832.47 -1493.81 -5124.25 5699.48 4201.9 -2193.73 -1832.47 1493.81 -373.161 881.716
1.95 -3029.52 1972.8 910.156 -1337.55 -2647.71 5123.6 3029.52 -1972.8 -910.156 1337.55 -82.7571 794.8
1.96 -1818.78 1664.98 38.3852 -1126.06 -297.595 4323.18 1818.78 -1664.98 -38.3852 1126.06 182.439 671.746
1.97 -628.203 1283.11 -737.974 -867.578 1805.94 3331.46 628.203 -1283.11 737.974 867.578 407.98 517.854
1.98 487.552 845.604 -1383.46 -573.712 3567.25 2196.05 -487.552 -845.604 1383.46 573.712 583.114 340.757
1.99 1481.32 374.907 -1874.09 -258.602 4920.86 974.934 -1481.32 -374.907 1874.09 258.602 701.405 149.788
2 2316.49 -104.382 -2198.53 62.1875 5834.6 -268.346 -2316.49 104.382 2198.53 -62.1875 760.991 -44.8003
2.01 2969.08 -567.459 -2358.18 372.857 6310.07 -1469.72 -2969.08 567.459 2358.18 -372.857 764.471 -232.654
2.02 3428.75 -991.203 -2366.26 658.57 6380.32 -2569.49 -3428.75 991.203 2366.26 -658.57 718.448 -404.117
2.03 3698.63 -1355.84 -2246.02 906.556 6105.29 -3516.59 -3698.63 1355.84 2246.02 -906.556 632.774 -550.934
2.04 3794.26 -1646.3 -2028.3 1107.02 5565.33 -4272.06 -3794.26 1646.3 2028.3 -1107.02 519.578 -666.835
2.05 3741.55 -1853.15 -1748.62 1253.8 4853.67 -4811.51 -3741.55 1853.15 1748.62 -1253.8 392.181 -747.937
2.06 3574.35 -1973.14 -1444.12 1344.69 4068.37 -5126.45 -3574.35 1973.14 1444.12 -1344.69 263.992 -792.969
2.07 3331.49 -2009.24 -1150.69 1381.4 3304.6 -5224.43 -3331.49 2009.24 1150.69 -1381.4 147.479 -803.283
2.08 3053.67 -1970.18 -900.247 1369.29 2647.46 -5127.9 -3053.67 1970.18 900.247 -1369.29 53.2768 -782.649
2.09 2780.27 -1869.54 -718.506 1316.68 2166.04 -4871.77 -2780.27 1869.54 718.506 -1316.68 -10.5172 -736.862
2.1 2546.28 -1724.38 -623.299 1234 1908.73 -4499.98 -2546.28 1724.38 623.299 -1234 -38.8346 -673.16
2.11 2379.54 -1553.56 -623.476 1132.78 1900.32 -4061.14 -2379.54 1553.56 623.476 -1132.78 -29.8956 -599.521
2.12 2298.47 -1375.93 -718.519 1024.58 2140.78 -3603.88 -2298.47 1375.93 718.519 -1024.58 14.779 -523.909
2.13 2310.68 -1208.6 -898.866 919.918 2606 -3172.26 -2310.68 1208.6 898.866 -919.918 90.6034 -453.529
2.14 2412.41 -1065.36 -1146.93 827.414 3250.41 -2801.89 -2412.41 1065.36 1146.93 -827.414 190.393 -394.194
2.15 2589.07 -955.608 -1438.75 753.038 4011.22 -2516.98 -2589.07 955.608 1438.75 -753.038 305.021 -349.842
2.16 2816.65 -883.634 -1746.04 699.69 4813.92 -2328.64 -2816.65 883.634 1746.04 -699.69 424.202 -322.261
2.17 3063.98 -848.526 -2038.61 667.061 5578.51 -2234.56 -3063.98 848.526 2038.61 -667.061 537.331 -311.02
2.18 3295.53 -844.488 -2286.75 651.79 6225.94 -2219.85 -3295.53 844.488 2286.75 -651.79 634.31 -313.613
2.19 3474.4 -861.599 -2463.49 647.919 6684.18 -2259.02 -3474.4 861.599 2463.49 -647.919 706.286 -325.771
2.2 3565.44 -886.901 -2546.58 647.578 6893.48 -2318.78 -3565.44 886.901 2546.58 -647.578 746.256 -341.929
2.21 3538.06 -905.733 -2519.99 641.845 6810.47 -2361.41 -3538.06 905.733 2519.99 -641.845 749.498 -355.791
2.22 3368.76 -903.198 -2374.96 621.704 6411.06 -2348.63 -3368.76 903.198 2374.96 -621.704 713.826 -360.962
2.23 3043.17 -865.672 -2110.5 578.995 5691.86 -2245.43 -3043.17 865.672 2110.5 -578.995 639.655 -351.586
2.24 2557.44 -782.221 -1733.39 507.294 4670.28 -2023.71 -2557.44 782.221 1733.39 -507.294 529.899 -322.948
2.25 1918.96 -645.794 -1257.67 402.621 3383.31 -1665.41 -1918.96 645.794 1257.67 -402.621 389.716 -271.977
2.26 1146.26 -454.084 -703.718 263.927 1885.03 -1164.65 -1146.26 454.084 703.718 -263.927 226.122 -197.602
2.27 268.071 -209.939 -96.8681 93.3178 243.1 -528.89 -268.071 209.939 96.8681 -93.3178 47.5041 -100.928
2.28 -678.453 78.716 534.221 -104.018 -1465.71 221.346 678.453 -78.716 -534.221 104.018 -136.956 14.8023
2.29 -1650.15 399.449 1159.44 -320.148 -3160.43 1053.91 1650.15 -399.449 -1159.44 320.148 -317.88 144.439
2.3 -2600.82 736.313 1749.13 -544.99 -4761.09 1927.59 2600.82 -736.313 -1749.13 544.99 -486.291 281.345
2.31 -3484.34 1071.16 2275.92 -767.09 -6193.61 2795.54 3484.34 -1071.16 -2275.92 767.09 -634.155 417.94
2.32 -4257.85 1385.12 2716.33 -974.535 -7394.16 3609.03 4257.85 -1385.12 -2716.33 974.535 -754.826 546.328
2.33 -4884.51 1660.14 3052.02 -1155.9 -8312.69 4321.47 4884.51 -1660.14 -3052.02 1155.9 -843.381 658.936
2.34 -5335.85 1880.37 3270.72 -1301.14 -8915.34 4892 5335.85 -1880.37 -3270.72 1301.14 -896.814 749.119
2.35 -5593.49 2033.45 3366.64 -1402.42 -9185.81 5288.68 5593.49 -2033.45 -3366.64 1402.42 -914.111 811.676
2.36 -5650.11 2111.38 3340.59 -1454.68 -9125.58 5490.87 5650.11 -2111.38 -3340.59 1454.68 -896.197 843.254
2.37 -5509.73 2111.12 3199.65 -1456.03 -8753.15 5490.76 5509.73 -2111.12 -3199.65 1456.03 -845.785 842.586
2.38 -5187.28 2034.79 2956.49 -1407.83 -8102.34 5293.81 5187.28 -2034.79 -2956.49 1407.83 -767.139 810.574
2.39 -4707.39 1889.46 2628.51 -1314.56 -7219.77 4918.2 4707.39 -1889.46 -2628.51 1314.56 -665.764 750.189
2.4 -4102.61 1686.48 2236.6 -1183.39 -6161.74 4393.23 4102.61 -1686.48 -2236.6 1183.39 -548.049 666.207
2.41 -3411.07 1440.51 1803.81 -1023.52 -4990.55 3756.76 3411.07 -1440.51 -1803.81 1023.52 -420.877 564.785
2.42 -2673.72 1168.3 1353.93 -845.462 -3770.59 3051.96 2673.72 -1168.3 -1353.93 845.462 -291.205 452.938
2.43 -1931.46 887.205 910.021 -660.102 -2564.39 2323.68 1931.46 -887.205 -910.021 660.102 -165.675 337.934
2.44 -1222.31 613.791 493.046 -477.878 -1428.91 1614.68 1222.31 -613.791 -493.046 477.878 -50.232 226.697
2.45 -578.851 362.487 120.704 -307.949 -412.29 962.216 578.851 -362.487 -120.704 307.949 50.1792 125.245
2.46 -26.2444 144.505 -193.498 -157.527 448.634 395.281 26.2444 -144.505 193.498 157.527 131.859 38.234
2.47 419.17 -32.9105 -440.846 -31.4004 1130.03 -67.3761 -419.17 32.9105 440.846 31.4004 192.503 -31.3554
2.48 750.52 -166.851 -617.709 68.3214 1621.86 -418.175 -750.52 166.851 617.709 -68.3214 231.27 -82.3769
2.49 970.323 -258.709 -725.486 142.21 1927.7 -660.622 -970.323 258.709 725.486 -142.21 248.759 -115.505
2.5 1089.74 -313.782 -770.264 193.284 2063.87 -808.278 -1089.74 313.782 770.264 -193.284 246.918 -133.067
2.51 1127.23 -340.538 -762.198 226.563 2057.72 -882.883 -1127.23 340.538 762.198 -226.563 228.875 -138.731
2.52 1106.71 -349.649 -714.662 248.45 1945.27 -911.85 -1106.71 349.649 714.662 -248.45 198.715 -137.096
2.53 1055.36 -352.834 -643.219 266.003 1768.46 -925.304 -1055.36 352.834 643.219 -266.003 161.198 -133.198
2.54 1001.26 -361.649 -564.449 286.171 1571.9 -952.949 -1001.26 361.649 564.449 -286.171 121.446 -131.997
2.55 970.913 -386.291 -494.715 315.052 1399.55 -1021 -970.913 386.291 494.715 -315.052 84.5932 -137.87
2.56 986.958 -434.546 -448.937 357.249 1291.38 -1149.47 -986.958 434.546 448.937 -357.249 55.4301 -154.167
2.57 1066.21 -510.967 -439.447 415.381 1280.27 -1350.04 -1066.21 510.967 439.447 -415.381 38.0663 -182.864
2.58 1218.18 -616.369 -475.031 489.785 1389.47 -1624.75 -1218.18 616.369 475.031 -489.785 35.6263 -224.354
2.59 1444.21 -747.69 -560.217 578.443 1630.64 -1965.69 -1444.21 747.69 560.217 -578.443 50.0088 -277.383
2.6 1737.29 -898.23 -694.861 677.126 2002.86 -2355.53 -1737.29 898.23 694.861 -677.126 81.7253 -339.156
2.61 2082.64 -1058.24 -874.077 779.757 2492.4 -2769.15 -2082.64 1058.24 874.077 -779.757 129.831 -405.582
2.62 2458.77 -1215.82 -1088.49 878.938 3073.53 -3175.82 -2458.77 1215.82 1088.49 -878.938 191.951 -471.647
2.63 2839.25 -1357.97 -1324.83 966.613 3710.1 -3542.04 -2839.25 1357.97 1324.83 -966.613 264.407 -531.861
2.64 3194.66 -1471.77 -1566.77 1034.79 4357.89 -3834.55 -3194.66 1471.77 1566.77 -1034.79 342.425 -580.762
2.65 3494.9 -1545.56 -1796 1076.25 4967.58 -4023.29 -3494.9 1545.56 1796 -1076.25 420.434 -613.397
2.66 3711.48 -1569.96 -1993.51 1085.26 5488.12 -4084.1 -3711.48 1569.96 1993.51 -1085.26 492.416 -625.772
2.67 3819.71 -1538.72 -2140.89 1058.03 5870.34 -4000.96 -3819.71 1538.72 2140.89 -1058.03 552.317 -615.21
2.68 3800.66 -1449.34 -2221.68 993.149 6070.57 -3767.43 -3800.66 1449.34 2221.68 -993.149 594.471 -580.604
2.69 3642.72 -1303.32 -2222.68 891.742 6054.01 -3387.43 -3642.72 1303.32 2222.68 -891.742 614.024 -522.532
2.7 3342.62 -1106.12 -2134.98 757.404 5797.63 -2875.11 -3342.62 1106.12 2134.98 -757.404 607.323 -443.243
2.71 2905.94 -866.767 -1954.86 595.965 5292.35 -2253.81 -2905.94 866.767 1954.86 -595.965 572.242 -346.486
2.72 2346.85 -597.201 -1684.24 415.05 4544.31 -1554.37 -2346.85 597.201 1684.24 -415.05 508.404 -237.229
2.73 1687.35 -311.314 -1330.8 223.498 3575.11 -812.681 -1687.35 311.314 1330.8 -223.498 417.298 -121.26
2.74 955.814 -23.8683 -907.726 30.6836 2420.92 -66.8706 -955.814 23.8683 907.726 -30.6836 302.254 -4.73418
2.75 185.175 250.654 -432.967 -154.195 1130.61 645.648 -185.175 -250.654 432.967 154.195 168.292 106.313
2.76 -589.272 499.168 71.7593 -322.795 -237.123 1291.07 589.272 -499.168 -71.7593 322.795 21.8447 206.436
2.77 -1332.16 710.95 582.302 -468.236 -1617.28 1841.67 1332.16 -710.95 -582.302 468.236 -129.628 291.182
2.78 -2010.33 878.385 1073.58 -585.56 -2942.64 2277.75 2010.33 -878.385 -1073.58 585.56 -278.109 357.404
2.79 -2594.9 997.415 1521.2 -672.028 -4148.06 2588.79 2594.9 -997.415 -1521.2 672.028 -415.55 403.455
2.8 -3063.03 1067.69 1903.03 -727.218 -5174.68 2773.82 3063.03 -1067.69 -1903.03 727.218 -534.405 429.247
2.81 -3399.21 1092.38 2200.66 -752.933 -5973.83 2840.97 3399.21 -1092.38 -2200.66 752.933 -628.161 436.18
2.82 -3596.04 1077.76 2400.69 -752.913 -6510.28 2806.33 3596.04 -1077.76 -2400.69 752.913 -691.797 426.945
2.83 -3654.53 1032.43 2495.61 -732.403 -6764.67 2692.06 3654.53 -1032.43 -2495.61 732.403 -722.158 405.226
2.84 -3583.64 966.515 2484.34 -697.593 -6734.81 2524.21 3583.64 -966.515 -2484.34 697.593 -718.206 375.332
2.85 -3399.48 890.642 2372.32 -655.013 -6435.84 2330.15 3399.48 -890.642 -2372.32 655.013 -681.12 341.776
2.86 -3123.86 814.95 2171.13 -610.905 -5899.15 2135.99 3123.86 -814.95 -2171.13 610.905 -614.232 308.857
2.87 -2782.53 748.167 1897.64 -570.65 -5170.12 1964.23 2782.53 -748.167 -1897.64 570.65 -522.809 280.265
2.88 -2403.2 696.833 1572.83 -538.298 -4304.8 1831.74 2403.2 -696.833 -1572.83 538.298 -413.683 258.761
2.89 -2013.41 664.753 1220.21 -516.228 -3365.88 1748.32 2013.41 -664.753 -1220.21 516.228 -294.759 245.938
2.9 -1638.6 652.715 864.183 -504.982 -2418.11 1716.03 1638.6 -652.715 -864.183 504.982 -174.441 242.113
2.91 -1300.24 658.51 528.207 -503.274 -1523.61 1729.21 1300.24 -658.51 -528.207 503.274 -61.0137 246.325
2.92 -1014.52 677.234 233.143 -508.173 -737.399 1775.23 1014.52 -677.234 -233.143 508.173 37.9692 256.471
2.93 -791.341 701.844 -4.26619 -515.444 -103.451 1835.99 791.341 -701.844 4.26619 515.444 116.25 269.54
2.94 -633.896 723.921 -172.585 -520.005 348.421 1889.83 633.896 -723.921 172.585 520.005 169.335 281.929
2.95 -538.74 734.535 -266.481 -516.472 604.61 1913.79 538.74 -734.535 266.481 516.472 194.832 289.815
2.96 -496.379 725.169 -287.054 -499.716 668.525 1885.97 496.379 -725.169 287.054 499.716 192.637 289.541
2.97 -492.299 688.581 -241.681 -465.414 560.112 1787.75 492.299 -688.581 241.681 465.414 164.932 277.989
2.98 -508.374 619.563 -143.366 -410.515 314.076 1605.79 508.374 -619.563 143.366 410.515 116.022 252.895
2.99 -524.539 515.509 -9.64291 -333.593 -23.0548 1333.44 524.539 -515.509 9.64291 333.593 51.9835 213.091
3 -520.598 376.755 138.88 -235.06 -396.826 971.608 520.598 -376.755 -138.88 235.06 -19.813 158.656
3.01 -478.035 206.658 280.24 -117.206 -749.413 529.034 478.035 -206.658 -280.24 117.206 -91.3057 90.9414
3.02 -381.672 11.4157 392.96 15.9243 -1024.48 21.7453 381.672 -11.4157 -392.96 -15.9243 -154.397 12.5018
3.03 -221.056 -200.38 457.865 158.807 -1171.97 -528.044 221.056 200.38 -457.865 -158.807 -201.621 -73.0957
3.04 8.54265 -418.389 459.726 304.852 -1152.41 -1093.62 -8.54265 418.389 -459.726 -304.852 -226.771 -161.544
3.05 305.595 -631.334 388.608 446.908 -940.395 -1645.87 -305.595 631.334 -388.608 -446.908 -225.428 -248.136
3.06 662.274 -827.898 240.803 577.811 -527.055 -2155.55 -662.274 827.898 -240.803 -577.811 -195.354 -328.142
3.07 1064.91 -997.613 19.2827 690.943 78.8677 -2595.65 -1064.91 997.613 -19.2827 -690.943 -136.716 -397.188
3.08 1494.88 -1131.69 -266.379 780.738 851.258 -2943.47 -1494.88 1131.69 266.379 -780.738 -52.1221 -451.598
3.09 1929.9 -1223.68 -600.599 843.103 1748.26 -3182.35 -1929.9 1223.68 600.599 -843.103 53.5359 -488.677
3.1 2345.6 -1269.94 -962.869 875.706 2715.18 -3302.92 -2345.6 1269.94 962.869 -875.706 173.425 -506.914
3.11 2717.21 -1269.89 -1329.24 878.127 3688.44 -3303.61 -2717.21 1269.89 1329.24 -878.127 299.269 -506.07
3.12 3021.33 -1225.94 -1674.08 851.843 4600.27 -3190.66 -3021.33 1225.94 1674.08 -851.843 421.974 -487.173
3.13 3237.65 -1143.25 -1972.07 800.059 5383.88 -2977.35 -3237.65 1143.25 1972.07 -800.059 532.32 -452.399
3.14 3350.39 -1029.22 -2200.09 727.405 5978.57 -2682.8 -3350.39 1029.22 2200.09 -727.405 621.685 -404.869
3.15 3349.46 -892.854 -2339.08 639.52 6334.51 -2330.2 -3349.46 892.854 2339.08 -639.52 682.72 -348.365
3.16 3231.23 -743.955 -2375.55 542.565 6416.71 -1944.86 -3231.23 743.955 2375.55 -542.565 709.949 -287.008
3.17 2998.83 -592.325 -2302.72 442.713 6207.95 -1552.07 -2998.83 592.325 2302.72 -442.713 700.213 -224.906
3.18 2661.95 -446.958 -2121.1 345.647 5710.34 -1175.05 -2661.95 446.958 2121.1 -345.647 652.949 -165.821
3.19 2236.22 -315.339 -1838.58 256.13 4945.46 -833.147 -2236.22 315.339 1838.58 -256.13 570.265 -112.872
3.2 1742.13 -202.894 -1469.94 177.66 3953 -540.38 -1742.13 202.894 1469.94 -177.66 456.812 -68.3026
3.21 1203.68 -112.64 -1035.84 112.255 2788.05 -304.581 -1203.68 112.64 1035.84 -112.255 319.456 -33.3386
3.22 646.761 -45.0651 -561.326 60.3742 1517.2 -127.062 -646.761 45.0651 561.326 -60.3742 166.775 -8.13375
3.23 97.4834 1.75621 -74.0734 20.9906 213.788 -2.91065 -97.4834 -1.75621 74.0734 -20.9906 8.43182 8.17929
3.24 -419.527 31.8341 397.637 -8.21318 -1047.36 78.1534 419.527 -31.8341 -397.637 8.21318 -145.547 17.3488
3.25 -882.654 50.7479 826.943 -30.5294 -2195.31 130.457 882.654 -50.7479 -826.943 30.5294 -285.516 21.7865
3.26 -1274.59 65.0024 1190.34 -49.8293 -3168.09 170.713 1274.59 -65.0024 -1190.34 49.8293 -402.932 24.2946
3.27 -1583.31 81.3135 1469.35 -70.1224 -3917.06 216.177 1583.31 -81.3135 -1469.35 70.1224 -490.984 27.7639
3.28 -1802.64 105.892 1651.8 -95.1133 -4410.3 282.806 1802.64 -105.892 -1651.8 95.1133 -545.096 34.8699
3.29 -1932.41 143.788 1732.64 -127.794 -4634.67 383.57 1932.41 -143.788 -1732.64 127.794 -563.251 47.7948
3.3 -1978.17 198.353 1714.18 -170.109 -4596.42 527.06 1978.17 -198.353 -1714.18 170.109 -546.116 67.9999
3.31 -1950.49 270.868 1605.78 -222.73 -4320.37 716.536 1950.49 -270.868 -1605.78 222.73 -496.96 96.067
3.32 -1863.94 360.363 1422.98 -284.943 -3847.57 949.467 1863.94 -360.363 -1422.98 284.943 -421.364 131.624
3.33 -1735.78 463.659 1186.21 -354.675 -3231.86 1217.62 1735.78 -463.659 -1186.21 354.675 -326.756 173.357
3.34 -1584.47 575.601 919.049 -428.649 -2535.34 1507.69 1584.47 -575.601 -919.049 428.649 -221.803 219.115
3.35 -1428.24 689.488 646.356 -502.65 -1823.36 1802.37 1428.24 -689.488 -646.356 502.65 -115.709 266.089
3.36 -1283.6 797.647 392.246 -571.879 -1159.26 2081.89 1283.6 -797.647 -392.246 571.879 -17.4782 311.051
3.37 -1164.13 892.097 178.195 -631.367 -599.385 2325.65 1164.13 -892.097 -178.195 631.367 64.7984 350.639
3.38 -1079.46 965.25 21.3608 -676.407 -188.664 2514.1 1079.46 -965.25 -21.3608 676.407 124.582 381.647
3.39 -1034.64 1010.58 -66.7377 -702.971 42.8223 2630.42 1034.64 -1010.58 66.7377 702.971 157.391 401.312
3.4 -1029.86 1023.19 -81.07 -708.062 82.066 2662.02 1029.86 -1023.19 81.07 708.062 161.144 407.558
3.41 -1060.55 1000.28 -23.4228 -689.99 -66.0352 2601.67 1060.55 -1000.28 23.4228 689.99 136.304 399.178
3.42 -1117.89 941.384 97.8242 -648.536 -379.289 2448.2 1117.89 -941.384 -97.8242 648.536 85.8162 375.95
3.43 -1189.6 848.424 268.452 -584.987 -820.21 2206.61 1189.6 -848.424 -268.452 584.987 14.854 338.657
3.44 -1261.06 725.603 469.625 -502.052 -1339.25 1887.77 1261.06 -725.603 -469.625 502.052 -69.6231 289.04
3.45 -1316.58 579.064 679.483 -403.663 -1879 1507.54 1316.58 -579.064 -679.483 403.663 -159.448 229.651
3.46 -1340.72 416.407 874.97 -294.668 -2378.99 1085.56 1340.72 -416.407 -874.97 294.668 -245.921 163.66
3.47 -1319.69 246.103 1033.76 -180.46 -2780.76 643.712 1319.69 -246.103 -1033.76 180.46 -320.527 94.5982
3.48 -1242.51 76.8343 1136.13 -66.5697 -3032.74 204.419 1242.51 -76.8343 -1136.13 66.5697 -375.637 26.0842
3.49 -1102.02 -83.1723 1166.57 41.7539 -3094.58 -211.061 1102.02 83.1723 -1166.57 -41.7539 -405.13 -38.4555
3.5 -895.592 -226.752 1115.15 139.922 -2940.54 -584.212 895.592 226.752 -1115.15 -139.922 -404.897 -96.0448
3.51 -625.449 -348.316 978.325 224.324 -2561.79 -900.577 625.449 348.316 -978.325 -224.324 -373.184 -144.372
3.52 -298.686 -444.213 759.347 292.556 -1967.3 -1150.7 298.686 444.213 -759.347 -292.556 -310.743 -181.941
3.53 73.1215 -512.918 468.034 343.538 -1183.32 -1330.6 -73.1215 512.918 -468.034 -343.538 -220.781 -208.156
3.54 474.625 -555.041 120.097 377.521 -251.569 -1441.81 -474.625 555.041 -120.097 -377.521 -108.723 -223.313
3.55 887.692 -573.139 -264.027 395.973 773.872 -1490.88 -887.692 573.139 264.027 -395.973 18.2076 -228.534
3.56 1292.6 -571.38 -660.707 401.372 1830.57 -1488.53 -1292.6 571.38 660.707 -401.372 151.547 -225.611
3.57 1669.37 -555.064 -1044.89 396.919 2852.43 -1448.38 -1669.37 555.064 1044.89 -396.919 282.243 -216.815
3.58 1999.08 -530.077 -1392 386.186 3774.65 -1385.57 -1999.08 530.077 1392 -386.186 401.351 -204.656
3.59 2265.14 -502.299 -1679.76 372.764 4538.55 -1315.26 -2265.14 502.299 1679.76 -372.764 500.72 -191.641
3.6 2454.43 -477.044 -1889.86 359.904 5095.96 -1251.1 -2454.43 477.044 1889.86 -359.904 573.617 -180.028
3.61 2558.1 -458.56 -2009.32 350.214 5412.74 -1204.06 -2558.1 458.56 2009.32 -350.214 615.222 -171.622
3.62 2572.19 -449.651 -2031.4 345.42 5471.21 -1181.34 -2572.19 449.651 2031.4 -345.42 622.994 -167.612
3.63 2497.77 -451.44 -1956.06 346.217 5271.35 -1185.85 -2497.77 451.44 1956.06 -346.217 596.832 -168.471
3.64 2340.86 -463.293 -1789.87 352.229 4830.55 -1215.95 -2340.86 463.293 1789.87 -352.229 539.063 -173.927
3.65 2111.91 -482.917 -1545.47 362.067 4182.17 -1265.75 -2111.91 482.917 1545.47 -362.067 454.235 -182.999
3.66 1825.02 -506.614 -1240.52 373.481 3372.81 -1325.73 -1825.02 506.614 1240.52 -373.481 348.741 -194.107
3.67 1496.97 -529.659 -896.317 383.603 2458.64 -1383.74 -1496.97 529.659 896.317 -383.603 230.307 -205.239
3.68 1146 -546.79 -536.157 389.246 1501.09 -1426.23 -1146 546.79 536.157 -389.246 107.383 -214.144
3.69 790.562 -552.736 -183.553 387.225 562.173 -1439.64 -790.562 552.736 183.553 -387.225 -11.515 -218.569
3.7 448.136 -542.75 139.513 374.695 -300.092 -1411.77 -448.136 542.75 -139.513 -374.695 -118.448 -216.476
3.71 134.06 -513.1 414.193 349.445 -1035.93 -1333.05 -134.06 513.1 -414.193 -349.445 -206.653 -206.253
3.72 -139.395 -461.463 626.102 310.146 -1607.27 -1197.51 139.395 461.463 -626.102 -310.146 -271.032 -186.882
3.73 -363.718 -387.196 766.278 256.515 -1990.33 -1003.54 363.718 387.196 -766.278 -256.515 -308.507 -158.051
3.74 -534.562 -291.459 831.7 189.395 -2176.89 -754.169 534.562 291.459 -831.7 -189.395 -318.205 -120.208
3.75 -651.822 -177.177 825.323 110.723 -2174.5 -456.984 651.822 177.177 -825.323 -110.723 -301.47 -74.547
3.76 -719.401 -48.8507 755.66 23.4153 -2005.28 -123.624 719.401 48.8507 -755.66 -23.4153 -261.696 -22.9281
3.77 -744.682 87.7717 635.919 -68.8388 -1703.75 231.053 744.682 -87.7717 -635.919 68.8388 -204.009 32.2618
3.78 -737.747 226.129 482.803 -161.851 -1313.61 590.097 737.747 -226.129 -482.803 161.851 -134.805 88.2907
3.79 -710.427 359.351 315.049 -251.247 -883.938 935.761 710.427 -359.351 -315.049 251.247 -61.21 142.294
3.8 -675.232 480.789 151.841 -332.799 -465.04 1250.87 675.232 -480.789 -151.841 332.799 9.51762 191.497
3.81 -644.267 584.519 11.2195 -402.742 -104.237 1520.13 644.267 -584.519 -11.2195 402.742 70.5788 233.431
3.82 -628.203 665.797 -91.3807 -458.051 157.963 1731.27 628.203 -665.797 91.3807 458.051 116.179 266.118
3.83 -635.391 721.391 -144.364 -496.653 291.108 1875.96 635.391 -721.391 144.364 496.653 141.984 288.217
3.84 -671.167 749.803 -140.87 -517.563 277.165 1950.3 671.167 -749.803 140.87 517.563 145.446 299.113
3.85 -737.42 751.332 -79.2784 -520.926 111.845 1955.05 737.42 -751.332 79.2784 520.926 125.99 298.948
3.86 -832.43 727.991 36.7214 -507.964 -195.193 1895.39 832.43 -727.991 -36.7214 507.964 85.0289 288.579
3.87 -951.005 683.286 198.48 -480.838 -621.267 1780.37 951.005 -683.286 -198.48 480.838 25.8265 269.491
3.88 -1084.89 621.875 393.139 -442.442 -1132.63 1621.98 1084.89 -621.875 -393.139 442.442 -46.7893 243.651
3.89 -1223.41 549.144 604.707 -396.134 -1687.29 1434.1 1223.41 -549.144 -604.707 396.134 -126.833 213.327
3.9 -1354.36 470.73 815.37 -345.445 -2238.45 1231.3 1354.36 -470.73 -815.37 345.445 -207.655 180.89
3.91 -1464.9 392.047 1006.94 -293.778 -2738.34 1027.53 1464.9 -392.047 -1006.94 293.778 -282.48 148.612
3.92 -1542.67 317.845 1162.32 -244.138 -3142 835.055 1542.67 -317.845 -1162.32 244.138 -344.951 118.48
3.93 -1576.71 251.841 1266.84 -198.897 -3410.89 663.481 1576.71 -251.841 -1266.84 198.897 -389.631 92.041
3.94 -1558.4 196.457 1309.44 -159.636 -3515.9 519.076 1558.4 -196.457 -1309.44 159.636 -412.42 70.2931
3.95 -1482.18 152.684 1283.5 -127.052 -3439.64 404.425 1482.18 -152.684 -1283.5 127.052 -410.874 53.6262
3.96 -1346.03 120.078 1187.37 -100.96 -3177.75 318.412 1346.03 -120.078 -1187.37 100.96 -384.374 41.8218
3.97 -1151.75 96.891 1024.47 -80.3734 -2739.25 256.564 1151.75 -96.891 -1024.47 80.3734 -334.163 34.1091
3.98 -904.875 80.3156 802.998 -63.6498 -2145.76 211.678 904.875 -80.3156 -802.998 63.6498 -263.23 29.2687
3.99 -614.436 66.8278 535.324 -48.7064 -1429.91 174.706 614.436 -66.8278 -535.324 48.7064 -176.065 25.7778
4 -292.362 52.5864 237.026 -33.2642 -632.78 135.78 292.362 -52.5864 -237.026 33.2642 -78.2982 21.9797
