0.01 0 1.64815 1.1467 -0.0755024 -2.86676 4.12038 0 -1.64815 -1.1467 0.0755024 -2.86676 4.12038
0.02 0 29.1191 10.0186 -0.409974 -25.0464 72.7979 0 -29.1191 -10.0186 0.409974 -25.0464 72.7979
0.03 0 140.695 44.3902 -1.17997 -110.975 351.738 0 -140.695 -44.3902 1.17997 -110.975 351.738
0.04 0 377.795 134.975 -2.46763 -337.438 944.489 0 -377.795 -134.975 2.46763 -337.438 944.489
0.05 0 696.626 319.274 -4.22924 -798.184 1741.56 0 -696.626 -319.274 4.22924 -798.184 1741.56
0.06 0 968.711 628.214 -6.33862 -1570.53 2421.78 0 -968.711 -628.214 6.33862 -1570.53 2421.78
0.07 0 1072.36 1071.49 -8.65604 -2678.72 2680.9 0 -1072.36 -1071.49 8.65604 -2678.72 2680.9
0.08 0 989.143 1629.45 -11.0651 -4073.63 2472.86 0 -989.143 -1629.45 11.0651 -4073.63 2472.86
0.09 0 808.174 2255.43 -13.4995 -5638.57 2020.44 0 -808.174 -2255.43 13.4995 -5638.57 2020.44
0.1 0 648.82 2886.76 -15.9074 -7216.89 1622.05 0 -648.82 -2886.76 15.9074 -7216.89 1622.05
0.11 0 579.808 3459.75 -18.207 -8649.39 1449.52 0 -579.808 -3459.75 18.207 -8649.39 1449.52
0.12 0 601.003 3922.58 -20.2632 -9806.46 1502.51 0 -601.003 -3922.58 20.2632 -9806.46 1502.51
0.13 0 677.294 4242.34 -21.8848 -10605.8 1693.23 0 -677.294 -4242.34 21.8848 -10605.8 1693.23
0.14 0 768.344 4405.46 -22.8643 -11013.7 1920.86 0 -768.344 -4405.46 22.8643 -11013.7 1920.86
0.15 0 832.544 4412.36 -23.0254 -11030.9 2081.36 0 -832.544 -4412.36 23.0254 -11030.9 2081.36
0.16 0 826.27 4269.15 -22.2683 -10672.9 2065.67 0 -826.27 -4269.15 22.2683 -10672.9 2065.67
0.17 0 723.998 3981.05 -20.601 -9952.61 1810 0 -723.998 -3981.05 20.601 -9952.61 1810
0.18 0 546.972 3551.04 -18.138 -8877.6 1367.43 0 -546.972 -3551.04 18.138 -8877.6 1367.43
0.19 0 362.968 2985.01 -15.0741 -7462.52 907.419 0 -362.968 -2985.01 15.0741 -7462.52 907.419
0.2 0 246.289 2299.86 -11.6371 -5749.65 615.722 0 -246.289 -2299.86 11.6371 -5749.65 615.722
0.21 0 228.306 1529.42 -8.03931 -3823.56 570.764 0 -228.306 -1529.42 8.03931 -3823.56 570.764
0.22 0 280.171 723.662 -4.45031 -1809.16 700.428 0 -280.171 -723.662 4.45031 -1809.16 700.428
0.23 9.75782e-12 338.116 -58.9174 -0.993407 147.293 845.29 -9.75782e-12 -338.116 58.9174 0.993407 147.293 845.29
0.24 -9.75782e-12 344.088 -762.52 2.23532 1906.3 860.221 9.75782e-12 -344.088 762.52 -2.23532 1906.3 860.221
0.25 1.95156e-11 270.752 -1344.54 5.14377 3361.34 676.88 -1.95156e-11 -270.752 1344.54 -5.14377 3361.34 676.88
0.26 0 123.196 -1781.93 7.63279 4454.81 307.99 0 -123.196 1781.93 -7.63279 4454.81 307.99
0.27 0 -70.0429 -2072.2 9.60353 5180.51 -175.107 0 70.0429 2072.2 -9.60353 5180.51 -175.107
0.28 0 -266.33 -2229.53 10.9818 5573.82 -665.826 0 266.33 2229.53 -10.9818 5573.82 -665.826
0.29 -3.90313e-11 -421.282 -2277.54 11.7469 5693.86 -1053.2 3.90313e-11 421.282 2277.54 -11.7469 5693.86 -1053.2
0.3 0 -507.278 -2241.88 11.9509 5604.69 -1268.2 0 507.278 2241.88 -11.9509 5604.69 -1268.2
0.31 0 -529.584 -2145.14 11.7183 5362.85 -1323.96 0 529.584 2145.14 -11.7183 5362.85 -1323.96
0.32 0 -525.161 -2006.32 11.2233 5015.8 -1312.9 0 525.161 2006.32 -11.2233 5015.8 -1312.9
0.33 0 -540.449 -1843.74 10.6522 4609.34 -1351.12 0 540.449 1843.74 -10.6522 4609.34 -1351.12
0.34 0 -602.872 -1678.81 10.1643 4197.03 -1507.18 0 602.872 1678.81 -10.1643 4197.03 -1507.18
0.35 0 -706.312 -1537.24 9.86458 3843.1 -1765.78 0 706.312 1537.24 -9.86458 3843.1 -1765.78
0.36 0 -818.141 -1446.02 9.79593 3615.05 -2045.35 0 818.141 1446.02 -9.79593 3615.05 -2045.35
0.37 0 -898.685 -1427.28 9.94902 3568.21 -2246.71 0 898.685 1427.28 -9.94902 3568.21 -2246.71
0.38 0 -918.875 -1491.63 10.2828 3729.09 -2297.19 0 918.875 1491.63 -10.2828 3729.09 -2297.19
0.39 0 -869.335 -1633.91 10.7444 4084.76 -2173.34 0 869.335 1633.91 -10.7444 4084.76 -2173.34
0.4 0 -762.097 -1832.97 11.2796 4582.42 -1905.24 0 762.097 1832.97 -11.2796 4582.42 -1905.24
0.41 0 -626.735 -2055.69 11.8319 5139.23 -1566.84 0 626.735 2055.69 -11.8319 5139.23 -1566.84
0.42 0 -500.06 -2263.69 12.3323 5659.22 -1250.15 0 500.06 2263.69 -12.3323 5659.22 -1250.15
0.43 0 -410.36 -2420.7 12.6897 6051.75 -1025.9 0 410.36 2420.7 -12.6897 6051.75 -1025.9
0.44 0 -363.544 -2498.32 12.7902 6245.8 -908.859 0 363.544 2498.32 -12.7902 6245.8 -908.859
0.45 0 -340.861 -2478.56 12.5104 6196.39 -852.152 0 340.861 2478.56 -12.5104 6196.39 -852.152
0.46 0 -311.089 -2353.02 11.742 5882.56 -777.724 0 311.089 2353.02 -11.742 5882.56 -777.724
0.47 0 -249.345 -2120.2 10.4183 5300.5 -623.364 0 249.345 2120.2 -10.4183 5300.5 -623.364
0.48 0 -150.157 -1782.77 8.53383 4456.93 -375.393 0 150.157 1782.77 -8.53383 4456.93 -375.393
0.49 0 -28.0075 -1346.78 6.14882 3366.95 -70.0187 0 28.0075 1346.78 -6.14882 3366.95 -70.0187
0.5 0 92.0544 -822.923 3.37828 2057.31 230.136 0 -92.0544 822.923 -3.37828 2057.31 230.136
0.51 0 186.353 -228.985 0.370994 572.463 465.882 0 -186.353 228.985 -0.370994 572.463 465.882
0.52 -4.87891e-12 241.613 408.404 -2.71439 -1021.01 604.033 4.87891e-12 -241.613 -408.404 2.71439 -1021.01 604.033
0.53 0 259.418 1054.25 -5.72853 -2635.62 648.545 0 -259.418 -1054.25 5.72853 -2635.62 648.545
0.54 0 255.76 1668.46 -8.5415 -4171.14 639.4 0 -255.76 -1668.46 8.5415 -4171.14 639.4
0.55 0 255.04 2211.25 -11.0437 -5528.13 637.6 0 -255.04 -2211.25 11.0437 -5528.13 637.6
0.56 0 279.379 2649.2 -13.1415 -6623 698.448 0 -279.379 -2649.2 13.1415 -6623 698.448
0.57 0 337.745 2959.94 -14.7545 -7399.85 844.363 0 -337.745 -2959.94 14.7545 -7399.85 844.363
0.58 0 421.307 3134.38 -15.8177 -7835.94 1053.27 0 -421.307 -3134.38 15.8177 -7835.94 1053.27
0.59 0 508.374 3175.87 -16.2915 -7939.67 1270.93 0 -508.374 -3175.87 16.2915 -7939.67 1270.93
0.6 0 575.96 3097.28 -16.1743 -7743.21 1439.9 0 -575.96 -3097.28 16.1743 -7743.21 1439.9
0.61 0 610.83 2917.26 -15.511 -7293.15 1527.08 0 -610.83 -2917.26 15.511 -7293.15 1527.08
0.62 0 614.029 2657.11 -14.3942 -6642.78 1535.07 0 -614.029 -2657.11 14.3942 -6642.78 1535.07
0.63 0 597.846 2339.21 -12.9525 -5848.04 1494.62 0 -597.846 -2339.21 12.9525 -5848.04 1494.62
0.64 0 578.352 1986.71 -11.3317 -4966.77 1445.88 0 -578.352 -1986.71 11.3317 -4966.77 1445.88
0.65 -1.95156e-11 567.635 1623.72 -9.67256 -4059.29 1419.09 1.95156e-11 -567.635 -1623.72 9.67256 -4059.29 1419.09
0.66 0 568.554 1274.98 -8.09247 -3187.44 1421.38 0 -568.554 -1274.98 8.09247 -3187.44 1421.38
0.67 0 573.434 964.213 -6.67411 -2410.53 1433.58 0 -573.434 -964.213 6.67411 -2410.53 1433.58
0.68 0 567.212 711.205 -5.46392 -1778.01 1418.03 0 -567.212 -711.205 5.46392 -1778.01 1418.03
0.69 -9.75782e-12 534.232 528.43 -4.47721 -1321.07 1335.58 9.75782e-12 -534.232 -528.43 4.47721 -1321.07 1335.58
0.7 0 465.938 418.448 -3.70624 -1046.12 1164.84 0 -465.938 -418.448 3.70624 -1046.12 1164.84
0.71 0 365.544 373.138 -3.12676 -932.844 913.861 0 -365.544 -373.138 3.12676 -932.844 913.861
0.72 0 246.978 375.187 -2.70074 -937.968 617.445 0 -246.978 -375.187 2.70074 -937.968 617.445
0.73 0 128.613 401.442 -2.3757 -1003.6 321.531 0 -128.613 -401.442 2.3757 -1003.6 321.531
0.74 0 25.3547 427.063 -2.08379 -1067.66 63.3867 0 -25.3547 -427.063 2.08379 -1067.66 63.3867
0.75 0 -56.7823 429.309 -1.74425 -1073.27 -141.956 0 56.7823 -429.309 1.74425 -1073.27 -141.956
0.76 0 -121.351 390.065 -1.27142 -975.162 -303.378 0 121.351 -390.065 1.27142 -975.162 -303.378
0.77 0 -177.847 296.875 -0.587674 -742.187 -444.617 0 177.847 -296.875 0.587674 -742.187 -444.617
0.78 0 -236.025 142.814 0.361883 -357.035 -590.063 0 236.025 -142.814 -0.361883 -357.035 -590.063
0.79 0 -300.777 -74.0805 1.59735 185.201 -751.943 0 300.777 74.0805 -1.59735 185.201 -751.943
0.8 0 -369.586 -351.147 3.0984 877.867 -923.966 0 369.586 351.147 -3.0984 877.867 -923.966
0.81 9.75782e-12 -433.535 -680.872 4.80647 1702.18 -1083.84 -9.75782e-12 433.535 680.872 -4.80647 1702.18 -1083.84
0.82 0 -481.434 -1050.3 6.63392 2625.76 -1203.58 0 481.434 1050.3 -6.63392 2625.76 -1203.58
0.83 0 -505.214 -1440.71 8.47663 3601.77 -1263.03 0 505.214 1440.71 -8.47663 3601.77 -1263.03
0.84 0 -503.947 -1828.13 10.2267 4570.32 -1259.87 0 503.947 1828.13 -10.2267 4570.32 -1259.87
0.85 0 -484.47 -2185.3 11.7818 5463.26 -1211.18 0 484.47 2185.3 -11.7818 5463.26 -1211.18
0.86 0 -458.331 -2484.69 13.0509 6211.71 -1145.83 0 458.331 2484.69 -13.0509 6211.71 -1145.83
0.87 0 -436.707 -2702.01 13.9567 6755.02 -1091.77 0 436.707 2702.01 -13.9567 6755.02 -1091.77
0.88 -3.90313e-11 -425.837 -2819.42 14.4378 7048.54 -1064.59 3.90313e-11 425.837 2819.42 -14.4378 7048.54 -1064.59
0.89 0 -424.99 -2827.47 14.4512 7068.66 -1062.48 0 424.99 2827.47 -14.4512 7068.66 -1062.48
0.9 0 -427.612 -2725.59 13.9777 6813.98 -1069.03 0 427.612 2725.59 -13.9777 6813.98 -1069.03
0.91 0 -424.839 -2521.25 13.0271 6303.11 -1062.1 0 424.839 2521.25 -13.0271 6303.11 -1062.1
0.92 0 -409.679 -2228.18 11.6422 5570.45 -1024.2 0 409.679 2228.18 -11.6422 5570.45 -1024.2
0.93 -3.90313e-11 -380.027 -1864.56 9.89817 4661.41 -950.067 3.90313e-11 380.027 1864.56 -9.89817 4661.41 -950.067
0.94 -1.95156e-11 -339.211 -1451.38 7.89723 3628.46 -848.027 1.95156e-11 339.211 1451.38 -7.89723 3628.46 -848.027
0.95 0 -293.938 -1011.28 5.75761 2528.2 -734.844 0 293.938 1011.28 -5.75761 2528.2 -734.844
0.96 0 -250.678 -567.679 3.60031 1419.2 -626.695 0 250.678 567.679 -3.60031 1419.2 -626.695
0.97 4.87891e-12 -212.34 -143.765 1.5362 359.412 -530.851 -4.87891e-12 212.34 143.765 -1.5362 359.412 -530.851
0.98 4.87891e-12 -176.87 238.907 -0.343837 -597.269 -442.175 -4.87891e-12 176.87 -238.907 0.343837 -597.269 -442.175
0.99 0 -138.402 562.271 -1.97417 -1405.68 -346.006 0 138.402 -562.271 1.97417 -1405.68 -346.006
1 9.75782e-12 -90.2747 813.734 -3.31541 -2034.34 -225.687 -9.75782e-12 90.2747 -813.734 3.31541 -2034.34 -225.687
1.01 0 -28.376 987.77 -4.35254 -2469.42 -70.9399 0 28.376 -987.77 4.35254 -2469.42 -70.9399
1.02 0 46.7097 1086.59 -5.09208 -2716.49 116.774 0 -46.7097 -1086.59 5.09208 -2716.49 116.774
1.03 0 129.633 1119.65 -5.55951 -2799.11 324.082 0 -129.633 -1119.65 5.55951 -2799.11 324.082
1.04 0 212.196 1101.94 -5.79731 -2754.84 530.489 0 -212.196 -1101.94 5.79731 -2754.84 530.489
1.05 0 286.345 1051.7 -5.86265 -2629.25 715.863 0 -286.345 -1051.7 5.86265 -2629.25 715.863
1.06 -1.95156e-11 346.915 987.871 -5.82371 -2469.68 867.288 1.95156e-11 -346.915 -987.871 5.82371 -2469.68 867.288
1.07 0 392.942 927.951 -5.75354 -2319.88 982.354 0 -392.942 -927.951 5.75354 -2319.88 982.354
1.08 1.95156e-11 427.03 886.503 -5.7218 -2216.26 1067.57 -1.95156e-11 -427.03 -886.503 5.7218 -2216.26 1067.57
1.09 -1.95156e-11 453.187 874.328 -5.7854 -2185.82 1132.97 1.95156e-11 -453.187 -874.328 5.7854 -2185.82 1132.97
1.1 0 474.263 898.084 -5.98034 -2245.21 1185.66 0 -474.263 -898.084 5.98034 -2245.21 1185.66
1.11 0 490.277 960.098 -6.31652 -2400.25 1225.69 0 -490.277 -960.098 6.31652 -2400.25 1225.69
1.12 0 498.407 1058.19 -6.77688 -2645.47 1246.02 0 -498.407 -1058.19 6.77688 -2645.47 1246.02
1.13 1.95156e-11 494.536 1185.53 -7.32073 -2963.82 1236.34 -1.95156e-11 -494.536 -1185.53 7.32073 -2963.82 1236.34
1.14 0 475.501 1330.75 -7.8901 -3326.87 1188.75 0 -475.501 -1330.75 7.8901 -3326.87 1188.75
1.15 0 440.948 1478.56 -8.4174 -3696.4 1102.37 0 -440.948 -1478.56 8.4174 -3696.4 1102.37
1.16 0 393.943 1611.01 -8.83268 -4027.53 984.857 0 -393.943 -1611.01 8.83268 -4027.53 984.857
1.17 0 340.111 1709.4 -9.0697 -4273.51 850.276 0 -340.111 -1709.4 9.0697 -4273.51 850.276
1.18 0 285.712 1756.49 -9.07043 -4391.22 714.28 0 -285.712 -1756.49 9.07043 -4391.22 714.28
1.19 -3.90313e-11 235.514 1738.65 -8.78883 -4346.63 588.784 3.90313e-11 -235.514 -1738.65 8.78883 -4346.63 588.784
1.2 1.95156e-11 191.377 1647.52 -8.19429 -4118.8 478.443 -1.95156e-11 -191.377 -1647.52 8.19429 -4118.8 478.443
1.21 0 152.145 1480.82 -7.27511 -3702.05 380.364 0 -152.145 -1480.82 7.27511 -3702.05 380.364
1.22 -1.95156e-11 114.812 1242.39 -6.04167 -3105.99 287.029 1.95156e-11 -114.812 -1242.39 6.04167 -3105.99 287.029
1.23 1.95156e-11 76.3482 941.54 -4.52829 -2353.85 190.87 -1.95156e-11 -76.3482 -941.54 4.52829 -2353.85 190.87
1.24 -9.75782e-12 35.3008 591.952 -2.79266 -1479.88 88.2519 9.75782e-12 -35.3008 -591.952 2.79266 -1479.88 88.2519
1.25 2.43945e-12 -7.58186 210.541 -0.91232 -526.352 -18.9546 -2.43945e-12 7.58186 -210.541 0.91232 -526.352 -18.9546
1.26 4.87891e-12 -49.8947 -183.73 1.02184 459.325 -124.737 -4.87891e-12 49.8947 183.73 -1.02184 459.325 -124.737
1.27 -9.75782e-12 -88.9327 -570.965 2.91405 1427.41 -222.332 9.75782e-12 88.9327 570.965 -2.91405 1427.41 -222.332
1.28 0 -123.137 -931.496 4.67258 2328.74 -307.842 0 123.137 931.496 -4.67258 2328.74 -307.842
1.29 0 -152.923 -1247.17 6.2176 3117.91 -382.307 0 152.923 1247.17 -6.2176 3117.91 -382.307
1.3 1.95156e-11 -180.518 -1502.71 7.4869 3756.79 -451.296 -1.95156e-11 180.518 1502.71 -7.4869 3756.79 -451.296
1.31 0 -208.907 -1687.15 8.43905 4217.86 -522.269 0 208.907 1687.15 -8.43905 4217.86 -522.269
1.32 0 -240.378 -1794.81 9.05437 4487.04 -600.944 0 240.378 1794.81 -9.05437 4487.04 -600.944
1.33 0 -275.341 -1826 9.33431 4565 -688.352 0 275.341 1826 -9.33431 4565 -688.352
1.34 0 -311.95 -1786.77 9.29986 4466.93 -779.875 0 311.95 1786.77 -9.29986 4466.93 -779.875
1.35 0 -346.673 -1688.14 8.98944 4220.34 -866.682 0 346.673 1688.14 -8.98944 4220.34 -866.682
1.36 0 -375.531 -1544.65 8.456 3861.61 -938.827 0 375.531 1544.65 -8.456 3861.61 -938.827
1.37 0 -395.436 -1372.71 7.76315 3431.77 -988.591 0 395.436 1372.71 -7.76315 3431.77 -988.591
1.38 0 -405.038 -1188.92 6.98003 2972.3 -1012.6 0 405.038 1188.92 -6.98003 2972.3 -1012.6
1.39 0 -404.754 -1008.62 6.17509 2521.54 -1011.89 0 404.754 1008.62 -6.17509 2521.54 -1011.89
1.4 0 -396.07 -844.755 5.4094 2111.89 -990.175 0 396.07 844.755 -5.4094 2111.89 -990.175
1.41 0 -380.503 -707.159 4.73048 1767.9 -951.256 0 380.503 707.159 -4.73048 1767.9 -951.256
1.42 0 -358.764 -601.985 4.16788 1504.96 -896.91 0 358.764 601.985 -4.16788 1504.96 -896.91
1.43 0 -330.505 -531.409 3.73102 1328.52 -826.264 0 330.505 531.409 -3.73102 1328.52 -826.264
1.44 0 -294.742 -493.515 3.40987 1233.79 -736.855 0 294.742 493.515 -3.40987 1233.79 -736.855
1.45 0 -250.715 -482.44 3.1778 1206.1 -626.787 0 250.715 482.44 -3.1778 1206.1 -626.787
1.46 0 -198.759 -488.877 2.99606 1222.19 -496.897 0 198.759 488.877 -2.99606 1222.19 -496.897
1.47 0 -140.742 -500.981 2.8189 1252.45 -351.855 0 140.742 500.981 -2.8189 1252.45 -351.855
1.48 0 -79.8598 -505.656 2.59863 1264.14 -199.649 0 79.8598 505.656 -2.59863 1264.14 -199.649
1.49 0 -19.8639 -490.078 2.29026 1225.2 -49.6598 0 19.8639 490.078 -2.29026 1225.2 -49.6598
1.5 0 35.9317 -443.235 1.85558 1108.09 89.8292 0 -35.9317 443.235 -1.85558 1108.09 89.8292
1.51 0 85.4441 -357.238 1.26681 893.095 213.61 0 -85.4441 357.238 -1.26681 893.095 213.61
1.52 0 128.097 -228.214 0.50979 570.536 320.242 0 -128.097 228.214 -0.50979 570.536 320.242
1.53 0 164.51 -56.6956 -0.413575 141.739 411.276 0 -164.51 56.6956 0.413575 141.739 411.276
1.54 0 195.801 152.491 -1.48392 -381.229 489.503 0 -195.801 -152.491 1.48392 -381.229 489.503
1.55 0 222.843 390.721 -2.6647 -976.803 557.107 0 -222.843 -390.721 2.6647 -976.803 557.107
1.56 0 245.821 646.327 -3.90431 -1615.82 614.552 0 -245.821 -646.327 3.90431 -1615.82 614.552
1.57 0 264.26 905.51 -5.14021 -2263.78 660.651 0 -264.26 -905.51 5.14021 -2263.78 660.651
1.58 0 277.461 1153.34 -6.30442 -2883.34 693.653 0 -277.461 -1153.34 6.30442 -2883.34 693.653
1.59 0 285.087 1374.8 -7.32971 -3436.99 712.717 0 -285.087 -1374.8 7.32971 -3436.99 712.717
1.6 0 287.594 1555.92 -8.15561 -3889.79 718.985 0 -287.594 -1555.92 8.15561 -3889.79 718.985
1.61 0 286.274 1684.87 -8.73345 -4212.17 715.684 0 -286.274 -1684.87 8.73345 -4212.17 715.684
1.62 0 282.873 1753.04 -9.02992 -4382.6 707.183 0 -282.873 -1753.04 9.02992 -4382.6 707.183
1.63 0 278.97 1755.84 -9.0291 -4389.6 697.424 0 -278.97 -1755.84 9.0291 -4389.6 697.424
1.64 0 275.375 1693.21 -8.73303 -4233.02 688.437 0 -275.375 -1693.21 8.73303 -4233.02 688.437
1.65 0 271.84 1569.66 -8.16113 -3924.16 679.6 0 -271.84 -1569.66 8.16113 -3924.16 679.6
1.66 0 267.175 1393.85 -7.34859 -3484.61 667.938 0 -267.175 -1393.85 7.34859 -3484.61 667.938
1.67 0 259.723 1177.67 -6.34382 -2944.17 649.307 0 -259.723 -1177.67 6.34382 -2944.17 649.307
1.68 0 247.961 935.191 -5.20508 -2337.98 619.902 0 -247.961 -935.191 5.20508 -2337.98 619.902
1.69 0 230.989 681.33 -3.99618 -1703.33 577.471 0 -230.989 -681.33 3.99618 -1703.33 577.471
1.7 4.87891e-12 208.704 430.652 -2.78156 -1076.63 521.759 -4.87891e-12 -208.704 -430.652 2.78156 -1076.63 521.759
1.71 2.43945e-12 181.636 196.278 -1.62105 -490.694 454.091 -2.43945e-12 -181.636 -196.278 1.62105 -490.694 454.091
1.72 -2.13452e-12 150.569 -10.9942 -0.565077 27.4856 376.421 2.13452e-12 -150.569 10.9942 0.565077 27.4856 376.421
1.73 0 116.147 -183.339 0.349303 458.348 290.368 0 -116.147 183.339 -0.349303 458.348 290.368
1.74 -4.87891e-12 78.6906 -316.338 1.10078 790.846 196.726 4.87891e-12 -78.6906 316.338 -1.10078 790.846 196.726
1.75 -4.87891e-12 38.2731 -409.173 1.68445 1022.93 95.6826 4.87891e-12 -38.2731 409.173 -1.68445 1022.93 95.6826
1.76 9.75782e-12 -4.96245 -464.559 2.11072 1161.4 -12.4061 -9.75782e-12 4.96245 464.559 -2.11072 1161.4 -12.4061
1.77 0 -50.4374 -488.392 2.40281 1220.98 -126.093 0 50.4374 488.392 -2.40281 1220.98 -126.093
1.78 0 -96.9058 -489.098 2.59329 1222.74 -242.264 0 96.9058 489.098 -2.59329 1222.74 -242.264
1.79 0 -142.486 -476.707 2.72019 1191.77 -356.216 0 142.486 476.707 -2.72019 1191.77 -356.216
1.8 -9.75782e-12 -184.963 -461.756 2.82289 1154.39 -462.406 9.75782e-12 184.963 461.756 -2.82289 1154.39 -462.406
1.81 0 -222.235 -454.121 2.93832 1135.3 -555.587 0 222.235 454.121 -2.93832 1135.3 -555.587
1.82 0 -252.744 -461.955 3.09737 1154.89 -631.86 0 252.744 461.955 -3.09737 1154.89 -631.86
1.83 0 -275.707 -490.845 3.32181 1227.11 -689.268 0 275.707 490.845 -3.32181 1227.11 -689.268
1.84 0 -291.09 -543.281 3.62198 1358.2 -727.724 0 291.09 543.281 -3.62198 1358.2 -727.724
1.85 -9.75782e-12 -299.366 -618.476 3.99529 1546.19 -748.415 9.75782e-12 299.366 618.476 -3.99529 1546.19 -748.415
1.86 0 -301.19 -712.509 4.42605 1781.27 -752.974 0 301.19 712.509 -4.42605 1781.27 -752.974
1.87 0 -297.136 -818.74 4.88654 2046.85 -742.839 0 297.136 818.74 -4.88654 2046.85 -742.839
1.88 0 -287.617 -928.423 5.33957 2321.06 -719.043 0 287.617 928.423 -5.33957 2321.06 -719.043
1.89 0 -272.986 -1031.48 5.74204 2578.7 -682.466 0 272.986 1031.48 -5.74204 2578.7 -682.466
1.9 0 -253.735 -1117.35 6.04928 2793.38 -634.338 0 253.735 1117.35 -6.04928 2793.38 -634.338
1.91 0 -230.674 -1175.93 6.2195 2939.83 -576.685 0 230.674 1175.93 -6.2195 2939.83 -576.685
1.92 0 -204.966 -1198.45 6.21789 2996.14 -512.414 0 204.966 1198.45 -6.21789 2996.14 -512.414
1.93 0 -177.985 -1178.37 6.01995 2945.92 -444.962 0 177.985 1178.37 -6.01995 2945.92 -444.962
1.94 0 -151.044 -1112.02 5.61379 2780.04 -377.611 0 151.044 1112.02 -5.61379 2780.04 -377.611
1.95 0 -125.102 -999.069 5.0013 2497.67 -312.754 0 125.102 999.069 -5.0013 2497.67 -312.754
1.96 0 -100.567 -842.694 4.19824 2106.73 -251.417 0 100.567 842.694 -4.19824 2106.73 -251.417
1.97 0 -77.2919 -649.333 3.23334 1623.33 -193.23 0 77.2919 649.333 -3.23334 1623.33 -193.23
1.98 -4.87891e-12 -54.7335 -428.2 2.14646 1070.5 -136.834 4.87891e-12 54.7335 428.2 -2.14646 1070.5 -136.834
1.99 0 -32.2238 -190.505 0.985904 476.263 -80.5595 0 32.2238 190.505 -0.985904 476.263 -80.5595
2 1.82959e-12 -9.22963 51.4657 -0.194958 -128.664 -23.0741 -1.82959e-12 9.22963 -51.4657 0.194958 -128.664 -23.0741
2.01 0 14.4931 285.333 -1.34158 -713.332 36.2327 0 -14.4931 -285.333 1.34158 -713.332 36.2327
2.02 0 38.8918 499.557 -2.40235 -1248.89 97.2296 0 -38.8918 -499.557 2.40235 -1248.89 97.2296
2.03 0 63.728 684.27 -3.33251 -1710.67 159.32 0 -63.728 -684.27 3.33251 -1710.67 159.32
2.04 0 88.7259 831.932 -4.09746 -2079.83 221.815 0 -88.7259 -831.932 4.09746 -2079.83 221.815
2.05 0 113.673 937.813 -4.67516 -2344.53 284.182 0 -113.673 -937.813 4.67516 -2344.53 284.182
2.06 0 138.415 1000.25 -5.05719 -2500.62 346.036 0 -138.415 -1000.25 5.05719 -2500.62 346.036
2.07 0 162.752 1020.67 -5.24865 -2551.67 406.88 0 -162.752 -1020.67 5.24865 -2551.67 406.88
2.08 0 186.293 1003.36 -5.26681 -2508.41 465.732 0 -186.293 -1003.36 5.26681 -2508.41 465.732
2.09 0 208.345 955.051 -5.13884 -2387.63 520.863 0 -208.345 -955.051 5.13884 -2387.63 520.863
2.1 0 227.914 884.181 -4.89879 -2210.45 569.785 0 -227.914 -884.181 4.89879 -2210.45 569.785
2.11 -9.75782e-12 243.82 800.111 -4.58436 -2000.28 609.549 9.75782e-12 -243.82 -800.111 4.58436 -2000.28 609.549
2.12 0 254.909 712.209 -4.23344 -1780.52 637.273 0 -254.909 -712.209 4.23344 -1780.52 637.273
2.13 9.75782e-12 260.276 628.968 -3.88087 -1572.42 650.689 -9.75782e-12 -260.276 -628.968 3.88087 -1572.42 650.689
2.14 0 259.419 557.253 -3.5555 -1393.13 648.548 0 -259.419 -557.253 3.5555 -1393.13 648.548
2.15 0 252.291 501.733 -3.27791 -1254.33 630.727 0 -252.291 -501.733 3.27791 -1254.33 630.727
2.16 9.75782e-12 239.226 464.563 -3.05874 -1161.41 598.066 -9.75782e-12 -239.226 -464.563 3.05874 -1161.41 598.066
2.17 -9.75782e-12 220.815 445.312 -2.89807 -1113.28 552.037 9.75782e-12 -220.815 -445.312 2.89807 -1113.28 552.037
2.18 0 197.763 441.133 -2.78581 -1102.83 494.408 0 -197.763 -441.133 2.78581 -1102.83 494.408
2.19 0 170.812 447.137 -2.70309 -1117.84 427.031 0 -170.812 -447.137 2.70309 -1117.84 427.031
2.2 0 140.733 456.937 -2.6246 -1142.34 351.833 0 -140.733 -456.937 2.6246 -1142.34 351.833
2.21 0 108.367 463.301 -2.5216 -1158.25 270.918 0 -108.367 -463.301 2.5216 -1158.25 270.918
2.22 -9.75782e-12 74.6795 458.884 -2.36522 -1147.21 186.699 9.75782e-12 -74.6795 -458.884 2.36522 -1147.21 186.699
2.23 0 40.7609 436.973 -2.12971 -1092.43 101.902 0 -40.7609 -436.973 2.12971 -1092.43 101.902
2.24 0 7.76079 392.186 -1.79534 -980.465 19.402 0 -7.76079 -392.186 1.79534 -980.465 19.402
2.25 0 -23.2424 321.073 -1.35064 -802.682 -58.1061 0 23.2424 -321.073 1.35064 -802.682 -58.1061
2.26 0 -51.3908 222.536 -0.793879 -556.341 -128.477 0 51.3908 -222.536 0.793879 -556.341 -128.477
2.27 -1.21973e-12 -76.1613 98.0419 -0.133656 -245.105 -190.403 1.21973e-12 76.1613 -98.0419 0.133656 -245.105 -190.403
2.28 1.21973e-12 -97.4029 -48.4237 0.611409 121.059 -243.507 -1.21973e-12 97.4029 48.4237 -0.611409 121.059 -243.507
2.29 0 -115.285 -210.636 1.41377 526.59 -288.213 0 115.285 210.636 -1.41377 526.59 -288.213
2.3 0 -130.181 -380.629 2.23886 951.573 -325.452 0 130.181 380.629 -2.23886 951.573 -325.452
2.31 0 -142.53 -549.348 3.04754 1373.37 -356.324 0 142.53 549.348 -3.04754 1373.37 -356.324
2.32 0 -152.728 -707.386 3.79915 1768.47 -381.819 0 152.728 707.386 -3.79915 1768.47 -381.819
2.33 0 -161.075 -845.748 4.45459 2114.37 -402.689 0 161.075 845.748 -4.45459 2114.37 -402.689
2.34 0 -167.784 -956.549 4.97952 2391.37 -419.459 0 167.784 956.549 -4.97952 2391.37 -419.459
2.35 0 -173.01 -1033.63 5.34708 2584.06 -432.524 0 173.01 1033.63 -5.34708 2584.06 -432.524
2.36 0 -176.89 -1072.99 5.54 2682.49 -442.225 0 176.89 1072.99 -5.54 2682.49 -442.225
2.37 0 -179.541 -1073.15 5.55188 2682.86 -448.851 0 179.541 1073.15 -5.55188 2682.86 -448.851
2.38 0 -181.019 -1035.13 5.38748 2587.83 -452.547 0 181.019 1035.13 -5.38748 2587.83 -452.547
2.39 0 -181.264 -962.458 5.06212 2406.14 -453.161 0 181.264 962.458 -5.06212 2406.14 -453.161
2.4 0 -180.052 -860.776 4.60015 2151.94 -450.129 0 180.052 860.776 -4.60015 2151.94 -450.129
2.41 0 -176.985 -737.391 4.03281 1843.48 -442.462 0 176.985 737.391 -4.03281 1843.48 -442.462
2.42 0 -171.551 -600.639 3.39562 1501.6 -428.878 0 171.551 600.639 -3.39562 1501.6 -428.878
2.43 0 -163.22 -459.175 2.72554 1147.94 -408.049 0 163.22 459.175 -2.72554 1147.94 -408.049
2.44 -4.87891e-12 -151.56 -321.259 2.05814 803.148 -378.899 4.87891e-12 151.56 321.259 -2.05814 803.148 -378.899
2.45 2.43945e-12 -136.34 -194.096 1.42492 485.241 -340.85 -2.43945e-12 136.34 194.096 -1.42492 485.241 -340.85
2.46 0 -117.582 -83.293 0.85111 208.233 -293.955 0 117.582 83.293 -0.85111 208.233 -293.955
2.47 -9.14796e-13 -95.5568 7.51217 0.354018 -18.7804 -238.892 9.14796e-13 95.5568 -7.51217 -0.354018 -18.7804 -238.892
2.48 2.43945e-12 -70.7396 76.832 -0.0579143 -192.08 -176.849 -2.43945e-12 70.7396 -76.832 0.0579143 -192.08 -176.849
2.49 0 -43.7455 125.315 -0.385213 -313.287 -109.364 0 43.7455 -125.315 0.385213 -313.287 -109.364
2.5 0 -15.2746 155.545 -0.636654 -388.862 -38.1866 0 15.2746 -155.545 0.636654 -388.862 -38.1866
2.51 -2.43945e-12 13.9189 171.682 -0.827784 -429.205 34.7974 2.43945e-12 -13.9189 -171.682 0.827784 -429.205 34.7974
2.52 2.43945e-12 43.0365 178.979 -0.978829 -447.448 107.591 -2.43945e-12 -43.0365 -178.979 0.978829 -447.448 107.591
2.53 0 71.2372 183.214 -1.11223 -458.034 178.093 0 -71.2372 -183.214 1.11223 -458.034 178.093
2.54 0 97.6545 190.083 -1.25006 -475.207 244.136 0 -97.6545 -190.083 1.25006 -475.207 244.136
2.55 2.43945e-12 121.439 204.615 -1.41153 -511.537 303.599 -2.43945e-12 -121.439 -204.615 1.41153 -511.537 303.599
2.56 0 141.831 230.645 -1.61093 -576.612 354.578 0 -141.831 -230.645 1.61093 -576.612 354.578
2.57 0 158.237 270.405 -1.85601 -676.013 395.593 0 -158.237 -270.405 1.85601 -676.013 395.593
2.58 0 170.301 324.277 -2.14714 -810.693 425.751 0 -170.301 -324.277 2.14714 -810.693 425.751
2.59 0 177.932 390.719 -2.47699 -976.797 444.831 0 -177.932 -390.719 2.47699 -976.797 444.831
2.6 0 181.299 466.386 -2.83114 -1165.97 453.247 0 -181.299 -466.386 2.83114 -1165.97 453.247
2.61 9.75782e-12 180.769 546.429 -3.18914 -1366.07 451.922 -9.75782e-12 -180.769 -546.429 3.18914 -1366.07 451.922
2.62 0 176.84 624.925 -3.52629 -1562.31 442.101 0 -176.84 -624.925 3.52629 -1562.31 442.101
2.63 0 170.065 695.421 -3.81577 -1738.55 425.162 0 -170.065 -695.421 3.81577 -1738.55 425.162
2.64 0 160.993 751.51 -4.03107 -1878.78 402.482 0 -160.993 -751.51 4.03107 -1878.78 402.482
2.65 0 150.144 787.41 -4.14837 -1968.52 375.36 0 -150.144 -787.41 4.14837 -1968.52 375.36
2.66 0 137.994 798.477 -4.14883 -1996.19 344.986 0 -137.994 -798.477 4.14883 -1996.19 344.986
2.67 0 124.973 781.635 -4.02042 -1954.09 312.432 0 -124.973 -781.635 4.02042 -1954.09 312.432
2.68 0 111.449 735.661 -3.75912 -1839.15 278.623 0 -111.449 -735.661 3.75912 -1839.15 278.623
2.69 0 97.7136 661.327 -3.36952 -1653.32 244.284 0 -97.7136 -661.327 3.36952 -1653.32 244.284
2.7 -9.75782e-12 83.9481 561.375 -2.86457 -1403.44 209.87 9.75782e-12 -83.9481 -561.375 2.86457 -1403.44 209.87
2.71 -9.75782e-12 70.2058 440.326 -2.26476 -1100.82 175.515 9.75782e-12 -70.2058 -440.326 2.26476 -1100.82 175.515
2.72 0 56.4088 304.143 -1.59655 -760.358 141.022 0 -56.4088 -304.143 1.59655 -760.358 141.022
2.73 0 42.3744 159.763 -0.890425 -399.406 105.936 0 -42.3744 -159.763 0.890425 -399.406 105.936
2.74 -1.82959e-12 27.868 14.5573 -0.178663 -36.3932 69.67 1.82959e-12 -27.868 -14.5573 0.178663 -36.3932 69.67
2.75 0 12.6686 -124.241 0.507041 310.603 31.6716 0 -12.6686 124.241 -0.507041 310.603 31.6716
2.76 0 -3.36676 -250.094 1.13783 625.236 -8.41689 0 3.36676 250.094 -1.13783 625.236 -8.41689
2.77 -4.87891e-12 -20.2584 -357.64 1.68968 894.099 -50.646 4.87891e-12 20.2584 357.64 -1.68968 894.099 -50.646
2.78 0 -37.885 -443.058 2.14499 1107.65 -94.7126 0 37.885 443.058 -2.14499 1107.65 -94.7126
2.79 0 -55.9911 -504.302 2.49358 1260.76 -139.978 0 55.9911 504.302 -2.49358 1260.76 -139.978
2.8 0 -74.2108 -541.165 2.73311 1352.91 -185.527 0 74.2108 541.165 -2.73311 1352.91 -185.527
2.81 9.75782e-12 -92.0977 -555.198 2.86875 1388 -230.244 -9.75782e-12 92.0977 555.198 -2.86875 1388 -230.244
2.82 0 -109.151 -549.481 2.91229 1373.7 -272.877 0 109.151 549.481 -2.91229 1373.7 -272.877
2.83 0 -124.834 -528.274 2.88065 1320.68 -312.086 0 124.834 528.274 -2.88065 1320.68 -312.086
2.84 0 -138.596 -496.582 2.79403 1241.46 -346.49 0 138.596 496.582 -2.79403 1241.46 -346.49
2.85 0 -149.889 -459.67 2.67386 1149.18 -374.723 0 149.889 459.67 -2.67386 1149.18 -374.723
2.86 4.87891e-12 -158.205 -422.565 2.54068 1056.41 -395.512 -4.87891e-12 158.205 422.565 -2.54068 1056.41 -395.512
2.87 0 -163.115 -389.598 2.41228 973.994 -407.788 0 163.115 389.598 -2.41228 973.994 -407.788
2.88 0 -164.321 -364.017 2.30212 910.044 -410.803 0 164.321 364.017 -2.30212 910.044 -410.803
2.89 0 -161.692 -347.72 2.21822 869.299 -404.229 0 161.692 347.72 -2.21822 869.299 -404.229
2.9 0 -155.288 -341.105 2.16263 852.763 -388.219 0 155.288 341.105 -2.16263 852.763 -388.219
2.91 0 -145.361 -343.089 2.13149 857.723 -363.403 0 145.361 343.089 -2.13149 857.723 -363.403
2.92 0 -132.33 -351.253 2.11556 878.133 -330.825 0 132.33 351.253 -2.11556 878.133 -330.825
2.93 0 -116.735 -362.12 2.10134 905.301 -291.838 0 116.735 362.12 -2.10134 905.301 -291.838
2.94 0 -99.1914 -371.532 2.07262 928.831 -247.979 0 99.1914 371.532 -2.07262 928.831 -247.979
2.95 0 -80.3414 -375.082 2.01218 937.705 -200.854 0 80.3414 375.082 -2.01218 937.705 -200.854
2.96 0 -60.8166 -368.568 1.90374 921.419 -152.041 0 60.8166 368.568 -1.90374 921.419 -152.041
2.97 0 -41.2103 -348.425 1.73371 871.063 -103.026 0 41.2103 348.425 -1.73371 871.063 -103.026
2.98 0 -22.0565 -312.101 1.4928 780.252 -55.1413 0 22.0565 312.101 -1.4928 780.252 -55.1413
2.99 0 -3.81128 -258.333 1.1772 645.833 -9.52819 0 3.81128 258.333 -1.1772 645.833 -9.52819
3 0 13.1656 -187.322 0.789251 468.306 32.9141 0 -13.1656 187.322 -0.789251 468.306 32.9141
3.01 -1.21973e-12 28.6278 -100.769 0.337548 251.921 71.5695 1.21973e-12 -28.6278 100.769 -0.337548 251.921 71.5695
3.02 7.6233e-14 42.4531 -1.78094 -0.163471 4.45236 106.133 -7.6233e-14 -42.4531 1.78094 0.163471 4.45236 106.133
3.03 0 54.643 105.342 -0.694499 -263.354 136.608 0 -54.643 -105.342 0.694499 -263.354 136.608
3.04 0 65.3064 215.435 -1.23275 -538.588 163.266 0 -65.3064 -215.435 1.23275 -538.588 163.266
3.05 0 74.6278 322.871 -1.75364 -807.178 186.569 0 -74.6278 -322.871 1.75364 -807.178 186.569
3.06 -4.87891e-12 82.8255 422.003 -2.23263 -1055.01 207.064 4.87891e-12 -82.8255 -422.003 2.23263 -1055.01 207.064
3.07 0 90.108 507.612 -2.64708 -1269.03 225.27 0 -90.108 -507.612 2.64708 -1269.03 225.27
3.08 0 96.6359 575.313 -2.97791 -1438.28 241.59 0 -96.6359 -575.313 2.97791 -1438.28 241.59
3.09 0 102.498 621.889 -3.21104 -1554.72 256.244 0 -102.498 -621.889 3.21104 -1554.72 256.244
3.1 9.75782e-12 107.699 645.524 -3.33835 -1613.81 269.247 -9.75782e-12 -107.699 -645.524 3.33835 -1613.81 269.247
3.11 -9.75782e-12 112.165 645.915 -3.35821 -1614.79 280.413 9.75782e-12 -112.165 -645.915 3.35821 -1614.79 280.413
3.12 0 115.752 624.26 -3.27544 -1560.65 289.379 0 -115.752 -624.26 3.27544 -1560.65 289.379
3.13 0 118.26 583.12 -3.10072 -1457.8 295.65 0 -118.26 -583.12 3.10072 -1457.8 295.65
3.14 0 119.452 526.177 -2.84964 -1315.44 298.63 0 -119.452 -526.177 2.84964 -1315.44 298.63
3.15 0 119.069 457.907 -2.54123 -1144.77 297.673 0 -119.069 -457.907 2.54123 -1144.77 297.673
3.16 0 116.851 383.193 -2.19638 -957.982 292.128 0 -116.851 -383.193 2.19638 -957.982 292.128
3.17 0 112.563 306.916 -1.83608 -767.29 281.408 0 -112.563 -306.916 1.83608 -767.29 281.408
3.18 0 106.023 233.562 -1.47978 -583.904 265.057 0 -106.023 -233.562 1.47978 -583.904 265.057
3.19 0 97.1319 166.867 -1.14389 -417.169 242.83 0 -97.1319 -166.867 1.14389 -417.169 242.83
3.2 1.21973e-12 85.9023 109.551 -0.840711 -273.878 214.756 -1.21973e-12 -85.9023 -109.551 0.840711 -273.878 214.756
3.21 -1.21973e-12 72.4731 63.1366 -0.577665 -157.841 181.183 1.21973e-12 -72.4731 -63.1366 0.577665 -157.841 181.183
3.22 -6.09864e-13 57.1129 27.8928 -0.357043 -69.7319 142.782 6.09864e-13 -57.1129 -27.8928 0.357043 -69.7319 142.782
3.23 7.6233e-13 40.2088 2.89045 -0.176216 -7.22612 100.522 -7.6233e-13 -40.2088 -2.89045 0.176216 -7.22612 100.522
3.24 -6.09864e-13 22.2409 -13.8338 -0.028281 34.5845 55.6023 6.09864e-13 -22.2409 13.8338 0.028281 34.5845 55.6023
3.25 3.04932e-13 3.75072 -25.0226 0.0969152 62.5566 9.37681 -3.04932e-13 -3.75072 25.0226 -0.0969152 62.5566 9.37681
3.26 0 -14.6949 -33.8782 0.211474 84.6954 -36.7373 0 14.6949 33.8782 -0.211474 84.6954 -36.7373
3.27 0 -32.5368 -43.708 0.327988 109.27 -81.342 0 32.5368 43.708 -0.327988 109.27 -81.342
3.28 0 -49.2525 -57.57 0.458071 143.925 -123.131 0 49.2525 57.57 -0.458071 143.925 -123.131
3.29 0 -64.381 -77.9469 0.611002 194.867 -160.953 0 64.381 77.9469 -0.611002 194.867 -160.953
3.3 0 -77.5432 -106.48 0.792617 266.2 -193.858 0 77.5432 106.48 -0.792617 266.2 -193.858
3.31 0 -88.4587 -143.784 1.00455 359.46 -221.147 0 88.4587 143.784 -1.00455 359.46 -221.147
3.32 0 -96.9581 -189.36 1.24388 473.399 -242.395 0 96.9581 189.36 -1.24388 473.399 -242.395
3.33 0 -102.99 -241.612 1.50325 604.03 -257.476 0 102.99 241.612 -1.50325 604.03 -257.476
3.34 0 -106.619 -297.968 1.77136 744.921 -266.548 0 106.619 297.968 -1.77136 744.921 -266.548
3.35 0 -108.013 -355.092 2.03389 887.729 -270.033 0 108.013 355.092 -2.03389 887.729 -270.033
3.36 0 -107.421 -409.164 2.27467 1022.91 -268.551 0 107.421 409.164 -2.27467 1022.91 -268.551
3.37 0 -105.142 -456.22 2.47707 1140.55 -262.856 0 105.142 456.22 -2.47707 1140.55 -262.856
3.38 0 -101.497 -492.489 2.62542 1231.22 -253.743 0 101.497 492.489 -2.62542 1231.22 -253.743
3.39 0 -96.7912 -514.734 2.7064 1286.83 -241.978 0 96.7912 514.734 -2.7064 1286.83 -241.978
3.4 0 -91.2907 -520.533 2.7102 1301.33 -228.227 0 91.2907 520.533 -2.7102 1301.33 -228.227
3.41 0 -85.2065 -508.502 2.63147 1271.25 -213.016 0 85.2065 508.502 -2.63147 1271.25 -213.016
3.42 0 -78.684 -478.419 2.46982 1196.05 -196.71 0 78.684 478.419 -2.46982 1196.05 -196.71
3.43 0 -71.8032 -431.261 2.22995 1078.15 -179.508 0 71.8032 431.261 -2.22995 1078.15 -179.508
3.44 0 -64.5831 -369.13 1.92141 922.826 -161.458 0 64.5831 369.13 -1.92141 922.826 -161.458
3.45 0 -56.9918 -295.096 1.55784 737.739 -142.479 0 56.9918 295.096 -1.55784 737.739 -142.479
3.46 0 -48.9587 -212.955 1.15604 532.386 -122.397 0 48.9587 212.955 -1.15604 532.386 -122.397
3.47 -2.43945e-12 -40.3916 -126.936 0.734619 317.34 -100.979 2.43945e-12 40.3916 126.936 -0.734619 317.34 -100.979
3.48 -1.21973e-12 -31.1956 -41.3748 0.312689 103.437 -77.989 1.21973e-12 31.1956 41.3748 -0.312689 103.437 -77.989
3.49 6.09864e-13 -21.295 39.6182 -0.091572 -99.0455 -53.2376 -6.09864e-13 21.295 -39.6182 0.091572 -99.0455 -53.2376
3.5 0 -10.6557 112.461 -0.462188 -281.152 -26.6393 0 10.6557 -112.461 0.462188 -281.152 -26.6393
3.51 0 0.695714 174.352 -0.786451 -435.88 1.73929 0 -0.695714 -174.352 0.786451 -435.88 1.73929
3.52 0 12.6576 223.456 -1.05568 -558.639 31.644 0 -12.6576 -223.456 1.05568 -558.639 31.644
3.53 4.87891e-12 25.0478 258.992 -1.26564 -647.479 62.6195 -4.87891e-12 -25.0478 -258.992 1.26564 -647.479 62.6195
3.54 0 37.6077 281.241 -1.41655 -703.103 94.0191 0 -37.6077 -281.241 1.41655 -703.103 94.0191
3.55 -4.87891e-12 50.015 291.455 -1.51273 -728.637 125.038 4.87891e-12 -50.015 -291.455 1.51273 -728.637 125.038
3.56 4.87891e-12 61.9041 291.684 -1.56193 -729.209 154.76 -4.87891e-12 -61.9041 -291.684 1.56193 -729.209 154.76
3.57 0 72.89 284.546 -1.57437 -711.364 182.225 0 -72.89 -284.546 1.57437 -711.364 182.225
3.58 0 82.5936 272.95 -1.56159 -682.374 206.484 0 -82.5936 -272.95 1.56159 -682.374 206.484
3.59 0 90.666 259.806 -1.53524 -649.514 226.665 0 -90.666 -259.806 1.53524 -649.514 226.665
3.6 -4.87891e-12 96.8107 247.743 -1.50594 -619.358 242.027 4.87891e-12 -96.8107 -247.743 1.50594 -619.358 242.027
3.61 0 100.801 238.868 -1.48223 -597.169 252.003 0 -100.801 -238.868 1.48223 -597.169 252.003
3.62 0 102.497 234.569 -1.46979 -586.422 256.243 0 -102.497 -234.569 1.46979 -586.422 256.243
3.63 0 101.852 235.404 -1.47096 -588.51 254.63 0 -101.852 -235.404 1.47096 -588.51 254.63
3.64 0 98.9199 241.063 -1.48454 -602.657 247.3 0 -98.9199 -241.063 1.48454 -602.657 247.3
3.65 0 93.8512 250.412 -1.50607 -626.029 234.628 0 -93.8512 -250.412 1.50607 -626.029 234.628
3.66 0 86.8841 261.621 -1.52828 -654.053 217.21 0 -86.8841 -261.621 1.52828 -654.053 217.21
3.67 0 78.3271 272.358 -1.54193 -680.894 195.818 0 -78.3271 -272.358 1.54193 -680.894 195.818
3.68 0 68.5368 280.019 -1.53676 -700.049 171.342 0 -68.5368 -280.019 1.53676 -700.049 171.342
3.69 0 57.8913 282.004 -1.50258 -705.009 144.728 0 -57.8913 -282.004 1.50258 -705.009 144.728
3.7 0 46.7645 275.97 -1.4304 -689.924 116.911 0 -46.7645 -275.97 1.4304 -689.924 116.911
3.71 0 35.502 260.082 -1.31336 -650.206 88.7549 0 -35.502 -260.082 1.31336 -650.206 88.7549
3.72 0 24.402 233.207 -1.14757 -583.018 61.0049 0 -24.402 -233.207 1.14757 -583.018 61.0049
3.73 0 13.703 195.045 -0.932654 -487.613 34.2575 0 -13.703 -195.045 0.932654 -487.613 34.2575
3.74 0 3.57688 146.193 -0.671999 -365.483 8.94219 0 -3.57688 -146.193 0.671999 -365.483 8.94219
3.75 0 -5.87193 88.1247 -0.372655 -220.312 -14.6798 0 5.87193 -88.1247 0.372655 -220.312 -14.6798
3.76 0 -14.6018 23.0957 -0.0449292 -57.7392 -36.5044 0 14.6018 -23.0957 0.0449292 -57.7392 -36.5044
3.77 0 -22.625 -46.0191 0.298306 115.048 -56.5624 0 22.625 46.0191 -0.298306 115.048 -56.5624
3.78 0 -29.9952 -115.942 0.642537 289.854 -74.988 0 29.9952 115.942 -0.642537 289.854 -74.988
3.79 0 -36.7919 -183.242 0.972663 458.104 -91.9796 0 36.7919 183.242 -0.972663 458.104 -91.9796
3.8 4.87891e-12 -43.1023 -244.6 1.27411 611.499 -107.756 -4.87891e-12 43.1023 244.6 -1.27411 611.499 -107.756
3.81 4.87891e-12 -49.0036 -297.059 1.5339 742.648 -122.509 -4.87891e-12 49.0036 297.059 -1.5339 742.648 -122.509
3.82 0 -54.5459 -338.25 1.74158 845.624 -136.365 0 54.5459 338.25 -1.74158 845.624 -136.365
3.83 4.87891e-12 -59.7392 -366.555 1.8899 916.388 -149.348 -4.87891e-12 59.7392 366.555 -1.8899 916.388 -149.348
3.84 0 -64.5448 -381.222 1.97533 953.056 -161.362 0 64.5448 381.222 -1.97533 953.056 -161.362
3.85 0 -68.8747 -382.392 1.99815 955.98 -172.187 0 68.8747 382.392 -1.99815 955.98 -172.187
3.86 4.87891e-12 -72.5954 -371.06 1.96229 927.65 -181.488 -4.87891e-12 72.5954 371.06 -1.96229 927.65 -181.488
3.87 0 -75.5395 -348.965 1.8749 872.413 -188.849 0 75.5395 348.965 -1.8749 872.413 -188.849
3.88 0 -77.5201 -318.421 1.74563 796.053 -193.8 0 77.5201 318.421 -1.74563 796.053 -193.8
3.89 0 -78.3486 -282.105 1.58574 705.263 -195.871 0 78.3486 282.105 -1.58574 705.263 -195.871
3.9 0 -77.8522 -242.822 1.40715 607.054 -194.631 0 77.8522 242.822 -1.40715 607.054 -194.631
3.91 0 -75.8916 -203.267 1.2214 508.168 -189.729 0 75.8916 203.267 -1.2214 508.168 -189.729
3.92 0 -72.3759 -165.809 1.03877 414.523 -180.94 0 72.3759 165.809 -1.03877 414.523 -180.94
3.93 0 -67.2749 -132.305 0.867496 330.764 -168.187 0 67.2749 132.305 -0.867496 330.764 -168.187
3.94 0 -60.6273 -103.971 0.713193 259.929 -151.568 0 60.6273 103.971 -0.713193 259.929 -151.568
3.95 0 -52.5448 -81.3136 0.578595 203.284 -131.362 0 52.5448 81.3136 -0.578595 203.284 -131.362
3.96 0 -43.2103 -64.1274 0.463524 160.318 -108.026 0 43.2103 64.1274 -0.463524 160.318 -108.026
3.97 0 -32.8706 -51.5606 0.365153 128.901 -82.1765 0 32.8706 51.5606 -0.365153 128.901 -82.1765
3.98 0 -21.8245 -42.2366 0.278499 105.591 -54.5613 0 21.8245 42.2366 -0.278499 105.591 -54.5613
3.99 6.09864e-13 -10.4052 -34.4227 0.197122 86.0567 -26.0131 -6.09864e-13 10.4052 34.4227 -0.197122 86.0567 -26.0131
4 0 1.03926 -26.2291 0.113931 65.5727 2.59815 0 -1.03926 26.2291 -0.113931 65.5727 2.59815
