0.01 -48.383 3.01194 -137.497 20.1999 259.346 5.35781 48.383 -3.01194 137.497 -20.1999 153.144 3.67802
0.02 -298.472 24.6034 -753.899 126.058 1418.78 42.9397 298.472 -24.6034 753.899 -126.058 842.915 30.8707
0.03 -857.313 97.7778 -1978.71 373.194 3638.38 165.09 857.313 -97.7778 1978.71 -373.194 2297.76 128.244
0.04 -1621.09 258.355 -3538.73 762.892 6225.19 414.44 1621.09 -258.355 3538.73 -762.892 4391.01 360.625
0.05 -2469.64 527.147 -5198.77 1295.16 8634.4 790.046 2469.64 -527.147 5198.77 -1295.16 6961.9 791.394
0.06 -3428.79 918.358 -7013.17 1979.59 11010.4 1281.53 3428.79 -918.358 7013.17 -1979.59 10029.1 1473.55
0.07 -4532.98 1462.86 -9242.75 2826.53 13985.9 1940.55 4532.98 -1462.86 9242.75 -2826.53 13742.3 2448.02
0.08 -5780.7 2197.03 -12047.6 3829.11 17995.2 2869.12 5780.7 -2197.03 12047.6 -3829.11 18147.5 3721.98
0.09 -7129.4 3100.64 -15180.6 4916.27 22572.1 4081.81 7129.4 -3100.64 15180.6 -4916.27 22969.8 5220.11
0.1 -8443.59 4048.37 -18205 5988.71 26847.5 5385.48 8443.59 -4048.37 18205 -5988.71 27767.6 6759.64
0.11 -9656.24 4856.35 -20819.1 6953.98 30273.9 6460.08 9656.24 -4856.35 20819.1 -6953.98 32183.5 8108.96
0.12 -10818.1 5404.17 -22995.7 7745.46 32934.8 7108.39 10818.1 -5404.17 22995.7 -7745.46 36052.3 9104.12
0.13 -11891 5710.79 -24874.3 8335.29 35312.9 7412.91 11891 -5710.79 24874.3 -8335.29 39310.1 9719.44
0.14 -12742.4 5874.63 -26375.9 8680.46 37401.1 7602.78 12742.4 -5874.63 26375.9 -8680.46 41726.6 10021.1
0.15 -13217.3 5935.07 -27159.4 8722.87 38593.1 7756.45 13217.3 -5935.07 27159.4 -8722.87 42885.2 10048.8
0.16 -13141.9 5811.32 -26853.9 8414.91 38168 7681.31 13141.9 -5811.32 26853.9 -8414.91 42393.6 9752.66
0.17 -12485 5394.35 -25310.4 7740.7 35823.6 7128.67 12485 -5394.35 25310.4 -7740.7 40107.6 9054.38
0.18 -11375.7 4684.5 -22763.5 6754.99 32044.9 6101.23 11375.7 -4684.5 22763.5 -6754.99 36245.6 7952.26
0.19 -9908.58 3806.96 -19566.5 5539.15 27510.9 4879.71 9908.58 -3806.96 19566.5 -5539.15 31188.6 6541.15
0.2 -8162.52 2882.18 -15946.5 4166.4 22580.4 3719.84 8162.52 -2882.18 15946.5 -4166.4 25259.3 4926.71
0.21 -6232.41 1907.3 -11955.3 2697.3 17210.2 2575.73 6232.41 -1907.3 11955.3 -2697.3 18655.6 3146.18
0.22 -4143.81 802.557 -7546.04 1177.39 11130.5 1200.38 4143.81 -802.557 7546.04 -1177.39 11507.6 1207.29
0.23 -1945.65 -419.668 -2846.78 -311.871 4474.45 -469.642 1945.65 419.668 2846.78 311.871 4065.88 -789.362
0.24 267.829 -1569.5 1835.08 -1665.39 -2224.71 -2104.7 -267.829 1569.5 -1835.08 1665.39 -3280.54 -2603.8
0.25 2458.5 -2402.11 6149.81 -2793.82 -8342.29 -3231.25 -2458.5 2402.11 -6149.81 2793.82 -10107.1 -3975.08
0.26 4538.85 -2829.51 9833.1 -3643.24 -13436.5 -3687.12 -4538.85 2829.51 -9833.1 3643.24 -16062.8 -4801.4
0.27 6352.44 -2988.35 12853.7 -4224.22 -17582.9 -3769.18 -6352.44 2988.35 -12853.7 4224.22 -20978.1 -5195.88
0.28 7815.65 -3083.29 15257.3 -4563.54 -20995.8 -3894.52 -7815.65 3083.29 -15257.3 4563.54 -24776 -5355.36
0.29 8866.98 -3177.07 17034.1 -4675.58 -23719.7 -4152.68 -8866.98 3177.07 -17034.1 4675.58 -27382.6 -5378.52
0.3 9452.74 -3160.24 18090.9 -4574.9 -25553.4 -4256.31 -9452.74 3160.24 -18090.9 4574.9 -28719.3 -5224.4
0.31 9613.35 -2923.18 18278.6 -4283.07 -26095.1 -3932.71 -9613.35 2923.18 -18278.6 4283.07 -28740.8 -4836.81
0.32 9389.75 -2519.81 17646.1 -3873.67 -25332.8 -3286.79 -9389.75 2519.81 -17646.1 3873.67 -27605.6 -4272.65
0.33 8835.66 -2132.55 16476.3 -3448.83 -23736.1 -2712.29 -8835.66 2132.55 -16476.3 3448.83 -25692.8 -3685.35
0.34 8128.16 -1887.23 15149.8 -3091.6 -21986.9 -2466.87 -8128.16 1887.23 -15149.8 3091.6 -23462.6 -3194.82
0.35 7415.34 -1742.61 13958.7 -2853.35 -20595.5 -2419.49 -7415.34 1742.61 -13958.7 2853.35 -21280.5 -2808.33
0.36 6724.54 -1586.4 12889.4 -2736.19 -19415.9 -2267.33 -6724.54 1586.4 -12889.4 2736.19 -19252.4 -2491.87
0.37 6043.99 -1418.39 11794.8 -2741.96 -18042.1 -1956.08 -6043.99 1418.39 -11794.8 2741.96 -17342.2 -2299.07
0.38 5311.89 -1393.71 10639.4 -2891.01 -16337.1 -1795.82 -5311.89 1393.71 -10639.4 2891.01 -15581.2 -2385.31
0.39 4526.77 -1666.73 9606.69 -3192.8 -14658 -2129.65 -4526.77 1666.73 -9606.69 3192.8 -14162.1 -2870.53
0.4 3865.5 -2209.92 9027.63 -3633.72 -13711.2 -2935.95 -3865.5 2209.92 -9027.63 3633.72 -13371.7 -3693.82
0.41 3478.78 -2812.01 9015.58 -4140.98 -13728.4 -3816.47 -3478.78 2812.01 -9015.58 4140.98 -13318.3 -4619.55
0.42 3368.91 -3257.29 9369.98 -4615.55 -14279.2 -4375.84 -3368.91 3257.29 -9369.98 4615.55 -13830.8 -5396.05
0.43 3478.18 -3488.65 9761.92 -4982.23 -14692.6 -4560.74 -3478.18 3488.65 -9761.92 4982.23 -14593.1 -5905.21
0.44 3689.94 -3588.36 9982.55 -5191.03 -14604.5 -4601.43 -3689.94 3588.36 -9982.55 5191.03 -15343.2 -6163.64
0.45 3924.99 -3626.37 10121.3 -5223.6 -14359.9 -4669.92 -3924.99 3626.37 -10121.3 5223.6 -16004.1 -6209.18
0.46 4209.29 -3560.91 10290.1 -5047.72 -14362.6 -4666.73 -4209.29 3560.91 -10290.1 5047.72 -16507.8 -6015.99
0.47 4470.47 -3291.26 10352.4 -4610.76 -14452.7 -4353.92 -4470.47 3291.26 -10352.4 4610.76 -16604.6 -5519.86
0.48 4517.09 -2779.21 9946.68 -3883.78 -13934.5 -3638.21 -4517.09 2779.21 -9946.68 3883.78 -15905.6 -4699.43
0.49 4229.38 -2088.01 8718.01 -2874.75 -12065.4 -2661.52 -4229.38 2088.01 -8718.01 2874.75 -14088.7 -3602.52
0.5 3585.12 -1303.01 6697.83 -1653.63 -8916.97 -1618.86 -3585.12 1303.01 -6697.83 1653.63 -11176.5 -2290.17
0.51 2683.26 -443.967 4236.44 -313.386 -5223.86 -549.648 -2683.26 443.967 -4236.44 313.386 -7485.47 -782.252
0.52 1699.42 524.059 1644.68 1076.88 -1609.43 652.343 -1699.42 -524.059 -1644.68 -1076.88 -3324.61 919.836
0.53 639.39 1601.65 -1037.23 2459.35 1907.87 2047 -639.39 -1601.65 1037.23 -2459.35 1203.81 2757.95
0.54 -635.964 2695.45 -4042.9 3784.63 5934.31 3510.57 635.964 -2695.45 4042.9 -3784.63 6194.38 4575.79
0.55 -2182.02 3653.58 -7475.78 4973.66 10788.9 4798.37 2182.02 -3653.58 7475.78 -4973.66 11638.4 6162.37
0.56 -3955.65 4352.52 -11082 5924.53 16018.8 5715.02 3955.65 -4352.52 11082 -5924.53 17227.1 7342.54
0.57 -5807.59 4748.02 -14418 6567.43 20778.1 6208.19 5807.59 -4748.02 14418 -6567.43 22476 8035.88
0.58 -7521.65 4862.35 -17125 6874.93 24417.9 6332.09 7521.65 -4862.35 17125 -6874.93 26957.1 8254.96
0.59 -9008.88 4748.35 -19184.4 6875.63 27058 6172.78 9008.88 -4748.35 19184.4 -6875.63 30495.2 8072.29
0.6 -10251 4466.37 -20733.7 6613.89 29136.8 5813.83 10251 -4466.37 20733.7 -6613.89 33064.4 7585.28
0.61 -11142.8 4070.23 -21764.7 6111.94 30720.2 5325.05 11142.8 -4070.23 21764.7 -6111.94 34574 6885.64
0.62 -11589.9 3589.51 -22091.7 5398.02 31426 4735.21 11589.9 -3589.51 22091.7 -5398.02 34849 6033.33
0.63 -11550.4 3022.31 -21480.2 4516.32 30692.7 4017.7 11550.4 -3022.31 21480.2 -4516.32 33748 5049.22
0.64 -11027 2364.06 -19961.2 3555.17 28508.2 3146.31 11027 -2364.06 19961.2 -3555.17 31375.6 3945.89
0.65 -10156.3 1654.83 -17846.7 2628.69 25457.6 2186.62 10156.3 -1654.83 17846.7 -2628.69 28082.4 2777.86
0.66 -9076.12 986.346 -15459.8 1816.84 22142.7 1302.84 9076.12 -986.346 15459.8 -1816.84 24236.5 1656.2
0.67 -7784.53 448.634 -12968.5 1162.59 18836.8 639.182 7784.53 -448.634 12968.5 -1162.59 20068.6 706.721
0.68 -6274.19 72.8198 -10305.6 669.649 15290 202.913 6274.19 -72.8198 10305.6 -669.649 15626.7 15.5467
0.69 -4566.88 -159.872 -7399.96 339.657 11251.9 -97.3475 4566.88 159.872 7399.96 -339.657 10947.9 -382.268
0.7 -2694.15 -252.078 -4378.41 197.307 6905.15 -286.279 2694.15 252.078 4378.41 -197.307 6230.07 -469.954
0.71 -798.734 -158.897 -1494.72 247.695 2698.93 -242.69 798.734 158.897 1494.72 -247.695 1785.23 -234.001
0.72 951.214 147.581 965.296 462.82 -835.805 153.943 -951.214 -147.581 -965.296 -462.82 -2060.08 288.8
0.73 2460.68 584.958 2885.84 764.964 -3537.8 799.991 -2460.68 -584.958 -2885.84 -764.964 -5119.72 954.884
0.74 3613.96 966.88 4324.59 1053.35 -5589.94 1358.49 -3613.96 -966.88 -4324.59 -1053.35 -7383.84 1542.15
0.75 4348.28 1135.1 5367.34 1262.78 -7181.53 1533.8 -4348.28 -1135.1 -5367.34 -1262.78 -8920.5 1871.52
0.76 4732.47 1088.51 6097.91 1355.31 -8455.18 1350.29 -4732.47 -1088.51 -6097.91 -1355.31 -9838.55 1915.25
0.77 4833.35 959.531 6518.39 1312.54 -9320.44 1103.87 -4833.35 -959.531 -6518.39 -1312.54 -10234.7 1774.72
0.78 4718.45 849.041 6635.55 1105.22 -9685.72 1008.73 -4718.45 -849.041 -6635.55 -1105.22 -10220.9 1538.4
0.79 4474.9 700.58 6543.09 682.468 -9659.93 932.172 -4474.9 -700.58 -6543.09 -682.468 -9969.34 1169.57
0.8 4109.67 359.738 6373.73 25.6973 -9453.68 533.636 -4109.67 -359.738 -6373.73 -25.6973 -9667.53 545.577
0.81 3648.43 -247.511 6309.9 -838.712 -9427.5 -341.378 -3648.43 247.511 -6309.9 838.712 -9502.19 -401.155
0.82 3200.18 -1022.82 6441.88 -1835.32 -9750.16 -1468.58 -3200.18 1022.82 -6441.88 1835.32 -9575.48 -1599.88
0.83 2804.27 -1796.16 6726.33 -2870.6 -10304.2 -2484.47 -2804.27 1796.16 -6726.33 2870.6 -9874.75 -2904.03
0.84 2458.3 -2497.87 7081.17 -3884.68 -10888.5 -3278.57 -2458.3 2497.87 -7081.17 3884.68 -10355 -4215.06
0.85 2199.82 -3191.32 7440.99 -4830.3 -11325.8 -4064.97 -2199.82 3191.32 -7440.99 4830.3 -10997.2 -5509
0.86 2061.91 -3923.67 7900.99 -5657.88 -11812.4 -5037.73 -2061.91 3923.67 -7900.99 5657.88 -11890.6 -6733.27
0.87 2154.12 -4579.76 8622.89 -6295.63 -12708.1 -6024.04 -2154.12 4579.76 -8622.89 6295.63 -13160.6 -7715.24
0.88 2618.63 -4930.39 9640.86 -6653.12 -14124.5 -6570.05 -2618.63 4930.39 -9640.86 6653.12 -14798.1 -8221.13
0.89 3400.6 -4840.05 10809.4 -6682.14 -15819.9 -6390.92 -3400.6 4840.05 -10809.4 6682.14 -16608.1 -8129.24
0.9 4300.93 -4404.38 11814.4 -6384.88 -17196.5 -5677.08 -4300.93 4404.38 -11814.4 6384.88 -18246.5 -7536.07
0.91 5137.34 -3854.53 12434.3 -5806.4 -17881.7 -4894.79 -5137.34 3854.53 -12434.3 5806.4 -19421.1 -6668.8
0.92 5775.51 -3329.24 12673.6 -5004.47 -17987.7 -4299.07 -5775.51 3329.24 -12673.6 5004.47 -20033.2 -5688.63
0.93 6223.47 -2766.8 12634.2 -4009.93 -17805.5 -3708.77 -6223.47 2766.8 -12634.2 4009.93 -20097 -4591.63
0.94 6560.95 -2027.51 12372.8 -2860.63 -17496.7 -2784.41 -6560.95 2027.51 -12372.8 2860.63 -19621.8 -3298.13
0.95 6719.88 -1095.32 11747 -1620.61 -16731.2 -1471.58 -6719.88 1095.32 -11747 1620.61 -18509.7 -1814.39
0.96 6578.22 -128.102 10572.3 -387.464 -15072.5 -99.3668 -6578.22 128.102 -10572.3 387.464 -16644.3 -284.94
0.97 6105.93 690.135 8857.49 723.195 -12510.2 960.165 -6105.93 -690.135 -8857.49 -723.195 -14062.2 1110.24
0.98 5320.22 1311.39 6790.21 1639.75 -9427.71 1655.42 -5320.22 -1311.39 -6790.21 -1639.75 -10942.9 2278.74
0.99 4300.34 1811.68 4614.7 2335.01 -6350.09 2221.08 -4300.34 -1811.68 -4614.7 -2335.01 -7494.02 3213.97
1 3099.74 2235.32 2374.21 2808.97 -3338.11 2814.72 -3099.74 -2235.32 -2374.21 -2808.97 -3784.51 3891.24
1.01 1620.45 2494.99 -77.6261 3064.27 -11.373 3274.95 -1620.45 -2494.99 77.6261 -3064.27 244.251 4210.02
1.02 -188.895 2452.61 -2804.57 3082.13 3851.81 3288.65 188.895 -2452.61 2804.57 -3082.13 4561.9 4069.18
1.03 -2182.86 2088.26 -5657.11 2867.74 8035.92 2765.7 2182.86 -2088.26 5657.11 -2867.74 8935.4 3499.09
1.04 -4139.04 1559.58 -8274.39 2470.24 11855 1982.48 4139.04 -1559.58 8274.39 -2470.24 12968.1 2696.25
1.05 -5821.34 1081.01 -10369 1977.37 14782.1 1334.8 5821.34 -1081.01 10369 -1977.37 16324.9 1908.23
1.06 -7096.41 757.463 -11933.6 1492.18 16882.3 989.072 7096.41 -757.463 11933.6 -1492.18 18918.5 1283.32
1.07 -8035.56 545.248 -13106.1 1076.37 18493.2 808.004 8035.56 -545.248 13106.1 -1076.37 20824.9 827.739
1.08 -8707.28 358.984 -14004.2 760.2 19881 589.113 8707.28 -358.984 14004.2 -760.2 22131.6 487.838
1.09 -9069.74 189.964 -14558.8 567.292 20858.7 316.733 9069.74 -189.964 14558.8 -567.292 22817.6 253.16
1.1 -9094.38 112.443 -14613 529.699 21041 160.063 9094.38 -112.443 14613 -529.699 22798 177.266
1.11 -8759.89 196.644 -14153.1 695.825 20372.2 269.667 8759.89 -196.644 14153.1 -695.825 22087.2 320.264
1.12 -8078.79 444.823 -13296.9 1077.4 19087.5 635.196 8078.79 -444.823 13296.9 -1077.4 20803.3 699.274
1.13 -7153.5 812.68 -12220.6 1632.56 17568.5 1143.02 7153.5 -812.68 12220.6 -1632.56 19093.4 1295.02
1.14 -6026.14 1265.45 -10992.4 2283.42 15937.9 1717.1 6026.14 -1265.45 10992.4 -2283.42 17039.3 2079.23
1.15 -4679.52 1791.16 -9551.9 2942.22 14007.6 2360.85 4679.52 -1791.16 9551.9 -2942.22 14648.2 3012.64
1.16 -3201.08 2362.65 -7898.87 3557.5 11706.2 3074.62 3201.08 -2362.65 7898.87 -3557.5 11990.4 4013.34
1.17 -1724.03 2905.97 -6133.27 4092.88 9154.27 3776.68 1724.03 -2905.97 6133.27 -4092.88 9245.55 4941.23
1.18 -388.905 3318.82 -4454.11 4498.3 6703.97 4324.88 388.905 -3318.82 4454.11 -4498.3 6658.36 5631.59
1.19 636.794 3515.61 -3031.03 4707.13 4661.79 4594.37 -636.794 -3515.61 3031.03 -4707.13 4431.29 5952.46
1.2 1304.16 3453.03 -1883.61 4643.26 3030.71 4518.85 -1304.16 -3453.03 1883.61 -4643.26 2620.12 5840.24
1.21 1670.04 3130.75 -972.182 4276.99 1731.97 4087.72 -1670.04 -3130.75 972.182 -4276.99 1184.57 5304.53
1.22 1767.21 2589.62 -219.979 3635.62 619.789 3351 -1767.21 -2589.62 219.979 -3635.62 40.1465 4417.85
1.23 1674.95 1908.66 423.19 2775.74 -376.094 2431.53 -1674.95 -1908.66 -423.19 -2775.74 -893.475 3294.44
1.24 1491.75 1177.77 959.931 1759.41 -1226.27 1482.07 -1491.75 -1177.77 -959.931 -1759.41 -1653.53 2051.25
1.25 1219.59 444.811 1409.11 622.748 -1962.31 576.596 -1219.59 -444.811 -1409.11 -622.748 -2265.03 757.837
1.26 857.597 -312.174 1744.92 -592.552 -2515.8 -353.385 -857.597 312.174 -1744.92 592.552 -2718.97 -583.137
1.27 421.925 -1137.03 1954.76 -1810.18 -2859.09 -1424.28 -421.925 1137.03 -1954.76 1810.18 -3005.2 -1986.8
1.28 -86.5357 -2005.66 2086.22 -2929.69 -3080.37 -2614.14 86.5357 2005.66 -2086.22 2929.69 -3178.3 -3402.84
1.29 -552.455 -2794.64 2222.5 -3845.66 -3318.42 -3698.62 552.455 2794.64 -2222.5 3845.66 -3349.07 -4685.32
1.3 -808.601 -3357.3 2492.87 -4501.05 -3807.53 -4415.78 808.601 3357.3 -2492.87 4501.05 -3671.07 -5656.13
1.31 -799.566 -3634.67 2943.85 -4889.29 -4578.34 -4698.49 799.566 3634.67 -2943.85 4889.29 -4253.21 -6205.52
1.32 -508.579 -3677.89 3539.02 -5019.79 -5499.79 -4704.19 508.579 3677.89 -3539.02 5019.79 -5117.28 -6329.49
1.33 64.8526 -3554.89 4253.91 -4901.6 -6502.25 -4591.58 -64.8526 3554.89 -4253.91 4901.6 -6259.47 -6073.08
1.34 873.932 -3258.05 5095.69 -4529.25 -7615.41 -4310.11 -873.932 3258.05 -5095.69 4529.25 -7671.66 -5464.04
1.35 1916.25 -2735.96 6129.43 -3922.59 -9045.68 -3677.57 -1916.25 2735.96 -6129.43 3922.59 -9342.6 -4530.32
1.36 3141.56 -2017.38 7328.71 -3152.87 -10801.8 -2674.88 -3141.56 2017.38 -7328.71 3152.87 -11184.4 -3377.25
1.37 4346.27 -1268.55 8517.21 -2319.81 -12558.1 -1595.98 -4346.27 1268.55 -8517.21 2319.81 -12993.6 -2209.66
1.38 5362.46 -687.51 9504.21 -1525.36 -13947.9 -828.569 -5362.46 687.51 -9504.21 1525.36 -14564.7 -1233.96
1.39 6146.45 -333.026 10192.9 -828.798 -14781.8 -478.406 -6146.45 333.026 -10192.9 828.798 -15796.8 -520.673
1.4 6726.76 -85.4116 10679.3 -254.479 -15301.7 -274.635 -6726.76 85.4116 -10679.3 254.479 -16736.3 18.4003
1.41 7200.13 199.723 11093.8 170.223 -15821.8 103.624 -7200.13 -199.723 -11093.8 -170.223 -17459.5 495.544
1.42 7559.74 509.416 11389.8 409.581 -16275 634.741 -7559.74 -509.416 -11389.8 -409.581 -17894.5 893.507
1.43 7609.25 669.75 11372.1 422.583 -16288.5 949.872 -7609.25 -669.75 -11372.1 -422.583 -17827.8 1059.38
1.44 7201.96 529.554 10815.1 207.126 -15413.8 734.636 -7201.96 -529.554 -10815.1 -207.126 -17031.5 854.026
1.45 6340.44 126.546 9688.45 -179.853 -13634.5 83.2623 -6340.44 -126.546 -9688.45 179.853 -15430.9 296.377
1.46 5106.79 -351.316 8162.82 -655.78 -11345 -602.429 -5106.79 351.316 -8162.82 655.78 -13143.4 -451.518
1.47 3653.51 -758.143 6393.05 -1140.05 -8853.16 -1046.81 -3653.51 758.143 -6393.05 1140.05 -10326 -1227.62
1.48 2067.44 -1106.33 4427.48 -1585.81 -6200.29 -1353.72 -2067.44 1106.33 -4427.48 1585.81 -7082.14 -1965.28
1.49 337.841 -1475.3 2207.81 -1962.24 -3147.9 -1786.72 -337.841 1475.3 -2207.81 1962.24 -3475.54 -2639.19
1.5 -1429.27 -1833.78 -243.57 -2217.06 361.939 -2351.02 1429.27 1833.78 243.57 2217.06 368.771 -3150.31
1.51 -3030.78 -2001.81 -2715.15 -2284 3950.87 -2690.48 3030.78 2001.81 2715.15 2284 4194.59 -3314.95
1.52 -4329.71 -1813.93 -4964.55 -2100.75 7161.83 -2442.38 4329.71 1813.93 4964.55 2100.75 7731.82 -2999.4
1.53 -5268.01 -1299.86 -6850.22 -1652.65 9726.83 -1643.87 5268.01 1299.86 6850.22 1652.65 10823.8 -2255.72
1.54 -5917.42 -667.893 -8417.6 -984.331 11795.8 -710.868 5917.42 667.893 8417.6 984.331 13457 -1292.81
1.55 -6411.36 -102.323 -9770.9 -159.043 13650 -6.31788 6411.36 102.323 9770.9 159.043 15662.7 -300.65
1.56 -6713.8 400.698 -10871 765 15251.1 512.913 6713.8 -400.698 10871 -765 17361.9 689.181
1.57 -6685.51 982.593 -11567.4 1750.28 16328.9 1181.5 6685.51 -982.593 11567.4 -1750.28 18373.4 1766.28
1.58 -6265.47 1723.85 -11688 2754.05 16539.1 2193.2 6265.47 -1723.85 11688 -2754.05 18524.9 2978.34
1.59 -5462.31 2524.77 -11199.2 3695.1 15820.7 3350.21 5462.31 -2524.77 11199.2 -3695.1 17776.9 4224.09
1.6 -4397.62 3189.83 -10242 4474.43 14458.8 4260.2 4397.62 -3189.83 10242 -4474.43 16267.3 5309.28
1.61 -3262.57 3601.98 -8984.39 5004.22 12739.7 4723.22 3262.57 -3601.98 8984.39 -5004.22 14213.5 6082.71
1.62 -2144.58 3786.04 -7576.55 5246.11 10889.6 4860.88 2144.58 -3786.04 7576.55 -5246.11 11840 6497.23
1.63 -1102.37 3809.85 -6103.73 5213.35 8966.73 4876.54 1102.37 -3809.85 6103.73 -5213.35 9344.46 6553.02
1.64 -252.458 3662.41 -4624.33 4927.07 6983.58 4765.8 252.458 -3662.41 4624.33 -4927.07 6889.41 6221.42
1.65 343.853 3261.55 -3237.84 4401.61 5080.42 4325.08 -343.853 -3261.55 3237.84 -4401.61 4633.1 5459.56
1.66 662.707 2577.6 -2025.55 3646.32 3375.07 3429.8 -662.707 -2577.6 2025.55 -3646.32 2701.58 4303.01
1.67 699.978 1717.48 -1071.99 2697.01 2032.31 2236.86 -699.978 -1717.48 1071.99 -2697.01 1183.67 2915.58
1.68 550.74 866.592 -435.791 1642.05 1164.21 1077.4 -550.74 -866.592 435.791 -1642.05 143.16 1522.38
1.69 285.639 154.178 -115.9 590.263 748.71 175.431 -285.639 -154.178 115.9 -590.263 -401.011 287.102
1.7 -111.847 -415.124 -89.9437 -363.517 730.465 -495.424 111.847 415.124 89.9437 363.517 -460.634 -749.949
1.71 -617.928 -905.776 -286.101 -1166.62 937.572 -1091.45 617.928 905.776 286.101 1166.62 -79.2688 -1625.88
1.72 -1210.42 -1349.3 -661.021 -1800.98 1296.38 -1685.43 1210.42 1349.3 661.021 1800.98 686.679 -2362.46
1.73 -1888.16 -1705.54 -1226.63 -2240.8 1891.83 -2195.01 1888.16 1705.54 1226.63 2240.8 1788.05 -2921.61
1.74 -2558.78 -1905.4 -1964.03 -2450.07 2770.26 -2484.53 2558.78 1905.4 1964.03 2450.07 3121.82 -3231.67
1.75 -3103.06 -1906.13 -2773.68 -2400.97 3843.8 -2484.4 3103.06 1906.13 2773.68 2400.97 4477.24 -3234
1.76 -3413.72 -1706.12 -3405.06 -2107.1 4683.41 -2209.93 3413.72 1706.12 3405.06 2107.1 5531.76 -2908.42
1.77 -3339.95 -1331.45 -3588.98 -1640.48 4806.17 -1714.48 3339.95 1331.45 3588.98 1640.48 5960.78 -2279.87
1.78 -2837.53 -830.304 -3233.29 -1091.27 4087.67 -1067.41 2837.53 830.304 3233.29 1091.27 5612.21 -1423.5
1.79 -2021.84 -278.213 -2436.13 -534.147 2764.69 -367.568 2021.84 278.213 2436.13 534.147 4543.7 -467.072
1.8 -1003.54 233.719 -1393.53 -14.0516 1261.87 269.454 1003.54 -233.719 1393.53 14.0516 2918.71 431.703
1.81 125.793 631.604 -166.874 437.456 -336.196 762.364 -125.793 -631.604 166.874 -437.456 836.817 1132.45
1.82 1309.13 876.352 1358.71 765.079 -2348.89 1082.76 -1309.13 -876.352 -1358.71 -765.079 -1727.22 1546.3
1.83 2569.12 946.906 3264.08 900.651 -5013.5 1206 -2569.12 -946.906 -3264.08 -900.651 -4778.74 1634.72
1.84 3849.55 822.249 5447.08 794.697 -8177.37 1070.9 -3849.55 -822.249 -5447.08 -794.697 -8163.87 1395.84
1.85 4999.99 500.496 7597.29 447.041 -11219.9 634.551 -4999.99 -500.496 -7597.29 -447.041 -11572 866.937
1.86 5956.24 36.8572 9436.72 -86.8412 -13618.9 -24.5833 -5956.24 -36.8572 -9436.72 86.8412 -14691.3 135.155
1.87 6709.99 -463.837 10925.5 -739.888 -15409.5 -708.493 -6709.99 463.837 -10925.5 739.888 -17367 -683.017
1.88 7245.82 -923.216 12149.5 -1460.97 -16908.5 -1263.29 -7245.82 923.216 -12149.5 1460.97 -19539.9 -1506.36
1.89 7540.1 -1358.68 13112.2 -2213.29 -18263 -1739.26 -7540.1 1358.68 -13112.2 2213.29 -21073.7 -2336.78
1.9 7450.54 -1850.01 13570.4 -2951.59 -19032 -2330.9 -7450.54 1850.01 -13570.4 2951.59 -21679.1 -3219.14
1.91 6819.28 -2417.8 13195 -3593.68 -18534.2 -3118.59 -6819.28 2417.8 -13195 3593.68 -21050.8 -4134.82
1.92 5709.03 -2943.78 11906.9 -4044.09 -16592.2 -3894.06 -5709.03 2943.78 -11906.9 4044.09 -19128.5 -4937.28
1.93 4325.57 -3236.88 9948.81 -4234.04 -13669.3 -4298.91 -4325.57 3236.88 -9948.81 4234.04 -16177.2 -5411.73
1.94 2874.72 -3191 7717.63 -4145.1 -10542.2 -4157.1 -2874.72 3191 -7717.63 4145.1 -12610.7 -5415.88
1.95 1503.11 -2864.44 5432.2 -3805.08 -7566.8 -3631.55 -1503.11 2864.44 -5432.2 3805.08 -8729.79 -4961.78
1.96 191.86 -2391.26 3026.55 -3244.87 -4460.01 -3014.37 -191.86 2391.26 -3026.55 3244.87 -4619.66 -4159.4
1.97 -1122.76 -1830.65 404.113 -2481.64 -895.879 -2391 1122.76 1830.65 -404.113 2481.64 -316.46 -3100.97
1.98 -2347.23 -1134.64 -2340.16 -1536.31 3029.56 -1579.72 2347.23 1134.64 2340.16 1536.31 3990.93 -1824.21
1.99 -3349.71 -271.867 -4866.53 -459.642 6662.2 -428.056 3349.71 271.867 4866.53 459.642 7937.39 -387.544
2 -4070.43 648.006 -6830.25 650.375 9339.14 890.487 4070.43 -648.006 6830.25 -650.375 11151.6 1053.53
2.01 -4491.41 1418.64 -8144.6 1682.22 10981.5 1962.89 4491.41 -1418.64 8144.6 -1682.22 13452.3 2293.04
2.02 -4669.44 1919.22 -8918.04 2553.57 11916.1 2540.87 4669.44 -1919.22 8918.04 -2553.57 14838 3216.8
2.03 -4623.33 2224.04 -9268.82 3224.43 12472.9 2795.45 4623.33 -2224.04 9268.82 -3224.43 15333.5 3876.68
2.04 -4240 2499.72 -9143.96 3683.77 12543.3 3103.28 4240 -2499.72 9143.96 -3683.77 14888.5 4395.87
2.05 -3479.74 2795.29 -8379.8 3912.11 11704.4 3589.31 3479.74 -2795.29 8379.8 -3912.11 13435.1 4796.57
2.06 -2467.32 2962.65 -6966.26 3878.28 9830.14 3949.61 2467.32 -2962.65 6966.26 -3878.28 11068.6 4938.35
2.07 -1386.95 2805.28 -5130.35 3570.98 7263.76 3771.3 1386.95 -2805.28 5130.35 -3570.98 8127.28 4644.54
2.08 -452.525 2293.3 -3256.37 3024.64 4692.92 2993.46 452.525 -2293.3 3256.37 -3024.64 5076.19 3886.45
2.09 218.253 1604.3 -1651.98 2324.93 2647.64 1984.75 -218.253 -1604.3 1651.98 -2324.93 2308.3 2828.14
2.1 681.357 951.745 -386.872 1569.19 1147.41 1159.32 -681.357 -951.745 386.872 -1569.19 13.2009 1695.91
2.11 976.369 403.447 598.796 827.38 -22.5935 582.556 -976.369 -403.447 -598.796 -827.38 -1773.79 627.787
2.12 1082.05 -109.364 1356.58 142.051 -1040.77 11.8074 -1082.05 109.364 -1356.58 -142.051 -3028.95 -339.899
2.13 1003.83 -622.111 1802.2 -450.911 -1758.92 -703.149 -1003.83 622.111 -1802.2 450.911 -3647.68 -1163.18
2.14 717.39 -1024.67 1750.58 -894.432 -1783.53 -1355.51 -717.39 1024.67 -1750.58 894.432 -3468.2 -1718.51
2.15 211.4 -1150.26 1095.86 -1121 -896.059 -1575.02 -211.4 1150.26 -1095.86 1121 -2391.53 -1875.75
2.16 -456.096 -960.059 -121.17 -1094.28 838.366 -1247.32 456.096 960.059 121.17 1094.28 -474.856 -1632.85
2.17 -1270.96 -600.966 -1693.59 -830.934 3017.18 -659.555 1270.96 600.966 1693.59 830.934 2063.58 -1143.34
2.18 -2213.65 -263.426 -3369.19 -394.265 5184.71 -200.23 2213.65 263.426 3369.19 394.265 4922.87 -590.048
2.19 -3160.87 2.26033 -4997.46 146.103 7167.41 40.8318 3160.87 -2.26033 4997.46 -146.103 7824.97 -34.0509
2.2 -3998.62 307.003 -6507.31 744.359 8979.6 321.235 3998.62 -307.003 6507.31 -744.359 10542.3 599.773
2.21 -4626.51 764.341 -7848.44 1364.46 10695.3 905.439 4626.51 -764.341 7848.44 -1364.46 12850.1 1387.58
2.22 -4919.66 1336.45 -8859.08 1954.92 12106.8 1736.2 4919.66 -1336.45 8859.08 -1954.92 14470.5 2273.14
2.23 -4840.38 1849.7 -9259.71 2433.18 12686.6 2475.81 4840.38 -1849.7 9259.71 -2433.18 15092.5 3073.29
2.24 -4402.55 2144.09 -8846.98 2708.75 12031.7 2834.06 4402.55 -2144.09 8846.98 -2708.75 14509.2 3598.21
2.25 -3620.94 2184.08 -7629.9 2729.61 10139.7 2798.83 3620.94 -2184.08 7629.9 -2729.61 12750 3753.42
2.26 -2615.45 2026.16 -5865.15 2496.35 7529.04 2542.28 2615.45 -2026.16 5865.15 -2496.35 10066.4 3536.21
2.27 -1524.85 1710.92 -3846.77 2045.39 4780.64 2164.65 1524.85 -1710.92 3846.77 -2045.39 6759.67 2968.1
2.28 -373.333 1220.79 -1654.46 1412.88 1973.67 1595.42 373.333 -1220.79 1654.46 -1412.88 2989.71 2066.94
2.29 847.656 543.067 816.625 617.472 -1217.54 741.24 -847.656 -543.067 -816.625 -617.472 -1232.33 887.959
2.3 2157.23 -256.624 3651.79 -312.713 -5106.26 -331.838 -2157.23 256.624 -3651.79 312.713 -5849.12 -438.033
2.31 3543.39 -1046.57 6649.98 -1313.82 -9390.51 -1404.73 -3543.39 1046.57 -6649.98 1313.82 -10559.4 -1734.98
2.32 4830.37 -1713.24 9344.34 -2284.32 -13191.1 -2278.2 -4830.37 1713.24 -9344.34 2284.32 -14842 -2861.51
2.33 5814 -2223.85 11336.4 -3117.19 -15804.7 -2907.17 -5814 2223.85 -11336.4 3117.19 -18204.6 -3764.38
2.34 6428.64 -2607.64 12524.6 -3745.22 -17157.1 -3365.91 -6428.64 2607.64 -12524.6 3745.22 -20416.6 -4457.03
2.35 6666.02 -2891.98 13089.4 -4145.17 -17767 -3720.27 -6666.02 2891.98 -13089.4 4145.17 -21501.3 -4955.68
2.36 6547.92 -3065.52 13178.9 -4312.99 -18018.4 -3957.67 -6547.92 3065.52 -13178.9 4312.99 -21518.4 -5238.9
2.37 6102.34 -3087.96 12668.7 -4236.73 -17605.7 -4012.36 -6102.34 3087.96 -12668.7 4236.73 -20400.4 -5251.52
2.38 5288.82 -2915.01 11333.7 -3894.43 -15950.3 -3813.49 -5288.82 2915.01 -11333.7 3894.43 -18050.8 -4931.54
2.39 4151.06 -2516.48 9150.23 -3291.33 -12864.1 -3308.49 -4151.06 2516.48 -9150.23 3291.33 -14586.6 -4240.96
2.4 2898.74 -1895.22 6477.72 -2483.87 -8993.55 -2489.02 -2898.74 1895.22 -6477.72 2483.87 -10439.6 -3196.65
2.41 1705.18 -1111.94 3840.02 -1568.36 -5359.01 -1439.66 -1705.18 1111.94 -3840.02 1568.36 -6161.06 -1896.17
2.42 630.252 -287.964 1503 -644.615 -2402.58 -349.771 -630.252 287.964 -1503 644.615 -2106.44 -514.121
2.43 -359.535 443.642 -619.623 222.314 189.269 577.23 359.535 -443.642 619.623 -222.314 1669.6 753.696
2.44 -1367.4 1008.34 -2731.24 994.944 2992.56 1257.11 1367.4 -1008.34 2731.24 -994.944 5201.16 1767.91
2.45 -2358.44 1409.04 -4770.84 1633.51 5995.72 1748.98 2358.44 -1409.04 4770.84 -1633.51 8316.79 2478.15
2.46 -3116.11 1670.63 -6327.28 2081.46 8386.94 2123.99 3116.11 -1670.63 6327.28 -2081.46 10594.9 2887.91
2.47 -3484.07 1776.47 -6996.39 2278.16 9363.78 2328.34 3484.07 -1776.47 6996.39 -2278.16 11625.4 3001.07
2.48 -3436.93 1680.08 -6706.49 2202.08 8807.1 2224.3 3436.93 -1680.08 6706.49 -2202.08 11312.4 2815.93
2.49 -3040.12 1384.5 -5769.72 1889.46 7390.81 1783.73 3040.12 -1384.5 5769.72 -1889.46 9918.34 2369.76
2.5 -2435.26 983.889 -4568.13 1411.33 5885.94 1191.75 2435.26 -983.889 4568.13 -1411.33 7818.43 1759.91
2.51 -1686.68 593.369 -3216.35 838.589 4394.38 692.538 1686.68 -593.369 3216.35 -838.589 5254.67 1087.57
2.52 -784.304 235.965 -1626.17 215.717 2546.25 328.237 784.304 -235.965 1626.17 -215.717 2332.26 379.659
2.53 165.973 -171.751 234.939 -420.762 83.2728 -107.669 -165.973 171.751 -234.939 420.762 -788.09 -407.583
2.54 999.044 -695.495 2118.11 -1010.7 -2610.51 -803.794 -999.044 695.495 -2118.11 1010.7 -3743.82 -1282.69
2.55 1607.23 -1249.91 3583.23 -1470.14 -4675.85 -1633.62 -1607.23 1249.91 -3583.23 1470.14 -6073.84 -2116.11
2.56 1938.03 -1620.7 4352.5 -1716.28 -5589.38 -2192.14 -1938.03 1620.7 -4352.5 1716.28 -7468.13 -2669.96
2.57 2058.94 -1641.53 4454.68 -1711.29 -5463.4 -2168.14 -2058.94 1641.53 -4454.68 1711.29 -7900.63 -2756.43
2.58 2074.84 -1339.23 4124.26 -1472.96 -4844.75 -1648.13 -2074.84 1339.23 -4124.26 1472.96 -7528.05 -2369.55
2.59 1942.05 -886.387 3519.03 -1042.79 -4099.5 -1001.62 -1942.05 886.387 -3519.03 1042.79 -6457.58 -1657.54
2.6 1561.61 -416.38 2541.43 -457.632 -2989.21 -472.994 -1561.61 416.38 -2541.43 457.632 -4635.08 -776.144
2.61 893.141 88.0173 1009.78 261.464 -1072.03 50.459 -893.141 -88.0173 -1009.78 -261.464 -1957.3 213.593
2.62 -71.0026 708.044 -1117.12 1081.41 1832.22 824.631 71.0026 -708.044 1117.12 -1081.41 1519.15 1299.5
2.63 -1232.28 1416.96 -3599.43 1927.3 5331.98 1848.96 1232.28 -1416.96 3599.43 -1927.3 5466.32 2401.9
2.64 -2424.28 2041.81 -6013.06 2696.72 8652.57 2773.29 2424.28 -2041.81 6013.06 -2696.72 9386.6 3352.14
2.65 -3544.88 2416.39 -8024.74 3293 11256.5 3241.4 3544.88 -2416.39 8024.74 -3293 12817.7 4007.77
2.66 -4483.29 2546.72 -9498.98 3663.93 13022.7 3272.15 4483.29 -2546.72 9498.98 -3663.93 15474.2 4368.02
2.67 -5117.67 2587.08 -10474.2 3803.14 14176.5 3219.23 5117.67 -2587.08 10474.2 -3803.14 17246.1 4542.02
2.68 -5427.67 2642.6 -10993 3712.78 14904.2 3338.27 5427.67 -2642.6 10993 -3712.78 18074.7 4589.52
2.69 -5421.69 2623.9 -10955.9 3386.2 14998.5 3459.75 5421.69 -2623.9 10955.9 -3386.2 17869.1 4411.95
2.7 -5106.96 2329.2 -10212.3 2813.11 14099.8 3157.04 5106.96 -2329.2 10212.3 -2813.11 16537.2 3830.57
2.71 -4545.65 1667.85 -8689.17 2013.51 11979.9 2226.12 4545.65 -1667.85 8689.17 -2013.51 14087.7 2777.42
2.72 -3759.44 776.062 -6529.66 1062.76 8866.37 932.541 3759.44 -776.062 6529.66 -1062.76 10722.6 1395.64
2.73 -2747.27 -98.7081 -4057.9 64.1987 5392.27 -244.983 2747.27 98.7081 4057.9 -64.1987 6781.44 -51.1415
2.74 -1586.46 -809.227 -1541.04 -886.917 2038.21 -1070.69 1586.46 809.227 1541.04 886.917 2584.9 -1356.99
2.75 -325.78 -1382.95 928.848 -1731.95 -1110.33 -1694.46 325.78 1382.95 -928.848 1731.95 -1676.22 -2454.39
2.76 1030.78 -1896.51 3418.74 -2440.84 -4343.41 -2351.68 -1030.78 1896.51 -3418.74 2440.84 -5912.82 -3337.86
2.77 2413.16 -2320.65 5932.63 -2973.23 -7838.52 -3006.67 -2413.16 2320.65 -5932.63 2973.23 -9959.38 -3955.28
2.78 3717.62 -2525.26 8204.48 -3275.15 -11159.9 -3364.37 -3717.62 2525.26 -8204.48 3275.15 -13453.6 -4211.41
2.79 4790.57 -2429.02 9822.52 -3299.48 -13539.3 -3215.64 -4790.57 2429.02 -9822.52 3299.48 -15928.2 -4071.41
2.8 5426.04 -2106.37 10488.1 -3041.73 -14405.6 -2692.33 -5426.04 2106.37 -10488.1 3041.73 -17058.7 -3626.77
2.81 5571.21 -1721.13 10259.4 -2558.02 -13909.4 -2132.42 -5571.21 1721.13 -10259.4 2558.02 -16868.9 -3030.97
2.82 5349.62 -1363.04 9485.54 -1927.91 -12793.7 -1721.05 -5349.62 1363.04 -9485.54 1927.91 -15662.9 -2368.08
2.83 4885.2 -976.532 8444.22 -1221.27 -11571 -1326.11 -4885.2 976.532 -8444.22 1221.27 -13761.7 -1603.49
2.84 4266.75 -458.549 7152.81 -484.048 -10151.5 -702.056 -4266.75 458.549 -7152.81 484.048 -11306.9 -673.591
2.85 3502.9 192.653 5444.36 245.185 -8027.75 190.964 -3502.9 -192.653 -5444.36 -245.185 -8305.33 386.996
2.86 2535.92 840.789 3296 898.526 -5009.51 1108.84 -2535.92 -840.789 -3296 -898.526 -4878.5 1413.52
2.87 1433.53 1313.72 1034.82 1390.28 -1715.96 1742.57 -1433.53 -1313.72 -1034.82 -1390.28 -1388.49 2198.59
2.88 358.05 1524.7 -894.475 1649.38 972.77 1968.41 -358.05 -1524.7 894.475 -1649.38 1710.66 2605.69
2.89 -614.787 1493.37 -2250.64 1651.91 2619.17 1873.02 614.787 -1493.37 2250.64 -1651.91 4132.75 2607.1
2.9 -1467.22 1276.44 -3153.68 1430.63 3580.09 1585.62 1467.22 -1276.44 3153.68 -1430.63 5880.94 2243.68
2.91 -2198.17 909.213 -3856.01 1031.81 4512.64 1146.86 2198.17 -909.213 3856.01 -1031.81 7055.4 1580.78
2.92 -2780.76 414.955 -4343.69 490.268 5444.2 541.875 2780.76 -414.955 4343.69 -490.268 7586.87 702.992
2.93 -3046.04 -157.393 -4319.33 -168.338 5738.84 -194.764 3046.04 157.393 4319.33 168.338 7219.16 -277.416
2.94 -2831.2 -729.783 -3489.22 -904.992 4712.51 -952.745 2831.2 729.783 3489.22 904.992 5755.14 -1236.6
2.95 -2192.4 -1231.98 -1926.29 -1635.94 2426.67 -1617.31 2192.4 1231.98 1926.29 1635.94 3352.19 -2078.63
2.96 -1314.91 -1630.3 -107.479 -2258.14 -191.212 -2132.91 1314.91 1630.3 107.479 2258.14 513.648 -2757.99
2.97 -399.376 -1917.18 1498.77 -2688.8 -2268.05 -2490.35 399.376 1917.18 -1498.77 2688.8 -2228.27 -3261.2
2.98 419.751 -2086.73 2745.41 -2889.71 -3634.61 -2685.95 -419.751 2086.73 -2745.41 2889.71 -4601.61 -3574.25
2.99 1177.69 -2128.74 3804.82 -2867.94 -4797.37 -2716.83 -1177.69 2128.74 -3804.82 2867.94 -6617.08 -3669.39
3 1931.09 -2033.09 4841.76 -2631.16 -6220.61 -2590.67 -1931.09 2033.09 -4841.76 2631.16 -8304.68 -3508.59
3.01 2597.37 -1782.41 5700.06 -2174.68 -7602.89 -2297.95 -2597.37 1782.41 -5700.06 2174.68 -9497.3 -3049.28
3.02 3075.71 -1342.81 6039.37 -1500.47 -8216.58 -1773.23 -3075.71 1342.81 -6039.37 1500.47 -9901.53 -2255.18
3.03 3308.15 -688.121 5638.55 -642.027 -7585.76 -935.145 -3308.15 688.121 -5638.55 642.027 -9329.91 -1129.22
3.04 3264.87 140.625 4603.97 312.033 -5940.93 184.994 -3264.87 -140.625 -4603.97 -312.033 -7870.97 236.881
3.05 2989.53 1005.13 3260.22 1254.59 -3998.62 1366.29 -2989.53 -1005.13 -3260.22 -1254.59 -5782.04 1649.09
3.06 2485 1730.15 1791.95 2101.08 -2125.83 2311.1 -2485 -1730.15 -1791.95 -2101.08 -3250.02 2879.34
3.07 1664.01 2216.45 150.097 2801.49 -135.563 2873.45 -1664.01 -2216.45 -150.097 -2801.49 -314.727 3775.89
3.08 531.506 2492.08 -1798.69 3333.15 2380.52 3158.06 -531.506 -2492.08 1798.69 -3333.15 3015.55 4318.19
3.09 -790.833 2641.18 -4010.93 3658.97 5483.74 3358.25 790.833 -2641.18 4010.93 -3658.97 6549.05 4565.31
3.1 -2144.74 2685.09 -6144.97 3728.87 8570.21 3500.41 2144.74 -2685.09 6144.97 -3728.87 9864.7 4554.87
3.11 -3334.05 2554.68 -7809.57 3513.42 10917.4 3398.93 3334.05 -2554.68 7809.57 -3513.42 12511.3 4265.12
3.12 -4243.11 2190.44 -8797.25 3027.1 12173 2893.26 4243.11 -2190.44 8797.25 -3027.1 14218.7 3678.07
3.13 -4886.2 1646.82 -9170.25 2342.8 12520.6 2087.48 4886.2 -1646.82 9170.25 -2342.8 14990.2 2852.98
3.14 -5263.69 1063.73 -9140.1 1548.23 12438.7 1284.31 5263.69 -1063.73 9140.1 -1548.23 14981.6 1906.89
3.15 -5377.3 528.301 -8802.44 709.268 12100.3 665.161 5377.3 -528.301 8802.44 -709.268 14307.1 919.741
3.16 -5266.78 -6.90557 -8107.12 -126.77 11339.3 94.9059 5266.78 6.90557 8107.12 126.77 12982 -115.623
3.17 -4910.64 -634.636 -6945.59 -917.918 9862.03 -686.191 4910.64 634.636 6945.59 917.918 10974.7 -1217.72
3.18 -4275.86 -1322.75 -5298.22 -1592.44 7558.12 -1679.58 4275.86 1322.75 5298.22 1592.44 8336.53 -2288.66
3.19 -3373.78 -1869.62 -3342.6 -2064.64 4764.02 -2512.72 3373.78 1869.62 3342.6 2064.64 5263.78 -3096.14
3.2 -2204.23 -2060.5 -1322.57 -2279.18 1939.89 -2764.57 2204.23 2060.5 1322.57 2279.18 2027.82 -3416.94
3.21 -840.85 -1865.22 560.894 -2228.41 -573.283 -2388.31 840.85 1865.22 -560.894 2228.41 -1109.4 -3207.34
3.22 547.426 -1459.33 2233.73 -1957.45 -2723.93 -1752.49 -547.426 1459.33 -2233.73 1957.45 -3977.26 -2625.52
3.23 1847.35 -1042.49 3729.66 -1518.7 -4719.84 -1244.52 -1847.35 1042.49 -3729.66 1518.7 -6469.13 -1882.94
3.24 2978.25 -656.059 5009.68 -944.478 -6578.95 -884.318 -2978.25 656.059 -5009.68 944.478 -8450.08 -1083.86
3.25 3840.85 -201.849 5931.73 -266.757 -8052.76 -386.222 -3840.85 201.849 -5931.73 266.757 -9742.42 -219.324
3.26 4383.2 374.65 6297.86 466.458 -8722.96 419.42 -4383.2 -374.65 -6297.86 -466.458 -10170.6 704.529
3.27 4555.75 964.11 6013.51 1165.36 -8334.82 1315.22 -4555.75 -964.11 -6013.51 -1165.36 -9705.73 1577.11
3.28 4341.42 1381.04 5246.82 1726.49 -7192.24 1899.57 -4341.42 -1381.04 -5246.82 -1726.49 -8548.24 2243.54
3.29 3872.09 1552.86 4291.17 2082.31 -5855.64 2020.87 -3872.09 -1552.86 -4291.17 -2082.31 -7017.88 2637.7
3.3 3295.39 1581.16 3373.84 2208.61 -4740.47 1924.11 -3295.39 -1581.16 -3373.84 -2208.61 -5381.06 2819.37
3.31 2636.72 1596.38 2493.79 2121.03 -3780.36 1930.09 -2636.72 -1596.38 -2493.79 -2121.03 -3700.99 2859.04
3.32 1860.04 1577.27 1468.88 1832.5 -2507.04 2025.85 -1860.04 -1577.27 -1468.88 -1832.5 -1899.61 2705.96
3.33 899.334 1353.37 243.327 1338.68 -747.726 1853.13 -899.334 -1353.37 -243.327 -1338.68 17.7455 2206.97
3.34 -233.222 794.604 -999.378 653.131 1146.71 1114.13 233.222 -794.604 999.378 -653.131 1851.43 1269.68
3.35 -1331.22 -23.5296 -1928.92 -176.752 2515.53 -68.7846 1331.22 23.5296 1928.92 176.752 3271.22 -1.80409
3.36 -2179.97 -862.469 -2331.97 -1054.88 2949.03 -1242.87 2179.97 862.469 2331.97 1054.88 4046.86 -1344.54
3.37 -2710.07 -1520.3 -2310.36 -1873.22 2739.99 -2051.22 2710.07 1520.3 2310.36 1873.22 4191.09 -2509.67
3.38 -2923.13 -1968.39 -2083.23 -2560.92 2405.17 -2512.96 2923.13 1968.39 2083.23 2560.92 3844.52 -3392.22
3.39 -2860.7 -2292.15 -1746.9 -3078.71 2141.82 -2872.7 2860.7 2292.15 1746.9 3078.71 3098.86 -4003.76
3.4 -2535.84 -2532.62 -1176.41 -3408.81 1620.27 -3240.11 2535.84 2532.62 1176.41 3408.81 1908.96 -4357.76
3.41 -1885.76 -2621.21 -192.797 -3519.95 342.06 -3449.86 1885.76 2621.21 192.797 3519.95 236.332 -4413.77
3.42 -954.626 -2468.74 1110.93 -3367.1 -1589.38 -3275.19 954.626 2468.74 -1110.93 3367.1 -1743.42 -4131.03
3.43 59.7606 -2085.57 2397.98 -2939.08 -3519.51 -2710.82 -59.7606 2085.57 -2397.98 2939.08 -3674.45 -3545.88
3.44 996.813 -1583.2 3338.81 -2270.61 -4791.89 -1986.09 -996.813 1583.2 -3338.81 2270.61 -5224.54 -2763.51
3.45 1793.63 -1060.93 3875.51 -1445.87 -5312.47 -1312.9 -1793.63 1060.93 -3875.51 1445.87 -6314.05 -1869.89
3.46 2492.11 -518.625 4252.12 -558.227 -5650.62 -681.779 -2492.11 518.625 -4252.12 558.227 -7105.76 -874.097
3.47 3195.3 105.046 4656.98 332.707 -6241.2 66.867 -3195.3 -105.046 -4656.98 -332.707 -7729.74 248.27
3.48 3854.86 820.84 5009.2 1180.95 -6922.68 1003.01 -3854.86 -820.84 -5009.2 -1180.95 -8104.92 1459.5
3.49 4270.05 1531.51 5021.3 1940.16 -7091.44 1979.07 -4270.05 -1531.51 -5021.3 -1940.16 -7972.45 2615.47
3.5 4300.77 2085.58 4464.03 2539.59 -6258.89 2737.05 -4300.77 -2085.58 -4464.03 -2539.59 -7133.2 3519.69
3.51 3908.54 2375.83 3432.78 2897.46 -4649.34 3106.22 -3908.54 -2375.83 -3432.78 -2897.46 -5648.99 4021.28
3.52 3150.1 2384.46 2198.53 2976.53 -2843.61 3083.3 -3150.1 -2384.46 -2198.53 -2976.53 -3751.97 4070.07
3.53 2161.48 2156.75 957.51 2788.75 -1211.36 2763.32 -2161.48 -2156.75 -957.51 -2788.75 -1661.17 3706.92
3.54 1011.42 1757.86 -288.294 2388.76 329.107 2246.11 -1011.42 -1757.86 288.294 -2388.76 535.776 3027.46
3.55 -271.607 1253.79 -1656.57 1835.53 2150.84 1610.45 271.607 -1253.79 1656.57 -1835.53 2818.86 2150.93
3.56 -1563.52 707.474 -3106.48 1160.36 4259.54 926.728 1563.52 -707.474 3106.48 -1160.36 5059.89 1195.69
3.57 -2728.68 166.822 -4422.88 401.39 6243.27 246.8 2728.68 -166.822 4422.88 -401.39 7025.37 253.666
3.58 -3680.29 -346.839 -5381.9 -381.507 7647.03 -414.825 3680.29 346.839 5381.9 381.507 8498.66 -625.693
3.59 -4362.25 -823.523 -5907.65 -1095.63 8303.67 -1051.66 4362.25 823.523 5907.65 1095.63 9419.3 -1418.91
3.6 -4813.06 -1232.33 -6143.7 -1639.49 8529.46 -1606.16 4813.06 1232.33 6143.7 1639.49 9901.63 -2090.83
3.61 -5084.16 -1517.61 -6233.57 -1960.78 8642.18 -1972.77 5084.16 1517.61 6233.57 1960.78 10058.5 -2580.07
3.62 -5121.13 -1636.39 -6184.01 -2050.66 8657.94 -2086.2 5121.13 1636.39 6184.01 2050.66 9894.1 -2822.96
3.63 -4865.14 -1589.9 -5888.12 -1929.38 8359.48 -1987.11 4865.14 1589.9 5888.12 1929.38 9304.87 -2782.59
3.64 -4291.61 -1401.73 -5209.8 -1614.92 7447.65 -1758.49 4291.61 1401.73 5209.8 1614.92 8181.76 -2446.71
3.65 -3374.57 -1064.96 -4166.04 -1104.73 5945.42 -1390.59 3374.57 1064.96 4166.04 1104.73 6552.71 -1804.28
3.66 -2180.13 -538.5 -2889.69 -422.736 4104.39 -761.509 2180.13 538.5 2889.69 422.736 4564.67 -853.993
3.67 -845.006 175.838 -1544.26 368.25 2203.1 191.567 845.006 -175.838 1544.26 -368.25 2429.67 335.948
3.68 502.793 958.702 -282.567 1168.87 489.89 1292.22 -502.793 -958.702 282.567 -1168.87 357.813 1583.89
3.69 1694.32 1609.93 842.494 1873.39 -1013.87 2183.3 -1694.32 -1609.93 -842.494 -1873.39 -1513.61 2646.5
3.7 2599.79 1988.3 1805.41 2424.27 -2324.17 2616.49 -2599.79 -1988.3 -1805.41 -2424.27 -3092.05 3348.4
3.71 3227.33 2115.4 2593.42 2794.48 -3445.35 2671.35 -3227.33 -2115.4 -2593.42 -2794.48 -4334.91 3674.87
3.72 3607.9 2122.81 3198.82 2967.9 -4371.69 2638.28 -3607.9 -2122.81 -3198.82 -2967.9 -5224.77 3730.14
3.73 3749.32 2090.28 3554.57 2919.45 -4934.86 2671.78 -3749.32 -2090.28 -3554.57 -2919.45 -5728.84 3599.07
3.74 3662.76 1956.16 3624.9 2611.22 -5037.6 2607.38 -3662.76 -1956.16 -3624.9 -2611.22 -5837.1 3261.11
3.75 3311.38 1603.54 3417.83 2048.3 -4692.18 2165.14 -3311.38 -1603.54 -3417.83 -2048.3 -5561.32 2645.49
3.76 2697.47 1019.79 2999.62 1285.7 -4042.4 1307.76 -2697.47 -1019.79 -2999.62 -1285.7 -4956.47 1751.6
3.77 1925.25 338.242 2479.38 413.568 -3341.83 326.045 -1925.25 -338.242 -2479.38 -413.568 -4096.29 688.682
3.78 1050.31 -291.703 1862.28 -473.632 -2591.41 -464.015 -1050.31 291.703 -1862.28 473.632 -2995.43 -411.095
3.79 67.1025 -851.386 1093.88 -1323 -1632.22 -1058.86 -67.1025 851.386 -1093.88 1323 -1649.44 -1495.3
3.8 -990.772 -1431.61 143.942 -2093.29 -334.846 -1723.06 990.772 1431.61 -143.942 2093.29 -96.9787 -2571.76
3.81 -2043.89 -2059.99 -895.822 -2733.5 1192.77 -2596.8 2043.89 2059.99 895.822 2733.5 1494.7 -3583.18
3.82 -2910.72 -2586.84 -1764.08 -3177.29 2459.01 -3422.26 2910.72 2586.84 1764.08 3177.29 2833.23 -4338.25
3.83 -3361.1 -2782.66 -2257.14 -3352.04 3085.83 -3739.13 3361.1 2782.66 2257.14 3352.04 3685.6 -4608.85
3.84 -3347.93 -2556.16 -2353.01 -3238.78 3069.54 -3354.99 3347.93 2556.16 2353.01 3238.78 3989.48 -4313.49
3.85 -3002.97 -2051.41 -2196.91 -2871.1 2732.13 -2559.11 3002.97 2051.41 2196.91 2871.1 3858.6 -3595.12
3.86 -2466.75 -1508.9 -1961.72 -2310.5 2438.5 -1825.36 2466.75 1508.9 1961.72 2310.5 3446.65 -2701.34
3.87 -1830.11 -1041.97 -1620.39 -1620.58 2089.28 -1335.66 1830.11 1041.97 1620.39 1620.58 2771.88 -1790.24
3.88 -1070.23 -574.445 -1038.88 -833.951 1350.1 -860.06 1070.23 574.445 1038.88 833.951 1766.54 -863.274
3.89 -115.953 5.72986 -149.429 6.84966 50.7757 -109.127 115.953 -5.72986 149.429 -6.84966 397.511 126.317
3.9 957.215 667.295 951.901 829.343 -1616.89 868.251 -957.215 -667.295 -951.901 -829.343 -1238.81 1133.63
3.91 1991.7 1238.92 2030.46 1540.85 -3148.38 1703.5 -1991.7 -1238.92 -2030.46 -1540.85 -2943 2013.25
3.92 2905.67 1581.88 2971.07 2046.91 -4328.78 2105.5 -2905.67 -1581.88 -2971.07 -2046.91 -4584.44 2640.14
3.93 3670.6 1719.55 3816.19 2309.77 -5323.92 2155.84 -3670.6 -1719.55 -3816.19 -2309.77 -6124.64 3002.8
3.94 4290.28 1770.12 4629.23 2337.72 -6360.44 2157.44 -4290.28 -1770.12 -4629.23 -2337.72 -7527.25 3152.91
3.95 4729.81 1771.44 5358.34 2153.83 -7425.41 2232.34 -4729.81 -1771.44 -5358.34 -2153.83 -8649.61 3081.96
3.96 4816.69 1613.52 5757.26 1780.3 -8049.62 2153.74 -4816.69 -1613.52 -5757.26 -1780.3 -9222.14 2686.81
3.97 4410.03 1163.41 5623.11 1220.17 -7824.68 1610.09 -4410.03 -1163.41 -5623.11 -1220.17 -9044.64 1880.14
3.98 3566.76 441.082 4963.11 506.706 -6771.38 592.135 -3566.76 -441.082 -4963.11 -506.706 -8117.94 731.113
3.99 2452.82 -355.443 3955.55 -281.14 -5240.51 -542.261 -2452.82 355.443 -3955.55 281.14 -6626.14 -524.069
4 1263.91 -1004.12 2824.65 -1042.88 -3668.96 -1389.91 -1263.91 1004.12 -2824.65 1042.88 -4804.99 -1622.44
