0.01 110.852 -0.665071 72.1458 -0.874471 83.1491 4.916 -110.852 0.665071 -72.1458 2.86968 249.406 -4.916
0.02 433.776 -1.70903 465.088 -15.2292 195.044 34.082 -433.776 1.70903 -465.088 20.3563 1106.28 -34.082
0.03 674.824 15.1638 1403.97 -107.22 -336.975 128.572 -674.824 -15.1638 -1403.97 61.7283 2361.45 -128.572
0.04 196.772 119.695 2810.8 -450.281 -2644.02 342.672 -196.772 -119.695 -2810.8 91.1949 3234.34 -342.672
0.05 -1485.22 439.436 4535 -1324.78 -7502.03 713.231 1485.22 -439.436 -4535 6.47508 3046.37 -713.231
0.06 -4208.45 1093.21 6569.5 -2987.17 -14619.3 1238.02 4208.45 -1093.21 -6569.5 -292.447 1993.91 -1238.02
0.07 -7344.77 2090.17 8871.3 -5481.83 -22945.3 1880.71 7344.77 -2090.17 -8871.3 -788.681 910.973 -1880.71
0.08 -10455.8 3303.46 11383.2 -8577.58 -31663.7 2594.84 10455.8 -3303.46 -11383.2 -1332.8 296.432 -2594.84
0.09 -13583.2 4564.82 14065 -11911.4 -40696.1 3347.66 13583.2 -4564.82 -14065 -1783.03 -53.5471 -3347.66
0.1 -17086.8 5782.69 16757.1 -15192.4 -50410.7 4113.35 17086.8 -5782.69 -16757.1 -2155.73 -849.667 -4113.35
0.11 -21046.5 6944.2 19358.7 -18242.9 -60707.7 4850.68 21046.5 -6944.2 -19358.7 -2589.68 -2431.83 -4850.68
0.12 -24959.3 7998.65 21879.5 -20859.6 -70569.2 5493.63 24959.3 -7998.65 -21879.5 -3136.37 -4308.55 -5493.63
0.13 -28103.2 8781.63 24157.3 -22719.6 -78579.5 5964.55 28103.2 -8781.63 -24157.3 -3625.25 -5730.14 -5964.55
0.14 -29984.8 9107.71 25912.6 -23522.9 -83683 6207.89 29984.8 -9107.71 -25912.6 -3800.24 -6271.44 -6207.89
0.15 -30623.4 8948.07 26877.4 -23243.1 -85642.5 6207.47 30623.4 -8948.07 -26877.4 -3601.1 -6227.74 -6207.47
0.16 -30289.4 8472.94 26765.3 -22165.2 -84678.6 5973.3 30289.4 -8472.94 -26765.3 -3253.57 -6189.68 -5973.3
0.17 -29044.1 7872.1 25505.1 -20590.5 -80840 5519.56 29044.1 -7872.1 -25505.1 -3025.77 -6292.43 -5519.56
0.18 -26711.5 7136.65 23285.9 -18500 -73920.9 4850.92 26711.5 -7136.65 -23285.9 -2909.93 -6213.7 -4850.92
0.19 -23074.5 6063.31 20275.7 -15577.2 -63776.1 3978.87 23074.5 -6063.31 -20275.7 -2612.73 -5447.36 -3978.87
0.2 -18246.9 4505.13 16660.3 -11617.8 -50846.1 2946.68 18246.9 -4505.13 -16660.3 -1897.57 -3894.62 -2946.68
0.21 -12742 2597.94 12661.3 -6898.58 -36190.5 1830 12742 -2597.94 -12661.3 -895.241 -2035.5 -1830
0.22 -7115.53 698.795 8364.96 -2089.09 -20958.7 716.549 7115.53 -698.795 -8364.96 -7.29808 -387.865 -716.549
0.23 -1723.76 -906.742 3867.28 2212.65 -5964.85 -326.462 1723.76 906.742 -3867.28 507.581 793.576 326.462
0.24 3408.05 -2203.02 -669.422 5818.75 8491.32 -1262.59 -3408.05 2203.02 669.422 790.32 1732.84 1262.59
0.25 8357.87 -3331.43 -5160.38 8819.17 22251.1 -2066.38 -8357.87 3331.43 5160.38 1175.11 2822.55 2066.38
0.26 12973.9 -4316.04 -9425.74 11191.3 34828.5 -2706.48 -12973.9 4316.04 9425.74 1756.77 4093.15 2706.48
0.27 16881.4 -4969.68 -13160.3 12662.6 45389.4 -3143.76 -16881.4 4969.68 13160.3 2246.44 5254.67 3143.76
0.28 19604.3 -5103.21 -16167.8 13011.8 52999.3 -3355.61 -19604.3 5103.21 16167.8 2297.77 5813.48 3355.61
0.29 20911.1 -4787.71 -18289.1 12437.4 57193 -3360.83 -20911.1 4787.71 18289.1 1925.77 5540.23 3360.83
0.3 20989.3 -4340.78 -19409.5 11503.4 58238 -3211.69 -20989.3 4340.78 19409.5 1518.91 4729.77 3211.69
0.31 20234.1 -4028.22 -19621.3 10666.8 56868 -2969.98 -20234.1 4028.22 19621.3 1417.87 3834.38 2969.98
0.32 19023.7 -3815.5 -19062.2 9899.86 53878.4 -2680.43 -19023.7 3815.5 19062.2 1546.63 3192.6 2680.43
0.33 17452.3 -3458.5 -17889.6 8849.15 49688.4 -2369.21 -17452.3 3458.5 17889.6 1526.36 2668.58 2369.21
0.34 15437.5 -2834.93 -16417.9 7365.24 44474 -2068.89 -15437.5 2834.93 16417.9 1139.54 1838.36 2068.89
0.35 13065.9 -2139.83 -14884 5815.55 38610.2 -1828.13 -13065.9 2139.83 14884 603.924 587.557 1828.13
0.36 10683.7 -1726.05 -13342.5 4834.72 32831.8 -1702.27 -10683.7 1726.05 13342.5 343.413 -780.629 1702.27
0.37 8808.62 -1775.05 -11823.9 4796.55 28076.9 -1724.68 -8808.62 1775.05 11823.9 528.615 -1650.99 1724.68
0.38 7715.09 -2164.6 -10286.8 5577.2 24859 -1885.09 -7715.09 2164.6 10286.8 916.601 -1713.68 1885.09
0.39 7223.08 -2656.56 -8746.37 6813.46 22998.7 -2145.59 -7223.08 2656.56 8746.37 1156.23 -1329.5 2145.59
0.4 6994.96 -3160.06 -7462.19 8295.25 22033.2 -2464.93 -6994.96 3160.06 7462.19 1184.93 -1048.31 2464.93
0.41 6876.07 -3761.91 -6659.39 10027.6 21759 -2815.61 -6876.07 3761.91 6659.39 1258.1 -1130.81 2815.61
0.42 7127.82 -4514.24 -6381.66 11941 22559.6 -3176.57 -7127.82 4514.24 6381.66 1601.73 -1176.11 3176.57
0.43 8104.25 -5258.51 -6607.61 13662 24860.6 -3505.68 -8104.25 5258.51 6607.61 2113.49 -547.883 3505.68
0.44 9718.95 -5709.45 -7171.79 14671.4 28356.1 -3738.69 -9718.95 5709.45 7171.79 2456.98 800.726 3738.69
0.45 11406.3 -5704.26 -7867.43 14691.7 31922.6 -3808.43 -11406.3 5704.26 7867.43 2421.09 2296.37 3808.43
0.46 12445.5 -5330.01 -8600.13 13868.2 34173.2 -3673.65 -12445.5 5330.01 8600.13 2121.81 3163.39 3673.65
0.47 12541.6 -4790.79 -9160.24 12539.1 34412 -3335.25 -12541.6 4790.79 9160.24 1833.25 3212.68 3335.25
0.48 11953.5 -4175.06 -9241.82 10855.8 32834.1 -2813.45 -11953.5 4175.06 9241.82 1669.42 3026.51 2813.45
0.49 11000 -3380.21 -8707.14 8658.54 29843.7 -2126.83 -11000 3380.21 8707.14 1482.08 3156.29 2126.83
0.5 9674.67 -2254.99 -7538.69 5705.39 25435 -1286.98 -9674.67 2254.99 7538.69 1059.59 3589.03 1286.98
0.51 7580.72 -781.83 -5850.09 1975.31 19068.1 -313.362 -7580.72 781.83 5850.09 370.182 3674.1 313.362
0.52 4417.39 891.57 -3869.92 -2257.31 10414.5 739.453 -4417.39 -891.57 3869.92 -417.402 2837.69 -739.453
0.53 433.42 2567.86 -1613.78 -6586.7 -22.8183 1789.87 -433.42 -2567.86 1613.78 -1116.88 1323.08 -1789.87
0.54 -3787.07 4109.47 1077.37 -10652.5 -11203.5 2755.52 3787.07 -4109.47 -1077.37 -1675.86 -157.746 -2755.52
0.55 -7759.15 5439.62 4238.37 -14172.1 -22217.2 3578.34 7759.15 -5439.62 -4238.37 -2146.81 -1060.19 -3578.34
0.56 -11479.5 6484.47 7804.78 -16892 -32873.9 4233.72 11479.5 -6484.47 -7804.78 -2561.44 -1564.77 -4233.72
0.57 -15230.3 7159 11571 -18601.3 -43348.8 4703.56 15230.3 -7159 -11571 -2875.73 -2342.05 -4703.56
0.58 -18990.6 7413.91 15172.1 -19217.3 -53341.1 4961.73 18990.6 -7413.91 -15172.1 -3024.47 -3630.62 -4961.73
0.59 -22298.4 7272.58 18365.4 -18831.5 -61866.5 4981.74 22298.4 -7272.58 -18365.4 -2986.28 -5028.81 -4981.74
0.6 -24493.5 6810.88 20991.1 -17649.6 -67665.3 4757.04 24493.5 -6810.88 -20991.1 -2783.03 -5815.23 -4757.04
0.61 -25256.6 6113.68 22803.3 -15891.1 -70107 4325.84 25256.6 -6113.68 -22803.3 -2449.96 -5662.65 -4325.84
0.62 -24846 5259.53 23662.3 -13741.9 -69529.5 3754.86 24846 -5259.53 -23662.3 -2036.7 -5008.36 -3754.86
0.63 -23694.2 4325.41 23555.6 -11358.4 -66659 3110.13 23694.2 -4325.41 -23555.6 -1617.82 -4423.66 -3110.13
0.64 -22050.9 3370.56 22522.6 -8857.96 -62033 2440.01 22050.9 -3370.56 -22522.6 -1253.71 -4119.79 -2440.01
0.65 -19821 2408.86 20780.9 -6300.75 -55686.5 1773.93 19821 -2408.86 -20780.9 -925.843 -3776.36 -1773.93
0.66 -16831.2 1430.36 18544.8 -3740.87 -47569.3 1151.38 16831.2 -1430.36 -18544.8 -550.195 -2924.34 -1151.38
0.67 -13231.7 484.151 15828.7 -1353.79 -38091.6 628.004 13231.7 -484.151 -15828.7 -98.6586 -1603.43 -628.004
0.68 -9411.73 -269 12660.7 503.428 -28014.9 256.06 9411.73 269 -12660.7 303.572 -220.277 -256.06
0.69 -5793 -633.084 9113.68 1442.34 -18163.2 61.9934 5793 633.084 -9113.68 456.91 784.16 -61.9934
0.7 -2558.77 -540.865 5264.59 1326.54 -8982.83 26.502 2558.77 540.865 -5264.59 296.052 1306.53 -26.502
0.71 372.799 -134.34 1376.58 411.873 -554.948 107.209 -372.799 134.34 -1376.58 -8.85289 1673.34 -107.209
0.72 3024.9 346.919 -2226.81 -831.133 6958.22 266.749 -3024.9 -346.919 2226.81 -209.625 2116.48 -266.749
0.73 5281.56 764.485 -5327.98 -2050.1 13221.9 478.673 -5281.56 -764.485 5327.98 -243.354 2622.8 -478.673
0.74 6892.56 1147.54 -7688.43 -3152.11 17740.1 720.945 -6892.56 -1147.54 7688.43 -290.512 2937.53 -720.945
0.75 7662.95 1552.53 -9181.63 -4123.42 20220.3 947.625 -7662.95 -1552.53 9181.63 -534.16 2768.52 -947.625
0.76 7687.44 1891.7 -9919.12 -4782.87 20891.9 1091.77 -7687.44 -1891.7 9919.12 -892.226 2170.39 -1091.77
0.77 7232.06 1955.87 -10033.8 -4808.95 20317.2 1094.3 -7232.06 -1955.87 10033.8 -1058.66 1378.98 -1094.3
0.78 6647.17 1624.24 -9683.4 -4036.49 19238 924.498 -6647.17 -1624.24 9683.4 -836.228 703.56 -924.498
0.79 6170.66 1009.79 -9072.95 -2652.52 18186.3 593.133 -6170.66 -1009.79 9072.95 -376.849 325.713 -593.133
0.8 5804.25 342.022 -8260.88 -1002.59 17312.8 125.553 -5804.25 -342.022 8260.88 -23.4727 99.9451 -125.553
0.81 5484.66 -299.81 -7293.37 811.634 16612.6 -461.854 -5484.66 299.81 7293.37 87.7954 -158.655 461.854
0.82 5153.21 -1088.25 -6319.6 3065.38 16037.8 -1155.01 -5153.21 1088.25 6319.6 199.367 -578.17 1155.01
0.83 4924.01 -2239.35 -5394.33 6064.72 15814.7 -1929.75 -4924.01 2239.35 5394.33 653.341 -1042.62 1929.75
0.84 5054.06 -3712.66 -4562.59 9669.51 16366.5 -2726.89 -5054.06 3712.66 4562.59 1468.46 -1204.36 2726.89
0.85 5675.88 -5164.24 -3970.4 13223.5 17945.9 -3463.92 -5675.88 5164.24 3970.4 2269.21 -918.223 3463.92
0.86 6745.38 -6222.13 -3731.17 15999.6 20529.5 -4069.94 -6745.38 6222.13 3731.17 2666.77 -293.343 4069.94
0.87 8011.55 -6785.61 -4013.57 17695.9 23718.4 -4500.47 -8011.55 6785.61 4013.57 2660.9 316.253 4500.47
0.88 9256.02 -7022.37 -4998.52 18469.4 27126.9 -4743.23 -9256.02 7022.37 4998.52 2597.73 641.206 4743.23
0.89 10505.5 -7087.8 -6566.23 18529.1 30653.3 -4789.98 -10505.5 7087.8 6566.23 2734.34 863.285 4789.98
0.9 11839.5 -6909.17 -8400.44 17804.2 34224.7 -4620.57 -11839.5 6909.17 8400.44 2923.32 1293.88 4620.57
0.91 13224.4 -6288.69 -10203.2 16077.5 37592.3 -4222.41 -13224.4 6288.69 10203.2 2788.58 2080.91 4222.41
0.92 14333 -5191.36 -11691.7 13391.1 40058 -3606.39 -14333 5191.36 11691.7 2182.95 2940.9 3606.39
0.93 14722.5 -3859.82 -12769.7 10193.8 40830.9 -2826.43 -14722.5 3859.82 12769.7 1385.63 3336.43 2826.43
0.94 14265.8 -2605.69 -13491.6 7011.76 39666.1 -1960.74 -14265.8 2605.69 13491.6 805.306 3131.21 1960.74
0.95 13174.1 -1515.59 -13766.7 4009.5 36890 -1075.18 -13174.1 1515.59 13766.7 537.268 2632.2 1075.18
0.96 11821.7 -417.131 -13474.7 960.916 33138.3 -217.372 -11821.7 417.131 13474.7 290.476 2326.92 217.372
0.97 10343.8 852.081 -12605.9 -2318.17 28662.1 581.593 -10343.8 -852.081 12605.9 -238.067 2369.34 -581.593
0.98 8483.67 2182.04 -11137 -5562.1 23122.1 1280.72 -8483.67 -2182.04 11137 -984.021 2328.95 -1280.72
0.99 5991.77 3234.69 -9102.97 -8137.11 16184.9 1822.43 -5991.77 -3234.69 9102.97 -1566.96 1790.45 -1822.43
1 2891.67 3742.63 -6554.48 -9528.66 7930.5 2163.34 -2891.67 -3742.63 6554.48 -1699.22 744.506 -2163.34
1.01 -433.202 3729.89 -3393.63 -9713.92 -945.031 2290.57 433.202 -3729.89 3393.63 -1475.76 -354.575 -2290.57
1.02 -3549.31 3430.57 358.436 -9061.37 -9637.44 2234.54 3549.31 -3430.57 -358.436 -1230.35 -1010.5 -2234.54
1.03 -6373.27 3030.42 4401.16 -7937.68 -17822.3 2045.9 6373.27 -3030.42 -4401.16 -1153.6 -1297.54 -2045.9
1.04 -9019.84 2534.43 8364.32 -6482.78 -25445.6 1761.61 9019.84 -2534.43 -8364.32 -1120.5 -1613.93 -1761.61
1.05 -11556.8 1882.22 11854.3 -4748.54 -32426.1 1410.58 11556.8 -1882.22 -11854.3 -898.136 -2244.27 -1410.58
1.06 -13770.8 1134.79 14593.4 -2946.37 -38283.6 1021.9 13770.8 -1134.79 -14593.4 -458.014 -3028.7 -1021.9
1.07 -15265.7 492.77 16605.3 -1452.69 -42349 647.309 15265.7 -492.77 -16605.3 -25.6178 -3447.97 -647.309
1.08 -15916.3 129.965 17953.9 -554.786 -44443 358.514 15916.3 -129.965 -17953.9 164.89 -3305.87 -358.514
1.09 -15911.7 47.3555 18604.7 -247.297 -44892 208.479 15911.7 -47.3555 -18604.7 105.23 -2843.27 -208.479
1.1 -15591.9 115.189 18584.6 -323.471 -44293.7 218.406 15591.9 -115.189 -18584.6 -22.0971 -2481.93 -218.406
1.11 -15130.8 242.574 17896.5 -653.467 -42960.5 372.704 15130.8 -242.574 -17896.5 -74.2551 -2431.98 -372.704
1.12 -14355.6 477.589 16534.3 -1338.27 -40659.1 643.569 14355.6 -477.589 -16534.3 -94.4941 -2407.66 -643.569
1.13 -13081 940.335 14617.9 -2589.23 -37147.4 1018.64 13081 -940.335 -14617.9 -231.772 -2095.57 -1018.64
1.14 -11298.2 1682.64 12211.1 -4485.59 -32446.2 1483.21 11298.2 -1682.64 -12211.1 -562.334 -1448.23 -1483.21
1.15 -9230.37 2624.56 9343.7 -6853.89 -26998.3 2007.43 9230.37 -2624.56 -9343.7 -1019.79 -692.839 -2007.43
1.16 -7196.09 3604.05 6240.25 -9338.1 -21428.5 2530.3 7196.09 -3604.05 -6240.25 -1474.04 -159.731 -2530.3
1.17 -5313.18 4457.27 3186.82 -11539.7 -16079.6 2970.39 5313.18 -4457.27 -3186.82 -1832.09 140.065 -2970.39
1.18 -3605.61 5055.98 456.637 -13110.4 -11171.8 3268.73 3605.61 -5055.98 -456.637 -2057.5 354.932 -3268.73
1.19 -2077.35 5313.15 -1647.03 -13800.7 -6827.95 3395.26 2077.35 -5313.15 1647.03 -2138.71 595.911 -3395.26
1.2 -764.888 5196.77 -3021.67 -13509.8 -3173.38 3346.14 764.888 -5196.77 3021.67 -2080.54 878.717 -3346.14
1.21 223.39 4741.85 -3755.93 -12310 -373.777 3121.01 -223.39 -4741.85 3755.93 -1915.52 1043.95 -3121.01
1.22 905.138 4021.62 -3922.42 -10385.8 1665.44 2704.14 -905.138 -4021.62 3922.42 -1679.06 1049.98 -2704.14
1.23 1343.27 3090.67 -3681.05 -7914.32 3098.19 2093.66 -1343.27 -3090.67 3681.05 -1357.68 931.62 -2093.66
1.24 1601.96 1967.84 -3216.67 -5008.21 4090.49 1316.2 -1601.96 -1967.84 3216.67 -895.304 715.381 -1316.2
1.25 1767.25 687.293 -2552.24 -1776.78 4804.99 435.099 -1767.25 -687.293 2552.24 -285.101 496.776 -435.099
1.26 1846.1 -651.418 -1708.97 1593.43 5249.62 -466.274 -1846.1 651.418 1708.97 360.827 288.694 466.274
1.27 1885.65 -1918.52 -738.553 4872.04 5518.36 -1327.04 -1885.65 1918.52 738.553 883.535 138.581 1327.04
1.28 1900.1 -3048.02 339.447 7904.66 5654.13 -2106.29 -1900.1 3048.02 -339.447 1239.41 46.1644 2106.29
1.29 1846.92 -4064.28 1331.15 10640.7 5669.94 -2773.8 -1846.92 4064.28 -1331.15 1552.18 -129.173 2773.8
1.3 1787.71 -4978.47 1944.5 12982.3 5777.06 -3292.1 -1787.71 4978.47 -1944.5 1953.07 -413.931 3292.1
1.31 1843.09 -5666.34 2033.01 14625 6265.96 -3607.86 -1843.09 5666.34 -2033.01 2374.04 -736.686 3607.86
1.32 2237.47 -5900.9 1492.24 15142.6 7586.21 -3690.53 -2237.47 5900.9 -1492.24 2560.06 -873.793 3690.53
1.33 3113.71 -5551.12 281.47 14321.2 9982.35 -3546.01 -3113.71 5551.12 -281.47 2332.17 -641.214 3546.01
1.34 4332.88 -4742.88 -1482.64 12414.1 13201.5 -3216.58 -4332.88 4742.88 1482.64 1814.52 -202.834 3216.58
1.35 5657.59 -3783.71 -3697.41 10012.6 16794.3 -2761.75 -5657.59 3783.71 3697.41 1338.56 178.512 2761.75
1.36 6874.41 -2907.04 -6197.28 7620.62 20291.4 -2220.57 -6874.41 2907.04 6197.28 1100.5 331.833 2220.57
1.37 8001.04 -2108.97 -8636.09 5366.66 23607.3 -1624.77 -8001.04 2108.97 8636.09 960.233 395.827 1624.77
1.38 9210.22 -1258.45 -10765.1 3143.01 26910.2 -1013.27 -9210.22 1258.45 10765.1 632.345 720.493 1013.27
1.39 10484.1 -347.004 -12508.9 979.852 30104.6 -443.001 -10484.1 347.004 12508.9 61.1607 1347.64 443.001
1.4 11630.7 424.793 -13851.1 -808.513 32871.3 12.1447 -11630.7 -424.793 13851.1 -465.867 2020.72 -12.1447
1.41 12368.3 835.427 -14874.3 -1885.34 34720.8 305.637 -12368.3 -835.427 14874.3 -620.941 2384.1 -305.637
1.42 12593 882.004 -15548.6 -2234.57 35429.2 427.978 -12593 -882.004 15548.6 -411.442 2349.92 -427.978
1.43 12480.1 773.512 -15594.3 -2143.44 35169.6 398.465 -12480.1 -773.512 15594.3 -177.093 2270.67 -398.465
1.44 12128.4 670.268 -14803.1 -1817.47 33972.3 247.05 -12128.4 -670.268 14803.1 -193.333 2412.92 -247.05
1.45 11440.7 477.78 -13141.1 -1092.38 31619.8 -15.0918 -11440.7 -477.78 13141.1 -340.958 2702.27 15.0918
1.46 10132.9 -42.6062 -10667 369.678 27644.6 -371.725 -10132.9 42.6062 10667 -241.86 2754.18 371.725
1.47 8016.61 -953.524 -7607.9 2578.02 21815 -784.01 -8016.61 953.524 7607.9 282.554 2234.88 784.01
1.48 5321.35 -1979.74 -4192.74 4976 14625.1 -1188.38 -5321.35 1979.74 4192.74 963.239 1338.95 1188.38
1.49 2450.6 -2706.56 -551.114 6774.92 6860.71 -1505.24 -2450.6 2706.56 551.114 1344.75 491.089 1505.24
1.5 -270.114 -2931.24 3044.77 7531.47 -772.022 -1684.73 270.114 2931.24 -3044.77 1262.26 -38.3213 1684.73
1.51 -2801.96 -2785.1 6260.71 7368.25 -8044.32 -1709.63 2801.96 2785.1 -6260.71 987.044 -361.567 1709.63
1.52 -5327.88 -2508.06 8918.55 6644.03 -15108.8 -1579.91 5327.88 2508.06 -8918.55 880.161 -874.855 1579.91
1.53 -7839.31 -2152.07 10930.9 5490.56 -21842.1 -1298.89 7839.31 2152.07 -10930.9 965.636 -1675.82 1298.89
1.54 -10129.6 -1553.37 12360.2 3742.07 -27863.6 -854.132 10129.6 1553.37 -12360.2 918.053 -2525.02 854.132
1.55 -11904.8 -583.987 13362 1286.51 -32632.8 -250.471 11904.8 583.987 -13362 465.451 -3081.67 250.471
1.56 -12989.1 635.411 13870.9 -1631.38 -35780.9 472.195 12989.1 -635.411 -13870.9 -274.855 -3186.39 -472.195
1.57 -13479.9 1819.37 13705.5 -4540.71 -37366.5 1246.15 13479.9 -1819.37 -13705.5 -917.404 -3073.25 -1246.15
1.58 -13463.6 2794.41 12801.8 -7150.89 -37427.8 1989.45 13463.6 -2794.41 -12801.8 -1232.35 -2963.04 -1989.45
1.59 -12944.1 3636.28 11165.5 -9536.77 -35960.8 2648.69 12944.1 -3636.28 -11165.5 -1372.07 -2871.59 -2648.69
1.6 -11856.7 4506.63 8969.01 -11871.3 -32923.8 3193.62 11856.7 -4506.63 -8969.01 -1648.64 -2646.2 -3193.62
1.61 -10152.9 5384.9 6543.85 -14016 -28379.3 3596.27 10152.9 -5384.9 -6543.85 -2138.68 -2079.37 -3596.27
1.62 -8033.45 6010.13 4118.87 -15454.2 -22854.4 3824.44 8033.45 -6010.13 -4118.87 -2576.19 -1245.94 -3824.44
1.63 -5782.44 6100.28 1897.26 -15660.3 -16997.6 3833.73 5782.44 -6100.28 -1897.26 -2640.51 -349.74 -3833.73
1.64 -3671.52 5603.38 135.005 -14517.6 -11437.8 3607.09 3671.52 -5603.38 -135.005 -2292.54 423.202 -3607.09
1.65 -1893.43 4716.73 -1064.43 -12364.8 -6629.37 3170.4 1893.43 -4716.73 1064.43 -1785.38 949.085 -3170.4
1.66 -450.426 3683.72 -1691.33 -9679.12 -2660.34 2576.36 450.426 -3683.72 1691.33 -1372.04 1309.07 -2576.36
1.67 660.378 2610.53 -1765.99 -6767.26 407.543 1889.79 -660.378 -2610.53 1765.99 -1064.34 1573.59 -1889.79
1.68 1466.46 1482.54 -1453 -3751.58 2598.07 1152.03 -1466.46 -1482.54 1453 -696.031 1801.3 -1152.03
1.69 1960.23 310.728 -871.393 -760.234 3874.16 395.363 -1960.23 -310.728 871.393 -171.949 2006.52 -395.363
1.7 2004.23 -791.394 0.391607 1970.38 3992.07 -332.882 -2004.23 791.394 -0.391607 403.8 2020.63 332.882
1.71 1517.83 -1681.59 1118.97 4200.92 2835.51 -972.995 -1517.83 1681.59 -1118.97 843.845 1717.98 972.995
1.72 486.4 -2302.42 2437.03 5839.36 403.49 -1454.96 -486.4 2302.42 -2437.03 1067.9 1055.71 1454.96
1.73 -909.725 -2693.37 3922.78 6934.38 -2923.47 -1741 909.725 2693.37 -3922.78 1145.72 194.291 1741
1.74 -2325.2 -2901.19 5371.83 7525.5 -6440.62 -1836.39 2325.2 2901.19 -5371.83 1178.06 -534.972 1836.39
1.75 -3547.33 -2907.05 6531.56 7538.88 -9612.01 -1765.91 3547.33 2907.05 -6531.56 1182.27 -1029.98 1765.91
1.76 -4483.76 -2649.73 7187.16 6846.87 -12043.2 -1561.92 4483.76 2649.73 -7187.16 1102.34 -1408.11 1561.92
1.77 -5156.55 -2102.31 7077.35 5414.41 -13571.2 -1239.07 5156.55 2102.31 -7077.35 892.517 -1898.47 1239.07
1.78 -5497.8 -1315.05 6119.55 3383.82 -13959.5 -817.301 5497.8 1315.05 -6119.55 561.342 -2533.91 817.301
1.79 -5210.19 -402.671 4485.98 1053.27 -12697.2 -346.862 5210.19 402.671 -4485.98 154.743 -2933.34 346.862
1.8 -4099.28 483.56 2361.39 -1190.67 -9536.97 104.265 4099.28 -483.56 -2361.39 -260.01 -2760.87 -104.265
1.81 -2222.11 1178.49 -54.0173 -2946.77 -4641.86 459.884 2222.11 -1178.49 54.0173 -588.707 -2024.47 -459.884
1.82 62.7005 1546.27 -2578.39 -3903.12 1325.25 676.604 -62.7005 -1546.27 2578.39 -735.699 -1137.15 -676.604
1.83 2359.89 1547.05 -5179.22 -3961.25 7637.51 748.056 -2359.89 -1547.05 5179.22 -679.901 -557.833 -748.056
1.84 4660.24 1263.44 -7763.07 -3274.76 14177 675.611 -4660.24 -1263.44 7763.07 -515.557 -196.28 -675.611
1.85 7160.68 828.507 -10130.7 -2116.3 21095.6 462.634 -7160.68 -828.507 10130.7 -369.223 386.434 -462.634
1.86 9964.16 305.096 -12194.7 -660.624 28389 100.897 -9964.16 -305.096 12194.7 -254.665 1503.45 -100.897
1.87 12777.9 -352.379 -13877.6 1100.44 35402.3 -399.797 -12777.9 352.379 13877.6 -43.3032 2931.5 399.797
1.88 14961.4 -1197.79 -15046 3213.96 40904.7 -988.313 -14961.4 1197.79 15046 379.422 3979.56 988.313
1.89 16112.4 -2165.47 -15591.2 5559.24 44062.4 -1594.37 -16112.4 2165.47 15591.2 937.167 4274.92 1594.37
1.9 16248.6 -3075.9 -15299.8 7832.95 44706.6 -2142.13 -16248.6 3075.9 15299.8 1394.74 4039.07 2142.13
1.91 15674.2 -3783.16 -13978.7 9752.51 43209.7 -2585.53 -15674.2 3783.16 13978.7 1596.96 3812.85 2585.53
1.92 14596.2 -4287.74 -11762.9 11222.1 39914.4 -2905.04 -14596.2 4287.74 11762.9 1641.09 3874.29 2905.04
1.93 12814.7 -4662.65 -8972.82 12235.2 34623.6 -3075.14 -12814.7 4662.65 8972.82 1752.79 3820.53 3075.14
1.94 10119.4 -4870.26 -5938.89 12626.5 27229.1 -3067.32 -10119.4 4870.26 5938.89 1984.25 3129.18 3067.32
1.95 6619.73 -4707.24 -2967.12 12024.7 18126.5 -2848.27 -6619.73 4707.24 2967.12 2097.01 1732.67 2848.27
1.96 2812.9 -3985.9 -144.772 10153.3 8303.83 -2413.15 -2812.9 3985.9 144.772 1804.36 134.866 2413.15
1.97 -694.04 -2770.61 2549.2 7194.02 -1085.75 -1804.99 694.04 2770.61 -2549.2 1117.82 -996.375 1804.99
1.98 -3731.25 -1387.54 4976.38 3779.09 -9605.37 -1084.25 3731.25 1387.54 -4976.38 383.539 -1588.38 1084.25
1.99 -6464.72 -162.92 6991.22 554.581 -17314.1 -315.278 6464.72 162.92 -6991.22 -65.8205 -2080.05 315.278
2 -9044.36 837.861 8523.75 -2255.08 -24252.2 459.921 9044.36 -837.861 -8523.75 -258.505 -2880.89 -459.921
2.01 -11302.2 1782.48 9484.29 -4826.53 -29984.5 1210.98 11302.2 -1782.48 -9484.29 -520.919 -3921.95 -1210.98
2.02 -12701.4 2790.83 9866.05 -7308.01 -33508.5 1886.17 12701.4 -2790.83 -9866.05 -1064.47 -4595.58 -1886.17
2.03 -12881.9 3729.25 9656.66 -9485.92 -34176.8 2425.6 12881.9 -3729.25 -9656.66 -1701.83 -4468.95 -2425.6
2.04 -11903.5 4320.32 8719.2 -10926.6 -32059.2 2769.58 11903.5 -4320.32 -8719.2 -2034.41 -3651.22 -2769.58
2.05 -10155.2 4435.1 7076.33 -11404.8 -27838.9 2891.98 10155.2 -4435.1 -7076.33 -1900.46 -2626.54 -2891.98
2.06 -8088.04 4217.26 4988.2 -11094.7 -22421.4 2814.09 8088.04 -4217.26 -4988.2 -1557.09 -1842.75 -2814.09
2.07 -5825.77 3889.8 2769.62 -10293.5 -16257.2 2568.38 5825.77 -3889.8 -2769.62 -1375.87 -1220.12 -2568.38
2.08 -3353.57 3479.13 786.011 -9030.5 -9634.68 2189.01 3353.57 -3479.13 -786.011 -1406.89 -426.043 -2189.01
2.09 -751.368 2796.86 -717.675 -7062.9 -2958.72 1697.32 751.368 -2796.86 717.675 -1327.67 704.612 -1697.32
2.1 1716.2 1715.28 -1761.57 -4303.05 3152.75 1118.94 -1716.2 -1715.28 1761.57 -842.805 1995.84 -1118.94
2.11 3600.64 415.482 -2377.34 -1179.34 7839.07 514.849 -3600.64 -415.482 2377.34 -67.1076 2962.85 -514.849
2.12 4654.62 -695.051 -2554.56 1525.6 10629.4 -41.8897 -4654.62 695.051 2554.56 559.556 3334.43 41.8897
2.13 4889.76 -1321.15 -2349.77 3232.8 11472.1 -481.559 -4889.76 1321.15 2349.77 730.64 3197.19 481.559
2.14 4468.79 -1506.25 -1746.28 3941.59 10565.2 -767.134 -4468.79 1506.25 1746.28 577.162 2841.15 767.134
2.15 3586.2 -1507.76 -709.856 4045.57 8206.95 -901.534 -3586.2 1507.76 709.856 477.697 2551.65 901.534
2.16 2197.22 -1480.96 690.347 3833.16 4348.27 -888.274 -2197.22 1480.96 -690.347 609.711 2243.39 888.274
2.17 191.498 -1331.99 2432.69 3232.31 -1067.63 -729.267 -191.498 1331.99 -2432.69 763.659 1642.12 729.267
2.18 -2429.47 -883.05 4451.29 2033.3 -7841.95 -422.949 2429.47 883.05 -4451.29 615.844 553.532 422.949
2.19 -5437.77 -128.379 6489.83 264.776 -15365.7 14.5473 5437.77 128.379 -6489.83 120.361 -947.586 -14.5473
2.2 -8281.98 724.733 8295.34 -1738.24 -22457.8 522.392 8281.98 -724.733 -8295.34 -435.962 -2388.1 -522.392
2.21 -10461 1461.19 9637.08 -3626.68 -28039.9 1027.16 10461 -1461.19 -9637.08 -756.896 -3343.24 -1027.16
2.22 -11726.8 2050.43 10263.4 -5307.15 -31462.1 1461.36 11726.8 -2050.43 -10263.4 -844.152 -3718.28 -1461.36
2.23 -12132.9 2599.45 10101.6 -6857.5 -32619.4 1785.12 12132.9 -2599.45 -10101.6 -940.831 -3779.21 -1785.12
2.24 -11918 3136.56 9202.75 -8204.85 -31822.3 1986.63 11918 -3136.56 -9202.75 -1204.83 -3931.65 -1986.63
2.25 -11075.9 3493.05 7629.61 -8972.77 -29075.8 2042.58 11075.9 -3493.05 -7629.61 -1506.38 -4151.84 -2042.58
2.26 -9402.02 3424.36 5596.38 -8703.62 -24169.7 1925.47 9402.02 -3424.36 -5596.38 -1569.46 -4036.38 -1925.47
2.27 -6727.92 2832.85 3327.8 -7229.14 -16989.9 1613.51 6727.92 -2832.85 -3327.8 -1269.4 -3193.83 -1613.51
2.28 -3177.16 1851.09 875.257 -4807.86 -7871.03 1112.82 3177.16 -1851.09 -875.257 -745.396 -1660.46 -1112.82
2.29 695.997 717.447 -1730.52 -1920.33 2145.06 478.699 -695.997 -717.447 1730.52 -232.01 -57.0693 -478.699
2.3 4389.54 -400.711 -4465.38 1034.46 12088.4 -223.114 -4389.54 400.711 4465.38 167.671 1080.16 223.114
2.31 7744.16 -1459.17 -7282.03 3856.99 21462.8 -933.862 -7744.16 1459.17 7282.03 520.509 1769.73 933.862
2.32 10884.3 -2456.94 -9901.64 6452.79 30152.7 -1613.02 -10884.3 2456.94 9901.64 918.029 2500.24 1613.02
2.33 13900.3 -3354.01 -11984.5 8713.7 38001.7 -2232.75 -13900.3 3354.01 11984.5 1348.34 3699.22 2232.75
2.34 16373.8 -4075.5 -13358.5 10510.3 44075.5 -2741.18 -16373.8 4075.5 13358.5 1716.21 5045.94 2741.18
2.35 17647.6 -4563 -13908.6 11745.3 47166.5 -3080 -17647.6 4563 13908.6 1943.69 5776.23 3080
2.36 17350.2 -4791.33 -13612.8 12357.5 46623.4 -3203.94 -17350.2 4791.33 13612.8 2016.47 5427.11 3203.94
2.37 15692 -4742.23 -12560.5 12275.9 42791.9 -3100.81 -15692 4742.23 12560.5 1950.78 4283.98 3100.81
2.38 13364.9 -4392.03 -10798.4 11415.4 36898.5 -2806.03 -13364.9 4392.03 10798.4 1760.67 3196.28 2806.03
2.39 10818.3 -3738.38 -8485.58 9746.14 29856.9 -2360.57 -10818.3 3738.38 8485.58 1469 2598.08 2360.57
2.4 7993.08 -2824.42 -5967.76 7358.42 21843.6 -1798.64 -7993.08 2824.42 5967.76 1114.85 2135.68 1798.64
2.41 4628.78 -1723.92 -3489.54 4453.46 12741.4 -1148.57 -4628.78 1723.92 3489.54 718.308 1144.92 1148.57
2.42 725.939 -517.906 -1150.47 1297.43 2784.19 -442.756 -725.939 517.906 1150.47 256.29 -606.372 442.756
2.43 -3109.32 689.264 1032.15 -1785.39 -6862.9 250.721 3109.32 -689.264 -1032.15 -282.397 -2465.05 -250.721
2.44 -6161.8 1738.28 3140.2 -4405.17 -14891 855.297 6161.8 -1738.28 -3140.2 -809.662 -3594.4 -855.297
2.45 -8154.82 2448.12 5091.59 -6191.63 -20674 1311.39 8154.82 -2448.12 -5091.59 -1152.72 -3790.47 -1311.39
2.46 -9298.96 2729.05 6568.51 -6981.32 -24320.5 1590.82 9298.96 -2729.05 -6568.51 -1205.84 -3576.39 -1590.82
2.47 -9977.45 2664.8 7339.9 -6933.72 -26272.9 1704.61 9977.45 -2664.8 -7339.9 -1060.68 -3659.43 -1704.61
2.48 -10125.4 2443.74 7319.37 -6399.1 -26347.6 1660.85 10125.4 -2443.74 -7319.37 -932.128 -4028.65 -1660.85
2.49 -9308.99 2178.16 6534.8 -5611.17 -23907.5 1460.71 9308.99 -2178.16 -6534.8 -923.301 -4019.49 -1460.71
2.5 -7267.67 1801.83 5192.94 -4510.19 -18719.9 1111.6 7267.67 -1801.83 -5192.94 -895.308 -3083.14 -1111.6
2.51 -4251.39 1175.09 3477.54 -2902.53 -11408.6 639.142 4251.39 -1175.09 -3477.54 -622.741 -1345.55 -639.142
2.52 -1043.4 292.175 1505.03 -794.893 -3500.96 112.142 1043.4 -292.175 -1505.03 -81.6325 370.756 -112.142
2.53 1692.49 -648.474 -463.343 1473.36 3656.91 -392.157 -1692.49 648.474 463.343 472.062 1420.55 392.157
2.54 3818.37 -1403.64 -2153.67 3455.93 9571.19 -815.172 -3818.37 1403.64 2153.67 754.985 1883.91 815.172
2.55 5534.63 -1893.88 -3427.23 4919.37 14306.9 -1122.83 -5534.63 1893.88 3427.23 762.265 2297.01 1122.83
2.56 7035.46 -2211.67 -4205.99 5878.22 18020.8 -1307.12 -7035.46 2211.67 4205.99 756.772 3085.56 1307.12
2.57 8075.49 -2416.93 -4559.77 6318.8 20242.6 -1347.17 -8075.49 2416.93 4559.77 931.978 3983.92 1347.17
2.58 8188.52 -2376.9 -4613.01 5989.22 20204.2 -1215.31 -8188.52 2376.9 4613.01 1141.49 4361.31 1215.31
2.59 7145.36 -1872.28 -4285.61 4579.77 17553.5 -900.792 -7145.36 1872.28 4285.61 1037.06 3882.64 900.792
2.6 5082.23 -872.101 -3440.9 2136.52 12505.3 -421.08 -5082.23 872.101 3440.9 479.78 2741.42 421.08
2.61 2470.12 346.874 -2031.72 -784.576 5865.87 160.928 -2470.12 -346.874 2031.72 -256.044 1544.48 -160.928
2.62 -341.159 1405.94 -44.2388 -3470.23 -1671.66 776.128 341.159 -1405.94 44.2388 -747.602 648.186 -776.128
2.63 -3294.66 2149.89 2361.72 -5579.32 -9789.24 1373.66 3294.66 -2149.89 -2361.72 -870.353 -94.7358 -1373.66
2.64 -6400.42 2732.93 4880.35 -7288.21 -18172.1 1916.26 6400.42 -2732.93 -4880.35 -910.589 -1029.12 -1916.26
2.65 -9571 3368.76 7272 -8901.03 -26350.3 2377.05 9571 -3368.76 -7272 -1205.25 -2362.65 -2377.05
2.66 -12372.9 4031.13 9276.14 -10369.4 -33331.7 2706.72 12372.9 -4031.13 -9276.14 -1723.94 -3787.06 -2706.72
2.67 -14255.5 4446.37 10638.2 -11257.2 -38010.5 2849.78 14255.5 -4446.37 -10638.2 -2081.93 -4755.92 -2849.78
2.68 -14913.5 4377.81 11302.6 -11163 -39784.3 2776.17 14913.5 -4377.81 -11302.6 -1970.41 -4956.09 -2776.17
2.69 -14370.5 3865.43 11286.6 -10095.6 -38636.7 2488.87 14370.5 -3865.43 -11286.6 -1500.7 -4474.92 -2488.87
2.7 -13004.9 3146.97 10626.1 -8378.25 -35207.1 2033.38 13004.9 -3146.97 -10626.1 -1062.66 -3807.53 -2033.38
2.71 -11142.1 2369.69 9456.42 -6239.06 -30115.4 1457.76 11142.1 -2369.69 -9456.42 -870.001 -3311.1 -1457.76
2.72 -8816.34 1447.52 7839.76 -3612.43 -23551.8 794.615 8816.34 -1447.52 -7839.76 -730.126 -2897.18 -794.615
2.73 -5899.27 236.795 5775.37 -405.665 -15504.5 77.0089 5899.27 -236.795 -5775.37 -304.719 -2193.29 -77.0089
2.74 -2278.89 -1183.87 3367.83 3098.74 -5979.44 -655.616 2278.89 1183.87 -3367.83 452.886 -857.227 655.616
2.75 1751.03 -2473.95 692.752 6222.04 4356.69 -1332.72 -1751.03 2473.95 -692.752 1199.79 896.408 1332.72
2.76 5592.84 -3296.53 -2197.44 8333.43 14324.7 -1877.8 -5592.84 3296.53 2197.44 1556.16 2453.83 1877.8
2.77 8743.25 -3598.99 -5101.58 9300.86 22882.3 -2244.08 -8743.25 3598.99 5101.58 1496.1 3347.48 2244.08
2.78 11007.4 -3602.92 -7773.36 9474.2 29426.3 -2415.71 -11007.4 3602.92 7773.36 1334.55 3596.04 2415.71
2.79 12588.6 -3530.54 -9932.63 9244.89 34019.2 -2410.53 -12588.6 3530.54 9932.63 1346.73 3746.66 2410.53
2.8 13628.7 -3381.09 -11247.2 8673.2 36716.9 -2243.04 -13628.7 3381.09 11247.2 1470.07 4169.33 2243.04
2.81 13916.4 -2988.59 -11621.2 7551.71 37133.4 -1915.77 -13916.4 2988.59 11621.2 1414.07 4615.78 1915.77
2.82 13104.4 -2260.48 -11217.1 5762.63 34826.6 -1445.78 -13104.4 2260.48 11217.1 1018.79 4486.47 1445.78
2.83 11039.4 -1309.83 -10216.7 3492.37 29728 -871.005 -11039.4 1309.83 10216.7 437.117 3390.11 871.005
2.84 8160.42 -349.701 -8809.94 1094.12 22740.8 -265.965 -8160.42 349.701 8809.94 -45.0171 1740.41 265.965
2.85 5206.89 496.96 -7111.48 -1180.72 15255.6 289.55 -5206.89 -496.96 7111.48 -310.161 365.101 -289.55
2.86 2610.5 1243.11 -5105.46 -3246.75 8150.2 745.673 -2610.5 -1243.11 5105.46 -482.593 -318.703 -745.673
2.87 309.897 1908.56 -2896.64 -5003.57 1548.69 1075.29 -309.897 -1908.56 2896.64 -722.1 -618.997 -1075.29
2.88 -2077.7 2396.32 -688.879 -6180.46 -4952.88 1271.36 2077.7 -2396.32 688.879 -1008.5 -1280.21 -1271.36
2.89 -4588.58 2531.42 1417.41 -6433 -11242.6 1316.2 4588.58 -2531.42 -1417.41 -1161.28 -2523.1 -1316.2
2.9 -6684.99 2214.99 3320.9 -5603.96 -16313.1 1183.41 6684.99 -2214.99 -3320.9 -1041.01 -3741.89 -1183.41
2.91 -7734.49 1518.93 4897.67 -3870.31 -19053.9 872.88 7734.49 -1518.93 -4897.67 -686.495 -4149.58 -872.88
2.92 -7487.1 630.379 6027.14 -1636.44 -18958.8 414.94 7487.1 -630.379 -6027.14 -254.695 -3502.53 -414.94
2.93 -6350.85 -275.951 6452.67 697.044 -16605.8 -122.951 6350.85 275.951 -6452.67 130.809 -2446.72 122.951
2.94 -4906.16 -1108.16 5973.27 2876.59 -12953.6 -670.046 4906.16 1108.16 -5973.27 447.886 -1764.85 670.046
2.95 -3308.73 -1837.65 4709.62 4786.41 -8391.44 -1182.82 3308.73 1837.65 -4709.62 726.546 -1534.73 1182.82
2.96 -1349.17 -2453.91 2944.19 6378.21 -2860.77 -1628.33 1349.17 2453.91 -2944.19 983.52 -1186.74 1628.33
2.97 1189.54 -2945.18 995.379 7622.63 3679.73 -1978.13 -1189.54 2945.18 -995.379 1212.92 -111.118 1978.13
2.98 3999.71 -3290.05 -856.279 8471.31 10487.6 -2186.35 -3999.71 3290.05 856.279 1398.84 1511.49 2186.35
2.99 6351.38 -3436.73 -2560.2 8808.84 16202.9 -2201.84 -6351.38 3436.73 2560.2 1501.34 2851.24 2201.84
3 7742.18 -3298.71 -4135.66 8448.32 19911.4 -2008.34 -7742.18 3298.71 4135.66 1447.8 3315.19 2008.34
3.01 8185.68 -2805.34 -5461.93 7229.91 21534.4 -1624.15 -8185.68 2805.34 5461.93 1186.11 3022.68 1624.15
3.02 8143.64 -1975.33 -6434.45 5163.94 21724.9 -1100.64 -8143.64 1975.33 6434.45 762.058 2706 1100.64
3.03 7929.88 -926.42 -6979.4 2470.97 20953.9 -489.914 -7929.88 926.42 6979.4 308.292 2835.73 489.914
3.04 7328.38 204.898 -6994.77 -534.595 18872.1 177.543 -7328.38 -204.898 6994.77 -80.1 3113 -177.543
3.05 5934.42 1343.45 -6467.35 -3584.86 14891.7 866.903 -5934.42 -1343.45 6467.35 -445.481 2911.59 -866.903
3.06 3550.86 2451.88 -5364.43 -6458.94 8779.82 1531.91 -3550.86 -2451.88 5364.43 -896.697 1872.77 -1531.91
3.07 516.739 3432.32 -3578.89 -8873.34 1179.92 2103.23 -516.739 -3432.32 3578.89 -1423.62 370.295 -2103.23
3.08 -2535.84 4099.49 -1189.33 -10469.8 -6717.12 2508.87 2535.84 -4099.49 1189.33 -1828.67 -890.411 -2508.87
3.09 -5223.25 4303.47 1548.15 -11009.3 -14068.5 2715.67 5223.25 -4303.47 -1548.15 -1901.05 -1601.24 -2715.67
3.1 -7479.08 4083.41 4339.88 -10590.9 -20480.1 2722.52 7479.08 -4083.41 -4339.88 -1659.31 -1957.16 -2722.52
3.11 -9444.38 3655 6829.54 -9602.63 -25900.3 2552.71 9444.38 -3655 -6829.54 -1362.39 -2432.86 -2552.71
3.12 -11099.3 3204.73 8779.65 -8379.42 -30124 2226.91 11099.3 -3204.73 -8779.65 -1234.76 -3173.98 -2226.91
3.13 -12126.3 2703.37 10166.4 -6905.03 -32557.9 1751.29 12126.3 -2703.37 -10166.4 -1205.07 -3821.05 -1751.29
3.14 -12249.4 1961.2 10972.9 -4903.07 -32785.1 1151.6 12249.4 -1961.2 -10972.9 -980.539 -3963.28 -1151.6
3.15 -11399.3 883.419 11211.9 -2249.19 -30764.5 478.886 11399.3 -883.419 -11211.9 -401.064 -3433.33 -478.886
3.16 -9839.21 -358.039 10964.4 742.122 -26983.2 -189.218 9839.21 358.039 -10964.4 331.996 -2534.47 189.218
3.17 -7963.37 -1440.37 10203.2 3482.54 -22161.5 -774.008 7963.37 1440.37 -10203.2 838.566 -1728.55 774.008
3.18 -5944.75 -2169.32 8873.84 5545.91 -16656.7 -1234.16 5944.75 2169.32 -8873.84 962.046 -1177.5 1234.16
3.19 -3774.34 -2603.4 6996.57 6887.24 -10570.4 -1551.44 3774.34 2603.4 -6996.57 922.95 -752.618 1551.44
3.2 -1318.38 -2884.99 4576.47 7622.93 -3847.83 -1719.03 1318.38 2884.99 -4576.47 1032.04 -107.324 1719.03
3.21 1405.32 -2992.34 1746.8 7683.21 3316.21 -1723.07 -1405.32 2992.34 -1746.8 1293.8 899.746 1723.07
3.22 4060.49 -2727.17 -1183.24 6804.22 10177.6 -1541.99 -4060.49 2727.17 1183.24 1377.3 2003.85 1541.99
3.23 6227.35 -1969.85 -3956.64 4903.65 15875 -1186.14 -6227.35 1969.85 3956.64 1005.9 2807.06 1186.14
3.24 7561.34 -898.85 -6344.95 2383.33 19691.3 -700.035 -7561.34 898.85 6344.95 313.223 2992.74 700.035
3.25 8056.58 107.663 -8114.18 -58.5613 21481.3 -154.316 -8056.58 -107.663 8114.18 -264.427 2688.39 154.316
3.26 7997.11 803.881 -9172.04 -1961.23 21665.2 380.849 -7997.11 -803.881 9172.04 -450.417 2326.14 -380.849
3.27 7599.12 1274.21 -9487.64 -3409.38 20628.7 867.266 -7599.12 -1274.21 9487.64 -413.26 2168.62 -867.266
3.28 6905.17 1770.95 -9080.31 -4770.9 18570.1 1276.6 -6905.17 -1770.95 9080.31 -541.946 2145.42 -1276.6
3.29 5741.79 2375.52 -8164.14 -6154.81 15395.5 1577.29 -5741.79 -2375.52 8164.14 -971.765 1829.91 -1577.29
3.3 4033.19 2867.12 -6948.31 -7190.13 11128.8 1726.57 -4033.19 -2867.12 6948.31 -1411.22 970.814 -1726.57
3.31 2064.72 2939.78 -5472.35 -7353.72 6345.05 1680.07 -2064.72 -2939.78 5472.35 -1465.63 -150.88 -1680.07
3.32 252.474 2510.86 -3732.73 -6457.56 1776.83 1433.5 -252.474 -2510.86 3732.73 -1075 -1019.4 -1433.5
3.33 -1103.27 1773.32 -1693.36 -4758.35 -2030.57 1019.72 1103.27 -1773.32 1693.36 -561.593 -1279.25 -1019.72
3.34 -2096.14 956.567 597.102 -2621.14 -5103.57 493.225 2096.14 -956.567 -597.102 -248.558 -1184.86 -493.225
3.35 -3039.1 96.5731 2823.82 -182.067 -7811.56 -93.3199 3039.1 -96.5731 -2823.82 -107.652 -1305.75 93.3199
3.36 -3964.73 -915.678 4641.28 2587.51 -10065.2 -710.742 3964.73 915.678 -4641.28 159.527 -1828.95 710.742
3.37 -4559.3 -2084.69 5867.52 5531.25 -11272.6 -1324.32 4559.3 2084.69 -5867.52 722.83 -2405.27 1324.32
3.38 -4355.96 -3177.27 6390.88 8145.47 -10674.6 -1881.81 4355.96 3177.27 -6390.88 1386.34 -2393.24 1881.81
3.39 -3235.05 -3878.09 6213.14 9851.27 -8096.74 -2316.73 3235.05 3878.09 -6213.14 1782.98 -1608.41 2316.73
3.4 -1633.17 -4062.31 5401.5 10425.7 -4322.89 -2565.78 1633.17 4062.31 -5401.5 1761.25 -576.626 2565.78
3.41 -86.7407 -3879.39 3970.42 10120.3 -337.372 -2608.8 86.7407 3879.39 -3970.42 1517.88 77.1502 2608.8
3.42 1151.32 -3564.44 2078.24 9346.71 3290.58 -2459.54 -1151.32 3564.44 -2078.24 1346.59 163.372 2459.54
3.43 2283.96 -3197.66 45.2074 8279.24 6685.18 -2145.51 -2283.96 3197.66 -45.2074 1313.75 166.693 2145.51
3.44 3615.26 -2668.35 -1910.34 6781.17 10197.9 -1691.34 -3615.26 2668.35 1910.34 1223.89 647.843 1691.34
3.45 5040.43 -1850.91 -3686.66 4674.69 13586.9 -1108.63 -5040.43 1850.91 3686.66 878.043 1534.35 1108.63
3.46 6158.02 -774.126 -5283.39 2017.89 16195.4 -430.12 -6158.02 774.126 5283.39 304.483 2278.66 430.12
3.47 6597.17 391.165 -6785.89 -888.851 17438.5 281.697 -6597.17 -391.165 6785.89 -284.645 2352.99 -281.697
3.48 6393.62 1473.74 -8089.57 -3701.9 17316.5 948.394 -6393.62 -1473.74 8089.57 -719.324 1864.35 -948.394
3.49 5938.56 2393.25 -8894.04 -6175.65 16383.4 1497.27 -5938.56 -2393.25 8894.04 -1004.09 1432.25 -1497.27
3.5 5438.22 3120.04 -8986.17 -8124.73 14903.4 1895.75 -5438.22 -3120.04 8986.17 -1235.38 1411.22 -1895.75
3.51 4750.91 3593.64 -8261.13 -9336.63 12633 2135.68 -4750.91 -3593.64 8261.13 -1444.29 1619.73 -2135.68
3.52 3530.22 3720.1 -6746.18 -9603.36 9097.28 2211.45 -3530.22 -3720.1 6746.18 -1556.94 1493.37 -2211.45
3.53 1646.56 3448.62 -4649.62 -8857.69 4195.97 2113.11 -1646.56 -3448.62 4649.62 -1488.18 743.718 -2113.11
3.54 -536.897 2828.57 -2156.53 -7254.48 -1344.26 1827.86 536.897 -2828.57 2156.53 -1231.23 -266.431 -1827.86
3.55 -2529.08 1985.47 570.571 -5106.38 -6576.43 1376.62 2529.08 -1985.47 -570.571 -850.018 -1010.81 -1376.62
3.56 -4042.92 1056.14 3247.93 -2747.29 -10899.2 817.669 4042.92 -1056.14 -3247.93 -421.119 -1229.56 -817.669
3.57 -5159.88 150.128 5635.29 -442.148 -14296.8 224.314 5159.88 -150.128 -5635.29 -8.23547 -1182.83 -224.314
3.58 -6149.8 -656.223 7605.55 1634.92 -17124.9 -336.754 6149.8 656.223 -7605.55 333.748 -1324.46 336.754
3.59 -7049.04 -1327.63 9068.56 3404.02 -19425.7 -831.014 7049.04 1327.63 -9068.56 578.876 -1721.39 831.014
3.6 -7692.14 -1877.24 10062.3 4868.12 -20945.7 -1234.41 7692.14 1877.24 -10062.3 763.594 -2130.74 1234.41
3.61 -7863.7 -2331.31 10640.8 6036.18 -21375.3 -1512.73 7863.7 2331.31 -10640.8 957.754 -2215.83 1512.73
3.62 -7497.99 -2653.63 10699.3 6797.82 -20589.9 -1625.83 7497.99 2653.63 -10699.3 1163.08 -1904.1 1625.83
3.63 -6766.75 -2714.12 10136.8 6885.73 -18829.8 -1539.22 6766.75 2714.12 -10136.8 1256.63 -1470.49 1539.22
3.64 -5804.87 -2373.06 8909.74 6031.18 -16294 -1259.75 5804.87 2373.06 -8909.74 1087.99 -1120.6 1259.75
3.65 -4658.4 -1621.85 6982.15 4210.47 -13066.1 -833.223 4658.4 1621.85 -6982.15 655.077 -909.052 833.223
3.66 -3296.95 -626.945 4489.33 1732.65 -9198.27 -316.387 3296.95 626.945 -4489.33 148.185 -692.584 316.387
3.67 -1687.98 390.884 1704.64 -946.427 -4776.15 240.471 1687.98 -390.884 -1704.64 -226.225 -287.777 -240.471
3.68 22.9192 1319.2 -1104.35 -3497.68 -194.353 808.051 -22.9192 -1319.2 1104.35 -459.93 263.111 -808.051
3.69 1638.42 2173.05 -3610.06 -5787.63 4064.47 1351.76 -1638.42 -2173.05 3610.06 -731.533 850.782 -1351.76
3.7 2954.39 2950.42 -5551.96 -7696.01 7573.52 1814.91 -2954.39 -2950.42 5551.96 -1155.24 1289.65 -1814.91
3.71 3831.35 3512.55 -6897.74 -8955.19 10042.2 2134.09 -3831.35 -3512.55 6897.74 -1582.45 1451.87 -2134.09
3.72 4317.54 3663.4 -7671.79 -9269.93 11536.5 2257.8 -4317.54 -3663.4 7671.79 -1720.28 1416.14 -2257.8
3.73 4518.38 3357.9 -7904.25 -8613.72 12252.7 2177.9 -4518.38 -3357.9 7904.25 -1459.99 1302.44 -2177.9
3.74 4572.21 2784.82 -7665.29 -7325.36 12421.5 1920.92 -4572.21 -2784.82 7665.29 -1029.11 1295.15 -1920.92
3.75 4512.7 2191.77 -6936.94 -5818.41 12122.6 1517.83 -4512.7 -2191.77 6936.94 -756.884 1415.51 -1517.83
3.76 4183.44 1627.61 -5712.95 -4182.41 11107.4 994.361 -4183.44 -1627.61 5712.95 -700.423 1442.97 -994.361
3.77 3452.85 903.482 -4112.6 -2137.2 9161.74 368.398 -3452.85 -903.482 4112.6 -573.246 1196.82 -368.398
3.78 2304.26 -159.399 -2204.23 563.56 6288.1 -321.381 -2304.26 159.399 2204.23 -85.3626 624.691 321.381
3.79 946.257 -1463.4 -32.9431 3703.93 2856.23 -1004.48 -946.257 1463.4 32.9431 686.261 -17.4593 1004.48
3.8 -315.176 -2657.55 2238.03 6635.81 -536.575 -1603.54 315.176 2657.55 -2238.03 1336.83 -408.953 1603.54
3.81 -1371.83 -3435.39 4392.91 8751.05 -3562.65 -2056.23 1371.83 3435.39 -4392.91 1555.13 -552.848 2056.23
3.82 -2264.17 -3776.9 6118.75 9885.35 -6124.95 -2339.32 2264.17 3776.9 -6118.75 1445.35 -667.559 2339.32
3.83 -3075.52 -3869.48 7061.69 10235.9 -8201.19 -2454.26 3075.52 3869.48 -7061.69 1372.57 -1025.36 2454.26
3.84 -3715.45 -3819.36 7138.46 9946.57 -9589.68 -2398.31 3715.45 3819.36 -7138.46 1511.52 -1556.68 2398.31
3.85 -3899.28 -3507.92 6512.82 8891.63 -9845.07 -2165.06 3899.28 3507.92 -6512.82 1632.12 -1852.77 2165.06
3.86 -3497.58 -2766.93 5380.02 6922.29 -8808.79 -1753.03 3497.58 2766.93 -5380.02 1378.49 -1683.96 1753.03
3.87 -2641.51 -1656.57 3931.41 4255.87 -6762.14 -1194.1 2641.51 1656.57 -3931.41 713.85 -1162.39 1194.1
3.88 -1657.78 -497.755 2236.14 1490.4 -4253.88 -557.692 1657.78 497.755 -2236.14 2.86128 -719.472 557.692
3.89 -765.124 402.116 259.516 -833.766 -1668.23 80.9607 765.124 -402.116 -259.516 -372.583 -627.144 -80.9607
3.9 183.031 1023.21 -1885.21 -2650.67 1186.64 661.615 -183.031 -1023.21 1885.21 -418.954 -637.552 -661.615
3.91 1429.38 1590.97 -4006.45 -4284.71 4653.19 1153.25 -1429.38 -1590.97 4006.45 -488.21 -365.036 -1153.25
3.92 3034.85 2263.91 -5994.13 -5949.22 8737.02 1535.23 -3034.85 -2263.91 5994.13 -842.51 367.515 -1535.23
3.93 4720.87 2906.81 -7726.92 -7385.14 12900.4 1772.88 -4720.87 -2906.81 7726.92 -1335.3 1262.26 -1772.88
3.94 6037.91 3201.75 -9087.65 -8034.74 16291.8 1829.02 -6037.91 -3201.75 9087.65 -1570.52 1821.9 -1829.02
3.95 6792.9 2962.05 -9942.61 -7544.21 18434.9 1681.74 -6792.9 -2962.05 9942.61 -1341.95 1943.77 -1681.74
3.96 7059.2 2296.77 -10025.4 -6046.93 19310.3 1349.65 -7059.2 -2296.77 10025.4 -843.379 1867.27 -1349.65
3.97 7003.01 1464.8 -9164.47 -3966.57 19079.7 889.022 -7003.01 -1464.8 9164.47 -427.839 1929.3 -889.022
3.98 6646.88 615.852 -7480.75 -1628.01 17784.2 358.926 -6646.88 -615.852 7480.75 -219.546 2156.48 -358.926
3.99 5799.07 -280.198 -5234.11 868.128 15208.5 -194.414 -5799.07 280.198 5234.11 -27.5341 2188.69 194.414
4 4381.74 -1263.66 -2744.54 3422.51 11341.1 -740.666 -4381.74 1263.66 2744.54 368.478 1804.16 740.666
