0.01 0 3.12204 -0.993814 -0.0601546 2.48454 7.80509 0 -3.12204 0.993814 0.0601546 2.48454 7.80509
0.02 0 31.5559 -9.01968 -0.375343 22.5492 78.8897 0 -31.5559 9.01968 0.375343 22.5492 78.8897
0.03 0 146.124 -41.2796 -1.15176 103.199 365.31 0 -146.124 41.2796 1.15176 103.199 365.31
0.04 0 403.655 -129.09 -2.46019 322.725 1009.14 0 -403.655 129.09 2.46019 322.725 1009.14
0.05 0 761.828 -312.917 -4.26489 782.293 1904.57 0 -761.828 312.917 4.26489 782.293 1904.57
0.06 0 1068.02 -628.556 -6.43001 1571.39 2670.06 0 -1068.02 628.556 6.43001 1571.39 2670.06
0.07 0 1165.93 -1089.89 -8.78526 2724.73 2914.83 0 -1165.93 1089.89 8.78526 2724.73 2914.83
0.08 0 1026.17 -1677.99 -11.2228 4194.97 2565.44 0 -1026.17 1677.99 11.2228 4194.97 2565.44
0.09 3.90313e-11 775.175 -2342.05 -13.6752 5855.11 1937.94 -3.90313e-11 -775.175 2342.05 13.6752 5855.11 1937.94
0.1 0 579.23 -3011.48 -16.1172 7528.69 1448.07 0 -579.23 3011.48 16.1172 7528.69 1448.07
0.11 0 520.837 -3613.89 -18.4943 9034.74 1302.09 0 -520.837 3613.89 18.4943 9034.74 1302.09
0.12 0 576.627 -4091.1 -20.6572 10227.7 1441.57 0 -576.627 4091.1 20.6572 10227.7 1441.57
0.13 0 684.101 -4407.93 -22.4025 11019.8 1710.25 0 -684.101 4407.93 22.4025 11019.8 1710.25
0.14 0 806.791 -4553.64 -23.4735 11384.1 2016.98 0 -806.791 4553.64 23.4735 11384.1 2016.98
0.15 0 912.7 -4535.48 -23.6441 11338.7 2281.75 0 -912.7 4535.48 23.6441 11338.7 2281.75
0.16 0 936.999 -4366.69 -22.7895 10916.7 2342.5 0 -936.999 4366.69 22.7895 10916.7 2342.5
0.17 7.80626e-11 810.735 -4055.03 -20.8941 10137.6 2026.84 -7.80626e-11 -810.735 4055.03 20.8941 10137.6 2026.84
0.18 0 538.298 -3598.48 -18.1071 8996.19 1345.74 0 -538.298 3598.48 18.1071 8996.19 1345.74
0.19 0 241.781 -2992 -14.6796 7479.99 604.452 0 -241.781 2992 14.6796 7479.99 604.452
0.2 0 81.4192 -2243.23 -10.9014 5608.08 203.548 0 -81.4192 2243.23 10.9014 5608.08 203.548
0.21 -3.90313e-11 125.779 -1386.08 -7.04907 3465.2 314.446 3.90313e-11 -125.779 1386.08 7.04907 3465.2 314.446
0.22 9.75782e-12 302.006 -482.272 -3.29209 1205.68 755.016 -9.75782e-12 -302.006 482.272 3.29209 1205.68 755.016
0.23 -4.87891e-12 461.098 390.234 0.268106 -975.586 1152.75 4.87891e-12 -461.098 -390.234 -0.268106 -975.586 1152.75
0.24 -1.95156e-11 499.183 1156.08 3.57173 -2890.19 1247.96 1.95156e-11 -499.183 -1156.08 -3.57173 -2890.19 1247.96
0.25 0 401.122 1759.61 6.56165 -4399.02 1002.81 0 -401.122 -1759.61 -6.56165 -4399.02 1002.81
0.26 -3.90313e-11 197.726 2173.93 9.11363 -5434.83 494.316 3.90313e-11 -197.726 -2173.93 -9.11363 -5434.83 494.316
0.27 3.90313e-11 -74.5281 2402.25 11.0884 -6005.62 -186.32 -3.90313e-11 74.5281 -2402.25 -11.0884 -6005.62 -186.32
0.28 0 -371.137 2472.8 12.348 -6182 -927.842 0 371.137 -2472.8 -12.348 -6182 -927.842
0.29 0 -607.561 2427.34 12.8133 -6068.35 -1518.9 0 607.561 -2427.34 -12.8133 -6068.35 -1518.9
0.3 3.90313e-11 -689.017 2306.25 12.5428 -5765.63 -1722.54 -3.90313e-11 689.017 -2306.25 -12.5428 -5765.63 -1722.54
0.31 -3.90313e-11 -598.709 2136.68 11.7034 -5341.71 -1496.77 3.90313e-11 598.709 -2136.68 -11.7034 -5341.71 -1496.77
0.32 0 -436.436 1930.16 10.5734 -4825.4 -1091.09 0 436.436 -1930.16 -10.5734 -4825.4 -1091.09
0.33 -1.95156e-11 -361.208 1692.65 9.46123 -4231.62 -903.02 1.95156e-11 361.208 -1692.65 -9.46123 -4231.62 -903.02
0.34 -1.95156e-11 -463.141 1440.17 8.60419 -3600.43 -1157.85 1.95156e-11 463.141 -1440.17 -8.60419 -3600.43 -1157.85
0.35 1.95156e-11 -697.174 1207.36 8.15323 -3018.41 -1742.94 -1.95156e-11 697.174 -1207.36 -8.15323 -3018.41 -1742.94
0.36 -3.90313e-11 -942.644 1042.57 8.11948 -2606.43 -2356.61 3.90313e-11 942.644 -1042.57 -8.11948 -2606.43 -2356.61
0.37 1.95156e-11 -1098.24 992.241 8.42768 -2480.6 -2745.61 -1.95156e-11 1098.24 -992.241 -8.42768 -2480.6 -2745.61
0.38 0 -1131.89 1083.18 8.97775 -2707.95 -2829.73 0 1131.89 -1083.18 -8.97775 -2707.95 -2829.73
0.39 -1.95156e-11 -1047.16 1312.18 9.66073 -3280.45 -2617.9 1.95156e-11 1047.16 -1312.18 -9.66073 -3280.45 -2617.9
0.4 1.95156e-11 -846.081 1645.62 10.4324 -4114.05 -2115.2 -1.95156e-11 846.081 -1645.62 -10.4324 -4114.05 -2115.2
0.41 0 -560.924 2026.46 11.2754 -5066.15 -1402.31 0 560.924 -2026.46 -11.2754 -5066.15 -1402.31
0.42 3.90313e-11 -285.679 2387.05 12.1648 -5967.64 -714.198 -3.90313e-11 285.679 -2387.05 -12.1648 -5967.64 -714.198
0.43 0 -148.685 2665.26 13.0412 -6663.14 -371.713 0 148.685 -2665.26 -13.0412 -6663.14 -371.713
0.44 0 -210.735 2818.68 13.7321 -7046.69 -526.839 0 210.735 -2818.68 -13.7321 -7046.69 -526.839
0.45 3.90313e-11 -387.411 2831.69 14.0057 -7079.24 -968.528 -3.90313e-11 387.411 -2831.69 -14.0057 -7079.24 -968.528
0.46 -3.90313e-11 -509.652 2710.9 13.6186 -6777.26 -1274.13 3.90313e-11 509.652 -2710.9 -13.6186 -6777.26 -1274.13
0.47 0 -454.906 2470.76 12.3867 -6176.89 -1137.26 0 454.906 -2470.76 -12.3867 -6176.89 -1137.26
0.48 0 -237.038 2119.53 10.2857 -5298.81 -592.596 0 237.038 -2119.53 -10.2857 -5298.81 -592.596
0.49 -3.90313e-11 30.3421 1654.68 7.41726 -4136.71 75.8553 3.90313e-11 -30.3421 -1654.68 -7.41726 -4136.71 75.8553
0.5 3.90313e-11 250.358 1069.59 4.00164 -2673.99 625.895 -3.90313e-11 -250.358 -1069.59 -4.00164 -2673.99 625.895
0.51 -3.41524e-11 388.543 367.316 0.31901 -918.29 971.357 3.41524e-11 -388.543 -367.316 -0.31901 -918.29 971.357
0.52 0 441.397 -427.191 -3.38085 1067.98 1103.49 0 -441.397 427.191 3.38085 1067.98 1103.49
0.53 3.90313e-11 393.061 -1263.45 -6.8796 3158.62 982.651 -3.90313e-11 -393.061 1263.45 6.8796 3158.62 982.651
0.54 -3.90313e-11 235.372 -2071.13 -10.0501 5177.81 588.431 3.90313e-11 -235.372 2071.13 10.0501 5177.81 588.431
0.55 3.90313e-11 41.2362 -2773.46 -12.8332 6933.64 103.091 -3.90313e-11 -41.2362 2773.46 12.8332 6933.64 103.091
0.56 0 -46.9387 -3305.08 -15.1741 8262.7 -117.347 0 46.9387 3305.08 15.1741 8262.7 -117.347
0.57 0 77.8715 -3627.53 -17.011 9068.82 194.679 0 -77.8715 3627.53 17.011 9068.82 194.679
0.58 0 381.683 -3736.41 -18.2089 9341.01 954.207 0 -381.683 3736.41 18.2089 9341.01 954.207
0.59 0 693.459 -3657.54 -18.6147 9143.84 1733.65 0 -693.459 3657.54 18.6147 9143.84 1733.65
0.6 0 849.593 -3433.03 -18.139 8582.58 2123.98 0 -849.593 3433.03 18.139 8582.58 2123.98
0.61 0 813.277 -3104.84 -16.79 7762.11 2033.19 0 -813.277 3104.84 16.79 7762.11 2033.19
0.62 0 669.917 -2704.27 -14.7435 6760.67 1674.79 0 -669.917 2704.27 14.7435 6760.67 1674.79
0.63 0 529.331 -2250.47 -12.2736 5626.17 1323.33 0 -529.331 2250.47 12.2736 5626.17 1323.33
0.64 -3.90313e-11 436.687 -1757.09 -9.68991 4392.72 1091.72 3.90313e-11 -436.687 1757.09 9.68991 4392.72 1091.72
0.65 1.95156e-11 398.438 -1242.92 -7.29154 3107.3 996.095 -1.95156e-11 -398.438 1242.92 7.29154 3107.3 996.095
0.66 0 434.352 -739.987 -5.26987 1849.97 1085.88 0 -434.352 739.987 5.26987 1849.97 1085.88
0.67 -1.95156e-11 566.115 -294.654 -3.72371 736.635 1415.29 1.95156e-11 -566.115 294.654 3.72371 736.635 1415.29
0.68 3.65918e-11 758.996 40.187 -2.64434 -100.468 1897.49 -3.65918e-11 -758.996 -40.187 2.64434 -100.468 1897.49
0.69 -3.41524e-11 884.714 221.325 -1.93916 -553.311 2211.78 3.41524e-11 -884.714 -221.325 1.93916 -553.311 2211.78
0.7 1.46367e-11 808.775 232.537 -1.53015 -581.342 2021.94 -1.46367e-11 -808.775 -232.537 1.53015 -581.342 2021.94
0.71 1.09775e-11 515.406 93.3731 -1.35876 -233.433 1288.51 -1.09775e-11 -515.406 -93.3731 1.35876 -233.433 1288.51
0.72 -3.17129e-11 132.868 -145.189 -1.42597 362.971 332.17 3.17129e-11 -132.868 145.189 1.42597 362.971 332.17
0.73 3.41524e-11 -157.525 -416.644 -1.75162 1041.61 -393.812 -3.41524e-11 157.525 416.644 1.75162 1041.61 -393.812
0.74 -1.95156e-11 -266.511 -658.502 -2.28021 1646.26 -666.279 1.95156e-11 266.511 658.502 2.28021 1646.26 -666.279
0.75 0 -234.073 -825.804 -2.8854 2064.51 -585.181 0 234.073 825.804 2.8854 2064.51 -585.181
0.76 1.95156e-11 -151.781 -895.512 -3.33946 2238.78 -379.452 -1.95156e-11 151.781 895.512 3.33946 2238.78 -379.452
0.77 -1.95156e-11 -88.735 -863.573 -3.38334 2158.93 -221.837 1.95156e-11 88.735 863.573 3.38334 2158.93 -221.837
0.78 2.92735e-11 -71.5586 -736.753 -2.82075 1841.88 -178.897 -2.92735e-11 71.5586 736.753 2.82075 1841.88 -178.897
0.79 -9.75782e-12 -130.126 -522.734 -1.53756 1306.84 -325.315 9.75782e-12 130.126 522.734 1.53756 1306.84 -325.315
0.8 -1.21973e-11 -299.486 -222.467 0.422365 556.169 -748.715 1.21973e-11 299.486 222.467 -0.422365 556.169 -748.715
0.81 2.92735e-11 -554.575 171.391 2.89252 -428.478 -1386.44 -2.92735e-11 554.575 -171.391 -2.89252 -428.478 -1386.44
0.82 -2.92735e-11 -787.122 666.077 5.63556 -1665.19 -1967.81 2.92735e-11 787.122 -666.077 -5.63556 -1665.19 -1967.81
0.83 1.95156e-11 -856.698 1253.04 8.37621 -3132.61 -2141.74 -1.95156e-11 856.698 -1253.04 -8.37621 -3132.61 -2141.74
0.84 3.90313e-11 -710.018 1895.66 10.914 -4739.16 -1775.04 -3.90313e-11 710.018 -1895.66 -10.914 -4739.16 -1775.04
0.85 0 -439.423 2529.47 13.119 -6323.67 -1098.56 0 439.423 -2529.47 -13.119 -6323.67 -1098.56
0.86 3.90313e-11 -201.921 3076.68 14.9266 -7691.69 -504.804 -3.90313e-11 201.921 -3076.68 -14.9266 -7691.69 -504.804
0.87 0 -108.691 3468.2 16.3154 -8670.5 -271.727 0 108.691 -3468.2 -16.3154 -8670.5 -271.727
0.88 0 -162.425 3661.02 17.213 -9152.54 -406.063 0 162.425 -3661.02 -17.213 -9152.54 -406.063
0.89 7.80626e-11 -299.273 3644.04 17.5199 -9110.1 -748.184 -7.80626e-11 299.273 -3644.04 -17.5199 -9110.1 -748.184
0.9 0 -463.46 3434.45 17.109 -8586.11 -1158.65 0 463.46 -3434.45 -17.109 -8586.11 -1158.65
0.91 0 -605.364 3068.24 15.8655 -7670.61 -1513.41 0 605.364 -3068.24 -15.8655 -7670.61 -1513.41
0.92 0 -665.409 2588.51 13.7884 -6471.26 -1663.52 0 665.409 -2588.51 -13.7884 -6471.26 -1663.52
0.93 0 -582.721 2034.38 10.9843 -5085.94 -1456.8 0 582.721 -2034.38 -10.9843 -5085.94 -1456.8
0.94 0 -355.257 1433.5 7.70097 -3583.75 -888.142 0 355.257 -1433.5 -7.70097 -3583.75 -888.142
0.95 -1.95156e-11 -93.2915 802.205 4.27687 -2005.51 -233.229 1.95156e-11 93.2915 -802.205 -4.27687 -2005.51 -233.229
0.96 1.46367e-11 51.1254 155.68 1.02976 -389.199 127.814 -1.46367e-11 -51.1254 -155.68 -1.02976 -389.199 127.814
0.97 -9.75782e-12 -0.715515 -478.494 -1.7751 1196.24 -1.78879 9.75782e-12 0.715515 478.494 1.7751 1196.24 -1.78879
0.98 0 -189.083 -1054.02 -4.01052 2635.04 -472.708 0 189.083 1054.02 4.01052 2635.04 -472.708
0.99 0 -363.894 -1512.69 -5.66381 3781.73 -909.736 0 363.894 1512.69 5.66381 3781.73 -909.736
1 0 -417.066 -1802.57 -6.77456 4506.42 -1042.67 0 417.066 1802.57 6.77456 4506.42 -1042.67
1.01 0 -331.27 -1897.12 -7.42485 4742.81 -828.175 0 331.27 1897.12 7.42485 4742.81 -828.175
1.02 0 -144.953 -1804.59 -7.65373 4511.48 -362.382 0 144.953 1804.59 7.65373 4511.48 -362.382
1.03 0 100.865 -1565.11 -7.47579 3912.78 252.163 0 -100.865 1565.11 7.47579 3912.78 252.163
1.04 0 375.049 -1239.13 -6.9033 3097.83 937.623 0 -375.049 1239.13 6.9033 3097.83 937.623
1.05 0 603.099 -891.694 -5.95118 2229.24 1507.75 0 -603.099 891.694 5.95118 2229.24 1507.75
1.06 0 683.454 -577.879 -4.73219 1444.7 1708.64 0 -683.454 577.879 4.73219 1444.7 1708.64
1.07 0 574.143 -332.901 -3.44069 832.252 1435.36 0 -574.143 332.901 3.44069 832.252 1435.36
1.08 -2.43945e-12 355.229 -169.413 -2.33887 423.532 888.074 2.43945e-12 -355.229 169.413 2.33887 423.532 888.074
1.09 2.43945e-12 202.511 -84.4657 -1.7074 211.164 506.276 -2.43945e-12 -202.511 84.4657 1.7074 211.164 506.276
1.1 0 239.259 -72.7484 -1.70959 181.871 598.146 0 -239.259 72.7484 1.70959 181.871 598.146
1.11 0 437.975 -137.346 -2.38053 343.366 1094.94 0 -437.975 137.346 2.38053 343.366 1094.94
1.12 0 662.828 -291.399 -3.6052 728.496 1657.07 0 -662.828 291.399 3.6052 728.496 1657.07
1.13 0 782.668 -549.011 -5.16274 1372.53 1956.67 0 -782.668 549.011 5.16274 1372.53 1956.67
1.14 -1.95156e-11 767.514 -910.269 -6.83665 2275.67 1918.79 1.95156e-11 -767.514 910.269 6.83665 2275.67 1918.79
1.15 0 652.342 -1350.01 -8.41945 3375.04 1630.86 0 -652.342 1350.01 8.41945 3375.04 1630.86
1.16 0 463.636 -1816.45 -9.7757 4541.11 1159.09 0 -463.636 1816.45 9.7757 4541.11 1159.09
1.17 0 220.771 -2239.78 -10.8377 5599.45 551.928 0 -220.771 2239.78 10.8377 5599.45 551.928
1.18 0 -26.0448 -2548.7 -11.555 6371.76 -65.112 0 26.0448 2548.7 11.555 6371.76 -65.112
1.19 0 -165.841 -2688.75 -11.9047 6721.88 -414.603 0 165.841 2688.75 11.9047 6721.88 -414.603
1.2 0 -107.245 -2635.37 -11.8087 6588.42 -268.114 0 107.245 2635.37 11.8087 6588.42 -268.114
1.21 -3.90313e-11 110.222 -2397.3 -11.1419 5993.26 275.555 3.90313e-11 -110.222 2397.3 11.1419 5993.26 275.555
1.22 -3.90313e-11 327.673 -2008.68 -9.78739 5021.7 819.182 3.90313e-11 -327.673 2008.68 9.78739 5021.7 819.182
1.23 1.95156e-11 376.59 -1513.17 -7.6667 3782.92 941.475 -1.95156e-11 -376.59 1513.17 7.6667 3782.92 941.475
1.24 -1.95156e-11 221.056 -949.37 -4.85731 2373.42 552.64 1.95156e-11 -221.056 949.37 4.85731 2373.42 552.64
1.25 4.87891e-12 -27.3807 -344.106 -1.57591 860.265 -68.4517 -4.87891e-12 27.3807 344.106 1.57591 860.265 -68.4517
1.26 4.87891e-12 -232.423 285.211 1.8705 -713.028 -581.057 -4.87891e-12 232.423 -285.211 -1.8705 -713.028 -581.057
1.27 -1.95156e-11 -324.541 921.595 5.13374 -2303.99 -811.352 1.95156e-11 324.541 -921.595 -5.13374 -2303.99 -811.352
1.28 1.95156e-11 -317.294 1538.86 7.9524 -3847.15 -793.234 -1.95156e-11 317.294 -1538.86 -7.9524 -3847.15 -793.234
1.29 -3.90313e-11 -239.669 2096.83 10.1524 -5242.07 -599.174 3.90313e-11 239.669 -2096.83 -10.1524 -5242.07 -599.174
1.3 0 -98.3949 2543.31 11.667 -6358.26 -245.987 0 98.3949 -2543.31 -11.667 -6358.26 -245.987
1.31 0 65.2325 2824.31 12.5357 -7060.78 163.081 0 -65.2325 -2824.31 -12.5357 -7060.78 163.081
1.32 0 156.192 2900.87 12.8156 -7252.18 390.48 0 -156.192 -2900.87 -12.8156 -7252.18 390.48
1.33 0 71.151 2764.9 12.5827 -6912.24 177.878 0 -71.151 -2764.9 -12.5827 -6912.24 177.878
1.34 0 -199.95 2445.78 11.8717 -6114.46 -499.875 0 199.95 -2445.78 -11.8717 -6114.46 -499.875
1.35 0 -523.185 2003.12 10.6734 -5007.81 -1307.96 0 523.185 -2003.12 -10.6734 -5007.81 -1307.96
1.36 0 -726.428 1507.64 9.01743 -3769.11 -1816.07 0 726.428 -1507.64 -9.01743 -3769.11 -1816.07
1.37 0 -723.219 1020.79 6.9793 -2551.99 -1808.05 0 723.219 -1020.79 -6.9793 -2551.99 -1808.05
1.38 1.95156e-11 -565.043 583.401 4.75235 -1458.5 -1412.61 -1.95156e-11 565.043 -583.401 -4.75235 -1458.5 -1412.61
1.39 -1.21973e-11 -378.798 215.474 2.61903 -538.684 -946.996 1.21973e-11 378.798 -215.474 -2.61903 -538.684 -946.996
1.4 2.43945e-12 -248.358 -76.3611 0.856228 190.903 -620.896 -2.43945e-12 248.358 76.3611 -0.856228 190.903 -620.896
1.41 9.75782e-12 -199.982 -289.34 -0.296268 723.351 -499.956 -9.75782e-12 199.982 289.34 0.296268 723.351 -499.956
1.42 -1.46367e-11 -233.877 -417.773 -0.744437 1044.43 -584.692 1.46367e-11 233.877 417.773 0.744437 1044.43 -584.692
1.43 9.75782e-12 -344.332 -450.031 -0.53469 1125.08 -860.831 -9.75782e-12 344.332 450.031 0.53469 1125.08 -860.831
1.44 -4.87891e-12 -502.006 -370.564 0.185503 926.41 -1255.01 4.87891e-12 502.006 370.564 -0.185503 926.41 -1255.01
1.45 -7.31836e-12 -606.613 -169.399 1.18229 423.499 -1516.53 7.31836e-12 606.613 169.399 -1.18229 423.499 -1516.53
1.46 1.46367e-11 -544.861 143.993 2.25573 -359.982 -1362.15 -1.46367e-11 544.861 -143.993 -2.25573 -359.982 -1362.15
1.47 -1.95156e-11 -289.55 530.865 3.25448 -1327.16 -723.875 1.95156e-11 289.55 -530.865 -3.25448 -1327.16 -723.875
1.48 1.95156e-11 61.5157 925.242 4.09158 -2313.1 153.789 -1.95156e-11 -61.5157 -925.242 -4.09158 -2313.1 153.789
1.49 1.95156e-11 336.869 1250.5 4.74952 -3126.26 842.173 -1.95156e-11 -336.869 -1250.5 -4.74952 -3126.26 842.173
1.5 -1.95156e-11 432.698 1442.91 5.17949 -3607.27 1081.74 1.95156e-11 -432.698 -1442.91 -5.17949 -3607.27 1081.74
1.51 1.95156e-11 366.908 1468.56 5.3089 -3671.4 917.269 -1.95156e-11 -366.908 -1468.56 -5.3089 -3671.4 917.269
1.52 -1.95156e-11 225.797 1326.8 5.01868 -3317.01 564.493 1.95156e-11 -225.797 -1326.8 -5.01868 -3317.01 564.493
1.53 0 94.4298 1042.07 4.15822 -2605.17 236.074 0 -94.4298 -1042.07 -4.15822 -2605.17 236.074
1.54 1.95156e-11 11.1219 650.484 2.65012 -1626.21 27.8047 -1.95156e-11 -11.1219 -650.484 -2.65012 -1626.21 27.8047
1.55 -2.43945e-11 8.57736 188.392 0.495198 -470.981 21.4434 2.43945e-11 -8.57736 -188.392 -0.495198 -470.981 21.4434
1.56 1.46367e-11 122.227 -314.586 -2.16335 786.466 305.569 -1.46367e-11 -122.227 314.586 2.16335 786.466 305.569
1.57 0 332.561 -838.171 -5.04868 2095.43 831.404 0 -332.561 838.171 5.04868 2095.43 831.404
1.58 -1.95156e-11 542.613 -1367.95 -7.84665 3419.88 1356.53 1.95156e-11 -542.613 1367.95 7.84665 3419.88 1356.53
1.59 0 608.943 -1885.78 -10.2381 4714.44 1522.36 0 -608.943 1885.78 10.2381 4714.44 1522.36
1.6 -3.90313e-11 464.288 -2359.61 -12.0181 5899.03 1160.72 3.90313e-11 -464.288 2359.61 12.0181 5899.03 1160.72
1.61 0 192.736 -2740.2 -13.113 6850.5 481.839 0 -192.736 2740.2 13.113 6850.5 481.839
1.62 3.90313e-11 -44.0962 -2969.88 -13.5314 7424.71 -110.24 -3.90313e-11 44.0962 2969.88 13.5314 7424.71 -110.24
1.63 -3.90313e-11 -121.07 -3001.82 -13.357 7504.56 -302.675 3.90313e-11 121.07 3001.82 13.357 7504.56 -302.675
1.64 0 -36.9129 -2818.64 -12.6448 7046.6 -92.2822 0 36.9129 2818.64 12.6448 7046.6 -92.2822
1.65 0 127.467 -2440.12 -11.4258 6100.31 318.668 0 -127.467 2440.12 11.4258 6100.31 318.668
1.66 0 307.301 -1917.55 -9.72629 4793.87 768.252 0 -307.301 1917.55 9.72629 4793.87 768.252
1.67 3.90313e-11 462.558 -1318.29 -7.55676 3295.72 1156.4 -3.90313e-11 -462.558 1318.29 7.55676 3295.72 1156.4
1.68 -2.92735e-11 554.45 -708.2 -5.00431 1770.5 1386.13 2.92735e-11 -554.45 708.2 5.00431 1770.5 1386.13
1.69 9.75782e-12 520.919 -138.726 -2.22453 346.815 1302.3 -9.75782e-12 -520.919 138.726 2.22453 346.815 1302.3
1.7 9.75782e-12 328.439 359.088 0.54422 -897.719 821.098 -9.75782e-12 -328.439 -359.088 -0.54422 -897.719 821.098
1.71 -2.92735e-11 60.2067 772.829 2.9852 -1932.07 150.517 2.92735e-11 -60.2067 -772.829 -2.9852 -1932.07 150.517
1.72 3.90313e-11 -125.173 1099.5 4.83147 -2748.74 -312.932 -3.90313e-11 125.173 -1099.5 -4.83147 -2748.74 -312.932
1.73 -1.95156e-11 -107.942 1334.07 5.90319 -3335.17 -269.856 1.95156e-11 107.942 -1334.07 -5.90319 -3335.17 -269.856
1.74 0 83.7912 1462.6 6.18141 -3656.49 209.478 0 -83.7912 -1462.6 -6.18141 -3656.49 209.478
1.75 1.95156e-11 286.074 1464.23 5.80982 -3660.57 715.184 -1.95156e-11 -286.074 -1464.23 -5.80982 -3660.57 715.184
1.76 -3.90313e-11 353.848 1322.7 4.98125 -3306.75 884.619 3.90313e-11 -353.848 -1322.7 -4.98125 -3306.75 884.619
1.77 1.95156e-11 252.568 1041.06 3.91322 -2602.65 631.419 -1.95156e-11 -252.568 -1041.06 -3.91322 -2602.65 631.419
1.78 0 47.5488 650.417 2.7617 -1626.04 118.872 0 -47.5488 -650.417 -2.7617 -1626.04 118.872
1.79 -1.70762e-11 -180.701 208.579 1.61366 -521.448 -451.754 1.70762e-11 180.701 -208.579 -1.61366 -521.448 -451.754
1.8 2.92735e-11 -401.361 -211.428 0.542868 528.571 -1003.4 -2.92735e-11 401.361 211.428 -0.542868 528.571 -1003.4
1.81 -2.92735e-11 -578.49 -539.523 -0.413395 1348.81 -1446.22 2.92735e-11 578.49 539.523 0.413395 1348.81 -1446.22
1.82 9.75782e-12 -644.05 -726.166 -1.1772 1815.42 -1610.12 -9.75782e-12 644.05 726.166 1.1772 1815.42 -1610.12
1.83 9.75782e-12 -541.382 -753.099 -1.62803 1882.75 -1353.46 -9.75782e-12 541.382 753.099 1.62803 1882.75 -1353.46
1.84 -1.95156e-11 -300.201 -633.524 -1.63122 1583.81 -750.502 1.95156e-11 300.201 633.524 1.63122 1583.81 -750.502
1.85 2.92735e-11 -73.3159 -400.839 -1.03284 1002.1 -183.29 -2.92735e-11 73.3159 400.839 1.03284 1002.1 -183.29
1.86 -2.43945e-11 -16.054 -91.8769 0.216658 229.692 -40.1351 2.43945e-11 16.054 91.8769 -0.216658 229.692 -40.1351
1.87 9.75782e-12 -157.794 265.637 2.03599 -664.092 -394.485 -9.75782e-12 157.794 -265.637 -2.03599 -664.092 -394.485
1.88 9.75782e-12 -384.888 655.995 4.21201 -1639.99 -962.221 -9.75782e-12 384.888 -655.995 -4.21201 -1639.99 -962.221
1.89 -1.95156e-11 -530.608 1068.8 6.41649 -2671.99 -1326.52 1.95156e-11 530.608 -1068.8 -6.41649 -2671.99 -1326.52
1.9 1.95156e-11 -520.332 1487.78 8.35235 -3719.46 -1300.83 -1.95156e-11 520.332 -1487.78 -8.35235 -3719.46 -1300.83
1.91 0 -385.195 1883.09 9.78784 -4707.72 -962.988 0 385.195 -1883.09 -9.78784 -4707.72 -962.988
1.92 0 -189.572 2210.38 10.6017 -5525.95 -473.931 0 189.572 -2210.38 -10.6017 -5525.95 -473.931
1.93 0 14.9835 2416.65 10.7977 -6041.63 37.4588 0 -14.9835 -2416.65 -10.7977 -6041.63 37.4588
1.94 0 195.609 2452.46 10.4127 -6131.14 489.022 0 -195.609 -2452.46 -10.4127 -6131.14 489.022
1.95 0 285.124 2287.61 9.52309 -5719.03 712.811 0 -285.124 -2287.61 -9.52309 -5719.03 712.811
1.96 0 211.59 1924.29 8.1825 -4810.72 528.974 0 -211.59 -1924.29 -8.1825 -4810.72 528.974
1.97 -1.95156e-11 -11.4724 1401.19 6.39786 -3502.98 -28.6809 1.95156e-11 11.4724 -1401.19 -6.39786 -3502.98 -28.6809
1.98 2.92735e-11 -266.472 784 4.19355 -1960 -666.179 -2.92735e-11 266.472 -784 -4.19355 -1960 -666.179
1.99 -2.43945e-11 -387.839 144.656 1.60229 -361.64 -969.599 2.43945e-11 387.839 -144.656 -1.60229 -361.64 -969.599
2 9.75782e-12 -300.907 -458.83 -1.24549 1147.08 -752.268 -9.75782e-12 300.907 458.83 1.24549 1147.08 -752.268
2.01 0 -78.8634 -991.869 -4.10942 2479.67 -197.158 0 78.8634 991.869 4.10942 2479.67 -197.158
2.02 -3.90313e-11 142.606 -1439.74 -6.70448 3599.34 356.515 3.90313e-11 -142.606 1439.74 6.70448 3599.34 356.515
2.03 3.90313e-11 258.976 -1795.92 -8.72056 4489.8 647.439 -3.90313e-11 -258.976 1795.92 8.72056 4489.8 647.439
2.04 -3.90313e-11 257.566 -2051.66 -9.95406 5129.15 643.916 3.90313e-11 -257.566 2051.66 9.95406 5129.15 643.916
2.05 0 173.635 -2192.26 -10.3391 5480.65 434.087 0 -173.635 2192.26 10.3391 5480.65 434.087
2.06 3.90313e-11 34.9856 -2199.02 -9.9359 5497.55 87.4639 -3.90313e-11 -34.9856 2199.02 9.9359 5497.55 87.4639
2.07 -3.90313e-11 -109.753 -2055.44 -8.93891 5138.61 -274.381 3.90313e-11 109.753 2055.44 8.93891 5138.61 -274.381
2.08 3.90313e-11 -183.329 -1757.21 -7.55519 4393.02 -458.323 -3.90313e-11 183.329 1757.21 7.55519 4393.02 -458.323
2.09 -1.95156e-11 -99.8021 -1322.77 -5.97548 3306.91 -249.505 1.95156e-11 99.8021 1322.77 5.97548 3306.91 -249.505
2.1 -1.95156e-11 155.41 -799.523 -4.33658 1998.81 388.525 1.95156e-11 -155.41 799.523 4.33658 1998.81 388.525
2.11 3.90313e-11 465.473 -259.438 -2.68895 648.595 1163.68 -3.90313e-11 -465.473 259.438 2.68895 648.595 1163.68
2.12 -4.87891e-11 668.013 218.728 -1.09233 -546.821 1670.03 4.87891e-11 -668.013 -218.728 1.09233 -546.821 1670.03
2.13 3.90313e-11 666.06 572.555 0.382935 -1431.39 1665.15 -3.90313e-11 -666.06 -572.555 -0.382935 -1431.39 1665.15
2.14 -9.75782e-12 495.561 771.777 1.61359 -1929.44 1238.9 9.75782e-12 -495.561 -771.777 -1.61359 -1929.44 1238.9
2.15 -2.92735e-11 281.8 819.716 2.41515 -2049.29 704.501 2.92735e-11 -281.8 -819.716 -2.41515 -2049.29 704.501
2.16 4.87891e-11 116.981 741.576 2.64109 -1853.94 292.453 -4.87891e-11 -116.981 -741.576 -2.64109 -1853.94 292.453
2.17 -3.90313e-11 35.3603 568.338 2.18894 -1420.84 88.4007 3.90313e-11 -35.3603 -568.338 -2.18894 -1420.84 88.4007
2.18 1.95156e-11 37.8076 325.885 1.08004 -814.713 94.5189 -1.95156e-11 -37.8076 -325.885 -1.08004 -814.713 94.5189
2.19 1.3417e-11 121.109 31.7562 -0.516932 -79.3905 302.772 -1.3417e-11 -121.109 -31.7562 0.516932 -79.3905 302.772
2.2 -3.90313e-11 269.09 -302.379 -2.35186 755.947 672.726 3.90313e-11 -269.09 302.379 2.35186 755.947 672.726
2.21 4.87891e-11 391.19 -663.832 -4.10101 1659.58 977.975 -4.87891e-11 -391.19 663.832 4.10101 1659.58 977.975
2.22 -3.90313e-11 367.009 -1030.43 -5.49519 2576.07 917.523 3.90313e-11 -367.009 1030.43 5.49519 2576.07 917.523
2.23 0 147.746 -1364.38 -6.37713 3410.96 369.366 0 -147.746 1364.38 6.37713 3410.96 369.366
2.24 3.90313e-11 -182.829 -1612.87 -6.69161 4032.17 -457.073 -3.90313e-11 182.829 1612.87 6.69161 4032.17 -457.073
2.25 -3.90313e-11 -440.867 -1719.22 -6.50074 4298.05 -1102.17 3.90313e-11 440.867 1719.22 6.50074 4298.05 -1102.17
2.26 3.90313e-11 -500.572 -1641.96 -5.86546 4104.89 -1251.43 -3.90313e-11 500.572 1641.96 5.86546 4104.89 -1251.43
2.27 -1.95156e-11 -376.178 -1371.33 -4.8215 3428.33 -940.445 1.95156e-11 376.178 1371.33 4.8215 3428.33 -940.445
2.28 0 -176.035 -934.768 -3.38356 2336.92 -440.088 0 176.035 934.768 3.38356 2336.92 -440.088
2.29 4.39102e-11 -8.94091 -388.652 -1.53035 971.63 -22.3523 -4.39102e-11 8.94091 388.652 1.53035 971.63 -22.3523
2.3 -5.85469e-11 92.7303 199.471 0.695068 -498.677 231.826 5.85469e-11 -92.7303 -199.471 -0.695068 -498.677 231.826
2.31 4.87891e-11 122.987 768.814 3.19045 -1922.04 307.468 -4.87891e-11 -122.987 -768.814 -3.19045 -1922.04 307.468
2.32 0 57.0787 1276.37 5.77484 -3190.92 142.697 0 -57.0787 -1276.37 -5.77484 -3190.92 142.697
2.33 -3.90313e-11 -111.07 1699.37 8.16719 -4248.44 -277.674 3.90313e-11 111.07 -1699.37 -8.16719 -4248.44 -277.674
2.34 3.90313e-11 -323.384 2029.47 10.0854 -5073.67 -808.46 -3.90313e-11 323.384 -2029.47 -10.0854 -5073.67 -808.46
2.35 -3.90313e-11 -440.431 2261.82 11.2693 -5654.55 -1101.08 3.90313e-11 440.431 -2261.82 -11.2693 -5654.55 -1101.08
2.36 3.90313e-11 -354.136 2385.68 11.5782 -5964.21 -885.34 -3.90313e-11 354.136 -2385.68 -11.5782 -5964.21 -885.34
2.37 0 -104.672 2381.29 11.0506 -5953.23 -261.681 0 104.672 -2381.29 -11.0506 -5953.23 -261.681
2.38 -3.90313e-11 147.134 2225.96 9.83211 -5564.89 367.835 3.90313e-11 -147.134 -2225.96 -9.83211 -5564.89 367.835
2.39 3.90313e-11 233.691 1907.82 8.1563 -4769.54 584.228 -3.90313e-11 -233.691 -1907.82 -8.1563 -4769.54 584.228
2.4 -3.90313e-11 120.53 1439.15 6.22674 -3597.87 301.326 3.90313e-11 -120.53 -1439.15 -6.22674 -3597.87 301.326
2.41 1.95156e-11 -95.5231 861.752 4.17092 -2154.38 -238.808 -1.95156e-11 95.5231 -861.752 -4.17092 -2154.38 -238.808
2.42 2.43945e-11 -304.362 242.025 2.08553 -605.062 -760.904 -2.43945e-11 304.362 -242.025 -2.08553 -605.062 -760.904
2.43 -4.39102e-11 -444.475 -343.274 0.019176 858.184 -1111.19 4.39102e-11 444.475 343.274 -0.019176 858.184 -1111.19
2.44 4.87891e-11 -506.046 -825.327 -1.94132 2063.32 -1265.11 -4.87891e-11 506.046 825.327 1.94132 2063.32 -1265.11
2.45 -1.95156e-11 -469.775 -1158.75 -3.66534 2896.87 -1174.44 1.95156e-11 469.775 1158.75 3.66534 2896.87 -1174.44
2.46 -1.95156e-11 -304.72 -1329.71 -5.00441 3324.28 -761.799 1.95156e-11 304.72 1329.71 5.00441 3324.28 -761.799
2.47 5.85469e-11 -52.1372 -1353.35 -5.76735 3383.38 -130.343 -5.85469e-11 52.1372 1353.35 5.76735 3383.38 -130.343
2.48 -5.85469e-11 166.736 -1260.47 -5.82431 3151.18 416.84 5.85469e-11 -166.736 1260.47 5.82431 3151.18 416.84
2.49 3.90313e-11 216.619 -1081.01 -5.13737 2702.53 541.546 -3.90313e-11 -216.619 1081.01 5.13737 2702.53 541.546
2.5 0 70.2561 -833.436 -3.79661 2083.59 175.64 0 -70.2561 833.436 3.79661 2083.59 175.64
2.51 -3.90313e-11 -143.841 -525.236 -2.05604 1313.09 -359.602 3.90313e-11 143.841 525.236 2.05604 1313.09 -359.602
2.52 6.09864e-11 -260.692 -163.674 -0.214311 409.184 -651.731 -6.09864e-11 260.692 163.674 0.214311 409.184 -651.731
2.53 -5.3668e-11 -196.187 231.508 1.43358 -578.77 -490.468 5.3668e-11 196.187 -231.508 -1.43358 -578.77 -490.468
2.54 1.95156e-11 6.0976 622.475 2.68011 -1556.19 15.244 -1.95156e-11 -6.0976 -622.475 -2.68011 -1556.19 15.244
2.55 1.95156e-11 238.831 956.756 3.45795 -2391.89 597.077 -1.95156e-11 -238.831 -956.756 -3.45795 -2391.89 597.077
2.56 -5.85469e-11 433.534 1177.6 3.76015 -2943.99 1083.84 5.85469e-11 -433.534 -1177.6 -3.76015 -2943.99 1083.84
2.57 5.85469e-11 551.801 1237.98 3.64076 -3094.95 1379.5 -5.85469e-11 -551.801 -1237.98 -3.64076 -3094.95 1379.5
2.58 -3.90313e-11 560.198 1113.98 3.14238 -2784.96 1400.49 3.90313e-11 -560.198 -1113.98 -3.14238 -2784.96 1400.49
2.59 0 430.826 814.113 2.25976 -2035.28 1077.07 0 -430.826 -814.113 -2.25976 -2035.28 1077.07
2.6 4.87891e-11 182.812 380.473 0.992962 -951.183 457.03 -4.87891e-11 -182.812 -380.473 -0.992962 -951.183 457.03
2.61 -6.83047e-11 -64.3772 -122.398 -0.673495 305.996 -160.943 6.83047e-11 64.3772 122.398 0.673495 305.996 -160.943
2.62 5.85469e-11 -168.7 -627.848 -2.68295 1569.62 -421.749 -5.85469e-11 168.7 627.848 2.68295 1569.62 -421.749
2.63 -1.95156e-11 -75.7447 -1085.92 -4.87311 2714.8 -189.362 1.95156e-11 75.7447 1085.92 4.87311 2714.8 -189.362
2.64 -3.90313e-11 137 -1471.1 -7.00989 3677.76 342.499 3.90313e-11 -137 1471.1 7.00989 3677.76 342.499
2.65 7.80626e-11 311.257 -1775.71 -8.77959 4439.26 778.143 -7.80626e-11 -311.257 1775.71 8.77959 4439.26 778.143
2.66 -7.80626e-11 348.149 -1995.12 -9.9157 4987.79 870.372 7.80626e-11 -348.149 1995.12 9.9157 4987.79 870.372
2.67 0 251.088 -2116.94 -10.254 5292.35 627.72 0 -251.088 2116.94 10.254 5292.35 627.72
2.68 3.90313e-11 79.9455 -2119.94 -9.75427 5299.86 199.864 -3.90313e-11 -79.9455 2119.94 9.75427 5299.86 199.864
2.69 -3.90313e-11 -99.8559 -1980.88 -8.54109 4952.2 -249.64 3.90313e-11 99.8559 1980.88 8.54109 4952.2 -249.64
2.7 5.85469e-11 -247.24 -1685.07 -6.80008 4212.68 -618.101 -5.85469e-11 247.24 1685.07 6.80008 4212.68 -618.101
2.71 -3.90313e-11 -302.679 -1236.39 -4.74418 3090.97 -756.696 3.90313e-11 302.679 1236.39 4.74418 3090.97 -756.696
2.72 0 -204.725 -663.96 -2.55673 1659.9 -511.813 0 204.725 663.96 2.55673 1659.9 -511.813
2.73 4.26905e-11 34.7199 -23.8559 -0.328001 59.6398 86.7997 -4.26905e-11 -34.7199 23.8559 0.328001 59.6398 86.7997
2.74 -5.85469e-11 307.423 608.416 1.87075 -1521.04 768.557 5.85469e-11 -307.423 -608.416 -1.87075 -1521.04 768.557
2.75 5.85469e-11 449.234 1155.77 3.98379 -2889.44 1123.08 -5.85469e-11 -449.234 -1155.77 -3.98379 -2889.44 1123.08
2.76 0 374.847 1560.53 5.90922 -3901.34 937.116 0 -374.847 -1560.53 -5.90922 -3901.34 937.116
2.77 -3.90313e-11 148.127 1798.11 7.46202 -4495.28 370.318 3.90313e-11 -148.127 -1798.11 -7.46202 -4495.28 370.318
2.78 3.90313e-11 -91.0476 1876.44 8.45834 -4691.1 -227.619 -3.90313e-11 91.0476 -1876.44 -8.45834 -4691.1 -227.619
2.79 -3.90313e-11 -227.283 1821.92 8.72508 -4554.79 -568.209 3.90313e-11 227.283 -1821.92 -8.72508 -4554.79 -568.209
2.8 1.95156e-11 -244.933 1662.2 8.19044 -4155.49 -612.333 -1.95156e-11 244.933 -1662.2 -8.19044 -4155.49 -612.333
2.81 1.95156e-11 -185.06 1416.24 6.92706 -3540.59 -462.649 -1.95156e-11 185.06 -1416.24 -6.92706 -3540.59 -462.649
2.82 -5.85469e-11 -74.7098 1094.11 5.10811 -2735.29 -186.775 5.85469e-11 74.7098 -1094.11 -5.10811 -2735.29 -186.775
2.83 4.87891e-11 54.4528 704.117 3.02474 -1760.29 136.132 -4.87891e-11 -54.4528 -704.117 -3.02474 -1760.29 136.132
2.84 -2.92735e-11 142.39 262.378 0.978421 -655.945 355.976 2.92735e-11 -142.39 -262.378 -0.978421 -655.945 355.976
2.85 0 97.2372 -200.116 -0.78684 500.289 243.093 0 -97.2372 200.116 0.78684 500.289 243.093
2.86 3.90313e-11 -124.143 -635.512 -2.11159 1588.78 -310.357 -3.90313e-11 124.143 635.512 2.11159 1588.78 -310.357
2.87 -5.85469e-11 -426.934 -984.224 -2.98152 2460.56 -1067.33 5.85469e-11 426.934 984.224 2.98152 2460.56 -1067.33
2.88 3.90313e-11 -637.105 -1188.78 -3.43179 2971.94 -1592.76 -3.90313e-11 637.105 1188.78 3.43179 2971.94 -1592.76
2.89 0 -624.787 -1211.7 -3.50186 3029.24 -1561.97 0 624.787 1211.7 3.50186 3029.24 -1561.97
2.9 -3.90313e-11 -410.917 -1048.9 -3.20304 2622.25 -1027.29 3.90313e-11 410.917 1048.9 3.20304 2622.25 -1027.29
2.91 4.87891e-11 -143.229 -732.118 -2.4784 1830.3 -358.072 -4.87891e-11 143.229 732.118 2.4784 1830.3 -358.072
2.92 -4.39102e-11 49.9769 -318.097 -1.30542 795.244 124.942 4.39102e-11 -49.9769 318.097 1.30542 795.244 124.942
2.93 1.21973e-11 127.64 130.012 0.285608 -325.029 319.099 -1.21973e-11 -127.64 -130.012 -0.285608 -325.029 319.099
2.94 1.95156e-11 117.816 559.32 2.17795 -1398.3 294.54 -1.95156e-11 -117.816 -559.32 -2.17795 -1398.3 294.54
2.95 -3.90313e-11 49.4398 935.985 4.13829 -2339.96 123.599 3.90313e-11 -49.4398 -935.985 -4.13829 -2339.96 123.599
2.96 3.90313e-11 -74.9045 1244.5 5.90342 -3111.25 -187.261 -3.90313e-11 74.9045 -1244.5 -5.90342 -3111.25 -187.261
2.97 -3.90313e-11 -207.108 1478.85 7.18702 -3697.12 -517.771 3.90313e-11 207.108 -1478.85 -7.18702 -3697.12 -517.771
2.98 0 -246.269 1631.2 7.76472 -4078 -615.672 0 246.269 -1631.2 -7.76472 -4078 -615.672
2.99 3.90313e-11 -111.103 1684.46 7.55495 -4211.15 -277.756 -3.90313e-11 111.103 -1684.46 -7.55495 -4211.15 -277.756
3 -5.85469e-11 167.311 1612.7 6.59727 -4031.75 418.277 5.85469e-11 -167.311 -1612.7 -6.59727 -4031.75 418.277
3.01 3.90313e-11 422.373 1391.3 5.07533 -3478.26 1055.93 -3.90313e-11 -422.373 -1391.3 -5.07533 -3478.26 1055.93
3.02 -1.95156e-11 491.131 1012.43 3.20865 -2531.06 1227.83 1.95156e-11 -491.131 -1012.43 -3.20865 -2531.06 1227.83
3.03 -2.92735e-11 341.146 496.544 1.16942 -1241.36 852.864 2.92735e-11 -341.146 -496.544 -1.16942 -1241.36 852.864
3.04 5.73272e-11 79.8672 -105.863 -0.916672 264.658 199.668 -5.73272e-11 -79.8672 105.863 0.916672 264.658 199.668
3.05 -4.87891e-11 -139.766 -723.501 -3.00459 1808.75 -349.416 4.87891e-11 139.766 723.501 3.00459 1808.75 -349.416
3.06 3.90313e-11 -246.836 -1280.98 -5.03427 3202.46 -617.09 -3.90313e-11 246.836 1280.98 5.03427 3202.46 -617.09
3.07 3.90313e-11 -247.07 -1715.97 -6.89793 4289.92 -617.676 -3.90313e-11 247.07 1715.97 6.89793 4289.92 -617.676
3.08 -7.80626e-11 -160.557 -1991.37 -8.45273 4978.44 -401.393 7.80626e-11 160.557 1991.37 8.45273 4978.44 -401.393
3.09 7.80626e-11 -1.97189 -2100.22 -9.49318 5250.55 -4.92972 -7.80626e-11 1.97189 2100.22 9.49318 5250.55 -4.92972
3.1 -3.90313e-11 197.619 -2060.46 -9.84718 5151.14 494.048 3.90313e-11 -197.619 2060.46 9.84718 5151.14 494.048
3.11 -3.90313e-11 340.651 -1901.36 -9.40383 4753.41 851.627 3.90313e-11 -340.651 1901.36 9.40383 4753.41 851.627
3.12 5.85469e-11 321.446 -1648.46 -8.15389 4121.16 803.614 -5.85469e-11 -321.446 1648.46 8.15389 4121.16 803.614
3.13 -5.85469e-11 134.492 -1314.83 -6.25572 3287.08 336.23 5.85469e-11 -134.492 1314.83 6.25572 3287.08 336.23
3.14 5.85469e-11 -102.849 -904.433 -3.96058 2261.08 -257.122 -5.85469e-11 102.849 904.433 3.96058 2261.08 -257.122
3.15 -1.95156e-11 -219.739 -425.781 -1.58454 1064.45 -549.347 1.95156e-11 219.739 425.781 1.58454 1064.45 -549.347
3.16 -3.17129e-11 -137.778 94.6787 0.584845 -236.697 -344.446 3.17129e-11 137.778 -94.6787 -0.584845 -236.697 -344.446
3.17 6.83047e-11 79.9518 608.888 2.38262 -1522.22 199.879 -6.83047e-11 -79.9518 -608.888 -2.38262 -1522.22 199.879
3.18 -5.85469e-11 310.689 1054.89 3.72793 -2637.23 776.723 5.85469e-11 -310.689 -1054.89 -3.72793 -2637.23 776.723
3.19 5.85469e-11 456.546 1371.98 4.63564 -3429.95 1141.36 -5.85469e-11 -456.546 -1371.98 -4.63564 -3429.95 1141.36
3.2 -1.95156e-11 490.9 1516.11 5.13798 -3790.28 1227.25 1.95156e-11 -490.9 -1516.11 -5.13798 -3790.28 1227.25
3.21 -3.90313e-11 414.612 1470.39 5.22517 -3675.98 1036.53 3.90313e-11 -414.612 -1470.39 -5.22517 -3675.98 1036.53
3.22 7.80626e-11 226.962 1249.83 4.87903 -3124.57 567.404 -7.80626e-11 -226.962 -1249.83 -4.87903 -3124.57 567.404
3.23 -7.80626e-11 -28.4327 898.673 4.04521 -2246.68 -71.0816 7.80626e-11 28.4327 -898.673 -4.04521 -2246.68 -71.0816
3.24 3.90313e-11 -251.912 478.222 2.71523 -1195.55 -629.779 -3.90313e-11 251.912 -478.222 -2.71523 -1195.55 -629.779
3.25 2.10403e-11 -323.389 48.639 0.97482 -121.597 -808.473 -2.10403e-11 323.389 -48.639 -0.97482 -121.597 -808.473
3.26 -6.83047e-11 -203.203 -347.355 -1.00591 868.387 -508.009 6.83047e-11 203.203 347.355 1.00591 868.387 -508.009
3.27 7.80626e-11 8.45123 -690.243 -2.93972 1725.61 21.1281 -7.80626e-11 -8.45123 690.243 2.93972 1725.61 21.1281
3.28 -5.85469e-11 156.657 -974.984 -4.52786 2437.46 391.642 5.85469e-11 -156.657 974.984 4.52786 2437.46 391.642
3.29 0 141.985 -1195.07 -5.52428 2987.66 354.962 0 -141.985 1195.07 5.52428 2987.66 354.962
3.3 5.85469e-11 -14.0703 -1331.91 -5.77977 3329.78 -35.1758 -5.85469e-11 14.0703 1331.91 5.77977 3329.78 -35.1758
3.31 -7.80626e-11 -213.023 -1356.03 -5.31283 3390.07 -532.559 7.80626e-11 213.023 1356.03 5.31283 3390.07 -532.559
3.32 7.80626e-11 -378.816 -1238.27 -4.23746 3095.69 -947.041 -7.80626e-11 378.816 1238.27 4.23746 3095.69 -947.041
3.33 -1.95156e-11 -468.617 -964.277 -2.73835 2410.69 -1171.54 1.95156e-11 468.617 964.277 2.73835 2410.69 -1171.54
3.34 -1.95156e-11 -453.044 -544.164 -1.01263 1360.41 -1132.61 1.95156e-11 453.044 544.164 1.01263 1360.41 -1132.61
3.35 6.58653e-11 -306.722 -15.5184 0.816374 38.796 -766.805 -6.58653e-11 306.722 15.5184 -0.816374 38.796 -766.805
3.36 -7.80626e-11 -44.6208 560.027 2.66029 -1400.07 -111.552 7.80626e-11 44.6208 -560.027 -2.66029 -1400.07 -111.552
3.37 5.85469e-11 221.067 1107.77 4.47763 -2769.43 552.666 -5.85469e-11 -221.067 -1107.77 -4.47763 -2769.43 552.666
3.38 0 342.227 1557.13 6.21042 -3892.81 855.567 0 -342.227 -1557.13 -6.21042 -3892.81 855.567
3.39 -3.90313e-11 247.657 1859.17 7.71475 -4647.93 619.143 3.90313e-11 -247.657 -1859.17 -7.71475 -4647.93 619.143
3.4 7.80626e-11 8.29335 1997.22 8.8087 -4993.04 20.7334 -7.80626e-11 -8.29335 -1997.22 -8.8087 -4993.04 20.7334
3.41 -7.80626e-11 -206.62 1983.79 9.27437 -4959.48 -516.551 7.80626e-11 206.62 -1983.79 -9.27437 -4959.48 -516.551
3.42 3.90313e-11 -278.653 1845.64 8.95667 -4614.1 -696.632 -3.90313e-11 278.653 -1845.64 -8.95667 -4614.1 -696.632
3.43 1.95156e-11 -207.289 1607.15 7.83525 -4017.89 -518.223 -1.95156e-11 207.289 -1607.15 -7.83525 -4017.89 -518.223
3.44 -7.80626e-11 -67.0564 1281.86 6.00318 -3204.64 -167.641 7.80626e-11 67.0564 -1281.86 -6.00318 -3204.64 -167.641
3.45 9.75782e-11 70.3564 874.92 3.69466 -2187.3 175.891 -9.75782e-11 -70.3564 -874.92 -3.69466 -2187.3 175.891
3.46 -6.83047e-11 179.537 393.847 1.19722 -984.617 448.842 6.83047e-11 -179.537 -393.847 -1.19722 -984.617 448.842
3.47 7.31836e-12 227.337 -140.373 -1.20935 350.932 568.341 -7.31836e-12 -227.337 140.373 1.20935 350.932 568.341
3.48 4.87891e-11 155.907 -687.79 -3.28512 1719.48 389.768 -4.87891e-11 -155.907 687.79 3.28512 1719.48 389.768
3.49 -9.75782e-11 -54.661 -1191.28 -4.91972 2978.2 -136.653 9.75782e-11 54.661 1191.28 4.91972 2978.2 -136.653
3.5 7.80626e-11 -327.435 -1586.33 -6.08575 3965.82 -818.587 -7.80626e-11 327.435 1586.33 6.08575 3965.82 -818.587
3.51 -3.90313e-11 -494.838 -1817.17 -6.80995 4542.93 -1237.09 3.90313e-11 494.838 1817.17 6.80995 4542.93 -1237.09
3.52 -3.90313e-11 -433.201 -1853.01 -7.1245 4632.52 -1083 3.90313e-11 433.201 1853.01 7.1245 4632.52 -1083
3.53 7.80626e-11 -175.55 -1697.77 -6.98358 4244.43 -438.874 -7.80626e-11 175.55 1697.77 6.98358 4244.43 -438.874
3.54 -1.17094e-10 121.158 -1388.62 -6.32852 3471.56 302.896 1.17094e-10 -121.158 1388.62 6.32852 3471.56 302.896
3.55 7.80626e-11 297.355 -982.552 -5.11765 2456.38 743.388 -7.80626e-11 -297.355 982.552 5.11765 2456.38 743.388
3.56 -9.75782e-12 313.443 -538.245 -3.38793 1345.61 783.607 9.75782e-12 -313.443 538.245 3.38793 1345.61 783.607
3.57 -7.19639e-11 232.209 -101.848 -1.31627 254.619 580.523 7.19639e-11 -232.209 101.848 1.31627 254.619 580.523
3.58 1.12215e-10 120.449 298.929 0.85175 -747.323 301.123 -1.12215e-10 -120.449 -298.929 -0.85175 -747.323 301.123
3.59 -1.07336e-10 12.1669 651.129 2.81526 -1627.82 30.4172 1.07336e-10 -12.1669 -651.129 -2.81526 -1627.82 30.4172
3.6 3.90313e-11 -70.3753 946.324 4.29476 -2365.81 -175.938 -3.90313e-11 70.3753 -946.324 -4.29476 -2365.81 -175.938
3.61 3.90313e-11 -68.3877 1170.26 5.11334 -2925.65 -170.969 -3.90313e-11 68.3877 -1170.26 -5.11334 -2925.65 -170.969
3.62 -9.75782e-11 76.0053 1297.55 5.19282 -3243.87 190.013 9.75782e-11 -76.0053 -1297.55 -5.19282 -3243.87 190.013
3.63 1.17094e-10 322.925 1295.34 4.60929 -3238.34 807.312 -1.17094e-10 -322.925 -1295.34 -4.60929 -3238.34 807.312
3.64 -7.80626e-11 529.917 1136.69 3.53114 -2841.73 1324.79 7.80626e-11 -529.917 -1136.69 -3.53114 -2841.73 1324.79
3.65 -9.75782e-12 542.657 816.903 2.1399 -2042.26 1356.64 9.75782e-12 -542.657 -816.903 -2.1399 -2042.26 1356.64
3.66 7.80626e-11 330.841 363.269 0.598515 -908.173 827.101 -7.80626e-11 -330.841 -363.269 -0.598515 -908.173 827.101
3.67 -1.14654e-10 20.969 -166.84 -1.02488 417.101 52.4224 1.14654e-10 -20.969 166.84 1.02488 417.101 52.4224
3.68 9.75782e-11 -222.247 -699.692 -2.69173 1749.23 -555.618 -9.75782e-11 222.247 699.692 2.69173 1749.23 -555.618
3.69 -1.95156e-11 -309.787 -1163.99 -4.34019 2909.98 -774.467 1.95156e-11 309.787 1163.99 4.34019 2909.98 -774.467
3.7 -5.85469e-11 -263.056 -1506.18 -5.86581 3765.45 -657.639 5.85469e-11 263.056 1506.18 5.86581 3765.45 -657.639
3.71 1.17094e-10 -147.315 -1698.69 -7.07125 4246.72 -368.288 -1.17094e-10 147.315 1698.69 7.07125 4246.72 -368.288
3.72 -7.80626e-11 -1.7368 -1740.53 -7.75002 4351.31 -4.34201 7.80626e-11 1.7368 1740.53 7.75002 4351.31 -4.34201
3.73 3.90313e-11 135.29 -1649.96 -7.72761 4124.9 338.224 -3.90313e-11 -135.29 1649.96 7.72761 4124.9 338.224
3.74 1.95156e-11 200.551 -1452.18 -6.90648 3630.45 501.378 -1.95156e-11 -200.551 1452.18 6.90648 3630.45 501.378
3.75 -9.75782e-11 127.413 -1166.87 -5.34491 2917.16 318.533 9.75782e-11 -127.413 1166.87 5.34491 2917.16 318.533
3.76 1.07336e-10 -80.7959 -801.935 -3.21279 2004.84 -201.99 -1.07336e-10 80.7959 801.935 3.21279 2004.84 -201.99
3.77 -7.31836e-11 -302.8 -359.116 -0.785975 897.789 -757.001 7.31836e-11 302.8 359.116 0.785975 897.789 -757.001
3.78 7.31836e-12 -385.318 151.212 1.62496 -378.029 -963.295 -7.31836e-12 385.318 -151.212 -1.62496 -378.029 -963.295
3.79 6.83047e-11 -262.477 696.888 3.78363 -1742.22 -656.193 -6.83047e-11 262.477 -696.888 -3.78363 -1742.22 -656.193
3.8 -9.75782e-11 -6.8065 1221.92 5.52973 -3054.8 -17.0162 9.75782e-11 6.8065 -1221.92 -5.52973 -3054.8 -17.0162
3.81 9.75782e-11 232.011 1658.01 6.81935 -4145.02 580.027 -9.75782e-11 -232.011 -1658.01 -6.81935 -4145.02 580.027
3.82 -3.90313e-11 352.492 1943.8 7.66781 -4859.51 881.23 3.90313e-11 -352.492 -1943.8 -7.66781 -4859.51 881.23
3.83 -3.90313e-11 336.803 2041.28 8.07442 -5103.19 842.007 3.90313e-11 -336.803 -2041.28 -8.07442 -5103.19 842.007
3.84 7.80626e-11 213.926 1943.37 8.02908 -4858.41 534.815 -7.80626e-11 -213.926 -1943.37 -8.02908 -4858.41 534.815
3.85 -9.75782e-11 20.786 1673.7 7.46763 -4184.26 51.9649 9.75782e-11 -20.786 -1673.7 -7.46763 -4184.26 51.9649
3.86 5.85469e-11 -199.057 1279.41 6.33551 -3198.52 -497.643 -5.85469e-11 199.057 -1279.41 -6.33551 -3198.52 -497.643
3.87 0 -358.16 818.445 4.64797 -2046.11 -895.399 0 358.16 -818.445 -4.64797 -2046.11 -895.399
3.88 -6.34258e-11 -362.559 344.597 2.50118 -861.494 -906.396 6.34258e-11 362.559 -344.597 -2.50118 -861.494 -906.396
3.89 1.00018e-10 -198.125 -105.205 0.13073 263.013 -495.313 -1.00018e-10 198.125 105.205 -0.13073 263.013 -495.313
3.9 -8.78204e-11 33.3822 -514.025 -2.16145 1285.06 83.4554 8.78204e-11 -33.3822 514.025 2.16145 1285.06 83.4554
3.91 2.92735e-11 168.953 -875.224 -4.07298 2188.06 422.382 -2.92735e-11 -168.953 875.224 4.07298 2188.06 422.382
3.92 3.90313e-11 119.544 -1177.25 -5.35783 2943.11 298.859 -3.90313e-11 -119.544 1177.25 5.35783 2943.11 298.859
3.93 -7.80626e-11 -68.5243 -1394.13 -5.92353 3485.33 -171.311 7.80626e-11 68.5243 1394.13 5.92353 3485.33 -171.311
3.94 9.75782e-11 -274.763 -1488.7 -5.79279 3721.76 -686.907 -9.75782e-11 274.763 1488.7 5.79279 3721.76 -686.907
3.95 -5.85469e-11 -398.749 -1427.33 -5.08793 3568.34 -996.872 5.85469e-11 398.749 1427.33 5.08793 3568.34 -996.872
3.96 0 -413.974 -1196.85 -3.98509 2992.12 -1034.93 0 413.974 1196.85 3.98509 2992.12 -1034.93
3.97 5.85469e-11 -326.58 -813.812 -2.62202 2034.53 -816.449 -5.85469e-11 326.58 813.812 2.62202 2034.53 -816.449
3.98 -8.78204e-11 -138.414 -324.131 -1.11181 810.329 -346.035 8.78204e-11 138.414 324.131 1.11181 810.329 -346.035
3.99 7.80626e-11 120.066 205.547 0.489114 -513.867 300.166 -7.80626e-11 -120.066 -205.547 -0.489114 -513.867 300.166
4 -2.92735e-11 358.112 702.183 2.14509 -1755.46 895.28 2.92735e-11 -358.112 -702.183 -2.14509 -1755.46 895.28
