0.01 2.22951e-05 -3.49409e-05 -1.1397e-06 2.64287e-05 2.87632e-05 -9.6443e-05
0.02 0.000229267 -0.000293069 -8.24945e-06 0.000187423 0.000203653 -0.000474999
0.03 0.00108508 -0.00121397 -2.87868e-05 0.000670317 0.000732478 -0.00132845
0.04 0.00324605 -0.00331933 -6.69677e-05 0.00163979 0.00180984 -0.00263945
0.05 0.00702591 -0.00675108 -0.000121469 0.0031124 0.00348199 -0.00409665
0.06 0.011896 -0.0109272 -0.000187731 0.00489475 0.00557705 -0.00536216
0.07 0.0166584 -0.0147526 -0.000257745 0.00662476 0.00774013 -0.0062419
0.08 0.0202254 -0.0172626 -0.000318464 0.00789747 0.00955887 -0.00675663
0.09 0.0222302 -0.0180849 -0.000354208 0.00840818 0.010709 -0.00698705
0.1 0.0228855 -0.0173256 -0.000353856 0.00804259 0.011039 -0.00687939
0.11 0.022371 -0.0151605 -0.000318449 0.00688532 0.0105745 -0.00628244
0.12 0.02054 -0.0116918 -0.000260809 0.00516225 0.00946055 -0.00508392
0.13 0.0172519 -0.00719296 -0.000195513 0.00314974 0.00788012 -0.00334821
0.14 0.012813 -0.00229337 -0.000128911 0.00108281 0.00598103 -0.00130377
0.15 0.00787418 0.00229476 -5.79688e-05 -0.000908726 0.00382429 0.000818245
0.16 0.00282371 0.00629361 2.26978e-05 -0.0028101 0.00137934 0.00288737
0.17 -0.00260347 0.010016 0.000113195 -0.00466772 -0.00142184 0.00486089
0.18 -0.00897408 0.0139033 0.000207531 -0.00649719 -0.00459089 0.00668013
0.19 -0.0163725 0.017887 0.000298407 -0.0082092 -0.00799926 0.00819695
0.2 -0.0239974 0.0212435 0.000380289 -0.00960355 -0.0113641 0.00922804
0.21 -0.0305663 0.0230901 0.000447789 -0.010438 -0.0143187 0.00966056
0.22 -0.0351192 0.0230133 0.000493178 -0.0105305 -0.0165279 0.00951255
0.23 -0.0374579 0.0212364 0.000507919 -0.00983693 -0.0177856 0.00889467
0.24 -0.0379104 0.0182826 0.000488401 -0.00846994 -0.0180483 0.00791652
0.25 -0.0368035 0.0145889 0.000440118 -0.00666149 -0.0174053 0.00664344
0.26 -0.0342167 0.0104613 0.000375211 -0.00469387 -0.0160166 0.00512895
0.27 -0.0301646 0.0062753 0.000305208 -0.00282576 -0.01405 0.00347536
0.28 -0.0248664 0.00254443 0.000235372 -0.001234 -0.0116401 0.00184946
0.29 -0.018746 -0.000307341 0.000164965 1.23078e-05 -0.00887485 0.000427877
0.3 -0.012186 -0.00221935 9.20627e-05 0.000935087 -0.00581506 -0.000671753
0.31 -0.00536098 -0.00347394 1.78395e-05 0.00159442 -0.0025369 -0.00141382
0.32 0.00163699 -0.00436455 -5.30114e-05 0.00202721 0.000821225 -0.00181101
0.33 0.00851632 -0.00488328 -0.000114559 0.00221365 0.00403731 -0.00187715
0.34 0.0146604 -0.00473813 -0.000161634 0.00209167 0.00683003 -0.0016193
0.35 0.0193118 -0.00366373 -0.00019034 0.0016093 0.00892372 -0.00106965
0.36 0.0219181 -0.00171111 -0.000198124 0.000781463 0.0101247 -0.000316613
0.37 0.0223611 0.000731587 -0.000184741 -0.000281959 0.0103733 0.00050275
0.38 0.0209273 0.00314513 -0.000153628 -0.00139056 0.00974907 0.00124662
0.39 0.0180971 0.00508612 -0.000111912 -0.00232119 0.00843299 0.00180905
0.4 0.0143364 0.00624911 -6.82362e-05 -0.0028778 0.00664803 0.00212692
0.41 0.0100095 0.00643496 -2.96734e-05 -0.0029413 0.00460532 0.00215888
0.42 0.00540705 0.00555035 2.24771e-07 -0.0024938 0.00247576 0.00186786
0.43 0.000812647 0.00366494 2.11313e-05 -0.00161044 0.000391712 0.00123005
0.44 -0.00345714 0.00103541 3.40493e-05 -0.000423412 -0.0015301 0.000260657
0.45 -0.00705773 -0.00198059 3.93711e-05 0.00092643 -0.00316196 -0.000971633
0.46 -0.00964757 -0.00507666 3.60114e-05 0.00232854 -0.00435288 -0.0023578
0.47 -0.0109209 -0.00809294 2.18012e-05 0.00371545 -0.00494039 -0.00377865
0.48 -0.0106353 -0.0109805 -5.28038e-06 0.00504676 -0.00478475 -0.00512686
0.49 -0.00864709 -0.0136796 -4.56789e-05 0.00627783 -0.00381276 -0.00630853
0.5 -0.00497069 -0.0160239 -9.72671e-05 0.0073338 -0.00205317 -0.00723407
0.51 0.000154935 -0.0177416 -0.00015524 0.00810543 0.000351751 -0.00781783
0.52 0.00624439 -0.018541 -0.000213009 0.00847045 0.00316503 -0.00799367
0.53 0.0126383 -0.0182137 -0.00026372 0.00833089 0.00609896 -0.00773506
0.54 0.0186593 -0.0167034 -0.000301722 0.00764989 0.00886822 -0.00706246
0.55 0.023769 -0.0141248 -0.00032348 0.00647193 0.0112329 -0.00603328
0.56 0.0276295 -0.0107393 -0.00032778 0.00491802 0.0130179 -0.00472474
0.57 0.0300466 -0.00690147 -0.000315344 0.00315752 0.0141072 -0.00322384
0.58 0.0308668 -0.0029859 -0.000288061 0.00136783 0.014425 -0.0016276
0.59 0.0299287 0.000683283 -0.000248036 -0.00030256 0.01392 -4.44857e-05
0.6 0.0271103 0.00387888 -0.000196866 -0.00175463 0.0125639 0.00141311
0.61 0.0224194 0.00647818 -0.000135581 -0.00293822 0.0103664 0.00264537
0.62 0.0160482 0.00843552 -6.53905e-05 -0.00383518 0.00739713 0.00358081
0.63 0.00835921 0.00973871 1.12257e-05 -0.00443774 0.00380293 0.00418217
0.64 -0.000161183 0.0103732 8.98858e-05 -0.00473446 -0.000190386 0.00444221
0.65 -0.00893877 0.0103135 0.000164711 -0.00471087 -0.0042953 0.00437722
0.66 -0.0173359 0.00954928 0.00022961 -0.00436393 -0.00819704 0.00402517
0.67 -0.0247022 0.00813381 0.000279709 -0.00372188 -0.0115968 0.00344723
0.68 -0.0304699 0.0062244 0.000312228 -0.00285804 -0.0142521 0.00272633
0.69 -0.0342568 0.00408433 0.000326573 -0.0018894 -0.0160026 0.00195811
0.7 -0.0359118 0.00203516 0.000323914 -0.000958077 -0.0167759 0.00123694
0.71 -0.0354767 0.000380139 0.000306578 -0.000201467 -0.0165755 0.000643712
0.72 -0.0331021 -0.000664104 0.000277446 0.000277436 -0.0154613 0.000239972
0.73 -0.0289895 -0.000999486 0.000239408 0.000428984 -0.0135335 6.69625e-05
0.74 -0.0233945 -0.000639977 0.000195015 0.000259329 -0.0109267 0.000144767
0.75 -0.0166683 0.000316944 0.000146517 -0.000182105 -0.00781247 0.000469221
0.76 -0.0092828 0.00172393 9.62678e-05 -0.00082305 -0.00440306 0.00100892
0.77 -0.001804 0.00341478 4.72187e-05 -0.00158768 -0.000947394 0.00170658
0.78 0.00517246 0.00522939 3.02312e-06 -0.00240772 0.0022853 0.0024863
0.79 0.0110926 0.00702606 -3.2465e-05 -0.00322295 0.00503319 0.00326376
0.8 0.0154992 0.0086752 -5.61107e-05 -0.00397414 0.00707492 0.0039554
0.81 0.0180725 0.0100394 -6.63508e-05 -0.00459506 0.00825958 0.00448433
0.82 0.0186653 0.0109594 -6.35581e-05 -0.00501059 0.00852575 0.00478483
0.83 0.0173244 0.0112655 -4.98134e-05 -0.00514475 0.00790489 0.00480755
0.84 0.0142846 0.010818 -2.82824e-05 -0.004937 0.0065094 0.0045257
0.85 0.00992528 0.00955537 -2.50056e-06 -0.00436051 0.00451041 0.00393961
0.86 0.00470424 0.00752464 2.42024e-05 -0.00343443 0.00211318 0.00307721
0.87 -0.00090009 0.00487716 4.90268e-05 -0.00222479 -0.000463103 0.00199015
0.88 -0.00641889 0.00183646 6.97596e-05 -0.00083321 -0.00299797 0.000747647
0.89 -0.0113978 -0.00134466 8.46205e-05 0.000622306 -0.00527667 -0.000569495
0.9 -0.0153991 -0.0044223 9.20337e-05 0.00202775 -0.00709665 -0.0018744
0.91 -0.0180239 -0.0071886 9.05059e-05 0.0032883 -0.00827812 -0.00308005
0.92 -0.0189556 -0.00948638 7.87507e-05 0.00433485 -0.00868043 -0.00410661
0.93 -0.018012 -0.0112113 5.60559e-05 0.00512225 -0.00822147 -0.00488918
0.94 -0.015183 -0.0123031 2.27367e-05 0.00562307 -0.00689442 -0.00538401
0.95 -0.0106403 -0.0127316 -1.95635e-05 0.00582188 -0.00477588 -0.00557159
0.96 -0.00472067 -0.0124899 -6.79065e-05 0.00571399 -0.00202144 -0.00545664
0.97 0.00211187 -0.0116 -0.000118455 0.00530958 0.00115103 -0.00506635
0.98 0.00931394 -0.0101294 -0.000167101 0.00464048 0.00448678 -0.00444775
0.99 0.0163169 -0.00820549 -0.000210096 0.00376517 0.00772228 -0.00366413
1 0.0225801 -0.00601393 -0.00024449 0.00276756 0.0106103 -0.00278972
1.01 0.0276362 -0.00377705 -0.000268275 0.00174799 0.0129383 -0.00190271
1.02 0.0311203 -0.00171836 -0.000280278 0.00080825 0.0145389 -0.00107751
1.03 0.0327826 -2.60845e-05 -0.00027995 3.51039e-05 0.0152953 -0.000377974
1.04 0.0324899 0.00117301 -0.000267193 -0.000512667 0.0151444 0.000147631
1.05 0.0302278 0.00182427 -0.000242337 -0.000810117 0.0140799 0.000469723
1.06 0.026109 0.0019409 -0.000206258 -0.000864167 0.0121565 0.000579219
1.07 0.0203834 0.00158904 -0.000160541 -0.00070593 0.00949198 0.00048809
1.08 0.0134356 0.000868557 -0.000107598 -0.000381108 0.00626486 0.000228231
1.09 0.00576263 -0.000104061 -5.06118e-05 5.78288e-05 0.00270315 -0.000151808
1.1 -0.00207298 -0.00120592 6.72009e-06 0.000555689 -0.000934684 -0.000592073
1.11 -0.00950064 -0.00231041 6.06148e-05 0.00105521 -0.00438479 -0.00102752
1.12 -0.0159985 -0.00328644 0.000107703 0.00149661 -0.00740428 -0.00139434
1.13 -0.0211386 -0.0040006 0.000145444 0.00181892 -0.00979394 -0.00163567
1.14 -0.0246171 -0.00432728 0.000172335 0.00196486 -0.0114137 -0.00170652
1.15 -0.0262701 -0.00416674 0.000187884 0.00188908 -0.0121894 -0.00157797
1.16 -0.0260767 -0.00346585 0.000192406 0.0015674 -0.0121128 -0.00124014
1.17 -0.0241496 -0.00223373 0.000186773 0.00100387 -0.0112357 -0.000703423
1.18 -0.0207181 -0.000545763 0.000172248 0.000232639 -0.00966248 2.34594e-06
1.19 -0.0161067 0.00146607 0.000150421 -0.000686151 -0.00754187 0.000830794
1.2 -0.010714 0.00363355 0.000123241 -0.0016756 -0.00505808 0.0017233
1.21 -0.00499086 0.00577701 9.30269e-05 -0.00265347 -0.00242039 0.00261409
1.22 0.000585623 0.00772766 6.24027e-05 -0.00354264 0.000150408 0.00343571
1.23 0.00554829 0.0093428 3.41088e-05 -0.00427824 0.00243901 0.00412473
1.24 0.00948278 0.010513 1.07103e-05 -0.0048108 0.00425509 0.0046272
1.25 0.0120707 0.0111628 -5.73572e-06 -0.00510639 0.00545209 0.00490344
1.26 0.0131226 0.0112496 -1.3966e-05 -0.00514569 0.00594201 0.00493152
1.27 0.0125936 0.0107631 -1.36667e-05 -0.0049238 0.0057032 0.00470885
1.28 0.0105808 0.00972743 -5.45447e-06 -0.00445142 0.00478001 0.00425212
1.29 0.00730602 0.00820507 9.3014e-06 -0.00375687 0.00327505 0.00359554
1.3 0.00308861 0.00629903 2.87434e-05 -0.00288708 0.00133639 0.00278788
1.31 -0.00168517 0.00414935 5.07827e-05 -0.00190594 -0.00085762 0.00188825
1.32 -0.00659476 0.00192178 7.32803e-05 -0.000889043 -0.00311343 0.00096112
1.33 -0.0112165 -0.000210812 9.41374e-05 8.48383e-05 -0.00523624 7.0726e-05
1.34 -0.015152 -0.00209023 0.000111335 0.000943545 -0.00704255 -0.000724406
1.35 -0.0180543 -0.00359232 0.000122984 0.00163036 -0.00837189 -0.00137626
1.36 -0.0196512 -0.00463935 0.000127428 0.00210975 -0.00909813 -0.00185099
1.37 -0.0197672 -0.00520339 0.000123413 0.00236899 -0.00914009 -0.00213128
1.38 -0.0183419 -0.00530199 0.00011028 0.00241627 -0.00847 -0.00221722
1.39 -0.0154403 -0.00498934 8.81298e-05 0.00227644 -0.0071182 -0.00212583
1.4 -0.0112519 -0.00434641 5.78837e-05 0.00198642 -0.00517218 -0.00188896
1.41 -0.00607498 -0.00347243 2.12284e-05 0.00159121 -0.00276939 -0.00155004
1.42 -0.00028801 -0.00247841 -1.95667e-05 0.00114107 -8.43687e-05 -0.00115966
1.43 0.00568655 -0.00148153 -6.19077e-05 0.000689194 0.00268773 -0.00077066
1.44 0.0114204 -0.000598887 -0.000103148 0.000288883 0.0053487 -0.000433184
1.45 0.016514 6.11382e-05 -0.000140817 -1.04156e-05 0.0077135 -0.000190113
1.46 0.0206245 0.000410048 -0.000172762 -0.000168307 0.00962352 -7.32449e-05
1.47 0.0234874 0.000391194 -0.00019723 -0.000158957 0.0109563 -0.000100489
1.48 0.0249301 -1.05396e-05 -0.000212898 2.45293e-05 0.0116319 -0.000274317
1.49 0.0248814 -0.000764583 -0.000218903 0.000368245 0.011617 -0.000581648
1.5 0.0233743 -0.00179785 -0.0002149 0.000838906 0.010926 -0.000995206
1.51 0.0205436 -0.00300467 -0.000201126 0.00138834 0.00962068 -0.00147617
1.52 0.0166175 -0.00426098 -0.000178458 0.00195994 0.0078059 -0.00197785
1.53 0.0119017 -0.00543929 -0.000148407 0.00249555 0.00562279 -0.00245
1.54 0.00675598 -0.00642153 -0.000113029 0.00294143 0.00323769 -0.00284334
1.55 0.00156487 -0.00710837 -7.47439e-05 0.00325246 0.00082831 -0.00311408
1.56 -0.0032961 -0.00742484 -3.61033e-05 0.00339468 -0.00143164 -0.0032279
1.57 -0.00749259 -0.00732358 4.59902e-07 0.00334664 -0.00338732 -0.00316305
1.58 -0.0107587 -0.00678678 3.28412e-05 0.00310023 -0.00491521 -0.00291237
1.59 -0.0129151 -0.00582786 5.94061e-05 0.00266153 -0.00593164 -0.00248398
1.6 -0.013878 -0.00449254 7.90559e-05 0.00205128 -0.00639696 -0.00190055
1.61 -0.0136588 -0.00285823 9.1232e-05 0.00130471 -0.00631562 -0.00119741
1.62 -0.0123574 -0.00103022 9.58894e-05 0.000469827 -0.00573303 -0.000419518
1.63 -0.0101504 0.000866252 9.34616e-05 -0.000396286 -0.00473014 0.000382271
1.64 -0.00727613 0.00269778 8.48303e-05 -0.00123279 -0.00341639 0.00115552
1.65 -0.0040161 0.00433674 7.12903e-05 -0.00198147 -0.00192135 0.00185055
1.66 -0.000674271 0.00567471 5.44907e-05 -0.00259288 -0.000385196 0.00242457
1.67 0.00244616 0.00663302 3.63305e-05 -0.00303113 0.00105194 0.00284502
1.68 0.00506684 0.00716854 1.88041e-05 -0.00327659 0.00226111 0.00309211
1.69 0.0069573 0.00727475 3.8109e-06 -0.00332633 0.00313533 0.00316013
1.7 0.0079546 0.00697873 -7.03837e-06 -0.00319273 0.00359871 0.0030575
1.71 0.00797677 0.00633588 -1.25823e-05 -0.00290104 0.00361277 0.00280575
1.72 0.00702825 0.00542358 -1.22064e-05 -0.00248646 0.00317889 0.00243727
1.73 0.00519665 0.00433477 -5.86838e-06 -0.00199125 0.00233686 0.00199217
1.74 0.00264162 0.0031714 5.941e-06 -0.00146176 0.00115984 0.0015146
1.75 -0.000421743 0.00203747 2.22796e-05 -0.000945315 -0.000253227 0.00104872
1.76 -0.0037425 0.00103108 4.18531e-05 -0.000486607 -0.00178663 0.000634825
1.77 -0.00705421 0.000235913 6.31146e-05 -0.000123794 -0.00331724 0.000305874
1.78 -0.0100945 -0.000287261 8.43593e-05 0.000115387 -0.00472364 8.4786e-05
1.79 -0.0126232 -0.000507414 0.000103821 0.000216752 -0.00589455 -1.73513e-05
1.8 -0.0144391 -0.000426939 0.000119777 0.000181361 -0.00673644 -1.95986e-06
1.81 -0.0153938 -8.11391e-05 0.000130673 2.52811e-05 -0.0071801 0.00011749
1.82 -0.0154028 0.000466539 0.000135258 -0.000222584 -0.00718577 0.000317027
1.83 -0.0144525 0.00113262 0.000132705 -0.000524206 -0.00674634 0.000564666
1.84 -0.0126008 0.00182347 0.000122716 -0.000836941 -0.00588798 0.000823565
1.85 -0.00997259 0.00244518 0.000105553 -0.00111805 -0.00466791 0.00105559
1.86 -0.00674842 0.00291225 8.20278e-05 -0.00132866 -0.00316935 0.00122493
1.87 -0.00314881 0.00315437 5.34173e-05 -0.00143681 -0.00149415 0.00130149
1.88 0.00058485 0.00312139 2.13454e-05 -0.00141976 0.000245933 0.00126372
1.89 0.00420987 0.00278677 -1.23543e-05 -0.00126545 0.0019383 0.00110063
1.9 0.00750047 0.00214975 -4.57746e-05 -0.000973547 0.00347796 0.000812907
1.91 0.010263 0.00123619 -7.70553e-05 -0.000555829 0.00477455 0.000412866
1.92 0.0123477 9.77269e-05 -0.000104489 -3.57902e-05 0.00575782 -7.65457e-05
1.93 0.013656 -0.00119144 -0.000126612 0.000552768 0.00638128 -0.000623735
1.94 0.0141455 -0.00254023 -0.000142292 0.00116834 0.00662429 -0.00119118
1.95 0.0138306 -0.00384877 -0.000150802 0.00176541 0.00649255 -0.00173866
1.96 0.0127797 -0.00501798 -0.000151881 0.0022988 0.00601698 -0.0022267
1.97 0.0111095 -0.00595927 -0.000145764 0.00272815 0.005251 -0.00261992
1.98 0.00897541 -0.00660304 -0.000133175 0.00302172 0.00426607 -0.00289006
1.99 0.00655814 -0.0069046 -0.000115268 0.00315919 0.00314583 -0.00301825
2 0.00404926 -0.00684723 -9.35244e-05 0.00313296 0.00197911 -0.00299655
2.01 0.00163541 -0.00644217 -6.9623e-05 0.00294818 0.00085278 -0.00282849
2.02 -0.00051625 -0.00572628 -4.52929e-05 0.00262166 -0.000155133 -0.00252862
2.03 -0.00227005 -0.00475799 -2.21791e-05 0.00218002 -0.000980998 -0.00212113
2.04 -0.00353024 -0.00361223 -1.72699e-06 0.00165739 -0.00157956 -0.00163765
2.05 -0.00424538 -0.00237452 1.49032e-05 0.00109268 -0.00192606 -0.00111449
2.06 -0.00440902 -0.00113457 2.68963e-05 0.000526765 -0.00201658 -0.000589513
2.07 -0.00405718 2.06455e-05 3.38189e-05 -7.42029e-07 -0.00186698 -9.88734e-05
2.08 -0.00326325 0.00101398 3.56368e-05 -0.000454668 -0.00151062 0.000325919
2.09 -0.00213112 0.00178479 3.27132e-05 -0.000807354 -0.000995179 0.000660545
2.1 -0.000786633 0.00229446 2.57836e-05 -0.00104116 -0.000378745 0.000889706
2.11 0.000632103 0.00252978 1.59033e-05 -0.00115004 0.000274663 0.00100814
2.12 0.00198531 0.00250375 4.36395e-06 -0.00113989 0.000900022 0.0010207
2.13 0.00314236 0.00225337 -7.41621e-06 -0.00102754 0.00143634 0.00094162
2.14 0.00399185 0.001835 -1.80177e-05 -0.000838646 0.00183139 0.000792825
2.15 0.00445014 0.00131785 -2.61468e-05 -0.000604726 0.00204572 0.000601733
2.16 0.00446715 0.000776734 -3.07476e-05 -0.000359823 0.00205539 0.000398529
2.17 0.00402913 0.000284821 -3.10861e-05 -0.000137232 0.00185337 0.000213269
2.18 0.00315818 -9.27792e-05 -2.68007e-05 3.34329e-05 0.00144935 7.30555e-05
2.19 0.00190889 -0.000304363 -1.79181e-05 0.000128663 0.000868254 -4.74521e-07
2.2 0.000362826 -0.000315693 -4.84117e-06 0.000132891 0.000147695 6.87817e-06
2.21 -0.00137836 -0.000112732 1.16873e-05 3.97351e-05 -0.000665186 0.000100607
2.22 -0.00320053 0.000297068 3.06373e-05 -0.000147414 -0.00151724 0.000277045
2.23 -0.00498487 0.000885088 5.07604e-05 -0.000415535 -0.00235295 0.000523743
2.24 -0.00661555 0.00160369 7.0672e-05 -0.000742938 -0.003118 0.000820651
2.25 -0.00798701 0.00239019 8.89475e-05 -0.00110109 -0.00376274 0.00114197
2.26 -0.00901071 0.00317262 0.000104227 -0.00145719 -0.00424535 0.00145853
2.27 -0.00962076 0.00387646 0.000115321 -0.00177732 -0.00453454 0.0017404
2.28 -0.00977817 0.00443199 0.00012131 -0.00202971 -0.00461155 0.00195965
2.29 -0.009473 0.00478093 0.000121615 -0.00218784 -0.00447126 0.0020928
2.3 -0.00872445 0.00488188 0.000116051 -0.00223285 -0.00412223 0.00212298
2.31 -0.00757855 0.00471386 0.00010483 -0.00215523 -0.00358568 0.00204141
2.32 -0.00610406 0.00427777 8.85466e-05 -0.00195542 -0.00289361 0.00184819
2.33 -0.00438696 0.00359584 6.8118e-05 -0.00164356 -0.00208624 0.00155233
2.34 -0.00252426 0.00270942 4.47183e-05 -0.00123852 -0.00120907 0.00117099
2.35 -0.000617584 0.00167538 1.96918e-05 -0.000766206 -0.000309955 0.000728004
2.36 0.00123284 0.000561505 -5.53734e-06 -0.000257503 0.000563843 0.000251867
2.37 0.00293381 -0.000558847 -2.95567e-05 0.000254169 0.00136825 -0.000226646
2.38 0.00440406 -0.00161252 -5.10567e-05 0.000735479 0.00206475 -0.000677056
2.39 0.0055785 -0.00253247 -6.89162e-05 0.00115587 0.00262241 -0.00107168
2.4 0.00641161 -0.00326329 -8.22779e-05 0.00149007 0.00301951 -0.00138783
2.41 0.00687969 -0.00376585 -9.06076e-05 0.00172024 0.00324462 -0.00160962
2.42 0.00698182 -0.00402059 -9.37297e-05 0.00183744 0.00329712 -0.00172904
2.43 0.00673936 -0.00402877 -9.18345e-05 0.00184223 0.00318688 -0.00174645
2.44 0.00619377 -0.00381188 -8.5454e-05 0.00174438 0.00293335 -0.00167025
2.45 0.00540317 -0.00340892 -7.54104e-05 0.00156166 0.00256388 -0.00151593
2.46 0.00443784 -0.00287222 -6.27413e-05 0.00131788 0.00211159 -0.00130448
2.47 0.00337511 -0.00226213 -4.86124e-05 0.00104053 0.00161296 -0.0010604
2.48 0.00229415 -0.00164132 -3.42249e-05 0.000758135 0.00110537 -0.000809383
2.49 0.00127103 -0.00106927 -2.0726e-05 0.000497779 0.000624747 -0.000576021
2.5 0.000374128 -0.00059722 -9.12872e-06 0.000282784 0.000203353 -0.000381619
2.51 -0.000339743 -0.000264064 -2.43578e-07 0.000130865 -0.000132032 -0.000242368
2.52 -0.00082865 -9.33453e-05 5.37444e-06 5.27462e-05 -0.000361682 -0.00016801
2.53 -0.00106802 -9.14902e-05 7.4619e-06 5.13657e-05 -0.000474101 -0.000161118
2.54 -0.00105219 -0.000247465 6.06312e-06 0.000121715 -0.000466745 -0.000217036
2.55 -0.000794853 -0.000533932 1.52434e-06 0.000251364 -0.000346215 -0.000324477
2.56 -0.000328234 -0.000909901 -5.53571e-06 0.000421662 -0.000127839 -0.000466715
2.57 0.000299135 -0.00132471 -1.4278e-05 0.000609549 0.000165382 -0.000623255
2.58 0.00102583 -0.00172297 -2.37144e-05 0.00078982 0.00050442 -0.000771825
2.59 0.00178197 -0.00205007 -3.27917e-05 0.00093761 0.000856333 -0.000890505
2.6 0.00249433 -0.00225745 -4.04797e-05 0.00103083 0.00118667 -0.000959808
2.61 0.00309155 -0.00230736 -4.5856e-05 0.0010523 0.00146195 -0.000964519
2.62 0.00350929 -0.00217629 -4.81783e-05 0.000991336 0.0016521 -0.00089513
2.63 0.00369477 -0.00185711 -4.6941e-05 0.00084472 0.00173256 -0.000748766
2.64 0.00361059 -0.00135958 -4.19119e-05 0.000616921 0.00168607 -0.000529492
2.65 0.00323765 -0.000709431 -3.31488e-05 0.000319678 0.00150403 -0.000248015
2.66 0.00257696 5.38813e-05 -2.0996e-05 -2.90277e-05 0.00118733 7.92076e-05
2.67 0.00165031 0.000880492 -6.06141e-06 -0.000406473 0.000746603 0.000431367
2.68 0.000499528 0.00171424 1.08239e-05 -0.000787071 0.000201855 0.000785068
2.69 -0.000815596 0.00249727 2.86626e-05 -0.00114447 -0.000418547 0.00111631
2.7 -0.0022208 0.00317489 4.63613e-05 -0.00145374 -0.00107955 0.00140253
2.71 -0.00363208 0.00370009 6.28097e-05 -0.00169348 -0.00174165 0.00162445
2.72 -0.00496132 0.00403762 7.69619e-05 -0.00184761 -0.00236354 0.00176769
2.73 -0.00612244 0.00416689 8.79139e-05 -0.00190674 -0.00290502 0.0018239
2.74 -0.00703753 0.00408368 9.49697e-05 -0.00186897 -0.00332983 0.00179138
2.75 -0.00764247 0.00380026 9.76902e-05 -0.00173986 -0.00360828 0.00167509
2.76 -0.00789164 0.00334402 9.59215e-05 -0.00153191 -0.00371943 0.00148617
2.77 -0.0077614 0.00275475 8.98007e-05 -0.00126324 -0.00365267 0.00124085
2.78 -0.00725206 0.0020809 7.97419e-05 -0.000955923 -0.00340861 0.000958975
2.79 -0.00638831 0.00137526 6.64015e-05 -0.000634004 -0.00299925 0.000662289
2.8 -0.00521799 0.000690311 5.06305e-05 -0.000321402 -0.00244733 0.000372532
2.81 -0.00380927 7.39648e-05 3.34127e-05 -3.99372e-05 -0.00178503 0.000109621
2.82 -0.0022464 -0.000434324 1.57969e-05 0.00019241 -0.0010519 -0.000109988
2.83 -0.000624119 -0.000806561 -1.17602e-06 0.000362877 -0.000292277 -0.000274592
2.84 0.000958765 -0.00102824 -1.6545e-05 0.000464839 0.000447745 -0.000378084
2.85 0.00240636 -0.00109918 -2.94948e-05 0.0004982 0.00112356 -0.000420286
2.86 0.00363255 -0.00103318 -3.94113e-05 0.000469219 0.00169523 -0.000406745
2.87 0.0045673 -0.000856381 -4.59213e-05 0.000389785 0.00213043 -0.000348028
2.88 0.00516175 -0.00060456 -4.89123e-05 0.000276172 0.00240672 -0.000258575
2.89 0.00539175 -0.00031952 -4.85328e-05 0.000147401 0.00251326 -0.000155238
2.9 0.00525962 -4.4961e-05 -4.51713e-05 2.33621e-05 0.00245148 -5.56251e-05
2.91 0.00479383 0.000177767 -3.94179e-05 -7.71287e-05 0.00223497 2.35935e-05
2.92 0.00404679 0.000313621 -3.20124e-05 -0.000138125 0.00188839 6.82618e-05
2.93 0.00309089 0.00033712 -2.37825e-05 -0.000148038 0.00144561 6.80625e-05
2.94 0.00201307 0.000234639 -1.55789e-05 -0.000100675 0.00094712 1.74731e-05
2.95 0.000908208 5.5497e-06 -8.20989e-06 4.23778e-06 0.000437025 -8.37278e-05
2.96 -0.000128049 -0.000337827 -2.38032e-06 0.000161081 -4.03587e-05 -0.000230442
2.97 -0.00100668 -0.000771408 1.36026e-06 0.000358881 -0.000443895 -0.000412716
2.98 -0.00165228 -0.00126153 2.65844e-06 0.000582305 -0.000738856 -0.000616648
2.99 -0.00200906 -0.00176795 1.38271e-06 0.000813025 -0.000899699 -0.000825633
3 -0.00204542 -0.00224736 -2.36787e-06 0.00103132 -0.000912149 -0.00102186
3.01 -0.00175668 -0.00265724 -8.27293e-06 0.00121784 -0.000774421 -0.00118791
3.02 -0.00116562 -0.00295958 -1.58178e-05 0.00135526 -0.000497457 -0.00130828
3.03 -0.000320915 -0.0031243 -2.43361e-05 0.00142989 -0.00010414 -0.00137077
3.04 0.000706622 -0.00313195 -3.30635e-05 0.00143289 0.000372444 -0.00136758
3.05 0.00182946 -0.00297544 -4.11995e-05 0.00136103 0.000891567 -0.00129596
3.06 0.00295017 -0.00266072 -4.79701e-05 0.00121703 0.00140803 -0.00115847
3.07 0.00396907 -0.00220621 -5.26879e-05 0.0010093 0.00187568 -0.000962756
3.08 0.00479205 -0.00164114 -5.48045e-05 0.00075115 0.0022511 -0.00072091
3.09 0.00533804 -0.00100301 -5.39523e-05 0.000459685 0.00249698 -0.000448422
3.1 0.00554567 -0.000334333 -4.99725e-05 0.000154276 0.00258521 -0.000162884
3.11 0.00537831 0.000320953 -4.29284e-05 -0.000145054 0.00249924 0.000117486
3.12 0.00482744 0.000921102 -3.31024e-05 -0.000419281 0.00223552 0.00037534
3.13 0.00391381 0.00142992 -2.09781e-05 -0.000651907 0.00180407 0.000595602
3.14 0.00268632 0.00181956 -7.20658e-06 -0.000830241 0.00122791 0.000766654
3.15 0.00121873 0.00207263 7.43887e-06 -0.000946345 0.00054151 0.000881194
3.16 -0.000395693 0.00218331 2.21178e-05 -0.000997555 -0.000211681 0.000936709
3.17 -0.00205103 0.00215753 3.59823e-05 -0.000986561 -0.000982472 0.000935528
3.18 -0.00363669 0.00201214 4.82374e-05 -0.000921018 -0.0017196 0.000884449
3.19 -0.00504575 0.00177305 5.81962e-05 -0.000812727 -0.00237357 0.000793989
3.2 -0.00618301 0.00147274 6.53267e-05 -0.000676461 -0.00290045 0.000677325
3.21 -0.00697224 0.00114707 6.92864e-05 -0.000528549 -0.00326511 0.000549033
3.22 -0.0073619 0.000831934 6.99425e-05 -0.000385336 -0.00344392 0.000423724
3.23 -0.00732902 0.000559998 6.73768e-05 -0.000261691 -0.00342651 0.000314717
3.24 -0.00688093 0.000357753 6.18758e-05 -0.000169676 -0.00321653 0.000232855
3.25 -0.00605467 0.000243268 5.3906e-05 -0.000117521 -0.00283136 0.000185575
3.26 -0.00491414 0.000224746 4.40783e-05 -0.000108961 -0.0023008 0.000176297
3.27 -0.00354519 0.000300006 3.31016e-05 -0.000143007 -0.00166471 0.0002042
3.28 -0.00204903 0.000456917 2.17308e-05 -0.000214137 -0.000970058 0.000264378
3.29 -0.000534433 0.000674694 1.07118e-05 -0.000312894 -0.000267207 0.000348377
3.3 0.000890593 0.000925959 7.28098e-07 -0.000426817 0.000393883 0.000445041
3.31 0.00212712 0.00117935 -7.64713e-06 -0.000541636 0.000967505 0.000541599
3.32 0.0030928 0.00140248 -1.399e-05 -0.00064261 0.00141567 0.000624886
3.33 0.00372807 0.00156496 -1.80523e-05 -0.000715913 0.00171095 0.000682594
3.34 0.00400046 0.00164127 -1.97743e-05 -0.00074993 0.00183846 0.000704429
3.35 0.00390679 0.00161313 -1.9283e-05 -0.000736351 0.00179688 0.000683087
3.36 0.00347301 0.00147128 -1.68758e-05 -0.000670969 0.00159833 0.000614949
3.37 0.00275182 0.00121637 -1.29921e-05 -0.000554094 0.00126726 0.000500446
3.38 0.00181813 0.000858995 -8.17583e-06 -0.000390564 0.000838365 0.000344068
3.39 0.000762856 0.000418818 -3.02953e-06 -0.000189346 0.000353698 0.000154001
3.4 -0.000314451 -7.71264e-05 1.83372e-06 3.72376e-05 -0.000140756 -5.85486e-05
3.41 -0.00131372 -0.000596735 5.83911e-06 0.000274555 -0.000598809 -0.000280293
3.42 -0.0021424 -0.00110557 8.49529e-06 0.00050691 -0.000977788 -0.000496978
3.43 -0.00272288 -0.00156973 9.43284e-06 0.00071886 -0.00124197 -0.000694575
3.44 -0.00299876 -0.00195869 8.4331e-06 0.000896494 -0.00136542 -0.000860442
3.45 -0.00293927 -0.00224775 5.44531e-06 0.00102856 -0.00133412 -0.000984353
3.46 -0.00254177 -0.00242005 5.90469e-07 0.00110737 -0.00114698 -0.00105931
3.47 -0.00183185 -0.00246776 -5.84811e-06 0.00112935 -0.000816003 -0.00108208
3.48 -0.00086127 -0.00239268 -1.34469e-05 0.00109533 -0.000365225 -0.00105337
3.49 0.000296226 -0.00220584 -2.16746e-05 0.00101032 0.00017118 -0.0009777
3.5 0.00155084 -0.00192644 -2.99331e-05 0.000883056 0.000751653 -0.000862949
3.51 0.00280385 -0.00157998 -3.76026e-05 0.000725172 0.00133055 -0.000719592
3.52 0.00395543 -0.00119603 -4.40881e-05 0.000550124 0.00186176 -0.000559757
3.53 0.00491252 -0.000805513 -4.88638e-05 0.000372004 0.00230233 -0.000396162
3.54 0.00559615 -0.000438067 -5.15121e-05 0.000204313 0.00261584 -0.000241008
3.55 0.00594756 -0.000119512 -5.17547e-05 5.8816e-05 0.00277523 -0.000104962
3.56 0.0059328 0.000130253 -4.94732e-05 -5.54175e-05 0.00276493 3.71461e-06
3.57 0.00554536 0.000298782 -4.47185e-05 -0.000132711 0.00258206 7.97949e-05
3.58 0.00480658 0.000381904 -3.77076e-05 -0.000171157 0.00223659 0.000121437
3.59 0.00376399 0.000383803 -2.88083e-05 -0.00017265 0.00175059 0.000130225
3.6 0.00248755 0.00031635 -1.85135e-05 -0.000142587 0.0011565 0.000110895
3.61 0.00106416 0.00019777 -7.40577e-06 -8.92553e-05 0.000494542 7.07944e-05
3.62 -0.000409089 5.07732e-05 3.88384e-06 -2.2987e-05 -0.000190323 1.91098e-05
3.63 -0.00183234 -9.96873e-05 1.47201e-05 4.48653e-05 -0.000851902 -3.40578e-05
3.64 -0.00311061 -0.000228824 2.45075e-05 0.000103024 -0.00144626 -7.86802e-05
3.65 -0.00416092 -0.000314377 3.27312e-05 0.000141362 -0.00193502 -0.00010577
3.66 -0.00491843 -0.000338726 3.899e-05 0.000151863 -0.00228818 -0.000108237
3.67 -0.00534101 -0.000290547 4.30227e-05 0.00012938 -0.00248624 -8.15633e-05
3.68 -0.0054121 -0.00016588 4.47216e-05 7.21171e-05 -0.00252154 -2.42322e-05
3.69 -0.0051415 3.14824e-05 4.41371e-05 -1.81922e-05 -0.00239857 6.21169e-05
3.7 -0.00456409 0.000290335 4.14693e-05 -0.000136438 -0.00213343 0.000172824
3.71 -0.00373668 0.000593058 3.70497e-05 -0.000274591 -0.00175234 0.000300615
3.72 -0.00273321 0.000917196 3.13139e-05 -0.000422422 -0.00128946 0.000436247
3.73 -0.0016386 0.00123745 2.47669e-05 -0.000568406 -0.000784016 0.000569319
3.74 -0.000542001 0.00152791 1.79441e-05 -0.000700746 -0.000277191 0.00068919
3.75 0.000470318 0.00176434 1.1371e-05 -0.000808401 0.000191143 0.000785913
3.76 0.00132164 0.00192626 5.52394e-06 -0.000882045 0.000585517 0.000851102
3.77 0.00195064 0.00199873 7.96168e-07 -0.000914879 0.00087756 0.000878662
3.78 0.00231586 0.00197362 -2.52977e-06 -0.000903208 0.00104808 0.000865313
3.79 0.00239858 0.00185032 -4.30021e-06 -0.000846754 0.00108836 0.000810866
3.8 0.00220383 0.00163575 -4.49855e-06 -0.000748673 0.00100066 0.000718239
3.81 0.00175943 0.00134375 -3.24281e-06 -0.000615274 0.000797782 0.000593193
3.82 0.00111337 0.000993874 -7.73085e-07 -0.000455476 0.000501817 0.00044384
3.83 0.000329549 0.000609736 2.56999e-06 -0.000280033 0.00014223 0.000279949
3.84 -0.000517642 0.000216961 6.3741e-06 -0.000100626 -0.000246663 0.000112125
3.85 -0.00134946 -0.000158942 1.01891e-05 7.11193e-05 -0.000628521 -4.90708e-05
3.86 -0.00208923 -0.000494693 1.35634e-05 0.000224591 -0.000967941 -0.000193983
3.87 -0.00266844 -0.000771102 1.60802e-05 0.000351043 -0.00123329 -0.000314627
3.88 -0.0030322 -0.000974551 1.73905e-05 0.000444264 -0.00139919 -0.000405298
3.89 -0.00314343 -0.00109795 1.72411e-05 0.000501014 -0.0014485 -0.000462971
3.9 -0.00298565 -0.0011411 1.54947e-05 0.000521197 -0.00137358 -0.000487452
3.91 -0.00256408 -0.00111048 1.21414e-05 0.000507755 -0.00117681 -0.000481294
3.92 -0.00190501 -0.00101842 7.30004e-06 0.000466298 -0.000870318 -0.000449461
3.93 -0.00105354 -0.000881839 1.20995e-06 0.000404516 -0.000474916 -0.0003988
3.94 -6.98269e-05 -0.000720525 -5.78643e-06 0.000331422 -1.83966e-05 -0.000337357
3.95 0.000975696 -0.000555294 -1.32685e-05 0.000256487 0.000466692 -0.000273597
3.96 0.00200792 -0.000406029 -2.07681e-05 0.000188762 0.000945617 -0.000215614
3.97 0.00295287 -0.000289876 -2.78036e-05 0.000136052 0.00138415 -0.000170392
3.98 0.00374334 -0.000219709 -3.39146e-05 0.000104219 0.00175116 -0.000143174
3.99 0.00432392 -0.000203018 -3.86953e-05 9.66719e-05 0.00202097 -0.000137014
4 0.00465503 -0.000241305 -4.1823e-05 0.000114095 0.0021752 -0.000152528
