0.01 9.12328e-07 -7.99486e-07 -9.20265e-09 1.84781e-07 2.58144e-07 -3.16371e-06
0.02 8.05705e-06 -7.10838e-06 -8.3753e-08 1.55023e-06 2.10675e-06 -1.69552e-05
0.03 3.58823e-05 -3.17541e-05 -3.7214e-07 6.45912e-06 8.57952e-06 -4.91562e-05
0.04 0.000109045 -9.65384e-05 -1.10207e-06 1.82363e-05 2.37233e-05 -0.00010574
0.05 0.000257368 -0.000227351 -2.51045e-06 4.01593e-05 5.124e-05 -0.000189522
0.06 0.000507069 -0.000445428 -4.79051e-06 7.48853e-05 9.4089e-05 -0.000300759
0.07 0.000871827 -0.00075832 -8.06059e-06 0.000124086 0.000154733 -0.000437267
0.08 0.00134633 -0.00115386 -1.23013e-05 0.000187266 0.000234174 -0.000593114
0.09 0.0019047 -0.00159985 -1.72759e-05 0.000260119 0.000329657 -0.000759516
0.1 0.00250525 -0.0020506 -2.25248e-05 0.000334425 0.000433505 -0.000925376
0.11 0.00310079 -0.00245852 -2.74969e-05 0.000400731 0.000535365 -0.00107878
0.12 0.00364982 -0.00278573 -3.17554e-05 0.000452224 0.000626721 -0.00120855
0.13 0.00412298 -0.00301037 -3.50945e-05 0.000486601 0.000703706 -0.00130464
0.14 0.0045017 -0.00312518 -3.74754e-05 0.000504512 0.000765689 -0.00135881
0.15 0.00477151 -0.00313116 -3.88663e-05 0.000506487 0.000811366 -0.00136509
0.16 0.00491566 -0.00303109 -3.91451e-05 0.000491553 0.000836476 -0.00132048
0.17 0.00491366 -0.00282682 -3.81429e-05 0.000458482 0.000835248 -0.00122577
0.18 0.00474494 -0.00252046 -3.57552e-05 0.000407729 0.00080365 -0.0010854
0.19 0.00439495 -0.00211785 -3.19998e-05 0.000341767 0.000741051 -0.000907001
0.2 0.00386097 -0.0016322 -2.69889e-05 0.000263845 0.000649215 -0.000700454
0.21 0.00315586 -0.00108678 -2.08931e-05 0.000177137 0.000530665 -0.000477005
0.22 0.00230939 -0.000515267 -1.39612e-05 8.55226e-05 0.000388775 -0.000248642
0.23 0.00136617 4.15517e-05 -6.56682e-06 -5.15581e-06 0.000229392 -2.73411e-05
0.24 0.000379755 0.000542853 8.05189e-07 -8.74614e-05 6.16158e-05 0.000175808
0.25 -0.000595779 0.000956566 7.67102e-06 -0.000154822 -0.000103898 0.00035162
0.26 -0.0015136 0.00126586 1.36854e-05 -0.000204146 -0.00025804 0.00049367
0.27 -0.00233777 0.00147023 1.86961e-05 -0.000236323 -0.000395131 0.000598649
0.28 -0.00304195 0.00158129 2.26828e-05 -0.000254366 -0.000512188 0.000666324
0.29 -0.00360537 0.00161606 2.56485e-05 -0.0002611 -0.000606713 0.000699237
0.3 -0.0040098 0.00159168 2.75621e-05 -0.000258347 -0.000675334 0.000702335
0.31 -0.0042399 0.00152318 2.83831e-05 -0.000247699 -0.000714463 0.000682555
0.32 -0.00428685 0.00142409 2.81235e-05 -0.000231469 -0.000722105 0.000648177
0.33 -0.00415293 0.00130827 2.68846e-05 -0.000212686 -0.000699142 0.000607959
0.34 -0.00385477 0.00119144 2.48502e-05 -0.000194353 -0.000649288 0.000570149
0.35 -0.00342367 0.00109144 2.22629e-05 -0.000179006 -0.000578221 0.000541616
0.36 -0.00290285 0.00102669 1.94059e-05 -0.000168919 -0.000492786 0.000527271
0.37 -0.00234209 0.00101272 1.65838e-05 -0.000166349 -0.000400579 0.000529741
0.38 -0.00179099 0.00105768 1.4084e-05 -0.000173023 -0.000309504 0.000549216
0.39 -0.00129272 0.0011586 1.21207e-05 -0.000189027 -0.000226939 0.000583425
0.4 -0.000879589 0.00130058 1.07905e-05 -0.000212064 -0.000158675 0.000627792
0.41 -0.000571741 0.00145949 1.0069e-05 -0.000237862 -0.000108207 0.000675872
0.42 -0.000378305 0.00160747 9.85092e-06 -0.00026152 -7.67673e-05 0.000720037
0.43 -0.000299866 0.0017187 1.00036e-05 -0.000278864 -6.39706e-05 0.000752317
0.44 -0.000330385 0.00177338 1.04024e-05 -0.000287041 -6.85101e-05 0.000765201
0.45 -0.000457557 0.00175914 1.09352e-05 -0.000284346 -8.8404e-05 0.000752336
0.46 -0.000661715 0.00167009 1.14837e-05 -0.000269822 -0.000120685 0.000709101
0.47 -0.000914515 0.00150495 1.19042e-05 -0.000243052 -0.000160882 0.000633079
0.48 -0.00117901 0.00126548 1.20204e-05 -0.000204177 -0.000202831 0.000524396
0.49 -0.0014122 0.000956015 1.16379e-05 -0.000153959 -0.000239178 0.000385836
0.5 -0.00156996 0.000584264 1.05758e-05 -9.37945e-05 -0.000262476 0.000222683
0.51 -0.00161321 0.000162845 8.70524e-06 -2.578e-05 -0.000266414 4.2295e-05
0.52 -0.00151354 -0.000289485 5.98205e-06 4.71492e-05 -0.000246692 -0.000146499
0.53 -0.00125686 -0.000748025 2.46053e-06 0.000121144 -0.000201334 -0.000334085
0.54 -0.000844443 -0.0011843 -1.71405e-06 0.000191661 -0.000130628 -0.00051078
0.55 -0.000291665 -0.00156991 -6.32938e-06 0.000254061 -3.69693e-05 -0.000667547
0.56 0.000374671 -0.00188094 -1.11375e-05 0.000304386 7.53203e-05 -0.000796697
0.57 0.00111949 -0.00210143 -1.58856e-05 0.000340024 0.000200301 -0.000892491
0.58 0.00190224 -0.002225 -2.03393e-05 0.000359981 0.000330961 -0.000951571
0.59 0.00267903 -0.00225419 -2.42943e-05 0.000364747 0.000459849 -0.000973149
0.6 0.00340413 -0.00219826 -2.75755e-05 0.00035587 0.000579509 -0.000958957
0.61 0.00403154 -0.00207049 -3.00275e-05 0.000335481 0.000682637 -0.000913007
0.62 0.00451733 -0.00188595 -3.15109e-05 0.000305949 0.000762198 -0.00084118
0.63 0.00482322 -0.00166041 -3.19117e-05 0.000269753 0.000811852 -0.000750701
0.64 0.00492099 -0.00141024 -3.11657e-05 0.000229503 0.000826796 -0.000649494
0.65 0.00479659 -0.00115254 -2.92857e-05 0.000187978 0.000804689 -0.000545477
0.66 0.00445276 -0.000904907 -2.63742e-05 0.000148043 0.000746185 -0.000445876
0.67 0.00390914 -0.000684216 -2.26149e-05 0.000112414 0.000654814 -0.000356629
0.68 0.00320001 -0.00050452 -1.82468e-05 8.33241e-05 0.000536386 -0.00028194
0.69 0.00237043 -0.000374696 -1.35329e-05 6.21804e-05 0.000398269 -0.000224019
0.7 0.00147174 -0.00029661 -8.73143e-06 4.9306e-05 0.00024878 -0.000182996
0.71 0.000557288 -0.000264543 -4.07619e-06 4.38338e-05 9.66665e-05 -0.000157004
0.72 -0.000321126 -0.0002662 2.36702e-07 4.38175e-05 -4.94311e-05 -0.000142459
0.73 -0.00111607 -0.000285061 4.05374e-06 4.65773e-05 -0.000181575 -0.00013448
0.74 -0.00178667 -0.000303382 7.26249e-06 4.92069e-05 -0.000293043 -0.000127455
0.75 -0.00230064 -0.000304966 9.78661e-06 4.90779e-05 -0.000378662 -0.000115654
0.76 -0.00263618 -0.000277004 1.15834e-05 4.41667e-05 -0.000435005 -9.38397e-05
0.77 -0.002784 -0.000210757 1.26484e-05 3.31358e-05 -0.000460586 -5.78147e-05
0.78 -0.00274883 -0.000101387 1.30254e-05 1.52476e-05 -0.000456114 -4.86541e-06
0.79 -0.00254994 5.25035e-05 1.28137e-05 -9.73572e-06 -0.000424678 6.59269e-05
0.8 -0.00221993 0.000249083 1.21651e-05 -4.15585e-05 -0.000371643 0.000153535
0.81 -0.00180166 0.000483068 1.12663e-05 -7.93895e-05 -0.000304137 0.000255015
0.82 -0.00134378 0.00074528 1.03126e-05 -0.000121735 -0.000230212 0.000365723
0.83 -0.000895652 0.00102241 9.48046e-06 -0.000166431 -0.000157943 0.000479688
0.84 -0.000502611 0.00129746 8.90765e-06 -0.000210744 -9.46633e-05 0.000590115
0.85 -0.00020224 0.00155109 8.68265e-06 -0.000251589 -4.64368e-05 0.000689943
0.86 -2.1902e-05 0.00176373 8.84373e-06 -0.000285837 -1.77098e-05 0.000772442
0.87 2.25911e-05 0.0019181 9.38412e-06 -0.000310698 -1.1082e-05 0.000831769
0.88 -7.25331e-05 0.00200148 1.02599e-05 -0.000324093 -2.71683e-05 0.000863467
0.89 -0.000299084 0.00200714 1.13974e-05 -0.000324928 -6.45734e-05 0.000864845
0.9 -0.000637419 0.00193471 1.26982e-05 -0.000313161 -0.000119997 0.000835208
0.91 -0.00105747 0.00178957 1.40416e-05 -0.00028969 -0.000188452 0.000775911
0.92 -0.00152046 0.00158151 1.52864e-05 -0.000256113 -0.000263589 0.000690238
0.93 -0.0019816 0.00132344 1.62768e-05 -0.000214495 -0.000338109 0.000583136
0.94 -0.00239362 0.0010302 1.68538e-05 -0.0001672 -0.000404317 0.000460802
0.95 -0.00271118 0.000717826 1.6873e-05 -0.000116791 -0.000454794 0.000330193
0.96 -0.00289522 0.000402937 1.62233e-05 -6.59443e-05 -0.000483148 0.000198466
0.97 -0.00291695 0.000101994 1.48439e-05 -1.73194e-05 -0.000484683 7.24198e-05
0.98 -0.00276053 -0.00016969 1.27328e-05 2.66151e-05 -0.000456871 -4.20202e-05
0.99 -0.00242434 -0.000399277 9.94598e-06 6.37967e-05 -0.000399542 -0.000140233
1 -0.00192071 -0.000577812 6.58863e-06 9.27853e-05 -0.000314801 -0.0002192
1.01 -0.00127451 -0.000701349 2.80249e-06 0.000112937 -0.000206774 -0.000277664
1.02 -0.000520975 -0.000771447 -1.24738e-06 0.000124486 -8.12574e-05 -0.000316122
1.03 0.000296908 -0.000794813 -5.38317e-06 0.000128502 5.46768e-05 -0.00033668
1.04 0.00113119 -0.000782135 -9.42224e-06 0.000126706 0.000193131 -0.000342763
1.05 0.00193201 -0.000746392 -1.31836e-05 0.000121193 0.00032589 -0.000338722
1.06 0.00265086 -0.000701048 -1.64952e-05 0.00011413 0.000444971 -0.000329359
1.07 0.00324399 -0.00065852 -1.92031e-05 0.000107505 0.000543205 -0.00031944
1.08 0.00367577 -0.000629121 -2.11832e-05 0.000102961 0.000614771 -0.000313211
1.09 0.00392166 -0.000620492 -2.23521e-05 0.000101712 0.000655663 -0.000313996
1.1 0.00397044 -0.000637346 -2.26776e-05 0.000104511 0.000664037 -0.00032387
1.11 0.00382515 -0.00068134 -2.21822e-05 0.000111628 0.000640382 -0.000343475
1.12 0.00350268 -0.000750938 -2.09415e-05 0.000122821 0.000587472 -0.000371956
1.13 0.00303208 -0.000841312 -1.90746e-05 0.000137318 0.000510086 -0.000407056
1.14 0.00245164 -0.000944408 -1.67307e-05 0.000153828 0.000414534 -0.000445333
1.15 0.00180554 -0.00104937 -1.40733e-05 0.00017061 0.000308069 -0.000482497
1.16 0.00114016 -0.00114346 -1.12674e-05 0.000185618 0.000198296 -0.000513819
1.17 0.000500692 -0.00121338 -8.46909e-06 0.000196717 9.26165e-05 -0.00053459
1.18 -7.1918e-05 -0.00124687 -5.81887e-06 0.000201938 -2.25704e-06 -0.000540569
1.19 -0.000543644 -0.00123424 -3.43619e-06 0.000199724 -8.07272e-05 -0.000528401
1.2 -0.000889552 -0.00116956 -1.41448e-06 0.00018912 -0.000138681 -0.00049595
1.21 -0.00109548 -0.0010512 1.84317e-07 0.000169873 -0.000173777 -0.000442538
1.22 -0.00115903 -0.00088193 1.33477e-06 0.000142432 -0.000185609 -0.000369039
1.23 -0.00108974 -0.00066835 2.05099e-06 0.000107872 -0.000175725 -0.000277857
1.24 -0.000908235 -0.000420196 2.38617e-06 6.77612e-05 -0.000147482 -0.000172758
1.25 -0.000644324 -0.000149466 2.42756e-06 2.40292e-05 -0.000105733 -5.85902e-05
1.26 -0.000334243 0.000130389 2.28692e-06 -2.11653e-05 -5.63852e-05 5.90814e-05
1.27 -1.72352e-05 0.000405262 2.08765e-06 -6.55567e-05 -5.84443e-06 0.000174406
1.28 0.00026807 0.000661196 1.95097e-06 -0.000106902 3.9574e-05 0.000281694
1.29 0.000487058 0.000885299 1.98344e-06 -0.000143124 7.42116e-05 0.000375851
1.3 0.000611977 0.00106673 2.26779e-06 -0.000172476 9.35383e-05 0.000452753
1.31 0.000624003 0.00119766 2.85761e-06 -0.000193697 9.44895e-05 0.000509537
1.32 0.000514479 0.00127409 3.77534e-06 -0.000206137 7.56622e-05 0.000544782
1.33 0.00028536 0.00129621 5.01223e-06 -0.000209825 3.73821e-05 0.000558567
1.34 -5.10644e-05 0.00126832 6.52921e-06 -0.000205451 -1.83394e-05 0.000552399
1.35 -0.000473099 0.00119825 8.25836e-06 -0.000194271 -8.79519e-05 0.000529032
1.36 -0.000951205 0.00109635 1.01057e-05 -0.00017795 -0.000166617 0.000492179
1.37 -0.00145017 0.000974268 1.19556e-05 -0.000158362 -0.000248563 0.000446156
1.38 -0.00193181 0.000843794 1.36785e-05 -0.0001374 -0.000327531 0.000395486
1.39 -0.00235801 0.000715806 1.51408e-05 -0.000116812 -0.000397275 0.000344495
1.4 -0.00269388 0.000599497 1.62162e-05 -9.80703e-05 -0.00045208 0.000296949
1.41 -0.00291066 0.000501829 1.67978e-05 -8.22918e-05 -0.000487235 0.000255741
1.42 -0.00298816 0.00042717 1.68079e-05 -7.0179e-05 -0.000499424 0.00022268
1.43 -0.00291627 0.000377068 1.62045e-05 -6.19848e-05 -0.000486987 0.00019838
1.44 -0.00269563 0.000350173 1.49845e-05 -5.74974e-05 -0.000450027 0.000182258
1.45 -0.0023374 0.000342328 1.31824e-05 -5.60545e-05 -0.000390372 0.000172655
1.46 -0.00186212 0.000346931 1.08667e-05 -5.65988e-05 -0.000311394 0.000167043
1.47 -0.00129802 0.000355569 8.13484e-06 -5.77822e-05 -0.000217731 0.000162323
1.48 -0.000678882 0.000358939 5.10694e-06 -5.81128e-05 -0.000114928 0.00015516
1.49 -4.15699e-05 0.00034793 1.91914e-06 -5.6129e-05 -9.04403e-06 0.000142343
1.5 0.000576513 0.000314715 -1.28345e-06 -5.05758e-05 9.37675e-05 0.000121132
1.51 0.00114004 0.000253689 -4.35494e-06 -4.05557e-05 0.000187686 8.95534e-05
1.52 0.00161825 0.000162106 -7.15764e-06 -2.56307e-05 0.00026763 4.66255e-05
1.53 0.00198708 4.03473e-05 -9.57146e-06 -5.86735e-06 0.000329615 -7.50671e-06
1.54 0.00223089 -0.000108152 -1.15026e-05 1.81777e-05 0.000371036 -7.15427e-05
1.55 0.00234347 -0.000277265 -1.28903e-05 4.55156e-05 0.000390832 -0.000143103
1.56 0.00232818 -0.000458708 -1.37105e-05 7.48137e-05 0.000389518 -0.000218904
1.57 0.00219741 -0.000642691 -1.39759e-05 0.000104499 0.000369085 -0.000295016
1.58 0.00197115 -0.000818616 -1.37324e-05 0.000132868 0.000332782 -0.000367175
1.59 0.00167507 -0.000975832 -1.3054e-05 0.000158212 0.000284797 -0.000431135
1.6 0.00133821 -0.00110442 -1.20343e-05 0.000178935 0.000229881 -0.000483012
1.61 0.000990599 -0.00119598 -1.07795e-05 0.000193687 0.000172957 -0.000519601
1.62 0.000660912 -0.00124439 -9.40017e-06 0.000201483 0.000118737 -0.000538635
1.63 0.000374369 -0.00124638 -8.0039e-06 0.000201798 7.13722e-05 -0.00053897
1.64 0.000150992 -0.00120192 -6.68869e-06 0.000194624 3.4174e-05 -0.000520664
1.65 4.27583e-06 -0.00111421 -5.53651e-06 0.000180478 9.38834e-06 -0.000484971
1.66 -5.96591e-05 -0.000989381 -4.6076e-06 0.000160346 -1.9421e-06 -0.000434221
1.67 -4.23567e-05 -0.000835906 -3.93607e-06 0.000135591 -2.97658e-08 -0.000371627
1.68 4.72773e-05 -0.000663764 -3.52732e-06 0.000107821 1.37037e-05 -0.000301014
1.69 0.000193879 -0.000483552 -3.35803e-06 7.87378e-05 3.67727e-05 -0.000226508
1.7 0.000377078 -0.000305606 -3.37902e-06 5.00052e-05 6.58641e-05 -0.000152206
1.71 0.000573369 -0.000139238 -3.52065e-06 2.31199e-05 9.71432e-05 -8.18611e-05
1.72 0.000758222 7.88865e-06 -3.7002e-06 -6.8576e-07 0.0001266 -1.85987e-05
1.73 0.000908227 0.000130222 -3.83012e-06 -2.05178e-05 0.000150398 3.52951e-05
1.74 0.00100306 0.000224625 -3.82615e-06 -3.58693e-05 0.000165201 7.85133e-05
1.75 0.00102708 0.000290514 -3.61462e-06 -4.66424e-05 0.000168432 0.000110775
1.76 0.000970543 0.000329813 -3.13833e-06 -5.31423e-05 0.000158478 0.000132781
1.77 0.000830207 0.000346707 -2.36105e-06 -5.60373e-05 0.000134789 0.000146087
1.78 0.000609535 0.000347176 -1.27051e-06 -5.62853e-05 9.7916e-05 0.000152896
1.79 0.000318353 0.000338345 1.1998e-07 -5.50284e-05 4.94574e-05 0.000155813
1.8 -2.79063e-05 0.000327698 1.77138e-06 -5.34669e-05 -8.06531e-06 0.000157553
1.81 -0.000409351 0.000322251 3.62049e-06 -5.27263e-05 -7.1392e-05 0.000160666
1.82 -0.000803103 0.000327795 5.58346e-06 -5.37351e-05 -0.000136764 0.000167265
1.83 -0.00118499 0.000348294 7.56107e-06 -5.71286e-05 -0.000200201 0.00017882
1.84 -0.00153136 0.000385516 9.44585e-06 -6.31886e-05 -0.0002578 0.000196004
1.85 -0.00182083 0.0004389 1.113e-05 -7.1823e-05 -0.000306021 0.000218622
1.86 -0.00203584 0.000505659 1.25138e-05 -8.25832e-05 -0.000341952 0.000245623
1.87 -0.00216393 0.000581076 1.35128e-05 -9.47112e-05 -0.000363506 0.000275198
1.88 -0.00219844 0.000658947 1.40639e-05 -0.00010721 -0.000369558 0.000304937
1.89 -0.00213888 0.000732116 1.41297e-05 -0.000118933 -0.000359991 0.00033206
1.9 -0.00199069 0.000793091 1.37002e-05 -0.000128677 -0.000335673 0.000353669
1.91 -0.0017647 0.000834693 1.27932e-05 -0.00013529 -0.000298359 0.000367025
1.92 -0.0014761 0.000850703 1.14531e-05 -0.000137776 -0.000250538 0.000369799
1.93 -0.00114333 0.000836465 9.7472e-06 -0.000135387 -0.000195235 0.0003603
1.94 -0.000786644 0.000789377 7.76231e-06 -0.000127706 -0.000135793 0.000337647
1.95 -0.000426729 0.000709209 5.59881e-06 -0.000114698 -7.56352e-05 0.000301862
1.96 -8.32793e-05 0.000598206 3.36442e-06 -9.67264e-05 -1.80306e-05 0.000253898
1.97 0.00022631 0.000460942 1.16702e-06 -7.45279e-05 3.4119e-05 0.00019558
1.98 0.000488054 0.000303961 -8.92565e-07 -4.91567e-05 7.8467e-05 0.000129472
1.99 0.00069221 0.000135224 -2.72735e-06 -2.18944e-05 0.00011336 5.86895e-05
2 0.000833755 -3.6547e-05 -4.26978e-06 5.85513e-06 0.000137923 -1.33414e-05
2.01 0.000912476 -0.000202562 -5.47563e-06 3.26778e-05 0.000152072 -8.31432e-05
2.02 0.000932678 -0.00035463 -6.32577e-06 5.7256e-05 0.000156476 -0.000147449
2.03 0.000902551 -0.000485747 -6.82597e-06 7.84627e-05 0.000152449 -0.000203446
2.04 0.000833275 -0.000590562 -7.00479e-06 9.54367e-05 0.00014181 -0.000248967
2.05 0.000737957 -0.000665718 -6.90998e-06 0.000107637 0.000126703 -0.000282643
2.06 0.000630499 -0.000710031 -6.6039e-06 0.000114871 0.000109416 -0.000303966
2.07 0.000524487 -0.000724514 -6.15808e-06 0.000117299 9.21958e-05 -0.000313292
2.08 0.000432169 -0.000712216 -5.64752e-06 0.000115409 7.7078e-05 -0.000311767
2.09 0.000363582 -0.000677903 -5.1448e-06 0.000109966 6.57409e-05 -0.000301191
2.1 0.000325872 -0.000627575 -4.7144e-06 0.000101933 5.93912e-05 -0.000283826
2.11 0.000322844 -0.000567878 -4.40761e-06 9.23755e-05 5.86874e-05 -0.00026218
2.12 0.000354771 -0.000505464 -4.25841e-06 8.23635e-05 6.37044e-05 -0.000238765
2.13 0.000418475 -0.000446364 -4.28081e-06 7.28656e-05 7.39447e-05 -0.000215879
2.14 0.000507669 -0.000395452 -4.46791e-06 6.46649e-05 8.8393e-05 -0.000195403
2.15 0.000613554 -0.000356043 -4.79279e-06 5.82942e-05 0.000105612 -0.000178645
2.16 0.000725585 -0.000329665 -5.21123e-06 5.39997e-05 0.000123868 -0.000166251
2.17 0.000832362 -0.000316011 -5.66579e-06 5.17326e-05 0.000141279 -0.000158167
2.18 0.000922551 -0.000313058 -6.09098e-06 5.11694e-05 0.000155966 -0.000153678
2.19 0.000985761 -0.000317336 -6.41885e-06 5.17545e-05 0.000166198 -0.000151507
2.2 0.00101331 -0.00032431 -6.5846e-06 5.27614e-05 0.000170524 -0.000149961
2.21 0.000998826 -0.000328847 -6.53189e-06 5.33678e-05 0.000167871 -0.000147119
2.22 0.000938696 -0.000325733 -6.21746e-06 5.27386e-05 0.000157621 -0.000141043
2.23 0.000832279 -0.000310199 -5.61484e-06 5.011e-05 0.000139653 -0.000129982
2.24 0.000681945 -0.000278425 -4.71698e-06 4.48705e-05 0.000114344 -0.000112564
2.25 0.00049292 -0.00022796 -3.53754e-06 3.66281e-05 8.25527e-05 -8.79498e-05
2.26 0.00027294 -0.000158023 -2.11071e-06 2.52595e-05 4.55588e-05 -5.59389e-05
2.27 3.17535e-05 -6.96547e-05 -4.89488e-07 1.09337e-05 4.98302e-06 -1.70179e-05
2.28 -0.000219515 3.43154e-05 1.25759e-06 -5.89246e-06 -3.73182e-05 2.76552e-05
2.29 -0.00046908 0.000149467 3.05094e-06 -2.45071e-05 -7.93723e-05 7.63264e-05
2.3 -0.000705244 0.000270144 4.80534e-06 -4.39997e-05 -0.000119216 0.000126774
2.31 -0.000917123 0.000389917 6.43577e-06 -6.33358e-05 -0.000155017 0.000176481
2.32 -0.00109529 0.000502108 7.86319e-06 -8.14415e-05 -0.000185183 0.000222832
2.33 -0.0012323 0.000600331 9.01966e-06 -9.72899e-05 -0.00020845 0.00026332
2.34 -0.00132304 0.000678987 9.8527e-06 -0.000109981 -0.000223948 0.000295744
2.35 -0.001365 0.000733703 1.03284e-05 -0.000118812 -0.000231236 0.000318384
2.36 -0.00135825 0.000761651 1.04333e-05 -0.000123329 -0.000230313 0.000330133
2.37 -0.00130537 0.000761758 1.01747e-05 -0.000123357 -0.0002216 0.000330574
2.38 -0.00121122 0.00073477 9.58024e-06 -0.000119018 -0.000205904 0.000320006
2.39 -0.00108258 0.000683177 8.69527e-06 -0.000110712 -0.000184357 0.000299409
2.4 -0.000927664 0.00061099 7.57981e-06 -9.90817e-05 -0.000158336 0.000270349
2.41 -0.000755597 0.000523395 6.30415e-06 -8.49625e-05 -0.000129377 0.000234847
2.42 -0.00057585 0.000426311 4.94381e-06 -6.93056e-05 -9.90736e-05 0.000195202
2.43 -0.000397636 0.000325884 3.57419e-06 -5.30994e-05 -6.89793e-05 0.000153805
2.44 -0.000229365 0.000227979 2.26539e-06 -3.72876e-05 -4.05145e-05 0.000112948
2.45 -7.81619e-05 0.000137711 1.07753e-06 -2.2693e-05 -1.48841e-05 7.46472e-05
2.46 5.05069e-05 5.90596e-05 5.69862e-08 -9.95666e-06 6.98644e-06 4.04966e-05
2.47 0.000153088 -5.39201e-06 -7.66075e-07 5.05074e-07 2.44937e-05 1.15623e-05
2.48 0.000228059 -5.45889e-05 -1.37896e-06 8.52107e-06 3.73768e-05 -1.16722e-05
2.49 0.000275908 -8.89919e-05 -1.78627e-06 1.41636e-05 4.57144e-05 -2.93072e-05
2.5 0.000299 -0.000110436 -2.00854e-06 1.77255e-05 4.99013e-05 -4.19766e-05
2.51 0.00030132 -0.000121875 -2.07978e-06 1.96792e-05 5.06058e-05 -5.07501e-05
2.52 0.00028813 -0.000127038 -2.04401e-06 2.06218e-05 4.87108e-05 -5.69999e-05
2.53 0.00026555 -0.000130027 -1.95135e-06 2.12103e-05 4.52428e-05 -6.2242e-05
2.54 0.000240084 -0.000134887 -1.85349e-06 2.20926e-05 4.12916e-05 -6.79694e-05
2.55 0.000218122 -0.000145188 -1.79926e-06 2.38408e-05 3.79266e-05 -7.54917e-05
2.56 0.000205452 -0.000163654 -1.83038e-06 2.68909e-05 3.61136e-05 -8.57944e-05
2.57 0.000206806 -0.000191871 -1.97782e-06 3.14967e-05 3.66392e-05 -9.94325e-05
2.58 0.000225487 -0.00023011 -2.25909e-06 3.77007e-05 4.0048e-05 -0.000116466
2.59 0.000263096 -0.000277275 -2.67664e-06 4.53261e-05 4.65975e-05 -0.000136444
2.6 0.000319381 -0.000330993 -3.21757e-06 5.3991e-05 5.62338e-05 -0.000158437
2.61 0.000392228 -0.00038782 -3.85458e-06 6.31416e-05 6.85907e-05 -0.000181114
2.62 0.000477779 -0.00044355 -4.5481e-06 7.21025e-05 8.30104e-05 -0.000202861
2.63 0.000570678 -0.000493603 -5.24937e-06 8.01375e-05 9.85868e-05 -0.00022192
2.64 0.000664426 -0.000533428 -5.90419e-06 8.65164e-05 0.000114225 -0.000236553
2.65 0.000751816 -0.000558921 -6.45708e-06 9.05803e-05 0.000128716 -0.000245195
2.66 0.000825437 -0.000566786 -6.85553e-06 9.18006e-05 0.00014082 -0.000246599
2.67 0.000878196 -0.000554837 -7.05404e-06 8.98272e-05 0.000149359 -0.000239953
2.68 0.000903848 -0.000522207 -7.01774e-06 8.45216e-05 0.000153297 -0.000224964
2.69 0.000897478 -0.000469443 -6.72523e-06 7.5973e-05 0.000151827 -0.000201889
2.7 0.000855914 -0.000398492 -6.17055e-06 6.44951e-05 0.000144438 -0.00017153
2.71 0.000778033 -0.000312564 -5.36397e-06 5.06049e-05 0.000130963 -0.000135175
2.72 0.000664929 -0.00021589 -4.33167e-06 3.49835e-05 0.000111604 -9.45073e-05
2.73 0.00051993 -0.000113396 -3.11419e-06 1.84236e-05 8.69381e-05 -5.14726e-05
2.74 0.000348461 -1.03176e-05 -1.7639e-06 1.76761e-06 5.78906e-05 -8.13525e-06
2.75 0.000157752 8.82119e-05 -3.4152e-07 -1.41581e-05 2.56834e-05 3.34784e-05
2.76 -4.35816e-05 0.00017755 1.08786e-06 -2.86065e-05 -8.2345e-06 7.15295e-05
2.77 -0.000246066 0.00025389 2.45902e-06 -4.09644e-05 -4.22761e-05 0.000104498
2.78 -0.000439958 0.000314521 3.71081e-06 -5.0795e-05 -7.48152e-05 0.000131283
2.79 -0.000615866 0.000357989 4.78996e-06 -5.78634e-05 -0.000104289 0.000151269
2.8 -0.000765353 0.000384148 5.65434e-06 -6.21451e-05 -0.000129301 0.000164348
2.81 -0.000881495 0.0003941 6.27534e-06 -6.38157e-05 -0.000148708 0.000170897
2.82 -0.000959337 0.000390031 6.63933e-06 -6.32254e-05 -0.000161699 0.000171719
2.83 -0.000996225 0.000374965 6.74811e-06 -6.08591e-05 -0.000167848 0.000167944
2.84 -0.000991983 0.000352458 6.61823e-06 -5.72867e-05 -0.00016714 0.000160913
2.85 -0.000948923 0.000326245 6.27934e-06 -5.3108e-05 -0.000159975 0.000152042
2.86 -0.000871668 0.000299898 5.77163e-06 -4.88961e-05 -0.000147131 0.000142688
2.87 -0.000766822 0.000276489 5.1426e-06 -4.51445e-05 -0.000129713 0.000134021
2.88 -0.000642483 0.000258328 4.44329e-06 -4.2224e-05 -0.000109072 0.000126923
2.89 -0.000507659 0.000246759 3.72453e-06 -4.03509e-05 -8.67022e-05 0.000121918
2.9 -0.00037161 0.000242067 3.03314e-06 -3.95714e-05 -6.41361e-05 0.000119126
2.91 -0.000243179 0.000243482 2.40877e-06 -3.97622e-05 -4.28333e-05 0.000118276
2.92 -0.000130162 0.000249287 1.88124e-06 -4.06482e-05 -2.40753e-05 0.000118738
2.93 -3.87444e-05 0.000257012 1.46883e-06 -4.18336e-05 -8.87529e-06 0.000119599
2.94 2.69225e-05 0.000263705 1.17745e-06 -4.28452e-05 2.09232e-06 0.000119765
2.95 6.50069e-05 0.000266237 1.00076e-06 -4.31815e-05 8.53677e-06 0.000118076
2.96 7.60967e-05 0.000261624 9.21281e-07 -4.23645e-05 1.05664e-05 0.000113429
2.97 6.31178e-05 0.000247336 9.12287e-07 -3.99891e-05 8.67354e-06 0.0001049
2.98 3.10703e-05 0.00022156 9.40389e-07 -3.57655e-05 3.69003e-06 9.18397e-05
2.99 -1.33995e-05 0.0001834 9.68624e-07 -2.9551e-05 -3.28471e-06 7.39555e-05
3 -6.25594e-05 0.000132997 9.59791e-07 -2.13698e-05 -1.09766e-05 5.13547e-05
3.01 -0.000108242 7.15585e-05 8.79781e-07 -1.14172e-05 -1.80448e-05 2.45543e-05
3.02 -0.000142536 1.29181e-06 7.0064e-07 -4.87484e-08 -2.31949e-05 -5.54636e-06
3.03 -0.000158458 -7.47515e-05 4.03125e-07 1.2244e-05 -2.52902e-05 -3.77269e-05
3.04 -0.000150561 -0.000152905 -2.14615e-08 2.4871e-05 -2.34502e-05 -7.05352e-05
3.05 -0.000115422 -0.000229173 -5.70282e-07 3.71893e-05 -1.71302e-05 -0.000102397
3.06 -5.19682e-05 -0.000299546 -1.22889e-06 4.85539e-05 -6.17407e-06 -0.000131739
3.07 3.83717e-05 -0.000360319 -1.97206e-06 5.83689e-05 9.16297e-06 -0.000157106
3.08 0.000151719 -0.000408378 -2.76547e-06 6.61334e-05 2.82237e-05 -0.000177275
3.09 0.00028199 -0.000441441 -3.56803e-06 7.14801e-05 4.99905e-05 -0.000191346
3.1 0.000421312 -0.000458217 -4.3348e-06 7.42014e-05 7.31554e-05 -0.000198805
3.11 0.000560596 -0.000458492 -5.0201e-06 7.42625e-05 9.62146e-05 -0.000199555
3.12 0.000690206 -0.000443116 -5.58083e-06 7.18e-05 0.000117579 -0.000193918
3.13 0.000800692 -0.000413907 -5.97953e-06 6.71057e-05 0.000135696 -0.000182591
3.14 0.000883507 -0.00037348 -6.18711e-06 6.06e-05 0.000149165 -0.000166587
3.15 0.000931687 -0.000325013 -6.18499e-06 5.27933e-05 0.00015685 -0.000147139
3.16 0.000940399 -0.000271972 -5.96649e-06 4.42428e-05 0.000157971 -0.000125596
3.17 0.000907349 -0.000217822 -5.53737e-06 3.5506e-05 0.000152166 -0.000103311
3.18 0.000832994 -0.000165749 -4.91552e-06 2.70949e-05 0.000139526 -8.15332e-05
3.19 0.000720546 -0.000118405 -4.12976e-06 1.94366e-05 0.000120598 -6.13116e-05
3.2 0.000575774 -7.77212e-05 -3.21789e-06 1.2842e-05 9.63442e-05 -4.34207e-05
3.21 0.000406609 -4.4778e-05 -2.22415e-06 7.48593e-06 6.80841e-05 -2.83138e-05
3.22 0.000222586 -1.97667e-05 -1.19631e-06 3.4e-06 3.73966e-05 -1.61055e-05
3.23 3.41682e-05 -2.02727e-06 -1.82504e-07 4.79372e-07 6.01037e-06 -6.58632e-06
3.24 -0.000148001 9.83461e-06 7.71854e-07 -1.49877e-06 -2.43193e-05 7.33753e-07
3.25 -0.000313855 1.77664e-05 1.62689e-06 -2.84607e-06 -5.19352e-05 6.55711e-06
3.26 -0.000454623 2.40418e-05 2.35069e-06 -3.92655e-06 -7.53957e-05 1.17125e-05
3.27 -0.000563441 3.10093e-05 2.92105e-06 -5.11628e-06 -9.35746e-05 1.70592e-05
3.28 -0.00063582 4.08402e-05 3.32659e-06 -6.76288e-06 -0.000105738 2.33906e-05
3.29 -0.00066994 5.52971e-05 3.56696e-06 -9.14845e-06 -0.000111591 3.13454e-05
3.3 -0.00066672 7.55456e-05 3.65238e-06 -1.24592e-05 -0.000111288 4.13354e-05
3.31 -0.000629699 0.000102022 3.60233e-06 -1.67645e-05 -0.000105414 5.34954e-05
3.32 -0.000564706 0.000134373 3.44363e-06 -2.20066e-05 -9.49301e-05 6.766e-05
3.33 -0.000479354 0.000171466 3.20809e-06 -2.8003e-05 -8.10867e-05 8.33691e-05
3.34 -0.000382417 0.000211473 2.92975e-06 -3.44599e-05 -6.53242e-05 9.99016e-05
3.35 -0.000283106 0.000252027 2.64218e-06 -4.09963e-05 -4.91532e-05 0.000116333
3.36 -0.000190339 0.000290416 2.37584e-06 -4.71767e-05 -3.40341e-05 0.000131614
3.37 -0.000112031 0.000323824 2.15572e-06 -5.25486e-05 -2.12616e-05 0.000144661
3.38 -5.44759e-05 0.000349575 1.9996e-06 -5.66821e-05 -1.18637e-05 0.000154446
3.39 -2.1872e-05 0.000365371 1.91678e-06 -5.92082e-05 -6.52371e-06 0.000160095
3.4 -1.60072e-05 0.000369491 1.90761e-06 -5.9851e-05 -5.52975e-06 0.000160956
3.41 -3.61495e-05 0.000360954 1.9637e-06 -5.8453e-05 -8.7572e-06 0.000156668
3.42 -7.91372e-05 0.000339601 2.06877e-06 -5.49896e-05 -1.5684e-05 0.000147189
3.43 -0.000139666 0.000306126 2.20022e-06 -4.95726e-05 -2.54382e-05 0.000132807
3.44 -0.000210747 0.000262021 2.33111e-06 -4.24424e-05 -3.68734e-05 0.000114123
3.45 -0.0002843 0.000209465 2.4325e-06 -3.39499e-05 -4.86662e-05 9.20043e-05
3.46 -0.000351835 0.000151155 2.47598e-06 -2.45289e-05 -5.94279e-05 6.75189e-05
3.47 -0.00040516 9.00923e-05 2.43614e-06 -1.46626e-05 -6.7821e-05 4.18547e-05
3.48 -0.000437072 2.93546e-05 2.29276e-06 -4.84618e-06 -7.26716e-05 1.62297e-05
3.49 -0.000441961 -2.81396e-05 2.03265e-06 4.4506e-06 -7.30683e-05 -8.1988e-06
3.5 -0.000416289 -7.9847e-05 1.65099e-06 1.28182e-05 -6.84407e-05 -3.04175e-05
3.51 -0.000358905 -0.000123779 1.15189e-06 1.99364e-05 -5.86098e-05 -4.96265e-05
3.52 -0.000271166 -0.000158632 5.48454e-07 2.55946e-05 -4.38083e-05 -6.52891e-05
3.53 -0.000156864 -0.000183853 -1.37968e-07 2.97032e-05 -2.46677e-05 -7.71579e-05
3.54 -2.1964e-05 -0.000199641 -8.79066e-07 3.22933e-05 -2.17478e-06 -8.52757e-05
3.55 0.000125837 -0.000206884 -1.6414e-06 3.35067e-05 2.24006e-05 -8.99524e-05
3.56 0.000277676 -0.000207039 -2.38861e-06 3.35767e-05 4.75989e-05 -9.17186e-05
3.57 0.000424187 -0.000201965 -3.08384e-06 3.28011e-05 7.18792e-05 -9.12631e-05
3.58 0.000556198 -0.000193726 -3.6922e-06 3.15111e-05 9.37342e-05 -8.93581e-05
3.59 0.000665416 -0.00018439 -4.18313e-06 3.00381e-05 0.000111802 -8.678e-05
3.6 0.000745041 -0.000175823 -4.53241e-06 2.86817e-05 0.000124967 -8.42334e-05
3.61 0.00079026 -0.000169519 -4.72375e-06 2.76817e-05 0.000132439 -8.22838e-05
3.62 0.000798592 -0.000166466 -4.74981e-06 2.71965e-05 0.000133814 -8.13059e-05
3.63 0.000770047 -0.000167059 -4.6126e-06 2.72897e-05 0.000129094 -8.14517e-05
3.64 0.000707105 -0.000171078 -4.32319e-06 2.79259e-05 0.000118689 -8.26408e-05
3.65 0.000614495 -0.000177719 -3.90085e-06 2.89762e-05 0.000103377 -8.45731e-05
3.66 0.000498817 -0.000185682 -3.37161e-06 3.02323e-05 8.42441e-05 -8.6763e-05
3.67 0.000368026 -0.000193309 -2.76637e-06 3.14284e-05 6.25976e-05 -8.85911e-05
3.68 0.000230819 -0.000198755 -2.11877e-06 3.22685e-05 3.98677e-05 -8.93692e-05
3.69 9.5982e-05 -0.00020017 -1.46287e-06 3.24563e-05 1.74991e-05 -8.84116e-05
3.7 -2.82638e-05 -0.000195893 -8.30858e-07 3.17255e-05 -3.15547e-06 -8.51066e-05
3.71 -0.000134854 -0.000184621 -2.51042e-07 2.98676e-05 -2.09329e-05 -7.89821e-05
3.72 -0.000218374 -0.000165549 2.53944e-07 2.67539e-05 -3.49405e-05 -6.97586e-05
3.73 -0.000275418 -0.000138462 6.68401e-07 2.23513e-05 -4.46142e-05 -5.73857e-05
3.74 -0.000304778 -0.000103787 9.84298e-07 1.67286e-05 -4.97506e-05 -4.20574e-05
3.75 -0.000307462 -6.25674e-05 1.20143e-06 1.00546e-05 -5.05096e-05 -2.42077e-05
3.76 -0.000286543 -1.64061e-05 1.32697e-06 2.58748e-06 -4.73892e-05 -4.48314e-06
3.77 -0.000246835 3.26563e-05 1.37451e-06 -5.34421e-06 -4.1174e-05 1.63013e-05
3.78 -0.000194456 8.22927e-05 1.36263e-06 -1.33659e-05 -3.28625e-05 3.72222e-05
3.79 -0.000136289 0.000130068 1.31312e-06 -2.10856e-05 -2.35787e-05 5.73163e-05
3.8 -7.9391e-05 0.000173624 1.24903e-06 -2.81243e-05 -1.44767e-05 7.5653e-05
3.81 -3.0411e-05 0.000210864 1.19265e-06 -3.4144e-05 -6.64409e-06 9.14031e-05
3.82 4.9568e-06 0.000240103 1.16366e-06 -3.8874e-05 -1.01271e-06 0.0001039
3.83 2.24275e-05 0.000260195 1.17743e-06 -4.21294e-05 1.71566e-06 0.000112686
3.84 1.94597e-05 0.000270605 1.24379e-06 -4.38241e-05 1.12437e-06 0.000117542
3.85 -4.55624e-06 0.000271433 1.36622e-06 -4.39738e-05 -2.88712e-06 0.000118494
3.86 -4.82681e-05 0.000263385 1.54155e-06 -4.26919e-05 -1.00982e-05 0.000115807
3.87 -0.00010849 0.000247698 1.7602e-06 -4.01766e-05 -1.99879e-05 0.000109952
3.88 -0.000180479 0.000226012 2.00696e-06 -3.66918e-05 -3.17799e-05 0.000101558
3.89 -0.000258326 0.000200229 2.26217e-06 -3.25427e-05 -4.4507e-05 9.13597e-05
3.9 -0.000335446 0.000172341 2.50328e-06 -2.80496e-05 -5.70905e-05 8.01288e-05
3.91 -0.00040511 0.00014426 2.7067e-06 -2.352e-05 -6.84278e-05 6.86114e-05
3.92 -0.000460985 0.00011767 2.84959e-06 -1.92244e-05 -7.74811e-05 5.7467e-05
3.93 -0.000497638 9.38872e-05 2.9118e-06 -1.5375e-05 -8.33597e-05 4.72189e-05
3.94 -0.000510966 7.37758e-05 2.87744e-06 -1.2111e-05 -8.53908e-05 3.82183e-05
3.95 -0.000498516 5.76952e-05 2.73625e-06 -9.49074e-06 -8.31719e-05 3.06252e-05
3.96 -0.000459676 4.54998e-05 2.48455e-06 -7.49143e-06 -7.66027e-05 2.44075e-05
3.97 -0.000395719 3.65846e-05 2.12563e-06 -6.01658e-06 -6.58925e-05 1.93585e-05
3.98 -0.000309709 2.99721e-05 1.66974e-06 -4.90991e-06 -5.15444e-05 1.51299e-05
3.99 -0.000206262 2.44318e-05 1.13353e-06 -3.97452e-06 -3.43174e-05 1.1277e-05
4 -9.12008e-05 1.86221e-05 5.39004e-07 -2.9956e-06 -1.51692e-05 7.31229e-06
