0.01 0.112348 -0.00698819 -0.00366127 0.00528575 0.194509 -0.0192886
0.02 0.475482 -0.0446375 -0.00808063 0.0269131 0.299135 -0.0564226
0.03 0.965316 -0.139543 -0.00587388 0.0696658 0.436769 -0.114268
0.04 1.23339 -0.281527 -0.00343057 0.12423 0.44274 -0.147931
0.05 1.09183 -0.404824 -0.00418633 0.170292 0.412519 -0.143508
0.06 0.711029 -0.430399 -0.00325531 0.186178 0.355091 -0.109595
0.07 0.388143 -0.334678 -0.00244294 0.159824 0.249039 -0.0663529
0.08 0.275384 -0.16733 -0.00213414 0.0947177 0.172355 -0.0365944
0.09 0.241769 0.00287446 -0.000157021 0.007424 0.0632823 -0.00948915
0.1 0.0459448 0.148982 0.00103267 -0.0805421 -0.0692202 0.0310221
0.11 -0.382738 0.284051 0.00139182 -0.150912 -0.222323 0.0883677
0.12 -0.918592 0.40969 0.00348771 -0.193703 -0.410493 0.151336
0.13 -1.35553 0.490069 0.00648789 -0.2088 -0.581868 0.195807
0.14 -1.59339 0.48985 0.00945091 -0.204586 -0.726944 0.21308
0.15 -1.68614 0.427775 0.0120578 -0.193721 -0.821485 0.211323
0.16 -1.71274 0.371996 0.0126777 -0.186554 -0.846014 0.202503
0.17 -1.6932 0.37249 0.0114027 -0.18497 -0.811169 0.1922
0.18 -1.57229 0.404955 0.00958954 -0.180923 -0.714775 0.171647
0.19 -1.30056 0.391795 0.00747511 -0.161479 -0.577122 0.131718
0.2 -0.911634 0.279497 0.00543574 -0.117391 -0.418591 0.0744993
0.21 -0.493133 0.0898392 0.00387652 -0.0494998 -0.251282 0.012004
0.22 -0.125918 -0.105216 0.00237798 0.0310005 -0.0897102 -0.0416048
0.23 0.174749 -0.250162 0.00076153 0.107715 0.0675545 -0.0819728
0.24 0.453293 -0.3406 -0.000990511 0.165683 0.220977 -0.113655
0.25 0.750028 -0.398128 -0.00318213 0.196006 0.367241 -0.140962
0.26 1.05756 -0.427402 -0.0056206 0.197518 0.499464 -0.161937
0.27 1.31347 -0.409792 -0.00777688 0.176105 0.600595 -0.168781
0.28 1.44387 -0.336381 -0.00933515 0.142248 0.655818 -0.156399
0.29 1.41704 -0.233972 -0.00999125 0.107013 0.655736 -0.127918
0.3 1.2582 -0.148429 -0.00960972 0.0775426 0.60049 -0.0920076
0.31 1.02757 -0.102491 -0.00837974 0.0543234 0.50231 -0.0564067
0.32 0.776121 -0.0756309 -0.00654999 0.0322359 0.378145 -0.0230297
0.33 0.522096 -0.028114 -0.00449403 0.00505152 0.246538 0.0098019
0.34 0.265322 0.0571428 -0.00271431 -0.0294482 0.122546 0.0417679
0.35 0.0140251 0.157736 -0.00146219 -0.0670264 0.015101 0.0681622
0.36 -0.202775 0.232789 -0.000625594 -0.0985399 -0.0714001 0.0824446
0.37 -0.353758 0.25575 0.000116901 -0.114145 -0.136762 0.0814281
0.38 -0.431964 0.22696 0.00107576 -0.107575 -0.181967 0.0673454
0.39 -0.457174 0.161237 0.00223963 -0.0785511 -0.206784 0.0451408
0.4 -0.451483 0.0713617 0.00325052 -0.0327713 -0.208847 0.0184334
0.41 -0.411915 -0.0341916 0.00372318 0.0200702 -0.183737 -0.0120409
0.42 -0.311829 -0.142732 0.00347582 0.0694314 -0.128383 -0.0461631
0.43 -0.131746 -0.234349 0.00255897 0.10724 -0.0446435 -0.0813991
0.44 0.111886 -0.291558 0.00116777 0.130166 0.0587346 -0.11248
0.45 0.367991 -0.311642 -0.000486653 0.139803 0.167101 -0.133978
0.46 0.581731 -0.307571 -0.00218737 0.14062 0.264227 -0.143256
0.47 0.724951 -0.295685 -0.00365757 0.136761 0.336839 -0.140913
0.48 0.799902 -0.281817 -0.00463162 0.129502 0.377534 -0.12873
0.49 0.819354 -0.258007 -0.00500159 0.116713 0.38507 -0.107604
0.5 0.787026 -0.210849 -0.0048827 0.0944803 0.362475 -0.0775045
0.51 0.697386 -0.132702 -0.00452801 0.0598456 0.314752 -0.0392468
0.52 0.549722 -0.0271775 -0.00412678 0.013158 0.246897 0.00407767
0.53 0.356961 0.0926443 -0.00365706 -0.0410693 0.1628 0.0476459
0.54 0.139075 0.209405 -0.00293126 -0.0951315 0.065201 0.0868736
0.55 -0.0903375 0.306323 -0.00176665 -0.14046 -0.0434201 0.118962
0.56 -0.32806 0.370765 -0.000128373 -0.170321 -0.159208 0.142746
0.57 -0.571161 0.396809 0.00184116 -0.181778 -0.275509 0.157434
0.58 -0.804321 0.386306 0.00389606 -0.17616 -0.38272 0.161814
0.59 -0.998811 0.34753 0.00577938 -0.157918 -0.469893 0.15481
0.6 -1.12535 0.29159 0.0072732 -0.132495 -0.527583 0.13671
0.61 -1.16938 0.228269 0.00822418 -0.104223 -0.550506 0.10974
0.62 -1.13594 0.163199 0.00857099 -0.0751688 -0.538735 0.0773481
0.63 -1.0422 0.0974409 0.00836167 -0.0453433 -0.496989 0.0429249
0.64 -0.905937 0.0294526 0.0077337 -0.0140007 -0.432579 0.0090817
0.65 -0.739626 -0.0413961 0.00684784 0.0187175 -0.353132 -0.0220784
0.66 -0.551919 -0.11144 0.00580935 0.0506705 -0.265003 -0.0483313
0.67 -0.351726 -0.171654 0.00463283 0.0777401 -0.172812 -0.0672566
0.68 -0.149681 -0.210229 0.00327363 0.095029 -0.0799679 -0.0769252
0.69 0.0434757 -0.217786 0.0016994 0.0986971 0.0102922 -0.0767186
0.7 0.218498 -0.192046 -4.56966e-05 0.0875684 0.0939606 -0.0675145
0.71 0.367047 -0.138959 -0.00182156 0.0637537 0.165951 -0.0511315
0.72 0.48012 -0.0698897 -0.00342476 0.0320269 0.220696 -0.0296165
0.73 0.548292 0.00281338 -0.00465252 -0.00171733 0.253498 -0.00498542
0.74 0.564938 0.0690883 -0.00536769 -0.0322137 0.262064 0.0205464
0.75 0.530476 0.122296 -0.00553766 -0.0560731 0.247523 0.0443443
0.76 0.454293 0.159102 -0.00523233 -0.0721158 0.214384 0.0635952
0.77 0.352507 0.179069 -0.00458593 -0.0808107 0.169422 0.0759381
0.78 0.24268 0.183851 -0.00374432 -0.0831968 0.119926 0.0800043
0.79 0.138623 0.175483 -0.00282245 -0.0798485 0.0720596 0.0754893
0.8 0.0481328 0.154346 -0.00188716 -0.0703898 0.0299486 0.0628384
0.81 -0.0257155 0.118499 -0.000965185 -0.0537945 -0.00426752 0.0429474
0.82 -0.0814475 0.0654976 -6.67145e-05 -0.0293117 -0.0296576 0.0171515
0.83 -0.116746 -0.00426941 0.000786645 0.00247967 -0.0455348 -0.0126066
0.84 -0.128134 -0.0852414 0.00153983 0.0390694 -0.0508573 -0.0437629
0.85 -0.112408 -0.167284 0.00209943 0.0762291 -0.0442845 -0.073455
0.86 -0.0683697 -0.238861 0.00235397 0.108986 -0.0248221 -0.0990251
0.87 0.0021843 -0.290634 0.00221561 0.132942 0.00730217 -0.118389
0.88 0.094262 -0.317507 0.00166384 0.145375 0.0499814 -0.130111
0.89 0.199796 -0.318715 0.000765171 0.145729 0.0991378 -0.133317
0.9 0.308055 -0.296814 -0.00034478 0.13536 0.149304 -0.127664
0.91 0.406892 -0.256446 -0.00150674 0.11675 0.194702 -0.113467
0.92 0.485097 -0.20311 -0.00258476 0.0925592 0.23044 -0.0918443
0.93 0.535064 -0.141881 -0.00349161 0.0649208 0.253373 -0.0646687
0.94 0.554214 -0.0764647 -0.00418688 0.0352432 0.262346 -0.0342978
0.95 0.544208 -0.00923696 -0.0046582 0.00451837 0.257778 -0.00321822
0.96 0.508476 0.0575793 -0.00490027 -0.0260951 0.240873 0.0262081
0.97 0.449865 0.120401 -0.00490053 -0.0547876 0.212891 0.05185
0.98 0.369912 0.173711 -0.00463459 -0.0790321 0.174807 0.0718694
0.99 0.269904 0.211071 -0.00407263 -0.0960293 0.127487 0.0848555
1 0.152562 0.227241 -0.0031964 -0.103492 0.0721882 0.0900263
1.01 0.0230435 0.220134 -0.00202201 -0.100422 0.0110718 0.087376
1.02 -0.111233 0.191604 -0.000616624 -0.087526 -0.0526002 0.0776627
1.03 -0.241588 0.146851 0.000902724 -0.0671032 -0.114716 0.0622452
1.04 -0.359315 0.0929674 0.00239192 -0.0424509 -0.170957 0.0428759
1.05 -0.456878 0.0372857 0.0037145 -0.0170391 -0.217597 0.0215426
1.06 -0.528993 -0.0139601 0.0047717 0.00622892 -0.252162 0.000356618
1.07 -0.573386 -0.056412 0.00551471 0.0254186 -0.273713 -0.0185826
1.08 -0.590832 -0.0876848 0.00593732 0.0395459 -0.282678 -0.0333891
1.09 -0.584269 -0.106839 0.0060571 0.0482414 -0.280338 -0.0426187
1.1 -0.557338 -0.113533 0.00589692 0.0513306 -0.268225 -0.0454344
1.11 -0.513149 -0.107367 0.00547505 0.0485737 -0.247694 -0.0416551
1.12 -0.453946 -0.0878397 0.00480625 0.039707 -0.21984 -0.031709
1.13 -0.381749 -0.0549916 0.00391133 0.0247549 -0.18573 -0.016556
1.14 -0.299395 -0.0103441 0.00282966 0.00443292 -0.146777 0.00238507
1.15 -0.211221 0.0424525 0.00162797 -0.0195899 -0.105009 0.0233241
1.16 -0.122939 0.0977252 0.000399877 -0.0447451 -0.0630544 0.044243
1.17 -0.0407665 0.148699 -0.000745898 -0.0679621 -0.023816 0.0631003
1.18 0.0297569 0.188895 -0.00170582 -0.0862834 0.0100516 0.0780535
1.19 0.0847818 0.213471 -0.0024028 -0.0974746 0.0366529 0.0876361
1.2 0.122658 0.220025 -0.00280015 -0.100416 0.0551504 0.090865
1.21 0.143846 0.208668 -0.00290313 -0.0951586 0.0657508 0.0872923
1.22 0.150334 0.181461 -0.00274856 -0.0826752 0.0694141 0.0770329
1.23 0.144828 0.141567 -0.00238824 -0.0644448 0.0674297 0.060771
1.24 0.130013 0.0924641 -0.0018743 -0.0420674 0.0610494 0.0397222
1.25 0.108169 0.0375016 -0.00125209 -0.0170505 0.0513184 0.0155273
1.26 0.08124 -0.020133 -0.000562315 0.0091902 0.0391405 -0.00991218
1.27 0.0512623 -0.0771682 0.000151364 0.0351888 0.0254969 -0.0346215
1.28 0.0208628 -0.12997 0.000835341 0.0592864 0.0116681 -0.0567253
1.29 -0.00650986 -0.174503 0.001425 0.0796241 -0.000691957 -0.0745897
1.3 -0.0268404 -0.206706 0.00185156 0.0943348 -0.00970062 -0.0869435
1.31 -0.0362616 -0.223229 0.00205476 0.101892 -0.013578 -0.092982
1.32 -0.0319522 -0.222284 0.00199665 0.101488 -0.0110393 -0.0924437
1.33 -0.0128299 -0.204235 0.00167121 0.0932883 -0.00159389 -0.0856352
1.34 0.0202515 -0.171648 0.00110657 0.0784531 0.0143609 -0.0733913
1.35 0.0648389 -0.12877 0.000358876 0.0589108 0.035674 -0.0569788
1.36 0.11754 -0.0806364 -0.000499824 0.0369661 0.0607283 -0.0379674
1.37 0.174687 -0.0321725 -0.00139517 0.0148826 0.0877554 -0.0180901
1.38 0.232746 0.0124515 -0.00226089 -0.00542788 0.115055 0.0009003
1.39 0.288416 0.0500788 -0.00304291 -0.022537 0.141062 0.0173792
1.4 0.338491 0.0785088 -0.00369725 -0.0354672 0.164281 0.0299943
1.41 0.379672 0.0962861 -0.00418518 -0.0435749 0.183181 0.0377896
1.42 0.4085 0.102519 -0.00446996 -0.0464524 0.196147 0.0402866
1.43 0.42153 0.0968572 -0.00451843 -0.0439234 0.20157 0.0375131
1.44 0.415767 0.0796705 -0.00430745 -0.0361389 0.198065 0.029982
1.45 0.389259 0.0523344 -0.00383226 -0.0237208 0.18476 0.0186323
1.46 0.341666 0.0174475 -0.00311296 -0.0078576 0.161554 0.00474134
1.47 0.274556 -0.0212184 -0.00219568 0.00972766 0.129235 -0.0101902
1.48 0.191309 -0.0591284 -0.00114779 0.0269696 0.0894182 -0.0245754
1.49 0.0966447 -0.0916804 -4.82595e-05 0.0417735 0.0443323 -0.036891
1.5 -0.00403453 -0.114972 0.0010238 0.0523586 -0.0034775 -0.0458205
1.51 -0.105248 -0.126392 0.00199906 0.0575279 -0.0514239 -0.0503726
1.52 -0.201818 -0.124871 0.00282384 0.0567917 -0.0970629 -0.049964
1.53 -0.289012 -0.110791 0.0034611 0.050331 -0.138174 -0.0444642
1.54 -0.362555 -0.0856582 0.00388779 0.0388449 -0.172772 -0.0342038
1.55 -0.41866 -0.0517089 0.00409123 0.0233614 -0.199115 -0.0199456
1.56 -0.454196 -0.011586 0.00406715 0.00508302 -0.215769 -0.00281778
1.57 -0.466994 0.0318389 0.00382078 -0.0146923 -0.221747 0.0157885
1.58 -0.45624 0.0755213 0.0033701 -0.0345885 -0.216692 0.0343466
1.59 -0.422803 0.116262 0.00274906 -0.0531528 -0.201032 0.0513317
1.6 -0.369377 0.150801 0.00200821 -0.0688973 -0.176052 0.065354
1.61 -0.300337 0.176061 0.00121107 -0.0804149 -0.143816 0.0752751
1.62 -0.22131 0.189541 0.000426856 -0.0865625 -0.106962 0.0803026
1.63 -0.138546 0.189753 -0.000278774 -0.08666 -0.0684024 0.0800552
1.64 -0.058242 0.176553 -0.000852136 -0.0806408 -0.0310139 0.0745941
1.65 0.0140259 0.151238 -0.00125698 -0.0690953 0.0026225 0.064413
1.66 0.0736705 0.116357 -0.00147595 -0.0531866 0.0303873 0.0503895
1.67 0.117259 0.0753039 -0.0015086 -0.0344638 0.0507005 0.033701
1.68 0.142558 0.0318012 -0.00136751 -0.0146283 0.0625459 0.0157181
1.69 0.148566 -0.0105599 -0.00107454 0.00468137 0.065484 -0.00211601
1.7 0.135584 -0.0486438 -0.000658589 0.0220387 0.0596811 -0.0184095
1.71 0.105321 -0.0799267 -0.000155046 0.0362996 0.0459517 -0.0319398
1.72 0.0609547 -0.102533 0.000393905 0.0466155 0.0257814 -0.0417572
1.73 0.00704086 -0.115229 0.00093975 0.0524267 0.00128736 -0.0472623
1.74 -0.0507781 -0.117444 0.00143015 0.0534707 -0.0249165 -0.0482514
1.75 -0.106277 -0.109344 0.00181383 0.0498188 -0.0499506 -0.0449242
1.76 -0.153286 -0.0919335 0.00204697 0.0419228 -0.0709674 -0.0378553
1.77 -0.186348 -0.0670995 0.00209944 0.0306398 -0.0854591 -0.0279348
1.78 -0.201274 -0.0375352 0.00195889 0.0171964 -0.091516 -0.0162828
1.79 -0.195516 -0.0064955 0.00163177 0.00307673 -0.0879949 -0.00414467
1.8 -0.168317 0.0225906 0.00114112 -0.0101551 -0.0745821 0.00722297
1.81 -0.120665 0.0465694 0.000522302 -0.0210608 -0.0517691 0.0166669
1.82 -0.055122 0.0629663 -0.00018184 -0.0285121 -0.0207734 0.0232407
1.83 0.0243924 0.0702503 -0.000925077 -0.0318124 0.0165651 0.0262871
1.84 0.112844 0.0679192 -0.00166047 -0.0307347 0.0578938 0.0254928
1.85 0.204334 0.0564229 -0.00234189 -0.0254875 0.100468 0.0209119
1.86 0.292416 0.0369908 -0.00292519 -0.0166335 0.141298 0.0129564
1.87 0.370504 0.0114331 -0.00337002 -0.00499796 0.177341 0.00235592
1.88 0.432391 -0.0180287 -0.00364262 0.00840914 0.205736 -0.00991072
1.89 0.472814 -0.0488954 -0.00371953 0.0224531 0.224069 -0.0227062
1.9 0.487997 -0.0785094 -0.00359115 0.035927 0.230611 -0.0348388
1.91 0.476051 -0.104201 -0.0032641 0.0476165 0.224515 -0.0451694
1.92 0.437175 -0.123492 -0.00276128 0.0563912 0.205901 -0.052713
1.93 0.373629 -0.134342 -0.00211944 0.0613205 0.175843 -0.0567248
1.94 0.289496 -0.135416 -0.00138481 0.0617944 0.13626 -0.0567642
1.95 0.190289 -0.126292 -0.000607994 0.0576192 0.0897242 -0.0527316
1.96 0.082487 -0.107549 0.00016085 0.0490591 0.0392489 -0.0448759
1.97 -0.0269502 -0.0807098 0.000875541 0.0368095 -0.0119363 -0.0337698
1.98 -0.131047 -0.0480426 0.00149606 0.0219054 -0.0605994 -0.0202578
1.99 -0.223247 -0.0122702 0.00198975 0.00558878 -0.103707 -0.00537997
2 -0.297834 0.0237436 0.0023322 -0.0108347 -0.138618 0.0097196
2.01 -0.350327 0.0572683 0.00250834 -0.0261214 -0.163266 0.0238921
2.02 -0.377849 0.0859106 0.00251375 -0.0391827 -0.176331 0.0360822
2.03 -0.3794 0.107747 0.002356 -0.0491443 -0.177359 0.0454173
2.04 -0.356003 0.121406 0.00205504 -0.0553835 -0.166834 0.0512788
2.05 -0.310645 0.126136 0.00164233 -0.0575571 -0.146141 0.0533516
2.06 -0.248021 0.121854 0.00115824 -0.0556263 -0.117457 0.0516445
2.07 -0.174103 0.109189 0.000647936 -0.0498751 -0.083545 0.0464833
2.08 -0.0955814 0.0894771 0.000156783 -0.0409102 -0.0474964 0.0384752
2.09 -0.0192774 0.0646855 -0.000274165 -0.029627 -0.01246 0.0284499
2.1 0.0484227 0.0372479 -0.000611524 -0.0171344 0.0186205 0.0173823
2.11 0.102049 0.00981771 -0.000831556 -0.00464209 0.0432281 0.00630375
2.12 0.137423 -0.0150238 -0.000920834 0.00667308 0.0594449 -0.00379012
2.13 0.151931 -0.0350519 -0.000876068 0.0157971 0.0660743 -0.0120269
2.14 0.144685 -0.0486229 -0.000703585 0.0219813 0.0627164 -0.0177322
2.15 0.116585 -0.0548065 -0.00041877 0.0248027 0.0497965 -0.0204861
2.16 0.0702791 -0.0534174 -4.54393e-05 0.0241779 0.0285436 -0.0201548
2.17 0.00998732 -0.0449653 0.00038515 0.0203402 0.000911648 -0.0168972
2.18 -0.0588007 -0.0305548 0.000836024 0.0137929 -0.0305633 -0.0111455
2.19 -0.129764 -0.0117619 0.00126715 0.00525309 -0.0629652 -0.00356053
2.2 -0.196292 0.00949588 0.0016389 -0.00440743 -0.0932466 0.00503106
2.21 -0.252061 0.0310964 0.00191586 -0.0142238 -0.118498 0.0137148
2.22 -0.291604 0.0508636 0.00207029 -0.0232061 -0.136207 0.0215727
2.23 -0.310774 0.0667406 0.00208471 -0.030418 -0.144472 0.0277669
2.24 -0.30708 0.0769788 0.00195306 -0.0350626 -0.142159 0.0316148
2.25 -0.279857 0.0803229 0.00168064 -0.0365674 -0.128979 0.0326497
2.26 -0.230289 0.0761612 0.0012829 -0.0346534 -0.105494 0.0306613
2.27 -0.161284 0.064608 0.000783735 -0.0293726 -0.0730616 0.0257133
2.28 -0.0772445 0.0464979 0.000213525 -0.0211058 -0.0337286 0.0181357
2.29 0.0162578 0.0232899 -0.000392761 -0.0105186 0.00992208 0.00849474
2.3 0.112878 -0.00309987 -0.000997502 0.00151543 0.0549529 -0.0024586
2.31 0.205957 -0.0305042 -0.00156253 0.0140085 0.0982831 -0.0138559
2.32 0.289014 -0.0567149 -0.00205153 0.0259548 0.136917 -0.0247877
2.33 0.356252 -0.0796712 -0.00243271 0.0364163 0.168175 -0.0343832
2.34 0.403021 -0.0976124 -0.0026815 0.044592 0.189912 -0.0418848
2.35 0.426204 -0.109195 -0.00278278 0.0498706 0.200688 -0.0467131
2.36 0.424463 -0.11358 -0.0027323 0.0518701 0.199892 -0.0485143
2.37 0.398339 -0.11049 -0.00253698 0.0504644 0.187774 -0.0471883
2.38 0.350168 -0.100245 -0.00221398 0.0457975 0.165419 -0.0428938
2.39 0.283857 -0.0837451 -0.00178882 0.0382798 0.134636 -0.0360304
2.4 0.204535 -0.0624178 -0.00129297 0.0285604 0.0977957 -0.0272011
2.41 0.118129 -0.038096 -0.000761168 0.0174744 0.05764 -0.0171565
2.42 0.0308958 -0.0128504 -0.000228987 0.00596535 0.017063 -0.00672771
2.43 -0.0510363 0.0112138 0.00026942 -0.00500704 -0.0211022 0.00324677
2.44 -0.122117 0.0321645 0.000703288 -0.0145622 -0.0542881 0.0119937
2.45 -0.17777 0.0484261 0.00104705 -0.0219824 -0.0803762 0.0188704
2.46 -0.214721 0.0589137 0.00128198 -0.0267733 -0.0978493 0.0234183
2.47 -0.231238 0.0631055 0.00139762 -0.0286977 -0.105901 0.025398
2.48 -0.227251 0.0610554 0.0013927 -0.0277805 -0.104491 0.0248055
2.49 -0.20434 0.0533546 0.00127542 -0.0242909 -0.0943428 0.021867
2.5 -0.165584 0.0410562 0.00106275 -0.018708 -0.076871 0.0170134
2.51 -0.11528 0.0255751 0.000778937 -0.0116758 -0.0540513 0.0108369
2.52 -0.0585489 0.00856862 0.000453182 -0.00394799 -0.0282427 0.00403471
2.53 -0.000894207 -0.00819761 0.00011699 0.00367188 -0.0019794 -0.00265635
2.54 0.0522714 -0.0229973 -0.000198558 0.010398 0.0222446 -0.00852729
2.55 0.096064 -0.0342962 -0.000465238 0.0155317 0.0421785 -0.0129609
2.56 0.126506 -0.0408976 -0.000659641 0.0185278 0.0559891 -0.0154867
2.57 0.14082 -0.0420632 -0.000764616 0.0190496 0.0623956 -0.0158213
2.58 0.137617 -0.0375898 -0.000770227 0.0170047 0.0607577 -0.0138926
2.59 0.116987 -0.0278293 -0.000674308 0.0125534 0.0511159 -0.00984345
2.6 0.080472 -0.0136485 -0.000482616 0.00609075 0.0341813 -0.00401723
2.61 0.0309409 0.00366708 -0.000208564 -0.00179725 0.0112763 0.00307517
2.62 -0.0276421 0.022547 0.000127589 -0.0103952 -0.015771 0.0108025
2.63 -0.0905364 0.0412896 0.000500124 -0.018928 -0.0447738 0.0184704
2.64 -0.15261 0.0582164 0.000879817 -0.0266317 -0.0733641 0.0253844
2.65 -0.208759 0.0718131 0.00123631 -0.032817 -0.0991867 0.0309109
2.66 -0.254329 0.0808494 0.00154066 -0.0369241 -0.120093 0.0345337
2.67 -0.285489 0.0844729 0.00176772 -0.0385651 -0.134313 0.0358982
2.68 -0.299528 0.0822759 0.0018981 -0.0375545 -0.140595 0.034842
2.69 -0.295058 0.0743313 0.00191956 -0.0339253 -0.138298 0.0314073
2.7 -0.272094 0.0611917 0.0018277 -0.0279292 -0.127429 0.0258362
2.71 -0.232028 0.0438496 0.00162606 -0.0200181 -0.10863 0.0185478
2.72 -0.177494 0.0236556 0.00132566 -0.0108072 -0.0831178 0.0101003
2.73 -0.112153 0.00219853 0.00094419 -0.00102048 -0.0525854 0.0011416
2.74 -0.0404027 -0.0188405 0.000504816 0.00857595 -0.0190671 -0.00764702
2.75 0.0329541 -0.0378438 3.46578e-05 0.017245 0.0152139 -0.0156101
2.76 0.10307 -0.0534049 -0.000436996 0.0243457 0.048012 -0.0221733
2.77 0.165415 -0.0644494 -0.000880722 0.0293887 0.0772263 -0.0268913
2.78 0.21611 -0.0703188 -0.0012691 0.032074 0.101055 -0.0294834
2.79 0.252214 -0.0708108 -0.00157879 0.0323097 0.118129 -0.029854
2.8 0.27193 -0.0661783 -0.00179229 0.0302108 0.127606 -0.0280974
2.81 0.274712 -0.0570909 -0.00189921 0.0260822 0.129222 -0.0244848
2.82 0.261274 -0.0445668 -0.00189689 0.0203872 0.123296 -0.019437
2.83 0.233492 -0.0298807 -0.00179035 0.0137062 0.110685 -0.0134838
2.84 0.194216 -0.0144542 -0.00159164 0.00668621 0.0926974 -0.00721467
2.85 0.14701 0.000265884 -0.00131868 -1.41301e-05 0.0709761 -0.00122573
2.86 0.09586 0.012934 -0.000993796 -0.00578194 0.0473593 0.00393385
2.87 0.0448471 0.0224254 -0.000642021 -0.0101049 0.0237336 0.00780969
2.88 -0.00216019 0.0279388 -0.000289342 -0.0126178 0.0018905 0.0100809
2.89 -0.0417922 0.0290694 3.91027e-05 -0.0131363 -0.0166064 0.0105864
2.9 -0.0714181 0.0258423 0.000320766 -0.0116715 -0.0305321 0.00933618
2.91 -0.089325 0.0187034 0.000537294 -0.00842663 -0.039084 0.00650754
2.92 -0.0948247 0.00846734 0.000675865 -0.0037727 -0.0419317 0.00242612
2.93 -0.088279 -0.00376751 0.000730141 0.00179013 -0.0392296 -0.00246597
2.94 -0.0710404 -0.0167287 0.00070069 0.00768245 -0.0315906 -0.00765192
2.95 -0.0453144 -0.0290892 0.000594839 0.0133001 -0.0200229 -0.0125883
2.96 -0.0139534 -0.0395862 0.000425936 0.0180685 -0.00583586 -0.0167545
2.97 0.0197971 -0.0471299 0.00021212 0.0214915 0.00947716 -0.0197004
2.98 0.0525759 -0.0508949 -2.52613e-05 0.0231935 0.0243668 -0.0210858
2.99 0.081184 -0.0503887 -0.000263415 0.0229505 0.0373556 -0.0207113
3 0.102837 -0.0454942 -0.000479887 0.0207093 0.0471555 -0.0185347
3.01 0.115375 -0.0364815 -0.000654235 0.016593 0.0527648 -0.0146746
3.02 0.117417 -0.0239866 -0.0007695 0.0108912 0.0535399 -0.00939877
3.03 0.108448 -0.00895766 -0.000813413 0.00403595 0.0492371 -0.00310022
3.04 0.0888409 0.00742851 -0.000779283 -0.00343675 0.0400232 0.00373817
3.05 0.0598146 0.0238727 -0.000666515 -0.0109349 0.0264559 0.0105861
3.06 0.0233238 0.039071 -0.00048071 -0.0178645 0.0094351 0.0169123
3.07 -0.0180994 0.0518322 -0.000233295 -0.0236829 -0.00987071 0.0222301
3.08 -0.0615483 0.0611819 5.92983e-05 -0.0279463 -0.0301173 0.0261391
3.09 -0.10397 0.066444 0.000376888 -0.0303467 -0.0498902 0.0283584
3.1 -0.142401 0.0672914 0.000697102 -0.0307352 -0.0678139 0.0287493
3.11 -0.17419 0.0637657 0.000997121 -0.0291308 -0.0826557 0.0273247
3.12 -0.197195 0.0562642 0.00125542 -0.0257146 -0.0934154 0.024246
3.13 -0.209925 0.0454988 0.00145336 -0.0208106 -0.0993943 0.0198065
3.14 -0.211634 0.0324302 0.00157652 -0.0148564 -0.100238 0.0144039
3.15 -0.202353 0.0181837 0.00161567 -0.00836432 -0.0959505 0.00850401
3.16 -0.182858 0.00395204 0.00156736 -0.00187768 -0.0868846 0.00259905
3.17 -0.154592 -0.00910732 0.00143406 0.00407638 -0.0737022 -0.00283523
3.18 -0.119538 -0.0199723 0.00122398 0.00903222 -0.0573182 -0.00738061
3.19 -0.0800593 -0.0278446 0.000950488 0.0126261 -0.0388277 -0.0107115
3.2 -0.0387238 -0.0322177 0.00063112 0.014627 -0.0194226 -0.0126212
3.21 0.0018878 -0.0329171 0.000286365 0.0149555 -0.000304843 -0.0130372
3.22 0.0393635 -0.0301093 -6.18252e-05 0.0136871 0.0173988 -0.0120246
3.23 0.071625 -0.0242779 -0.000391634 0.011042 0.0327138 -0.00977687
3.24 0.097063 -0.0161711 -0.000682978 0.00736084 0.0448808 -0.00659546
3.25 0.114632 -0.0067259 -0.000918945 0.00307019 0.0534009 -0.00286058
3.26 0.123898 0.00302137 -0.00108697 -0.00135819 0.0580585 0.00100507
3.27 0.125037 0.0120307 -0.00117964 -0.00545089 0.0589219 0.00457547
3.28 0.118791 0.0193513 -0.00119507 -0.00877511 0.0563227 0.0074602
3.29 0.106377 0.0242041 -0.00113689 -0.0109763 0.0508158 0.00933963
3.3 0.089371 0.0260488 -0.00101378 -0.0118085 0.0431257 0.00999317
3.31 0.0695726 0.0246295 -0.000838741 -0.0111553 0.0340834 0.00931836
3.32 0.0488585 0.0199964 -0.000628026 -0.00903953 0.0245592 0.0073391
3.33 0.0290407 0.0125004 -0.000399898 -0.00562111 0.0153969 0.00420247
3.34 0.0117366 0.00276119 -0.000173263 -0.00118227 0.00735243 0.000164593
3.35 -0.00174131 -0.008389 3.3742e-05 0.00389798 0.00104261 -0.00443305
3.36 -0.0104696 -0.0199817 0.000205105 0.00917852 -0.00309481 -0.00919467
3.37 -0.0139656 -0.0310006 0.000328129 0.0141965 -0.004826 -0.0137058
3.38 -0.0122048 -0.040474 0.000394361 0.0185093 -0.00413012 -0.0175699
3.39 -0.00560383 -0.0475615 0.000400189 0.0217344 -0.001192 -0.0204436
3.4 0.00502995 -0.0516275 0.000347029 0.0235823 0.0036205 -0.0220663
3.41 0.0185764 -0.0522943 0.000241127 0.0238811 0.00979208 -0.0222825
3.42 0.0337003 -0.0494718 9.29671e-05 0.0225899 0.0167053 -0.0210545
3.43 0.0489612 -0.0433605 -8.36153e-05 0.0198002 0.0236912 -0.018465
3.44 0.0629248 -0.0344314 -0.000272561 0.0157266 0.0300816 -0.0147085
3.45 0.0742687 -0.0233822 -0.000456846 0.0106868 0.0352585 -0.0100738
3.46 0.0818746 -0.011076 -0.000619777 0.00507412 0.0386971 -0.00491807
3.47 0.0849023 0.00153322 -0.000746257 -0.000676998 0.0400017 0.000364707
3.48 0.0828419 0.013483 -0.000823908 -0.00612805 0.0389295 0.00537779
3.49 0.0755413 0.0238842 -0.000844011 -0.0108741 0.0354053 0.00975563
3.5 0.0632102 0.0319973 -0.000802171 -0.0145779 0.0295232 0.0131945
3.51 0.046399 0.0372934 -0.000698668 -0.0169987 0.0215376 0.0154771
3.52 0.0259566 0.0394973 -0.000538449 -0.0180109 0.011844 0.0164897
3.53 0.0029684 0.0386061 -0.000330771 -0.0176131 0.000949952 0.0162294
3.54 -0.0213191 0.0348831 -8.85061e-05 -0.0159251 -0.0105596 0.0148014
3.55 -0.0455824 0.0288278 0.000172832 -0.0131743 -0.0220621 0.0124079
3.56 -0.0685076 0.0211253 0.000436244 -0.00967245 -0.0329381 0.00932742
3.57 -0.0888726 0.0125804 0.000684505 -0.00578624 -0.0426099 0.00588864
3.58 -0.10562 0.00404398 0.000901407 -0.0019029 -0.0505763 0.00243987
3.59 -0.117917 -0.00366415 0.00107292 0.00160423 -0.0564409 -0.000682426
3.6 -0.125196 -0.00982647 0.00118814 0.00440847 -0.0599332 -0.00318359
3.61 -0.127186 -0.0138895 0.00124006 0.00625779 -0.0609204 -0.00483644
3.62 -0.123912 -0.0155099 0.00122599 0.00699586 -0.0594115 -0.00550048
3.63 -0.115691 -0.0145822 0.00114773 0.00657461 -0.0555529 -0.00513302
3.64 -0.103102 -0.0112451 0.00101137 0.00505709 -0.0496161 -0.00379147
3.65 -0.0869468 -0.00586568 0.000826858 0.0026105 -0.0419782 -0.00162648
3.66 -0.0681956 0.000995885 0.000607188 -0.000510202 -0.0330971 0.00113303
3.67 -0.0479263 0.00864005 0.000367466 -0.00398648 -0.0234822 0.00420174
3.68 -0.0272567 0.0162932 0.000123773 -0.00746609 -0.0136624 0.00726449
3.69 -0.0072768 0.0231794 -0.000108019 -0.0105957 -0.00415419 0.0100053
3.7 0.0110149 0.0285912 -0.000313389 -0.0130534 0.00456918 0.012136
3.71 0.0267688 0.0319535 -0.000480192 -0.0145773 0.0121045 0.0134223
3.72 0.0393296 0.032874 -0.000599476 -0.0149888 0.0181404 0.0137041
3.73 0.0482696 0.0311768 -0.000666046 -0.0142081 0.0224736 0.0129103
3.74 0.0534071 0.0269161 -0.000678739 -0.0122599 0.0250168 0.011064
3.75 0.0548096 0.0203698 -0.000640398 -0.00927092 0.025801 0.00828062
3.76 0.0527831 0.0120137 -0.000557564 -0.005458 0.0249699 0.00475722
3.77 0.0478461 0.00247959 -0.000439897 -0.00110887 0.0227675 0.000754783
3.78 0.0406917 -0.0075008 -0.000299393 0.00344308 0.01952 -0.00342469
3.79 0.0321387 -0.0171589 -0.000149429 0.00784775 0.0156128 -0.00746455
3.8 0.0230749 -0.0257556 -3.71671e-06 0.0117685 0.011463 -0.0110609
3.81 0.0143946 -0.0326452 0.00012475 0.0149111 0.00749031 -0.0139483
3.82 0.00693671 -0.0373292 0.000224694 0.0170486 0.00408753 -0.0159224
3.83 0.00142506 -0.0394985 0.000287401 0.01804 0.00159255 -0.0168559
3.84 -0.00158302 -0.0390564 0.000307365 0.0178413 0.000264214 -0.0167089
3.85 -0.00173747 -0.0361242 0.000282667 0.0165077 0.000263314 -0.0155302
3.86 0.00107785 -0.0310259 0.00021508 0.0141867 0.0016404 -0.0134521
3.87 0.00673436 -0.0242561 0.000109885 0.0111037 0.00433105 -0.0106767
3.88 0.0148646 -0.0164337 -2.45738e-05 0.00754039 0.00815896 -0.00745766
3.89 0.0248846 -0.00824539 -0.000177551 0.00380959 0.0128469 -0.00407685
3.9 0.0360315 -0.000384543 -0.000336738 0.000227093 0.0180348 -0.000819419
3.91 0.0474143 0.00650872 -0.000489205 -0.00291556 0.0233038 0.00205114
3.92 0.0580755 0.011902 -0.000622375 -0.00537586 0.0282054 0.00431548
3.93 0.0670589 0.0154147 -0.000724974 -0.00698038 0.0322935 0.00581657
3.94 0.0734792 0.0168479 -0.000787877 -0.00763849 0.0351569 0.00647211
3.95 0.07659 0.0161984 -0.000804794 -0.00734859 0.0364509 0.00627996
3.96 0.0758428 0.0136546 -0.00077274 -0.00619639 0.0359247 0.00531651
3.97 0.0709343 0.00957602 -0.000692263 -0.00434551 0.0334433 0.00372795
3.98 0.0618377 0.00445735 -0.000567392 -0.00202113 0.0290015 0.00171558
3.99 0.0488135 -0.00111911 -0.000405341 0.000511688 0.0227286 -0.000483592
4 0.0324019 -0.00653824 -0.000215966 0.0029729 0.014884 -0.00261917
