0.01 7.91694e-08 -1.38559e-07 -4.7909e-09 1.12325e-07 1.22382e-07 -4.60875e-07
0.02 1.07721e-06 -1.52444e-06 -4.70029e-08 1.06757e-06 1.15888e-06 -3.19519e-06
0.03 6.75941e-06 -8.28503e-06 -2.22397e-07 5.06844e-06 5.5129e-06 -1.20537e-05
0.04 2.68371e-05 -2.97527e-05 -6.91941e-07 1.62443e-05 1.77681e-05 -3.21255e-05
0.05 7.71739e-05 -7.96811e-05 -1.63512e-06 3.99377e-05 4.40364e-05 -6.68654e-05
0.06 0.000173734 -0.000170457 -3.20411e-06 8.08416e-05 9.00657e-05 -0.000116065
0.07 0.000323016 -0.000305249 -5.49599e-06 0.000140794 0.000158922 -0.000176317
0.08 0.000517305 -0.000474671 -8.50687e-06 0.000217343 0.000249389 -0.000243266
0.09 0.000739718 -0.000661195 -1.20714e-05 0.000303852 0.000355958 -0.000313843
0.1 0.000973994 -0.000846869 -1.58445e-05 0.000391099 0.000470294 -0.000385627
0.11 0.00120883 -0.00101688 -1.93891e-05 0.000469597 0.000583348 -0.000454751
0.12 0.00143335 -0.00115748 -2.23555e-05 0.000531696 0.000687204 -0.000515028
0.13 0.00163177 -0.00125442 -2.46095e-05 0.000572832 0.000776057 -0.000559176
0.14 0.00178633 -0.00129737 -2.61838e-05 0.00059168 0.000846281 -0.00058199
0.15 0.00188696 -0.00128655 -2.71136e-05 0.00058926 0.000895702 -0.000581951
0.16 0.00193548 -0.00123231 -2.73119e-05 0.00056735 0.000922264 -0.000559997
0.17 0.00193662 -0.00114466 -2.66012e-05 0.000526943 0.000922765 -0.000517459
0.18 0.00188418 -0.0010227 -2.48594e-05 0.000467702 0.000892501 -0.000454774
0.19 0.00175841 -0.000856251 -2.21022e-05 0.000388935 0.000826442 -0.000373019
0.2 0.00154064 -0.000640142 -1.8426e-05 0.000291607 0.000721724 -0.000276251
0.21 0.00123227 -0.000387058 -1.39312e-05 0.0001801 0.000579972 -0.000171563
0.22 0.000858888 -0.000125126 -8.74557e-06 6.24537e-05 0.000408124 -6.71765e-05
0.23 0.000455516 0.000117531 -3.13303e-06 -5.1152e-05 0.000217179 3.06058e-05
0.24 4.80399e-05 0.000325416 2.44818e-06 -0.000150853 1.96249e-05 0.000118368
0.25 -0.000351315 0.000493897 7.48299e-06 -0.000229322 -0.000172956 0.000193723
0.26 -0.00073309 0.000618777 1.16457e-05 -0.000283037 -0.00035131 0.000253732
0.27 -0.00107993 0.000692362 1.49084e-05 -0.000312485 -0.000508802 0.000294728
0.28 -0.00136935 0.000711778 1.74237e-05 -0.000321422 -0.000640915 0.000314589
0.29 -0.00158616 0.000688469 1.93006e-05 -0.000315348 -0.000744458 0.000315078
0.3 -0.00172908 0.000644639 2.04733e-05 -0.000299536 -0.000816532 0.000301096
0.31 -0.0018032 0.00059747 2.07908e-05 -0.000277467 -0.000853875 0.000278436
0.32 -0.00180716 0.000547593 2.01982e-05 -0.000250597 -0.000853185 0.00025129
0.33 -0.00173059 0.000485158 1.8794e-05 -0.000219683 -0.000812567 0.000222113
0.34 -0.00156606 0.000407728 1.6764e-05 -0.000186771 -0.00073373 0.000193958
0.35 -0.00132389 0.000330815 1.43045e-05 -0.000156349 -0.000623421 0.000171388
0.36 -0.00103485 0.000279781 1.16169e-05 -0.000134739 -0.000493106 0.000159587
0.37 -0.000738145 0.000271934 8.97972e-06 -0.000128038 -0.000356874 0.000161689
0.38 -0.000465786 0.000307134 6.75286e-06 -0.000139818 -0.000228342 0.000176727
0.39 -0.000235388 0.000374121 5.23308e-06 -0.000169717 -0.000118167 0.000201149
0.4 -5.39174e-05 0.000462167 4.50901e-06 -0.00021331 -3.2876e-05 0.000231087
0.41 7.49819e-05 0.000563916 4.44576e-06 -0.000263086 2.48895e-05 0.000263964
0.42 0.000147162 0.000668407 4.79284e-06 -0.000310178 5.50311e-05 0.000297803
0.43 0.00015884 0.000756318 5.35041e-06 -0.000346457 5.86045e-05 0.000328657
0.44 0.000109605 0.000806572 6.04614e-06 -0.000366431 3.6855e-05 0.000350502
0.45 4.3282e-06 0.000808868 6.87064e-06 -0.000368118 -8.79717e-06 0.00035704
0.46 -0.000146375 0.000768439 7.80217e-06 -0.000352393 -7.57228e-05 0.000344405
0.47 -0.000327133 0.00069735 8.76635e-06 -0.000321176 -0.000158829 0.000312679
0.48 -0.000519889 0.000601263 9.60374e-06 -0.00027559 -0.000249594 0.000263761
0.49 -0.000704713 0.00047505 1.00835e-05 -0.000215294 -0.000336204 0.00019939
0.5 -0.00085859 0.000310536 9.94344e-06 -0.000139374 -0.000405057 0.000120655
0.51 -0.000954012 0.000107413 8.94333e-06 -4.81537e-05 -0.00044304 2.93777e-05
0.52 -0.000962411 -0.000122916 6.97114e-06 5.51971e-05 -0.00044028 -6.93237e-05
0.53 -0.000865019 -0.000361696 4.10202e-06 0.000164095 -0.000392244 -0.0001678
0.54 -0.000663774 -0.000588876 5.40674e-07 0.0002693 -0.00030041 -0.00025833
0.55 -0.000381666 -0.000785919 -3.44869e-06 0.000360757 -0.000171328 -0.000335469
0.56 -4.89353e-05 -0.000936675 -7.58915e-06 0.000429916 -1.41751e-05 -0.000396911
0.57 0.000314323 -0.00102981 -1.1626e-05 0.000471767 0.000161614 -0.000440958
0.58 0.000701879 -0.0010623 -1.53282e-05 0.000485784 0.000347451 -0.000465162
0.59 0.00110795 -0.0010403 -1.8528e-05 0.000475356 0.00053516 -0.000467038
0.6 0.00151058 -0.000975487 -2.11798e-05 0.000445998 0.000715447 -0.000445973
0.61 0.00187036 -0.000879965 -2.32874e-05 0.000403233 0.000877067 -0.000405548
0.62 0.00214763 -0.000763412 -2.47642e-05 0.000351156 0.00100727 -0.000352018
0.63 0.00231977 -0.000632969 -2.53836e-05 0.000292217 0.00109337 -0.000291575
0.64 0.0023814 -0.000493866 -2.48536e-05 0.000228127 0.00112488 -0.000228751
0.65 0.00232956 -0.000350269 -2.30177e-05 0.000161247 0.00109536 -0.000166306
0.66 0.0021538 -0.000207946 -2.00199e-05 9.57203e-05 0.00100392 -0.000107942
0.67 0.00184677 -7.82679e-05 -1.62241e-05 3.76541e-05 0.000856155 -5.88753e-05
0.68 0.00142449 2.10985e-05 -1.20109e-05 -5.99568e-06 0.00066373 -2.40057e-05
0.69 0.000932461 7.28332e-05 -7.66881e-06 -2.9563e-05 0.000442512 -5.81188e-06
0.7 0.000426666 7.0711e-05 -3.39821e-06 -3.09147e-05 0.000209305 -2.48456e-06
0.71 -5.48762e-05 2.4978e-05 5.98376e-07 -1.26218e-05 -2.11049e-05 -1.00509e-05
0.72 -0.000501282 -4.35793e-05 4.08102e-06 1.86453e-05 -0.000236966 -2.50077e-05
0.73 -0.000911059 -0.000115705 6.90104e-06 5.42024e-05 -0.00042879 -4.48756e-05
0.74 -0.00126753 -0.000180411 9.08384e-06 8.58478e-05 -0.000587542 -6.75886e-05
0.75 -0.00153389 -0.00023138 1.07211e-05 0.000107678 -0.000703908 -8.88398e-05
0.76 -0.00167399 -0.000260205 1.1818e-05 0.000116719 -0.000769397 -0.000102353
0.77 -0.00167585 -0.000256777 1.22206e-05 0.000112509 -0.000778309 -0.000102591
0.78 -0.00155506 -0.000217103 1.17209e-05 9.6008e-05 -0.00072984 -8.66717e-05
0.79 -0.00133783 -0.000147846 1.03126e-05 6.82701e-05 -0.000629006 -5.56062e-05
0.8 -0.00104419 -5.94514e-05 8.29363e-06 2.93736e-05 -0.00048651 -1.17706e-05
0.81 -0.000690252 4.60642e-05 6.10968e-06 -2.17152e-05 -0.000317954 4.32988e-05
0.82 -0.000303333 0.000177942 4.15754e-06 -8.59804e-05 -0.000141844 0.000108282
0.83 7.10576e-05 0.000344283 2.66502e-06 -0.000162341 2.29939e-05 0.000180914
0.84 0.000381466 0.000536117 1.70494e-06 -0.000246031 0.000160444 0.000255646
0.85 0.000593377 0.000725335 1.32125e-06 -0.000328629 0.000259451 0.000324743
0.86 0.000700077 0.000879975 1.54822e-06 -0.000399986 0.000314273 0.000381557
0.87 0.000712669 0.000981929 2.32729e-06 -0.000451051 0.0003233 0.000421919
0.88 0.000640798 0.00103023 3.52227e-06 -0.00047615 0.000287076 0.000444678
0.89 0.000481944 0.00102971 4.99335e-06 -0.000473842 0.000207124 0.00044906
0.9 0.000229471 0.000980551 6.66062e-06 -0.000446425 8.66e-05 0.000433178
0.91 -0.000110774 0.000880992 8.53688e-06 -0.000398667 -6.83474e-05 0.000395851
0.92 -0.000510947 0.000737979 1.06155e-05 -0.000336245 -0.000247048 0.000338099
0.93 -0.000925578 0.00057006 1.27266e-05 -0.000264246 -0.000434052 0.000264978
0.94 -0.00130658 0.000396546 1.45634e-05 -0.000186194 -0.000610676 0.00018382
0.95 -0.00161556 0.000224452 1.57746e-05 -0.000104167 -0.000757416 0.000100798
0.96 -0.00182659 4.89407e-05 1.60556e-05 -2.01132e-05 -0.000857147 2.03787e-05
0.97 -0.00192174 -0.000131948 1.52609e-05 6.24032e-05 -0.000897698 -5.45243e-05
0.98 -0.00188568 -0.000304205 1.34185e-05 0.000137342 -0.000873268 -0.000120067
0.99 -0.00170862 -0.000441218 1.0683e-05 0.000197104 -0.000784878 -0.000170853
1 -0.00139513 -0.000520743 7.32354e-06 0.000234883 -0.000639212 -0.000202813
1.01 -0.000970017 -0.000538562 3.62391e-06 0.000247145 -0.000446939 -0.000214741
1.02 -0.000473628 -0.000506772 -2.36447e-07 0.000234931 -0.000220763 -0.000209489
1.03 5.44703e-05 -0.000441653 -4.16001e-06 0.000203522 2.63121e-05 -0.000191803
1.04 0.000588473 -0.000355352 -8.07007e-06 0.000160868 0.000281215 -0.000165151
1.05 0.00111361 -0.000257968 -1.18484e-05 0.000115512 0.000530288 -0.000132241
1.06 0.00160966 -0.000163042 -1.52717e-05 7.46506e-05 0.000758291 -9.58034e-05
1.07 0.00203614 -8.63931e-05 -1.80857e-05 4.28123e-05 0.000948212 -6.06852e-05
1.08 0.00233924 -3.82339e-05 -2.00989e-05 2.15903e-05 0.00108333 -3.36107e-05
1.09 0.00247709 -1.79947e-05 -2.11442e-05 1.05758e-05 0.00115034 -1.95449e-05
1.1 0.00244127 -1.87453e-05 -2.10746e-05 9.04122e-06 0.00114264 -2.04756e-05
1.11 0.00225562 -3.69804e-05 -1.98344e-05 1.73764e-05 0.00106198 -3.4941e-05
1.12 0.00195267 -7.74615e-05 -1.7522e-05 3.73133e-05 0.000917482 -6.03346e-05
1.13 0.00155449 -0.000148401 -1.44625e-05 7.07239e-05 0.000723671 -9.54975e-05
1.14 0.00107659 -0.000252266 -1.11296e-05 0.000117698 0.000497914 -0.000139051
1.15 0.000546888 -0.00038064 -7.87925e-06 0.000175023 0.000258346 -0.000188197
1.16 1.58451e-05 -0.000516064 -4.82643e-06 0.000235922 2.24418e-05 -0.000237215
1.17 -0.000460024 -0.000637421 -1.94022e-06 0.000291229 -0.000194591 -0.000278474
1.18 -0.000845271 -0.000724902 7.98663e-07 0.000331589 -0.000380284 -0.000306444
1.19 -0.00113409 -0.000763883 3.24476e-06 0.000349861 -0.000524598 -0.000318305
1.2 -0.00133181 -0.00074817 5.12637e-06 0.000342877 -0.000619104 -0.000313701
1.21 -0.00142766 -0.000681136 6.26315e-06 0.000311835 -0.000656384 -0.000292595
1.22 -0.00139217 -0.000572777 6.62493e-06 0.000261202 -0.000631667 -0.000253513
1.23 -0.00120416 -0.000434128 6.24154e-06 0.000196699 -0.000545418 -0.00019628
1.24 -0.000879311 -0.000273634 5.16387e-06 0.000123387 -0.000405518 -0.000123394
1.25 -0.000472375 -9.80537e-05 3.46583e-06 4.47504e-05 -0.000227496 -4.07906e-05
1.26 -4.77356e-05 8.47808e-05 1.34179e-06 -3.6978e-05 -3.16171e-05 4.37132e-05
1.27 0.000350965 0.000265816 -7.98101e-07 -0.000119655 0.000160763 0.00012441
1.28 0.000704092 0.000437097 -2.49913e-06 -0.000199958 0.000330474 0.000197465
1.29 0.000996678 0.000591875 -3.51153e-06 -0.000272655 0.00046252 0.000260044
1.3 0.00120038 0.000720349 -3.83751e-06 -0.000330878 0.000546364 0.000308634
1.31 0.00128059 0.000806278 -3.64335e-06 -0.000367528 0.000576221 0.000338237
1.32 0.00121999 0.000831756 -3.06745e-06 -0.000377477 0.000550635 0.000345987
1.33 0.00103046 0.000789306 -2.06415e-06 -0.00035967 0.000471545 0.000332438
1.34 0.000742559 0.000690411 -5.15576e-07 -0.000317987 0.000343536 0.000301554
1.35 0.000381622 0.000560597 1.60516e-06 -0.00026022 0.000172998 0.000258914
1.36 -4.20972e-05 0.000424222 4.22604e-06 -0.000195604 -3.11094e-05 0.000208179
1.37 -0.000519243 0.000293193 7.17961e-06 -0.000132193 -0.000255923 0.000152322
1.38 -0.00102131 0.00016961 1.02367e-05 -7.53198e-05 -0.000484204 9.49944e-05
1.39 -0.00149421 5.69563e-05 1.31574e-05 -2.75607e-05 -0.000695153 4.15314e-05
1.4 -0.00187575 -3.45348e-05 1.56312e-05 1.02794e-05 -0.000867806 -1.13856e-06
1.41 -0.00212159 -9.44922e-05 1.73056e-05 3.7932e-05 -0.000984875 -2.86535e-05
1.42 -0.00221686 -0.000121731 1.79545e-05 5.46938e-05 -0.00103557 -4.0123e-05
1.43 -0.00217005 -0.000123294 1.75289e-05 5.89905e-05 -0.00101694 -3.73561e-05
1.44 -0.00199579 -0.000103248 1.61354e-05 4.87242e-05 -0.000932642 -2.3161e-05
1.45 -0.00170472 -5.53142e-05 1.39988e-05 2.25427e-05 -0.00079113 1.41485e-06
1.46 -0.00130775 2.94365e-05 1.13191e-05 -1.83461e-05 -0.000603697 3.48492e-05
1.47 -0.000824909 0.000146205 8.21459e-06 -6.8864e-05 -0.000382763 7.35009e-05
1.48 -0.000291167 0.000269663 4.78356e-06 -0.000120383 -0.000141586 0.00011141
1.49 0.000249977 0.000366153 1.08573e-06 -0.000162905 0.000106068 0.000141116
1.5 0.000759613 0.00041402 -2.81745e-06 -0.000188076 0.000345727 0.000157944
1.51 0.00120995 0.000412483 -6.73819e-06 -0.000191436 0.000561987 0.000160278
1.52 0.0015818 0.000372237 -1.03717e-05 -0.000172916 0.000739432 0.000148117
1.53 0.00185337 0.000300465 -1.33532e-05 -0.000135748 0.000863696 0.000121771
1.54 0.00199531 0.000196983 -1.53399e-05 -8.47205e-05 0.000923856 8.00749e-05
1.55 0.00198208 6.32271e-05 -1.61948e-05 -2.46318e-05 0.00091512 2.34817e-05
1.56 0.00180997 -8.96371e-05 -1.60083e-05 4.06957e-05 0.000840289 -4.42683e-05
1.57 0.00150886 -0.000244921 -1.4944e-05 0.000108699 0.000710069 -0.000116827
1.58 0.00113125 -0.000392083 -1.31896e-05 0.000177556 0.000540525 -0.000186511
1.59 0.000725675 -0.000531044 -1.09434e-05 0.000244941 0.000349456 -0.000248315
1.6 0.000319522 -0.000662816 -8.39945e-06 0.000306679 0.000153463 -0.000299402
1.61 -7.71993e-05 -0.000776801 -5.79713e-06 0.00035632 -3.38885e-05 -0.00033715
1.62 -0.000449855 -0.000849967 -3.33255e-06 0.000386341 -0.000201334 -0.000358542
1.63 -0.000765367 -0.000860405 -1.032e-06 0.000390595 -0.000338949 -0.000359412
1.64 -0.000983842 -0.00080228 1.12398e-06 0.000366752 -0.000437867 -0.000338164
1.65 -0.00108097 -0.000688328 3.03734e-06 0.000317383 -0.000490446 -0.000297225
1.66 -0.0010607 -0.000539586 4.45693e-06 0.000249212 -0.000491764 -0.000241534
1.67 -0.000942234 -0.000374105 5.03047e-06 0.000171088 -0.000440443 -0.000177168
1.68 -0.000737252 -0.000204214 4.55191e-06 9.16664e-05 -0.000339451 -0.000108003
1.69 -0.000446816 -4.04556e-05 3.1629e-06 1.76486e-05 -0.00019722 -3.70653e-05
1.7 -7.93393e-05 0.000106109 1.20598e-06 -4.69975e-05 -2.7466e-05 3.12077e-05
1.71 0.000327782 0.00022674 -9.81045e-07 -0.000100712 0.000151593 9.12183e-05
1.72 0.000711799 0.000318325 -3.14403e-06 -0.000143144 0.000320249 0.000136403
1.73 0.00101615 0.000381691 -5.13792e-06 -0.00017366 0.000461458 0.000163219
1.74 0.00121709 0.000416188 -6.81099e-06 -0.000190423 0.000563371 0.000172162
1.75 0.00132375 0.000416864 -7.94667e-06 -0.000190698 0.000620314 0.000165554
1.76 0.00135089 0.000377742 -8.43728e-06 -0.000172336 0.000630907 0.00014643
1.77 0.00129416 0.000298089 -8.33701e-06 -0.000135657 0.000595684 0.000116163
1.78 0.00113565 0.000186189 -7.72655e-06 -8.46743e-05 0.000516333 7.6622e-05
1.79 0.000867425 5.85539e-05 -6.6222e-06 -2.69558e-05 0.000395644 3.25183e-05
1.8 0.000509375 -6.364e-05 -4.90229e-06 2.79198e-05 0.000238946 -9.77484e-06
1.81 0.000101665 -0.000159145 -2.38944e-06 7.07418e-05 5.48941e-05 -4.31141e-05
1.82 -0.000319673 -0.000212116 8.7394e-07 9.50227e-05 -0.00014476 -6.34316e-05
1.83 -0.000732974 -0.000217278 4.57051e-06 9.84405e-05 -0.000345203 -7.01302e-05
1.84 -0.00112203 -0.000181019 8.27386e-06 8.27761e-05 -0.000530023 -6.33386e-05
1.85 -0.00145941 -0.000115901 1.15651e-05 5.24122e-05 -0.000682896 -4.3372e-05
1.86 -0.00170415 -3.19975e-05 1.41652e-05 1.21788e-05 -0.000790068 -9.45913e-06
1.87 -0.0018223 6.73254e-05 1.59678e-05 -3.43123e-05 -0.000843481 3.74809e-05
1.88 -0.00180624 0.000181455 1.69074e-05 -8.5036e-05 -0.000841691 9.26544e-05
1.89 -0.00167712 0.00030544 1.69699e-05 -0.000138662 -0.000789405 0.000149472
1.9 -0.00146776 0.000428135 1.62473e-05 -0.000193146 -0.000695044 0.000200824
1.91 -0.00120069 0.000537242 1.48362e-05 -0.000244667 -0.000567634 0.000242394
1.92 -0.000884686 0.000624095 1.28104e-05 -0.000287431 -0.000415737 0.000272348
1.93 -0.000524984 0.000681526 1.02323e-05 -0.000314471 -0.000247142 0.000288295
1.94 -0.000136849 0.000698064 7.11452e-06 -0.000319268 -7.01127e-05 0.000287561
1.95 0.000249559 0.000658573 3.53652e-06 -0.000297831 0.000105282 0.000267026
1.96 0.000599401 0.000555069 -2.63946e-07 -0.000250469 0.000267472 0.000226233
1.97 0.000883152 0.000398107 -3.98977e-06 -0.000182286 0.000403904 0.000169218
1.98 0.00108283 0.000215239 -7.30462e-06 -0.000101866 0.000503199 0.000101649
1.99 0.00119128 3.52495e-05 -9.85576e-06 -1.86121e-05 0.000557451 2.95573e-05
2 0.00120564 -0.000127549 -1.14229e-05 5.98972e-05 0.000563544 -4.31176e-05
2.01 0.00112731 -0.000273964 -1.19486e-05 0.000129168 0.000524379 -0.000113529
2.02 0.000964171 -0.000406547 -1.15349e-05 0.000187306 0.000447858 -0.000176828
2.03 0.00073503 -0.0005181 -1.04635e-05 0.000233523 0.000345146 -0.0002274
2.04 0.000471349 -0.000594561 -9.00311e-06 0.000266764 0.000228571 -0.000259648
2.05 0.000206711 -0.000627277 -7.24921e-06 0.000285131 0.000108835 -0.000271124
2.06 -3.46768e-05 -0.000618968 -5.21866e-06 0.000286127 -5.79667e-06 -0.000263821
2.07 -0.000245176 -0.000576336 -2.93403e-06 0.00026753 -0.000109589 -0.000240786
2.08 -0.000427922 -0.000499623 -5.07704e-07 0.000228708 -0.000198145 -0.000205219
2.09 -0.000578965 -0.000383944 1.78831e-06 0.000172057 -0.000266295 -0.000159124
2.1 -0.000679499 -0.000232899 3.68862e-06 0.000103807 -0.000308018 -0.000104901
2.11 -0.00070273 -6.8747e-05 5.04228e-06 3.33669e-05 -0.000317169 -4.82671e-05
2.12 -0.000633102 7.47491e-05 5.69787e-06 -2.89812e-05 -0.000289803 3.92716e-06
2.13 -0.000481052 0.000172049 5.50482e-06 -7.50649e-05 -0.00022675 4.51462e-05
2.14 -0.000274422 0.00021918 4.38748e-06 -0.000100933 -0.000133764 7.19188e-05
2.15 -4.101e-05 0.000228403 2.39924e-06 -0.000107036 -2.09566e-05 8.45188e-05
2.16 0.000203347 0.000211698 -1.43345e-07 -9.67033e-05 9.94937e-05 8.32757e-05
2.17 0.000449705 0.000171029 -2.75504e-06 -7.40595e-05 0.00021578 6.83688e-05
2.18 0.000679874 0.000103523 -5.11001e-06 -4.25238e-05 0.000317667 3.96515e-05
2.19 0.000866067 1.22757e-05 -7.12466e-06 -4.33245e-06 0.000398198 -1.36381e-06
2.2 0.00098495 -9.12153e-05 -8.84902e-06 3.90682e-05 0.000453765 -4.89743e-05
2.21 0.00103324 -0.000194894 -1.03319e-05 8.60936e-05 0.00048342 -9.62959e-05
2.22 0.00102756 -0.000293105 -1.14281e-05 0.00013389 0.000487708 -0.000137002
2.23 0.000981902 -0.000383225 -1.18569e-05 0.0001775 0.000466318 -0.000167355
2.24 0.000891801 -0.000456146 -1.14603e-05 0.00021 0.000417956 -0.000186246
2.25 0.000739099 -0.000493174 -1.02111e-05 0.000223992 0.000341463 -0.000191492
2.26 0.000513485 -0.000475133 -8.13645e-06 0.000214025 0.000237879 -0.000180513
2.27 0.000232028 -0.000395666 -5.32601e-06 0.000178792 0.000112851 -0.000151266
2.28 -6.86936e-05 -0.00026611 -1.8912e-06 0.000121874 -2.39888e-05 -0.000104327
2.29 -0.000353824 -0.00010826 1.94361e-06 5.06496e-05 -0.000160684 -4.48781e-05
2.3 -0.000605044 5.70376e-05 5.7365e-06 -2.60037e-05 -0.000285487 2.09169e-05
2.31 -0.00081865 0.000215804 9.04395e-06 -0.000100094 -0.000389513 8.75495e-05
2.32 -0.00098897 0.000359627 1.16233e-05 -0.000166043 -0.000467135 0.00015122
2.33 -0.0011038 0.000482372 1.34207e-05 -0.000220961 -0.000516444 0.00020932
2.34 -0.00115291 0.000579131 1.45429e-05 -0.000263823 -0.000538452 0.000256985
2.35 -0.00113752 0.000646408 1.50901e-05 -0.000294049 -0.000535373 0.00028875
2.36 -0.00107183 0.000680957 1.49933e-05 -0.000310231 -0.000509695 0.00030037
2.37 -0.000968467 0.000678031 1.41489e-05 -0.000309754 -0.000462558 0.000290701
2.38 -0.000829003 0.000632105 1.25197e-05 -0.000289643 -0.000394199 0.000263065
2.39 -0.000648284 0.000540698 1.01092e-05 -0.000248314 -0.00030567 0.000221303
2.4 -0.000425442 0.00040806 7.05069e-06 -0.000187307 -0.000200205 0.000168622
2.41 -0.000175636 0.000245659 3.59856e-06 -0.000112055 -8.49023e-05 0.000107679
2.42 7.42206e-05 7.01569e-05 4.04141e-08 -3.12341e-05 3.03161e-05 4.15084e-05
2.43 0.000296809 -9.86517e-05 -3.25427e-06 4.50899e-05 0.000134803 -2.35051e-05
2.44 0.000472182 -0.00024002 -5.92887e-06 0.000107865 0.000219276 -8.01841e-05
2.45 0.000592778 -0.000336916 -7.80822e-06 0.000151167 0.000278394 -0.000122942
2.46 0.000659003 -0.000382704 -8.83499e-06 0.000173264 0.000310831 -0.00014914
2.47 0.000676201 -0.000384203 -9.04177e-06 0.000176191 0.000318667 -0.000159808
2.48 0.000652215 -0.000355982 -8.57449e-06 0.000164009 0.000305938 -0.000155705
2.49 0.000591711 -0.000308971 -7.56523e-06 0.000140636 0.000276102 -0.000136942
2.5 0.00049714 -0.000243752 -6.12185e-06 0.000108446 0.000231527 -0.000104213
2.51 0.000369814 -0.00015547 -4.36534e-06 6.83938e-05 0.00017328 -5.99195e-05
2.52 0.000214084 -4.52446e-05 -2.3119e-06 2.13978e-05 0.000102296 -1.05133e-05
2.53 4.1175e-05 7.42398e-05 5.28248e-08 -3.0039e-05 2.15117e-05 3.67647e-05
2.54 -0.000136019 0.000184706 2.57705e-06 -8.10284e-05 -6.37969e-05 7.64224e-05
2.55 -0.000304427 0.000272294 4.96224e-06 -0.000124713 -0.000145595 0.000105266
2.56 -0.000450614 0.00032999 6.8106e-06 -0.000153644 -0.000214399 0.000122542
2.57 -0.000558629 0.000351169 7.74677e-06 -0.000161605 -0.000261593 0.000126297
2.58 -0.000608614 0.000325109 7.67602e-06 -0.000145432 -0.000280869 0.000113935
2.59 -0.000588291 0.000243674 6.74204e-06 -0.000106281 -0.000270414 8.44492e-05
2.6 -0.00050188 0.000113798 5.10865e-06 -4.97023e-05 -0.000232856 3.94762e-05
2.61 -0.000369155 -3.93933e-05 2.94627e-06 1.5856e-05 -0.000173749 -1.5087e-05
2.62 -0.000213813 -0.000185786 4.1622e-07 8.16789e-05 -9.97808e-05 -7.2762e-05
2.63 -4.57912e-05 -0.000308649 -2.31881e-06 0.000141269 -1.5967e-05 -0.000128781
2.64 0.000138397 -0.000409975 -4.99463e-06 0.000191329 7.44792e-05 -0.00017965
2.65 0.000342491 -0.000497904 -7.39729e-06 0.000230873 0.000169084 -0.000222848
2.66 0.000557609 -0.000570449 -9.51668e-06 0.000259365 0.000264694 -0.000253755
2.67 0.000759416 -0.000612972 -1.13672e-05 0.000275257 0.000355464 -0.000267167
2.68 0.000923442 -0.000610668 -1.28463e-05 0.000275778 0.000433502 -0.000260266
2.69 0.00103529 -0.000560714 -1.37053e-05 0.000257847 0.000489848 -0.000233331
2.7 0.00108843 -0.000470815 -1.35703e-05 0.000219468 0.000516009 -0.000190629
2.71 0.00107694 -0.000348243 -1.2239e-05 0.000161072 0.00050646 -0.000136665
2.72 0.000989816 -0.000194842 -9.87958e-06 8.64691e-05 0.000459461 -7.44952e-05
2.73 0.000822288 -1.51983e-05 -6.82988e-06 3.02837e-06 0.000378212 -7.21958e-06
2.74 0.000587147 0.000172338 -3.43617e-06 -7.93755e-05 0.000270332 6.1464e-05
2.75 0.00031235 0.000337329 1.38909e-08 -0.000150668 0.000145395 0.000124942
2.76 2.8917e-05 0.000453321 3.36393e-06 -0.000203318 1.31256e-05 0.000176044
2.77 -0.00024621 0.000513169 6.44524e-06 -0.000234143 -0.000118989 0.000210383
2.78 -0.000509927 0.000528416 9.02328e-06 -0.00024419 -0.000245672 0.000226473
2.79 -0.000759733 0.000514291 1.09946e-05 -0.000236945 -0.000362161 0.000225987
2.8 -0.000984162 0.00047629 1.23696e-05 -0.000216094 -0.000463222 0.000210285
2.81 -0.00116013 0.00041068 1.31428e-05 -0.000184129 -0.000541681 0.000179603
2.82 -0.00126461 0.000315194 1.32832e-05 -0.000142315 -0.000589478 0.000135541
2.83 -0.00128375 0.000196428 1.26489e-05 -9.16575e-05 -0.000599586 8.16567e-05
2.84 -0.00121303 6.69977e-05 1.10639e-05 -3.41741e-05 -0.000567561 2.49342e-05
2.85 -0.00105734 -6.15383e-05 8.5894e-06 2.61167e-05 -0.00049399 -2.71453e-05
2.86 -0.000827459 -0.000180327 5.50398e-06 8.29246e-05 -0.000384608 -6.99068e-05
2.87 -0.000541917 -0.000278551 2.17066e-06 0.000128444 -0.000249685 -0.000100808
2.88 -0.000227156 -0.000340573 -9.90048e-07 0.000155159 -0.000102483 -0.00011919
2.89 8.95196e-05 -0.000351142 -3.66563e-06 0.000158152 4.40496e-05 -0.000123394
2.9 0.000382826 -0.000305008 -5.71623e-06 0.000136889 0.000178765 -0.000110945
2.91 0.000633671 -0.000211624 -7.05441e-06 9.55144e-05 0.000293586 -8.18325e-05
2.92 0.000828781 -9.05457e-05 -7.70133e-06 4.14524e-05 0.000383371 -3.89006e-05
2.93 0.000958095 3.78984e-05 -7.77353e-06 -1.69871e-05 0.000444112 1.15267e-05
2.94 0.00101721 0.000159159 -7.30105e-06 -7.28612e-05 0.000472587 6.28168e-05
2.95 0.00100321 0.000265388 -6.27181e-06 -0.000121796 0.000465464 0.00011089
2.96 0.00091191 0.000353187 -4.69738e-06 -0.000161841 0.000419948 0.000152656
2.97 0.000738797 0.00042097 -2.57795e-06 -0.000192291 0.000335845 0.000185449
2.98 0.000483765 0.000466313 -3.65361e-08 -0.000212174 0.000216687 0.00020497
2.99 0.00016441 0.00048349 2.67103e-06 -0.000219225 7.15826e-05 0.000206422
3 -0.000182664 0.000463465 5.31147e-06 -0.000210016 -8.54736e-05 0.000188282
3.01 -0.000513341 0.000398211 7.60128e-06 -0.000181314 -0.000238213 0.000152264
3.02 -0.000791669 0.000286974 9.19361e-06 -0.000132056 -0.000370668 0.000103185
3.03 -0.00100126 0.000139009 9.85465e-06 -6.48803e-05 -0.000470731 4.59294e-05
3.04 -0.001136 -2.96727e-05 9.49066e-06 1.36348e-05 -0.000530949 -1.66446e-05
3.05 -0.0011878 -0.000201727 8.20666e-06 9.41814e-05 -0.000548101 -8.12721e-05
3.06 -0.00114537 -0.000360636 6.34319e-06 0.000166867 -0.000522651 -0.000143617
3.07 -0.00100247 -0.000489692 4.18247e-06 0.000223491 -0.000456832 -0.000197178
3.08 -0.000771101 -0.000573327 1.78708e-06 0.000259234 -0.000354504 -0.000235207
3.09 -0.000476232 -0.00060353 -8.49992e-07 0.000273249 -0.000220669 -0.000254594
3.1 -0.000139856 -0.000585677 -3.72648e-06 0.000267949 -6.12808e-05 -0.000255237
3.11 0.000226009 -0.000535286 -6.70676e-06 0.000247207 0.000115148 -0.000239317
3.12 0.00061284 -0.000465723 -9.45553e-06 0.00021434 0.000297193 -0.000208773
3.13 0.000995359 -0.000378149 -1.16915e-05 0.000170999 0.000469843 -0.000164184
3.14 0.00132668 -0.000264768 -1.32721e-05 0.000117676 0.000615803 -0.000107963
3.15 0.00155698 -0.00012292 -1.40331e-05 5.54438e-05 0.00071934 -4.48955e-05
3.16 0.00165628 3.45674e-05 -1.38265e-05 -1.23038e-05 0.000769042 1.77392e-05
3.17 0.00162696 0.000183795 -1.25696e-05 -7.93191e-05 0.000760539 7.25632e-05
3.18 0.00148924 0.000303893 -1.0291e-05 -0.000137516 0.000696333 0.000115703
3.19 0.00125998 0.000385546 -7.31754e-06 -0.000178929 0.000583501 0.000145448
3.2 0.000948368 0.000426415 -4.13849e-06 -0.000197727 0.000432264 0.00016116
3.21 0.000564228 0.000422179 -1.05762e-06 -0.000191682 0.000253681 0.000161537
3.22 0.000132832 0.000366934 1.82568e-06 -0.000162808 5.91344e-05 0.000144562
3.23 -0.000307133 0.000264042 4.53423e-06 -0.000116932 -0.00013964 0.000111201
3.24 -0.000719668 0.000133603 7.10461e-06 -6.21031e-05 -0.000331172 6.56283e-05
3.25 -0.00107997 4.41913e-06 9.35656e-06 -6.17597e-06 -0.000503139 1.44671e-05
3.26 -0.00137319 -0.000104161 1.0986e-05 4.53243e-05 -0.000642705 -3.57046e-05
3.27 -0.00158095 -0.000192165 1.18189e-05 8.98835e-05 -0.000737199 -8.13062e-05
3.28 -0.00167563 -0.000269996 1.1762e-05 0.000126869 -0.000775451 -0.000119681
3.29 -0.00163291 -0.000340135 1.07865e-05 0.000155491 -0.000751338 -0.000147871
3.3 -0.00144602 -0.000389071 8.98061e-06 0.000173367 -0.000665455 -0.000161866
3.31 -0.0011359 -0.000397254 6.45801e-06 0.000176643 -0.000525996 -0.000157507
3.32 -0.000743831 -0.000355204 3.45059e-06 0.000161477 -0.000347635 -0.000134391
3.33 -0.000313676 -0.000268653 3.8724e-07 0.000125903 -0.000147811 -9.55986e-05
3.34 0.000117902 -0.000149812 -2.36075e-06 7.11776e-05 5.56596e-05 -4.62398e-05
3.35 0.000525827 -7.69447e-06 -4.58895e-06 2.23246e-06 0.000247226 8.74874e-06
3.36 0.000889633 0.000150464 -6.20565e-06 -7.28393e-05 0.000414513 6.66321e-05
3.37 0.00118613 0.00031019 -7.27698e-06 -0.000144253 0.000547301 0.000124155
3.38 0.00139074 0.000447138 -7.87288e-06 -0.000202774 0.000637523 0.00017642
3.39 0.0014803 0.000537587 -7.92251e-06 -0.000242049 0.000678209 0.000217193
3.4 0.00144271 0.000572703 -7.36136e-06 -0.000259933 0.000664032 0.000240542
3.41 0.00128095 0.000561681 -6.13509e-06 -0.000258072 0.000593006 0.000244575
3.42 0.00100846 0.000520405 -4.16861e-06 -0.000240004 0.000467236 0.000230582
3.43 0.000645032 0.000457342 -1.5577e-06 -0.000208965 0.000294802 0.000201142
3.44 0.00021193 0.000370154 1.43782e-06 -0.000166718 8.96067e-05 0.000158563
3.45 -0.000262129 0.00025414 4.49663e-06 -0.0001139 -0.000129904 0.000103934
3.46 -0.000733145 0.000111939 7.20505e-06 -5.14023e-05 -0.000342352 4.03238e-05
3.47 -0.00114724 -4.47917e-05 9.23997e-06 1.81262e-05 -0.000527459 -2.64091e-05
3.48 -0.00145502 -0.000200535 1.05051e-05 8.94774e-05 -0.000668783 -8.89119e-05
3.49 -0.00163226 -0.000340416 1.09565e-05 0.000155147 -0.000755873 -0.000140369
3.5 -0.00168371 -0.000450422 1.05961e-05 0.00020668 -0.000784951 -0.000177726
3.51 -0.00162462 -0.000516869 9.52956e-06 0.00023677 -0.000756427 -0.00020022
3.52 -0.00146214 -0.000529494 7.85313e-06 0.000241393 -0.000673444 -0.000207324
3.53 -0.00118954 -0.000486816 5.70624e-06 0.000221085 -0.000540529 -0.000198104
3.54 -0.000804853 -0.000398332 3.25984e-06 0.000180697 -0.000363831 -0.000171362
3.55 -0.000332384 -0.000280882 5.14707e-07 0.000127691 -0.000153281 -0.000129058
3.56 0.000179499 -0.000152204 -2.56541e-06 6.97851e-05 7.7344e-05 -7.66565e-05
3.57 0.000677395 -2.62818e-05 -5.82386e-06 1.30174e-05 0.000310478 -2.10294e-05
3.58 0.00112488 8.80829e-05 -8.94621e-06 -3.90352e-05 0.000526377 3.15707e-05
3.59 0.00150175 0.000186875 -1.14769e-05 -8.47542e-05 0.00070593 7.79076e-05
3.6 0.00178415 0.000269179 -1.2995e-05 -0.000123136 0.000832135 0.000115726
3.61 0.00193722 0.000333438 -1.34257e-05 -0.000152353 0.000893129 0.000141819
3.62 0.00192778 0.000372977 -1.29203e-05 -0.000169042 0.000884136 0.000152422
3.63 0.0017514 0.000375445 -1.16235e-05 -0.000168873 0.00080796 0.000144302
3.64 0.0014429 0.000329231 -9.6939e-06 -0.000148296 0.000674639 0.000118102
3.65 0.00105358 0.000232976 -7.25619e-06 -0.000106662 0.000497732 7.81147e-05
3.66 0.000622143 9.95134e-05 -4.44525e-06 -4.75339e-05 0.000291537 2.96613e-05
3.67 0.000162061 -4.99988e-05 -1.5409e-06 2.1606e-05 6.96853e-05 -2.25442e-05
3.68 -0.00032038 -0.000196063 1.24619e-06 9.11326e-05 -0.000155068 -7.57547e-05
3.69 -0.000798026 -0.000325312 3.90597e-06 0.000151683 -0.000368616 -0.000126727
3.7 -0.00122039 -0.000427104 6.40938e-06 0.000196223 -0.000555526 -0.000170148
3.71 -0.00153376 -0.000489838 8.6277e-06 0.000221182 -0.000700154 -0.000200071
3.72 -0.0017075 -0.000504587 1.02971e-05 0.00022649 -0.000788503 -0.000211669
3.73 -0.00174035 -0.000473024 1.10137e-05 0.000214612 -0.000811469 -0.000204179
3.74 -0.00164178 -0.000408649 1.05717e-05 0.000188888 -0.000765795 -0.000180086
3.75 -0.00141831 -0.000326398 9.12012e-06 0.000151846 -0.000655178 -0.000142296
3.76 -0.00107542 -0.000229932 6.93609e-06 0.00010446 -0.000490522 -9.32213e-05
3.77 -0.00063397 -0.000111035 4.34662e-06 4.69187e-05 -0.000288062 -3.45373e-05
3.78 -0.00014105 3.63745e-05 1.64852e-06 -1.94677e-05 -6.7742e-05 3.01295e-05
3.79 0.000344181 0.000201648 -1.01214e-06 -9.05299e-05 0.000150559 9.41704e-05
3.8 0.000772728 0.000358044 -3.47324e-06 -0.000158969 0.000349968 0.000150332
3.81 0.00112042 0.000478409 -5.53551e-06 -0.000215877 0.000517315 0.000192772
3.82 0.00138253 0.00054976 -7.14592e-06 -0.0002532 0.00064341 0.000219312
3.83 0.0015531 0.000572976 -8.28453e-06 -0.0002659 0.000720905 0.000230086
3.84 0.00161526 0.000551448 -8.87749e-06 -0.000253051 0.000743567 0.000224842
3.85 0.00154619 0.000484534 -8.86571e-06 -0.000217785 0.000707235 0.000202974
3.86 0.00133393 0.000373983 -8.1044e-06 -0.000166314 0.00061083 0.000164346
3.87 0.000992348 0.000233936 -6.45357e-06 -0.00010626 0.000459136 0.000111947
3.88 0.000557826 8.93383e-05 -4.01123e-06 -4.46262e-05 0.000263367 5.22836e-05
3.89 7.72345e-05 -3.88485e-05 -1.00887e-06 1.38355e-05 4.03119e-05 -7.59006e-06
3.9 -0.000406487 -0.000146472 2.25021e-06 6.69516e-05 -0.000189185 -6.20264e-05
3.91 -0.000860341 -0.000242436 5.34029e-06 0.000113895 -0.00040407 -0.000108118
3.92 -0.00125399 -0.000331678 7.92259e-06 0.000153201 -0.000585408 -0.000143928
3.93 -0.00155539 -0.00040305 9.82038e-06 0.000181495 -0.000718676 -0.000166207
3.94 -0.00173285 -0.000434969 1.09337e-05 0.000193927 -0.000795421 -0.000171471
3.95 -0.00176703 -0.000412394 1.13431e-05 0.000186068 -0.000812477 -0.000157663
3.96 -0.00166346 -0.000337515 1.11966e-05 0.000156107 -0.000771729 -0.000126529
3.97 -0.0014472 -0.000225159 1.04724e-05 0.000106162 -0.00067818 -8.33458e-05
3.98 -0.00114651 -9.10941e-05 9.10462e-06 4.22539e-05 -0.000538189 -3.36493e-05
3.99 -0.000776683 5.29137e-05 7.07258e-06 -2.68699e-05 -0.000359708 1.82263e-05
4 -0.000341345 0.000194297 4.386e-06 -9.16211e-05 -0.000152286 6.94375e-05
