0.01 0.000498645 -2.77118e-05 -1.80365e-05 2.24649e-05 0.000997539 -9.2175e-05
0.02 0.00329989 -0.000249465 -8.0199e-05 0.000168583 0.00347236 -0.000454687
0.03 0.0106153 -0.00110265 -0.000154521 0.000631591 0.00725072 -0.00131701
0.04 0.0223066 -0.00319089 -0.000197187 0.00160358 0.0118289 -0.00269737
0.05 0.0348617 -0.0067948 -0.000233864 0.0031351 0.0161914 -0.0042506
0.06 0.0442303 -0.0113603 -0.000274761 0.00504569 0.0201973 -0.00558929
0.07 0.0491845 -0.0155982 -0.000300689 0.00694486 0.0232613 -0.00646106
0.08 0.0517496 -0.0182862 -0.00032728 0.00836494 0.0253621 -0.00692881
0.09 0.0545385 -0.0190186 -0.000343164 0.00893676 0.026732 -0.00718669
0.1 0.0572605 -0.0181164 -0.000329868 0.00851262 0.0267792 -0.00717
0.11 0.0568101 -0.0158867 -0.000320545 0.00718706 0.0255097 -0.00665481
0.12 0.0502683 -0.0122331 -0.000309633 0.00523275 0.0223994 -0.00540063
0.13 0.0373255 -0.00715451 -0.000259827 0.00299441 0.0171327 -0.00342894
0.14 0.0206688 -0.00143458 -0.000178996 0.000775169 0.0102405 -0.00113386
0.15 0.00310764 0.00359728 -6.22028e-05 -0.00125911 0.00177877 0.00114178
0.16 -0.0144461 0.00725191 9.02331e-05 -0.00312288 -0.00733383 0.00324901
0.17 -0.0322344 0.0102777 0.000224802 -0.00495855 -0.0163147 0.00525848
0.18 -0.050322 0.0141137 0.000330014 -0.00688964 -0.0247273 0.00727863
0.19 -0.0668176 0.0191766 0.000422527 -0.00886387 -0.0315434 0.00907226
0.2 -0.0790267 0.0240452 0.00048131 -0.0106016 -0.0367204 0.0102813
0.21 -0.0856854 0.0265716 0.000518458 -0.0116999 -0.0400582 0.0106565
0.22 -0.0872101 0.0258147 0.000555619 -0.0118295 -0.0414466 0.0102208
0.23 -0.0856278 0.0227168 0.000568802 -0.0108917 -0.041428 0.00933569
0.24 -0.0822107 0.01886 0.000565373 -0.00904853 -0.0396735 0.0082167
0.25 -0.0763679 0.0148363 0.000557367 -0.00664526 -0.0363467 0.00685428
0.26 -0.0669381 0.0101397 0.000508973 -0.00409775 -0.0314945 0.0051476
0.27 -0.0528236 0.00457728 0.000424668 -0.00179174 -0.0249018 0.00305151
0.28 -0.0351419 -0.000694197 0.000327199 4.20141e-06 -0.0174045 0.000920707
0.29 -0.0168218 -0.00396758 0.000203142 0.00121066 -0.00939704 -0.000822886
0.3 -0.000581444 -0.00479846 7.6939e-05 0.00195179 -0.00173598 -0.00197341
0.31 0.0116497 -0.00463523 -2.39874e-05 0.00246196 0.00458392 -0.00255873
0.32 0.0203744 -0.00534022 -0.000115768 0.00291202 0.00950279 -0.00287043
0.33 0.0267614 -0.00714679 -0.000177387 0.0032707 0.0124931 -0.00296491
0.34 0.0308296 -0.00833915 -0.000190545 0.00331179 0.0138118 -0.00266608
0.35 0.032032 -0.00704339 -0.000192931 0.00277264 0.0138666 -0.00184807
0.36 0.0290989 -0.00316348 -0.000192451 0.00154926 0.0125942 -0.000511954
0.37 0.0227388 0.00159416 -0.000187189 -0.000208986 0.0107135 0.000932298
0.38 0.0155 0.00544577 -0.000197091 -0.00214702 0.0082178 0.00207534
0.39 0.00912775 0.00795156 -0.000188013 -0.00383275 0.00524861 0.00280898
0.4 0.00414589 0.00965774 -0.000133032 -0.00488582 0.00223178 0.00317874
0.41 -0.00135061 0.010692 -6.76685e-05 -0.00506951 -0.00108164 0.00339649
0.42 -0.0085278 0.0102063 -1.76519e-06 -0.00434873 -0.00399347 0.00337146
0.43 -0.0153156 0.00737598 5.8253e-05 -0.00290712 -0.00604354 0.00279932
0.44 -0.0185388 0.00267482 8.27912e-05 -0.00108779 -0.00683781 0.00156963
0.45 -0.0152848 -0.00221568 9.11203e-05 0.000750561 -0.00558706 -0.000261986
0.46 -0.00652058 -0.00587002 9.20536e-05 0.00239443 -0.0027146 -0.00226502
0.47 0.00395044 -0.00834789 4.7974e-05 0.00384886 0.00157742 -0.00408012
0.48 0.0138672 -0.0108695 -2.75791e-05 0.00526832 0.00677288 -0.00570364
0.49 0.0227969 -0.0143732 -0.00010609 0.00679099 0.0119485 -0.0071705
0.5 0.0327041 -0.0185296 -0.000186024 0.00839293 0.0171002 -0.00857655
0.51 0.0442091 -0.022095 -0.000236124 0.00985114 0.0216116 -0.00967885
0.52 0.0546154 -0.0239709 -0.000258919 0.010819 0.0252914 -0.0100614
0.53 0.0615447 -0.023785 -0.000305116 0.0109605 0.0282448 -0.00963391
0.54 0.0637379 -0.0216512 -0.000367672 0.0100807 0.029954 -0.0084721
0.55 0.0630129 -0.0177573 -0.000422576 0.0082107 0.0307141 -0.0069557
0.56 0.0618391 -0.0123939 -0.000469027 0.00562103 0.0301982 -0.0053327
0.57 0.0591968 -0.00623222 -0.000472526 0.00274917 0.0279879 -0.0034767
0.58 0.0529787 -0.000267073 -0.000427757 5.42302e-05 0.0242342 -0.00136406
0.59 0.0409375 0.00466737 -0.000370571 -0.00213979 0.0185294 0.000988888
0.6 0.0239287 0.00829538 -0.000285839 -0.00373184 0.0115445 0.0032242
0.61 0.00628828 0.0108089 -0.000167216 -0.00482107 0.00402177 0.00486077
0.62 -0.0092929 0.0125018 -4.75359e-05 -0.00559446 -0.00356124 0.00584519
0.63 -0.021645 0.0135867 7.42119e-05 -0.00619317 -0.0101536 0.0062434
0.64 -0.0320438 0.0142339 0.000184032 -0.00662481 -0.0157792 0.00632147
0.65 -0.0420534 0.0144855 0.000251403 -0.00675127 -0.0202392 0.0061675
0.66 -0.0502406 0.0139791 0.000307622 -0.0063541 -0.0233518 0.00550526
0.67 -0.0555667 0.0119566 0.000371392 -0.00525915 -0.0255891 0.00430806
0.68 -0.0570546 0.00791668 0.000420615 -0.0034708 -0.0265721 0.00266587
0.69 -0.0551399 0.00243026 0.00046614 -0.00124266 -0.0265119 0.000972883
0.7 -0.0518898 -0.00285471 0.000496131 0.00097231 -0.0254359 -0.000307419
0.71 -0.0470439 -0.00629189 0.000475871 0.00268628 -0.0229305 -0.00120584
0.72 -0.0404553 -0.00741956 0.000424975 0.00356713 -0.0194897 -0.00178553
0.73 -0.0316707 -0.00700566 0.000350318 0.00354429 -0.0150543 -0.00218804
0.74 -0.0206601 -0.00593547 0.000239795 0.0027848 -0.0101669 -0.00235456
0.75 -0.0101163 -0.00425839 0.000133504 0.00158118 -0.00572836 -0.00189568
0.76 -0.00153162 -0.00150662 5.08682e-05 0.000227129 -0.00188998 -0.000806995
0.77 0.00367995 0.00219225 -2.22047e-05 -0.00106925 0.0005899 0.000759509
0.78 0.00521847 0.00574264 -6.53895e-05 -0.0022309 0.00183306 0.00242427
0.79 0.00513486 0.00810879 -8.72229e-05 -0.00331668 0.00221006 0.00378883
0.8 0.0039919 0.00957007 -0.000115793 -0.00446262 0.00167601 0.0049783
0.81 0.00285866 0.011533 -0.000126083 -0.00575514 0.00097347 0.0060356
0.82 0.00152214 0.0148425 -0.000117359 -0.00709792 -4.16167e-05 0.00696106
0.83 -0.00163107 0.0184257 -0.000113959 -0.00817426 -0.00140621 0.00756533
0.84 -0.005962 0.0199411 -9.39761e-05 -0.00856377 -0.00287554 0.00738103
0.85 -0.0112729 0.0179026 -5.40725e-05 -0.00795579 -0.0048835 0.00643837
0.86 -0.0159814 0.0130254 -5.73502e-06 -0.00631552 -0.00686902 0.00492435
0.87 -0.0186277 0.00736541 7.63354e-05 -0.00389749 -0.00860678 0.00314809
0.88 -0.0203242 0.00229516 0.000169902 -0.00112229 -0.00989434 0.00140372
0.89 -0.0206609 -0.00239872 0.000222028 0.00158391 -0.00993197 -0.00052718
0.9 -0.0196115 -0.00743389 0.000236525 0.00389934 -0.00891243 -0.00264929
0.91 -0.0160778 -0.0124778 0.000214155 0.00565226 -0.00657114 -0.00481615
0.92 -0.00835045 -0.0161249 0.000157976 0.00683219 -0.00306304 -0.00673422
0.93 0.001448 -0.0174588 0.00011154 0.00756769 0.000798417 -0.00788994
0.94 0.0112986 -0.017244 6.89291e-05 0.00804274 0.00495923 -0.00834175
0.95 0.0190207 -0.0171749 -1.5225e-07 0.00836258 0.00870337 -0.00826258
0.96 0.0241678 -0.0179274 -7.28534e-05 0.00844818 0.0119751 -0.0078213
0.97 0.0298013 -0.0182504 -0.000144343 0.00805511 0.0151367 -0.0071593
0.98 0.0364366 -0.016201 -0.000222878 0.00693272 0.0178611 -0.00594927
0.99 0.0435786 -0.0112015 -0.000285638 0.0050197 0.0205311 -0.00420782
1 0.0491982 -0.00470358 -0.000351485 0.00253609 0.0227195 -0.00218431
1.01 0.0507137 0.00113977 -0.000438728 -8.38239e-05 0.0239392 -0.000201214
1.02 0.0496597 0.00521839 -0.000499287 -0.00235901 0.0242797 0.00125168
1.03 0.0468361 0.00780534 -0.000511395 -0.0039226 0.0231071 0.00228534
1.04 0.0427452 0.0094549 -0.000479393 -0.00460823 0.0207344 0.00304509
1.05 0.0372392 0.0100218 -0.000393109 -0.00446301 0.0173668 0.00353687
1.06 0.0283444 0.00896354 -0.000291662 -0.00370928 0.0130717 0.00375075
1.07 0.0179247 0.00636618 -0.000211307 -0.00265839 0.00880504 0.00327289
1.08 0.00805517 0.00326567 -0.000125837 -0.00158601 0.00461121 0.002142
1.09 0.000108454 0.000782159 -3.68601e-05 -0.000616883 0.000858416 0.000671164
1.1 -0.00511944 -0.000932282 4.1871e-05 0.000309963 -0.00227988 -0.000857309
1.11 -0.0105795 -0.00271473 0.000130146 0.00135707 -0.00541973 -0.00203576
1.12 -0.0168915 -0.00538149 0.000210404 0.00263032 -0.00824279 -0.00304296
1.13 -0.0233763 -0.0088064 0.000268704 0.00405179 -0.0109548 -0.00398963
1.14 -0.0291537 -0.0119665 0.000332991 0.00534298 -0.0133681 -0.00472104
1.15 -0.0316895 -0.0137083 0.000383867 0.00612208 -0.0147873 -0.00510814
1.16 -0.031949 -0.0133766 0.000391995 0.00605762 -0.0154326 -0.00469556
1.17 -0.0304394 -0.0108948 0.000371361 0.00500394 -0.0148622 -0.0035562
1.18 -0.0271655 -0.00660141 0.000311185 0.00306792 -0.0132956 -0.00203777
1.19 -0.0235143 -0.00119474 0.000214733 0.000586511 -0.0113213 -0.000334527
1.2 -0.0186436 0.00433722 0.000128925 -0.00198324 -0.00890922 0.00125549
1.21 -0.0139602 0.0090696 5.46405e-05 -0.0042251 -0.00689702 0.00296564
1.22 -0.0104741 0.0126024 -1.30181e-05 -0.00590149 -0.00530206 0.00485071
1.23 -0.00742916 0.0151273 -4.73236e-05 -0.0069992 -0.00400465 0.00659589
1.24 -0.00577584 0.0169717 -6.87722e-05 -0.00766316 -0.00324657 0.00798144
1.25 -0.00410974 0.0181443 -9.73338e-05 -0.00806421 -0.00235204 0.00853915
1.26 -0.00247429 0.0184227 -0.000113484 -0.00828147 -0.00156423 0.00836161
1.27 -0.00165132 0.0177844 -0.00012912 -0.00825396 -0.000948919 0.00777773
1.28 -0.000532393 0.0164718 -0.00014038 -0.00780654 -0.000420184 0.0068333
1.29 -0.000709414 0.0144837 -0.000107547 -0.00673289 -0.000726731 0.00568244
1.3 -0.00228448 0.0112111 -4.57911e-05 -0.0049118 -0.00162449 0.00403561
1.31 -0.00551889 0.00597475 2.36652e-05 -0.00241822 -0.00324546 0.00188493
1.32 -0.0111467 -0.000879136 0.000111526 0.000428468 -0.00549867 -0.000334896
1.33 -0.0162115 -0.00761095 0.000191168 0.00313289 -0.00748271 -0.00237486
1.34 -0.0197875 -0.0121681 0.000249861 0.00520367 -0.00920167 -0.00380195
1.35 -0.0210379 -0.0137947 0.00030383 0.00634984 -0.010067 -0.00472607
1.36 -0.0200081 -0.0134801 0.000321137 0.00657339 -0.00999603 -0.00542098
1.37 -0.0193985 -0.0127258 0.000288566 0.00610879 -0.00951527 -0.00575035
1.38 -0.018288 -0.0119908 0.000243676 0.00526583 -0.00835397 -0.00571519
1.39 -0.0162822 -0.01054 0.000192277 0.00428599 -0.00704966 -0.00497743
1.4 -0.0128804 -0.00775823 0.000143286 0.00328203 -0.00551242 -0.00355656
1.41 -0.00713327 -0.00423325 0.000112515 0.00224848 -0.00340429 -0.00194643
1.42 -0.0015722 -0.0012145 5.60606e-05 0.00110389 -0.00105097 -0.000347467
1.43 0.00421144 0.000901915 -4.46471e-05 -0.000244546 0.00213282 0.000900837
1.44 0.0110099 0.00310717 -0.000153147 -0.00180872 0.00590463 0.00193819
1.45 0.0189562 0.00647967 -0.000262363 -0.00342758 0.00994652 0.00297698
1.46 0.0290576 0.0104705 -0.000356165 -0.00475019 0.0142161 0.0037099
1.47 0.0377823 0.0128832 -0.0004086 -0.00535337 0.0176459 0.00402044
1.48 0.0431203 0.0118085 -0.00044519 -0.00495037 0.0201176 0.00356146
1.49 0.0449654 0.0074896 -0.000465217 -0.00355413 0.0213816 0.00237974
1.5 0.0434509 0.00208386 -0.000433753 -0.00148006 0.0212383 0.000985715
1.51 0.0418772 -0.00239119 -0.000370234 0.000808079 0.020456 -0.000518832
1.52 0.0398167 -0.00565806 -0.000294225 0.0028959 0.0188511 -0.00191342
1.53 0.0361772 -0.00869644 -0.000208851 0.00453778 0.016743 -0.00335573
1.54 0.030986 -0.012 -0.000148495 0.00566768 0.014291 -0.00498351
1.55 0.0229036 -0.0147511 -0.00010194 0.00635007 0.0109838 -0.00633514
1.56 0.0142459 -0.0158217 -2.52954e-05 0.00671543 0.00727678 -0.00721484
1.57 0.00545997 -0.015235 6.66543e-05 0.00688527 0.0029156 -0.00729682
1.58 -0.00406266 -0.0141974 0.000159257 0.00688607 -0.00188633 -0.00664008
1.59 -0.0129934 -0.0135949 0.000249827 0.00659093 -0.00636734 -0.00572072
1.6 -0.0220977 -0.0127595 0.000299298 0.00575657 -0.010502 -0.00449661
1.61 -0.0290361 -0.0100373 0.00030699 0.00417174 -0.0133644 -0.00305303
1.62 -0.0322615 -0.00459591 0.000299256 0.00183234 -0.0147841 -0.00122534
1.63 -0.0326432 0.00250836 0.000256146 -0.00098153 -0.0149796 0.00105129
1.64 -0.029437 0.00911648 0.000184418 -0.00378697 -0.0137416 0.00319823
1.65 -0.0251086 0.0136741 0.00011544 -0.00608684 -0.0119535 0.00498965
1.66 -0.0203598 0.0160743 4.12847e-05 -0.00754734 -0.00970075 0.0061486
1.67 -0.0148677 0.0170218 -2.26189e-05 -0.00807759 -0.00711941 0.00672446
1.68 -0.0100523 0.0169565 -5.56288e-05 -0.00780664 -0.00465745 0.00710855
1.69 -0.0040296 0.0157951 -8.97732e-05 -0.00699693 -0.00176784 0.00707901
1.7 0.00269939 0.0135178 -0.000128173 -0.00593229 0.00114506 0.00657559
1.71 0.0093635 0.0106084 -0.000151472 -0.00481066 0.00397846 0.00542653
1.72 0.015847 0.00770866 -0.000178043 -0.00367569 0.00663999 0.00361036
1.73 0.0189079 0.00496459 -0.000193392 -0.00242747 0.00815323 0.00175283
1.74 0.0189223 0.00193478 -0.000168871 -0.000925187 0.00857409 3.58101e-05
1.75 0.0161644 -0.00179952 -0.000121062 0.000870189 0.00748424 -0.00135744
1.76 0.0107408 -0.00602495 -4.2838e-05 0.00280223 0.00483395 -0.00246735
1.77 0.00465319 -0.00990569 7.02906e-05 0.00453363 0.00139198 -0.00358609
1.78 -0.00380631 -0.0124743 0.000169159 0.00566285 -0.00287488 -0.00432202
1.79 -0.0137374 -0.0130527 0.000239235 0.00588085 -0.00709528 -0.00449872
1.8 -0.0231507 -0.0113861 0.000291913 0.00509428 -0.0108313 -0.0039599
1.81 -0.0311722 -0.00771485 0.000311938 0.0034701 -0.0141209 -0.00270795
1.82 -0.0351092 -0.00287949 0.000319154 0.00138609 -0.0163579 -0.00135554
1.83 -0.037162 0.00184718 0.000331055 -0.000702543 -0.0180398 1.58144e-05
1.84 -0.0391427 0.00540461 0.000314906 -0.00243032 -0.0190279 0.00134252
1.85 -0.0403842 0.00761895 0.000277007 -0.00364246 -0.0189874 0.00265081
1.86 -0.0404348 0.00916179 0.000238977 -0.00440424 -0.0180711 0.00413176
1.87 -0.0351554 0.0107028 0.000181771 -0.00489396 -0.0154399 0.00525626
1.88 -0.0245855 0.0121231 0.000110317 -0.00525079 -0.0112864 0.00577843
1.89 -0.0115352 0.0126739 2.59858e-05 -0.00547448 -0.00588785 0.00558518
1.9 0.0023901 0.0118651 -9.88387e-05 -0.00542233 0.000607765 0.00468524
1.91 0.0142159 0.00995627 -0.00023145 -0.00488171 0.00701657 0.0036286
1.92 0.0256963 0.00741443 -0.000322486 -0.00367126 0.0131239 0.00236222
1.93 0.0374707 0.00407175 -0.000375035 -0.00173675 0.0182984 0.000827153
1.94 0.047115 -0.000764211 -0.000383448 0.000777372 0.0219204 -0.000973803
1.95 0.0537366 -0.00713399 -0.000359496 0.00351 0.0243158 -0.00313337
1.96 0.054549 -0.0135668 -0.00034609 0.00596247 0.0250335 -0.0050251
1.97 0.0513385 -0.0178256 -0.000327402 0.00767411 0.0245165 -0.00637802
1.98 0.047345 -0.018748 -0.000279393 0.00840983 0.0230493 -0.00713581
1.99 0.0422096 -0.01725 -0.000224318 0.00824105 0.020253 -0.00728244
2 0.0362426 -0.0153098 -0.000158814 0.00746079 0.0165706 -0.00725254
2.01 0.0262989 -0.0139731 -8.13207e-05 0.00639343 0.011577 -0.00682973
2.02 0.0119472 -0.0125434 -1.41182e-05 0.00523416 0.00552516 -0.00583014
2.03 -0.00316794 -0.00976729 6.64638e-05 0.00400909 -0.000755643 -0.00428415
2.04 -0.0173374 -0.00552487 0.000167903 0.00263924 -0.00704383 -0.00216556
2.05 -0.0271575 -0.00101833 0.000242813 0.00103421 -0.0121296 -0.000129483
2.06 -0.0331502 0.00268015 0.000279221 -0.000835008 -0.0156729 0.00158996
2.07 -0.037084 0.00584613 0.000275424 -0.00288445 -0.0175763 0.00301707
2.08 -0.0376219 0.00949647 0.000220478 -0.00487991 -0.0173944 0.00409627
2.09 -0.0357058 0.0136395 0.000155444 -0.00645041 -0.0158774 0.00512284
2.1 -0.0298845 0.0165696 0.000105529 -0.00719951 -0.013044 0.00572172
2.11 -0.0205493 0.0162608 4.84136e-05 -0.00688857 -0.00927187 0.00560504
2.12 -0.0107055 0.0124384 -4.10716e-06 -0.00558105 -0.00524076 0.0048338
2.13 -0.000229818 0.00702154 -4.70917e-05 -0.00363569 -0.000638614 0.00340999
2.14 0.00897598 0.00240471 -0.000103781 -0.00153787 0.00394358 0.00194454
2.15 0.0175862 -0.000560104 -0.000155323 0.000317168 0.00846898 0.000575458
2.16 0.0268684 -0.00278096 -0.000194727 0.00174941 0.0128336 -0.000824077
2.17 0.0345147 -0.00535291 -0.000240857 0.00277937 0.0160542 -0.0021573
2.18 0.0402457 -0.00814824 -0.000263795 0.00352776 0.0180602 -0.00358615
2.19 0.0410328 -0.0101012 -0.00024584 0.00411051 0.0180756 -0.00461691
2.2 0.0354296 -0.010597 -0.000205536 0.00456962 0.015834 -0.00490518
2.21 0.0258239 -0.0101388 -0.0001299 0.00483545 0.0119273 -0.00455914
2.22 0.0129925 -0.00950334 -2.66883e-05 0.00472383 0.00635575 -0.00358212
2.23 0.000529333 -0.00852082 6.71383e-05 0.00399821 0.000222392 -0.00248849
2.24 -0.0110086 -0.00606328 0.000157584 0.00250183 -0.00591934 -0.00128974
2.25 -0.0232707 -0.00134245 0.000235701 0.000296383 -0.0118809 0.000240673
2.26 -0.03491 0.00495066 0.000272606 -0.00228973 -0.0168631 0.00195504
2.27 -0.0461918 0.0109428 0.000294538 -0.00475681 -0.0211601 0.00389435
2.28 -0.0540346 0.0149685 0.000318597 -0.00662681 -0.0243529 0.00549353
2.29 -0.0565381 0.0166015 0.000332847 -0.00761807 -0.0261233 0.00639624
2.3 -0.0559591 0.0164579 0.000350869 -0.0077126 -0.0267137 0.00676276
2.31 -0.0523953 0.0152954 0.000353293 -0.00710551 -0.0253949 0.00656376
2.32 -0.0475012 0.0134692 0.000301609 -0.00608422 -0.0223619 0.00617037
2.33 -0.0394925 0.0110798 0.000219114 -0.00489935 -0.017538 0.00544959
2.34 -0.0253127 0.00827214 0.000124385 -0.00367302 -0.0108244 0.00408347
2.35 -0.00739756 0.00518316 1.3141e-05 -0.00237218 -0.00333985 0.00226947
2.36 0.0118199 0.00172664 -8.71045e-05 -0.000864387 0.00450363 5.44462e-05
2.37 0.0272995 -0.00231182 -0.000175952 0.000959928 0.0116266 -0.0019882
2.38 0.0368948 -0.00687335 -0.000264577 0.00306231 0.0172074 -0.00353889
2.39 0.0440154 -0.011408 -0.000313635 0.00520336 0.0214531 -0.00481353
2.4 0.0493704 -0.0151197 -0.000315821 0.00699803 0.0238526 -0.00572266
2.41 0.0539109 -0.0173606 -0.000303734 0.0080525 0.0248158 -0.00646604
2.42 0.0550678 -0.0177397 -0.000281032 0.00811162 0.0244197 -0.00676803
2.43 0.0495452 -0.016022 -0.000264622 0.00715319 0.0223107 -0.00623467
2.44 0.0400161 -0.0122517 -0.000262391 0.00540187 0.0190818 -0.00510112
2.45 0.0282033 -0.00712747 -0.000225457 0.00325854 0.0144396 -0.00345055
2.46 0.0168393 -0.0020301 -0.000143772 0.0011609 0.00872392 -0.00178891
2.47 0.00609147 0.00173032 -4.90768e-05 -0.000575529 0.00249232 -0.000344674
2.48 -0.00741012 0.00391382 5.42092e-05 -0.00186089 -0.0042593 0.0011653
2.49 -0.0218169 0.0054884 0.000141933 -0.00281375 -0.0103267 0.00258723
2.5 -0.0348163 0.00755538 0.000193532 -0.00362417 -0.0151808 0.00395862
2.51 -0.0424931 0.0101011 0.00023532 -0.00438637 -0.0182611 0.0049
2.52 -0.0421011 0.0119439 0.000257805 -0.00501282 -0.0188871 0.00498126
2.53 -0.0374946 0.0119529 0.000234289 -0.00527453 -0.0177613 0.00447434
2.54 -0.0306966 0.0101404 0.000188294 -0.00492334 -0.0149442 0.0034572
2.55 -0.023653 0.00737727 0.000130095 -0.00381363 -0.0109913 0.00231147
2.56 -0.016183 0.0041619 6.45947e-05 -0.00197243 -0.00656105 0.00114383
2.57 -0.00508776 7.37632e-05 2.38516e-05 0.000380216 -0.00137926 -0.000392831
2.58 0.0078118 -0.00528572 -1.05421e-05 0.0028543 0.00387347 -0.0020796
2.59 0.0211257 -0.0110012 -7.13087e-05 0.00497587 0.00915923 -0.00381758
2.6 0.0326052 -0.0149741 -0.000139867 0.00633992 0.0142825 -0.00517701
2.61 0.039886 -0.0156642 -0.00021243 0.00677174 0.0183723 -0.00573564
2.62 0.0451866 -0.0136143 -0.000284439 0.00639284 0.0214751 -0.00579936
2.63 0.0477669 -0.0109582 -0.00031705 0.00552518 0.0227728 -0.00540437
2.64 0.0472215 -0.0093071 -0.000312609 0.00448676 0.0219182 -0.00476941
2.65 0.0429159 -0.00827867 -0.000285302 0.00342213 0.0191499 -0.00387035
2.66 0.0323139 -0.00623026 -0.000215734 0.00227628 0.0141918 -0.00231098
2.67 0.0180181 -0.0022745 -0.000124775 0.000902125 0.00806771 -0.000371338
2.68 0.00206725 0.00273527 -4.13352e-05 -0.000797953 0.00137447 0.00175142
2.69 -0.0129525 0.00725554 4.53381e-05 -0.00278833 -0.0053736 0.00363558
2.7 -0.0241977 0.0107243 0.000119776 -0.00488744 -0.0111994 0.00490479
2.71 -0.0339248 0.0137901 0.000172655 -0.00679178 -0.0163726 0.00588811
2.72 -0.042354 0.0168902 0.00023151 -0.00812873 -0.0205251 0.00654582
2.73 -0.0499904 0.0190386 0.000284589 -0.00855941 -0.0235354 0.00690931
2.74 -0.0562942 0.0184686 0.000317297 -0.00792136 -0.0255986 0.00682741
2.75 -0.0572175 0.0145297 0.000351471 -0.00633704 -0.0258963 0.00586826
2.76 -0.053054 0.00866875 0.000371078 -0.00419305 -0.0245672 0.00435209
2.77 -0.0442751 0.00330079 0.000354957 -0.00197189 -0.0214164 0.00251561
2.78 -0.0327617 -0.000251385 0.000312989 -3.74762e-05 -0.0163563 0.000702439
2.79 -0.0214501 -0.00257346 0.000226828 0.00148645 -0.0102977 -0.000799549
2.8 -0.00838581 -0.00502687 0.000101825 0.00268372 -0.00335225 -0.00234092
2.81 0.00606699 -0.00809501 -8.33926e-06 0.00370921 0.00353218 -0.00379543
2.82 0.0208386 -0.0110022 -9.26725e-05 0.00465358 0.00953271 -0.00501691
2.83 0.0337663 -0.0127509 -0.000157437 0.00547796 0.0144807 -0.00576004
2.84 0.0401811 -0.0131352 -0.000194253 0.0060187 0.0175439 -0.00558445
2.85 0.0413905 -0.012572 -0.000230362 0.00603946 0.019116 -0.00483145
2.86 0.0397709 -0.0111858 -0.000271142 0.00532211 0.0194134 -0.00372086
2.87 0.0376455 -0.00845912 -0.000281062 0.00378181 0.018394 -0.00245943
2.88 0.0364061 -0.00394517 -0.000270879 0.00156113 0.0166482 -0.0012169
2.89 0.0316137 0.00183142 -0.000255691 -0.000962578 0.013633 0.000376163
2.9 0.0219187 0.00739538 -0.000220181 -0.00329002 0.00947678 0.00211357
2.91 0.00852492 0.0112814 -0.000174013 -0.00498484 0.00452197 0.0037089
2.92 -0.00578394 0.0129342 -0.000108354 -0.00582755 -0.00121033 0.00487747
2.93 -0.0161168 0.0127547 1.97024e-06 -0.00586035 -0.00657263 0.00520799
2.94 -0.0236183 0.0114975 0.00011788 -0.00531449 -0.0112493 0.00505002
2.95 -0.0297471 0.0097484 0.000198032 -0.00447247 -0.014743 0.00456455
2.96 -0.0345329 0.00781135 0.000243327 -0.00353648 -0.016353 0.00378871
2.97 -0.0374994 0.00574526 0.000243875 -0.00255362 -0.0164363 0.00276996
2.98 -0.0344599 0.00332338 0.00021904 -0.00142295 -0.0146755 0.00113416
2.99 -0.0260848 0.000112017 0.00020694 1.27626e-05 -0.0115776 -0.000843725
3 -0.0156329 -0.0041171 0.000186926 0.00182916 -0.00788942 -0.00278425
3.01 -0.00559814 -0.00893367 0.000144641 0.00391116 -0.00360359 -0.00441939
3.02 0.00141131 -0.0133137 9.84899e-05 0.00594035 0.000560147 -0.00539647
3.03 0.00861913 -0.0162794 3.77459e-05 0.00749487 0.00484426 -0.00605457
3.04 0.0180256 -0.017457 -3.39019e-05 0.00820816 0.00930991 -0.00646024
3.05 0.0285317 -0.0169539 -9.7954e-05 0.00790116 0.0133645 -0.00646526
3.06 0.0385775 -0.0148278 -0.000177777 0.00663602 0.0170736 -0.00600371
3.07 0.0436064 -0.0109834 -0.000268607 0.00468879 0.019511 -0.00470851
3.08 0.0435938 -0.00574373 -0.000328785 0.00245962 0.020307 -0.00289726
3.09 0.0403581 -0.000296753 -0.000355584 0.000343489 0.0195364 -0.000980186
3.1 0.0344451 0.00386729 -0.000342349 -0.00140354 0.0167974 0.000851717
3.11 0.027743 0.00621087 -0.000280066 -0.00274478 0.0128695 0.00233219
3.12 0.0184947 0.00770184 -0.00020746 -0.0038287 0.00802595 0.0037767
3.13 0.00683052 0.00981278 -0.00013924 -0.00483954 0.00269546 0.00514111
3.14 -0.00495831 0.0128635 -6.23848e-05 -0.00582502 -0.00218605 0.00610306
3.15 -0.0161082 0.0155061 2.6511e-06 -0.00662139 -0.00675738 0.00651037
3.16 -0.0238753 0.0159913 5.92224e-05 -0.00692813 -0.0105378 0.00601657
3.17 -0.0291485 0.0138543 0.000131087 -0.00647495 -0.0135563 0.00494823
3.18 -0.0336029 0.0101653 0.000201241 -0.0051644 -0.0161662 0.00367971
3.19 -0.0368837 0.00616532 0.000268076 -0.00311818 -0.0178024 0.00226927
3.2 -0.0399156 0.00200842 0.00033695 -0.000641423 -0.0186613 0.000873055
3.21 -0.0400104 -0.00285561 0.000370467 0.00185031 -0.0182804 -0.000797486
3.22 -0.0357018 -0.00819333 0.000362043 0.00392465 -0.0162633 -0.00259768
3.23 -0.0278476 -0.0123851 0.000331307 0.00525039 -0.0131018 -0.00407452
3.24 -0.0168335 -0.0137026 0.000265769 0.00571547 -0.00868178 -0.00503993
3.25 -0.00647362 -0.0121341 0.00017654 0.00546996 -0.00388484 -0.0051923
3.26 0.00209397 -0.00958193 8.79238e-05 0.00483009 0.000608257 -0.00484204
3.27 0.00939844 -0.0080188 -9.02147e-06 0.00408174 0.00466538 -0.00427827
3.28 0.0151661 -0.00754741 -9.28125e-05 0.0033153 0.00754733 -0.00339674
3.29 0.0210362 -0.00648051 -0.000136231 0.0024092 0.00960735 -0.00224122
3.3 0.0250097 -0.0033066 -0.000167725 0.00116598 0.0108383 -0.000557704
3.31 0.0256645 0.00166996 -0.000201266 -0.00051088 0.0111337 0.00142951
3.32 0.023943 0.00674014 -0.00023364 -0.00252229 0.0110645 0.00319361
3.33 0.0201867 0.0105699 -0.000276202 -0.00459251 0.0102208 0.00456485
3.34 0.0172557 0.0131984 -0.000296413 -0.00635253 0.0087835 0.00530692
3.35 0.0145148 0.0152251 -0.000260268 -0.0074365 0.00673908 0.00569079
3.36 0.00938997 0.0164067 -0.000194097 -0.00757786 0.00364372 0.00588587
3.37 0.00164101 0.0155385 -0.000112462 -0.00670482 0.000142816 0.00561865
3.38 -0.00874488 0.011851 -1.83797e-05 -0.00499942 -0.00365865 0.00483432
3.39 -0.0174807 0.00623874 6.28149e-05 -0.00285554 -0.00709966 0.00332043
3.4 -0.0216149 0.000784394 0.000140095 -0.000721221 -0.00935282 0.00134935
3.41 -0.0222886 -0.0029888 0.000217677 0.00109332 -0.0106376 -0.000542824
3.42 -0.0207295 -0.00526631 0.000255367 0.00252038 -0.0106128 -0.00225578
3.43 -0.0199858 -0.00734632 0.000252892 0.0036874 -0.0097349 -0.00363218
3.44 -0.0192804 -0.0100913 0.000235995 0.00476184 -0.00845476 -0.00488363
3.45 -0.0160685 -0.0131113 0.000208084 0.00580194 -0.00656018 -0.00604224
3.46 -0.0107672 -0.0153289 0.000191098 0.0066975 -0.0046247 -0.00667974
3.47 -0.00370434 -0.0160172 0.000184527 0.0072082 -0.00238807 -0.00666682
3.48 0.00223665 -0.0151313 0.000141392 0.00706205 0.000188315 -0.00583375
3.49 0.0063679 -0.012845 5.97261e-05 0.0060718 0.00281767 -0.00445766
3.5 0.0112655 -0.00915631 -3.66926e-05 0.00423498 0.00593595 -0.00301382
3.51 0.017231 -0.00413302 -0.000144569 0.00178297 0.00893783 -0.00148485
3.52 0.0244393 0.00160812 -0.000234168 -0.000858463 0.0115182 6.40435e-05
3.53 0.0298786 0.00692739 -0.000289971 -0.00320303 0.0133918 0.00177985
3.54 0.0305432 0.0107694 -0.000333302 -0.00487454 0.0137887 0.00356869
3.55 0.0277766 0.0127205 -0.000348473 -0.00572678 0.0131381 0.00489203
3.56 0.0227842 0.0130152 -0.000320866 -0.00585437 0.011486 0.00558826
3.57 0.0182675 0.0121692 -0.000275976 -0.00549919 0.00917998 0.00553715
3.58 0.0148203 0.0107037 -0.000216589 -0.00491133 0.00693904 0.00498286
3.59 0.0104075 0.00905463 -0.000149163 -0.00423246 0.0044841 0.00428452
3.6 0.00537553 0.00740632 -9.92627e-05 -0.00344386 0.00217937 0.00327921
3.61 -0.000730883 0.00544537 -4.53833e-05 -0.00239951 -0.000112306 0.00193928
3.62 -0.00682343 0.00246245 3.07721e-05 -0.000938436 -0.00272968 0.00018132
3.63 -0.0116963 -0.00196886 0.000109844 0.000972298 -0.00522937 -0.00180535
3.64 -0.0166334 -0.00727395 0.000196926 0.00314318 -0.00788579 -0.00343462
3.65 -0.0208318 -0.011977 0.000284971 0.00518358 -0.0102121 -0.00456279
3.66 -0.0242837 -0.0147155 0.000338235 0.00664201 -0.0116962 -0.00512789
3.67 -0.026353 -0.015187 0.000357935 0.00718599 -0.0124077 -0.0053132
3.68 -0.0253233 -0.0140259 0.000344314 0.00671933 -0.0117777 -0.00532891
3.69 -0.0222566 -0.0118239 0.000282114 0.00539074 -0.0102492 -0.00486562
3.7 -0.0172189 -0.00853452 0.000203361 0.00351734 -0.00817196 -0.00381855
3.71 -0.0114318 -0.00401231 0.000133084 0.00147443 -0.00566672 -0.00216602
3.72 -0.00671384 0.00106242 6.04275e-05 -0.00041297 -0.00351331 -0.000153472
3.73 -0.00256318 0.00525034 -2.31134e-06 -0.00196254 -0.00146631 0.00165147
3.74 0.000494067 0.00762466 -5.74293e-05 -0.00318232 0.000409896 0.00316695
3.75 0.00381463 0.0088254 -0.000124659 -0.00422605 0.00210553 0.00439107
3.76 0.00853301 0.0104679 -0.000181336 -0.00525119 0.00415067 0.00542394
3.77 0.0133376 0.0133116 -0.000218753 -0.00625699 0.00604616 0.00631286
3.78 0.0177134 0.0161703 -0.000258339 -0.00702028 0.00776292 0.0066205
3.79 0.0196161 0.0168844 -0.000284482 -0.00719217 0.00897537 0.00618769
3.8 0.0187486 0.0143948 -0.000283261 -0.0064957 0.0090325 0.00504468
3.81 0.0167009 0.00967829 -0.000255459 -0.00488595 0.00826057 0.00344325
3.82 0.0133584 0.00459202 -0.000176003 -0.00257853 0.00642495 0.00186468
3.83 0.00940977 5.11402e-05 -5.97307e-05 3.85865e-05 0.00388571 0.0002903
3.84 0.00406417 -0.00435668 4.05364e-05 0.00253104 0.00125731 -0.00133929
3.85 -0.00277601 -0.00902623 0.000115876 0.00452222 -0.0015015 -0.00303412
3.86 -0.00864654 -0.013084 0.000167322 0.00577202 -0.00370334 -0.00469149
3.87 -0.0127838 -0.0149252 0.000194832 0.00623868 -0.00544715 -0.00578841
3.88 -0.0146578 -0.0139944 0.000228984 0.00608816 -0.0069449 -0.00614426
3.89 -0.0158161 -0.011643 0.000265171 0.00560418 -0.00801504 -0.00583047
3.9 -0.0185048 -0.00988172 0.000271011 0.00501904 -0.00917663 -0.00505679
3.91 -0.0214586 -0.00931119 0.000259299 0.00436965 -0.00998753 -0.00416145
3.92 -0.0231522 -0.00853704 0.000237619 0.00349157 -0.0101202 -0.00300058
3.93 -0.0214394 -0.00573734 0.000195579 0.00216726 -0.00949136 -0.00145534
3.94 -0.0159003 -0.000646507 0.000144603 0.000318996 -0.00749955 0.000402637
3.95 -0.00908586 0.00516145 6.91378e-05 -0.00189075 -0.0046279 0.00235898
3.96 -0.00187776 0.00981443 -4.84402e-05 -0.00410149 -0.00108342 0.00386768
3.97 0.00501694 0.0126567 -0.000166794 -0.00588748 0.00283909 0.00476905
3.98 0.0118929 0.0141562 -0.000254135 -0.00689411 0.00629736 0.00517025
3.99 0.0192084 0.0146454 -0.000307527 -0.00693064 0.0093499 0.00520487
4 0.0248937 0.0136312 -0.000314865 -0.0060196 0.0115475 0.00503736
