0.01 0.000547103 3.49409e-05 1.83064e-05 -2.64287e-05 0.000785811 -7.88713e-05
0.02 0.00348542 0.000293069 7.70158e-05 -0.000187423 0.00331043 -0.000462134
0.03 0.0107037 0.00121397 0.000146788 -0.000670317 0.00705947 -0.00132315
0.04 0.0216827 0.00331933 0.000193311 -0.00163979 0.0113485 -0.00262324
0.05 0.0333163 0.00675108 0.000231395 -0.0031124 0.0157391 -0.00409103
0.06 0.0423368 0.0109272 0.000268603 -0.00489475 0.0195343 -0.0053536
0.07 0.0478205 0.0147526 0.000297094 -0.00662476 0.0225636 -0.00623268
0.08 0.0511528 0.0172626 0.00031998 -0.00789747 0.024725 -0.00675373
0.09 0.0537326 0.0180849 0.000331436 -0.00840818 0.0258669 -0.00698036
0.1 0.0551708 0.0173256 0.000327057 -0.00804259 0.0258874 -0.00687695
0.11 0.0534963 0.0151605 0.000314935 -0.00688532 0.0244335 -0.0062814
0.12 0.0469811 0.0116918 0.000290537 -0.00516225 0.0212739 -0.00508228
0.13 0.0356187 0.00719296 0.000240659 -0.00314974 0.0163478 -0.00335055
0.14 0.0208738 0.00229337 0.000160965 -0.00108281 0.00979873 -0.00130565
0.15 0.00447396 -0.00229476 5.34216e-05 0.000908726 0.00208086 0.000814543
0.16 -0.0125135 -0.00629361 -7.02563e-05 0.0028101 -0.00624357 0.00288177
0.17 -0.0295474 -0.010016 -0.000190659 0.00466772 -0.0145246 0.00485535
0.18 -0.0458714 -0.0139033 -0.00029562 0.00649719 -0.0221343 0.00667248
0.19 -0.0602342 -0.017887 -0.000380943 0.0082092 -0.028591 0.00818891
0.2 -0.0712972 -0.0212435 -0.000445497 0.00960355 -0.0335592 0.00921934
0.21 -0.0783173 -0.0230901 -0.000492059 0.010438 -0.0369004 0.00965073
0.22 -0.0814143 -0.0230133 -0.000523331 0.0105305 -0.0386042 0.00950284
0.23 -0.0811693 -0.0212364 -0.000539029 0.00983693 -0.0387082 0.00888428
0.24 -0.0780281 -0.0182826 -0.000537884 0.00846994 -0.0372662 0.00790608
0.25 -0.0720131 -0.0145889 -0.000517021 0.00666149 -0.0343253 0.0066332
0.26 -0.0629739 -0.0104613 -0.000473007 0.00469387 -0.0299926 0.00511862
0.27 -0.0511199 -0.0062753 -0.00040602 0.00282576 -0.0244977 0.00346562
0.28 -0.0373337 -0.00254443 -0.00032046 0.001234 -0.0182196 0.00184012
0.29 -0.023029 0.000307341 -0.000223828 -1.23078e-05 -0.0116691 0.000419142
0.3 -0.00965434 0.00221935 -0.000125823 -0.000935087 -0.0053963 -0.000679601
0.31 0.00177428 0.00347394 -3.58754e-05 -0.00159442 0.000109065 -0.00142092
0.32 0.0107916 0.00436455 3.87732e-05 -0.00202721 0.00450032 -0.00181703
0.33 0.0172816 0.00488328 9.39934e-05 -0.00221365 0.0076129 -0.00188212
0.34 0.021218 0.00473813 0.000130035 -0.00209167 0.00944638 -0.00162318
0.35 0.0226133 0.00366373 0.000150918 -0.0016093 0.010122 -0.00107229
0.36 0.0216686 0.00171111 0.000161357 -0.000781463 0.00982813 -0.000318098
0.37 0.0188849 -0.000731587 0.0001639 0.000281959 0.00877431 0.000502503
0.38 0.014955 -0.00314513 0.000157937 0.00139056 0.00716811 0.00124758
0.39 0.0105084 -0.00508612 0.00014136 0.00232119 0.00521207 0.00181116
0.4 0.00596398 -0.00624911 0.000113909 0.0028778 0.00312197 0.00213018
0.41 0.00164608 -0.00643496 7.90406e-05 0.0029413 0.00114803 0.00216319
0.42 -0.00197351 -0.00555035 4.30456e-05 0.0024938 -0.000422934 0.00187315
0.43 -0.00419227 -0.00366494 1.28717e-05 0.00161044 -0.00129735 0.00123623
0.44 -0.0042922 -0.00103541 -5.76204e-06 0.000423412 -0.00123501 0.000267595
0.45 -0.00189347 0.00198059 -9.16762e-06 -0.00092643 -0.000112787 -0.000964027
0.46 0.00285466 0.00507666 4.2025e-06 -0.00232854 0.00203834 -0.00234967
0.47 0.00938774 0.00809294 3.34272e-05 -0.00371545 0.0050395 -0.00377012
0.48 0.0170117 0.0109805 7.48732e-05 -0.00504676 0.00860867 -0.00511807
0.49 0.0251079 0.0136796 0.000123039 -0.00627783 0.0124205 -0.00629964
0.5 0.0331399 0.0160239 0.000172461 -0.0073338 0.0161585 -0.0072252
0.51 0.0405621 0.0177416 0.000219514 -0.00810543 0.0195464 -0.00780912
0.52 0.0467979 0.018541 0.000262788 -0.00847045 0.0223578 -0.00798527
0.53 0.0513317 0.0182137 0.000301707 -0.00833089 0.0244108 -0.00772708
0.54 0.0538124 0.0167034 0.000334649 -0.00764989 0.0255565 -0.00705503
0.55 0.0540567 0.0141248 0.000358139 -0.00647193 0.0256724 -0.00602651
0.56 0.0519654 0.0107393 0.000367614 -0.00491802 0.0246672 -0.00471873
0.57 0.04747 0.00690147 0.00035905 -0.00315752 0.0225024 -0.00321867
0.58 0.0405934 0.0029859 0.000330364 -0.00136783 0.0192209 -0.00162335
0.59 0.0315787 -0.000683283 0.000281987 0.00030256 0.014968 -4.11964e-05
0.6 0.0209588 -0.00387888 0.000216724 0.00175463 0.00999121 0.0014154
0.61 0.00948607 -0.00647818 0.000139237 0.00293822 0.0046116 0.00264662
0.62 -0.00203957 -0.00843552 5.52609e-05 0.00383518 -0.000823694 0.00358102
0.63 -0.0129293 -0.00973871 -2.94024e-05 0.00443774 -0.00599151 0.00418136
0.64 -0.022669 -0.0103732 -0.000109879 0.00473446 -0.0106288 0.00444039
0.65 -0.030896 -0.0103135 -0.000182787 0.00471087 -0.0145473 0.00437445
0.66 -0.0373529 -0.00954928 -0.000246073 0.00436393 -0.0176284 0.00402149
0.67 -0.0418703 -0.00813381 -0.000298284 0.00372188 -0.0198087 0.00344272
0.68 -0.0443767 -0.0062244 -0.000337816 0.00285804 -0.0210646 0.00272105
0.69 -0.0449071 -0.00408433 -0.000362681 0.0018894 -0.0214061 0.00195217
0.7 -0.0435967 -0.00203516 -0.00037095 0.000958077 -0.0208789 0.00123044
0.71 -0.0406686 -0.000380139 -0.000361614 0.000201467 -0.0195746 0.000636763
0.72 -0.0364324 0.000664104 -0.000335382 -0.000277436 -0.0176378 0.000232686
0.73 -0.0312902 0.000999486 -0.000294996 -0.000428984 -0.0152645 5.94579e-05
0.74 -0.0257239 0.000639977 -0.000244895 -0.000259329 -0.0126857 0.000137165
0.75 -0.0202469 -0.000316944 -0.000190368 0.000182105 -0.010138 0.000461641
0.76 -0.0153232 -0.00172393 -0.000136518 0.00082305 -0.00782995 0.00100148
0.77 -0.0112894 -0.00341478 -8.74265e-05 0.00158768 -0.00591362 0.0016994
0.78 -0.00831381 -0.00522939 -4.57752e-05 0.00240772 -0.00447073 0.00247948
0.79 -0.00640772 -0.00702606 -1.29414e-05 0.00322295 -0.00351574 0.00325742
0.8 -0.00547446 -0.0086752 1.06067e-05 0.00397414 -0.00301161 0.00394962
0.81 -0.00536297 -0.0100394 2.48684e-05 0.00459506 -0.00289001 0.0044792
0.82 -0.00589944 -0.0109594 3.00279e-05 0.00501059 -0.00306719 0.00478041
0.83 -0.00689112 -0.0112655 2.64283e-05 0.00514475 -0.00345136 0.00480391
0.84 -0.00811627 -0.010818 1.47959e-05 0.004937 -0.00394201 0.00452289
0.85 -0.00931977 -0.00955537 -3.40048e-06 0.00436051 -0.00442678 0.00393766
0.86 -0.0102245 -0.00752464 -2.56675e-05 0.00343443 -0.00478157 0.00307614
0.87 -0.0105562 -0.00487716 -4.85154e-05 0.00222479 -0.0048785 0.00198996
0.88 -0.0100748 -0.00183646 -6.79126e-05 0.00083321 -0.00460132 0.000748342
0.89 -0.00860527 0.00134466 -8.00577e-05 -0.000622306 -0.00386473 -0.000567944
0.9 -0.00606677 0.0044223 -8.21596e-05 -0.00202775 -0.00263116 -0.00187203
0.91 -0.00249274 0.0071886 -7.2902e-05 -0.0032883 -0.000919263 -0.00307691
0.92 0.00196655 0.00948638 -5.24446e-05 -0.00433485 0.00119893 -0.00410275
0.93 0.00706676 0.0112113 -2.20628e-05 -0.00512225 0.00361121 -0.00488467
0.94 0.0125126 0.0123031 1.63297e-05 -0.00562307 0.00618385 -0.00537894
0.95 0.0180043 0.0127316 6.05551e-05 -0.00582188 0.00877943 -0.00556604
0.96 0.0232674 0.0124899 0.000108347 -0.00571399 0.0112686 -0.0054507
0.97 0.0280588 0.0116 0.000157351 -0.00530958 0.0135344 -0.00506012
0.98 0.0321575 0.0101294 0.000205027 -0.00464048 0.0154709 -0.00444134
0.99 0.0353565 0.00820549 0.000248563 -0.00376517 0.0169815 -0.00365763
1 0.0374689 0.00601393 0.000284908 -0.00276756 0.0179801 -0.00278324
1.01 0.038347 0.00377705 0.000311 -0.00174799 0.0183977 -0.00189635
1.02 0.0379063 0.00171836 0.000324194 -0.00080825 0.0181923 -0.00107138
1.03 0.0361425 2.60845e-05 0.000322763 -3.51039e-05 0.0173591 -0.00037215
1.04 0.0331383 -0.00117301 0.00030629 0.000512667 0.0159349 0.000153055
1.05 0.0290578 -0.00182427 0.000275758 0.000810117 0.0139972 0.000474666
1.06 0.0241289 -0.0019409 0.000233327 0.000864167 0.0116542 0.00058361
1.07 0.0186176 -0.00158904 0.000181895 0.00070593 0.0090313 0.000491865
1.08 0.0127971 -0.000868557 0.000124634 0.000381108 0.00625636 0.000231341
1.09 0.00692224 0.000104061 6.46623e-05 -5.78288e-05 0.00344872 -0.000149405
1.1 0.00121488 0.00120592 4.89219e-06 -0.000555689 0.000713636 -0.000590406
1.11 -0.00413686 0.00231041 -5.19677e-05 -0.00105521 -0.00185805 -0.00102661
1.12 -0.00897164 0.00328644 -0.000103374 -0.00149661 -0.00418775 -0.00139418
1.13 -0.0131494 0.0040006 -0.000146962 -0.00181892 -0.00620771 -0.00163626
1.14 -0.0165545 0.00432728 -0.000180667 -0.00196486 -0.00786255 -0.00170785
1.15 -0.0191069 0.00416674 -0.000202955 -0.00188908 -0.0091141 -0.00158
1.16 -0.0207771 0.00346585 -0.000213094 -0.0015674 -0.00994746 -0.00124283
1.17 -0.0215951 0.00223373 -0.000211364 -0.00100387 -0.0103754 -0.000706723
1.18 -0.0216496 0.000545763 -0.000199106 -0.000232639 -0.0104384 -1.50564e-06
1.19 -0.0210765 -0.00146607 -0.000178563 0.000686151 -0.0101998 0.000826458
1.2 -0.0200389 -0.00363355 -0.000152548 0.0016756 -0.00973647 0.00171855
1.21 -0.0187061 -0.00577701 -0.000124032 0.00265347 -0.0091285 0.00260901
1.22 -0.017235 -0.00772766 -9.57731e-05 0.00354264 -0.00845008 0.00343039
1.23 -0.015759 -0.0093428 -7.00891e-05 0.00427824 -0.00776418 0.00411925
1.24 -0.0143847 -0.010513 -4.87764e-05 0.0048108 -0.00712104 0.00462164
1.25 -0.0131938 -0.0111628 -3.31445e-05 0.00510639 -0.00655937 0.00489791
1.26 -0.0122469 -0.0112496 -2.40725e-05 0.00514569 -0.00610816 0.00492609
1.27 -0.0115845 -0.0107631 -2.20177e-05 0.0049238 -0.00578695 0.00470361
1.28 -0.0112242 -0.00972743 -2.69512e-05 0.00445142 -0.00560394 0.00424714
1.29 -0.0111527 -0.00820507 -3.82529e-05 0.00375687 -0.00555266 0.00359091
1.3 -0.0113198 -0.00629903 -5.46357e-05 0.00288708 -0.00560894 0.00278365
1.31 -0.0116358 -0.00414935 -7.41673e-05 0.00190594 -0.0057303 0.0018845
1.32 -0.0119773 -0.00192178 -9.44244e-05 0.000889043 -0.00585891 0.000957893
1.33 -0.0122018 0.000210812 -0.000112764 -8.48383e-05 -0.00592807 6.80685e-05
1.34 -0.0121652 0.00209023 -0.000126653 -0.000943545 -0.00587059 -0.00072646
1.35 -0.0117403 0.00359232 -0.00013398 -0.00163036 -0.00562702 -0.00137768
1.36 -0.010829 0.00463935 -0.000133275 -0.00210975 -0.00515178 -0.00185177
1.37 -0.00936847 0.00520339 -0.0001238 -0.00236899 -0.00441617 -0.00213141
1.38 -0.0073319 0.00530199 -0.00010552 -0.00241627 -0.00340886 -0.00221672
1.39 -0.00472666 0.00498934 -7.90009e-05 -0.00227644 -0.00213486 -0.00212469
1.4 -0.00159267 0.00434641 -4.53001e-05 -0.00198642 -0.000614451 -0.00188723
1.41 0.00199763 0.00347243 -5.88789e-06 -0.00159121 0.00111691 -0.00154774
1.42 0.00593801 0.00247841 3.73878e-05 -0.00114107 0.00300806 -0.00115684
1.43 0.0100877 0.00148153 8.23298e-05 -0.000689194 0.0049917 -0.000767368
1.44 0.0142738 0.000598887 0.000126459 -0.000288883 0.00698552 -0.000429479
1.45 0.0182986 -6.11382e-05 0.000167158 1.04156e-05 0.00889596 -0.000186058
1.46 0.021953 -0.000410048 0.000201884 0.000168307 0.0106246 -6.89071e-05
1.47 0.0250339 -0.000391194 0.000228427 0.000158957 0.0120763 -9.59407e-05
1.48 0.0273631 1.05396e-05 0.000245144 -2.45293e-05 0.0131681 -0.000269632
1.49 0.0288028 0.000764583 0.000251125 -0.000368245 0.0138362 -0.000576903
1.5 0.0292659 0.00179785 0.000246247 -0.000838906 0.0140407 -0.000990474
1.51 0.0287196 0.00300467 0.000231133 -0.00138834 0.0137671 -0.00147153
1.52 0.0271844 0.00426098 0.000207018 -0.00195994 0.0130263 -0.00197337
1.53 0.0247304 0.00543929 0.000175594 -0.00249555 0.0118525 -0.00244574
1.54 0.0214729 0.00642153 0.000138849 -0.00294143 0.0103009 -0.00283938
1.55 0.0175671 0.00710837 9.8954e-05 -0.00325246 0.00844515 -0.00311047
1.56 0.0132032 0.00742484 5.81621e-05 -0.00339468 0.00637498 -0.00322469
1.57 0.00859766 0.00732358 1.87225e-05 -0.00334664 0.00419212 -0.00316029
1.58 0.00398194 0.00678678 -1.72319e-05 -0.00310023 0.00200505 -0.0029101
1.59 -0.000412804 0.00582786 -4.78277e-05 -0.00266153 -7.81438e-05 -0.00248223
1.6 -0.00437322 0.00449254 -7.16141e-05 -0.00205128 -0.00195791 -0.00189933
1.61 -0.00772129 0.00285823 -8.77105e-05 -0.00130471 -0.00355147 -0.00119674
1.62 -0.010329 0.00103022 -9.59001e-05 -0.000469827 -0.00479954 -0.000419403
1.63 -0.0121278 -0.000866252 -9.66405e-05 0.000396286 -0.00567059 0.000381837
1.64 -0.0131112 -0.00269778 -9.0986e-05 0.00123279 -0.00616205 0.00115455
1.65 -0.0133318 -0.00433674 -8.04404e-05 0.00198147 -0.00629862 0.00184907
1.66 -0.0128929 -0.00567471 -6.67757e-05 0.00259288 -0.00612849 0.0024226
1.67 -0.0119379 -0.00663302 -5.1853e-05 0.00303113 -0.00571836 0.00284261
1.68 -0.0106384 -0.00716854 -3.74724e-05 0.00327659 -0.00514789 0.0030893
1.69 -0.00918248 -0.00727475 -2.52621e-05 0.00332633 -0.00450402 0.00315696
1.7 -0.00776145 -0.00697873 -1.65964e-05 0.00319273 -0.00387505 0.00305403
1.71 -0.0065567 -0.00633588 -1.25283e-05 0.00290104 -0.00334435 0.00280204
1.72 -0.00572516 -0.00542358 -1.37226e-05 0.00248646 -0.00298379 0.00243338
1.73 -0.00538507 -0.00433477 -2.03908e-05 0.00199125 -0.00284722 0.00198817
1.74 -0.00560371 -0.0031714 -3.22403e-05 0.00146176 -0.00296482 0.00151054
1.75 -0.006389 -0.00203747 -4.84602e-05 0.000945315 -0.00333928 0.00104468
1.76 -0.00768689 -0.00103108 -6.77642e-05 0.000486607 -0.00394466 0.000630856
1.77 -0.00938518 -0.000235913 -8.84963e-05 0.000123794 -0.00472824 0.000302043
1.78 -0.0113235 0.000287261 -0.000108788 -0.000115387 -0.00561517 8.11502e-05
1.79 -0.0133076 0.000507414 -0.000126741 -0.000216752 -0.00651535 -2.0737e-05
1.8 -0.0151271 0.000426939 -0.000140606 -0.000181361 -0.00733139 -5.04535e-06
1.81 -0.0165723 8.11391e-05 -0.000148923 -2.52811e-05 -0.00796678 0.000114749
1.82 -0.0174516 -0.000466539 -0.000150625 0.000222584 -0.00833353 0.000314671
1.83 -0.0176056 -0.00113262 -0.000145091 0.000524206 -0.00835894 0.000562725
1.84 -0.0169198 -0.00182347 -0.000132163 0.000836941 -0.00799129 0.000822066
1.85 -0.0153344 -0.00244518 -0.000112151 0.00111805 -0.00720431 0.00105455
1.86 -0.0128511 -0.00291225 -8.58156e-05 0.00132866 -0.00600042 0.00122436
1.87 -0.0095369 -0.00315437 -5.43396e-05 0.00143681 -0.0044122 0.00130139
1.88 -0.00552285 -0.00312139 -1.92763e-05 0.00141976 -0.00250175 0.00126409
1.89 -0.000997248 -0.00278677 1.75344e-05 0.00126545 -0.000357526 0.00110146
1.9 0.00380641 -0.00214975 5.40878e-05 0.000973547 0.00191127 0.000814173
1.91 0.00862627 -0.00123619 8.8364e-05 0.000555829 0.00418256 0.000414545
1.92 0.013192 -9.77269e-05 0.000118491 3.57902e-05 0.00633063 -7.44856e-05
1.93 0.0172458 0.00119144 0.000142895 -0.000552768 0.00823573 -0.000621331
1.94 0.0205611 0.00254023 0.000160416 -0.00116834 0.00979307 -0.00118847
1.95 0.0229598 0.00384877 0.00017038 -0.00176541 0.0109203 -0.0017357
1.96 0.0243235 0.00501798 0.000172615 -0.0022988 0.011563 -0.00222353
1.97 0.024601 0.00595927 0.000167434 -0.00272815 0.0116979 -0.0026166
1.98 0.023811 0.00660304 0.000155576 -0.00302172 0.0113342 -0.00288664
1.99 0.0220394 0.0069046 0.000138147 -0.00315919 0.0105122 -0.00301479
2 0.019434 0.00684723 0.000116537 -0.00313296 0.0093007 -0.0029931
2.01 0.0161933 0.00644217 9.23341e-05 -0.00294818 0.00779196 -0.0028251
2.02 0.0125525 0.00572628 6.72236e-05 -0.00262166 0.0060952 -0.00252535
2.03 0.00876644 0.00475799 4.28749e-05 -0.00218002 0.00432851 -0.00211802
2.04 0.00508962 0.00361223 2.08197e-05 -0.00165739 0.00260979 -0.00163475
2.05 0.00175661 0.00237452 2.33282e-06 -0.00109268 0.00104762 -0.00111186
2.06 -0.00103645 0.00113457 -1.167e-05 -0.000526765 -0.000267275 -0.00058717
2.07 -0.00314676 -2.06455e-05 -2.07009e-05 7.42029e-07 -0.00126884 -9.6859e-05
2.08 -0.00449486 -0.00101398 -2.47245e-05 0.000454668 -0.00192031 0.000327578
2.09 -0.00506881 -0.00178479 -2.41376e-05 0.000807354 -0.00221612 0.000661827
2.1 -0.00492272 -0.00229446 -1.97091e-05 0.00104116 -0.00218119 0.000890596
2.11 -0.00417 -0.00252978 -1.24937e-05 0.00115004 -0.00186773 0.00100862
2.12 -0.00297227 -0.00250375 -3.73177e-06 0.00113989 -0.00135011 0.00102079
2.13 -0.00152513 -0.00225337 5.25274e-06 0.00102754 -0.000718304 0.000941303
2.14 -4.16899e-05 -0.001835 1.3151e-05 0.000838646 -7.0244e-05 0.000792117
2.15 0.001265 -0.00131785 1.87628e-05 0.000604726 0.000496259 0.000600651
2.16 0.00219965 -0.000776734 2.10838e-05 0.000359823 0.00089167 0.000397094
2.17 0.00260128 -0.000284821 1.93853e-05 0.000137232 0.00104237 0.000211509
2.18 0.00235748 9.27792e-05 1.32794e-05 -3.34329e-05 0.000897209 7.10008e-05
2.19 0.00141489 0.000304363 2.76354e-06 -0.000128663 0.000432282 -2.78749e-06
2.2 -0.000215189 0.000315693 -1.17667e-05 -0.000132891 -0.000346477 4.34656e-06
2.21 -0.00245679 0.000112732 -2.95405e-05 -3.97351e-05 -0.00140335 9.78997e-05
2.22 -0.00517499 -0.000297068 -4.94712e-05 0.000147414 -0.00267549 0.000274206
2.23 -0.00818681 -0.000885088 -7.02462e-05 0.000415535 -0.00407799 0.000520819
2.24 -0.011276 -0.00160369 -9.04351e-05 0.000742938 -0.00551074 0.000817689
2.25 -0.0142107 -0.00239019 -0.000108604 0.00110109 -0.00686653 0.00113902
2.26 -0.0167615 -0.00317262 -0.000123421 0.00145719 -0.00803947 0.00145563
2.27 -0.0187195 -0.00387646 -0.000133754 0.00177732 -0.00893329 0.0017376
2.28 -0.0199123 -0.00443199 -0.000138741 0.00202971 -0.00946875 0.00195699
2.29 -0.0202174 -0.00478093 -0.000137845 0.00218784 -0.0095897 0.00209033
2.3 -0.0195719 -0.00488188 -0.000130893 0.00223285 -0.00926763 0.00212073
2.31 -0.0179779 -0.00471386 -0.000118093 0.00215523 -0.0085041 0.0020394
2.32 -0.0155033 -0.00427777 -0.000100023 0.00195542 -0.00733105 0.00184647
2.33 -0.0122773 -0.00359584 -7.76016e-05 0.00164356 -0.00580878 0.00155092
2.34 -0.0084812 -0.00270942 -5.20305e-05 0.00123852 -0.00402174 0.0011699
2.35 -0.00433539 -0.00167538 -2.47091e-05 0.000766206 -0.00207227 0.000727244
2.36 -8.23672e-05 -0.000561505 2.86624e-06 0.000257503 -7.2977e-05 0.00025145
2.37 0.00403132 0.000558847 2.92126e-05 -0.000254169 0.00186172 -0.000226717
2.38 0.00777354 0.00161252 5.29674e-05 -0.000735479 0.00362409 -0.000676786
2.39 0.0109434 0.00253247 7.29814e-05 -0.00115587 0.00512086 -0.00107107
2.4 0.013385 0.00326329 8.83904e-05 -0.00149007 0.00627965 -0.00138691
2.41 0.0149981 0.00376585 9.8661e-05 -0.00172024 0.00705365 -0.0016084
2.42 0.0157429 0.00402059 0.000103612 -0.00183744 0.00742424 -0.00172754
2.43 0.015642 0.00402877 0.00010341 -0.00184223 0.0074014 -0.00174469
2.44 0.014776 0.00381188 9.85461e-05 -0.00174438 0.00702213 -0.00166827
2.45 0.0132764 0.00340892 8.97944e-05 -0.00156166 0.00634684 -0.00151376
2.46 0.0113138 0.00287222 7.81493e-05 -0.00131788 0.00545413 -0.00130217
2.47 0.00908394 0.00226213 6.47513e-05 -0.00104053 0.0044342 -0.00105797
2.48 0.00679144 0.00164132 5.07997e-05 -0.000758135 0.00338148 -0.000806884
2.49 0.00463346 0.00106927 3.74591e-05 -0.000497779 0.00238697 -0.000573489
2.5 0.00278384 0.00059722 2.57683e-05 -0.000282784 0.00153098 -0.000379095
2.51 0.00137957 0.000264064 1.65598e-05 -0.000130865 0.000876861 -0.000239891
2.52 0.000510501 9.33453e-05 1.03992e-05 -5.27462e-05 0.00046629 -0.000165618
2.53 0.000213397 9.14902e-05 7.54839e-06 -5.13657e-05 0.000316463 -0.000158848
2.54 0.000470426 0.000247465 7.95623e-06 -0.000121715 0.000419431 -0.000214923
2.55 0.00121227 0.000533932 1.12752e-05 -0.000251364 0.000743517 -0.000322551
2.56 0.00232532 0.000909901 1.68996e-05 -0.000421662 0.00123662 -0.000465004
2.57 0.00366217 0.00132471 2.40209e-05 -0.000609549 0.00183106 -0.000621784
2.58 0.0050546 0.00172297 3.16951e-05 -0.00078982 0.00244956 -0.000770613
2.59 0.00632787 0.00205007 3.89178e-05 -0.00093761 0.00301182 -0.000889569
2.6 0.00731543 0.00225745 4.47024e-05 -0.00103083 0.00344132 -0.000959159
2.61 0.00787276 0.00230736 4.81583e-05 -0.0010523 0.0036717 -0.000964162
2.62 0.00788953 0.00217629 4.85632e-05 -0.000991336 0.00365233 -0.000895069
2.63 0.0072989 0.00185711 4.54246e-05 -0.00084472 0.00335268 -0.000748997
2.64 0.00608343 0.00135958 3.85249e-05 -0.000616921 0.00276499 -0.000530009
2.65 0.00427684 0.000709431 2.79443e-05 -0.000319678 0.00190511 -0.000248806
2.66 0.00196163 -5.38813e-05 1.40594e-05 2.90277e-05 0.000811426 7.81597e-05
2.67 -0.000737237 -0.000880492 -2.48254e-06 0.000406473 -0.000458097 0.000430081
2.68 -0.00366212 -0.00171424 -2.08116e-05 0.000787071 -0.00183038 0.000783567
2.69 -0.00663488 -0.00249727 -3.99e-05 0.00114447 -0.00322286 0.00111463
2.7 -0.00947049 -0.00317489 -5.86363e-05 0.00145374 -0.00454982 0.00140068
2.71 -0.011991 -0.00370009 -7.59051e-05 0.00169348 -0.00572876 0.00162247
2.72 -0.0140385 -0.00403762 -9.06637e-05 0.00184761 -0.00668649 0.00176562
2.73 -0.0154867 -0.00416689 -0.000102013 0.00190674 -0.00736435 0.00182177
2.74 -0.0162494 -0.00408368 -0.000109258 0.00186897 -0.00772232 0.00178921
2.75 -0.0162867 -0.00380026 -0.000111955 0.00173986 -0.00774165 0.00167293
2.76 -0.0156066 -0.00334402 -0.000109944 0.00153191 -0.00742595 0.00148406
2.77 -0.0142642 -0.00275475 -0.000103355 0.00126324 -0.00680052 0.00123881
2.78 -0.0123567 -0.0020809 -9.26059e-05 0.000955923 -0.00591021 0.000957036
2.79 -0.0100152 -0.00137526 -7.83665e-05 0.000634004 -0.00481569 0.000660483
2.8 -0.00739465 -0.000690311 -6.15111e-05 0.000321402 -0.0035887 0.000370886
2.81 -0.00466161 -7.39648e-05 -4.30536e-05 3.99372e-05 -0.00230649 0.000108159
2.82 -0.00198186 0.000434324 -2.40731e-05 -0.00019241 -0.00104605 -0.000111245
2.83 0.000491771 0.000806561 -5.63691e-06 -0.000362877 0.000121519 -0.000275627
2.84 0.0026301 0.00102824 1.1273e-05 -0.000464839 0.00113596 -0.000378884
2.85 0.004336 0.00109918 2.58246e-05 -0.0004982 0.00195175 -0.000420841
2.86 0.00555012 0.00103318 3.7387e-05 -0.000469219 0.00254079 -0.00040705
2.87 0.00625343 0.000856381 4.55661e-05 -0.000389785 0.0028936 -0.00034808
2.88 0.00646663 0.00060456 5.02229e-05 -0.000276172 0.00301909 -0.000258377
2.89 0.00624665 0.00031952 5.14741e-05 -0.000147401 0.00294295 -0.000154796
2.9 0.00568038 4.4961e-05 4.96748e-05 -2.33621e-05 0.0027048 -5.49498e-05
2.91 0.00487646 -0.000177767 4.53845e-05 7.71287e-05 0.0023544 2.44891e-05
2.92 0.00395553 -0.000313621 3.93187e-05 0.000138125 0.00194718 6.93608e-05
2.93 0.00303984 -0.00033712 3.22886e-05 0.000148038 0.00153944 6.93452e-05
2.94 0.0022431 -0.000234639 2.51345e-05 0.000100675 0.00118365 1.89169e-05
2.95 0.0016612 -5.5497e-06 1.86568e-05 -4.23778e-06 0.000924144 -8.21475e-05
2.96 0.00136476 0.000337827 1.3553e-05 -0.000161081 0.000793694 -0.000228752
2.97 0.0013939 0.000771408 1.03627e-05 -0.000358881 0.000811038 -0.000410944
2.98 0.00175572 0.00126153 9.42838e-06 -0.000582305 0.000979698 -0.000614822
2.99 0.0024245 0.00176795 1.08718e-05 -0.000813025 0.00128806 -0.000823784
3 0.00334461 0.00224736 1.45883e-05 -0.00103132 0.00171067 -0.00102002
3.01 0.0044357 0.00265724 2.02589e-05 -0.00121784 0.00221064 -0.0011861
3.02 0.00559972 0.00295958 2.73776e-05 -0.00135526 0.00274282 -0.00130653
3.03 0.00672913 0.0031243 3.52921e-05 -0.00142989 0.00325764 -0.00136911
3.04 0.00771567 0.00313195 4.32556e-05 -0.00143289 0.00370514 -0.00136604
3.05 0.00845908 0.00297544 5.04846e-05 -0.00136103 0.00403898 -0.00129455
3.06 0.00887491 0.00266072 5.62207e-05 -0.00121703 0.00422008 -0.00115722
3.07 0.00890119 0.00220621 5.97907e-05 -0.0010093 0.00421975 -0.000961681
3.08 0.00850313 0.00164114 6.06607e-05 -0.00075115 0.0040218 -0.000720025
3.09 0.00767572 0.00100301 5.84798e-05 -0.000459685 0.00362388 -0.000447738
3.1 0.00644406 0.000334333 5.31098e-05 -0.000154276 0.00303756 -0.000162409
3.11 0.0048613 -0.000320953 4.46387e-05 0.000145054 0.00228746 0.000117747
3.12 0.00300458 -0.000921102 3.3376e-05 0.000419281 0.00140938 0.000375384
3.13 0.000969173 -0.00142992 1.98322e-05 0.000651907 0.000447575 0.000595433
3.14 -0.00113843 -0.00181956 4.6828e-06 0.000830241 -0.000548393 0.000766277
3.15 -0.00320819 -0.00207263 -1.12782e-05 0.000946345 -0.00152723 0.000880617
3.16 -0.00513407 -0.00218331 -2.71933e-05 0.000997555 -0.00243943 0.000935944
3.17 -0.00682117 -0.00215753 -4.22004e-05 0.000986561 -0.00324054 0.000934589
3.18 -0.00819168 -0.00201214 -5.54906e-05 0.000921018 -0.00389399 0.000883353
3.19 -0.00918954 -0.00177305 -6.6363e-05 0.000812727 -0.00437327 0.000792755
3.2 -0.00978335 -0.00147274 -7.4271e-05 0.000676461 -0.00466329 0.000675975
3.21 -0.00996744 -0.00114707 -7.88584e-05 0.000528549 -0.00476094 0.000547589
3.22 -0.00976112 -0.000831934 -7.99811e-05 0.000385336 -0.00467473 0.00042221
3.23 -0.00920614 -0.000559998 -7.77138e-05 0.000261691 -0.00442369 0.000313157
3.24 -0.00836268 -0.000357753 -7.23408e-05 0.000169676 -0.00403551 0.000231275
3.25 -0.00730421 -0.000243268 -6.43312e-05 0.000117521 -0.00354415 0.000183999
3.26 -0.00611159 -0.000224746 -5.43016e-05 0.000108961 -0.00298716 0.000174751
3.27 -0.00486696 -0.000300006 -4.29686e-05 0.000143007 -0.00240282 0.000202707
3.28 -0.00364789 -0.000456917 -3.1095e-05 0.000214137 -0.0018274 0.000262961
3.29 -0.00252214 -0.000674694 -1.94352e-05 0.000312894 -0.00129273 0.000347058
3.3 -0.00154351 -0.000925959 -8.6819e-06 0.000426817 -0.000824252 0.000443839
3.31 -0.000748913 -0.00117935 5.80703e-07 0.000541636 -0.000439621 0.000540531
3.32 -0.000156894 -0.00140248 7.91454e-06 0.00064261 -0.00014798 0.000623968
3.33 0.000232454 -0.00156496 1.30542e-05 0.000715913 5.00962e-05 0.000681838
3.34 0.000436183 -0.00164127 1.592e-05 0.00074993 0.000162035 0.000703845
3.35 0.000485996 -0.00161313 1.66176e-05 0.000736351 0.000202128 0.000682682
3.36 0.000424774 -0.00147128 1.54233e-05 0.000670969 0.000189941 0.000614726
3.37 0.000302429 -0.00121637 1.27572e-05 0.000554094 0.000148399 0.000500408
3.38 0.000171411 -0.000858995 9.14471e-06 0.000390564 0.000101698 0.000344213
3.39 8.22049e-05 -0.000418818 5.17196e-06 0.000189346 7.3215e-05 0.000154323
3.4 7.91793e-05 7.71264e-05 1.43587e-06 -3.72376e-05 8.35617e-05 -5.80553e-05
3.41 0.000197064 0.000596735 -1.50491e-06 -0.000274555 0.000148933 -0.000279638
3.42 0.000458311 0.00110557 -3.17538e-06 -0.00050691 0.000279857 -0.000496175
3.43 0.000871496 0.00156973 -3.22214e-06 -0.00071886 0.000480429 -0.000693638
3.44 0.00143082 0.00195869 -1.44125e-06 -0.000896494 0.000748055 -0.000859387
3.45 0.00211669 0.00224775 2.20578e-06 -0.00102856 0.00107371 -0.000983199
3.46 0.00289734 0.00242005 7.5889e-06 -0.00110737 0.00144264 -0.00105808
3.47 0.00373117 0.00246776 1.44191e-05 -0.00112935 0.0018355 -0.00108079
3.48 0.00456985 0.00239268 2.22699e-05 -0.00109533 0.00222975 -0.00105203
3.49 0.00536175 0.00220584 3.06095e-05 -0.00101032 0.00260124 -0.000976349
3.5 0.00605551 0.00192644 3.88404e-05 -0.000883056 0.00292593 -0.000861603
3.51 0.00660358 0.00157998 4.63446e-05 -0.000725172 0.0031815 -0.00071827
3.52 0.0069654 0.00119603 5.25302e-05 -0.000550124 0.00334888 -0.000558482
3.53 0.00711009 0.000805513 5.68763e-05 -0.000372004 0.00341354 -0.000394951
3.54 0.00701841 0.000438067 5.89727e-05 -0.000204313 0.00336637 -0.000239881
3.55 0.00668399 0.000119512 5.8551e-05 -5.8816e-05 0.00320431 -0.000103934
3.56 0.00611365 -0.000130253 5.55056e-05 5.54175e-05 0.00293051 4.62728e-06
3.57 0.00532686 -0.000298782 4.99019e-05 0.000132711 0.00255412 8.05798e-05
3.58 0.00435453 -0.000381904 4.19723e-05 0.000171157 0.00208964 0.000122084
3.59 0.00323698 -0.000383803 3.21007e-05 0.00017265 0.0015561 0.000130724
3.6 0.00202156 -0.00031635 2.07955e-05 0.000142587 0.000975841 0.000111241
3.61 0.000759786 -0.00019777 8.6545e-06 8.92553e-05 0.000373218 7.09844e-05
3.62 -0.000495561 -5.07732e-05 -3.67571e-06 2.2987e-05 -0.000226785 1.91423e-05
3.63 -0.00169344 9.96873e-05 -1.55443e-05 -4.48653e-05 -0.000799966 -3.41812e-05
3.64 -0.00278726 0.000228824 -2.63398e-05 -0.000103024 -0.00132421 -7.89559e-05
3.65 -0.00373737 0.000314377 -3.55309e-05 -0.000141362 -0.00178065 -0.000106192
3.66 -0.00451296 0.000338726 -4.27011e-05 -0.000151863 -0.00215458 -0.000108796
3.67 -0.00509345 0.000290547 -4.75744e-05 -0.00012938 -0.00243614 -8.22494e-05
3.68 -0.00546926 0.00016588 -5.00306e-05 -7.21171e-05 -0.00262066 -2.50328e-05
3.69 -0.00564184 -3.14824e-05 -5.01094e-05 1.81922e-05 -0.00270868 6.12156e-05
3.7 -0.00562307 -0.000290335 -4.80023e-05 0.000136438 -0.00270571 0.000171837
3.71 -0.00543409 -0.000593058 -4.40344e-05 0.000274591 -0.00262162 0.00029956
3.72 -0.00510355 -0.000917196 -3.86361e-05 0.000422422 -0.00246986 0.000435141
3.73 -0.00466552 -0.00123745 -3.23085e-05 0.000568406 -0.00226644 0.000568179
3.74 -0.00415713 -0.00152791 -2.55846e-05 0.000700746 -0.00202883 0.000688036
3.75 -0.00361605 -0.00176434 -1.89889e-05 0.000808401 -0.00177478 0.000784762
3.76 -0.0030781 -0.00192626 -1.29991e-05 0.000882045 -0.00152115 0.000849973
3.77 -0.00257499 -0.00199873 -8.01176e-06 0.000914879 -0.00128287 0.000877572
3.78 -0.00213235 -0.00197362 -4.31531e-06 0.000903208 -0.00107202 0.000864278
3.79 -0.00176827 -0.00185032 -2.0712e-06 0.000846754 -0.000897105 0.000809903
3.8 -0.00149228 -0.00163575 -1.30547e-06 0.000748673 -0.000762624 0.000717361
3.81 -0.00130502 -0.00134375 -1.91064e-06 0.000615274 -0.00066889 0.000592413
3.82 -0.00119846 -0.000993874 -3.65786e-06 0.000455476 -0.000612149 0.000443169
3.83 -0.00115676 -0.000609736 -6.21833e-06 0.000280033 -0.000584993 0.000279396
3.84 -0.00115767 -0.000216961 -9.19216e-06 0.000100626 -0.00057703 0.000111698
3.85 -0.00117439 0.000158942 -1.21423e-05 -7.11193e-05 -0.000575767 -4.9367e-05
3.86 -0.00117781 0.000494693 -1.46311e-05 -0.000224591 -0.000567655 -0.000194145
3.87 -0.00113887 0.000771102 -1.62559e-05 -0.000351043 -0.000539213 -0.000314654
3.88 -0.001031 0.000974551 -1.66824e-05 -0.000444264 -0.000478166 -0.000405193
3.89 -0.00083237 0.00109795 -1.56718e-05 -0.000501014 -0.000374504 -0.000462735
3.9 -0.000527904 0.0011411 -1.31004e-05 -0.000521197 -0.000221408 -0.000487092
3.91 -0.000110783 0.00111048 -8.97065e-06 -0.000507755 -1.59509e-05 -0.000480816
3.92 0.000416567 0.00101842 -3.41275e-06 -0.000466298 0.000240454 -0.000448874
3.93 0.00104215 0.000881839 3.324e-06 -0.000404516 0.000541918 -0.000398116
3.94 0.00174476 0.000720525 1.08883e-05 -0.000331422 0.000878266 -0.000336587
3.95 0.00249504 0.000555294 1.88516e-05 -0.000256487 0.00123554 -0.000272754
3.96 0.00325715 0.000406029 2.67393e-05 -0.000188762 0.0015968 -0.000214713
3.97 0.003991 0.000289876 3.40643e-05 -0.000136052 0.00194318 -0.000169446
3.98 0.00465483 0.000219709 4.03626e-05 -0.000104219 0.00225511 -0.0001422
3.99 0.00520808 0.000203018 4.52262e-05 -9.66719e-05 0.00251362 -0.000136028
4 0.00561416 0.000241305 4.83328e-05 -0.000114095 0.00270172 -0.000151545
