0.01 8.97946e-07 7.99486e-07 9.20265e-09 -1.84781e-07 2.50775e-07 -2.29927e-06
0.02 8.01295e-06 7.10838e-06 8.3753e-08 -1.55023e-06 2.08444e-06 -1.46264e-05
0.03 3.58218e-05 3.17541e-05 3.7214e-07 -6.45912e-06 8.54891e-06 -4.59436e-05
0.04 0.000108968 9.65384e-05 1.10207e-06 -1.82363e-05 2.36841e-05 -0.000101461
0.05 0.000257268 0.000227351 2.51045e-06 -4.01593e-05 5.11891e-05 -0.000184209
0.06 0.000506958 0.000445428 4.79051e-06 -7.48853e-05 9.40329e-05 -0.000294737
0.07 0.0008717 0.00075832 8.06059e-06 -0.000124086 0.000154669 -0.00043038
0.08 0.00134619 0.00115386 1.23013e-05 -0.000187266 0.000234103 -0.000585657
0.09 0.00190455 0.00159985 1.72759e-05 -0.000260119 0.000329583 -0.000751566
0.1 0.00250509 0.0020506 2.25248e-05 -0.000334425 0.000433426 -0.000917004
0.11 0.00310063 0.00245852 2.74969e-05 -0.000400731 0.000535284 -0.00107023
0.12 0.00364966 0.00278573 3.17554e-05 -0.000452224 0.00062664 -0.00119987
0.13 0.00412282 0.00301037 3.50945e-05 -0.000486601 0.000703624 -0.00129601
0.14 0.00450155 0.00312518 3.74754e-05 -0.000504512 0.00076561 -0.00135036
0.15 0.00477135 0.00313116 3.88663e-05 -0.000506487 0.000811289 -0.00135692
0.16 0.00491551 0.00303109 3.91451e-05 -0.000491553 0.000836403 -0.00131277
0.17 0.00491353 0.00282682 3.81429e-05 -0.000458482 0.000835181 -0.00121859
0.18 0.00474482 0.00252046 3.57552e-05 -0.000407729 0.000803589 -0.00107887
0.19 0.00439485 0.00211785 3.19998e-05 -0.000341767 0.000740997 -0.000901228
0.2 0.00386088 0.0016322 2.69889e-05 -0.000263845 0.000649169 -0.000695498
0.21 0.00315578 0.00108678 2.08931e-05 -0.000177137 0.000530627 -0.000472952
0.22 0.00230933 0.000515267 1.39612e-05 -8.55226e-05 0.000388746 -0.000245534
0.23 0.00136613 -4.15517e-05 6.56682e-06 5.15581e-06 0.000229372 -2.52158e-05
0.24 0.000379735 -0.000542853 -8.05189e-07 8.74614e-05 6.16053e-05 0.000176923
0.25 -0.00059578 -0.000956566 -7.67102e-06 0.000154822 -0.000103899 0.000351729
0.26 -0.00151358 -0.00126586 -1.36854e-05 0.000204146 -0.000258031 0.000492776
0.27 -0.00233773 -0.00147023 -1.86961e-05 0.000236323 -0.000395113 0.000596782
0.28 -0.0030419 -0.00158129 -2.26828e-05 0.000254366 -0.000512162 0.000663526
0.29 -0.0036053 -0.00161606 -2.56485e-05 0.0002611 -0.000606678 0.000695561
0.3 -0.00400971 -0.00159168 -2.75621e-05 0.000258347 -0.000675292 0.000697854
0.31 -0.0042398 -0.00152318 -2.83831e-05 0.000247699 -0.000714414 0.000677346
0.32 -0.00428674 -0.00142409 -2.81235e-05 0.000231469 -0.00072205 0.000642331
0.33 -0.00415281 -0.00130827 -2.68846e-05 0.000212686 -0.000699082 0.000601578
0.34 -0.00385464 -0.00119144 -2.48502e-05 0.000194353 -0.000649224 0.000563337
0.35 -0.00342354 -0.00109144 -2.22629e-05 0.000179006 -0.000578154 0.000534488
0.36 -0.00290272 -0.00102669 -1.94059e-05 0.000168919 -0.000492717 0.000519942
0.37 -0.00234195 -0.00101272 -1.65838e-05 0.000166349 -0.000400509 0.000522328
0.38 -0.00179086 -0.00105768 -1.4084e-05 0.000173023 -0.000309435 0.000541838
0.39 -0.00129258 -0.0011586 -1.21207e-05 0.000189027 -0.000226871 0.000576196
0.4 -0.00087946 -0.00130058 -1.07905e-05 0.000212064 -0.00015861 0.000620825
0.41 -0.000571618 -0.00145949 -1.0069e-05 0.000237862 -0.000108145 0.000669271
0.42 -0.000378191 -0.00160747 -9.85092e-06 0.00026152 -7.67096e-05 0.000713904
0.43 -0.000299762 -0.0017187 -1.00036e-05 0.000278864 -6.39182e-05 0.000746741
0.44 -0.000330293 -0.00177338 -1.04024e-05 0.000287041 -6.84637e-05 0.000760262
0.45 -0.000457479 -0.00175914 -1.09352e-05 0.000284346 -8.83642e-05 0.000748105
0.46 -0.00066165 -0.00167009 -1.14837e-05 0.000269822 -0.000120653 0.000705634
0.47 -0.000914466 -0.00150495 -1.19042e-05 0.000243052 -0.000160857 0.000630423
0.48 -0.00117898 -0.00126548 -1.20204e-05 0.000204177 -0.000202814 0.000522582
0.49 -0.00141218 -0.000956015 -1.16379e-05 0.000153959 -0.000239169 0.000384881
0.5 -0.00156996 -0.000584264 -1.05758e-05 9.37945e-05 -0.000262475 0.000222592
0.51 -0.00161322 -0.000162845 -8.70524e-06 2.578e-05 -0.000266421 4.30582e-05
0.52 -0.00151357 0.000289485 -5.98205e-06 -4.71492e-05 -0.000246707 -0.000144904
0.53 -0.00125691 0.000748025 -2.46053e-06 -0.000121144 -0.000201356 -0.000331694
0.54 -0.000844501 0.0011843 1.71405e-06 -0.000191661 -0.000130658 -0.00050764
0.55 -0.000291736 0.00156991 6.32938e-06 -0.000254061 -3.70052e-05 -0.000663716
0.56 0.000374589 0.00188094 1.11375e-05 -0.000304386 7.52785e-05 -0.000792245
0.57 0.00111939 0.00210143 1.58856e-05 -0.000340024 0.000200254 -0.000887495
0.58 0.00190214 0.002225 2.03393e-05 -0.000359981 0.00033091 -0.000946117
0.59 0.00267892 0.00225419 2.42943e-05 -0.000364747 0.000459794 -0.000967328
0.6 0.00340402 0.00219826 2.75755e-05 -0.00035587 0.000579451 -0.000952865
0.61 0.00403142 0.00207049 3.00275e-05 -0.000335481 0.000682578 -0.000906743
0.62 0.00451721 0.00188595 3.15109e-05 -0.000305949 0.000762138 -0.000834845
0.63 0.00482311 0.00166041 3.19117e-05 -0.000269753 0.000811793 -0.000744395
0.64 0.00492087 0.00141024 3.11657e-05 -0.000229503 0.000826738 -0.000643315
0.65 0.00479648 0.00115254 2.92857e-05 -0.000187978 0.000804633 -0.000539522
0.66 0.00445266 0.000904907 2.63742e-05 -0.000148043 0.000746132 -0.000440235
0.67 0.00390904 0.000684216 2.26149e-05 -0.000112414 0.000654764 -0.000351387
0.68 0.00319992 0.00050452 1.82468e-05 -8.33241e-05 0.000536341 -0.000277174
0.69 0.00237035 0.000374696 1.35329e-05 -6.21804e-05 0.00039823 -0.000219799
0.7 0.00147167 0.00029661 8.73143e-06 -4.9306e-05 0.000248746 -0.000179379
0.71 0.000557233 0.000264543 4.07619e-06 -4.38338e-05 9.66386e-05 -0.000154042
0.72 -0.000321168 0.0002662 -2.36702e-07 -4.38175e-05 -4.94525e-05 -0.000140189
0.73 -0.0011161 0.000285061 -4.05374e-06 -4.65773e-05 -0.00018159 -0.000132929
0.74 -0.00178669 0.000303382 -7.26249e-06 -4.92069e-05 -0.00029305 -0.000126639
0.75 -0.00230064 0.000304966 -9.78661e-06 -4.90779e-05 -0.000378663 -0.000115576
0.76 -0.00263617 0.000277004 -1.15834e-05 -4.41667e-05 -0.000434999 -9.4492e-05
0.77 -0.00278397 0.000210757 -1.26484e-05 -3.31358e-05 -0.000460573 -5.91779e-05
0.78 -0.00274879 0.000101387 -1.30254e-05 -1.52476e-05 -0.000456095 -6.90924e-06
0.79 -0.00254989 -5.25035e-05 -1.28137e-05 9.73572e-06 -0.000424652 6.32431e-05
0.8 -0.00221987 -0.000249083 -1.21651e-05 4.15585e-05 -0.000371612 0.000150261
0.81 -0.00180159 -0.000483068 -1.12663e-05 7.93895e-05 -0.000304101 0.00025121
0.82 -0.0013437 -0.00074528 -1.03126e-05 0.000121735 -0.000230172 0.000361453
0.83 -0.000895566 -0.00102241 -9.48046e-06 0.000166431 -0.000157899 0.000475027
0.84 -0.000502519 -0.00129746 -8.90765e-06 0.000210744 -9.46166e-05 0.00058514
0.85 -0.000202144 -0.00155109 -8.68265e-06 0.000251589 -4.63879e-05 0.000684737
0.86 -2.18028e-05 -0.00176373 -8.84373e-06 0.000285837 -1.76595e-05 0.000767089
0.87 2.26915e-05 -0.0019181 -9.38412e-06 0.000310698 -1.10312e-05 0.000826354
0.88 -7.24332e-05 -0.00200148 -1.02599e-05 0.000324093 -2.71177e-05 0.000858077
0.89 -0.000298986 -0.00200714 -1.13974e-05 0.000324928 -6.45238e-05 0.000859565
0.9 -0.000637325 -0.00193471 -1.26982e-05 0.000313161 -0.000119949 0.000830119
0.91 -0.00105738 -0.00178957 -1.40416e-05 0.00028969 -0.000188407 0.00077109
0.92 -0.00152038 -0.00158151 -1.52864e-05 0.000256113 -0.000263547 0.000685758
0.93 -0.00198152 -0.00132344 -1.62768e-05 0.000214495 -0.000338071 0.000579063
0.94 -0.00239356 -0.0010302 -1.68538e-05 0.0001672 -0.000404283 0.000457195
0.95 -0.00271112 -0.000717826 -1.6873e-05 0.000116791 -0.000454765 0.000327102
0.96 -0.00289517 -0.000402937 -1.62233e-05 6.59443e-05 -0.000483124 0.000195934
0.97 -0.00291691 -0.000101994 -1.48439e-05 1.73194e-05 -0.000484664 7.04796e-05
0.98 -0.0027605 0.00016969 -1.27328e-05 -2.66151e-05 -0.000456859 -4.33457e-05
0.99 -0.00242433 0.000399277 -9.94598e-06 -6.37967e-05 -0.000399536 -0.00014093
1 -0.00192071 0.000577812 -6.58863e-06 -9.27853e-05 -0.0003148 -0.000219267
1.01 -0.00127453 0.000701349 -2.80249e-06 -0.000112937 -0.000206779 -0.000277106
1.02 -0.000520996 0.000771447 1.24738e-06 -0.000124486 -8.12683e-05 -0.000314957
1.03 0.000296875 0.000794813 5.38317e-06 -0.000128502 5.46604e-05 -0.000334933
1.04 0.00113114 0.000782135 9.42224e-06 -0.000126706 0.00019311 -0.00034047
1.05 0.00193196 0.000746392 1.31836e-05 -0.000121193 0.000325863 -0.000335924
1.06 0.0026508 0.000701048 1.64952e-05 -0.00011413 0.000444941 -0.000326108
1.07 0.00324393 0.00065852 1.92031e-05 -0.000107505 0.000543171 -0.000315791
1.08 0.00367569 0.000629121 2.11832e-05 -0.000102961 0.000614734 -0.000309228
1.09 0.00392158 0.000620492 2.23521e-05 -0.000101712 0.000655623 -0.000309744
1.1 0.00397036 0.000637346 2.26776e-05 -0.000104511 0.000663995 -0.000319421
1.11 0.00382506 0.00068134 2.21822e-05 -0.000111628 0.000640339 -0.0003389
1.12 0.0035026 0.000750938 2.09415e-05 -0.000122821 0.000587428 -0.000367329
1.13 0.00303199 0.000841312 1.90746e-05 -0.000137318 0.000510043 -0.00040245
1.14 0.00245156 0.000944408 1.67307e-05 -0.000153828 0.000414492 -0.000440821
1.15 0.00180546 0.00104937 1.40733e-05 -0.00017061 0.000308028 -0.000478147
1.16 0.00114008 0.00114346 1.12674e-05 -0.000185618 0.000198258 -0.000509699
1.17 0.000500621 0.00121338 8.46909e-06 -0.000196717 9.25805e-05 -0.000530761
1.18 -7.19825e-05 0.00124687 5.81887e-06 -0.000201938 -2.28974e-06 -0.000537088
1.19 -0.000543701 0.00123424 3.43619e-06 -0.000199724 -8.07562e-05 -0.000525318
1.2 -0.0008896 0.00116956 1.41448e-06 -0.00018912 -0.000138706 -0.000493309
1.21 -0.00109552 0.0010512 -1.84317e-07 -0.000169873 -0.000173797 -0.000440374
1.22 -0.00115906 0.00088193 -1.33477e-06 -0.000142432 -0.000185624 -0.000367381
1.23 -0.00108976 0.00066835 -2.05099e-06 -0.000107872 -0.000175736 -0.000276725
1.24 -0.000908246 0.000420196 -2.38617e-06 -6.77612e-05 -0.000147487 -0.000172162
1.25 -0.000644325 0.000149466 -2.42756e-06 -2.40292e-05 -0.000105734 -5.85333e-05
1.26 -0.000334235 -0.000130389 -2.28692e-06 2.11653e-05 -5.63807e-05 5.86049e-05
1.27 -1.72167e-05 -0.000405262 -2.08765e-06 6.55567e-05 -5.83508e-06 0.00017341
1.28 0.000268098 -0.000661196 -1.95097e-06 0.000106902 3.9588e-05 0.000280201
1.29 0.000487095 -0.000885299 -1.98344e-06 0.000143124 7.423e-05 0.000373891
1.3 0.000612021 -0.00106673 -2.26779e-06 0.000172476 9.35607e-05 0.000450362
1.31 0.000624054 -0.00119766 -2.85761e-06 0.000193697 9.45156e-05 0.000506758
1.32 0.000514537 -0.00127409 -3.77534e-06 0.000206137 7.56915e-05 0.000541664
1.33 0.000285423 -0.00129621 -5.01223e-06 0.000209825 3.74141e-05 0.000555162
1.34 -5.09971e-05 -0.00126832 -6.52921e-06 0.000205451 -1.83053e-05 0.000548765
1.35 -0.000473028 -0.00119825 -8.25836e-06 0.000194271 -8.79162e-05 0.000525229
1.36 -0.000951133 -0.00109635 -1.01057e-05 0.00017795 -0.00016658 0.000488269
1.37 -0.0014501 -0.000974268 -1.19556e-05 0.000158362 -0.000248526 0.000442202
1.38 -0.00193174 -0.000843794 -1.36785e-05 0.0001374 -0.000327494 0.000391549
1.39 -0.00235794 -0.000715806 -1.51408e-05 0.000116812 -0.000397239 0.000340639
1.4 -0.00269381 -0.000599497 -1.62162e-05 9.80703e-05 -0.000452045 0.000293232
1.41 -0.0029106 -0.000501829 -1.67978e-05 8.22918e-05 -0.000487202 0.00025222
1.42 -0.0029881 -0.00042717 -1.68079e-05 7.0179e-05 -0.000499394 0.000219408
1.43 -0.00291621 -0.000377068 -1.62045e-05 6.19848e-05 -0.000486959 0.000195405
1.44 -0.00269558 -0.000350173 -1.49845e-05 5.74974e-05 -0.000450002 0.000179623
1.45 -0.00233736 -0.000342328 -1.31824e-05 5.60545e-05 -0.00039035 0.000170397
1.46 -0.00186209 -0.000346931 -1.08667e-05 5.65988e-05 -0.000311377 0.000165194
1.47 -0.001298 -0.000355569 -8.13484e-06 5.77822e-05 -0.000217717 0.000160906
1.48 -0.000678864 -0.000358939 -5.10694e-06 5.81128e-05 -0.000114918 0.000154192
1.49 -4.15604e-05 -0.00034793 -1.91914e-06 5.6129e-05 -9.03925e-06 0.000141834
1.5 0.000576514 -0.000314715 1.28345e-06 5.05758e-05 9.3768e-05 0.000121084
1.51 0.00114004 -0.000253689 4.35494e-06 4.05557e-05 0.000187682 8.99606e-05
1.52 0.00161823 -0.000162106 7.15764e-06 2.56307e-05 0.000267622 4.74764e-05
1.53 0.00198705 -4.03473e-05 9.57146e-06 5.86735e-06 0.000329603 -6.2309e-06
1.54 0.00223086 0.000108152 1.15026e-05 -1.81777e-05 0.000371021 -6.98674e-05
1.55 0.00234343 0.000277265 1.28903e-05 -4.55156e-05 0.000390813 -0.00014106
1.56 0.00232814 0.000458708 1.37105e-05 -7.48137e-05 0.000389495 -0.000216529
1.57 0.00219736 0.000642691 1.39759e-05 -0.000104499 0.00036906 -0.000292351
1.58 0.0019711 0.000818616 1.37324e-05 -0.000132868 0.000332755 -0.000364266
1.59 0.00167501 0.000975832 1.3054e-05 -0.000158212 0.000284768 -0.00042803
1.6 0.00133815 0.00110442 1.20343e-05 -0.000178935 0.00022985 -0.000479762
1.61 0.000990537 0.00119598 1.07795e-05 -0.000193687 0.000172926 -0.000516259
1.62 0.000660849 0.00124439 9.40017e-06 -0.000201483 0.000118705 -0.000535255
1.63 0.000374306 0.00124638 8.0039e-06 -0.000201798 7.13406e-05 -0.000535605
1.64 0.000150931 0.00120192 6.68869e-06 -0.000194624 3.4143e-05 -0.000517368
1.65 4.21694e-06 0.00111421 5.53651e-06 -0.000180478 9.35849e-06 -0.000481794
1.66 -5.97149e-05 0.000989381 4.6076e-06 -0.000160346 -1.97038e-06 -0.000431212
1.67 -4.24086e-05 0.000835906 3.93607e-06 -0.000135591 -5.60397e-08 -0.00036883
1.68 4.72302e-05 0.000663764 3.52732e-06 -0.000107821 1.36798e-05 -0.000298471
1.69 0.000193838 0.000483552 3.35803e-06 -7.87378e-05 3.67516e-05 -0.000224256
1.7 0.000377043 0.000305606 3.37902e-06 -5.00052e-05 6.5846e-05 -0.000150277
1.71 0.000573339 0.000139238 3.52065e-06 -2.31199e-05 9.71284e-05 -8.02807e-05
1.72 0.000758199 -7.88865e-06 3.7002e-06 6.8576e-07 0.000126588 -1.73876e-05
1.73 0.000908212 -0.000130222 3.83012e-06 2.05178e-05 0.00015039 3.61225e-05
1.74 0.00100305 -0.000224625 3.82615e-06 3.58693e-05 0.000165196 7.89488e-05
1.75 0.00102708 -0.000290514 3.61462e-06 4.66424e-05 0.000168432 0.000110817
1.76 0.000970549 -0.000329813 3.13833e-06 5.31423e-05 0.000158481 0.000132433
1.77 0.000830221 -0.000346707 2.36105e-06 5.60373e-05 0.000134795 0.000145359
1.78 0.000609555 -0.000347176 1.27051e-06 5.62853e-05 9.79263e-05 0.000151806
1.79 0.000318379 -0.000338345 -1.1998e-07 5.50284e-05 4.94708e-05 0.000154381
1.8 -2.78739e-05 -0.000327698 -1.77138e-06 5.34669e-05 -8.0489e-06 0.000155807
1.81 -0.000409314 -0.000322251 -3.62049e-06 5.27263e-05 -7.13729e-05 0.000158636
1.82 -0.000803061 -0.000327795 -5.58346e-06 5.37351e-05 -0.000136742 0.000164987
1.83 -0.00118495 -0.000348294 -7.56107e-06 5.71286e-05 -0.000200178 0.000176333
1.84 -0.00153131 -0.000385516 -9.44585e-06 6.31886e-05 -0.000257775 0.00019335
1.85 -0.00182077 -0.0004389 -1.113e-05 7.1823e-05 -0.000305995 0.000215844
1.86 -0.00203579 -0.000505659 -1.25138e-05 8.25832e-05 -0.000341925 0.000242768
1.87 -0.00216388 -0.000581076 -1.35128e-05 9.47112e-05 -0.000363479 0.000272309
1.88 -0.00219839 -0.000658947 -1.40639e-05 0.00010721 -0.000369531 0.000302062
1.89 -0.00213882 -0.000732116 -1.41297e-05 0.000118933 -0.000359964 0.000329243
1.9 -0.00199064 -0.000793091 -1.37002e-05 0.000128677 -0.000335647 0.000350954
1.91 -0.00176465 -0.000834693 -1.27932e-05 0.00013529 -0.000298335 0.000364453
1.92 -0.00147606 -0.000850703 -1.14531e-05 0.000137776 -0.000250515 0.000367408
1.93 -0.00114329 -0.000836465 -9.7472e-06 0.000135387 -0.000195215 0.000358127
1.94 -0.000786609 -0.000789377 -7.76231e-06 0.000127706 -0.000135775 0.000335722
1.95 -0.000426698 -0.000709209 -5.59881e-06 0.000114698 -7.56197e-05 0.000300213
1.96 -8.32543e-05 -0.000598206 -3.36442e-06 9.67264e-05 -1.8018e-05 0.000252548
1.97 0.000226329 -0.000460942 -1.16702e-06 7.45279e-05 3.41287e-05 0.000194545
1.98 0.000488067 -0.000303961 8.92565e-07 4.91567e-05 7.84736e-05 0.000128765
1.99 0.000692217 -0.000135224 2.72735e-06 2.18944e-05 0.000113364 5.83173e-05
2 0.000833756 3.6547e-05 4.26978e-06 -5.85513e-06 0.000137923 -1.33769e-05
2.01 0.00091247 0.000202562 5.47563e-06 -3.26778e-05 0.000152069 -8.28457e-05
2.02 0.000932666 0.00035463 6.32577e-06 -5.7256e-05 0.00015647 -0.000146828
2.03 0.000902533 0.000485747 6.82597e-06 -7.84627e-05 0.000152441 -0.000202514
2.04 0.000833252 0.000590562 7.00479e-06 -9.54367e-05 0.000141798 -0.000247744
2.05 0.000737929 0.000665718 6.90998e-06 -0.000107637 0.000126689 -0.000281151
2.06 0.000630467 0.000710031 6.6039e-06 -0.000114871 0.000109399 -0.000302231
2.07 0.000524451 0.000724514 6.15808e-06 -0.000117299 9.21775e-05 -0.000311345
2.08 0.00043213 0.000712216 5.64752e-06 -0.000115409 7.7058e-05 -0.000309642
2.09 0.00036354 0.000677903 5.1448e-06 -0.000109966 6.57195e-05 -0.000298923
2.1 0.000325828 0.000627575 4.7144e-06 -0.000101933 5.93689e-05 -0.000281453
2.11 0.000322799 0.000567878 4.40761e-06 -9.23755e-05 5.86645e-05 -0.000259739
2.12 0.000354726 0.000505464 4.25841e-06 -8.23635e-05 6.36812e-05 -0.000236296
2.13 0.000418429 0.000446364 4.28081e-06 -7.28656e-05 7.39216e-05 -0.000213422
2.14 0.000507625 0.000395452 4.46791e-06 -6.46649e-05 8.83704e-05 -0.000192995
2.15 0.000613511 0.000356043 4.79279e-06 -5.82942e-05 0.00010559 -0.000176325
2.16 0.000725544 0.000329665 5.21123e-06 -5.39997e-05 0.000123848 -0.000164053
2.17 0.000832324 0.000316011 5.66579e-06 -5.17326e-05 0.00014126 -0.000156124
2.18 0.000922517 0.000313058 6.09098e-06 -5.11694e-05 0.000155949 -0.000151821
2.19 0.000985731 0.000317336 6.41885e-06 -5.17545e-05 0.000166183 -0.000149863
2.2 0.00101328 0.00032431 6.5846e-06 -5.27614e-05 0.00017051 -0.000148552
2.21 0.000998804 0.000328847 6.53189e-06 -5.33678e-05 0.00016786 -0.000145965
2.22 0.00093868 0.000325733 6.21746e-06 -5.27386e-05 0.000157613 -0.000140159
2.23 0.000832267 0.000310199 5.61484e-06 -5.011e-05 0.000139647 -0.000129378
2.24 0.000681939 0.000278425 4.71698e-06 -4.48705e-05 0.000114341 -0.000112246
2.25 0.000492919 0.00022796 3.53754e-06 -3.66281e-05 8.25524e-05 -8.79194e-05
2.26 0.000272945 0.000158023 2.11071e-06 -2.52595e-05 4.55612e-05 -5.61931e-05
2.27 3.17633e-05 6.96547e-05 4.89488e-07 -1.09337e-05 4.98801e-06 -1.75491e-05
2.28 -0.0002195 -3.43154e-05 -1.25759e-06 5.89246e-06 -3.73107e-05 2.68588e-05
2.29 -0.000469061 -0.000149467 -3.05094e-06 2.45071e-05 -7.93625e-05 7.52806e-05
2.3 -0.00070522 -0.000270144 -4.80534e-06 4.39997e-05 -0.000119204 0.000125499
2.31 -0.000917096 -0.000389917 -6.43577e-06 6.33358e-05 -0.000155003 0.000174999
2.32 -0.00109526 -0.000502108 -7.86319e-06 8.14415e-05 -0.000185167 0.000221169
2.33 -0.00123226 -0.000600331 -9.01966e-06 9.72899e-05 -0.000208433 0.000261503
2.34 -0.00132301 -0.000678987 -9.8527e-06 0.000109981 -0.00022393 0.000293805
2.35 -0.00136497 -0.000733703 -1.03284e-05 0.000118812 -0.000231217 0.000316356
2.36 -0.00135821 -0.000761651 -1.04333e-05 0.000123329 -0.000230293 0.000328047
2.37 -0.00130533 -0.000761758 -1.01747e-05 0.000123357 -0.00022158 0.000328464
2.38 -0.00121119 -0.00073477 -9.58024e-06 0.000119018 -0.000205885 0.000317906
2.39 -0.00108255 -0.000683177 -8.69527e-06 0.000110712 -0.000184338 0.000297351
2.4 -0.000927627 -0.00061099 -7.57981e-06 9.90817e-05 -0.000158318 0.000268366
2.41 -0.000755563 -0.000523395 -6.30415e-06 8.49625e-05 -0.00012936 0.000232969
2.42 -0.000575818 -0.000426311 -4.94381e-06 6.93056e-05 -9.90572e-05 0.000193456
2.43 -0.000397607 -0.000325884 -3.57419e-06 5.30994e-05 -6.89644e-05 0.000152217
2.44 -0.000229339 -0.000227979 -2.26539e-06 3.72876e-05 -4.05013e-05 0.000111542
2.45 -7.81395e-05 -0.000137711 -1.07753e-06 2.2693e-05 -1.48728e-05 7.34429e-05
2.46 5.05252e-05 -5.90596e-05 -5.69862e-08 9.95666e-06 6.99571e-06 3.95101e-05
2.47 0.000153102 5.39201e-06 7.66075e-07 -5.05074e-07 2.45008e-05 1.08063e-05
2.48 0.000228068 5.45889e-05 1.37896e-06 -8.52107e-06 3.73817e-05 -1.21887e-05
2.49 0.000275913 8.89919e-05 1.78627e-06 -1.41636e-05 4.57169e-05 -2.95791e-05
2.5 0.000299001 0.000110436 2.00854e-06 -1.77255e-05 4.99016e-05 -4.20025e-05
2.51 0.000301316 0.000121875 2.07978e-06 -1.96792e-05 5.06038e-05 -5.05329e-05
2.52 0.000288122 0.000127038 2.04401e-06 -2.06218e-05 4.87065e-05 -5.65459e-05
2.53 0.000265537 0.000130027 1.95135e-06 -2.12103e-05 4.52364e-05 -6.15613e-05
2.54 0.000240067 0.000134887 1.85349e-06 -2.20926e-05 4.12832e-05 -6.70757e-05
2.55 0.000218102 0.000145188 1.79926e-06 -2.38408e-05 3.79164e-05 -7.44015e-05
2.56 0.000205428 0.000163654 1.83038e-06 -2.68909e-05 3.61017e-05 -8.45274e-05
2.57 0.00020678 0.000191871 1.97782e-06 -3.14967e-05 3.66258e-05 -9.80107e-05
2.58 0.000225459 0.00023011 2.25909e-06 -3.77007e-05 4.00334e-05 -0.000114914
2.59 0.000263065 0.000277275 2.67664e-06 -4.53261e-05 4.65819e-05 -0.000134788
2.6 0.000319349 0.000330993 3.21757e-06 -5.3991e-05 5.62175e-05 -0.000156703
2.61 0.000392195 0.00038782 3.85458e-06 -6.31416e-05 6.85739e-05 -0.000179331
2.62 0.000477746 0.00044355 4.5481e-06 -7.21025e-05 8.29935e-05 -0.000201058
2.63 0.000570645 0.000493603 5.24937e-06 -8.01375e-05 9.85699e-05 -0.000220125
2.64 0.000664393 0.000533428 5.90419e-06 -8.65164e-05 0.000114208 -0.000234795
2.65 0.000751784 0.000558921 6.45708e-06 -9.05803e-05 0.0001287 -0.0002435
2.66 0.000825407 0.000566786 6.85553e-06 -9.18006e-05 0.000140805 -0.000244993
2.67 0.000878168 0.000554837 7.05404e-06 -8.98272e-05 0.000149345 -0.000238461
2.68 0.000903823 0.000522207 7.01774e-06 -8.45216e-05 0.000153284 -0.000223608
2.69 0.000897456 0.000469443 6.72523e-06 -7.5973e-05 0.000151816 -0.000200688
2.7 0.000855895 0.000398492 6.17055e-06 -6.44951e-05 0.000144429 -0.0001705
2.71 0.000778018 0.000312564 5.36397e-06 -5.06049e-05 0.000130955 -0.000134332
2.72 0.000664917 0.00021589 4.33167e-06 -3.49835e-05 0.000111597 -9.38612e-05
2.73 0.000519922 0.000113396 3.11419e-06 -1.84236e-05 8.69339e-05 -5.10312e-05
2.74 0.000348457 1.03176e-05 1.7639e-06 -1.76761e-06 5.78884e-05 -7.90293e-06
2.75 0.000157752 -8.82119e-05 3.4152e-07 1.41581e-05 2.56832e-05 3.35006e-05
2.76 -4.35782e-05 -0.00017755 -1.08786e-06 2.86065e-05 -8.23276e-06 7.13438e-05
2.77 -0.000246059 -0.00025389 -2.45902e-06 4.09644e-05 -4.22725e-05 0.00010411
2.78 -0.000439948 -0.000314521 -3.71081e-06 5.0795e-05 -7.48097e-05 0.000130701
2.79 -0.000615851 -0.000357989 -4.78996e-06 5.78634e-05 -0.000104282 0.000150505
2.8 -0.000765336 -0.000384148 -5.65434e-06 6.21451e-05 -0.000129292 0.000163416
2.81 -0.000881475 -0.0003941 -6.27534e-06 6.38157e-05 -0.000148698 0.000169815
2.82 -0.000959315 -0.000390031 -6.63933e-06 6.32254e-05 -0.000161688 0.000170504
2.83 -0.0009962 -0.000374965 -6.74811e-06 6.08591e-05 -0.000167835 0.000166617
2.84 -0.000991957 -0.000352458 -6.61823e-06 5.72867e-05 -0.000167127 0.000159497
2.85 -0.000948895 -0.000326245 -6.27934e-06 5.3108e-05 -0.000159961 0.00015056
2.86 -0.00087164 -0.000299898 -5.77163e-06 4.88961e-05 -0.000147116 0.000141164
2.87 -0.000766793 -0.000276489 -5.1426e-06 4.51445e-05 -0.000129699 0.00013248
2.88 -0.000642455 -0.000258328 -4.44329e-06 4.2224e-05 -0.000109058 0.00012539
2.89 -0.000507631 -0.000246759 -3.72453e-06 4.03509e-05 -8.66881e-05 0.000120415
2.9 -0.000371583 -0.000242067 -3.03314e-06 3.95714e-05 -6.41225e-05 0.000117678
2.91 -0.000243154 -0.000243482 -2.40877e-06 3.97622e-05 -4.28204e-05 0.000116904
2.92 -0.000130138 -0.000249287 -1.88124e-06 4.06482e-05 -2.40633e-05 0.000117463
2.93 -3.87229e-05 -0.000257012 -1.46883e-06 4.18336e-05 -8.8644e-06 0.00011844
2.94 2.69415e-05 -0.000263705 -1.17745e-06 4.28452e-05 2.10197e-06 0.000118738
2.95 6.50232e-05 -0.000266237 -1.00076e-06 4.31815e-05 8.54503e-06 0.000117196
2.96 7.61101e-05 -0.000261624 -9.21281e-07 4.23645e-05 1.05731e-05 0.000112709
2.97 6.31281e-05 -0.000247336 -9.12287e-07 3.99891e-05 8.67873e-06 0.000104348
2.98 3.10773e-05 -0.00022156 -9.40389e-07 3.57655e-05 3.69357e-06 9.14624e-05
2.99 -1.33958e-05 -0.0001834 -9.68624e-07 2.9551e-05 -3.28285e-06 7.37569e-05
3 -6.2559e-05 -0.000132997 -9.59791e-07 2.13698e-05 -1.09765e-05 5.13357e-05
3.01 -0.000108245 -7.15585e-05 -8.79781e-07 1.14172e-05 -1.80463e-05 2.4713e-05
3.02 -0.000142542 -1.29181e-06 -7.0064e-07 4.87484e-08 -2.3198e-05 -5.21477e-06
3.03 -0.000158467 7.47515e-05 -4.03125e-07 -1.2244e-05 -2.52948e-05 -3.72298e-05
3.04 -0.000150573 0.000152905 2.14615e-08 -2.4871e-05 -2.34563e-05 -6.98824e-05
3.05 -0.000115437 0.000229173 5.70282e-07 -3.71893e-05 -1.71377e-05 -0.000101601
3.06 -5.19854e-05 0.000299546 1.22889e-06 -4.85539e-05 -6.18277e-06 -0.000130814
3.07 3.83524e-05 0.000360319 1.97206e-06 -5.83689e-05 9.15321e-06 -0.000156068
3.08 0.000151698 0.000408378 2.76547e-06 -6.61334e-05 2.82131e-05 -0.000176142
3.09 0.000281967 0.000441441 3.56803e-06 -7.14801e-05 4.99791e-05 -0.000190136
3.1 0.000421288 0.000458217 4.3348e-06 -7.42014e-05 7.31436e-05 -0.000197538
3.11 0.000560571 0.000458492 5.0201e-06 -7.42625e-05 9.62024e-05 -0.000198253
3.12 0.000690182 0.000443116 5.58083e-06 -7.18e-05 0.000117567 -0.000192601
3.13 0.000800667 0.000413907 5.97953e-06 -6.71057e-05 0.000135684 -0.00018128
3.14 0.000883483 0.00037348 6.18711e-06 -6.06e-05 0.000149153 -0.000165303
3.15 0.000931664 0.000325013 6.18499e-06 -5.27933e-05 0.000156839 -0.000145901
3.16 0.000940377 0.000271972 5.96649e-06 -4.42428e-05 0.00015796 -0.000124423
3.17 0.000907329 0.000217822 5.53737e-06 -3.5506e-05 0.000152156 -0.000102221
3.18 0.000832975 0.000165749 4.91552e-06 -2.70949e-05 0.000139517 -8.05425e-05
3.19 0.00072053 0.000118405 4.12976e-06 -1.94366e-05 0.000120589 -6.04342e-05
3.2 0.00057576 7.77212e-05 3.21789e-06 -1.2842e-05 9.63371e-05 -4.2669e-05
3.21 0.000406598 4.4778e-05 2.22415e-06 -7.48593e-06 6.80783e-05 -2.7698e-05
3.22 0.000222577 1.97667e-05 1.19631e-06 -3.4e-06 3.73921e-05 -1.56336e-05
3.23 3.41622e-05 2.02727e-06 1.82504e-07 -4.79372e-07 6.00734e-06 -6.26392e-06
3.24 -0.000148004 -9.83461e-06 -7.71854e-07 1.49877e-06 -2.43209e-05 9.0344e-07
3.25 -0.000313856 -1.77664e-05 -1.62689e-06 2.84607e-06 -5.19354e-05 6.57333e-06
3.26 -0.000454621 -2.40418e-05 -2.35069e-06 3.92655e-06 -7.53944e-05 1.15769e-05
3.27 -0.000563435 -3.10093e-05 -2.92105e-06 5.11628e-06 -9.3572e-05 1.67758e-05
3.28 -0.000635813 -4.08402e-05 -3.32659e-06 6.76288e-06 -0.000105734 2.29657e-05
3.29 -0.000669929 -5.52971e-05 -3.56696e-06 9.14845e-06 -0.000111585 3.07875e-05
3.3 -0.000666707 -7.55456e-05 -3.65238e-06 1.24592e-05 -0.000111281 4.06548e-05
3.31 -0.000629685 -0.000102022 -3.60233e-06 1.67645e-05 -0.000105407 5.27044e-05
3.32 -0.000564689 -0.000134373 -3.44363e-06 2.20066e-05 -9.49217e-05 6.67725e-05
3.33 -0.000479337 -0.000171466 -3.20809e-06 2.8003e-05 -8.10776e-05 8.24002e-05
3.34 -0.000382398 -0.000211473 -2.92975e-06 3.44599e-05 -6.53145e-05 9.88674e-05
3.35 -0.000283086 -0.000252027 -2.64218e-06 4.09963e-05 -4.9143e-05 0.000115251
3.36 -0.000190319 -0.000290416 -2.37584e-06 4.71767e-05 -3.40236e-05 0.000130502
3.37 -0.00011201 -0.000323824 -2.15572e-06 5.25486e-05 -2.1251e-05 0.000143535
3.38 -5.44552e-05 -0.000349575 -1.9996e-06 5.66821e-05 -1.18532e-05 0.000153326
3.39 -2.18517e-05 -0.000365371 -1.91678e-06 5.92082e-05 -6.5134e-06 0.000158997
3.4 -1.59876e-05 -0.000369491 -1.90761e-06 5.9851e-05 -5.51982e-06 0.000159898
3.41 -3.61309e-05 -0.000360954 -1.9637e-06 5.8453e-05 -8.74779e-06 0.000155666
3.42 -7.91199e-05 -0.000339601 -2.06877e-06 5.49896e-05 -1.56753e-05 0.000146257
3.43 -0.00013965 -0.000306126 -2.20022e-06 4.95726e-05 -2.54303e-05 0.00013196
3.44 -0.000210733 -0.000262021 -2.33111e-06 4.24424e-05 -3.68663e-05 0.000113373
3.45 -0.000284288 -0.000209465 -2.4325e-06 3.39499e-05 -4.86602e-05 9.13619e-05
3.46 -0.000351825 -0.000151155 -2.47598e-06 2.45289e-05 -5.9423e-05 6.69926e-05
3.47 -0.000405152 -9.00923e-05 -2.43614e-06 1.46626e-05 -6.78172e-05 4.14514e-05
3.48 -0.000437067 -2.93546e-05 -2.29276e-06 4.84618e-06 -7.2669e-05 1.59542e-05
3.49 -0.000441958 2.81396e-05 -2.03265e-06 -4.4506e-06 -7.30669e-05 -8.34382e-06
3.5 -0.000416289 7.9847e-05 -1.65099e-06 -1.28182e-05 -6.84405e-05 -3.04314e-05
3.51 -0.000358907 0.000123779 -1.15189e-06 -1.99364e-05 -5.86109e-05 -4.95107e-05
3.52 -0.00027117 0.000158632 -5.48454e-07 -2.55946e-05 -4.38106e-05 -6.50469e-05
3.53 -0.000156871 0.000183853 1.37968e-07 -2.97032e-05 -2.46712e-05 -7.67948e-05
3.54 -2.19729e-05 0.000199641 8.79066e-07 -3.22933e-05 -2.17926e-06 -8.47989e-05
3.55 0.000125826 0.000206884 1.6414e-06 -3.35067e-05 2.23952e-05 -8.93708e-05
3.56 0.000277664 0.000207039 2.38861e-06 -3.35767e-05 4.75925e-05 -9.10426e-05
3.57 0.000424173 0.000201965 3.08384e-06 -3.28011e-05 7.18721e-05 -9.05046e-05
3.58 0.000556182 0.000193726 3.6922e-06 -3.15111e-05 9.37264e-05 -8.853e-05
3.59 0.0006654 0.00018439 4.18313e-06 -3.00381e-05 0.000111794 -8.58962e-05
3.6 0.000745024 0.000175823 4.53241e-06 -2.86817e-05 0.000124958 -8.33085e-05
3.61 0.000790243 0.000169519 4.72375e-06 -2.76817e-05 0.00013243 -8.13327e-05
3.62 0.000798574 0.000166466 4.74981e-06 -2.71965e-05 0.000133804 -8.0344e-05
3.63 0.000770029 0.000167059 4.6126e-06 -2.72897e-05 0.000129085 -8.04942e-05
3.64 0.000707088 0.000171078 4.32319e-06 -2.79259e-05 0.00011868 -8.17028e-05
3.65 0.000614478 0.000177719 3.90085e-06 -2.89762e-05 0.000103369 -8.3669e-05
3.66 0.000498801 0.000185682 3.37161e-06 -3.02323e-05 8.42361e-05 -8.59065e-05
3.67 0.000368011 0.000193309 2.76637e-06 -3.14284e-05 6.25901e-05 -8.77952e-05
3.68 0.000230806 0.000198755 2.11877e-06 -3.22685e-05 3.98609e-05 -8.86456e-05
3.69 9.59701e-05 0.00020017 1.46287e-06 -3.24563e-05 1.74931e-05 -8.77707e-05
3.7 -2.8274e-05 0.000195893 8.30858e-07 -3.17255e-05 -3.16063e-06 -8.45575e-05
3.71 -0.000134862 0.000184621 2.51042e-07 -2.98676e-05 -2.09372e-05 -7.85323e-05
3.72 -0.00021838 0.000165549 -2.53944e-07 -2.67539e-05 -3.49437e-05 -6.94139e-05
3.73 -0.000275422 0.000138462 -6.68401e-07 -2.23513e-05 -4.46164e-05 -5.71502e-05
3.74 -0.00030478 0.000103787 -9.84298e-07 -1.67286e-05 -4.97517e-05 -4.19335e-05
3.75 -0.000307463 6.25674e-05 -1.20143e-06 -1.00546e-05 -5.05097e-05 -2.41958e-05
3.76 -0.000286541 1.64061e-05 -1.32697e-06 -2.58748e-06 -4.73883e-05 -4.58218e-06
3.77 -0.000246831 -3.26563e-05 -1.37451e-06 5.34421e-06 -4.11721e-05 1.60943e-05
3.78 -0.000194451 -8.22927e-05 -1.36263e-06 1.33659e-05 -3.28595e-05 3.69118e-05
3.79 -0.000136281 -0.000130068 -1.31312e-06 2.10856e-05 -2.35749e-05 5.69088e-05
3.8 -7.93818e-05 -0.000173624 -1.24903e-06 2.81243e-05 -1.44721e-05 7.51559e-05
3.81 -3.04003e-05 -0.000210864 -1.19265e-06 3.4144e-05 -6.63866e-06 9.08254e-05
3.82 4.96882e-06 -0.000240103 -1.16366e-06 3.8874e-05 -1.00662e-06 0.000103252
3.83 2.24406e-05 -0.000260195 -1.17743e-06 4.21294e-05 1.72231e-06 0.000111979
3.84 1.94737e-05 -0.000270605 -1.24379e-06 4.38241e-05 1.13147e-06 0.000116786
3.85 -4.54158e-06 -0.000271433 -1.36622e-06 4.39738e-05 -2.87969e-06 0.000117704
3.86 -4.8253e-05 -0.000263385 -1.54155e-06 4.26919e-05 -1.00906e-05 0.000114995
3.87 -0.000108475 -0.000247698 -1.7602e-06 4.01766e-05 -1.99802e-05 0.00010913
3.88 -0.000180464 -0.000226012 -2.00696e-06 3.66918e-05 -3.17723e-05 0.00010074
3.89 -0.000258311 -0.000200229 -2.26217e-06 3.25427e-05 -4.44995e-05 9.0558e-05
3.9 -0.000335432 -0.000172341 -2.50328e-06 2.80496e-05 -5.70832e-05 7.93561e-05
3.91 -0.000405097 -0.00014426 -2.7067e-06 2.352e-05 -6.8421e-05 6.78794e-05
3.92 -0.000460972 -0.00011767 -2.84959e-06 1.92244e-05 -7.74747e-05 5.67867e-05
3.93 -0.000497626 -9.38872e-05 -2.9118e-06 1.5375e-05 -8.33539e-05 4.66005e-05
3.94 -0.000510956 -7.37758e-05 -2.87744e-06 1.2111e-05 -8.53857e-05 3.76706e-05
3.95 -0.000498507 -5.76952e-05 -2.73625e-06 9.49074e-06 -8.31675e-05 3.01559e-05
3.96 -0.000459669 -4.54998e-05 -2.48455e-06 7.49143e-06 -7.65991e-05 2.40231e-05
3.97 -0.000395714 -3.65846e-05 -2.12563e-06 6.01658e-06 -6.58897e-05 1.9064e-05
3.98 -0.000309706 -2.99721e-05 -1.66974e-06 4.90991e-06 -5.15425e-05 1.49287e-05
3.99 -0.00020626 -2.44318e-05 -1.13353e-06 3.97452e-06 -3.43164e-05 1.1171e-05
4 -9.12006e-05 -1.86221e-05 -5.39004e-07 2.9956e-06 -1.51691e-05 7.30216e-06
