0.01 0.00445901 -0.00698819 -0.00022794 0.00528575 0.00575265 -0.0192886
0.02 0.0369354 -0.0446375 -0.00119401 0.0269131 0.0292252 -0.0564226
0.03 0.134226 -0.139543 -0.00291346 0.0696658 0.0765399 -0.114268
0.04 0.297968 -0.281527 -0.00472271 0.12423 0.138933 -0.147931
0.05 0.458004 -0.404824 -0.0061775 0.170292 0.195498 -0.143508
0.06 0.516012 -0.430399 -0.00707487 0.186178 0.223513 -0.109595
0.07 0.436462 -0.334678 -0.00692797 0.159824 0.209104 -0.0663529
0.08 0.276951 -0.16733 -0.00521595 0.0947177 0.154643 -0.0365944
0.09 0.124005 0.00287446 -0.00193273 0.007424 0.0753814 -0.00948915
0.1 0.00704918 0.148982 0.00200303 -0.0805421 -0.0093715 0.0310221
0.11 -0.109945 0.284051 0.00507841 -0.150912 -0.0835277 0.0883677
0.12 -0.256256 0.40969 0.00644954 -0.193703 -0.139271 0.151336
0.13 -0.401363 0.490069 0.00660977 -0.2088 -0.176814 0.195807
0.14 -0.486408 0.48985 0.00671053 -0.204586 -0.203005 0.21308
0.15 -0.501364 0.427775 0.00747799 -0.193721 -0.228341 0.211323
0.16 -0.50873 0.371996 0.00865532 -0.186554 -0.260649 0.202503
0.17 -0.576704 0.37249 0.00944409 -0.18497 -0.299588 0.1922
0.18 -0.69742 0.404955 0.00942312 -0.180923 -0.334222 0.171647
0.19 -0.782273 0.391795 0.00875209 -0.161479 -0.347454 0.131718
0.2 -0.7427 0.279497 0.00762427 -0.117391 -0.325519 0.0744993
0.21 -0.571071 0.0898392 0.00587587 -0.0494998 -0.265402 0.012004
0.22 -0.339523 -0.105216 0.00320177 0.0310005 -0.176437 -0.0416048
0.23 -0.128215 -0.250162 -0.000253446 0.107715 -0.0751013 -0.0819728
0.24 0.0377185 -0.3406 -0.00365021 0.165683 0.022572 -0.113655
0.25 0.183669 -0.398128 -0.00600645 0.196006 0.106026 -0.140962
0.26 0.333684 -0.427402 -0.00697489 0.197518 0.171717 -0.161937
0.27 0.476738 -0.409792 -0.00702573 0.176105 0.221592 -0.168781
0.28 0.582897 -0.336381 -0.00694141 0.142248 0.260402 -0.156399
0.29 0.641186 -0.233972 -0.00713993 0.107013 0.292637 -0.127918
0.3 0.67082 -0.148429 -0.00744062 0.0775426 0.319322 -0.0920076
0.31 0.694179 -0.102491 -0.00740403 0.0543234 0.336311 -0.0564067
0.32 0.705415 -0.0756309 -0.00676615 0.0322359 0.335313 -0.0230297
0.33 0.670451 -0.028114 -0.00554332 0.00505152 0.307904 0.0098019
0.34 0.558359 0.0571428 -0.00387174 -0.0294482 0.25064 0.0417679
0.35 0.371929 0.157736 -0.00186944 -0.0670264 0.168097 0.0681622
0.36 0.149326 0.232789 0.000312571 -0.0985399 0.0721049 0.0824446
0.37 -0.0607238 0.25575 0.00236413 -0.114145 -0.0223889 0.0814281
0.38 -0.226032 0.22696 0.00385838 -0.107575 -0.102459 0.0673454
0.39 -0.340005 0.161237 0.0044849 -0.0785511 -0.160755 0.0451408
0.4 -0.412132 0.0713617 0.00425022 -0.0327713 -0.196238 0.0184334
0.41 -0.453248 -0.0341916 0.00346236 0.0200702 -0.212303 -0.0120409
0.42 -0.46725 -0.142732 0.00251727 0.0694314 -0.213608 -0.0461631
0.43 -0.45163 -0.234349 0.00166405 0.10724 -0.203203 -0.0813991
0.44 -0.402327 -0.291558 0.00091954 0.130166 -0.181159 -0.11248
0.45 -0.317791 -0.311642 0.000144819 0.139803 -0.145215 -0.133978
0.46 -0.200176 -0.307571 -0.00081675 0.14062 -0.0929691 -0.143256
0.47 -0.0544997 -0.295685 -0.00202529 0.136761 -0.0245316 -0.140913
0.48 0.111626 -0.281817 -0.00339104 0.129502 0.0556589 -0.12873
0.49 0.286017 -0.258007 -0.00468865 0.116713 0.138738 -0.107604
0.5 0.449263 -0.210849 -0.005629 0.0944803 0.213181 -0.0775045
0.51 0.575861 -0.132702 -0.00596557 0.0598456 0.267802 -0.0392468
0.52 0.64203 -0.0271775 -0.00558825 0.013158 0.294853 0.00407767
0.53 0.636748 0.0926443 -0.00455388 -0.0410693 0.291932 0.0476459
0.54 0.567458 0.209405 -0.00304659 -0.0951315 0.26192 0.0868736
0.55 0.454481 0.306323 -0.0013051 -0.14046 0.211023 0.118962
0.56 0.317615 0.370765 0.000445289 -0.170321 0.145976 0.142746
0.57 0.165815 0.396809 0.00204179 -0.181778 0.0718807 0.157434
0.58 -0.00178746 0.386306 0.00341478 -0.17616 -0.00831495 0.161814
0.59 -0.185833 0.34753 0.00459027 -0.157918 -0.0926922 0.15481
0.6 -0.377847 0.29159 0.00564377 -0.132495 -0.178532 0.13671
0.61 -0.560319 0.228269 0.00661313 -0.104223 -0.260972 0.10974
0.62 -0.713931 0.163199 0.00742502 -0.0751688 -0.332876 0.0773481
0.63 -0.823866 0.0974409 0.00789823 -0.0453433 -0.385963 0.0429249
0.64 -0.880212 0.0294526 0.00783379 -0.0140007 -0.4127 0.0090817
0.65 -0.875306 -0.0413961 0.00713127 0.0187175 -0.408284 -0.0220784
0.66 -0.804122 -0.11144 0.00584846 0.0506705 -0.372064 -0.0483313
0.67 -0.669138 -0.171654 0.00417145 0.0777401 -0.307891 -0.0672566
0.68 -0.484408 -0.210229 0.00233233 0.095029 -0.223168 -0.0769252
0.69 -0.272967 -0.217786 0.000536668 0.0986971 -0.126932 -0.0767186
0.7 -0.058035 -0.192046 -0.00106857 0.0875684 -0.027724 -0.0675145
0.71 0.145069 -0.138959 -0.00239859 0.0637537 0.0678023 -0.0511315
0.72 0.329845 -0.0698897 -0.00342777 0.0320269 0.155035 -0.0296165
0.73 0.492674 0.00281338 -0.00417991 -0.00171733 0.230523 -0.00498542
0.74 0.626333 0.0690883 -0.00469854 -0.0322137 0.29084 0.0205464
0.75 0.718891 0.122296 -0.00500116 -0.0560731 0.332007 0.0443443
0.76 0.758219 0.159102 -0.00504864 -0.0721158 0.349875 0.0635952
0.77 0.737539 0.179069 -0.00476118 -0.0808107 0.341259 0.0759381
0.78 0.657754 0.183851 -0.00407794 -0.0831968 0.30528 0.0800043
0.79 0.526274 0.175483 -0.00301968 -0.0798485 0.244298 0.0754893
0.8 0.355035 0.154346 -0.00170946 -0.0703898 0.164047 0.0628384
0.81 0.159641 0.118499 -0.000338555 -0.0537945 0.0728846 0.0429474
0.82 -0.0410906 0.0654976 0.000897099 -0.0293117 -0.0196507 0.0171515
0.83 -0.227091 -0.00426941 0.00185184 0.00247967 -0.104521 -0.0126066
0.84 -0.380856 -0.0852414 0.00245435 0.0390694 -0.174577 -0.0437629
0.85 -0.491016 -0.167284 0.00270201 0.0762291 -0.225219 -0.073455
0.86 -0.553191 -0.238861 0.00263857 0.108986 -0.254227 -0.0990251
0.87 -0.567676 -0.290634 0.00232631 0.132942 -0.261031 -0.118389
0.88 -0.536083 -0.317507 0.00182025 0.145375 -0.245942 -0.130111
0.89 -0.45969 -0.318715 0.00115193 0.145729 -0.209799 -0.133317
0.9 -0.340588 -0.296814 0.00033069 0.13536 -0.154198 -0.127664
0.91 -0.184364 -0.256446 -0.000636236 0.11675 -0.0820974 -0.113467
0.92 -0.00196875 -0.20311 -0.0017148 0.0925592 0.00163521 -0.0918443
0.93 0.190682 -0.141881 -0.00282416 0.0649208 0.0901583 -0.0646687
0.94 0.375124 -0.0764647 -0.00383968 0.0352432 0.175251 -0.0342978
0.95 0.533403 -0.00923696 -0.00462036 0.00451837 0.248457 -0.00321822
0.96 0.650532 0.0575793 -0.00504822 -0.0260951 0.302431 0.0262081
0.97 0.715976 0.120401 -0.00506154 -0.0547876 0.332064 0.05185
0.98 0.724438 0.173711 -0.00466761 -0.0790321 0.335085 0.0718694
0.99 0.676151 0.211071 -0.00393137 -0.0960293 0.312014 0.0848555
1 0.576493 0.227241 -0.00294742 -0.103492 0.265595 0.0900263
1.01 0.434722 0.220134 -0.00180955 -0.100422 0.2 0.087376
1.02 0.262108 0.191604 -0.000591193 -0.087526 0.120119 0.0776627
1.03 0.070356 0.146851 0.000656853 -0.0671032 0.0311699 0.0622452
1.04 -0.128901 0.0929674 0.00189464 -0.0424509 -0.0613512 0.0428759
1.05 -0.323527 0.0372857 0.00307644 -0.0170391 -0.151552 0.0215426
1.06 -0.500221 -0.0139601 0.00413946 0.00622892 -0.233141 0.000356618
1.07 -0.644916 -0.056412 0.00500384 0.0254186 -0.299756 -0.0185826
1.08 -0.744626 -0.0876848 0.00558476 0.0395459 -0.345667 -0.0333891
1.09 -0.789976 -0.106839 0.00581255 0.0482414 -0.366675 -0.0426187
1.1 -0.777146 -0.113533 0.00565382 0.0513306 -0.360891 -0.0454344
1.11 -0.708384 -0.107367 0.00512513 0.0485737 -0.329129 -0.0416551
1.12 -0.591188 -0.0878397 0.00429251 0.039707 -0.27477 -0.031709
1.13 -0.436831 -0.0549916 0.0032556 0.0247549 -0.203163 -0.016556
1.14 -0.258864 -0.0103441 0.00212263 0.00443292 -0.120782 0.00238507
1.15 -0.0717432 0.0424525 0.000987263 -0.0195899 -0.03437 0.0233241
1.16 0.110429 0.0977252 -8.29264e-05 -0.0447451 0.049691 0.044243
1.17 0.274982 0.148699 -0.00104356 -0.0679621 0.125733 0.0631003
1.18 0.41131 0.188895 -0.0018616 -0.0862834 0.18891 0.0780535
1.19 0.510972 0.213471 -0.00250373 -0.0974746 0.235211 0.0876361
1.2 0.567584 0.220025 -0.00293228 -0.100416 0.261547 0.090865
1.21 0.577034 0.208668 -0.00311053 -0.0951586 0.265993 0.0872923
1.22 0.538263 0.181461 -0.0030143 -0.0826752 0.248165 0.0770329
1.23 0.454271 0.141567 -0.00264448 -0.0644448 0.209556 0.060771
1.24 0.332628 0.0924641 -0.00203522 -0.0420674 0.15366 0.0397222
1.25 0.184955 0.0375016 -0.00125398 -0.0170505 0.0857399 0.0155273
1.26 0.025419 -0.020133 -0.000392069 0.0091902 0.0122438 -0.00991218
1.27 -0.131217 -0.0771682 0.000451927 0.0351888 -0.0600055 -0.0346215
1.28 -0.27133 -0.12997 0.00119051 0.0592864 -0.124632 -0.0567253
1.29 -0.383636 -0.174503 0.00176066 0.0796241 -0.176359 -0.0745897
1.3 -0.459845 -0.206706 0.00212774 0.0943348 -0.211374 -0.0869435
1.31 -0.49491 -0.223229 0.00228013 0.101892 -0.227427 -0.092982
1.32 -0.48701 -0.222284 0.00221938 0.101488 -0.223735 -0.0924437
1.33 -0.437334 -0.204235 0.00195205 0.0932883 -0.200827 -0.0856352
1.34 -0.349777 -0.171648 0.00148754 0.0784531 -0.160434 -0.0733913
1.35 -0.230685 -0.12877 0.000842217 0.0589108 -0.105433 -0.0569788
1.36 -0.0886928 -0.0806364 4.6534e-05 0.0369661 -0.0398163 -0.0379674
1.37 0.0654893 -0.0321725 -0.0008496 0.0148826 0.0314253 -0.0180901
1.38 0.219583 0.0124515 -0.00177686 -0.00542788 0.102593 0.0009003
1.39 0.360739 0.0500788 -0.00265324 -0.022537 0.167767 0.0173792
1.4 0.476937 0.0785088 -0.00339598 -0.0354672 0.221436 0.0299943
1.41 0.558449 0.0962861 -0.00393508 -0.0435749 0.259123 0.0377896
1.42 0.598944 0.102519 -0.00422394 -0.0464524 0.277882 0.0402866
1.43 0.595967 0.0968572 -0.00424427 -0.0439234 0.276538 0.0375131
1.44 0.550803 0.0796705 -0.00400389 -0.0361389 0.255656 0.029982
1.45 0.46791 0.0523344 -0.00352973 -0.0237208 0.217305 0.0186323
1.46 0.354206 0.0174475 -0.00285928 -0.0078576 0.164699 0.00474134
1.47 0.218361 -0.0212184 -0.00203437 0.00972766 0.101852 -0.0101902
1.48 0.0701863 -0.0591284 -0.00109918 0.0269696 0.0332748 -0.0245754
1.49 -0.0799201 -0.0916804 -0.000101904 0.0417735 -0.0362589 -0.036891
1.5 -0.221503 -0.114972 0.000902585 0.0523586 -0.101932 -0.0458205
1.51 -0.344635 -0.126392 0.0018522 0.0575279 -0.15914 -0.0503726
1.52 -0.440587 -0.124871 0.00268136 0.0567917 -0.203816 -0.049964
1.53 -0.502584 -0.110791 0.00332877 0.050331 -0.232805 -0.0444642
1.54 -0.526553 -0.0856582 0.00374692 0.0388449 -0.244215 -0.0342038
1.55 -0.511671 -0.0517089 0.00391008 0.0233614 -0.237662 -0.0199456
1.56 -0.460522 -0.011586 0.00381804 0.00508302 -0.214328 -0.00281778
1.57 -0.378777 0.0318389 0.0034946 -0.0146923 -0.176808 0.0157885
1.58 -0.274436 0.0755213 0.00298166 -0.0345885 -0.12877 0.0343466
1.59 -0.156845 0.116262 0.00233133 -0.0531528 -0.0745163 0.0513317
1.6 -0.035734 0.150801 0.00159861 -0.0688973 -0.0185474 0.065354
1.61 0.0795708 0.176061 0.000836619 -0.0804149 0.0348157 0.0752751
1.62 0.180709 0.189541 9.48641e-05 -0.0865625 0.0817018 0.0803026
1.63 0.260683 0.189753 -0.000580422 -0.08666 0.118876 0.0800552
1.64 0.314174 0.176553 -0.00114585 -0.0806408 0.143875 0.0745941
1.65 0.337832 0.151238 -0.00156214 -0.0690953 0.155133 0.064413
1.66 0.330534 0.116357 -0.00179777 -0.0531866 0.152099 0.0503895
1.67 0.293553 0.0753039 -0.00183427 -0.0344638 0.135329 0.033701
1.68 0.230582 0.0318012 -0.00167102 -0.0146283 0.106505 0.0157181
1.69 0.147511 -0.0105599 -0.00132761 0.00468137 0.0683378 -0.00211601
1.7 0.0519486 -0.0486438 -0.00084224 0.0220387 0.0243389 -0.0184095
1.71 -0.0475152 -0.0799267 -0.000266536 0.0362996 -0.0215273 -0.0319398
1.72 -0.142187 -0.102533 0.000341716 0.0466155 -0.0652483 -0.0417572
1.73 -0.224134 -0.115229 0.000925879 0.0524267 -0.103157 -0.0472623
1.74 -0.286873 -0.117444 0.001436 0.0534707 -0.132247 -0.0482514
1.75 -0.3258 -0.109344 0.00183173 0.0498188 -0.150368 -0.0449242
1.76 -0.338353 -0.0919335 0.00208297 0.0419228 -0.156312 -0.0378553
1.77 -0.323988 -0.0670995 0.00216932 0.0306398 -0.14981 -0.0279348
1.78 -0.284065 -0.0375352 0.00207963 0.0171964 -0.131471 -0.0162828
1.79 -0.221683 -0.0064955 0.00181265 0.00307673 -0.102712 -0.00414467
1.8 -0.141495 0.0225906 0.00137856 -0.0101551 -0.0656663 0.00722297
1.81 -0.0494397 0.0465694 0.000800745 -0.0210608 -0.0230648 0.0166669
1.82 0.0476282 0.0629663 0.000116135 -0.0285121 0.0219309 0.0232407
1.83 0.142438 0.0702503 -0.000626583 -0.0318124 0.0659551 0.0262871
1.84 0.227901 0.0679192 -0.0013714 -0.0307347 0.105717 0.0254928
1.85 0.297746 0.0564229 -0.00206114 -0.0254875 0.138297 0.0209119
1.86 0.347087 0.0369908 -0.00264388 -0.0166335 0.161416 0.0129564
1.87 0.372836 0.0114331 -0.00307821 -0.00499796 0.173624 0.00235592
1.88 0.373896 -0.0180287 -0.00333615 0.00840914 0.174392 -0.00991072
1.89 0.351108 -0.0488954 -0.0034038 0.0224531 0.164082 -0.0227062
1.9 0.307013 -0.0785094 -0.00328026 0.035927 0.143848 -0.0348388
1.91 0.2455 -0.104201 -0.00297589 0.0476165 0.11547 -0.0451694
1.92 0.171425 -0.123492 -0.0025108 0.0563912 0.0811837 -0.052713
1.93 0.0902416 -0.134342 -0.00191388 0.0613205 0.0435087 -0.0567248
1.94 0.00766641 -0.135416 -0.00122218 0.0617944 0.00509341 -0.0567642
1.95 -0.0706597 -0.126292 -0.00047983 0.0576192 -0.0314427 -0.0527316
1.96 -0.139522 -0.107549 0.000264127 0.0490591 -0.0636713 -0.0448759
1.97 -0.194502 -0.0807098 0.000959278 0.0368095 -0.0895248 -0.0337698
1.98 -0.232323 -0.0480426 0.00155852 0.0219054 -0.10746 -0.0202578
1.99 -0.251132 -0.0122702 0.00202293 0.00558878 -0.116589 -0.00537997
2 -0.250644 0.0237436 0.00232574 -0.0108347 -0.116753 0.0097196
2.01 -0.232126 0.0572683 0.00245455 -0.0261214 -0.108514 0.0238921
2.02 -0.198206 0.0859106 0.00241146 -0.0391827 -0.0930689 0.0360822
2.03 -0.152554 0.107747 0.00221132 -0.0491443 -0.0721041 0.0454173
2.04 -0.0994824 0.121406 0.00187909 -0.0553835 -0.0476085 0.0512788
2.05 -0.043545 0.126136 0.00144694 -0.0575571 -0.0216905 0.0533516
2.06 0.0108158 0.121854 0.000951688 -0.0556263 0.00358607 0.0516445
2.07 0.0595533 0.109189 0.000432838 -0.0498751 0.0263329 0.0464833
2.08 0.0992318 0.0894771 -6.92625e-05 -0.0409102 0.0449389 0.0384752
2.09 0.127195 0.0646855 -0.000515473 -0.029627 0.0581501 0.0284499
2.1 0.141703 0.0372479 -0.000870438 -0.0171344 0.0651367 0.0173823
2.11 0.142044 0.00981771 -0.00110561 -0.00464209 0.0655448 0.00630375
2.12 0.128598 -0.0150238 -0.00120227 0.00667308 0.059527 -0.00379012
2.13 0.102811 -0.0350519 -0.00115377 0.0157971 0.0477365 -0.0120269
2.14 0.0670883 -0.0486229 -0.000966531 0.0219813 0.0312745 -0.0177322
2.15 0.0245693 -0.0548065 -0.000659296 0.0248027 0.0115901 -0.0204861
2.16 -0.0211677 -0.0534174 -0.000260863 0.0241779 -0.00965638 -0.0201548
2.17 -0.0664359 -0.0449653 0.000193163 0.0203402 -0.0307475 -0.0168972
2.18 -0.107754 -0.0305548 0.000663932 0.0137929 -0.0500557 -0.0111455
2.19 -0.142104 -0.0117619 0.00111258 0.00525309 -0.0661636 -0.00356053
2.2 -0.167108 0.00949588 0.00150281 -0.00440743 -0.0779482 0.00503106
2.21 -0.181128 0.0310964 0.00180288 -0.0142238 -0.0846279 0.0137148
2.22 -0.183306 0.0508636 0.00198713 -0.0232061 -0.0857832 0.0215727
2.23 -0.173563 0.0667406 0.00203749 -0.030418 -0.0813581 0.0277669
2.24 -0.152572 0.0769788 0.00194484 -0.0350626 -0.0716514 0.0316148
2.25 -0.12172 0.0803229 0.00171026 -0.0365674 -0.0572965 0.0326497
2.26 -0.0830194 0.0761612 0.00134562 -0.0346534 -0.0392256 0.0306613
2.27 -0.0389917 0.064608 0.000873254 -0.0293726 -0.0186124 0.0257133
2.28 0.00751113 0.0464979 0.000324418 -0.0211058 0.00320959 0.0181357
2.29 0.0535218 0.0232899 -0.000263334 -0.0105186 0.0248477 0.00849474
2.3 0.0961889 -0.00309987 -0.000849557 0.00151543 0.044959 -0.0024586
2.31 0.132992 -0.0305042 -0.00139449 0.0140085 0.0623512 -0.0138559
2.32 0.161907 -0.0567149 -0.00186228 0.0259548 0.0760626 -0.0247877
2.33 0.181512 -0.0796712 -0.00222344 0.0364163 0.0854122 -0.0343832
2.34 0.191029 -0.0976124 -0.00245649 0.044592 0.0900202 -0.0418848
2.35 0.190306 -0.109195 -0.00254882 0.0498706 0.0898033 -0.0467131
2.36 0.179779 -0.11358 -0.002497 0.0518701 0.0849563 -0.0485143
2.37 0.160414 -0.11049 -0.00230687 0.0504644 0.0759247 -0.0471883
2.38 0.133635 -0.100245 -0.00199314 0.0457975 0.0633749 -0.0428938
2.39 0.101254 -0.0837451 -0.00157876 0.0382798 0.0481575 -0.0360304
2.4 0.0653681 -0.0624178 -0.00109358 0.0285604 0.0312623 -0.0272011
2.41 0.0282466 -0.038096 -0.000572357 0.0174744 0.0137609 -0.0171565
2.42 -0.00781942 -0.0128504 -5.20758e-05 0.00596535 -0.00326219 -0.00672771
2.43 -0.0406734 0.0112138 0.000431118 -0.00500704 -0.0187851 0.00324677
2.44 -0.068445 0.0321645 0.000844976 -0.0145622 -0.0319204 0.0119937
2.45 -0.0896741 0.0484261 0.00116376 -0.0219824 -0.0419741 0.0188704
2.46 -0.103392 0.0589137 0.00137006 -0.0267733 -0.048485 0.0234183
2.47 -0.109155 0.0631055 0.00145571 -0.0286977 -0.051241 0.025398
2.48 -0.107036 0.0610554 0.00142179 -0.0277805 -0.0502754 0.0248055
2.49 -0.0975888 0.0533546 0.00127798 -0.0242909 -0.04585 0.021867
2.5 -0.0817908 0.0410562 0.00104147 -0.018708 -0.0384288 0.0170134
2.51 -0.0609832 0.0255751 0.000735556 -0.0116758 -0.0286481 0.0108369
2.52 -0.0367982 0.00856862 0.000388048 -0.00394799 -0.017282 0.00403471
2.53 -0.0110752 -0.00819761 2.94419e-05 0.00367188 -0.00520178 -0.00265635
2.54 0.0142415 -0.0229973 -0.000309198 0.010398 0.00667305 -0.00852729
2.55 0.0372248 -0.0342962 -0.000598557 0.0155317 0.0174329 -0.0129609
2.56 0.0560991 -0.0408976 -0.000813453 0.0185278 0.0262422 -0.0154867
2.57 0.0693747 -0.0420632 -0.000935005 0.0190496 0.032402 -0.0158213
2.58 0.0759638 -0.0375898 -0.000952278 0.0170047 0.0354056 -0.0138926
2.59 0.0752652 -0.0278293 -0.000863175 0.0125534 0.034977 -0.00984345
2.6 0.0672055 -0.0136485 -0.000674436 0.00609075 0.0310899 -0.00401723
2.61 0.0522389 0.00366708 -0.000400818 -0.00179725 0.0239674 0.00307517
2.62 0.0313095 0.022547 -6.36369e-05 -0.0103952 0.0140627 0.0108025
2.63 0.00578626 0.0412896 0.0003111 -0.018928 0.00202805 0.0184704
2.64 -0.022622 0.0582164 0.000694715 -0.0266317 -0.0113266 0.0253844
2.65 -0.0519663 0.0718131 0.0010579 -0.032817 -0.0250809 0.0309109
2.66 -0.0801707 0.0808494 0.00137267 -0.0369241 -0.0382585 0.0345337
2.67 -0.10516 0.0844729 0.00161425 -0.0385651 -0.0498869 0.0358982
2.68 -0.124997 0.0822759 0.00176281 -0.0375545 -0.0590627 0.034842
2.69 -0.138028 0.0743313 0.00180493 -0.0339253 -0.0650178 0.0314073
2.7 -0.143013 0.0611917 0.00173482 -0.0279292 -0.0671826 0.0258362
2.71 -0.139242 0.0438496 0.00155486 -0.0200181 -0.0652367 0.0185478
2.72 -0.126606 0.0236556 0.00127557 -0.0108072 -0.0591421 0.0101003
2.73 -0.105619 0.00219853 0.000914825 -0.00102048 -0.0491542 0.0011416
2.74 -0.0773989 -0.0188405 0.00049634 0.00857595 -0.0358078 -0.00764702
2.75 -0.0435883 -0.0378438 4.77674e-05 0.017245 -0.0198822 -0.0156101
2.76 -0.00624563 -0.0534049 -0.000401518 0.0243457 -0.00234763 -0.0221733
2.77 0.0322941 -0.0644494 -0.000822623 0.0293887 0.0156999 -0.0268913
2.78 0.0695736 -0.0703188 -0.00118915 0.032074 0.0331115 -0.0294834
2.79 0.103176 -0.0708108 -0.00147892 0.0323097 0.0487613 -0.029854
2.8 0.130888 -0.0661783 -0.0016753 0.0302108 0.0616223 -0.0280974
2.81 0.150855 -0.0570909 -0.00176826 0.0260822 0.0708382 -0.0244848
2.82 0.16172 -0.0445668 -0.0017549 0.0203872 0.0757879 -0.019437
2.83 0.162736 -0.0298807 -0.00163968 0.0137062 0.0761364 -0.0134838
2.84 0.153841 -0.0144542 -0.00143411 0.00668621 0.0718679 -0.00721467
2.85 0.135678 0.000265884 -0.00115585 -1.41301e-05 0.0632947 -0.00122573
2.86 0.109561 0.012934 -0.000827459 -0.00578194 0.0510406 0.00393385
2.87 0.0773887 0.0224254 -0.000474528 -0.0101049 0.0359977 0.00780969
2.88 0.0414996 0.0279388 -0.000123676 -0.0126178 0.019261 0.0100809
2.89 0.0045013 0.0290694 0.000199573 -0.0131363 0.00204607 0.0105864
2.9 -0.0309267 0.0258423 0.000472729 -0.0116715 -0.0144017 0.00933618
2.91 -0.0622318 0.0187034 0.000677945 -0.00842663 -0.0288999 0.00650754
2.92 -0.0871765 0.00846734 0.000803168 -0.0037727 -0.0404156 0.00242612
2.93 -0.104003 -0.00376751 0.000842805 0.00179013 -0.0481415 -0.00246597
2.94 -0.111562 -0.0167287 0.000797904 0.00768245 -0.0515558 -0.00765192
2.95 -0.10941 -0.0290892 0.000675908 0.0133001 -0.0504633 -0.0125883
2.96 -0.0978415 -0.0395862 0.000490005 0.0180685 -0.0450134 -0.0167545
2.97 -0.0778856 -0.0471299 0.000258111 0.0214915 -0.0356938 -0.0197004
2.98 -0.0512341 -0.0508949 1.52664e-06 0.0231935 -0.0232986 -0.0210858
2.99 -0.0201208 -0.0503887 -0.000256674 0.0229505 -0.00886999 -0.0207113
3 0.0128486 -0.0454942 -0.000493441 0.0207093 0.00638014 -0.0185347
3.01 0.0448997 -0.0364815 -0.000687572 0.016593 0.0211654 -0.0146746
3.02 0.0733108 -0.0239866 -0.000821411 0.0108912 0.0342273 -0.00939877
3.03 0.0956309 -0.00895766 -0.000882241 0.00403595 0.044436 -0.00310022
3.04 0.109877 0.00742851 -0.000863246 -0.00343675 0.0508809 0.00373817
3.05 0.114691 0.0238727 -0.000763954 -0.0109349 0.0529437 0.0105861
3.06 0.109452 0.039071 -0.000590163 -0.0178645 0.0503482 0.0169123
3.07 0.0943278 0.0518322 -0.000353391 -0.0236829 0.0431832 0.0222301
3.08 0.0702664 0.0611819 -6.99338e-05 -0.0279463 0.0318992 0.0261391
3.09 0.0389334 0.066444 0.00024037 -0.0303467 0.0172768 0.0283584
3.1 0.00259178 0.0672914 0.000555586 -0.0307352 0.000371085 0.0287493
3.11 -0.0360639 0.0637657 0.000853245 -0.0291308 -0.0175658 0.0273247
3.12 -0.0741097 0.0562642 0.00111195 -0.0257146 -0.0351784 0.024246
3.13 -0.108617 0.0454988 0.00131292 -0.0208106 -0.0511124 0.0198065
3.14 -0.136881 0.0324302 0.00144139 -0.0148564 -0.0641199 0.0144039
3.15 -0.156638 0.0181837 0.0014877 -0.00836432 -0.0731592 0.00850401
3.16 -0.166246 0.00395204 0.00144808 -0.00187768 -0.0774789 0.00259905
3.17 -0.164821 -0.00910732 0.00132483 0.00407638 -0.0766793 -0.00283523
3.18 -0.152311 -0.0199723 0.00112619 0.00903222 -0.0707455 -0.00738061
3.19 -0.1295 -0.0278446 0.000865567 0.0126261 -0.06005 -0.0107115
3.2 -0.0979526 -0.0322177 0.00056053 0.014627 -0.0453251 -0.0126212
3.21 -0.0598934 -0.0329171 0.000231411 0.0149555 -0.0276066 -0.0130372
3.22 -0.0180377 -0.0301093 -0.000100189 0.0136871 -0.00815555 -0.0120246
3.23 0.0246139 -0.0242779 -0.000412942 0.011042 0.0116377 -0.00977687
3.24 0.0650035 -0.0161711 -0.000687272 0.00736084 0.0303583 -0.00659546
3.25 0.100248 -0.0067259 -0.000906683 0.00307019 0.0466745 -0.00286058
3.26 0.127858 0.00302137 -0.00105886 -0.00135819 0.0594391 0.00100507
3.27 0.145932 0.0120307 -0.00113648 -0.00545089 0.0677772 0.00457547
3.28 0.153301 0.0193513 -0.00113768 -0.00877511 0.0711541 0.0074602
3.29 0.149618 0.0242041 -0.00106612 -0.0109763 0.0694161 0.00933963
3.3 0.135387 0.0260488 -0.000930617 -0.0118085 0.0628019 0.00999317
3.31 0.111918 0.0246295 -0.000744429 -0.0111553 0.0519224 0.00931836
3.32 0.081219 0.0199964 -0.000524138 -0.00903953 0.0377104 0.0073391
3.33 0.0458349 0.0125004 -0.000288322 -0.00562111 0.0213452 0.00420247
3.34 0.00864274 0.00276119 -5.60947e-05 -0.00118227 0.0041579 0.000164593
3.35 -0.0273776 -0.008389 0.000154354 0.00389798 -0.0124742 -0.00443305
3.36 -0.0593773 -0.0199817 0.000327103 0.00917852 -0.0272362 -0.00919467
3.37 -0.0848609 -0.0310006 0.000449624 0.0141965 -0.0389776 -0.0137058
3.38 -0.101879 -0.040474 0.000513636 0.0185093 -0.0468013 -0.0175699
3.39 -0.109175 -0.0475615 0.000515624 0.0217344 -0.0501319 -0.0204436
3.4 -0.106286 -0.0516275 0.000457025 0.0235823 -0.0487589 -0.0220663
3.41 -0.0935677 -0.0522943 0.000344053 0.0238811 -0.0428516 -0.0222825
3.42 -0.0721676 -0.0494718 0.000187184 0.0225899 -0.0329442 -0.0210545
3.43 -0.0439299 -0.0433605 3.24693e-07 0.0198002 -0.0198915 -0.018465
3.44 -0.0112452 -0.0344314 -0.000200272 0.0157266 -0.00480015 -0.0147085
3.45 0.0231427 -0.0233822 -0.000397286 0.0106868 0.0110615 -0.0100738
3.46 0.0563584 -0.011076 -0.000573682 0.00507412 0.0263654 -0.00491807
3.47 0.0856257 0.00153322 -0.000714034 -0.000676998 0.0398305 0.000364707
3.48 0.108489 0.013483 -0.000805714 -0.00612805 0.0503251 0.00537779
3.49 0.12301 0.0238842 -0.00083983 -0.0108741 0.056956 0.00975563
3.5 0.127913 0.0319973 -0.000811877 -0.0145779 0.0591385 0.0131945
3.51 0.122689 0.0372934 -0.000722024 -0.0169987 0.056641 0.0154771
3.52 0.107627 0.0394973 -0.000575073 -0.0180109 0.0496009 0.0164897
3.53 0.0837923 0.0386061 -0.000380064 -0.0176131 0.0385129 0.0162294
3.54 0.0529333 0.0348831 -0.0001496 -0.0159251 0.0241882 0.0148014
3.55 0.0173481 0.0288278 0.000101082 -0.0131743 0.00769029 0.0124079
3.56 -0.0202996 0.0211253 0.000355216 -0.00967245 -0.00974903 0.00932742
3.57 -0.0571897 0.0125804 0.000595725 -0.00578624 -0.0268263 0.00588864
3.58 -0.0905659 0.00404398 0.000806464 -0.0019029 -0.0422682 0.00243987
3.59 -0.117951 -0.00366415 0.000973388 0.00160423 -0.0549309 -0.000682426
3.6 -0.137337 -0.00982647 0.00108557 0.00440847 -0.0638883 -0.00318359
3.61 -0.147342 -0.0138895 0.00113598 0.00625779 -0.0685024 -0.00483644
3.62 -0.147307 -0.0155099 0.00112194 0.00699586 -0.0684705 -0.00550048
3.63 -0.137342 -0.0145822 0.0010453 0.00657461 -0.0638453 -0.00513302
3.64 -0.118312 -0.0112451 0.000912192 0.00505709 -0.0550265 -0.00379147
3.65 -0.0917521 -0.00586568 0.000732531 0.0026105 -0.0427253 -0.00162648
3.66 -0.0597492 0.000995885 0.000519244 -0.000510202 -0.027906 0.00113303
3.67 -0.0247668 0.00864005 0.00028728 -0.00398648 -0.0117072 0.00420174
3.68 0.0105482 0.0162932 5.25121e-05 -0.00746609 0.00464767 0.00726449
3.69 0.0435727 0.0231794 -0.000169407 -0.0105957 0.0199466 0.0100053
3.7 0.0719098 0.0285912 -0.000364159 -0.0130534 0.0330819 0.012136
3.71 0.0935711 0.0319535 -0.000519763 -0.0145773 0.0431345 0.0134223
3.72 0.107124 0.032874 -0.000627401 -0.0149888 0.0494421 0.0137041
3.73 0.111797 0.0311768 -0.000682003 -0.0142081 0.051647 0.0129103
3.74 0.107523 0.0269161 -0.000682552 -0.0122599 0.0497181 0.011064
3.75 0.0949407 0.0203698 -0.000632075 -0.00927092 0.0439486 0.00828062
3.76 0.0753241 0.0120137 -0.000537332 -0.005458 0.0349263 0.00475722
3.77 0.050475 0.00247959 -0.000408222 -0.00110887 0.0234823 0.000754783
3.78 0.0225689 -0.0075008 -0.000256965 0.00344308 0.0106208 -0.00342469
3.79 -0.0060236 -0.0171589 -9.71236e-05 0.00784775 -0.00256399 -0.00746455
3.8 -0.0329276 -0.0257556 5.74557e-05 0.0117685 -0.0149753 -0.0110609
3.81 -0.0559521 -0.0326452 0.000193693 0.0149111 -0.025601 -0.0139483
3.82 -0.0732595 -0.0373292 0.000300251 0.0170486 -0.0335919 -0.0159224
3.83 -0.0835049 -0.0394985 0.000368363 0.01804 -0.0383257 -0.0168559
3.84 -0.0859334 -0.0390564 0.000392458 0.0178413 -0.0394528 -0.0167089
3.85 -0.0804308 -0.0361242 0.000370543 0.0165077 -0.0369189 -0.0155302
3.86 -0.0675223 -0.0310259 0.000304322 0.0141867 -0.0309651 -0.0134521
3.87 -0.0483209 -0.0242561 0.000199034 0.0111037 -0.0221042 -0.0106767
3.88 -0.0244311 -0.0164337 6.30241e-05 0.00754039 -0.011076 -0.00745766
3.89 0.00218559 -0.00824539 -9.29106e-05 0.00380959 0.0012142 -0.00407685
3.9 0.029371 -0.000384543 -0.000256367 0.000227093 0.01377 -0.000819419
3.91 0.0549434 0.00650872 -0.000414291 -0.00291556 0.0255834 0.00205114
3.92 0.0768702 0.011902 -0.000553979 -0.00537586 0.0357149 0.00431548
3.93 0.0934246 0.0154147 -0.000664039 -0.00698038 0.0433656 0.00581657
3.94 0.103317 0.0168479 -0.000735237 -0.00763849 0.0479382 0.00647211
3.95 0.105788 0.0161984 -0.000761174 -0.00734859 0.0490796 0.00627996
3.96 0.100657 0.0136546 -0.000738746 -0.00619639 0.0467053 0.00531651
3.97 0.0883322 0.00957602 -0.000668354 -0.00434551 0.0410005 0.00372795
3.98 0.0697612 0.00445735 -0.000553857 -0.00202113 0.0324021 0.00171558
3.99 0.0463547 -0.00111911 -0.000402275 0.000511688 0.0215604 -0.000483592
4 0.0198672 -0.00653824 -0.000223269 0.0029729 0.0092853 -0.00261917
