0.01 0.0963264 0.00554235 0.00360729 -0.00449298 0.155199 -0.0142735
0.02 0.464172 0.0388083 0.00882521 -0.0247307 0.363671 -0.0602926
0.03 1.00307 0.131829 0.00603913 -0.0678709 0.403342 -0.113613
0.04 1.32932 0.285818 0.00249415 -0.126527 0.475682 -0.15867
0.05 1.18561 0.434964 0.00484121 -0.179778 0.446445 -0.156649
0.06 0.690369 0.47814 0.00333821 -0.202338 0.323074 -0.108652
0.07 0.292493 0.369435 0.00184746 -0.177497 0.295655 -0.0652944
0.08 0.231366 0.168158 0.00347069 -0.106519 0.155778 -0.0321621
0.09 0.319653 -0.0216698 -0.000293907 -0.00784587 0.0742487 -0.0148881
0.1 0.22339 -0.158773 -0.00236539 0.0926738 -0.0198682 0.0145428
0.11 -0.302147 -0.287162 0.000500872 0.172439 -0.247832 0.0883808
0.12 -1.02194 -0.443567 -0.00268332 0.218423 -0.387939 0.165429
0.13 -1.55353 -0.572143 -0.00727783 0.229245 -0.620399 0.22356
0.14 -1.77966 -0.571841 -0.00888832 0.214602 -0.802007 0.239441
0.15 -1.74368 -0.434531 -0.0144704 0.192253 -0.858838 0.214255
0.16 -1.74626 -0.296395 -0.0160168 0.180503 -0.957689 0.2043
0.17 -1.83129 -0.308773 -0.010897 0.186631 -0.870019 0.202583
0.18 -1.77707 -0.458413 -0.0101454 0.199587 -0.762469 0.19609
0.19 -1.51375 -0.554169 -0.00835719 0.19526 -0.637341 0.164849
0.2 -0.950842 -0.419555 -0.0033994 0.152277 -0.386257 0.0785357
0.21 -0.353426 -0.085724 -0.00403012 0.0673834 -0.256984 -0.00874184
0.22 0.0303585 0.237105 -0.00340202 -0.041462 -0.0648529 -0.0724956
0.23 0.28503 0.382466 0.000765238 -0.146097 0.114297 -0.108369
0.24 0.42004 0.388903 -7.93024e-05 -0.22253 0.213751 -0.115908
0.25 0.715591 0.415836 0.00168043 -0.258125 0.441263 -0.151923
0.26 1.19879 0.523482 0.00799843 -0.251377 0.567341 -0.195989
0.27 1.61475 0.589006 0.00886255 -0.209826 0.702284 -0.217878
0.28 1.90549 0.465289 0.0106312 -0.149363 0.830239 -0.209358
0.29 1.79355 0.189386 0.0141802 -0.0919286 0.766429 -0.14292
0.3 1.41636 -0.0232087 0.0110604 -0.0562974 0.735139 -0.0801527
0.31 1.05178 -0.00943831 0.0091249 -0.0457359 0.574281 -0.0434209
0.32 0.698913 0.150438 0.00923121 -0.0442775 0.364848 -0.0156227
0.33 0.545509 0.210875 0.00309259 -0.0274582 0.247921 -0.000850379
0.34 0.312896 0.0275991 -0.000461047 0.0192406 0.0303684 0.0542391
0.35 -0.108201 -0.286753 0.00093829 0.088589 -0.0645239 0.117435
0.36 -0.470665 -0.489228 -0.00103423 0.156088 -0.144951 0.144867
0.37 -0.776466 -0.4623 -1.82516e-05 0.195562 -0.26297 0.144012
0.38 -0.719101 -0.308022 0.00199869 0.192045 -0.242115 0.0905212
0.39 -0.507806 -0.193137 -0.00381427 0.145101 -0.319724 0.047935
0.4 -0.51313 -0.148097 -0.00718192 0.0655133 -0.334711 0.0334058
0.41 -0.59858 -0.0587489 -0.00589079 -0.028775 -0.290988 0.00816574
0.42 -0.792469 0.155885 -0.00728986 -0.115382 -0.30392 -0.0170392
0.43 -0.621774 0.410177 -0.00471378 -0.172939 -0.131314 -0.0887096
0.44 0.0182497 0.530056 -0.000193867 -0.190926 0.0167746 -0.165936
0.45 0.627394 0.448045 -0.00147195 -0.176745 0.185954 -0.195445
0.46 1.09009 0.282822 0.00128528 -0.152028 0.411163 -0.203294
0.47 1.06406 0.212751 0.00753064 -0.138859 0.456732 -0.167336
0.48 0.862855 0.291563 0.00757997 -0.145033 0.542515 -0.147334
0.49 0.948076 0.409188 0.00812213 -0.1595 0.541644 -0.153424
0.5 1.05326 0.42209 0.00786484 -0.160888 0.453675 -0.12672
0.51 1.19094 0.290989 0.00215504 -0.130754 0.452766 -0.0877855
0.52 0.957789 0.0841855 0.00240393 -0.0628231 0.313318 0.000895774
0.53 0.382701 -0.121361 0.00683562 0.0345358 0.229896 0.0941885
0.54 0.0565432 -0.305401 0.00567557 0.141424 0.156867 0.133829
0.55 -0.155095 -0.473377 0.00530519 0.232569 -0.0211586 0.165863
0.56 -0.151745 -0.599298 0.00398502 0.285366 -0.0974464 0.168248
0.57 -0.312755 -0.633042 -0.00328529 0.289006 -0.299257 0.191485
0.58 -0.954697 -0.559987 -0.00566852 0.249982 -0.498442 0.238271
0.59 -1.4822 -0.426902 -0.00576872 0.188822 -0.610136 0.232352
0.6 -1.85004 -0.298698 -0.0111776 0.129589 -0.781642 0.206541
0.61 -1.75527 -0.203997 -0.0125471 0.0882574 -0.755802 0.132572
0.62 -1.31271 -0.134594 -0.0113888 0.0664191 -0.708579 0.053845
0.63 -1.15198 -0.0823927 -0.0129607 0.0533244 -0.648352 0.0290244
0.64 -0.985704 -0.0470351 -0.00900331 0.0330027 -0.46333 -0.0083522
0.65 -0.932052 -0.00328899 -0.00447086 -0.00771149 -0.403084 -0.0342291
0.66 -0.775039 0.104565 -0.00677291 -0.0717229 -0.26462 -0.0859842
0.67 -0.26869 0.299939 -0.00598108 -0.147266 -0.133446 -0.160798
0.68 0.0101123 0.508044 -0.00386368 -0.210405 -0.0865607 -0.169489
0.69 0.29105 0.589241 -0.00524131 -0.235222 0.0900215 -0.159274
0.7 0.445445 0.467752 -0.000756902 -0.207772 0.166466 -0.110455
0.71 0.474752 0.219685 0.00480888 -0.135021 0.284722 -0.0587029
0.72 0.830003 0.00584857 0.00537043 -0.0411498 0.440844 -0.0597183
0.73 0.997357 -0.0886277 0.00956087 0.0457186 0.441994 -0.0279734
0.74 1.10965 -0.125411 0.0125438 0.106178 0.505911 0.00809908
0.75 1.07349 -0.210004 0.00871436 0.134547 0.431498 0.0703537
0.76 0.626319 -0.340349 0.00781286 0.136263 0.290287 0.154128
0.77 0.366083 -0.399425 0.00680173 0.123012 0.224227 0.162547
0.78 0.0358467 -0.310655 0.00183523 0.109318 0.0403751 0.15853
0.79 -0.146788 -0.162573 0.00253145 0.10784 -0.0105471 0.129426
0.8 -0.0334987 -0.129683 0.00318267 0.121347 -0.046755 0.0978466
0.81 -0.17149 -0.262912 -0.00112468 0.137157 -0.127271 0.114955
0.82 -0.178959 -0.398978 -0.000620098 0.1314 -0.0794434 0.0793831
0.83 -0.346372 -0.317663 -6.00658e-05 0.0838678 -0.159595 0.0264333
0.84 -0.597364 0.0145883 -0.00393644 -0.00596563 -0.187691 -0.0491012
0.85 -0.453653 0.393116 -0.00404428 -0.115629 -0.173058 -0.145278
0.86 -0.426586 0.582318 -0.00562323 -0.212426 -0.23872 -0.162415
0.87 -0.209158 0.549677 -0.0107908 -0.271179 -0.134069 -0.178758
0.88 -0.0297319 0.464374 -0.00792244 -0.283861 -0.0770015 -0.186099
0.89 -0.0838717 0.474402 -0.00250271 -0.25738 0.0179447 -0.189292
0.9 0.261903 0.532632 -0.00039669 -0.205706 0.211185 -0.23479
0.91 0.540418 0.476147 0.00487058 -0.144878 0.264521 -0.209509
0.92 0.890148 0.253277 0.00636532 -0.0911085 0.394842 -0.157154
0.93 1.14821 0.0134973 0.00292182 -0.0559902 0.428811 -0.0883544
0.94 0.817714 -0.0564496 0.00560034 -0.0390206 0.363193 0.00321546
0.95 0.65266 0.0426198 0.00821593 -0.0249479 0.39087 0.0196211
0.96 0.49446 0.107889 0.00632431 0.00782866 0.292364 0.052923
0.97 0.526644 -0.0432845 0.00797365 0.0707846 0.288146 0.0967042
0.98 0.842579 -0.366611 0.00773337 0.153694 0.304246 0.135071
0.99 0.628421 -0.633275 0.0048185 0.22891 0.208393 0.211511
1 0.387153 -0.666314 0.008351 0.267812 0.213452 0.206254
1.01 0.038928 -0.502355 0.00909757 0.256171 0.0761545 0.172063
1.02 -0.328227 -0.31337 0.0030143 0.198866 -0.0604268 0.133196
1.03 -0.240893 -0.20402 -0.000592823 0.113852 -0.138822 0.0694731
1.04 -0.490539 -0.12589 -0.00580743 0.0232742 -0.334274 0.0735699
1.05 -0.739006 0.0125126 -0.0114494 -0.052318 -0.373808 0.042267
1.06 -0.930887 0.199137 -0.00884004 -0.0984283 -0.430656 -0.017572
1.07 -1.18963 0.320336 -0.00723099 -0.11175 -0.466601 -0.0684407
1.08 -0.838519 0.299766 -0.00986292 -0.102726 -0.355725 -0.154469
1.09 -0.630053 0.196935 -0.00793253 -0.0910993 -0.370749 -0.154874
1.1 -0.545209 0.145953 -0.00781371 -0.0942699 -0.304689 -0.131398
1.11 -0.470042 0.210536 -0.00984126 -0.115151 -0.269557 -0.119166
1.12 -0.777968 0.322816 -0.00621046 -0.1395 -0.32303 -0.0797239
1.13 -0.618425 0.362166 -0.0054494 -0.144794 -0.22527 -0.0989698
1.14 -0.398748 0.269856 -0.00740798 -0.113444 -0.214864 -0.0667134
1.15 -0.219111 0.0785103 -0.00276735 -0.0423769 -0.122177 0.00769674
1.16 0.197096 -0.144862 0.00114172 0.0552699 0.0362831 0.0658097
1.17 0.171662 -0.351502 0.00298508 0.155465 0.0705519 0.156747
1.18 0.350799 -0.507171 0.0090502 0.231739 0.214906 0.163775
1.19 0.514792 -0.574162 0.0102402 0.264543 0.233476 0.156105
1.2 0.386337 -0.53223 0.00692144 0.249408 0.199238 0.176299
1.21 0.525336 -0.414246 0.00793541 0.198963 0.227859 0.164433
1.22 0.284343 -0.292305 0.0055963 0.136316 0.105977 0.199765
1.23 0.177879 -0.21268 0.00126481 0.0832255 0.108012 0.170031
1.24 0.263817 -0.156205 0.00302492 0.0495677 0.0988191 0.088179
1.25 0.0479702 -0.0783061 0.0026874 0.0306417 0.0424417 0.031232
1.26 0.199548 0.0226276 0.000542696 0.0128095 0.116641 -0.0596431
1.27 0.108501 0.105015 0.00258443 -0.018311 0.041049 -0.0758693
1.28 -0.0239735 0.157515 -0.000332383 -0.0711725 0.00921088 -0.091393
1.29 0.0564698 0.24011 -0.00623434 -0.143558 -0.0231286 -0.152717
1.3 -0.334804 0.4144 -0.00611676 -0.220659 -0.175224 -0.176944
1.31 -0.43716 0.632874 -0.00777449 -0.278058 -0.171066 -0.238358
1.32 -0.534353 0.737902 -0.00979758 -0.291278 -0.230731 -0.227661
1.33 -0.588272 0.60846 -0.0061309 -0.249606 -0.22191 -0.161224
1.34 -0.115186 0.302962 -0.00560767 -0.16455 -0.0904147 -0.130728
1.35 -0.0424064 0.0223696 -0.00518626 -0.0646831 -0.0788544 -0.0629799
1.36 0.0945843 -0.0852889 0.00172503 0.0199732 0.0510841 -0.055372
1.37 0.168778 -0.0655733 0.00478903 0.0729454 0.100161 -0.0326171
1.38 -0.00814388 -0.0814386 0.00418912 0.0956479 0.085849 0.0530855
1.39 0.360057 -0.208714 0.00609062 0.100319 0.185195 0.0967062
1.4 0.457301 -0.347637 0.00370754 0.100472 0.148595 0.170917
1.41 0.531905 -0.35736 0.00244664 0.106239 0.218466 0.174569
1.42 0.686683 -0.246389 0.00884428 0.12268 0.304411 0.126463
1.43 0.468774 -0.176894 0.0112973 0.147007 0.304054 0.128561
1.44 0.785197 -0.264158 0.0104027 0.165827 0.437433 0.0899682
1.45 0.966763 -0.410342 0.0114404 0.157945 0.415838 0.0957628
1.46 0.911186 -0.387815 0.00732001 0.106577 0.380368 0.0735697
1.47 0.887038 -0.094724 0.00316706 0.0140585 0.346095 -0.0238144
1.48 0.242559 0.309663 0.00415085 -0.094658 0.143185 -0.0719047
1.49 -0.0221532 0.554107 -0.000145466 -0.184592 0.0757386 -0.145896
1.5 -0.116133 0.527041 -0.00614718 -0.230221 -0.0483411 -0.157248
1.51 -0.300371 0.367969 -0.00655672 -0.227408 -0.159036 -0.125184
1.52 -0.122098 0.285405 -0.008645 -0.190156 -0.140216 -0.157495
1.53 -0.487236 0.322271 -0.00842978 -0.138219 -0.262084 -0.143963
1.54 -0.721593 0.338434 -0.00364147 -0.0877602 -0.277659 -0.158114
1.55 -0.753507 0.2118 -0.00566952 -0.0487183 -0.326088 -0.135192
1.56 -1.02194 0.00231141 -0.00965942 -0.0243537 -0.450735 -0.0295551
1.57 -0.810366 -0.11965 -0.00873052 -0.00961537 -0.422605 0.0189255
1.58 -0.934849 -0.0878743 -0.00979012 0.00945545 -0.497264 0.0920224
1.59 -1.01872 -0.0326212 -0.00832371 0.0495727 -0.455677 0.116854
1.6 -0.706494 -0.134451 -0.00157063 0.1173 -0.321987 0.10996
1.61 -0.658318 -0.40999 3.23854e-05 0.199667 -0.264379 0.180697
1.62 -0.117654 -0.678295 0.00151432 0.268213 -0.0438168 0.199622
1.63 0.218583 -0.742559 0.00710767 0.294562 0.0595001 0.23079
1.64 0.284026 -0.579066 0.00723786 0.266525 0.133331 0.221375
1.65 0.615264 -0.332457 0.0065578 0.193451 0.256387 0.126835
1.66 0.423047 -0.147582 0.00827329 0.0986475 0.204131 0.0970541
1.67 0.506609 -0.0419155 0.00450741 0.00740288 0.268395 0.0399821
1.68 0.625361 0.0549629 0.00209457 -0.061592 0.283613 0.0110958
1.69 0.491357 0.177326 0.00473433 -0.100351 0.25065 1.14372e-05
1.7 0.81883 0.278127 0.0029456 -0.112576 0.340979 -0.10102
1.71 0.656903 0.303768 0.0017143 -0.111749 0.257885 -0.145619
1.72 0.457586 0.276171 0.00359984 -0.115246 0.218271 -0.191769
1.73 0.289146 0.272643 -0.000529946 -0.134399 0.138575 -0.202384
1.74 -0.308347 0.33332 -0.00437445 -0.166058 -0.0795379 -0.132525
1.75 -0.344816 0.41354 -0.00518716 -0.193018 -0.154273 -0.136351
1.76 -0.562661 0.431545 -0.0104577 -0.193391 -0.326715 -0.109073
1.77 -0.823324 0.344604 -0.012168 -0.152888 -0.420838 -0.0886702
1.78 -0.789724 0.169119 -0.00760559 -0.0729546 -0.393015 -0.0745337
1.79 -1.14763 -0.0534475 -0.00640975 0.0293544 -0.45322 0.037639
1.8 -0.889027 -0.279864 -0.0041258 0.127958 -0.332193 0.0887744
1.81 -0.529577 -0.454388 0.00012083 0.196878 -0.267869 0.134937
1.82 -0.386665 -0.512683 -0.00156413 0.219924 -0.231572 0.157754
1.83 -0.0141296 -0.432651 -0.000815936 0.197802 -0.0866683 0.109712
1.84 -0.267725 -0.278835 0.00404565 0.147754 -0.0894303 0.143995
1.85 -0.165052 -0.164033 0.00353412 0.0946732 0.0434427 0.142557
1.86 0.321284 -0.144534 0.00407187 0.0576831 0.1969 0.127669
1.87 0.665803 -0.163666 0.00736944 0.0402617 0.293488 0.112164
1.88 1.38575 -0.120389 0.00692124 0.0311032 0.53093 -0.0041032
1.89 1.38831 0.0102146 0.00994508 0.0136345 0.590748 -0.0547449
1.9 1.20898 0.151547 0.0150198 -0.0240627 0.647657 -0.0977588
1.91 1.27765 0.230226 0.0115024 -0.0840631 0.680957 -0.134899
1.92 1.02139 0.278141 0.0067048 -0.158026 0.527226 -0.11315
1.93 1.20679 0.390395 0.00380501 -0.228876 0.478112 -0.180163
1.94 0.912087 0.576798 -0.00212236 -0.273948 0.301912 -0.205929
1.95 0.2494 0.697157 -0.00266804 -0.272577 0.120239 -0.200031
1.96 -0.0294529 0.589412 -1.32267e-05 -0.217918 0.0521096 -0.191722
1.97 -0.537013 0.262335 -0.0037243 -0.124409 -0.143684 -0.0843206
1.98 -0.434754 -0.0778547 -0.00587749 -0.0227368 -0.197646 -0.0453609
1.99 -0.404388 -0.221749 -0.00513747 0.0564937 -0.301528 -0.011773
2 -0.90196 -0.166274 -0.00796344 0.0995579 -0.478409 0.0382275
2.01 -1.10307 -0.101075 -0.0075352 0.113914 -0.514435 0.0430005
2.02 -1.62909 -0.184866 -0.0059053 0.117941 -0.660826 0.141418
2.03 -1.58816 -0.370355 -0.0102111 0.127072 -0.653547 0.194664
2.04 -1.08812 -0.478128 -0.0100768 0.146898 -0.5497 0.203501
2.05 -0.921268 -0.423181 -0.00490517 0.174109 -0.490054 0.215557
2.06 -0.365965 -0.316514 -0.00237641 0.199733 -0.236853 0.135719
2.07 -0.239947 -0.316683 0.00313571 0.210155 -0.091347 0.126366
2.08 -0.054131 -0.413384 0.00785356 0.188937 0.0688469 0.117402
2.09 0.540564 -0.415216 0.0051533 0.125163 0.273939 0.0684916
2.1 0.653561 -0.170803 0.00482957 0.0246567 0.294739 0.0526237
2.11 1.06479 0.232561 0.00659355 -0.0868448 0.420153 -0.0588184
2.12 1.10086 0.531902 0.00391061 -0.174658 0.44698 -0.12317
2.13 0.843489 0.55148 0.00468629 -0.214415 0.423631 -0.136781
2.14 1.03041 0.371886 0.00665167 -0.20515 0.510337 -0.166601
2.15 0.793037 0.221077 0.00365669 -0.165857 0.420877 -0.116664
2.16 0.876365 0.223094 0.00422414 -0.120591 0.397621 -0.138805
2.17 0.836496 0.291297 0.0050018 -0.0854023 0.305435 -0.15585
2.18 0.217521 0.267769 -0.000414211 -0.0642754 0.0632526 -0.111951
2.19 -0.103345 0.122824 -0.00317677 -0.0522752 -0.0676754 -0.0937277
2.2 -0.858963 -0.0236658 -0.00488408 -0.0395463 -0.334871 0.0171848
2.21 -1.25991 -0.0679825 -0.0102431 -0.0136206 -0.506788 0.0801668
2.22 -1.1636 -0.0591006 -0.0103992 0.0359458 -0.560609 0.0911619
2.23 -1.34846 -0.137404 -0.00836612 0.109177 -0.675911 0.13597
2.24 -1.07238 -0.354104 -0.00972298 0.190099 -0.583841 0.115019
2.25 -1.18812 -0.590063 -0.00590046 0.250991 -0.550768 0.165514
2.26 -1.31868 -0.668559 -0.00148062 0.266231 -0.501828 0.205026
2.27 -0.857275 -0.529862 -0.00290575 0.227186 -0.330605 0.166315
2.28 -0.654738 -0.27529 -0.00190606 0.146814 -0.293456 0.15107
2.29 -0.0126043 -0.0513149 -0.00094383 0.0514386 -0.110647 0.0498347
2.3 0.325423 0.0800476 -0.00266057 -0.0325318 0.0525406 -0.0049494
2.31 0.253931 0.152455 0.00217573 -0.0888866 0.168712 -0.0117978
2.32 0.730771 0.21278 0.00816111 -0.115373 0.440469 -0.0733726
2.33 0.995259 0.265099 0.00833786 -0.1216 0.560809 -0.0837564
2.34 1.64543 0.296434 0.010608 -0.123667 0.721749 -0.163013
2.35 2.11034 0.321362 0.0116408 -0.1365 0.827467 -0.226853
2.36 1.66521 0.369943 0.0084083 -0.165058 0.719631 -0.201168
2.37 1.36119 0.437748 0.00936128 -0.199805 0.682877 -0.202867
2.38 0.731369 0.474558 0.00836375 -0.220672 0.485805 -0.128846
2.39 0.497993 0.432375 0.00144768 -0.207539 0.303295 -0.0975025
2.4 0.695789 0.309959 -0.00101037 -0.151394 0.21264 -0.106021
2.41 0.219909 0.138223 -0.00140713 -0.0594999 -0.0169368 -0.0379759
2.42 -0.122966 -0.0623942 -0.00313316 0.0476756 -0.105146 -0.0076521
2.43 -0.784768 -0.281153 -0.000148919 0.14401 -0.256784 0.0873691
2.44 -1.28634 -0.472907 -0.000297172 0.206254 -0.438693 0.165771
2.45 -1.02147 -0.551939 -0.00708966 0.222412 -0.475871 0.151211
2.46 -1.16963 -0.467536 -0.00924743 0.197116 -0.639979 0.174824
2.47 -1.159 -0.284548 -0.00969158 0.150171 -0.662644 0.136815
2.48 -1.35058 -0.152153 -0.0109656 0.106901 -0.630435 0.136869
2.49 -1.64215 -0.162764 -0.00657922 0.0836704 -0.614026 0.167868
2.5 -0.978794 -0.250632 -0.00374044 0.0784143 -0.367271 0.103743
2.51 -0.413311 -0.25851 -0.00461724 0.074026 -0.201868 0.0682627
2.52 0.294892 -0.110061 0.000120222 0.0512649 0.0164291 -0.0246385
2.53 0.782796 0.108263 0.00458305 0.00107709 0.253768 -0.102194
2.54 0.535502 0.254252 0.00461593 -0.0713154 0.30252 -0.0899409
2.55 0.780042 0.298367 0.00702391 -0.150627 0.455051 -0.13109
2.56 0.896996 0.344706 0.00607611 -0.217613 0.489546 -0.126181
2.57 1.13684 0.472923 0.00207251 -0.252917 0.492694 -0.1533
2.58 1.54222 0.598974 0.00480622 -0.241899 0.583126 -0.202882
2.59 1.15477 0.544116 0.0073471 -0.182415 0.491725 -0.14406
2.6 0.990385 0.250468 0.00636458 -0.0903941 0.482918 -0.110234
2.61 0.661026 -0.112457 0.00814802 0.00403058 0.395237 -0.0290903
2.62 0.252806 -0.297504 0.00625375 0.0717481 0.186248 0.0405502
2.63 0.291079 -0.233725 0.000268508 0.101784 0.0745293 0.0289724
2.64 -0.296387 -0.0964962 -0.00115678 0.1059 -0.206143 0.088079
2.65 -0.750015 -0.10919 -0.00430458 0.107027 -0.406198 0.116091
2.66 -1.19203 -0.300492 -0.00960895 0.122143 -0.533803 0.168484
2.67 -1.75331 -0.49066 -0.00858301 0.152687 -0.708725 0.236472
2.68 -1.48353 -0.511294 -0.00810488 0.187328 -0.652919 0.189249
2.69 -1.36346 -0.39276 -0.00922977 0.210747 -0.642611 0.168683
2.7 -1.07749 -0.300987 -0.0056579 0.209075 -0.580128 0.112582
2.71 -0.732635 -0.312182 -0.00491782 0.171791 -0.420154 0.0611369
2.72 -0.967469 -0.307825 -0.00685313 0.0956008 -0.403958 0.0778535
2.73 -0.672887 -0.121862 -0.00376267 -0.00946474 -0.241414 0.00632471
2.74 -0.401812 0.23586 -0.00277905 -0.118146 -0.1116 -0.0476059
2.75 0.0471336 0.551927 -0.00405568 -0.198718 0.00518312 -0.117847
2.76 0.858501 0.620254 0.000134368 -0.230079 0.272035 -0.200647
2.77 0.955793 0.453338 0.00308975 -0.214154 0.387351 -0.169711
2.78 1.18532 0.257096 0.00530383 -0.172729 0.568472 -0.173021
2.79 1.26408 0.207319 0.0119284 -0.132056 0.698379 -0.15448
2.8 1.22539 0.283361 0.0130722 -0.107398 0.662326 -0.132349
2.81 1.6662 0.330267 0.00896067 -0.097701 0.701312 -0.164023
2.82 1.40929 0.251177 0.00790599 -0.0911714 0.545816 -0.093186
2.83 0.991096 0.0985621 0.00504698 -0.0737061 0.384284 -0.0302434
2.84 0.452311 -0.0217003 0.00231623 -0.0344421 0.26987 0.0401097
2.85 -0.269942 -0.0909504 0.00490547 0.0302905 0.0393408 0.123922
2.86 -0.123439 -0.186292 0.00325056 0.11318 -0.0152271 0.103105
2.87 -0.137128 -0.359035 -0.00126657 0.194878 -0.131778 0.128542
2.88 -0.291599 -0.543755 -0.000769929 0.249258 -0.270043 0.14659
2.89 -0.556146 -0.611562 -0.00226767 0.255483 -0.311846 0.152309
2.9 -1.37121 -0.501231 -0.00483439 0.210005 -0.500635 0.198781
2.91 -1.43551 -0.275978 -0.00439931 0.12896 -0.541548 0.134577
2.92 -1.24373 -0.0545676 -0.00873244 0.0395815 -0.547714 0.0740092
2.93 -0.972792 0.0904654 -0.0133324 -0.0330214 -0.561699 0.0161599
2.94 -0.48153 0.160971 -0.00984954 -0.0761499 -0.376105 -0.0591632
2.95 -0.665025 0.188844 -0.00618092 -0.0922546 -0.283198 -0.0444306
2.96 -0.458141 0.198566 -0.00287803 -0.0949423 -0.097013 -0.0894393
2.97 0.0379554 0.214651 0.00276844 -0.10163 0.128328 -0.140093
2.98 0.47219 0.269725 0.00219863 -0.124505 0.208712 -0.169065
2.99 1.1791 0.372548 0.000221306 -0.162638 0.385532 -0.228169
3 1.04444 0.473275 0.00378146 -0.200642 0.405393 -0.175294
3.01 0.784066 0.490041 0.00467554 -0.215759 0.396462 -0.126796
3.02 0.756276 0.385958 0.00455468 -0.190079 0.467102 -0.0912175
3.03 0.652552 0.20718 0.00759413 -0.120824 0.398741 -0.030946
3.04 1.14094 0.0283547 0.00673542 -0.0218333 0.450674 -0.0421496
3.05 1.12606 -0.128985 0.006075 0.0832315 0.418259 0.0194822
3.06 0.718934 -0.296235 0.00988954 0.169797 0.2804 0.0976004
3.07 0.371336 -0.472644 0.00827652 0.219649 0.215689 0.145273
3.08 -0.338889 -0.575288 0.00375899 0.226185 -0.0251708 0.216774
3.09 -0.445053 -0.514108 0.00160084 0.197042 -0.183508 0.182864
3.1 -0.564683 -0.3187 -0.00424776 0.152363 -0.311481 0.158983
3.11 -0.901951 -0.150016 -0.00820877 0.115886 -0.498054 0.158058
3.12 -0.927748 -0.148177 -0.00631242 0.100897 -0.485501 0.123286
3.13 -1.30997 -0.27401 -0.00733169 0.10127 -0.532663 0.140117
3.14 -1.21168 -0.336141 -0.00803932 0.0958266 -0.499793 0.0739881
3.15 -0.864106 -0.192379 -0.00496786 0.0634467 -0.37579 -0.0161795
3.16 -0.760382 0.0953534 -0.00634639 -0.00209856 -0.381365 -0.0684112
3.17 -0.339346 0.332038 -0.00802654 -0.0885378 -0.25792 -0.1434
3.18 -0.412596 0.405769 -0.00600417 -0.173571 -0.207901 -0.127287
3.19 -0.409329 0.394222 -0.00736293 -0.235674 -0.16767 -0.13102
3.2 -0.0834947 0.437159 -0.00641181 -0.259678 0.0140029 -0.167511
3.21 0.0568548 0.535645 -0.00029172 -0.238668 0.0837997 -0.161031
3.22 0.703999 0.5319 0.00197658 -0.176201 0.269526 -0.188387
3.23 1.02733 0.306461 0.00417058 -0.0889452 0.417506 -0.12863
3.24 1.03231 -0.04296 0.00893705 -0.00407132 0.433986 -0.0422168
3.25 1.09757 -0.270746 0.00890886 0.0531727 0.52014 -0.000495417
3.26 0.670086 -0.239691 0.00881429 0.0748013 0.418787 0.0670596
3.27 0.651424 -0.0729351 0.0105748 0.074868 0.336687 0.0631205
3.28 0.65959 -0.0213425 0.00618343 0.0784204 0.283731 0.0902956
3.29 0.413911 -0.192037 0.00250023 0.1028 0.116884 0.158263
3.3 0.377016 -0.442747 0.00379856 0.145845 0.101914 0.17475
3.31 -0.140903 -0.552564 0.00290968 0.189527 0.00907657 0.211083
3.32 -0.358977 -0.461472 0.00356513 0.212755 -0.0751124 0.163058
3.33 -0.260891 -0.304487 0.00494732 0.201289 -0.0675489 0.0905187
3.34 -0.370393 -0.221197 -0.00090525 0.150714 -0.208522 0.0681939
3.35 -0.239659 -0.184158 -0.00632368 0.0660799 -0.244849 0.013568
3.36 -0.647136 -0.0521486 -0.00691051 -0.0378075 -0.31963 0.00783877
3.37 -1.05072 0.225779 -0.00941658 -0.136801 -0.420106 -0.0394467
3.38 -0.939155 0.511716 -0.00939979 -0.204279 -0.336145 -0.132909
3.39 -0.793844 0.610743 -0.00683913 -0.224496 -0.320084 -0.167902
3.4 -0.140883 0.480127 -0.00861688 -0.202368 -0.184219 -0.213852
3.41 0.155292 0.274513 -0.00689947 -0.160539 -0.0247048 -0.185258
3.42 0.0374019 0.180988 -0.000638557 -0.124873 0.00936379 -0.138276
3.43 0.144063 0.235014 0.00113351 -0.108532 0.14796 -0.145288
3.44 0.0651465 0.313987 0.00224592 -0.106356 0.154923 -0.111215
3.45 0.441762 0.290013 0.00333618 -0.101664 0.170496 -0.102849
3.46 0.756057 0.153505 6.10131e-05 -0.0774478 0.250061 -0.0451373
3.47 0.582231 -0.0158399 0.00125329 -0.0246916 0.199419 0.0613013
3.48 0.582409 -0.161346 0.00737366 0.0539219 0.278834 0.105058
3.49 0.352795 -0.295922 0.00895955 0.144128 0.300585 0.157165
3.5 0.485229 -0.441813 0.0103242 0.223237 0.278911 0.151501
3.51 0.814259 -0.562845 0.0112512 0.267164 0.334903 0.137052
3.52 0.606232 -0.585383 0.00666842 0.261123 0.205068 0.179119
3.53 0.408679 -0.478471 0.0044923 0.20779 0.120499 0.171365
3.54 -0.144558 -0.289938 0.00417389 0.126511 0.0098449 0.168994
3.55 -0.535053 -0.100273 -0.00113972 0.0439368 -0.167396 0.114686
3.56 -0.401914 0.04133 -0.00438175 -0.0184188 -0.17159 0.0129506
3.57 -0.469767 0.127869 -0.00459618 -0.0526178 -0.248468 -0.0244696
3.58 -0.328069 0.165226 -0.00728119 -0.0649524 -0.252423 -0.0730764
3.59 -0.421833 0.164594 -0.00620411 -0.070822 -0.198895 -0.0855032
3.6 -0.678032 0.165069 -0.00377589 -0.0868989 -0.268404 -0.100236
3.61 -0.532699 0.227121 -0.007 -0.121971 -0.218728 -0.172348
3.62 -0.609562 0.369463 -0.00823109 -0.170243 -0.253749 -0.187506
3.63 -0.49046 0.516799 -0.00758332 -0.211904 -0.293404 -0.192943
3.64 -0.382518 0.544219 -0.00983308 -0.222272 -0.216202 -0.150353
3.65 -0.506331 0.396398 -0.00777599 -0.185808 -0.233672 -0.065701
3.66 -0.22239 0.151293 -0.00287679 -0.105878 -0.106938 -0.0447013
3.67 -0.08511 -0.0569998 -0.00106322 -0.00291762 0.0164786 -0.00582903
3.68 0.168336 -0.175213 0.00378755 0.0962496 0.0757463 0.0203295
3.69 0.52564 -0.265193 0.0086525 0.169468 0.230172 0.0589038
3.7 0.480988 -0.392674 0.00709797 0.205212 0.219333 0.153326
3.71 0.598549 -0.511769 0.00695748 0.203371 0.230661 0.186077
3.72 0.463465 -0.503176 0.00757381 0.174109 0.243707 0.200213
3.73 0.264616 -0.334408 0.00497396 0.135805 0.15092 0.176431
3.74 0.384398 -0.140457 0.00604963 0.108151 0.203346 0.118996
3.75 0.323341 -0.0996905 0.00739636 0.100595 0.182283 0.121988
3.76 0.517648 -0.2288 0.00393909 0.104434 0.177352 0.0979022
3.77 0.55522 -0.339945 0.00354425 0.096725 0.229862 0.0636232
3.78 0.251959 -0.231792 0.00437294 0.0559337 0.119928 0.00933656
3.79 0.121124 0.0889675 0.000855577 -0.0215564 0.0844036 -0.097109
3.8 -0.216707 0.408954 -0.00109964 -0.117738 -0.0222838 -0.140837
3.81 -0.302971 0.534343 -0.00446089 -0.20421 -0.171298 -0.164143
3.82 -0.276087 0.482911 -0.0114303 -0.257274 -0.187855 -0.165361
3.83 -0.540447 0.425265 -0.011824 -0.266149 -0.293789 -0.143705
3.84 -0.576056 0.4563 -0.00822937 -0.232341 -0.280286 -0.177349
3.85 -0.694429 0.477609 -0.00683854 -0.165895 -0.22541 -0.174532
3.86 -0.580215 0.333953 -0.00345067 -0.0840664 -0.237282 -0.142206
3.87 -0.191525 0.0342836 -0.00205142 -0.00926431 -0.124642 -0.0865799
3.88 -0.16877 -0.220446 -0.00477893 0.0393669 -0.133773 0.0152027
3.89 -0.139329 -0.249843 -0.00245844 0.0574294 -0.130246 0.0571602
3.9 -0.29767 -0.102404 0.00129053 0.0595988 -0.0685055 0.0834449
3.91 -0.36995 -0.0117018 0.00105173 0.0702797 -0.0954716 0.107529
3.92 0.0482465 -0.143128 0.00328429 0.105336 0.0373515 0.120674
3.93 0.343809 -0.416813 0.00512369 0.159525 0.137124 0.182768
3.94 0.672899 -0.601352 0.00507158 0.210128 0.218439 0.201185
3.95 0.778537 -0.560238 0.0100215 0.231821 0.371369 0.177084
3.96 0.618938 -0.370359 0.0134941 0.210328 0.356274 0.132127
3.97 0.739842 -0.198104 0.0101766 0.146868 0.384075 0.049679
3.98 0.708695 -0.101783 0.00729177 0.0544581 0.35527 0.0210043
3.99 0.663884 0.00393986 0.0033866 -0.0471505 0.22702 -0.00123782
4 0.537575 0.198906 -0.00191896 -0.135058 0.207514 -0.042171
