0.01 3.1496e-05 -7.99486e-07 -1.52113e-07 1.84781e-07 9.44231e-06 -3.16371e-06
0.02 0.000169597 -7.10838e-06 -9.28811e-07 1.55023e-06 4.69709e-05 -1.69552e-05
0.03 0.00048584 -3.17541e-05 -2.70804e-06 6.45912e-06 0.000121996 -4.91562e-05
0.04 0.00102071 -9.65384e-05 -5.33028e-06 1.82363e-05 0.000231003 -0.00010574
0.05 0.00178062 -0.000227351 -8.51215e-06 4.01593e-05 0.000366669 -0.000189522
0.06 0.00275272 -0.000445428 -1.22095e-05 7.48853e-05 0.000528868 -0.000300759
0.07 0.00391347 -0.00075832 -1.64029e-05 0.000124086 0.000722901 -0.000437267
0.08 0.00522172 -0.00115386 -2.10095e-05 0.000187266 0.000947104 -0.000593114
0.09 0.00662364 -0.00159985 -2.58822e-05 0.000260119 0.00118985 -0.000759516
0.1 0.0080521 -0.0020506 -3.07779e-05 0.000334425 0.00143284 -0.000925376
0.11 0.00943044 -0.00245852 -3.55091e-05 0.000400731 0.00165967 -0.00107878
0.12 0.0106766 -0.00278573 -3.99536e-05 0.000452224 0.00186003 -0.00120855
0.13 0.0117014 -0.00301037 -4.38603e-05 0.000486601 0.00202485 -0.00130464
0.14 0.0124154 -0.00312518 -4.68248e-05 0.000504512 0.00214191 -0.00135881
0.15 0.0127393 -0.00313116 -4.84041e-05 0.000506487 0.00219561 -0.00136509
0.16 0.012619 -0.00303109 -4.82555e-05 0.000491553 0.0021727 -0.00132048
0.17 0.0120379 -0.00282682 -4.62842e-05 0.000458482 0.00206904 -0.00122577
0.18 0.011018 -0.00252046 -4.26431e-05 0.000407729 0.00189053 -0.0010854
0.19 0.00961345 -0.00211785 -3.7602e-05 0.000341767 0.00164946 -0.000907001
0.2 0.00789819 -0.0016322 -3.14591e-05 0.000263845 0.00135922 -0.000700454
0.21 0.00595537 -0.00108678 -2.44942e-05 0.000177137 0.00103182 -0.000477005
0.22 0.00387173 -0.000515267 -1.69473e-05 8.55226e-05 0.000679144 -0.000248642
0.23 0.00173503 4.15517e-05 -9.04618e-06 -5.15581e-06 0.000314888 -2.73411e-05
0.24 -0.000366809 0.000542853 -1.0343e-06 -8.74614e-05 -4.50057e-05 0.000175808
0.25 -0.00234767 0.000956566 6.81422e-06 -0.000154822 -0.000384207 0.00035162
0.26 -0.00412735 0.00126586 1.41801e-05 -0.000204146 -0.000688613 0.00049367
0.27 -0.00563683 0.00147023 2.07225e-05 -0.000236323 -0.000947691 0.000598649
0.28 -0.00682451 0.00158129 2.61374e-05 -0.000254366 -0.00115438 0.000666324
0.29 -0.00766199 0.00161606 3.0209e-05 -0.0002611 -0.00130445 0.000699237
0.3 -0.00814801 0.00159168 3.2845e-05 -0.000258347 -0.0013966 0.000702335
0.31 -0.00830918 0.00152318 3.409e-05 -0.000247699 -0.00143354 0.000682555
0.32 -0.00819596 0.00142409 3.41109e-05 -0.000231469 -0.00142277 0.000648177
0.33 -0.00787447 0.00130827 3.31624e-05 -0.000212686 -0.00137576 0.000607959
0.34 -0.00741608 0.00119144 3.15339e-05 -0.000194353 -0.0013054 0.000570149
0.35 -0.00688795 0.00109144 2.94837e-05 -0.000179006 -0.00122318 0.000541616
0.36 -0.00634737 0.00102669 2.72002e-05 -0.000168919 -0.00113775 0.000527271
0.37 -0.00584024 0.00101272 2.48128e-05 -0.000166349 -0.00105547 0.000529741
0.38 -0.00540199 0.00105768 2.2437e-05 -0.000173023 -0.000981759 0.000549216
0.39 -0.00505822 0.0011586 2.02148e-05 -0.000189027 -0.000921596 0.000583425
0.4 -0.00482354 0.00130058 1.83107e-05 -0.000212064 -0.000878535 0.000627792
0.41 -0.00469902 0.00145949 1.68645e-05 -0.000237862 -0.000853209 0.000675872
0.42 -0.00466985 0.00160747 1.59381e-05 -0.00026152 -0.000842686 0.000720037
0.43 -0.00470512 0.0017187 1.54918e-05 -0.000278864 -0.000841168 0.000752317
0.44 -0.0047602 0.00177338 1.53952e-05 -0.000287041 -0.000841313 0.000765201
0.45 -0.00478148 0.00175914 1.54539e-05 -0.000284346 -0.000835137 0.000752336
0.46 -0.00471297 0.00167009 1.54378e-05 -0.000269822 -0.000814343 0.000709101
0.47 -0.00450361 0.00150495 1.51089e-05 -0.000243052 -0.000770753 0.000633079
0.48 -0.00411409 0.00126548 1.42582e-05 -0.000204177 -0.000697428 0.000524396
0.49 -0.00352175 0.000956015 1.27428e-05 -0.000153959 -0.000590159 0.000385836
0.5 -0.00272223 0.000584264 1.05037e-05 -9.37945e-05 -0.000448357 0.000222683
0.51 -0.00172798 0.000162845 7.55325e-06 -2.578e-05 -0.000274731 4.2295e-05
0.52 -0.000565136 -0.000289485 3.94113e-06 4.71492e-05 -7.41316e-05 -0.000146499
0.53 0.000729699 -0.000748025 -2.71581e-07 0.000121144 0.000147423 -0.000334085
0.54 0.00211134 -0.0011843 -5.01071e-06 0.000191661 0.000382914 -0.00051078
0.55 0.00352703 -0.00156991 -1.01644e-05 0.000254061 0.000623939 -0.000667547
0.56 0.0049176 -0.00188094 -1.55588e-05 0.000304386 0.000860565 -0.000796697
0.57 0.00621999 -0.00210143 -2.09548e-05 0.000340024 0.00108192 -0.000892491
0.58 0.00737144 -0.002225 -2.60686e-05 0.000359981 0.00127733 -0.000951571
0.59 0.00831481 -0.00225419 -3.06067e-05 0.000364747 0.00143741 -0.000973149
0.6 0.00900395 -0.00219826 -3.43008e-05 0.00035587 0.00155477 -0.000958957
0.61 0.0094081 -0.00207049 -3.69371e-05 0.000335481 0.00162443 -0.000913007
0.62 0.00951444 -0.00188595 -3.8377e-05 0.000305949 0.00164403 -0.00084118
0.63 0.0093284 -0.00166041 -3.85663e-05 0.000269753 0.00161413 -0.000750701
0.64 0.00887163 -0.00141024 -3.75303e-05 0.000229503 0.00153812 -0.000649494
0.65 0.00817845 -0.00115254 -3.53565e-05 0.000187978 0.00142175 -0.000545477
0.66 0.00729175 -0.000904907 -3.21729e-05 0.000148043 0.00127226 -0.000445876
0.67 0.00625926 -0.000684216 -2.8133e-05 0.000112414 0.00109764 -0.000356629
0.68 0.00513096 -0.00050452 -2.34121e-05 8.33241e-05 0.000906083 -0.00028194
0.69 0.00395718 -0.000374696 -1.82114e-05 6.21804e-05 0.000705838 -0.000224019
0.7 0.00278688 -0.00029661 -1.27617e-05 4.9306e-05 0.00050506 -0.000182996
0.71 0.00166545 -0.000264543 -7.31612e-06 4.38338e-05 0.000311485 -0.000157004
0.72 0.000631923 -0.0002662 -2.13027e-06 4.38175e-05 0.000131864 -0.000142459
0.73 -0.0002841 -0.000285061 2.5657e-06 4.65773e-05 -2.86599e-05 -0.00013448
0.74 -0.00106479 -0.000303382 6.59501e-06 4.92069e-05 -0.000166984 -0.000127455
0.75 -0.00170518 -0.000304966 9.85302e-06 4.90779e-05 -0.000282155 -0.000115654
0.76 -0.00221241 -0.000277004 1.23117e-05 4.41667e-05 -0.000375176 -9.38397e-05
0.77 -0.00260342 -0.000210757 1.40104e-05 3.31358e-05 -0.000448604 -5.78147e-05
0.78 -0.00290156 -0.000101387 1.50381e-05 1.52476e-05 -0.000506049 -4.86541e-06
0.79 -0.00313289 5.25035e-05 1.55136e-05 -9.73572e-06 -0.000551645 6.59269e-05
0.8 -0.00332298 0.000249083 1.55698e-05 -4.15585e-05 -0.000589546 0.000153535
0.81 -0.00349457 0.000483068 1.53434e-05 -7.93895e-05 -0.000623496 0.000255015
0.82 -0.00366624 0.00074528 1.49696e-05 -0.000121735 -0.000656549 0.000365723
0.83 -0.00385175 0.00102241 1.45797e-05 -0.000166431 -0.000690931 0.000479688
0.84 -0.00405957 0.00129746 1.42969e-05 -0.000210744 -0.000728007 0.000590115
0.85 -0.00429244 0.00155109 1.42281e-05 -0.000251589 -0.000768239 0.000689943
0.86 -0.00454668 0.00176373 1.44518e-05 -0.000285837 -0.0008111 0.000772442
0.87 -0.00481179 0.0019181 1.50024e-05 -0.000310698 -0.000854954 0.000831769
0.88 -0.00507052 0.00200148 1.58592e-05 -0.000324093 -0.000897027 0.000863467
0.89 -0.00530009 0.00200714 1.69434e-05 -0.000324928 -0.000933578 0.000864845
0.9 -0.00547432 0.00193471 1.81271e-05 -0.000313161 -0.000960283 0.000835208
0.91 -0.00556654 0.00178957 1.92526e-05 -0.00028969 -0.000972758 0.000775911
0.92 -0.00555265 0.00158151 2.01539e-05 -0.000256113 -0.000967067 0.000690238
0.93 -0.00541358 0.00132344 2.06759e-05 -0.000214495 -0.000940113 0.000583136
0.94 -0.00513696 0.0010302 2.06871e-05 -0.0001672 -0.000889885 0.000460802
0.95 -0.00471785 0.000717826 2.0086e-05 -0.000116791 -0.000815561 0.000330193
0.96 -0.0041586 0.000402937 1.88035e-05 -6.59443e-05 -0.000717528 0.000198466
0.97 -0.00346835 0.000101994 1.6805e-05 -1.73194e-05 -0.000597329 7.24198e-05
0.98 -0.00266239 -0.00016969 1.4092e-05 2.66151e-05 -0.000457565 -4.20202e-05
0.99 -0.00176159 -0.000399277 1.07057e-05 6.37967e-05 -0.00030178 -0.000140233
1 -0.000791814 -0.000577812 6.73047e-06 9.27853e-05 -0.000134344 -0.0002192
1.01 0.000216831 -0.000701349 2.2953e-06 0.000112937 3.96743e-05 -0.000277664
1.02 0.00123119 -0.000771447 -2.42859e-06 0.000124486 0.000214682 -0.000316122
1.03 0.00221679 -0.000794813 -7.23768e-06 0.000128502 0.000384837 -0.00033668
1.04 0.00314 -0.000782135 -1.19125e-05 0.000126706 0.00054441 -0.000342763
1.05 0.00397035 -0.000746392 -1.62377e-05 0.000121193 0.000688191 -0.000338722
1.06 0.00468246 -0.000701048 -2.00215e-05 0.00011413 0.000811832 -0.000329359
1.07 0.00525739 -0.00065852 -2.31093e-05 0.000107505 0.000912077 -0.00031944
1.08 0.00568316 -0.000629121 -2.53916e-05 0.000102961 0.000986832 -0.000313211
1.09 0.00595458 -0.000620492 -2.68052e-05 0.000101712 0.00103514 -0.000313996
1.1 0.00607262 -0.000637346 -2.73312e-05 0.000104511 0.00105709 -0.00032387
1.11 0.0060437 -0.00068134 -2.69925e-05 0.000111628 0.00105369 -0.000343475
1.12 0.00587889 -0.000750938 -2.58506e-05 0.000122821 0.00102677 -0.000371956
1.13 0.00559335 -0.000841312 -2.40033e-05 0.000137318 0.000978871 -0.000407056
1.14 0.00520562 -0.000944408 -2.15814e-05 0.000153828 0.000913124 -0.000445333
1.15 0.00473686 -0.00104937 -1.8742e-05 0.00017061 0.000833102 -0.000482497
1.16 0.00420967 -0.00114346 -1.5659e-05 0.000185618 0.000742639 -0.000513819
1.17 0.00364676 -0.00121338 -1.25099e-05 0.000196717 0.000645595 -0.00053459
1.18 0.00306937 -0.00124687 -9.46015e-06 0.000201938 0.000545606 -0.000540569
1.19 0.00249595 -0.00123424 -6.64892e-06 0.000199724 0.000445843 -0.000528401
1.2 0.00194107 -0.00116956 -4.17816e-06 0.00018912 0.000348835 -0.00049595
1.21 0.00141502 -0.0010512 -2.10714e-06 0.000169873 0.000256386 -0.000442538
1.22 0.000923832 -0.00088193 -4.52883e-07 0.000142432 0.000169581 -0.000369039
1.23 0.000469795 -0.00066835 8.05003e-07 0.000107872 8.8871e-05 -0.000277857
1.24 5.20743e-05 -0.000420196 1.71718e-06 6.77612e-05 1.41831e-05 -0.000172758
1.25 -0.000332604 -0.000149466 2.35715e-06 2.40292e-05 -5.49687e-05 -5.85902e-05
1.26 -0.000689377 0.000130389 2.81457e-06 -2.11653e-05 -0.000119388 5.90814e-05
1.27 -0.00102472 0.000405262 3.18896e-06 -6.55567e-05 -0.000180109 0.000174406
1.28 -0.00134589 0.000661196 3.58307e-06 -0.000106902 -0.000238297 0.000281694
1.29 -0.00166017 0.000885299 4.09491e-06 -0.000143124 -0.000295125 0.000375851
1.3 -0.00197401 0.00106673 4.80845e-06 -0.000172476 -0.000351619 0.000452753
1.31 -0.00229205 0.00119766 5.78394e-06 -0.000193697 -0.000408495 0.000509537
1.32 -0.00261616 0.00127409 7.04958e-06 -0.000206137 -0.000466008 0.000544782
1.33 -0.0029448 0.00129621 8.59626e-06 -0.000209825 -0.000523843 0.000558567
1.34 -0.0032728 0.00126832 1.03768e-05 -0.000205451 -0.000581076 0.000552399
1.35 -0.00359149 0.00119825 1.23098e-05 -0.000194271 -0.000636207 0.000529032
1.36 -0.00388935 0.00109635 1.42875e-05 -0.00017795 -0.000687263 0.000492179
1.37 -0.00415283 0.000974268 1.6186e-05 -0.000158362 -0.000731938 0.000446156
1.38 -0.00436732 0.000843794 1.78756e-05 -0.0001374 -0.000767761 0.000395486
1.39 -0.00451803 0.000715806 1.92307e-05 -0.000116812 -0.000792253 0.000344495
1.4 -0.00459093 0.000599497 2.01379e-05 -9.80703e-05 -0.000803073 0.000296949
1.41 -0.00457351 0.000501829 2.05023e-05 -8.22918e-05 -0.000798162 0.000255741
1.42 -0.00445569 0.00042717 2.02535e-05 -7.0179e-05 -0.000775877 0.00022268
1.43 -0.00423064 0.000377068 1.9351e-05 -6.19848e-05 -0.000735143 0.00019838
1.44 -0.00389566 0.000350173 1.77889e-05 -5.74974e-05 -0.000675587 0.000182258
1.45 -0.00345291 0.000342328 1.55989e-05 -5.60545e-05 -0.00059766 0.000172655
1.46 -0.00290981 0.000346931 1.28506e-05 -5.65988e-05 -0.000502705 0.000167043
1.47 -0.0022791 0.000355569 9.64903e-06 -5.77822e-05 -0.000392952 0.000162323
1.48 -0.00157841 0.000358939 6.12734e-06 -5.81128e-05 -0.000271447 0.00015516
1.49 -0.000829396 0.00034793 2.43765e-06 -5.6129e-05 -0.000141899 0.000142343
1.5 -5.6531e-05 0.000314715 -1.26031e-06 -5.05758e-05 -8.48251e-06 0.000121132
1.51 0.000714215 0.000253689 -4.81052e-06 -4.05557e-05 0.000124394 8.95534e-05
1.52 0.0014568 0.000162106 -8.07066e-06 -2.56307e-05 0.000252322 4.66255e-05
1.53 0.00214642 4.03473e-05 -1.092e-05 -5.86735e-06 0.000371117 -7.50671e-06
1.54 0.00276076 -0.000108152 -1.32651e-05 1.81777e-05 0.000477022 -7.15427e-05
1.55 0.00328105 -0.000277265 -1.50429e-05 4.55156e-05 0.000566888 -0.000143103
1.56 0.003693 -0.000458708 -1.62235e-05 7.48137e-05 0.000638327 -0.000218904
1.57 0.0039876 -0.000642691 -1.68097e-05 0.000104499 0.000689834 -0.000295016
1.58 0.00416163 -0.000818616 -1.6837e-05 0.000132868 0.000720874 -0.000367175
1.59 0.00421778 -0.000975832 -1.63703e-05 0.000158212 0.000731902 -0.000431135
1.6 0.00416446 -0.00110442 -1.54992e-05 0.000178935 0.000724325 -0.000483012
1.61 0.00401509 -0.00119598 -1.43305e-05 0.000193687 0.000700376 -0.000519601
1.62 0.00378698 -0.00124439 -1.29792e-05 0.000201483 0.000662935 -0.000538635
1.63 0.00349993 -0.00124638 -1.15585e-05 0.000201798 0.000615289 -0.00053897
1.64 0.00317467 -0.00120192 -1.01705e-05 0.000194624 0.000560874 -0.000520664
1.65 0.00283133 -0.00111421 -8.89856e-06 0.000180478 0.000503027 -0.000484971
1.66 0.00248807 -0.000989381 -7.80193e-06 0.000160346 0.000444749 -0.000434221
1.67 0.00215989 -0.000835906 -6.91309e-06 0.000135591 0.000388524 -0.000371627
1.68 0.00185779 -0.000663764 -6.23756e-06 0.000107821 0.000336173 -0.000301014
1.69 0.0015882 -0.000483552 -5.75564e-06 7.87378e-05 0.00028877 -0.000226508
1.7 0.00135281 -0.000305606 -5.42552e-06 5.00052e-05 0.000246605 -0.000152206
1.71 0.00114857 -0.000139238 -5.18754e-06 2.31199e-05 0.000209202 -8.18611e-05
1.72 0.000968227 7.88865e-06 -4.9694e-06 -6.8576e-07 0.000175398 -1.85987e-05
1.73 0.000801085 0.000130222 -4.69234e-06 -2.05178e-05 0.000143476 3.52951e-05
1.74 0.000634167 0.000224625 -4.2782e-06 -3.58693e-05 0.000111357 7.85133e-05
1.75 0.000453607 0.000290514 -3.65698e-06 -4.66424e-05 7.68266e-05 0.000110775
1.76 0.000246185 0.000329813 -2.77411e-06 -5.31423e-05 3.77876e-05 0.000132781
1.77 8.44585e-07 0.000346707 -1.59672e-06 -5.60373e-05 -7.49039e-06 0.000146087
1.78 -0.000289977 0.000347176 -1.17915e-07 -5.62853e-05 -6.01549e-05 0.000152896
1.79 -0.000629326 0.000338345 1.64144e-06 -5.50284e-05 -0.000120607 0.000155813
1.8 -0.00101512 0.000327698 3.63362e-06 -5.34669e-05 -0.000188403 0.000157553
1.81 -0.00143999 0.000322251 5.78726e-06 -5.27263e-05 -0.000262235 0.000160666
1.82 -0.00189151 0.000327795 8.01241e-06 -5.37351e-05 -0.000339972 0.000167265
1.83 -0.0023529 0.000348294 1.02067e-05 -5.71286e-05 -0.000418778 0.00017882
1.84 -0.00280397 0.000385516 1.22621e-05 -6.31886e-05 -0.000495273 0.000196004
1.85 -0.00322244 0.0004389 1.40717e-05 -7.1823e-05 -0.000565748 0.000218622
1.86 -0.00358538 0.000505659 1.55366e-05 -8.25832e-05 -0.000626412 0.000245623
1.87 -0.00387087 0.000581076 1.65721e-05 -9.47112e-05 -0.000673652 0.000275198
1.88 -0.00405958 0.000658947 1.71141e-05 -0.00010721 -0.000704305 0.000304937
1.89 -0.00413634 0.000732116 1.7123e-05 -0.000118933 -0.000715908 0.00033206
1.9 -0.00409139 0.000793091 1.65881e-05 -0.000128677 -0.000706903 0.000353669
1.91 -0.00392134 0.000834693 1.55283e-05 -0.00013529 -0.000676788 0.000367025
1.92 -0.00362957 0.000850703 1.39909e-05 -0.000137776 -0.000626189 0.000369799
1.93 -0.00322621 0.000836465 1.20492e-05 -0.000135387 -0.000556839 0.0003603
1.94 -0.00272752 0.000789377 9.79623e-06 -0.000127706 -0.00047149 0.000337647
1.95 -0.0021549 0.000709209 7.33882e-06 -0.000114698 -0.000373732 0.000301862
1.96 -0.00153347 0.000598206 4.78996e-06 -9.67264e-05 -0.000267766 0.000253898
1.97 -0.000890503 0.000460942 2.26167e-06 -7.45279e-05 -0.00015814 0.00019558
1.98 -0.000253629 0.000303961 -1.41798e-07 -4.91567e-05 -4.94562e-05 0.000129472
1.99 0.000350868 0.000135224 -2.32979e-06 -2.18944e-05 5.391e-05 5.86895e-05
2 0.000899698 -3.6547e-05 -4.23005e-06 5.85513e-06 0.000148083 -1.33414e-05
2.01 0.00137398 -0.000202562 -5.79229e-06 3.26778e-05 0.000229915 -8.31432e-05
2.02 0.00176036 -0.00035463 -6.99033e-06 5.7256e-05 0.000297173 -0.000147449
2.03 0.0020517 -0.000485747 -7.82277e-06 7.84627e-05 0.000348646 -0.000203446
2.04 0.00224733 -0.000590562 -8.31182e-06 9.54367e-05 0.000384188 -0.000248967
2.05 0.00235276 -0.000665718 -8.50042e-06 0.000107637 0.000404674 -0.000282643
2.06 0.00237898 -0.000710031 -8.44767e-06 0.000114871 0.000411872 -0.000303966
2.07 0.00234127 -0.000724514 -8.22307e-06 0.000117299 0.000408258 -0.000313292
2.08 0.00225771 -0.000712216 -7.90001e-06 0.000115409 0.000396771 -0.000311767
2.09 0.00214757 -0.000677903 -7.54924e-06 0.000109966 0.00038054 -0.000301191
2.1 0.00202958 -0.000627575 -7.23296e-06 0.000101933 0.000362611 -0.000283826
2.11 0.00192036 -0.000567878 -6.99996e-06 9.23755e-05 0.000345685 -0.00026218
2.12 0.00183309 -0.000505464 -6.88217e-06 8.23635e-05 0.000331904 -0.000238765
2.13 0.00177647 -0.000446364 -6.89262e-06 7.28656e-05 0.000322676 -0.000215879
2.14 0.00175406 -0.000395452 -7.02499e-06 6.46649e-05 0.000318576 -0.000195403
2.15 0.00176409 -0.000356043 -7.2545e-06 5.82942e-05 0.000319311 -0.000178645
2.16 0.00179966 -0.000329665 -7.54015e-06 5.39997e-05 0.00032376 -0.000166251
2.17 0.00184944 -0.000316011 -7.82819e-06 5.17326e-05 0.000330078 -0.000158167
2.18 0.0018987 -0.000313058 -8.05669e-06 5.11694e-05 0.000335878 -0.000153678
2.19 0.00193065 -0.000317336 -8.16084e-06 5.17545e-05 0.000338444 -0.000151507
2.2 0.00192806 -0.00032431 -8.07878e-06 5.27614e-05 0.000334993 -0.000149961
2.21 0.0018748 -0.000328847 -7.75725e-06 5.33678e-05 0.000322938 -0.000147119
2.22 0.00175749 -0.000325733 -7.15672e-06 5.27386e-05 0.000300144 -0.000141043
2.23 0.00156677 -0.000310199 -6.25536e-06 5.011e-05 0.000265142 -0.000129982
2.24 0.00129836 -0.000278425 -5.05155e-06 4.48705e-05 0.0002173 -0.000112564
2.25 0.000953635 -0.00022796 -3.56483e-06 3.66281e-05 0.000156915 -8.79498e-05
2.26 0.000539814 -0.000158023 -1.8351e-06 2.52595e-05 8.52419e-05 -5.59389e-05
2.27 6.96338e-05 -6.96547e-05 7.95733e-08 1.09337e-05 4.43555e-06 -1.70179e-05
2.28 -0.000439371 3.43154e-05 2.10641e-06 -5.89246e-06 -8.25649e-05 2.76552e-05
2.29 -0.000965972 0.000149467 4.16235e-06 -2.45071e-05 -0.000172221 7.63264e-05
2.3 -0.00148663 0.000270144 6.15913e-06 -4.39997e-05 -0.000260621 0.000126774
2.31 -0.00197709 0.000389917 8.00875e-06 -6.33358e-05 -0.000343743 0.000176481
2.32 -0.00241401 0.000502108 9.62904e-06 -8.14415e-05 -0.000417723 0.000222832
2.33 -0.00277659 0.000600331 1.09489e-05 -9.72899e-05 -0.000479122 0.00026332
2.34 -0.00304799 0.000678987 1.19128e-05 -0.000109981 -0.000525158 0.000295744
2.35 -0.00321651 0.000733703 1.24846e-05 -0.000118812 -0.000553897 0.000318384
2.36 -0.00327632 0.000761651 1.26495e-05 -0.000123329 -0.000564377 0.000330133
2.37 -0.00322783 0.000761758 1.24145e-05 -0.000123357 -0.000556663 0.000330574
2.38 -0.00307752 0.00073477 1.18079e-05 -0.000119018 -0.000531823 0.000320006
2.39 -0.00283738 0.000683177 1.08764e-05 -0.000110712 -0.000491835 0.000299409
2.4 -0.00252395 0.00061099 9.68163e-06 -9.90817e-05 -0.000439427 0.000270349
2.41 -0.00215703 0.000523395 8.29547e-06 -8.49625e-05 -0.000377867 0.000234847
2.42 -0.00175822 0.000426311 6.79521e-06 -6.93056e-05 -0.000310723 0.000195202
2.43 -0.00134936 0.000325884 5.25821e-06 -5.30994e-05 -0.000241608 0.000153805
2.44 -0.000951019 0.000227979 3.75704e-06 -3.72876e-05 -0.000173929 0.000112948
2.45 -0.000581114 0.000137711 2.35495e-06 -2.2693e-05 -0.000110662 7.46472e-05
2.46 -0.000253754 5.90596e-05 1.10215e-06 -9.95666e-06 -5.41649e-05 4.04966e-05
2.47 2.15577e-05 -5.39201e-06 3.31512e-08 5.05074e-07 -6.04124e-06 1.15623e-05
2.48 0.000240366 -5.45889e-05 -8.34785e-07 8.52107e-06 3.29293e-05 -1.16722e-05
2.49 0.000403283 -8.89919e-05 -1.50183e-06 1.41636e-05 6.27969e-05 -2.93072e-05
2.5 0.000515608 -0.000110436 -1.98438e-06 1.77255e-05 8.4379e-05 -4.19766e-05
2.51 0.000586568 -0.000121875 -2.31266e-06 1.96792e-05 9.91376e-05 -5.07501e-05
2.52 0.000628265 -0.000127038 -2.52719e-06 2.06218e-05 0.000109007 -5.69999e-05
2.53 0.000654414 -0.000130027 -2.6746e-06 2.12103e-05 0.000116189 -6.2242e-05
2.54 0.000678989 -0.000134887 -2.80309e-06 2.20926e-05 0.000122931 -6.79694e-05
2.55 0.000714887 -0.000145188 -2.95796e-06 2.38408e-05 0.000131306 -7.54917e-05
2.56 0.000772718 -0.000163654 -3.17747e-06 2.68909e-05 0.00014302 -8.57944e-05
2.57 0.000859826 -0.000191871 -3.48948e-06 3.14967e-05 0.000159246 -9.94325e-05
2.58 0.0009796 -0.00023011 -3.90896e-06 3.77007e-05 0.000180516 -0.000116466
2.59 0.00113113 -0.000277275 -4.43656e-06 4.53261e-05 0.000206662 -0.000136444
2.6 0.00130921 -0.000330993 -5.05824e-06 5.3991e-05 0.000236821 -0.000158437
2.61 0.00150477 -0.00038782 -5.74618e-06 6.31416e-05 0.000269494 -0.000181114
2.62 0.00170551 -0.00044355 -6.46068e-06 7.21025e-05 0.000302667 -0.000202861
2.63 0.00189694 -0.000493603 -7.15312e-06 8.01375e-05 0.000333965 -0.00022192
2.64 0.00206354 -0.000533428 -7.76969e-06 8.65164e-05 0.000360849 -0.000236553
2.65 0.00218999 -0.000558921 -8.25555e-06 9.05803e-05 0.00038082 -0.000245195
2.66 0.00226248 -0.000566786 -8.5593e-06 9.18006e-05 0.000391629 -0.000246599
2.67 0.00226984 -0.000554837 -8.63711e-06 8.98272e-05 0.000391461 -0.000239953
2.68 0.00220448 -0.000522207 -8.45633e-06 8.45216e-05 0.000379092 -0.000224964
2.69 0.0020631 -0.000469443 -7.99835e-06 7.5973e-05 0.000354004 -0.000201889
2.7 0.00184697 -0.000398492 -7.26036e-06 6.44951e-05 0.000316433 -0.00017153
2.71 0.001562 -0.000312564 -6.25595e-06 5.06049e-05 0.000267375 -0.000135175
2.72 0.00121833 -0.00021589 -5.01468e-06 3.49835e-05 0.000208529 -9.45073e-05
2.73 0.000829735 -0.000113396 -3.58039e-06 1.84236e-05 0.000142188 -5.14726e-05
2.74 0.000412686 -1.03176e-05 -2.00871e-06 1.76761e-06 7.1092e-05 -8.13525e-06
2.75 -1.47356e-05 8.82119e-05 -3.63647e-07 -1.41581e-05 -1.75261e-06 3.34784e-05
2.76 -0.000434035 0.00017755 1.28632e-06 -2.86065e-05 -7.32685e-05 7.15295e-05
2.77 -0.000827504 0.00025389 2.8725e-06 -4.09644e-05 -0.000140506 0.000104498
2.78 -0.00117935 0.000314521 4.33027e-06 -5.0795e-05 -0.000200829 0.000131283
2.79 -0.00147669 0.000357989 5.60302e-06 -5.78634e-05 -0.000252075 0.000151269
2.8 -0.00171022 0.000384148 6.64555e-06 -6.21451e-05 -0.000292677 0.000164348
2.81 -0.00187477 0.0003941 7.4266e-06 -6.38157e-05 -0.000321741 0.000170897
2.82 -0.00196935 0.000390031 7.93034e-06 -6.32254e-05 -0.000339067 0.000171719
2.83 -0.00199706 0.000374965 8.15681e-06 -6.08591e-05 -0.00034513 0.000167944
2.84 -0.00196459 0.000352458 8.12119e-06 -5.72867e-05 -0.000340999 0.000160913
2.85 -0.00188152 0.000326245 7.85203e-06 -5.3108e-05 -0.000328228 0.000152042
2.86 -0.00175948 0.000299898 7.38873e-06 -4.88961e-05 -0.000308711 0.000142688
2.87 -0.00161113 0.000276489 6.77823e-06 -4.51445e-05 -0.000284521 0.000134021
2.88 -0.00144914 0.000258328 6.07147e-06 -4.2224e-05 -0.000257744 0.000126923
2.89 -0.00128527 0.000246759 5.31955e-06 -4.03509e-05 -0.000230321 0.000121918
2.9 -0.0011295 0.000242067 4.57013e-06 -3.95714e-05 -0.000203909 0.000119126
2.91 -0.000989353 0.000243482 3.86413e-06 -3.97622e-05 -0.000179771 0.000118276
2.92 -0.000869506 0.000249287 3.23313e-06 -4.06482e-05 -0.000158707 0.000118738
2.93 -0.000771575 0.000257012 2.69744e-06 -4.18336e-05 -0.000141017 0.000119599
2.94 -0.000694208 0.000263705 2.26521e-06 -4.28452e-05 -0.000126517 0.000119765
2.95 -0.000633407 0.000266237 1.93253e-06 -4.31815e-05 -0.000114592 0.000118076
2.96 -0.000583067 0.000261624 1.68446e-06 -4.23645e-05 -0.000104276 0.000113429
2.97 -0.000535673 0.000247336 1.49691e-06 -3.99891e-05 -9.43738e-05 0.0001049
2.98 -0.000483099 0.00022156 1.33935e-06 -3.57655e-05 -8.35859e-05 9.18397e-05
2.99 -0.00041744 0.0001834 1.17778e-06 -2.9551e-05 -7.06457e-05 7.39555e-05
3 -0.000331798 0.000132997 9.78103e-07 -2.13698e-05 -5.4449e-05 5.13547e-05
3.01 -0.000220982 7.15585e-05 7.09345e-07 -1.14172e-05 -3.41679e-05 2.45543e-05
3.02 -8.20385e-05 1.29181e-06 3.46602e-07 -4.87484e-08 -9.33919e-06 -5.54636e-06
3.03 8.53975e-05 -7.47515e-05 -1.26496e-07 1.2244e-05 2.00779e-05 -3.77269e-05
3.04 0.000278971 -0.000152905 -7.16009e-07 2.4871e-05 5.36793e-05 -7.05352e-05
3.05 0.000493695 -0.000229173 -1.41673e-06 3.71893e-05 9.06302e-05 -0.000102397
3.06 0.000722248 -0.000299546 -2.21209e-06 4.85539e-05 0.000129712 -0.000131739
3.07 0.000955458 -0.000360319 -3.075e-06 5.83689e-05 0.000169404 -0.000157106
3.08 0.00118292 -0.000408378 -3.96946e-06 6.61334e-05 0.00020798 -0.000177275
3.09 0.00139374 -0.000441441 -4.853e-06 7.14801e-05 0.000243634 -0.000191346
3.1 0.00157726 -0.000458217 -5.67953e-06 7.42014e-05 0.000274599 -0.000198805
3.11 0.00172383 -0.000458492 -6.40263e-06 7.42625e-05 0.000299272 -0.000199555
3.12 0.00182544 -0.000443116 -6.97884e-06 7.18e-05 0.000316324 -0.000193918
3.13 0.0018763 -0.000413907 -7.37075e-06 6.71057e-05 0.000324787 -0.000182591
3.14 0.00187316 -0.00037348 -7.54974e-06 6.06e-05 0.000324118 -0.000166587
3.15 0.00181557 -0.000325013 -7.49801e-06 5.27933e-05 0.000314236 -0.000147139
3.16 0.00170581 -0.000271972 -7.21e-06 4.42428e-05 0.000295515 -0.000125596
3.17 0.00154878 -0.000217822 -6.69282e-06 3.5506e-05 0.000268763 -0.000103311
3.18 0.00135157 -0.000165749 -5.96592e-06 2.70949e-05 0.000235157 -8.15332e-05
3.19 0.00112302 -0.000118405 -5.05991e-06 1.94366e-05 0.000196168 -6.13116e-05
3.2 0.000873112 -7.77212e-05 -4.0146e-06 1.2842e-05 0.000153462 -4.34207e-05
3.21 0.000612343 -4.4778e-05 -2.87648e-06 7.48593e-06 0.000108795 -2.83138e-05
3.22 0.000351059 -1.97667e-05 -1.69573e-06 3.4e-06 6.39049e-05 -1.61055e-05
3.23 9.88606e-05 -2.02727e-06 -5.23042e-07 4.79372e-07 2.04115e-05 -6.58632e-06
3.24 -0.000135925 9.83461e-06 5.93522e-07 -1.49877e-06 -2.02721e-05 7.33753e-07
3.25 -0.000346658 1.77664e-05 1.61146e-06 -2.84607e-06 -5.70084e-05 6.55711e-06
3.26 -0.000528654 2.40418e-05 2.49628e-06 -3.92655e-06 -8.89822e-05 1.17125e-05
3.27 -0.000679309 3.10093e-05 3.22332e-06 -5.11628e-06 -0.000115722 1.70592e-05
3.28 -0.000798059 4.08402e-05 3.77882e-06 -6.76288e-06 -0.000137096 2.33906e-05
3.29 -0.000886213 5.52971e-05 4.16025e-06 -9.14845e-06 -0.000153284 3.13454e-05
3.3 -0.000946654 7.55456e-05 4.37572e-06 -1.24592e-05 -0.000164734 4.13354e-05
3.31 -0.000983449 0.000102022 4.4428e-06 -1.67645e-05 -0.000172091 5.34954e-05
3.32 -0.00100141 0.000134373 4.38658e-06 -2.20066e-05 -0.000176133 6.766e-05
3.33 -0.00100562 0.000171466 4.23739e-06 -2.8003e-05 -0.00017769 8.33691e-05
3.34 -0.001001 0.000211473 4.02809e-06 -3.44599e-05 -0.000177565 9.99016e-05
3.35 -0.000991847 0.000252027 3.79137e-06 -4.09963e-05 -0.000176474 0.000116333
3.36 -0.000981576 0.000290416 3.55715e-06 -4.71767e-05 -0.000174985 0.000131614
3.37 -0.000972426 0.000323824 3.35021e-06 -5.25486e-05 -0.000173477 0.000144661
3.38 -0.000965354 0.000349575 3.18837e-06 -5.66821e-05 -0.000172122 0.000154446
3.39 -0.000960019 0.000365371 3.08129e-06 -5.92082e-05 -0.000170878 0.000160095
3.4 -0.00095488 0.000369491 3.02992e-06 -5.9851e-05 -0.000169506 0.000160956
3.41 -0.000947386 0.000360954 3.02672e-06 -5.8453e-05 -0.000167599 0.000156668
3.42 -0.00093426 0.000339601 3.05651e-06 -5.49896e-05 -0.00016463 0.000147189
3.43 -0.000911823 0.000306126 3.09805e-06 -4.95726e-05 -0.000160004 0.000132807
3.44 -0.000876357 0.000262021 3.12599e-06 -4.24424e-05 -0.000153119 0.000114123
3.45 -0.000824461 0.000209465 3.1132e-06 -3.39499e-05 -0.000143424 9.20043e-05
3.46 -0.000753387 0.000151155 3.03325e-06 -2.45289e-05 -0.000130475 6.75189e-05
3.47 -0.000661321 9.00923e-05 2.86279e-06 -1.46626e-05 -0.000113984 4.18547e-05
3.48 -0.000547599 2.93546e-05 2.58377e-06 -4.84618e-06 -9.38515e-05 1.62297e-05
3.49 -0.000412837 -2.81396e-05 2.18519e-06 4.4506e-06 -7.01919e-05 -8.1988e-06
3.5 -0.00025897 -7.9847e-05 1.66438e-06 1.28182e-05 -4.334e-05 -3.04175e-05
3.51 -8.92091e-05 -0.000123779 1.02766e-06 1.99364e-05 -1.38433e-05 -4.96265e-05
3.52 9.21031e-05 -0.000158632 2.90217e-07 2.55946e-05 1.75608e-05 -6.52891e-05
3.53 0.0002797 -0.000183853 -5.24517e-07 2.97032e-05 4.99801e-05 -7.71579e-05
3.54 0.000467667 -0.000199641 -1.38627e-06 3.22933e-05 8.24128e-05 -8.52757e-05
3.55 0.000649756 -0.000206884 -2.25978e-06 3.35067e-05 0.000113801 -8.99524e-05
3.56 0.000819723 -0.000207039 -3.10704e-06 3.35767e-05 0.000143086 -9.17186e-05
3.57 0.000971662 -0.000201965 -3.88973e-06 3.28011e-05 0.000169266 -9.12631e-05
3.58 0.00110032 -0.000193726 -4.57178e-06 3.15111e-05 0.000191449 -8.93581e-05
3.59 0.00120136 -0.00018439 -5.12165e-06 3.00381e-05 0.000208897 -8.678e-05
3.6 0.00127159 -0.000175823 -5.5144e-06 2.86817e-05 0.000221065 -8.42334e-05
3.61 0.00130911 -0.000169519 -5.73328e-06 2.76817e-05 0.000227624 -8.22838e-05
3.62 0.00131335 -0.000166466 -5.77071e-06 2.71965e-05 0.000228477 -8.13059e-05
3.63 0.00128514 -0.000167059 -5.62869e-06 2.72897e-05 0.000223755 -8.14517e-05
3.64 0.00122655 -0.000171078 -5.31857e-06 2.79259e-05 0.000213806 -8.26408e-05
3.65 0.00114078 -0.000177719 -4.86012e-06 2.89762e-05 0.000199171 -8.45731e-05
3.66 0.00103199 -0.000185682 -4.28011e-06 3.02323e-05 0.000180548 -8.6763e-05
3.67 0.000904976 -0.000193309 -3.61045e-06 3.14284e-05 0.000158754 -8.85911e-05
3.68 0.000764965 -0.000198755 -2.88596e-06 3.22685e-05 0.000134672 -8.93692e-05
3.69 0.000617289 -0.00020017 -2.14209e-06 3.24563e-05 0.00010921 -8.84116e-05
3.7 0.000467121 -0.000195893 -1.41256e-06 3.17255e-05 8.32477e-05 -8.51066e-05
3.71 0.000319213 -0.000184621 -7.2734e-07 2.98676e-05 5.75966e-05 -7.89821e-05
3.72 0.000177676 -0.000165549 -1.10788e-07 2.67539e-05 3.2961e-05 -6.97586e-05
3.73 4.58158e-05 -0.000138462 4.19577e-07 2.23513e-05 9.90988e-06 -5.73857e-05
3.74 -7.39818e-05 -0.000103787 8.53864e-07 1.67286e-05 -1.1142e-05 -4.20574e-05
3.75 -0.000180298 -6.25674e-05 1.18998e-06 1.00546e-05 -2.99423e-05 -2.42077e-05
3.76 -0.000272664 -1.64061e-05 1.43321e-06 2.58748e-06 -4.63988e-05 -4.48314e-06
3.77 -0.000351485 3.26563e-05 1.59531e-06 -5.34421e-06 -6.05659e-05 1.63013e-05
3.78 -0.000417908 8.22927e-05 1.69308e-06 -1.33659e-05 -7.2623e-05 3.72222e-05
3.79 -0.000473646 0.000130068 1.74663e-06 -2.10856e-05 -8.28446e-05 5.73163e-05
3.8 -0.000520772 0.000173624 1.77749e-06 -2.81243e-05 -9.15659e-05 7.5653e-05
3.81 -0.00056149 0.000210864 1.80656e-06 -3.4144e-05 -9.91442e-05 9.14031e-05
3.82 -0.000597912 0.000240103 1.85231e-06 -3.8874e-05 -0.000105922 0.0001039
3.83 -0.000631846 0.000260195 1.92909e-06 -4.21294e-05 -0.000112191 0.000112686
3.84 -0.000664614 0.000270605 2.04588e-06 -4.38241e-05 -0.000118161 0.000117542
3.85 -0.000696912 0.000271433 2.20552e-06 -4.39738e-05 -0.00012394 0.000118494
3.86 -0.000728725 0.000263385 2.40441e-06 -4.26919e-05 -0.000129518 0.000115807
3.87 -0.000759298 0.000247698 2.63276e-06 -4.01766e-05 -0.00013476 0.000109952
3.88 -0.000787175 0.000226012 2.87537e-06 -3.66918e-05 -0.00013942 0.000101558
3.89 -0.000810293 0.000200229 3.11283e-06 -3.25427e-05 -0.000143149 9.13597e-05
3.9 -0.000826131 0.000172341 3.32304e-06 -2.80496e-05 -0.000145528 8.01288e-05
3.91 -0.000831905 0.00014426 3.48306e-06 -2.352e-05 -0.000146096 6.86114e-05
3.92 -0.000824795 0.00011767 3.57092e-06 -1.92244e-05 -0.000144387 5.7467e-05
3.93 -0.000802187 9.38872e-05 3.56747e-06 -1.5375e-05 -0.000139978 4.72189e-05
3.94 -0.000761909 7.37758e-05 3.45797e-06 -1.2111e-05 -0.000132517 3.82183e-05
3.95 -0.000702457 5.76952e-05 3.23346e-06 -9.49074e-06 -0.000121771 3.06252e-05
3.96 -0.000623179 4.54998e-05 2.89166e-06 -7.49143e-06 -0.00010765 2.44075e-05
3.97 -0.000524403 3.65846e-05 2.43736e-06 -6.01658e-06 -9.02275e-05 1.93585e-05
3.98 -0.000407517 2.99721e-05 1.88237e-06 -4.90991e-06 -6.97572e-05 1.51299e-05
3.99 -0.000274962 2.44318e-05 1.24495e-06 -3.97452e-06 -4.66673e-05 1.1277e-05
4 -0.000130169 1.86221e-05 5.48737e-07 -2.9956e-06 -2.155e-05 7.31229e-06
