0.01 2.40816e-06 1.38559e-07 9.01823e-08 -1.12325e-07 3.87998e-06 -3.56837e-07
0.02 2.12369e-05 1.52444e-06 5.81359e-07 -1.06757e-06 2.46117e-05 -2.93467e-06
0.03 9.07593e-05 8.28503e-06 1.75496e-06 -5.06844e-06 7.74905e-05 -1.17243e-05
0.04 0.000255272 2.97527e-05 3.5135e-06 -1.62443e-05 0.00017152 -3.16687e-05
0.05 0.000540968 7.96811e-05 5.66875e-06 -3.99377e-05 0.000310579 -6.63031e-05
0.06 0.000936437 0.000170457 8.21188e-06 -8.08416e-05 0.000491928 -0.000115453
0.07 0.00140338 0.000305249 1.10891e-05 -0.000140794 0.000707984 -0.000175584
0.08 0.00190798 0.000474671 1.4229e-05 -0.000217343 0.000950794 -0.0002425
0.09 0.00243946 0.000661195 1.75812e-05 -0.000303852 0.00121064 -0.000313029
0.1 0.0029983 0.000846869 2.09464e-05 -0.000391099 0.0014776 -0.000384743
0.11 0.00356873 0.00101688 2.41984e-05 -0.000469597 0.00173922 -0.000453892
0.12 0.0041041 0.00115748 2.73493e-05 -0.000531696 0.00197826 -0.000514123
0.13 0.00454198 0.00125442 3.01966e-05 -0.000572832 0.00217619 -0.000558284
0.14 0.00483214 0.00129737 3.23907e-05 -0.00059168 0.00231336 -0.000581145
0.15 0.00495089 0.00128655 3.35967e-05 -0.00058926 0.00237344 -0.000581089
0.16 0.0048943 0.00123231 3.34566e-05 -0.00056735 0.00234659 -0.000559226
0.17 0.00466103 0.00114466 3.18814e-05 -0.000526943 0.00222863 -0.000516728
0.18 0.00424812 0.0010227 2.91073e-05 -0.000467702 0.00202417 -0.000454091
0.19 0.00366272 0.000856251 2.53446e-05 -0.000388935 0.00174391 -0.000372463
0.2 0.00293343 0.000640142 2.08254e-05 -0.000291607 0.00140305 -0.000275727
0.21 0.00210993 0.000387058 1.58266e-05 -0.0001801 0.00102053 -0.000171162
0.22 0.00124574 0.000125126 1.04562e-05 -6.24537e-05 0.000613876 -6.6883e-05
0.23 0.000381362 -0.000117531 4.8341e-06 5.1152e-05 0.000200415 3.08435e-05
0.24 -0.000457507 -0.000325416 -8.36778e-07 0.000150853 -0.000203609 0.000118442
0.25 -0.00125036 -0.000493897 -6.45048e-06 0.000229322 -0.000583057 0.000193737
0.26 -0.00196696 -0.000618777 -1.17822e-05 0.000283037 -0.000920914 0.000253639
0.27 -0.00256536 -0.000692362 -1.64504e-05 0.000312485 -0.00120182 0.000294496
0.28 -0.00300542 -0.000711778 -2.02097e-05 0.000321422 -0.00141266 0.000314326
0.29 -0.00326499 -0.000688469 -2.28614e-05 0.000315348 -0.00154528 0.000314668
0.3 -0.00335185 -0.000644639 -2.42618e-05 0.000299536 -0.00160044 0.000300626
0.31 -0.00329675 -0.00059747 -2.45266e-05 0.000277467 -0.00158533 0.000277918
0.32 -0.00313618 -0.000547593 -2.38278e-05 0.000250597 -0.001514 0.000250645
0.33 -0.00290073 -0.000485158 -2.2362e-05 0.000219683 -0.00140388 0.000221483
0.34 -0.00261271 -0.000407728 -2.05224e-05 0.000186771 -0.00127148 0.000193245
0.35 -0.00229812 -0.000330815 -1.8605e-05 0.000156349 -0.00113298 0.000170633
0.36 -0.00199287 -0.000279781 -1.66781e-05 0.000134739 -0.00100056 0.00015887
0.37 -0.00173328 -0.000271934 -1.47799e-05 0.000128038 -0.000883585 0.000160888
0.38 -0.00154226 -0.000307134 -1.28585e-05 0.000139818 -0.000789432 0.00017599
0.39 -0.0014193 -0.000374121 -1.0933e-05 0.000169717 -0.000721952 0.000200417
0.4 -0.00135253 -0.000462167 -9.32774e-06 0.00021331 -0.000684879 0.000230339
0.41 -0.00133908 -0.000563916 -8.32424e-06 0.000263086 -0.00067981 0.000263334
0.42 -0.0013882 -0.000668407 -7.97707e-06 0.000310178 -0.000705255 0.000297146
0.43 -0.00150745 -0.000756318 -8.25951e-06 0.000346457 -0.000756454 0.000328093
0.44 -0.00167714 -0.000806572 -8.96473e-06 0.000366431 -0.000821398 0.00035003
0.45 -0.00184579 -0.000808868 -9.83429e-06 0.000368118 -0.000884136 0.000356566
0.46 -0.00195535 -0.000768439 -1.07502e-05 0.000352393 -0.000926879 0.0003441
0.47 -0.00196812 -0.00069735 -1.14503e-05 0.000321176 -0.000932996 0.000312399
0.48 -0.00187887 -0.000601263 -1.15523e-05 0.00027559 -0.000892435 0.000263565
0.49 -0.00169617 -0.00047505 -1.08839e-05 0.000215294 -0.000799789 0.000199346
0.5 -0.00141816 -0.000310536 -9.42336e-06 0.000139374 -0.000655156 0.000120604
0.51 -0.00103402 -0.000107413 -7.31262e-06 4.81537e-05 -0.000462978 2.94964e-05
0.52 -0.000540051 0.000122916 -4.8374e-06 -5.51971e-05 -0.000228988 -6.91465e-05
0.53 4.11472e-05 0.000361696 -2.01723e-06 -0.000164095 3.77348e-05 -0.000167584
0.54 0.000666839 0.000588876 1.34672e-06 -0.0002693 0.000327707 -0.000257945
0.55 0.00130105 0.000785919 5.29796e-06 -0.000360757 0.000630741 -0.000335113
0.56 0.00192512 0.000936675 9.75597e-06 -0.000429916 0.000934203 -0.000396435
0.57 0.00252991 0.00102981 1.44637e-05 -0.000471767 0.00122478 -0.000440412
0.58 0.0030914 0.0010623 1.89652e-05 -0.000485784 0.0014855 -0.000464651
0.59 0.00356029 0.0010403 2.29568e-05 -0.000475356 0.00169856 -0.000466381
0.6 0.00388494 0.000975487 2.62388e-05 -0.000445998 0.00184912 -0.000445373
0.61 0.00403616 0.000879965 2.85041e-05 -0.000403233 0.00192644 -0.000404915
0.62 0.00402054 0.000763412 2.95779e-05 -0.000351156 0.00192871 -0.000351318
0.63 0.00386661 0.000632969 2.94445e-05 -0.000292217 0.00186046 -0.000290989
0.64 0.00359762 0.000493866 2.81533e-05 -0.000228127 0.00173049 -0.000228072
0.65 0.00322724 0.000350269 2.59761e-05 -0.000161247 0.00155106 -0.000165703
0.66 0.00276625 0.000207946 2.3181e-05 -9.57203e-05 0.00133329 -0.000107403
0.67 0.00223648 7.82679e-05 1.97859e-05 -3.76541e-05 0.00108887 -5.82781e-05
0.68 0.00167415 -2.10985e-05 1.58259e-05 5.99568e-06 0.000828993 -2.35801e-05
0.69 0.00111289 -7.28332e-05 1.13921e-05 2.9563e-05 0.000563707 -5.35839e-06
0.7 0.000577569 -7.0711e-05 6.58074e-06 3.09147e-05 0.000304919 -2.09899e-06
0.71 8.36657e-05 -2.4978e-05 1.72072e-06 1.26218e-05 6.38232e-05 -9.81176e-06
0.72 -0.000354614 4.35793e-05 -2.78351e-06 -1.86453e-05 -0.000147854 -2.4714e-05
0.73 -0.00071459 0.000115705 -6.65997e-06 -5.42024e-05 -0.000319321 -4.47691e-05
0.74 -0.000976207 0.000180411 -9.61054e-06 -8.58478e-05 -0.000445019 -6.75133e-05
0.75 -0.00113057 0.00023138 -1.1477e-05 -0.000107678 -0.000523584 -8.8793e-05
0.76 -0.00118786 0.000260205 -1.23989e-05 -0.000116719 -0.00056067 -0.000102499
0.77 -0.00117784 0.000256777 -1.25422e-05 -0.000112509 -0.000566848 -0.000102677
0.78 -0.00113297 0.000217103 -1.21042e-05 -9.6008e-05 -0.000553548 -8.69107e-05
0.79 -0.00108082 0.000147846 -1.13412e-05 -6.82701e-05 -0.000532887 -5.59186e-05
0.8 -0.00103595 5.94514e-05 -1.03261e-05 -2.93736e-05 -0.000512913 -1.20458e-05
0.81 -0.00100072 -4.60642e-05 -9.11672e-06 2.17152e-05 -0.000498723 4.28289e-05
0.82 -0.000979369 -0.000177942 -7.8995e-06 8.59804e-05 -0.000494051 0.000107882
0.83 -0.000979914 -0.000344283 -6.74291e-06 0.000162341 -0.000500522 0.000180439
0.84 -0.00101718 -0.000536117 -5.70324e-06 0.000246031 -0.000521652 0.000255075
0.85 -0.00110432 -0.000725335 -4.963e-06 0.000328629 -0.000560483 0.000324284
0.86 -0.00123975 -0.000879975 -4.66396e-06 0.000399986 -0.000618627 0.000380942
0.87 -0.00141307 -0.000981929 -5.01696e-06 0.000451051 -0.000696385 0.000421378
0.88 -0.00160825 -0.00103023 -6.24815e-06 0.00047615 -0.000788739 0.000444163
0.89 -0.00181225 -0.00102971 -8.20779e-06 0.000473842 -0.000887847 0.000448443
0.9 -0.00201464 -0.000980551 -1.05006e-05 0.000446425 -0.000982703 0.000432735
0.91 -0.00219252 -0.000880992 -1.2754e-05 0.000398667 -0.00105994 0.000395318
0.92 -0.00231458 -0.000737979 -1.46146e-05 0.000336245 -0.0011088 0.000337626
0.93 -0.00234991 -0.00057006 -1.59622e-05 0.000264246 -0.00112058 0.000264631
0.94 -0.00228514 -0.000396546 -1.68645e-05 0.000186194 -0.00109197 0.000183369
0.95 -0.00213446 -0.000224452 -1.72084e-05 0.000104167 -0.00102471 0.000100549
0.96 -0.00191834 -4.89407e-05 -1.68434e-05 2.01132e-05 -0.000921517 2.01146e-05
0.97 -0.00164802 0.000131948 -1.57574e-05 -6.24032e-05 -0.00078673 -5.4766e-05
0.98 -0.00131794 0.000304205 -1.39213e-05 -0.000137342 -0.000622621 -0.000120112
0.99 -0.000916852 0.000441218 -1.13787e-05 -0.000197104 -0.000430887 -0.000170998
1 -0.0004536 0.000520743 -8.1931e-06 -0.000234883 -0.00021579 -0.000202776
1.01 4.56923e-05 0.000538562 -4.24203e-06 -0.000247145 1.70931e-05 -0.000214652
1.02 0.000548405 0.000506772 4.48045e-07 -0.000234931 0.00025761 -0.000209438
1.03 0.00102966 0.000441653 5.50146e-06 -0.000203522 0.000493538 -0.000191527
1.04 0.00147839 0.000355352 1.04554e-05 -0.000160868 0.000712658 -0.000164972
1.05 0.00187811 0.000257968 1.48179e-05 -0.000115512 0.000902248 -0.000131946
1.06 0.00220534 0.000163042 1.82418e-05 -7.46506e-05 0.00105402 -9.54057e-05
1.07 0.0024378 8.63931e-05 2.07566e-05 -4.28123e-05 0.00116326 -6.03989e-05
1.08 0.00256655 3.82339e-05 2.24423e-05 -2.15903e-05 0.0012295 -3.31151e-05
1.09 0.00260789 1.79947e-05 2.32558e-05 -1.05758e-05 0.00125703 -1.91376e-05
1.1 0.00258312 1.87453e-05 2.32308e-05 -9.04122e-06 0.0012495 -2.00505e-05
1.11 0.0025036 3.69804e-05 2.23707e-05 -1.73764e-05 0.00121074 -3.43843e-05
1.12 0.00236749 7.74615e-05 2.06679e-05 -3.73133e-05 0.0011428 -5.99545e-05
1.13 0.00216527 0.000148401 1.82724e-05 -7.07239e-05 0.00104634 -9.49643e-05
1.14 0.00190271 0.000252266 1.52639e-05 -0.000117698 0.000925173 -0.000138583
1.15 0.00159928 0.00038064 1.16796e-05 -0.000175023 0.000784574 -0.00018782
1.16 0.00127985 0.000516064 7.80031e-06 -0.000235922 0.000633402 -0.000236695
1.17 0.000969088 0.000637421 3.98353e-06 -0.000291229 0.000482753 -0.000278167
1.18 0.000680608 0.000724902 5.70797e-07 -0.000331589 0.000341912 -0.000306063
1.19 0.000426828 0.000763883 -2.05879e-06 -0.000349861 0.000219417 -0.000317949
1.2 0.000217217 0.00074817 -3.77708e-06 -0.000342877 0.000118949 -0.000313528
1.21 5.29257e-05 0.000681136 -4.69491e-06 -0.000311835 3.9976e-05 -0.000292278
1.22 -6.83319e-05 0.000572777 -4.90302e-06 -0.000261202 -1.99733e-05 -0.000253405
1.23 -0.000157792 0.000434128 -4.60131e-06 -0.000196699 -6.62271e-05 -0.000196183
1.24 -0.000224654 0.000273634 -4.02083e-06 -0.000123387 -0.00010196 -0.00012326
1.25 -0.000272679 9.80537e-05 -3.1903e-06 -4.47504e-05 -0.000128991 -4.08967e-05
1.26 -0.000306721 -8.47808e-05 -2.13621e-06 3.6978e-05 -0.000148514 4.37417e-05
1.27 -0.000326874 -0.000265816 -9.23192e-07 0.000119655 -0.000160117 0.000124282
1.28 -0.000337213 -0.000437097 4.24309e-07 0.000199958 -0.000166521 0.000197253
1.29 -0.000344626 -0.000591875 1.66394e-06 0.000272655 -0.000172017 0.000259939
1.3 -0.000358185 -0.000720349 2.43063e-06 0.000330878 -0.000182819 0.000308282
1.31 -0.000398002 -0.000806278 2.54126e-06 0.000367528 -0.000207238 0.000338
1.32 -0.000481405 -0.000831756 1.86531e-06 0.000377477 -0.000250359 0.000345685
1.33 -0.000617162 -0.000789306 3.51838e-07 0.00035967 -0.00031484 0.000331998
1.34 -0.000798571 -0.000690411 -1.85331e-06 0.000317987 -0.000398446 0.00030129
1.35 -0.00100151 -0.000560597 -4.62176e-06 0.00026022 -0.000494092 0.00025844
1.36 -0.00120708 -0.000424222 -7.7466e-06 0.000195604 -0.000594663 0.000207788
1.37 -0.00140476 -0.000293193 -1.07951e-05 0.000132193 -0.000692148 0.000151979
1.38 -0.00159184 -0.00016961 -1.34563e-05 7.53198e-05 -0.000781201 9.44808e-05
1.39 -0.00176611 -5.69563e-05 -1.56361e-05 2.75607e-05 -0.000858828 4.12395e-05
1.4 -0.00191115 3.45348e-05 -1.73139e-05 -1.02794e-05 -0.000921335 -1.56651e-06
1.41 -0.00201102 9.44922e-05 -1.85929e-05 -3.7932e-05 -0.00096632 -2.90447e-05
1.42 -0.0020557 0.000121731 -1.94358e-05 -5.46938e-05 -0.000989056 -4.036e-05
1.43 -0.00204102 0.000123294 -1.94929e-05 -5.89905e-05 -0.000983509 -3.77739e-05
1.44 -0.00196611 0.000103248 -1.85039e-05 -4.87242e-05 -0.000944213 -2.33489e-05
1.45 -0.00181606 5.53142e-05 -1.64263e-05 -2.25427e-05 -0.000865048 1.18263e-06
1.46 -0.00157525 -2.94365e-05 -1.33337e-05 1.83461e-05 -0.000744647 3.45907e-05
1.47 -0.00124254 -0.000146205 -9.50987e-06 6.8864e-05 -0.000586178 7.3476e-05
1.48 -0.000836636 -0.000269663 -5.24092e-06 0.000120383 -0.000397316 0.000111212
1.49 -0.000396981 -0.000366153 -6.88893e-07 0.000162905 -0.000190749 0.00014111
1.5 4.47267e-05 -0.00041402 3.80596e-06 0.000188076 2.19761e-05 0.000157985
1.51 0.000472565 -0.000412483 7.82589e-06 0.000191436 0.000230202 0.00016022
1.52 0.000879429 -0.000372237 1.11482e-05 0.000172916 0.000425762 0.000148328
1.53 0.0012605 -0.000300465 1.36636e-05 0.000135748 0.000603783 0.000121831
1.54 0.00159611 -0.000196983 1.54503e-05 8.47205e-05 0.000758253 8.02471e-05
1.55 0.00186463 -6.32271e-05 1.67025e-05 2.46318e-05 0.000884136 2.37781e-05
1.56 0.00205188 8.96371e-05 1.73387e-05 -4.06957e-05 0.000975504 -4.41422e-05
1.57 0.00214894 0.000244921 1.71319e-05 -0.000108699 0.00102562 -0.000116447
1.58 0.00215656 0.000392083 1.60023e-05 -0.000177556 0.0010309 -0.000186244
1.59 0.00207171 0.000531044 1.39569e-05 -0.000244941 0.000989366 -0.000248045
1.6 0.0018949 0.000662816 1.12113e-05 -0.000306679 0.000904565 -0.000298954
1.61 0.00164083 0.000776801 8.17982e-06 -0.00035632 0.000785663 -0.000336926
1.62 0.00133324 0.000849967 5.14859e-06 -0.000386341 0.000644397 -0.000358124
1.63 0.00100878 0.000860405 2.37158e-06 -0.000390595 0.000495819 -0.000359053
1.64 0.0006994 0.00080228 1.68757e-07 -0.000366752 0.000352453 -0.000337918
1.65 0.000425071 0.000688328 -1.33054e-06 -0.000317383 0.00022365 -0.000296774
1.66 0.000199183 0.000539586 -2.11416e-06 -0.000249212 0.000116104 -0.000241327
1.67 2.24937e-05 0.000374105 -2.20749e-06 -0.000171088 3.18839e-05 -0.000176857
1.68 -0.000102655 0.000204214 -1.81625e-06 -9.16664e-05 -2.6723e-05 -0.000107684
1.69 -0.000171586 4.04556e-05 -1.08924e-06 -1.76486e-05 -5.81732e-05 -3.69565e-05
1.7 -0.000179845 -0.000106109 4.89509e-10 4.69975e-05 -6.1476e-05 3.15234e-05
1.71 -0.000118455 -0.00022674 1.39872e-06 0.000100712 -3.50165e-05 9.13121e-05
1.72 7.68963e-06 -0.000318325 3.04629e-06 0.000143144 1.83184e-05 0.0001365
1.73 0.000180365 -0.000381691 4.90347e-06 0.00017366 9.24785e-05 0.0001634
1.74 0.000371229 -0.000416188 6.71478e-06 0.000190423 0.000177036 0.000172073
1.75 0.000545284 -0.000416864 8.16445e-06 0.000190698 0.000257223 0.000165651
1.76 0.000680322 -0.000377742 8.98395e-06 0.000172336 0.000319541 0.000146372
1.77 0.000758024 -0.000298089 8.84669e-06 0.000135657 0.000351145 0.000116013
1.78 0.00076075 -0.000186189 7.64944e-06 8.46743e-05 0.000343714 7.66313e-05
1.79 0.000674717 -5.85539e-05 5.60747e-06 2.69558e-05 0.000294781 3.22469e-05
1.8 0.000489333 6.364e-05 2.95173e-06 -2.79198e-05 0.000205057 -9.89967e-06
1.81 0.000217567 0.000159145 -6.75216e-08 -7.07418e-05 8.06952e-05 -4.32931e-05
1.82 -0.000112569 0.000212116 -3.22298e-06 -9.50227e-05 -7.11537e-05 -6.37764e-05
1.83 -0.000475632 0.000217278 -6.47403e-06 -9.84405e-05 -0.000243445 -7.02558e-05
1.84 -0.00085576 0.000181019 -9.70383e-06 -8.27761e-05 -0.000428094 -6.3706e-05
1.85 -0.00125375 0.000115901 -1.26634e-05 -5.24122e-05 -0.000618295 -4.36496e-05
1.86 -0.00165866 3.19975e-05 -1.52433e-05 -1.21788e-05 -0.000803638 -9.67383e-06
1.87 -0.00203499 -6.73254e-05 -1.73471e-05 3.43123e-05 -0.000970712 3.70535e-05
1.88 -0.00233535 -0.000181455 -1.88075e-05 8.5036e-05 -0.00110492 9.24781e-05
1.89 -0.00251507 -0.00030544 -1.9489e-05 0.000138662 -0.00119047 0.000149133
1.9 -0.0025605 -0.000428135 -1.91248e-05 0.000193146 -0.00121702 0.000200504
1.91 -0.00247884 -0.000537242 -1.74733e-05 0.000244667 -0.00117939 0.000242246
1.92 -0.00227753 -0.000624095 -1.47036e-05 0.000287431 -0.00107835 0.000271971
1.93 -0.00196305 -0.000681526 -1.1216e-05 0.000314471 -0.000921963 0.000288161
1.94 -0.00153988 -0.000698064 -7.42362e-06 0.000319268 -0.000720945 0.000287367
1.95 -0.00103471 -0.000658573 -3.70889e-06 0.000297831 -0.000489873 0.000266771
1.96 -0.000495005 -0.000555069 -1.80965e-07 0.000250469 -0.000243938 0.000226232
1.97 3.60393e-05 -0.000398107 3.18649e-06 0.000182286 4.01605e-06 0.000168999
1.98 0.000528628 -0.000215239 6.22047e-06 0.000101866 0.000241148 0.000101622
1.99 0.000975944 -3.52495e-05 8.73903e-06 1.86121e-05 0.000457266 2.95747e-05
2 0.00136962 0.000127549 1.06547e-05 -5.98972e-05 0.000641408 -4.32394e-05
2.01 0.00168052 0.000273964 1.18554e-05 -0.000129168 0.000781229 -0.000113361
2.02 0.00187298 0.000406547 1.23326e-05 -0.000187306 0.000866848 -0.000176842
2.03 0.00191671 0.0005181 1.20708e-05 -0.000233523 0.000890226 -0.000227311
2.04 0.0018131 0.000594561 1.0899e-05 -0.000266764 0.000850664 -0.000259423
2.05 0.00159235 0.000627277 8.84542e-06 -0.000285131 0.000755027 -0.000271105
2.06 0.00128918 0.000618968 6.23525e-06 -0.000286127 0.000615223 -0.000263528
2.07 0.000938685 0.000576336 3.46202e-06 -0.00026753 0.000449041 -0.000240617
2.08 0.00056569 0.000499623 9.82514e-07 -0.000228708 0.000274092 -0.00020506
2.09 0.000197503 0.000383944 -8.97093e-07 -0.000172057 0.00010715 -0.000158762
2.1 -0.000128669 0.000232899 -2.20196e-06 -0.000103807 -3.70053e-05 -0.000104788
2.11 -0.00038203 6.8747e-05 -2.97167e-06 -3.33669e-05 -0.000149071 -4.79415e-05
2.12 -0.000538291 -7.47491e-05 -3.1932e-06 2.89812e-05 -0.000221587 4.20068e-06
2.13 -0.000591801 -0.000172049 -2.93721e-06 7.50649e-05 -0.000250659 4.52943e-05
2.14 -0.000549855 -0.00021918 -2.18284e-06 0.000100933 -0.000234616 7.23046e-05
2.15 -0.000415476 -0.000228403 -8.8732e-07 0.000107036 -0.000171944 8.46488e-05
2.16 -0.000193775 -0.000211698 8.62934e-07 9.67033e-05 -6.55292e-05 8.35246e-05
2.17 0.000112483 -0.000171029 3.04086e-06 7.40595e-05 7.89246e-05 6.86473e-05
2.18 0.000487912 -0.000103523 5.56412e-06 4.25238e-05 0.000250172 3.97086e-05
2.19 0.000892546 -1.22757e-05 8.11229e-06 4.33245e-06 0.000430526 -1.0671e-06
2.2 0.00127598 9.12153e-05 1.03692e-05 -3.90682e-05 0.000600706 -4.88983e-05
2.21 0.00158238 0.000194894 1.20464e-05 -8.60936e-05 0.00073978 -9.62094e-05
2.22 0.00177522 0.000293105 1.28293e-05 -0.00013389 0.000831128 -0.000136803
2.23 0.00184467 0.000383225 1.2627e-05 -0.0001775 0.000864879 -0.000167436
2.24 0.0017908 0.000456146 1.15034e-05 -0.00021 0.000836222 -0.000186115
2.25 0.0016199 0.000493174 9.53701e-06 -0.000223992 0.000747707 -0.000191507
2.26 0.00132981 0.000475133 6.99547e-06 -0.000214025 0.000604511 -0.000180621
2.27 0.00092266 0.000395666 4.15975e-06 -0.000178792 0.000414189 -0.000151189
2.28 0.000423306 0.00026611 1.09407e-06 -0.000121874 0.000187456 -0.000104538
2.29 -0.000130531 0.00010826 -2.16315e-06 -5.06496e-05 -6.49822e-05 -4.49305e-05
2.3 -0.000693232 -5.70376e-05 -5.58173e-06 2.60037e-05 -0.000328975 2.08221e-05
2.31 -0.00123363 -0.000215804 -9.10254e-06 0.000100094 -0.00058889 8.72782e-05
2.32 -0.00173492 -0.000359627 -1.2377e-05 0.000166043 -0.000828043 0.000151186
2.33 -0.00216845 -0.000482372 -1.49807e-05 0.000220961 -0.00102694 0.000209037
2.34 -0.00249281 -0.000579131 -1.66982e-05 0.000263823 -0.00116873 0.00025679
2.35 -0.00265726 -0.000646408 -1.73858e-05 0.000294049 -0.00123973 0.000288627
2.36 -0.00263342 -0.000680957 -1.7016e-05 0.000310231 -0.00123333 0.000300017
2.37 -0.00243953 -0.000678031 -1.57007e-05 0.000309754 -0.00115318 0.000290606
2.38 -0.00211768 -0.000632105 -1.3498e-05 0.000289643 -0.00100876 0.000262801
2.39 -0.00171277 -0.000540698 -1.0607e-05 0.000248314 -0.000815386 0.000221044
2.4 -0.00124728 -0.00040806 -7.45969e-06 0.000187307 -0.000589389 0.000168541
2.41 -0.000729061 -0.000245659 -4.36192e-06 0.000112055 -0.000345602 0.00010735
2.42 -0.000185523 -7.01569e-05 -1.43809e-06 3.12341e-05 -9.99746e-05 4.14177e-05
2.43 0.000337746 9.86517e-05 1.29018e-06 -4.50899e-05 0.000133553 -2.3662e-05
2.44 0.000786543 0.00024002 3.92525e-06 -0.000107865 0.000340645 -8.04204e-05
2.45 0.00112587 0.000336916 6.36449e-06 -0.000151167 0.000507486 -0.000122926
2.46 0.00135272 0.000382704 8.21064e-06 -0.000173264 0.000623567 -0.000149355
2.47 0.00146658 0.000384203 9.17488e-06 -0.000176191 0.000679186 -0.000159843
2.48 0.00145948 0.000355982 9.14922e-06 -0.000164009 0.000669912 -0.000155698
2.49 0.00131483 0.000308971 8.1685e-06 -0.000140636 0.0005972 -0.000137093
2.5 0.00102983 0.000243752 6.49118e-06 -0.000108446 0.000468844 -0.000104078
2.51 0.000644508 0.00015547 4.34692e-06 -6.83938e-05 0.000301727 -5.99735e-05
2.52 0.000221423 4.52446e-05 1.88129e-06 -2.13978e-05 0.000115745 -1.0478e-05
2.53 -0.000177681 -7.42398e-05 -5.79179e-07 3.0039e-05 -6.81174e-05 3.69372e-05
2.54 -0.000516885 -0.000184706 -2.69209e-06 8.10284e-05 -0.000231318 7.63783e-05
2.55 -0.000790243 -0.000272294 -4.28404e-06 0.000124713 -0.000361672 0.00010549
2.56 -0.000988787 -0.00032999 -5.25748e-06 0.000153644 -0.000449471 0.000122645
2.57 -0.00109456 -0.000351169 -5.69972e-06 0.000161605 -0.0004891 0.00012638
2.58 -0.00108251 -0.000325109 -5.76626e-06 0.000145432 -0.000477278 0.000114224
2.59 -0.000936057 -0.000243674 -5.35701e-06 0.000106281 -0.000411688 8.44903e-05
2.6 -0.000668552 -0.000113798 -4.30113e-06 4.97023e-05 -0.000294861 3.97254e-05
2.61 -0.000306133 3.93933e-05 -2.53964e-06 -1.5856e-05 -0.000131715 -1.488e-05
2.62 0.000120418 0.000185786 -5.52985e-08 -8.16789e-05 6.7923e-05 -7.26819e-05
2.63 0.000583411 0.000308649 2.95215e-06 -0.000141269 0.000288617 -0.000128459
2.64 0.00105987 0.000409975 6.10044e-06 -0.000191329 0.000512541 -0.000179572
2.65 0.00151003 0.000497904 9.09e-06 -0.000230873 0.000717865 -0.000222655
2.66 0.00188549 0.000570449 1.15952e-05 -0.000259365 0.000884381 -0.000253519
2.67 0.00213876 0.000612972 1.32977e-05 -0.000275257 0.000996334 -0.000267144
2.68 0.00223747 0.000610668 1.41283e-05 -0.000275778 0.00104318 -0.000260003
2.69 0.00218409 0.000560714 1.41083e-05 -0.000257847 0.0010236 -0.00023327
2.7 0.00199851 0.000470815 1.32827e-05 -0.000219468 0.000941064 -0.000190558
2.71 0.00170665 0.000348243 1.18205e-05 -0.000161072 0.000802951 -0.00013647
2.72 0.00132704 0.000194842 9.79971e-06 -8.64691e-05 0.000619229 -7.45655e-05
2.73 0.000863915 1.51983e-05 7.21921e-06 -3.02837e-06 0.000398769 -7.08137e-06
2.74 0.000332915 -0.000172338 4.20978e-06 7.93755e-05 0.000153349 6.14752e-05
2.75 -0.00023382 -0.000337329 8.6594e-07 0.000150668 -0.000103557 0.000124863
2.76 -0.00078678 -0.000453321 -2.7468e-06 0.000203318 -0.000356192 0.000176153
2.77 -0.00127174 -0.000513169 -6.37698e-06 0.000234143 -0.000585413 0.000210221
2.78 -0.00165782 -0.000528416 -9.71671e-06 0.00024419 -0.000774253 0.000226462
2.79 -0.00192913 -0.000514291 -1.24158e-05 0.000236945 -0.000907526 0.000225947
2.8 -0.00207698 -0.00047629 -1.40591e-05 0.000216094 -0.000975111 0.000210074
2.81 -0.00209029 -0.00041068 -1.45265e-05 0.000184129 -0.000974586 0.000179621
2.82 -0.00195443 -0.000315194 -1.40214e-05 0.000142315 -0.000908793 0.000135329
2.83 -0.00168167 -0.000196428 -1.27709e-05 9.16575e-05 -0.000788569 8.15201e-05
2.84 -0.00131282 -6.69977e-05 -1.10124e-05 3.41741e-05 -0.000628739 2.48725e-05
2.85 -0.000903326 6.15383e-05 -8.88935e-06 -2.61167e-05 -0.000444824 -2.74277e-05
2.86 -0.000499104 0.000180327 -6.38183e-06 -8.29246e-05 -0.000252577 -6.99515e-05
2.87 -0.000111232 0.000278551 -3.62081e-06 -0.000128444 -6.34012e-05 -0.000101008
2.88 0.000259408 0.000340573 -8.61099e-07 -0.000155159 0.000112054 -0.000119396
2.89 0.000598137 0.000351142 1.77176e-06 -0.000158152 0.000262916 -0.000123433
2.9 0.000867488 0.000305008 4.15112e-06 -0.000136889 0.000378918 -0.000111219
2.91 0.00101849 0.000211624 6.12209e-06 -9.55144e-05 0.000448554 -8.18952e-05
2.92 0.00103234 9.05457e-05 7.53392e-06 -4.14524e-05 0.000464904 -3.90223e-05
2.93 0.000923793 -3.78984e-05 8.06584e-06 1.69871e-05 0.000426287 1.13194e-05
2.94 0.000723478 -0.000159159 7.46659e-06 7.28612e-05 0.00033649 6.28403e-05
2.95 0.000458141 -0.000265388 5.88703e-06 0.000121796 0.000206765 0.000110696
2.96 0.000136061 -0.000353187 3.68023e-06 0.000161841 5.10516e-05 0.000152616
2.97 -0.000224603 -0.00042097 1.24422e-06 0.000192291 -0.000113384 0.00018545
2.98 -0.000583018 -0.000466313 -1.07035e-06 0.000212174 -0.00026861 0.000204817
2.99 -0.000887397 -0.00048349 -3.20025e-06 0.000219225 -0.000400555 0.000206524
3 -0.00109491 -0.000463465 -5.16958e-06 0.000210016 -0.00049787 0.000188214
3.01 -0.00120111 -0.000398211 -6.82741e-06 0.000181314 -0.000555366 0.000152265
3.02 -0.0012231 -0.000286974 -8.04307e-06 0.000132056 -0.000571226 0.000103314
3.03 -0.00117136 -0.000139009 -8.72425e-06 6.48803e-05 -0.000543852 4.58578e-05
3.04 -0.00103955 2.96727e-05 -8.74347e-06 -1.36348e-05 -0.000473595 -1.64796e-05
3.05 -0.000806241 0.000201727 -8.08419e-06 -9.41814e-05 -0.00036038 -8.12111e-05
3.06 -0.000470128 0.000360636 -6.70553e-06 -0.000166867 -0.000207976 -0.000143582
3.07 -6.06328e-05 0.000489692 -4.47361e-06 -0.000223491 -2.57022e-05 -0.000196954
3.08 0.00037693 0.000573327 -1.48666e-06 -0.000259234 0.000173736 -0.000235204
3.09 0.000795705 0.00060353 1.93518e-06 -0.000273249 0.000372721 -0.000254411
3.1 0.00116964 0.000585677 5.42485e-06 -0.000267949 0.000554114 -0.000255081
3.11 0.00148166 0.000535286 8.53692e-06 -0.000247207 0.000702894 -0.000239279
3.12 0.00171128 0.000465723 1.09746e-05 -0.00021434 0.000806846 -0.000208517
3.13 0.00183921 0.000378149 1.27081e-05 -0.000170999 0.000860756 -0.000164136
3.14 0.00184816 0.000264768 1.37162e-05 -0.000117676 0.0008634 -0.000107818
3.15 0.00174217 0.00012292 1.40149e-05 -5.54438e-05 0.000818343 -4.47019e-05
3.16 0.00154367 -3.45674e-05 1.37055e-05 1.23038e-05 0.000732467 1.77446e-05
3.17 0.00127707 -0.000183795 1.27539e-05 7.93191e-05 0.000611681 7.27811e-05
3.18 0.000964177 -0.000303893 1.10923e-05 0.000137516 0.000463267 0.000115755
3.19 0.000611937 -0.000385546 8.74572e-06 0.000178929 0.000293818 0.000145504
3.2 0.000226829 -0.000426415 5.72059e-06 0.000197727 0.000111138 0.000161333
3.21 -0.000171266 -0.000422179 2.1835e-06 0.000191682 -7.29388e-05 0.000161484
3.22 -0.000551006 -0.000366934 -1.47905e-06 0.000162808 -0.000245737 0.000144686
3.23 -0.000868441 -0.000264042 -4.9458e-06 0.000116932 -0.000392526 0.000111228
3.24 -0.0010911 -0.000133603 -7.93118e-06 6.21031e-05 -0.000500853 6.55729e-05
3.25 -0.00120902 -4.41913e-06 -1.01427e-05 6.17597e-06 -0.000564038 1.45788e-05
3.26 -0.00122951 0.000104161 -1.1465e-05 -4.53243e-05 -0.000579898 -3.58189e-05
3.27 -0.00117276 0.000192165 -1.18596e-05 -8.98835e-05 -0.000553397 -8.12981e-05
3.28 -0.00105021 0.000269996 -1.13504e-05 -0.000126869 -0.0004925 -0.000119687
3.29 -0.000868036 0.000340135 -1.02052e-05 -0.000155491 -0.000406076 -0.000148027
3.3 -0.000639255 0.000389071 -8.68539e-06 -0.000173367 -0.000304167 -0.000161828
3.31 -0.000384798 0.000397254 -6.84044e-06 -0.000176643 -0.000194013 -0.000157657
3.32 -0.000136935 0.000355204 -4.66591e-06 -0.000161477 -8.27357e-05 -0.000134488
3.33 8.29346e-05 0.000268653 -2.1167e-06 -0.000125903 2.33244e-05 -9.56248e-05
3.34 0.000271525 0.000149812 7.46377e-07 -7.11776e-05 0.000118916 -4.64548e-05
3.35 0.000429082 7.69447e-06 3.52978e-06 -2.23246e-06 0.000196272 8.72704e-06
3.36 0.000549218 -0.000150464 5.80161e-06 7.28393e-05 0.000248181 6.64881e-05
3.37 0.000604738 -0.00031019 7.3344e-06 0.000144253 0.000267486 0.000123994
3.38 0.000568065 -0.000447138 7.9886e-06 0.000202774 0.00024939 0.000176401
3.39 0.00043832 -0.000537587 7.76643e-06 0.000242049 0.000195983 0.000216979
3.4 0.000241881 -0.000572703 6.75188e-06 0.000259933 0.000113562 0.000240493
3.41 2.24354e-05 -0.000561681 4.96302e-06 0.000258072 1.33101e-05 0.000244485
3.42 -0.000191833 -0.000520405 2.5978e-06 0.000240004 -9.2548e-05 0.000230411
3.43 -0.000396748 -0.000457342 5.65092e-08 0.000208965 -0.000194857 0.000201159
3.44 -0.000591895 -0.000370154 -2.38793e-06 0.000166718 -0.00028566 0.000158406
3.45 -0.00076914 -0.00025414 -4.60832e-06 0.0001139 -0.000360756 0.000103889
3.46 -0.000903766 -0.000111939 -6.60424e-06 5.14023e-05 -0.000417202 4.03204e-05
3.47 -0.00097499 4.47917e-05 -8.48236e-06 -1.81262e-05 -0.000451898 -2.65437e-05
3.48 -0.000983641 0.000200535 -1.0112e-05 -8.94774e-05 -0.0004634 -8.88447e-05
3.49 -0.000939796 0.000340416 -1.11175e-05 -0.000155147 -0.00044846 -0.000140431
3.5 -0.000851619 0.000450422 -1.12327e-05 -0.00020668 -0.000404548 -0.000177745
3.51 -0.000710006 0.000516869 -1.03264e-05 -0.00023677 -0.000330802 -0.000200129
3.52 -0.000500392 0.000529494 -8.43272e-06 -0.000241393 -0.000228212 -0.000207395
3.53 -0.000229894 0.000486816 -5.81203e-06 -0.000221085 -0.000103984 -0.000197994
3.54 7.25805e-05 0.000398332 -2.69566e-06 -0.000180697 3.1642e-05 -0.000171323
3.55 0.000364667 0.000280882 7.13214e-07 -0.000127691 0.000166588 -0.00012905
3.56 0.00061634 0.000152204 4.05991e-06 -6.97851e-05 0.00028912 -7.64946e-05
3.57 0.000822796 2.62818e-05 7.04411e-06 -1.30174e-05 0.000392677 -2.10362e-05
3.58 0.000987515 -8.80829e-05 9.50694e-06 3.90352e-05 0.000473209 3.16956e-05
3.59 0.00111354 -0.000186875 1.13357e-05 8.47542e-05 0.000529937 7.80243e-05
3.6 0.00119332 -0.000269179 1.25778e-05 0.000123136 0.000563698 0.000115745
3.61 0.00121534 -0.000333438 1.33011e-05 0.000152353 0.000573599 0.000142008
3.62 0.00117853 -0.000372977 1.33741e-05 0.000169042 0.00055951 0.000152459
3.63 0.00108566 -0.000375445 1.2671e-05 0.000168873 0.00051993 0.000144403
3.64 0.00094347 -0.000329231 1.11372e-05 0.000148296 0.000453932 0.000118253
3.65 0.000757234 -0.000232976 8.72769e-06 0.000106662 0.000363946 7.81201e-05
3.66 0.000530558 -9.95134e-05 5.61166e-06 4.75339e-05 0.000254198 2.98253e-05
3.67 0.000277976 4.99988e-05 2.1308e-06 -2.1606e-05 0.000133673 -2.24928e-05
3.68 1.97879e-05 0.000196063 -1.38044e-06 -9.11326e-05 1.31924e-05 -7.57117e-05
3.69 -0.00021897 0.000325312 -4.51258e-06 -0.000151683 -9.73345e-05 -0.000126587
3.7 -0.000415214 0.000427104 -6.93995e-06 -0.000196223 -0.000188976 -0.000170176
3.71 -0.000559303 0.000489838 -8.62218e-06 -0.000221182 -0.00025813 -0.000199974
3.72 -0.000649853 0.000504587 -9.58974e-06 -0.00022649 -0.000304175 -0.00021163
3.73 -0.000695651 0.000473024 -9.88032e-06 -0.000214612 -0.000328495 -0.000204213
3.74 -0.000707021 0.000408649 -9.58161e-06 -0.000188888 -0.000334092 -0.000179993
3.75 -0.000684473 0.000326398 -8.67117e-06 -0.000151846 -0.000321193 -0.000142363
3.76 -0.000623206 0.000229932 -7.14119e-06 -0.00010446 -0.000289661 -9.3212e-05
3.77 -0.000514093 0.000111035 -5.14074e-06 -4.69187e-05 -0.000238959 -3.45251e-05
3.78 -0.000357979 -3.63745e-05 -2.75528e-06 1.94677e-05 -0.000169331 3.00239e-05
3.79 -0.000172358 -0.000201648 -4.11789e-08 9.05299e-05 -8.58507e-05 9.42026e-05
3.8 2.02003e-05 -0.000358044 2.79754e-06 0.000158969 4.29121e-06 0.000150238
3.81 0.000197377 -0.000478409 5.49114e-06 0.000215877 9.11466e-05 0.000192701
3.82 0.000347086 -0.00054976 7.64844e-06 0.0002532 0.000164184 0.000219301
3.83 0.000461904 -0.000572976 8.82711e-06 0.0002659 0.000216201 0.000229938
3.84 0.000528397 -0.000551448 8.92308e-06 0.000253051 0.000241825 0.000224821
3.85 0.000535215 -0.000484534 8.14102e-06 0.000217785 0.000240454 0.000202881
3.86 0.000478405 -0.000373983 6.72503e-06 0.000166314 0.000214874 0.000164225
3.87 0.000370435 -0.000233936 4.91426e-06 0.00010626 0.000168679 0.000111931
3.88 0.000234164 -8.93383e-05 2.79517e-06 4.46262e-05 0.000106975 5.21333e-05
3.89 8.11833e-05 3.88485e-05 3.24396e-07 -1.38355e-05 3.221e-05 -7.63997e-06
3.9 -9.04247e-05 0.000146472 -2.35651e-06 -6.69516e-05 -5.41241e-05 -6.2089e-05
3.91 -0.000289648 0.000242436 -5.00806e-06 -0.000113895 -0.000149526 -0.000108249
3.92 -0.000513605 0.000331678 -7.49266e-06 -0.000153201 -0.000250481 -0.000143929
3.93 -0.000735803 0.00040305 -9.65865e-06 -0.000181495 -0.000348527 -0.000166318
3.94 -0.000922781 0.000434969 -1.13596e-05 -0.000193927 -0.000433322 -0.000171522
3.95 -0.00104806 0.000412394 -1.24283e-05 -0.000186068 -0.000494482 -0.00015767
3.96 -0.00110211 0.000337515 -1.25318e-05 -0.000156107 -0.000522707 -0.000126632
3.97 -0.00108725 0.000225159 -1.14556e-05 -0.000106162 -0.000514231 -8.33181e-05
3.98 -0.00100222 9.10941e-05 -9.35094e-06 -4.22539e-05 -0.000468763 -3.3692e-05
3.99 -0.000846653 -5.29137e-05 -6.54263e-06 2.68699e-05 -0.000390255 1.81953e-05
4 -0.000626738 -0.000194297 -3.43067e-06 9.16211e-05 -0.000286325 6.94916e-05
