0.01 1.63903e-05 2.77118e-05 9.58181e-07 -2.24649e-05 2.40634e-05 -7.13675e-05
0.02 0.000184251 0.000249465 7.48421e-06 -0.000168583 0.000182427 -0.000444198
0.03 0.000952523 0.00110265 2.75945e-05 -0.000631591 0.000688111 -0.00131373
0.04 0.00306369 0.00319089 6.63143e-05 -0.00160358 0.00176247 -0.00267515
0.05 0.00700453 0.0067948 0.000122322 -0.0031351 0.00349046 -0.00425174
0.06 0.0123076 0.0113603 0.000191476 -0.00504569 0.00571545 -0.00557824
0.07 0.0175497 0.0155982 0.000266899 -0.00694486 0.00805509 -0.00644797
0.08 0.0213084 0.0182862 0.000335278 -0.00836494 0.0100381 -0.00693526
0.09 0.023174 0.0190186 0.000377627 -0.00893676 0.011276 -0.00717051
0.1 0.0236822 0.0181164 0.000377 -0.00851262 0.0115904 -0.00717223
0.11 0.0232838 0.0158867 0.000331907 -0.00718706 0.0110208 -0.00665762
0.12 0.0216216 0.0122331 0.000261381 -0.00523275 0.00975035 -0.00538857
0.13 0.0180613 0.00715451 0.000189412 -0.00299441 0.00801969 -0.00344362
0.14 0.0128496 0.00143458 0.000125457 -0.000775169 0.00602612 -0.00112862
0.15 0.00727877 -0.00359728 6.0495e-05 0.00125911 0.00385752 0.00113986
0.16 0.00242316 -0.00725191 -2.08283e-05 0.00312288 0.00145517 0.00323264
0.17 -0.00219481 -0.0102777 -0.000121313 0.00495855 -0.00135397 0.00526705
0.18 -0.00829201 -0.0141137 -0.000227053 0.00688964 -0.00469969 0.00726041
0.19 -0.0168643 -0.0191766 -0.000324373 0.00886387 -0.00851059 0.00906511
0.2 -0.0266885 -0.0240452 -0.000410877 0.0106016 -0.0124333 0.010282
0.21 -0.0349874 -0.0265716 -0.00048808 0.0116999 -0.0159171 0.010631
0.22 -0.0396901 -0.0258147 -0.000549048 0.0118295 -0.0184508 0.0102248
0.23 -0.0409834 -0.0227168 -0.00057346 0.0108917 -0.019739 0.0093205
0.24 -0.0405146 -0.01886 -0.000542782 0.00904853 -0.0197704 0.00819911
0.25 -0.0393553 -0.0148363 -0.000464181 0.00664526 -0.0187452 0.00685996
0.26 -0.0370007 -0.0101397 -0.00036837 0.00409775 -0.0169264 0.0051204
0.27 -0.0323692 -0.00457728 -0.000284166 0.00179174 -0.0145697 0.00305107
0.28 -0.0255137 0.000694197 -0.000218894 -4.20141e-06 -0.011854 0.000914888
0.29 -0.0178504 0.00396758 -0.000156487 -0.00121066 -0.00885384 -0.000846501
0.3 -0.0107336 0.00479846 -7.80461e-05 -0.00195179 -0.00555955 -0.00196186
0.31 -0.0040903 0.00463523 1.45389e-05 -0.00246196 -0.00191069 -0.00257973
0.32 0.00329637 0.00534022 0.000103995 -0.00291202 0.00205094 -0.00287495
0.33 0.0120198 0.00714679 0.000176845 -0.0032707 0.0060719 -0.00295732
0.34 0.0208848 0.00833915 0.000229139 -0.00331179 0.00969518 -0.00269037
0.35 0.0275487 0.00704339 0.000262767 -0.00277264 0.0123686 -0.001832
0.36 0.0302605 0.00316348 0.00027475 -0.00154926 0.0136921 -0.000520489
0.37 0.0290777 -0.00159416 0.000252691 0.000208986 0.013556 0.000923907
0.38 0.0253979 -0.00544577 0.00019268 0.00214702 0.0121503 0.00209658
0.39 0.0206797 -0.00795156 0.000111275 0.00383275 0.00988291 0.00278886
0.4 0.0156137 -0.00965774 3.35381e-05 0.00488582 0.00717781 0.00319556
0.41 0.0101699 -0.010692 -2.08869e-05 0.00506951 0.00437287 0.00340342
0.42 0.00426158 -0.0102063 -4.85291e-05 0.00434873 0.00165602 0.00335905
0.43 -0.00192173 -0.00737598 -6.29864e-05 0.00290712 -0.000940459 0.00283031
0.44 -0.00792586 -0.00267482 -7.61592e-05 0.00108779 -0.00341235 0.00155708
0.45 -0.0131317 0.00221568 -8.87406e-05 -0.000750561 -0.00571559 -0.000249825
0.46 -0.0170033 0.00587002 -9.75649e-05 -0.00239443 -0.00767151 -0.00224352
0.47 -0.0191532 0.00834789 -9.52705e-05 -0.00384886 -0.00895063 -0.00409667
0.48 -0.0193944 0.0108695 -7.22086e-05 -0.00526832 -0.00920021 -0.00567002
0.49 -0.0175689 0.0143732 -2.37505e-05 -0.00679099 -0.00812546 -0.00717381
0.5 -0.013211 0.0185296 5.17702e-05 -0.00839293 -0.00564315 -0.00857453
0.51 -0.00586614 0.022095 0.000148251 -0.00985114 -0.00195431 -0.00964706
0.52 0.00418162 0.0239709 0.000246187 -0.010819 0.00250412 -0.0100815
0.53 0.0152984 0.023785 0.000327636 -0.0109605 0.0071061 -0.00960609
0.54 0.0249548 0.0216512 0.000384634 -0.0100807 0.0112571 -0.00846601
0.55 0.0314601 0.0177573 0.000413239 -0.0082107 0.0145603 -0.00696755
0.56 0.0350937 0.0123939 0.000414853 -0.00562103 0.0168712 -0.00529699
0.57 0.0375542 0.00623222 0.000392527 -0.00274917 0.0182831 -0.00349832
0.58 0.0399559 0.000267073 0.000347902 -5.42302e-05 0.0188879 -0.00134953
0.59 0.0412654 -0.00466737 0.000292067 0.00213979 0.0186512 0.00100358
0.6 0.0392524 -0.00829538 0.000238294 0.00373184 0.0174061 0.00319804
0.61 0.0327102 -0.0108089 0.00018321 0.00482107 0.0149206 0.00489361
0.62 0.022741 -0.0125018 0.000112153 0.00559446 0.0111164 0.0058257
0.63 0.0116828 -0.0135867 1.17285e-05 0.00619317 0.00610576 0.00624004
0.64 0.000653083 -0.0142339 -0.00011773 0.00662481 0.000196151 0.0063434
0.65 -0.0110309 -0.0144855 -0.000249452 0.00675127 -0.00610126 0.0061305
0.66 -0.0241161 -0.0139791 -0.000350094 0.0063541 -0.0121832 0.00552943
0.67 -0.037288 -0.0119566 -0.000409078 0.00525915 -0.017374 0.00429552
0.68 -0.0471765 -0.00791668 -0.000433553 0.0034708 -0.0211084 0.00264408
0.69 -0.0512193 -0.00243026 -0.000434867 0.00124266 -0.0231341 0.00100026
0.7 -0.0499486 0.00285471 -0.000419254 -0.00097231 -0.0235108 -0.000348383
0.71 -0.0463583 0.00629189 -0.000380062 -0.00268628 -0.022566 -0.00119417
0.72 -0.0429172 0.00741956 -0.000316467 -0.00356713 -0.0206095 -0.00178628
0.73 -0.03905 0.00700566 -0.000247537 -0.00354429 -0.0177545 -0.00222474
0.74 -0.0322334 0.00593547 -0.000189022 -0.0027848 -0.0139926 -0.00232411
0.75 -0.0210454 0.00425839 -0.000138425 -0.00158118 -0.00928528 -0.00193184
0.76 -0.00697628 0.00150662 -8.09548e-05 -0.000227129 -0.00380758 -0.000809436
0.77 0.00661277 -0.00219225 4.27394e-07 0.00106925 0.00202344 0.000773935
0.78 0.0175318 -0.00574264 9.95105e-05 0.0022309 0.00766895 0.00237932
0.79 0.0259235 -0.00810879 0.000182147 0.00331668 0.012503 0.0038191
0.8 0.0328034 -0.00957007 0.000221653 0.00446262 0.0159908 0.00495546
0.81 0.0379757 -0.011533 0.000215138 0.00575514 0.0177243 0.00601947
0.82 0.039422 -0.0148425 0.000175289 0.00709792 0.0174981 0.00699116
0.83 0.0354419 -0.0184257 0.000123216 0.00817426 0.0154658 0.00752024
0.84 0.0266465 -0.0199411 6.87999e-05 0.00856377 0.0120303 0.0074069
0.85 0.0157394 -0.0179026 7.93655e-06 0.00795579 0.00776623 0.00643501
0.86 0.00558747 -0.0130254 -5.33293e-05 0.00631552 0.00319972 0.00489654
0.87 -0.00305275 -0.00736541 -0.000102485 0.00389749 -0.00139145 0.00319068
0.88 -0.0113335 -0.00229516 -0.000136511 0.00112229 -0.00585922 0.00136639
0.89 -0.0204355 0.00239872 -0.000157707 -0.00158391 -0.0101252 -0.000510566
0.9 -0.030049 0.00743389 -0.000175747 -0.00389934 -0.0139831 -0.00263098
0.91 -0.038017 0.0124778 -0.000199505 -0.00565226 -0.0170076 -0.00485247
0.92 -0.042001 0.0161249 -0.000216208 -0.00683219 -0.0187274 -0.00668579
0.93 -0.0409327 0.0174588 -0.000206018 -0.00756769 -0.0186803 -0.00791333
0.94 -0.0352727 0.017244 -0.000161347 -0.00804274 -0.0166397 -0.00833903
0.95 -0.0265067 0.0171749 -8.08878e-05 -0.00836258 -0.0127094 -0.00822485
0.96 -0.0157191 0.0179274 2.46935e-05 -0.00844818 -0.00724089 -0.00786213
0.97 -0.00329676 0.0182504 0.000134228 -0.00805511 -0.000862693 -0.00711399
0.98 0.0105081 0.016201 0.000234269 -0.00693272 0.0057418 -0.00595511
0.99 0.0248926 0.0112015 0.000312827 -0.0050197 0.0119389 -0.0042222
1 0.037826 0.00470358 0.000359062 -0.00253609 0.0171961 -0.00213338
1.01 0.0471776 -0.00113977 0.000380863 8.38239e-05 0.0212518 -0.000241792
1.02 0.052109 -0.00521839 0.000391209 0.00235901 0.0239905 0.0012845
1.03 0.0535177 -0.00780534 0.000393504 0.0039226 0.0254193 0.00229784
1.04 0.0532641 -0.0094549 0.000388508 0.00460823 0.0255608 0.00301306
1.05 0.0517867 -0.0100218 0.000367154 0.00446301 0.0242587 0.00359224
1.06 0.0474085 -0.00896354 0.000317516 0.00370928 0.021334 0.00371572
1.07 0.0378873 -0.00636618 0.000245272 0.00265839 0.0166565 0.00328565
1.08 0.0227477 -0.00326567 0.000157371 0.00158601 0.010365 0.00217111
1.09 0.00479894 -0.000782159 5.16965e-05 0.000616883 0.00303325 0.000624389
1.1 -0.0119405 0.000932282 -6.56282e-05 -0.000309963 -0.00456541 -0.00080697
1.11 -0.0251984 0.00271473 -0.00018241 -0.00135707 -0.0115745 -0.00205979
1.12 -0.0354007 0.00538149 -0.000280066 -0.00263032 -0.0173212 -0.00305424
1.13 -0.0442137 0.0088064 -0.000331831 -0.00405179 -0.0214397 -0.00394771
1.14 -0.0513907 0.0119665 -0.000334758 -0.00534298 -0.0237181 -0.00477613
1.15 -0.0545335 0.0137083 -0.000315306 -0.00612208 -0.0241866 -0.00507121
1.16 -0.0516746 0.0133766 -0.000295259 -0.00605762 -0.0230009 -0.00470368
1.17 -0.0435177 0.0108948 -0.000281982 -0.00500394 -0.0204041 -0.00359089
1.18 -0.0335043 0.00660141 -0.000265794 -0.00306792 -0.0167295 -0.00198829
1.19 -0.0242834 0.00119474 -0.000223426 -0.000586511 -0.012142 -0.000388887
1.2 -0.0152522 -0.00433722 -0.000152895 0.00198324 -0.00675056 0.00127313
1.21 -0.00390735 -0.0090696 -7.44606e-05 0.0042251 -0.000709212 0.00297679
1.22 0.0109783 -0.0126024 2.10314e-06 0.00590149 0.00565035 0.00479778
1.23 0.0266538 -0.0151273 7.45759e-05 0.0069992 0.0116076 0.00664676
1.24 0.0382971 -0.0169717 0.000140958 0.00766316 0.0163631 0.00793781
1.25 0.0430876 -0.0181443 0.000198651 0.00806421 0.0192482 0.00853486
1.26 0.0418618 -0.0184227 0.000226158 0.00828147 0.0199275 0.00839281
1.27 0.0378463 -0.0177844 0.00020182 0.00825396 0.0185424 0.00771524
1.28 0.0328052 -0.0164718 0.000138385 0.00780654 0.01541 0.00687893
1.29 0.0257035 -0.0144837 6.40955e-05 0.00673289 0.0109908 0.00565838
1.3 0.0150216 -0.0112111 1.10045e-06 0.0049118 0.00578129 0.00401008
1.31 0.0010518 -0.00597475 -3.99328e-05 0.00241822 0.000194347 0.00193357
1.32 -0.0132056 0.000879136 -7.52461e-05 -0.000428468 -0.00532072 -0.000396523
1.33 -0.0246804 0.00761095 -0.000125415 -0.00313289 -0.010487 -0.00234095
1.34 -0.0328965 0.0121681 -0.000184298 -0.00520367 -0.0151208 -0.00380071
1.35 -0.0393169 0.0137947 -0.000239849 -0.00634984 -0.0189876 -0.00476925
1.36 -0.0453915 0.0134801 -0.000284326 -0.00657339 -0.0218261 -0.00536101
1.37 -0.0500662 0.0127258 -0.000306387 -0.00610879 -0.0231476 -0.00580095
1.38 -0.0503402 0.0119908 -0.000305033 -0.00526583 -0.0224999 -0.00569861
1.39 -0.0442216 0.01054 -0.000279101 -0.00428599 -0.0196921 -0.00494965
1.4 -0.0321208 0.00775823 -0.000215658 -0.00328203 -0.0148441 -0.00361154
1.41 -0.0170116 0.00423325 -0.00011922 -0.00224848 -0.00855905 -0.00188411
1.42 -0.00206231 0.0012145 -1.05622e-05 -0.00110389 -0.00159037 -0.000378947
1.43 0.0114184 -0.000901915 9.5678e-05 0.000244546 0.00532162 0.000896176
1.44 0.0234632 -0.00310717 0.000183018 0.00180872 0.01154 0.00198882
1.45 0.034712 -0.00647967 0.000244295 0.00342758 0.0167529 0.00291748
1.46 0.044713 -0.0104705 0.000291653 0.00475019 0.0207454 0.00376414
1.47 0.0518492 -0.0128832 0.00032925 0.00535337 0.0234327 0.00401292
1.48 0.0548782 -0.0118085 0.000356957 0.00495037 0.0248035 0.00353432
1.49 0.0533901 -0.0074896 0.000382608 0.00355413 0.0247342 0.00244532
1.5 0.0484987 -0.00208386 0.000398029 0.00148006 0.0231854 0.000929596
1.51 0.0415885 0.00239119 0.000386118 -0.000808079 0.0200773 -0.000482565
1.52 0.0327914 0.00565806 0.000340575 -0.0028959 0.0154068 -0.00189596
1.53 0.0214878 0.00869644 0.000255727 -0.00453778 0.00944171 -0.00340325
1.54 0.0069434 0.012 0.000141628 -0.00566768 0.00260102 -0.00491364
1.55 -0.00962074 0.0147511 2.93465e-05 -0.00635007 -0.00436094 -0.00638017
1.56 -0.0247952 0.0158217 -6.66459e-05 -0.00671543 -0.0105972 -0.0072039
1.57 -0.035401 0.015235 -0.000146221 -0.00688527 -0.0154464 -0.00725705
1.58 -0.040165 0.0141974 -0.000204662 -0.00688607 -0.0184714 -0.00670231
1.59 -0.040909 0.0135949 -0.000244562 -0.00659093 -0.0197294 -0.00565792
1.6 -0.0403408 0.0127595 -0.000264234 -0.00575657 -0.0194803 -0.00452385
1.61 -0.0390161 0.0100373 -0.00025623 -0.00417174 -0.0179866 -0.00307057
1.62 -0.0354759 0.00459591 -0.000236686 -0.00183234 -0.0154967 -0.00116897
1.63 -0.0276737 -0.00250836 -0.000223425 0.00098153 -0.0120388 0.000983089
1.64 -0.0159886 -0.00911648 -0.00020777 0.00378697 -0.00773161 0.00324391
1.65 -0.00344035 -0.0136741 -0.000174903 0.00608684 -0.00279135 0.00498496
1.66 0.0074653 -0.0160743 -0.000109015 0.00754734 0.00252554 0.00610441
1.67 0.016276 -0.0170218 -5.69208e-06 0.00807759 0.00774955 0.00678959
1.68 0.0246765 -0.0169565 0.000101402 0.00780664 0.0124347 0.00704498
1.69 0.033429 -0.0157951 0.000176399 0.00699693 0.0160225 0.00710051
1.7 0.0400825 -0.0135178 0.000214986 0.00593229 0.0179264 0.00659547
1.71 0.0412977 -0.0106084 0.000222419 0.00481066 0.0178777 0.00536227
1.72 0.0355561 -0.00770866 0.000210177 0.00367569 0.0158677 0.00367533
1.73 0.0252802 -0.00496459 0.000188601 0.00242747 0.0123607 0.00170457
1.74 0.0149081 -0.00193478 0.000146015 0.000925187 0.0080285 3.00241e-05
1.75 0.00645749 0.00179952 8.112e-05 -0.000870189 0.00336419 -0.00131436
1.76 -0.00108221 0.00602495 1.70021e-05 -0.00280223 -0.00125788 -0.00254148
1.77 -0.0102191 0.00990569 -3.70548e-05 -0.00453363 -0.00577159 -0.00353019
1.78 -0.021499 0.0124743 -8.50383e-05 -0.00566285 -0.0101086 -0.00434621
1.79 -0.0321669 0.0130527 -0.000135831 -0.00588085 -0.0140286 -0.00453069
1.8 -0.0393946 0.0113861 -0.000208152 -0.00509428 -0.0173011 -0.00389862
1.81 -0.0422015 0.00771485 -0.000294419 -0.0034701 -0.0195244 -0.00278006
1.82 -0.0420327 0.00287949 -0.000358257 -0.00138609 -0.0203929 -0.00131661
1.83 -0.040624 -0.00184718 -0.000381058 0.000702543 -0.0197007 2.07211e-05
1.84 -0.0372262 -0.00540461 -0.000359611 0.00243032 -0.017269 0.00128925
1.85 -0.0301943 -0.00761895 -0.000298638 0.00364246 -0.0132914 0.00272201
1.86 -0.0187998 -0.00916179 -0.000221383 0.00440424 -0.00815844 0.00407314
1.87 -0.00481646 -0.0107028 -0.000139136 0.00489396 -0.00251473 0.00527231
1.88 0.00805453 -0.0121231 -4.87816e-05 0.00525079 0.00287412 0.00581262
1.89 0.0177164 -0.0126739 3.62818e-05 0.00547448 0.00757145 0.00551838
1.9 0.0242109 -0.0118651 0.000108244 0.00542233 0.0113169 0.00475586
1.91 0.0291716 -0.00995627 0.000173961 0.00488171 0.0141519 0.00359257
1.92 0.0340215 -0.00741443 0.000231203 0.00367126 0.016231 0.00235233
1.93 0.0379635 -0.00407175 0.000284423 0.00173675 0.0174957 0.000885768
1.94 0.0396026 0.000764211 0.000339133 -0.000777372 0.0178944 -0.00104469
1.95 0.0377276 0.00713399 0.000376467 -0.00351 0.0172004 -0.00307449
1.96 0.0322285 0.0135668 0.000383627 -0.00596247 0.0152292 -0.00503325
1.97 0.024492 0.0178256 0.000361539 -0.00767411 0.0120536 -0.00641347
1.98 0.0155031 0.018748 0.00030143 -0.00840983 0.00781891 -0.00706187
1.99 0.00612711 0.01725 0.000208799 -0.00824105 0.00301401 -0.00734754
2 -0.00322395 0.0153098 0.00010463 -0.00746079 -0.00178298 -0.00721527
2.01 -0.0124291 0.0139731 5.16644e-07 -0.00639343 -0.00605188 -0.00680913
2.02 -0.0202489 0.0125434 -8.32729e-05 -0.00523416 -0.00926248 -0.00588704
2.03 -0.0255144 0.00976729 -0.000131009 -0.00400909 -0.0112629 -0.00420664
2.04 -0.0272708 0.00552487 -0.000161061 -0.00263924 -0.0120683 -0.00221581
2.05 -0.0256469 0.00101833 -0.000189717 -0.00103421 -0.011872 -0.000120526
2.06 -0.0225957 -0.00268015 -0.000216394 0.000835008 -0.0110489 0.00163585
2.07 -0.0195672 -0.00584613 -0.000240532 0.00288445 -0.00972499 0.00294628
2.08 -0.0169202 -0.00949647 -0.000244732 0.00487991 -0.0079684 0.00416512
2.09 -0.0133189 -0.0136395 -0.00021447 0.00645041 -0.0056735 0.00509458
2.1 -0.00680349 -0.0165696 -0.000165594 0.00719951 -0.00267137 0.00570016
2.11 0.00221202 -0.0162608 -0.000105138 0.00688857 0.000853467 0.00566919
2.12 0.0116454 -0.0124384 -2.59798e-05 0.00558105 0.00460123 0.00475924
2.13 0.018814 -0.00702154 6.4589e-05 0.00363569 0.00802519 0.00345948
2.14 0.0225056 -0.00240471 0.00015888 0.00153787 0.0105666 0.00194258
2.15 0.0241367 0.000560104 0.000238768 -0.000317168 0.0119873 0.000526256
2.16 0.0248022 0.00278096 0.000269748 -0.00174941 0.01212 -0.00075109
2.17 0.0244061 0.00535291 0.000252592 -0.00277937 0.0111189 -0.00222437
2.18 0.0216561 0.00814824 0.000218401 -0.00352776 0.00926934 -0.00356337
2.19 0.0156026 0.0101012 0.000184528 -0.00411051 0.00683924 -0.00459177
2.2 0.00811409 0.010597 0.000160344 -0.00456962 0.00426009 -0.00497448
2.21 0.00161559 0.0101388 0.000136242 -0.00483545 0.00169046 -0.00448772
2.22 -0.00280162 0.00950334 8.29812e-05 -0.00472383 -0.000848002 -0.00363108
2.23 -0.00632703 0.00852082 2.78865e-06 -0.00399821 -0.00342625 -0.00249542
2.24 -0.0116481 0.00606328 -8.2119e-05 -0.00250183 -0.00623612 -0.00124047
2.25 -0.0189643 0.00134245 -0.000167716 -0.000296383 -0.00908106 0.000162191
2.26 -0.0260943 -0.00495066 -0.00024721 0.00228973 -0.0116171 0.00201489
2.27 -0.0302234 -0.0109428 -0.000314878 0.00475681 -0.0133976 0.0038716
2.28 -0.0299462 -0.0149685 -0.000372084 0.00662681 -0.0139749 0.00545852
2.29 -0.0270154 -0.0166015 -0.000394878 0.00761807 -0.0133477 0.00646305
2.3 -0.0233024 -0.0164579 -0.0003637 0.0077126 -0.0116332 0.00668747
2.31 -0.0193714 -0.0152954 -0.00029779 0.00710551 -0.00915744 0.00660374
2.32 -0.014691 -0.0134692 -0.000218088 0.00608422 -0.00636839 0.00617788
2.33 -0.00832524 -0.0110798 -0.000141394 0.00489935 -0.0035057 0.00539224
2.34 -0.0014213 -0.00827214 -8.30329e-05 0.00367302 -0.000875558 0.00415839
2.35 0.0044333 -0.00518316 -2.64162e-05 0.00237218 0.00147294 0.00220906
2.36 0.00872763 -0.00172664 4.57742e-05 0.000864387 0.00367037 6.89527e-05
2.37 0.0119761 0.00231182 0.00012311 -0.000959928 0.00576392 -0.00195122
2.38 0.0158474 0.00687335 0.000202724 -0.00306231 0.00788971 -0.00360979
2.39 0.0203719 0.011408 0.000279389 -0.00520336 0.00983679 -0.00474153
2.4 0.024151 0.0151197 0.000332307 -0.00699803 0.0112429 -0.00575914
2.41 0.025804 0.0173606 0.000358119 -0.0080525 0.0118168 -0.00647913
2.42 0.024223 0.0177397 0.000353511 -0.00811162 0.0112414 -0.00670727
2.43 0.020216 0.016022 0.000305426 -0.00715319 0.00963464 -0.00630868
2.44 0.0149231 0.0122517 0.000229494 -0.00540187 0.00727765 -0.00504298
2.45 0.00917715 0.00712747 0.000146376 -0.00325854 0.0045403 -0.00345807
2.46 0.00403232 0.0020301 5.89772e-05 -0.0011609 0.0019374 -0.0018279
2.47 -0.000518823 -0.00173032 -1.7621e-05 0.000575529 -0.000350287 -0.0002697
2.48 -0.00435517 -0.00391382 -7.58359e-05 0.00186089 -0.00221651 0.00109872
2.49 -0.00770207 -0.0054884 -0.000126016 0.00281375 -0.00373918 0.00262241
2.5 -0.0112008 -0.00755538 -0.000162659 0.00362417 -0.00517252 0.00398046
2.51 -0.014325 -0.0101011 -0.000188643 0.00438637 -0.00649373 0.00484049
2.52 -0.0167393 -0.0119439 -0.000222045 0.00501282 -0.007681 0.00505861
2.53 -0.017906 -0.0119529 -0.000250899 0.00527453 -0.00849287 0.00442445
2.54 -0.0175175 -0.0101404 -0.000253945 0.00492334 -0.00856563 0.00346377
2.55 -0.0161232 -0.00737727 -0.000223094 0.00381363 -0.00778209 0.00235862
2.56 -0.0131917 -0.0041619 -0.000146578 0.00197243 -0.00600036 0.00107226
2.57 -0.00833357 -7.37632e-05 -4.06549e-05 -0.000380216 -0.00341782 -0.00032514
2.58 -0.00170385 0.00528572 5.48046e-05 -0.0028543 -0.000447349 -0.00210605
2.59 0.00575218 0.0110012 0.000131991 -0.00497587 0.00253251 -0.00384076
2.6 0.0115955 0.0149741 0.000194687 -0.00633992 0.00499781 -0.00511222
2.61 0.0148659 0.0156642 0.000237791 -0.00677174 0.00680082 -0.00580885
2.62 0.0162645 0.0136143 0.000268218 -0.00639284 0.00800853 -0.00575155
2.63 0.0173291 0.0109582 0.000278787 -0.00552518 0.00875334 -0.00540393
2.64 0.0194624 0.0093071 0.000256377 -0.00448676 0.00932155 -0.00481867
2.65 0.0214375 0.00827867 0.000224155 -0.00342213 0.00962219 -0.00379783
2.66 0.0215084 0.00623026 0.000199724 -0.00227628 0.00947963 -0.00237495
2.67 0.0188899 0.0022745 0.000170384 -0.000902125 0.0086822 -0.00035017
2.68 0.0139367 -0.00273527 0.000125432 0.000797953 0.0069341 0.00177844
2.69 0.00836276 -0.00725554 4.63647e-05 0.00278833 0.00431444 0.0035681
2.7 0.00235138 -0.0107243 -7.33585e-05 0.00488744 0.000940705 0.00497443
2.71 -0.00471057 -0.0137901 -0.000192912 0.00679178 -0.00286451 0.00584302
2.72 -0.0127081 -0.0168902 -0.000278965 0.00812873 -0.00653694 0.00653797
2.73 -0.0207466 -0.0190386 -0.000330975 0.00855941 -0.00969596 0.00695886
2.74 -0.0263657 -0.0184686 -0.000347766 0.00792136 -0.0119036 0.00675246
2.75 -0.028517 -0.0145297 -0.000342246 0.00633704 -0.0130646 0.00592519
2.76 -0.0282028 -0.00866875 -0.000327763 0.00419305 -0.0133946 0.00433272
2.77 -0.0268493 -0.00330079 -0.000288498 0.00197189 -0.0130395 0.00248093
2.78 -0.0258205 0.000251385 -0.00022711 3.74762e-05 -0.0122746 0.000767272
2.79 -0.0242268 0.00257346 -0.000167159 -0.00148645 -0.0110458 -0.000870233
2.8 -0.0206019 0.00502687 -0.000107828 -0.00268372 -0.00915413 -0.00230438
2.81 -0.0145933 0.00809501 -4.68138e-05 -0.00370921 -0.00653326 -0.00378624
2.82 -0.00635875 0.0110022 1.87341e-05 -0.00465358 -0.00304497 -0.00507228
2.83 0.00261687 0.0127509 0.000108127 -0.00547796 0.00104764 -0.00568943
2.84 0.0114526 0.0131352 0.000208859 -0.0060187 0.00533949 -0.0056401
2.85 0.0197144 0.012572 0.000286048 -0.00603946 0.00937765 -0.00481994
2.86 0.0262929 0.0111858 0.000331036 -0.00532211 0.0125125 -0.00368481
2.87 0.0307382 0.00845912 0.000335627 -0.00378181 0.0144484 -0.00252657
2.88 0.0323 0.00394517 0.000296515 -0.00156113 0.0150142 -0.00115091
2.89 0.0309813 -0.00183142 0.000238601 0.000962578 0.0142823 0.000343581
2.9 0.0276759 -0.00739538 0.00017152 0.00329002 0.0126535 0.00209903
2.91 0.0225534 -0.0112814 9.61166e-05 0.00498484 0.0103318 0.00376582
2.92 0.0163809 -0.0129342 3.32672e-05 0.00582755 0.00760049 0.00480875
2.93 0.00955543 -0.0127547 -1.88278e-05 0.00586035 0.00456391 0.0052596
2.94 0.00224356 -0.0114975 -7.5668e-05 0.00531449 0.00113091 0.00504458
2.95 -0.00508083 -0.0097484 -0.00013018 0.00447247 -0.00257172 0.00452661
2.96 -0.0130983 -0.00781135 -0.000184706 0.00353648 -0.0065068 0.00385726
2.97 -0.0216097 -0.00574526 -0.00023918 0.00255362 -0.0103352 0.0027096
2.98 -0.0293464 -0.00332338 -0.000269102 0.00142295 -0.0134889 0.00116382
2.99 -0.0345153 -0.000112017 -0.00027241 -1.27626e-05 -0.0155221 -0.000822355
3 -0.0349636 0.0041171 -0.000255678 -0.00182916 -0.015912 -0.00283967
3.01 -0.0310832 0.00893367 -0.000202283 -0.00391116 -0.0146113 -0.00435012
3.02 -0.024653 0.0133137 -0.000116184 -0.00594035 -0.0118942 -0.00544018
3.03 -0.0172464 0.0162794 -1.60227e-05 -0.00749487 -0.00812128 -0.006051
3.04 -0.0096586 0.017457 8.88204e-05 -0.00820816 -0.00390357 -0.00641648
3.05 -0.000784066 0.0169539 0.00016798 -0.00790116 0.000447579 -0.00652982
3.06 0.00935328 0.0148278 0.000204713 -0.00663602 0.00466239 -0.0059444
3.07 0.0191816 0.0109834 0.00022743 -0.00468879 0.00849653 -0.00473004
3.08 0.0270778 0.00574373 0.000251648 -0.00245962 0.0119562 -0.00291981
3.09 0.0319637 0.000296753 0.000275767 -0.000343489 0.014835 -0.000921619
3.1 0.0352227 -0.00386729 0.00029953 0.00140354 0.0170185 0.000787614
3.11 0.0380179 -0.00621087 0.000296528 0.00274478 0.0182794 0.00237282
3.12 0.0393339 -0.00770184 0.000253224 0.0038287 0.0181353 0.00377955
3.13 0.0371242 -0.00981278 0.000193972 0.00483954 0.0163738 0.00509656
3.14 0.0292244 -0.0128635 0.00012214 0.00582502 0.0128442 0.00616709
3.15 0.0167525 -0.0155061 3.00707e-05 0.00662139 0.00784489 0.00645613
3.16 0.00314897 -0.0159913 -7.13919e-05 0.00692813 0.00209736 0.00603318
3.17 -0.00899281 -0.0138543 -0.00017999 0.00647495 -0.0037824 0.00497412
3.18 -0.0186235 -0.0101653 -0.000275731 0.0051644 -0.00908409 0.00362069
3.19 -0.0271397 -0.00616532 -0.000318963 0.00311818 -0.0134594 0.00232915
3.2 -0.0352466 -0.00200842 -0.000316847 0.000641423 -0.0167973 0.000836498
3.21 -0.0415721 0.00285561 -0.000299327 -0.00185031 -0.0189281 -0.000806213
3.22 -0.0446578 0.00819333 -0.000277332 -0.00392465 -0.0199583 -0.0025533
3.23 -0.0434199 0.0123851 -0.00026438 -0.00525039 -0.0198224 -0.00413839
3.24 -0.0390077 0.0137026 -0.000249695 -0.00571547 -0.0184677 -0.00499263
3.25 -0.0330891 0.0121341 -0.000200694 -0.00546996 -0.0159245 -0.00520619
3.26 -0.0255787 0.00958193 -0.000125201 -0.00483009 -0.0120065 -0.00487337
3.27 -0.0159007 0.0080188 -4.13784e-05 -0.00408174 -0.00686599 -0.00422247
3.28 -0.0031231 0.00754741 5.27718e-05 -0.0033153 -0.000806223 -0.00345539
3.29 0.0117267 0.00648051 0.000142326 -0.0024092 0.00563566 -0.00221259
3.3 0.0256475 0.0033066 0.000218847 -0.00116598 0.0115526 -0.000547533
3.31 0.0363226 -0.00166996 0.000285674 0.00051088 0.0163149 0.00138163
3.32 0.0421766 -0.00674014 0.00031581 0.00252229 0.0193827 0.00325233
3.33 0.0437782 -0.0105699 0.00029686 0.00459251 0.0205683 0.00452022
3.34 0.0425692 -0.0131984 0.000252738 0.00635253 0.0201216 0.00531378
3.35 0.0390435 -0.0152251 0.000192902 0.0074365 0.0182121 0.00572259
3.36 0.033644 -0.0164067 0.000130438 0.00757786 0.0152187 0.00582962
3.37 0.0257407 -0.0155385 8.38282e-05 0.00670482 0.0113588 0.00567158
3.38 0.0151246 -0.011851 3.53515e-05 0.00499942 0.00668198 0.00480981
3.39 0.00278781 -0.00623874 -2.54257e-05 0.00285554 0.00144062 0.00330575
3.4 -0.0102505 -0.000784394 -8.68038e-05 0.000721221 -0.00425044 0.00139698
3.41 -0.0221843 0.0029888 -0.000158449 -0.00109332 -0.00997897 -0.000598564
3.42 -0.0322422 0.00526631 -0.000234847 -0.00252038 -0.015164 -0.00221623
3.43 -0.04047 0.00734632 -0.000287336 -0.0036874 -0.0193155 -0.00363405
3.44 -0.0461818 0.0100913 -0.000311768 -0.00476184 -0.0217461 -0.00491657
3.45 -0.0485556 0.0131113 -0.000299993 -0.00580194 -0.0221296 -0.00598689
3.46 -0.0457292 0.0153289 -0.000241692 -0.0066975 -0.0203777 -0.00672682
3.47 -0.0370394 0.0160172 -0.000165291 -0.0072082 -0.0166434 -0.006646
3.48 -0.0245116 0.0151313 -8.77402e-05 -0.00706205 -0.0116042 -0.00581421
3.49 -0.0109944 0.012845 -2.53617e-06 -0.0060718 -0.00584039 -0.00450309
3.5 0.000786693 0.00915631 7.46121e-05 -0.00423498 4.76449e-05 -0.00295976
3.51 0.0109649 0.00413302 0.0001387 -0.00178297 0.00564885 -0.001517
3.52 0.0215519 -0.00160812 0.000196586 0.000858463 0.0109372 6.38523e-05
3.53 0.0330022 -0.00692739 0.000232791 0.00320303 0.01567 0.00181627
3.54 0.043862 -0.0107694 0.000256489 0.00487454 0.0196434 0.00351806
3.55 0.0507101 -0.0127205 0.000292538 0.00572678 0.0224817 0.00493646
3.56 0.0516213 -0.0130152 0.000323486 0.00585437 0.0236463 0.00557464
3.57 0.047949 -0.0121692 0.000328204 0.00549919 0.0229607 0.00551705
3.58 0.0416071 -0.0107037 0.000296267 0.00491133 0.0202461 0.00502932
3.59 0.0336864 -0.00905463 0.000209877 0.00423246 0.0156433 0.00423642
3.6 0.0228565 -0.00740632 9.37396e-05 0.00344386 0.00960276 0.00330772
3.61 0.00774024 -0.00544537 -7.60663e-06 0.00239951 0.00260971 0.0019448
3.62 -0.00966409 -0.00246245 -9.34592e-05 0.000938436 -0.00443399 0.000145521
3.63 -0.0255387 0.00196886 -0.00016592 -0.000972298 -0.0107761 -0.00175672
3.64 -0.0362363 0.00727395 -0.000219991 -0.00314318 -0.0159005 -0.0034732
3.65 -0.0415867 0.011977 -0.00026755 -0.00518358 -0.0194872 -0.00455347
3.66 -0.0446885 0.0147155 -0.000294638 -0.00664201 -0.0217298 -0.00510549
3.67 -0.0473865 0.015187 -0.000286232 -0.00718599 -0.0226676 -0.00535814
3.68 -0.0490251 0.0140259 -0.000271185 -0.00671933 -0.022264 -0.00528564
3.69 -0.0465625 0.0118239 -0.00026077 -0.00539074 -0.0204471 -0.00488947
3.7 -0.0378977 0.00853452 -0.000239912 -0.00351734 -0.0169514 -0.00382832
3.71 -0.0247371 0.00401231 -0.000203751 -0.00147443 -0.0119474 -0.00213131
3.72 -0.0100836 -0.00106242 -0.000130125 0.00041297 -0.00574623 -0.000199855
3.73 0.00358373 -0.00525034 -1.31942e-05 0.00196254 0.00116238 0.00168337
3.74 0.0160955 -0.00762466 0.000101587 0.00318232 0.00798216 0.00316051
3.75 0.0285833 -0.0088254 0.000188732 0.00422605 0.0141174 0.00436543
3.76 0.040051 -0.0104679 0.000248075 0.00525119 0.0188404 0.00546488
3.77 0.048167 -0.0133116 0.000269818 0.00625699 0.0216354 0.0062725
3.78 0.0504701 -0.0161703 0.000269802 0.00702028 0.0224268 0.0066373
3.79 0.0465675 -0.0168844 0.000262329 0.00719217 0.0212527 0.00619844
3.8 0.0391025 -0.0143948 0.00022989 0.0064957 0.018602 0.00500871
3.81 0.0305032 -0.00967829 0.000182564 0.00488595 0.0148893 0.00348381
3.82 0.0218556 -0.00459202 0.000139518 0.00257853 0.0103237 0.00183629
3.83 0.0122891 -5.11402e-05 8.82055e-05 -3.85865e-05 0.00516232 0.000290953
3.84 0.00015914 0.00435668 3.0386e-05 -0.00253104 -0.0006043 -0.00131432
3.85 -0.0140295 0.00902623 -3.27417e-05 -0.00452222 -0.00668784 -0.00307372
3.86 -0.0283548 0.013084 -0.000119521 -0.00577202 -0.0125798 -0.00465741
3.87 -0.0400086 0.0149252 -0.000210645 -0.00623868 -0.0177535 -0.00580134
3.88 -0.0468907 0.0139944 -0.000277823 -0.00608816 -0.0214222 -0.00615823
3.89 -0.0491881 0.011643 -0.000322649 -0.00560418 -0.0231615 -0.00579642
3.9 -0.0476209 0.00988172 -0.000329166 -0.00501904 -0.0227576 -0.00509339
3.91 -0.0430906 0.00931119 -0.000288851 -0.00436965 -0.0202169 -0.00413852
3.92 -0.0356652 0.00853704 -0.00022761 -0.00349157 -0.0160347 -0.00299751
3.93 -0.0246332 0.00573734 -0.000151946 -0.00216726 -0.0106457 -0.00148029
3.94 -0.0108056 0.000646507 -7.07159e-05 -0.000318996 -0.00467913 0.000439469
3.95 0.00390708 -0.00516145 -1.11697e-05 0.00189075 0.0012578 0.00233082
3.96 0.0168495 -0.00981443 4.04699e-05 0.00410149 0.00688288 0.00387687
3.97 0.0264006 -0.0126567 0.000104379 0.00588748 0.0118506 0.0047859
3.98 0.0336993 -0.0141562 0.000169172 0.00689411 0.0161206 0.00513932
3.99 0.040326 -0.0146454 0.000237237 0.00693064 0.0195927 0.00523815
4 0.046688 -0.0136312 0.000300078 0.0060196 0.0218928 0.00502111
