0.01 2.49322e-06 -1.38559e-07 -9.01823e-08 1.12325e-07 4.9877e-06 -4.60875e-07
0.02 2.14859e-05 -1.52444e-06 -5.81359e-07 1.06757e-06 2.73372e-05 -3.19519e-06
0.03 9.10619e-05 -8.28503e-06 -1.75496e-06 5.06844e-06 8.09527e-05 -1.20537e-05
0.04 0.000255671 -2.97527e-05 -3.5135e-06 1.62443e-05 0.000176351 -3.21255e-05
0.05 0.000541513 -7.96811e-05 -5.66875e-06 3.99377e-05 0.000316452 -6.68654e-05
0.06 0.000936973 -0.000170457 -8.21188e-06 8.08416e-05 0.000498395 -0.000116065
0.07 0.00140405 -0.000305249 -1.10891e-05 0.000140794 0.000715688 -0.000176317
0.08 0.00190872 -0.000474671 -1.4229e-05 0.000217343 0.000958805 -0.000243266
0.09 0.00244016 -0.000661195 -1.75812e-05 0.000303852 0.00121928 -0.000313843
0.1 0.00299915 -0.000846869 -2.09464e-05 0.000391099 0.00148683 -0.000385627
0.11 0.00356951 -0.00101688 -2.41984e-05 0.000469597 0.00174828 -0.000454751
0.12 0.0041049 -0.00115748 -2.73493e-05 0.000531696 0.00198782 -0.000515028
0.13 0.00454287 -0.00125442 -3.01966e-05 0.000572832 0.00218548 -0.000559176
0.14 0.00483284 -0.00129737 -3.23907e-05 0.00059168 0.00232235 -0.00058199
0.15 0.00495172 -0.00128655 -3.35967e-05 0.00058926 0.00238244 -0.000581951
0.16 0.00489503 -0.00123231 -3.34566e-05 0.00056735 0.00235467 -0.000559997
0.17 0.00466163 -0.00114466 -3.18814e-05 0.000526943 0.00223643 -0.000517459
0.18 0.00424884 -0.0010227 -2.91073e-05 0.000467702 0.00203122 -0.000454774
0.19 0.00366315 -0.000856251 -2.53446e-05 0.000388935 0.00174986 -0.000373019
0.2 0.00293392 -0.000640142 -2.08254e-05 0.000291607 0.00140854 -0.000276251
0.21 0.00211036 -0.000387058 -1.58266e-05 0.0001801 0.00102465 -0.000171563
0.22 0.00124589 -0.000125126 -1.04562e-05 6.24537e-05 0.000617126 -6.71765e-05
0.23 0.000381698 0.000117531 -4.8341e-06 -5.1152e-05 0.000202753 3.06058e-05
0.24 -0.000457494 0.000325416 8.36778e-07 -0.000150853 -0.000202755 0.000118368
0.25 -0.00125039 0.000493897 6.45048e-06 -0.000229322 -0.000582855 0.000193723
0.26 -0.00196692 0.000618777 1.17822e-05 -0.000283037 -0.000922061 0.000253732
0.27 -0.00256573 0.000692362 1.64504e-05 -0.000312485 -0.00120404 0.000294728
0.28 -0.00300555 0.000711778 2.02097e-05 -0.000321422 -0.00141557 0.000314589
0.29 -0.00326537 0.000688469 2.28614e-05 -0.000315348 -0.00154958 0.000315078
0.3 -0.00335239 0.000644639 2.42618e-05 -0.000299536 -0.00160525 0.000301096
0.31 -0.00329705 0.00059747 2.45266e-05 -0.000277467 -0.00159101 0.000278436
0.32 -0.00313693 0.000547593 2.38278e-05 -0.000250597 -0.00152057 0.00025129
0.33 -0.00290125 0.000485158 2.2362e-05 -0.000219683 -0.00141059 0.000222113
0.34 -0.00261329 0.000407728 2.05224e-05 -0.000186771 -0.00127907 0.000193958
0.35 -0.00229898 0.000330815 1.8605e-05 -0.000156349 -0.00114068 0.000171388
0.36 -0.00199333 0.000279781 1.66781e-05 -0.000134739 -0.00100837 0.000159587
0.37 -0.00173414 0.000271934 1.47799e-05 -0.000128038 -0.000891836 0.000161689
0.38 -0.00154295 0.000307134 1.28585e-05 -0.000139818 -0.000797179 0.000176727
0.39 -0.00141981 0.000374121 1.0933e-05 -0.000169717 -0.000729847 0.000201149
0.4 -0.00135344 0.000462167 9.32774e-06 -0.00021331 -0.000692445 0.000231087
0.41 -0.00133946 0.000563916 8.32424e-06 -0.000263086 -0.000686694 0.000263964
0.42 -0.00138886 0.000668407 7.97707e-06 -0.000310178 -0.00071207 0.000297803
0.43 -0.00150807 0.000756318 8.25951e-06 -0.000346457 -0.000762255 0.000328657
0.44 -0.00167735 0.000806572 8.96473e-06 -0.000366431 -0.000826662 0.000350502
0.45 -0.00184646 0.000808868 9.83429e-06 -0.000368118 -0.000888786 0.00035704
0.46 -0.00195549 0.000768439 1.07502e-05 -0.000352393 -0.000930295 0.000344405
0.47 -0.00196834 0.00069735 1.14503e-05 -0.000321176 -0.00093598 0.000312679
0.48 -0.00187925 0.000601263 1.15523e-05 -0.00027559 -0.000894229 0.000263761
0.49 -0.00169593 0.00047505 1.08839e-05 -0.000215294 -0.000800622 0.00019939
0.5 -0.00141843 0.000310536 9.42336e-06 -0.000139374 -0.000655378 0.000120655
0.51 -0.00103386 0.000107413 7.31262e-06 -4.81537e-05 -0.000461819 2.93777e-05
0.52 -0.000539739 -0.000122916 4.8374e-06 5.51971e-05 -0.000227304 -6.93237e-05
0.53 4.10615e-05 -0.000361696 2.01723e-06 0.000164095 4.03769e-05 -0.0001678
0.54 0.000667475 -0.000588876 -1.34672e-06 0.0002693 0.000331371 -0.00025833
0.55 0.00130123 -0.000785919 -5.29796e-06 0.000360757 0.000634712 -0.000335469
0.56 0.00192549 -0.000936675 -9.75597e-06 0.000429916 0.000939273 -0.000396911
0.57 0.00253067 -0.00102981 -1.44637e-05 0.000471767 0.0012302 -0.000440958
0.58 0.00309155 -0.0010623 -1.89652e-05 0.000485784 0.00149131 -0.000465162
0.59 0.00356113 -0.0010403 -2.29568e-05 0.000475356 0.00170513 -0.000467038
0.6 0.00388546 -0.000975487 -2.62388e-05 0.000445998 0.0018555 -0.000445973
0.61 0.00403654 -0.000879965 -2.85041e-05 0.000403233 0.00193333 -0.000405548
0.62 0.00402152 -0.000763412 -2.95779e-05 0.000351156 0.00193563 -0.000352018
0.63 0.00386683 -0.000632969 -2.94445e-05 0.000292217 0.00186706 -0.000291575
0.64 0.00359839 -0.000493866 -2.81533e-05 0.000228127 0.0017374 -0.000228751
0.65 0.0032279 -0.000350269 -2.59761e-05 0.000161247 0.0015573 -0.000166306
0.66 0.00276643 -0.000207946 -2.3181e-05 9.57203e-05 0.00133935 -0.000107942
0.67 0.00223739 -7.82679e-05 -1.97859e-05 3.76541e-05 0.00109465 -5.88753e-05
0.68 0.00167429 2.10985e-05 -1.58259e-05 -5.99568e-06 0.000833839 -2.40057e-05
0.69 0.00111331 7.28332e-05 -1.13921e-05 -2.9563e-05 0.000568419 -5.81188e-06
0.7 0.000578166 7.0711e-05 -6.58074e-06 -3.09147e-05 0.000308681 -2.48456e-06
0.71 8.34972e-05 2.4978e-05 -1.72072e-06 -1.26218e-05 6.68488e-05 -1.00509e-05
0.72 -0.000353999 -4.35793e-05 2.78351e-06 1.86453e-05 -0.000145252 -2.50077e-05
0.73 -0.000714629 -0.000115705 6.65997e-06 5.42024e-05 -0.000317972 -4.48756e-05
0.74 -0.000976283 -0.000180411 9.61054e-06 8.58478e-05 -0.000444079 -6.75886e-05
0.75 -0.00113016 -0.00023138 1.1477e-05 0.000107678 -0.000523555 -8.88398e-05
0.76 -0.0011884 -0.000260205 1.23989e-05 0.000116719 -0.000561646 -0.000102353
0.77 -0.00117766 -0.000256777 1.25422e-05 0.000112509 -0.000568147 -0.000102591
0.78 -0.00113317 -0.000217103 1.21042e-05 9.6008e-05 -0.000556032 -8.66717e-05
0.79 -0.0010814 -0.000147846 1.13412e-05 6.82701e-05 -0.000535816 -5.56062e-05
0.8 -0.00103577 -5.94514e-05 1.03261e-05 2.93736e-05 -0.000516386 -1.17706e-05
0.81 -0.00100152 4.60642e-05 9.11672e-06 -2.17152e-05 -0.000503139 4.32988e-05
0.82 -0.000979614 0.000177942 7.8995e-06 -8.59804e-05 -0.000498479 0.000108282
0.83 -0.000980158 0.000344283 6.74291e-06 -0.000162341 -0.000505719 0.000180914
0.84 -0.00101812 0.000536117 5.70324e-06 -0.000246031 -0.000527127 0.000255646
0.85 -0.0011043 0.000725335 4.963e-06 -0.000328629 -0.000565922 0.000324743
0.86 -0.00124057 0.000879975 4.66396e-06 -0.000399986 -0.000624685 0.000381557
0.87 -0.00141362 0.000981929 5.01696e-06 -0.000451051 -0.000702064 0.000421919
0.88 -0.00160838 0.00103023 6.24815e-06 -0.00047615 -0.00079457 0.000444678
0.89 -0.0018133 0.00102971 8.20779e-06 -0.000473842 -0.000893701 0.00044906
0.9 -0.00201466 0.000980551 1.05006e-05 -0.000446425 -0.000987923 0.000433178
0.91 -0.00219311 0.000880992 1.2754e-05 -0.000398667 -0.00106534 0.000395851
0.92 -0.00231525 0.000737979 1.46146e-05 -0.000336245 -0.00111351 0.000338099
0.93 -0.00234976 0.00057006 1.59622e-05 -0.000264246 -0.00112484 0.000264978
0.94 -0.00228603 0.000396546 1.68645e-05 -0.000186194 -0.00109605 0.00018382
0.95 -0.00213443 0.000224452 1.72084e-05 -0.000104167 -0.00102773 0.000100798
0.96 -0.00191849 4.89407e-05 1.68434e-05 -2.01132e-05 -0.000924342 2.03787e-05
0.97 -0.00164864 -0.000131948 1.57574e-05 6.24032e-05 -0.000788782 -5.45243e-05
0.98 -0.00131745 -0.000304205 1.39213e-05 0.000137342 -0.000623793 -0.000120067
0.99 -0.000917379 -0.000441218 1.13787e-05 0.000197104 -0.000431833 -0.000170853
1 -0.000453495 -0.000520743 8.1931e-06 0.000234883 -0.00021558 -0.000202813
1.01 4.60646e-05 -0.000538562 4.24203e-06 0.000247145 1.77137e-05 -0.000214741
1.02 0.000547931 -0.000506772 -4.48045e-07 0.000234931 0.000258808 -0.000209489
1.03 0.00103041 -0.000441653 -5.50146e-06 0.000203522 0.000495742 -0.000191803
1.04 0.00147832 -0.000355352 -1.04554e-05 0.000160868 0.00071495 -0.000165151
1.05 0.00187824 -0.000257968 -1.48179e-05 0.000115512 0.000905456 -0.000132241
1.06 0.00220616 -0.000163042 -1.82418e-05 7.46506e-05 0.00105765 -9.58034e-05
1.07 0.0024375 -8.63931e-05 -2.07566e-05 4.28123e-05 0.00116703 -6.06852e-05
1.08 0.0025674 -3.82339e-05 -2.24423e-05 2.15903e-05 0.00123411 -3.36107e-05
1.09 0.00260822 -1.79947e-05 -2.32558e-05 1.05758e-05 0.00126146 -1.95449e-05
1.1 0.00258317 -1.87453e-05 -2.32308e-05 9.04122e-06 0.00125435 -2.04756e-05
1.11 0.00250467 -3.69804e-05 -2.23707e-05 1.73764e-05 0.00121586 -3.4941e-05
1.12 0.00236732 -7.74615e-05 -2.06679e-05 3.73133e-05 0.00114754 -6.03346e-05
1.13 0.00216598 -0.000148401 -1.82724e-05 7.07239e-05 0.00105156 -9.54975e-05
1.14 0.00190333 -0.000252266 -1.52639e-05 0.000117698 0.000929941 -0.000139051
1.15 0.00159911 -0.00038064 -1.16796e-05 0.000175023 0.000789163 -0.000188197
1.16 0.00128092 -0.000516064 -7.80031e-06 0.000235922 0.000638064 -0.000237215
1.17 0.000968978 -0.000637421 -3.98353e-06 0.000291229 0.00048659 -0.000278474
1.18 0.000680953 -0.000724902 -5.70797e-07 0.000331589 0.000345801 -0.000306444
1.19 0.000427554 -0.000763883 2.05879e-06 0.000349861 0.000222716 -0.000318305
1.2 0.000216764 -0.00074817 3.77708e-06 0.000342877 0.000121563 -0.000313701
1.21 5.3745e-05 -0.000681136 4.69491e-06 0.000311835 4.25317e-05 -0.000292595
1.22 -6.84267e-05 -0.000572777 4.90302e-06 0.000261202 -1.84637e-05 -0.000253513
1.23 -0.000157943 -0.000434128 4.60131e-06 0.000196699 -6.49972e-05 -0.00019628
1.24 -0.000223968 -0.000273634 4.02083e-06 0.000123387 -0.000101253 -0.000123394
1.25 -0.000273396 -9.80537e-05 3.1903e-06 4.47504e-05 -0.000129246 -4.07906e-05
1.26 -0.000306316 8.47808e-05 2.13621e-06 -3.6978e-05 -0.000148828 4.37132e-05
1.27 -0.000326944 0.000265816 9.23192e-07 -0.000119655 -0.000161393 0.00012441
1.28 -0.000337863 0.000437097 -4.24309e-07 -0.000199958 -0.000168239 0.000197465
1.29 -0.000344072 0.000591875 -1.66394e-06 -0.000272655 -0.000173973 0.000260044
1.3 -0.000359041 0.000720349 -2.43063e-06 -0.000330878 -0.00018573 0.000308634
1.31 -0.000398058 0.000806278 -2.54126e-06 -0.000367528 -0.000210079 0.000338237
1.32 -0.000481386 0.000831756 -1.86531e-06 -0.000377477 -0.0002538 0.000345987
1.33 -0.000618178 0.000789306 -3.51838e-07 -0.00035967 -0.000318707 0.000332438
1.34 -0.000798173 0.000690411 1.85331e-06 -0.000317987 -0.000402129 0.000301554
1.35 -0.0010023 0.000560597 4.62176e-06 -0.00026022 -0.000498472 0.000258914
1.36 -0.00120753 0.000424222 7.7466e-06 -0.000195604 -0.000598787 0.000208179
1.37 -0.00140456 0.000293193 1.07951e-05 -0.000132193 -0.000696344 0.000152322
1.38 -0.00159299 0.00016961 1.34563e-05 -7.53198e-05 -0.00078569 9.49944e-05
1.39 -0.00176585 5.69563e-05 1.56361e-05 -2.75607e-05 -0.000862708 4.15314e-05
1.4 -0.00191166 -3.45348e-05 1.73139e-05 1.02794e-05 -0.000925518 -1.13856e-06
1.41 -0.00201173 -9.44922e-05 1.85929e-05 3.7932e-05 -0.000970102 -2.86535e-05
1.42 -0.00205525 -0.000121731 1.94358e-05 5.46938e-05 -0.000992378 -4.0123e-05
1.43 -0.00204206 -0.000123294 1.94929e-05 5.89905e-05 -0.000986969 -3.73561e-05
1.44 -0.00196595 -0.000103248 1.85039e-05 4.87242e-05 -0.000946782 -2.3161e-05
1.45 -0.00181612 -5.53142e-05 1.64263e-05 2.25427e-05 -0.000867526 1.41485e-06
1.46 -0.00157605 2.94365e-05 1.33337e-05 -1.83461e-05 -0.000746713 3.48492e-05
1.47 -0.00124185 0.000146205 9.50987e-06 -6.8864e-05 -0.000587403 7.35009e-05
1.48 -0.000837338 0.000269663 5.24092e-06 -0.000120383 -0.000398585 0.00011141
1.49 -0.00039691 0.000366153 6.88893e-07 -0.000162905 -0.000191089 0.000141116
1.5 4.51717e-05 0.00041402 -3.80596e-06 -0.000188076 2.2011e-05 0.000157944
1.51 0.000471812 0.000412483 -7.82589e-06 -0.000191436 0.000230482 0.000160278
1.52 0.000880281 0.000372237 -1.11482e-05 -0.000172916 0.000427018 0.000148117
1.53 0.00126025 0.000300465 -1.36636e-05 -0.000135748 0.000604988 0.000121771
1.54 0.00159607 0.000196983 -1.54503e-05 -8.47205e-05 0.000760158 8.00749e-05
1.55 0.00186552 6.32271e-05 -1.67025e-05 -2.46318e-05 0.000886533 2.34817e-05
1.56 0.00205126 -8.96371e-05 -1.73387e-05 4.06957e-05 0.000977836 -4.42683e-05
1.57 0.00214979 -0.000244921 -1.71319e-05 0.000108699 0.0010288 -0.000116827
1.58 0.00215678 -0.000392083 -1.60023e-05 0.000177556 0.00103394 -0.000186511
1.59 0.0020715 -0.000531044 -1.39569e-05 0.000244941 0.000992675 -0.000248315
1.6 0.00189604 -0.000662816 -1.12113e-05 0.000306679 0.000908329 -0.000299402
1.61 0.00164037 -0.000776801 -8.17982e-06 0.00035632 0.000788997 -0.00033715
1.62 0.00133389 -0.000849967 -5.14859e-06 0.000386341 0.000648254 -0.000358542
1.63 0.00100936 -0.000860405 -2.37158e-06 0.000390595 0.000499436 -0.000359412
1.64 0.000698962 -0.00080228 -1.68757e-07 0.000366752 0.000355829 -0.000338164
1.65 0.000426234 -0.000688328 1.33054e-06 0.000317383 0.000227353 -0.000297225
1.66 0.000198893 -0.000539586 2.11416e-06 0.000249212 0.000119082 -0.000241534
1.67 2.27552e-05 -0.000374105 2.20749e-06 0.000171088 3.49815e-05 -0.000177168
1.68 -0.000101845 -0.000204214 1.81625e-06 9.16664e-05 -2.39028e-05 -0.000108003
1.69 -0.000172254 -4.04556e-05 1.08924e-06 1.76486e-05 -5.60293e-05 -3.70653e-05
1.7 -0.000178905 0.000106109 -4.89509e-10 -4.69975e-05 -5.91432e-05 3.12077e-05
1.71 -0.000118591 0.00022674 -1.39872e-06 -0.000100712 -3.35256e-05 9.12183e-05
1.72 7.46195e-06 0.000318325 -3.04629e-06 -0.000143144 1.95666e-05 0.000136403
1.73 0.000181237 0.000381691 -4.90347e-06 -0.00017366 9.35327e-05 0.000163219
1.74 0.000370388 0.000416188 -6.71478e-06 -0.000190423 0.000177169 0.000172162
1.75 0.000545821 0.000416864 -8.16445e-06 -0.000190698 0.000257461 0.000165554
1.76 0.000680347 0.000377742 -8.98395e-06 -0.000172336 0.000319052 0.00014643
1.77 0.000757317 0.000298089 -8.84669e-06 -0.000135657 0.000350181 0.000116163
1.78 0.000761551 0.000186189 -7.64944e-06 -8.46743e-05 0.000342767 7.6622e-05
1.79 0.000673833 5.85539e-05 -5.60747e-06 -2.69558e-05 0.000292916 3.25183e-05
1.8 0.000489392 -6.364e-05 -2.95173e-06 2.79198e-05 0.000203283 -9.77484e-06
1.81 0.000217778 -0.000159145 6.75216e-08 7.07418e-05 7.85218e-05 -4.31141e-05
1.82 -0.00011363 -0.000212116 3.22298e-06 9.50227e-05 -7.3872e-05 -6.34316e-05
1.83 -0.000474985 -0.000217278 6.47403e-06 9.84405e-05 -0.00024586 -7.01302e-05
1.84 -0.000856509 -0.000181019 9.70383e-06 8.27761e-05 -0.000431199 -6.33386e-05
1.85 -0.00125414 -0.000115901 1.26634e-05 5.24122e-05 -0.000621275 -4.3372e-05
1.86 -0.00165824 -3.19975e-05 1.52433e-05 1.21788e-05 -0.000806568 -9.45913e-06
1.87 -0.00203619 6.73254e-05 1.73471e-05 -3.43123e-05 -0.000974122 3.74809e-05
1.88 -0.00233489 0.000181455 1.88075e-05 -8.5036e-05 -0.00110775 9.26544e-05
1.89 -0.0025155 0.00030544 1.9489e-05 -0.000138662 -0.00119363 0.000149472
1.9 -0.00256122 0.000428135 1.91248e-05 -0.000193146 -0.00122003 0.000200824
1.91 -0.00247819 0.000537242 1.74733e-05 -0.000244667 -0.0011819 0.000242394
1.92 -0.00227863 0.000624095 1.47036e-05 -0.000287431 -0.0010812 0.000272348
1.93 -0.0019628 0.000681526 1.1216e-05 -0.000314471 -0.000924091 0.000288295
1.94 -0.00153987 0.000698064 7.42362e-06 -0.000319268 -0.000722997 0.000287561
1.95 -0.00103561 0.000658573 3.70889e-06 -0.000297831 -0.000491816 0.000267026
1.96 -0.000494184 0.000555069 1.80965e-07 -0.000250469 -0.000245069 0.000226233
1.97 3.52535e-05 0.000398107 -3.18649e-06 -0.000182286 2.68113e-06 0.000169218
1.98 0.000528671 0.000215239 -6.22047e-06 -0.000101866 0.00024051 0.000101649
1.99 0.000976444 3.52495e-05 -8.73903e-06 -1.86121e-05 0.000457021 2.95573e-05
2 0.00136871 -0.000127549 -1.06547e-05 5.98972e-05 0.000641139 -4.31176e-05
2.01 0.00168141 -0.000273964 -1.18554e-05 0.000129168 0.000781877 -0.000113529
2.02 0.00187264 -0.000406547 -1.23326e-05 0.000187306 0.000867388 -0.000176828
2.03 0.00191654 -0.0005181 -1.20708e-05 0.000233523 0.000891236 -0.0002274
2.04 0.00181401 -0.000594561 -1.0899e-05 0.000266764 0.000852238 -0.000259648
2.05 0.00159154 -0.000627277 -8.84542e-06 0.000285131 0.000756371 -0.000271124
2.06 0.00129 -0.000618968 -6.23525e-06 0.000286127 0.000617359 -0.000263821
2.07 0.000938829 -0.000576336 -3.46202e-06 0.00026753 0.000451113 -0.000240786
2.08 0.000565299 -0.000499623 -9.82514e-07 0.000228708 0.000276259 -0.000205219
2.09 0.000198661 -0.000383944 8.97093e-07 0.000172057 0.0001099 -0.000159124
2.1 -0.00012929 -0.000232899 2.20196e-06 0.000103807 -3.47073e-05 -0.000104901
2.11 -0.000381459 -6.8747e-05 2.97167e-06 3.33669e-05 -0.000146287 -4.82671e-05
2.12 -0.000537732 7.47491e-05 3.1932e-06 -2.89812e-05 -0.00021885 3.92716e-06
2.13 -0.000592409 0.000172049 2.93721e-06 -7.50649e-05 -0.000248247 4.51462e-05
2.14 -0.000548678 0.00021918 2.18284e-06 -0.000100933 -0.000231722 7.19188e-05
2.15 -0.000415867 0.000228403 8.8732e-07 -0.000107036 -0.000169659 8.45188e-05
2.16 -0.000193594 0.000211698 -8.62934e-07 -9.67033e-05 -6.31463e-05 8.32757e-05
2.17 0.000113321 0.000171029 -3.04086e-06 -7.40595e-05 8.12923e-05 6.83688e-05
2.18 0.000487123 0.000103523 -5.56412e-06 -4.25238e-05 0.000251864 3.96515e-05
2.19 0.000893515 1.22757e-05 -8.11229e-06 -4.33245e-06 0.000432544 -1.36381e-06
2.2 0.00127583 -9.12153e-05 -1.03692e-05 3.90682e-05 0.000602092 -4.89743e-05
2.21 0.00158209 -0.000194894 -1.20464e-05 8.60936e-05 0.000740898 -9.62959e-05
2.22 0.00177618 -0.000293105 -1.28293e-05 0.00013389 0.000832314 -0.000137002
2.23 0.00184379 -0.000383225 -1.2627e-05 0.0001775 0.000865204 -0.000167355
2.24 0.00179139 -0.000456146 -1.15034e-05 0.00021 0.00083672 -0.000186246
2.25 0.00161999 -0.000493174 -9.53701e-06 0.000223992 0.000747718 -0.000191492
2.26 0.00132909 -0.000475133 -6.99547e-06 0.000214025 0.000603999 -0.000180513
2.27 0.00092358 -0.000395666 -4.15975e-06 0.000178792 0.000413882 -0.000151266
2.28 0.000422448 -0.00026611 -1.09407e-06 0.000121874 0.000186317 -0.000104327
2.29 -0.000130416 -0.00010826 2.16315e-06 5.06496e-05 -6.60639e-05 -4.48781e-05
2.3 -0.000692902 5.70376e-05 5.58173e-06 -2.60037e-05 -0.000330249 2.09169e-05
2.31 -0.00123467 0.000215804 9.10254e-06 -0.000100094 -0.000590791 8.75495e-05
2.32 -0.00173416 0.000359627 1.2377e-05 -0.000166043 -0.000829575 0.00015122
2.33 -0.00216913 0.000482372 1.49807e-05 -0.000220961 -0.00102907 0.00020932
2.34 -0.00249315 0.000579131 1.66982e-05 -0.000263823 -0.00117089 0.000256985
2.35 -0.0026567 0.000646408 1.73858e-05 -0.000294049 -0.00124171 0.00028875
2.36 -0.00263459 0.000680957 1.7016e-05 -0.000310231 -0.00123589 0.00030037
2.37 -0.00243899 0.000678031 1.57007e-05 -0.000309754 -0.00115524 0.000290701
2.38 -0.00211802 0.000632105 1.3498e-05 -0.000289643 -0.00101107 0.000263065
2.39 -0.00171347 0.000540698 1.0607e-05 -0.000248314 -0.000817765 0.000221303
2.4 -0.00124654 0.00040806 7.45969e-06 -0.000187307 -0.000591236 0.000168622
2.41 -0.000730136 0.000245659 4.36192e-06 -0.000112055 -0.000347894 0.000107679
2.42 -0.000185242 7.01569e-05 1.43809e-06 -3.12341e-05 -0.000101717 4.15084e-05
2.43 0.000337822 -9.86517e-05 -1.29018e-06 4.50899e-05 0.000131935 -2.35051e-05
2.44 0.000785628 -0.00024002 -3.92525e-06 0.000107865 0.000338898 -8.01841e-05
2.45 0.00112673 -0.000336916 -6.36449e-06 0.000151167 0.000506506 -0.000122942
2.46 0.00135194 -0.000382704 -8.21064e-06 0.000173264 0.000622323 -0.00014914
2.47 0.00146659 -0.000384203 -9.17488e-06 0.000176191 0.000678405 -0.000159808
2.48 0.00146 -0.000355982 -9.14922e-06 0.000164009 0.00066957 -0.000155705
2.49 0.00131386 -0.000308971 -8.1685e-06 0.000140636 0.00059664 -0.000136942
2.5 0.0010307 -0.000243752 -6.49118e-06 0.000108446 0.000469102 -0.000104213
2.51 0.000644151 -0.00015547 -4.34692e-06 6.83938e-05 0.000301892 -5.99195e-05
2.52 0.00022118 -4.52446e-05 -1.88129e-06 2.13978e-05 0.000116151 -1.05133e-05
2.53 -0.000176798 7.42398e-05 5.79179e-07 -3.0039e-05 -6.70907e-05 3.67647e-05
2.54 -0.000517754 0.000184706 2.69209e-06 -8.10284e-05 -0.000230618 7.64224e-05
2.55 -0.000789502 0.000272294 4.28404e-06 -0.000124713 -0.000360296 0.000105266
2.56 -0.000988682 0.00032999 5.25748e-06 -0.000153644 -0.000448058 0.000122542
2.57 -0.00109504 0.000351169 5.69972e-06 -0.000161605 -0.000487759 0.000126297
2.58 -0.00108142 0.000325109 5.76626e-06 -0.000145432 -0.000475288 0.000113935
2.59 -0.000936728 0.000243674 5.35701e-06 -0.000106281 -0.000410125 8.44492e-05
2.6 -0.000668074 0.000113798 4.30113e-06 -4.97023e-05 -0.000292916 3.94762e-05
2.61 -0.000305618 -3.93933e-05 2.53964e-06 1.5856e-05 -0.000129641 -1.5087e-05
2.62 0.000119745 -0.000185786 5.52985e-08 8.16789e-05 6.95955e-05 -7.2762e-05
2.63 0.000584512 -0.000308649 -2.95215e-06 0.000141269 0.000290835 -0.000128781
2.64 0.00105945 -0.000409975 -6.10044e-06 0.000191329 0.00051429 -0.00017965
2.65 0.00151014 -0.000497904 -9.09e-06 0.000230873 0.000719631 -0.000222848
2.66 0.00188629 -0.000570449 -1.15952e-05 0.000259365 0.00088634 -0.000253755
2.67 0.00213795 -0.000612972 -1.32977e-05 0.000275257 0.000997637 -0.000267167
2.68 0.00223838 -0.000610668 -1.41283e-05 0.000275778 0.00104485 -0.000260266
2.69 0.00218395 -0.000560714 -1.41083e-05 0.000257847 0.00102485 -0.000233331
2.7 0.0019982 -0.000470815 -1.32827e-05 0.000219468 0.000941987 -0.000190629
2.71 0.00170759 -0.000348243 -1.18205e-05 0.000161072 0.000804128 -0.000136665
2.72 0.00132619 -0.000194842 -9.79971e-06 8.64691e-05 0.000619639 -7.44952e-05
2.73 0.000864472 -1.51983e-05 -7.21921e-06 3.02837e-06 0.000399337 -7.21958e-06
2.74 0.000333049 0.000172338 -4.20978e-06 -7.93755e-05 0.000153666 6.1464e-05
2.75 -0.000234509 0.000337329 -8.6594e-07 -0.000150668 -0.000103808 0.000124942
2.76 -0.000785867 0.000453321 2.7468e-06 -0.000203318 -0.000356126 0.000176044
2.77 -0.00127251 0.000513169 6.37698e-06 -0.000234143 -0.000586044 0.000210383
2.78 -0.0016577 0.000528416 9.71671e-06 -0.00024419 -0.000774907 0.000226473
2.79 -0.00192876 0.000514291 1.24158e-05 -0.000236945 -0.000908178 0.000225987
2.8 -0.00207793 0.00047629 1.40591e-05 -0.000216094 -0.000976427 0.000210285
2.81 -0.00208953 0.00041068 1.45265e-05 -0.000184129 -0.000975528 0.000179603
2.82 -0.001955 0.000315194 1.40214e-05 -0.000142315 -0.000910203 0.000135541
2.83 -0.00168198 0.000196428 1.27709e-05 -9.16575e-05 -0.000790136 8.16567e-05
2.84 -0.00131224 6.69977e-05 1.10124e-05 -3.41741e-05 -0.000630013 2.49342e-05
2.85 -0.00090438 -6.15383e-05 8.88935e-06 2.61167e-05 -0.000446714 -2.71453e-05
2.86 -0.000498573 -0.000180327 6.38183e-06 8.29246e-05 -0.000254067 -6.99068e-05
2.87 -0.000111491 -0.000278551 3.62081e-06 0.000128444 -6.50305e-05 -0.000100808
2.88 0.000258767 -0.000340573 8.61099e-07 0.000155159 0.00011018 -0.00011919
2.89 0.000598866 -0.000351142 -1.77176e-06 0.000158152 0.000261586 -0.000123394
2.9 0.000866528 -0.000305008 -4.15112e-06 0.000136889 0.000377135 -0.000110945
2.91 0.00101875 -0.000211624 -6.12209e-06 9.55144e-05 0.000447129 -8.18325e-05
2.92 0.00103245 -9.05457e-05 -7.53392e-06 4.14524e-05 0.000463687 -3.89006e-05
2.93 0.000922947 3.78984e-05 -8.06584e-06 -1.69871e-05 0.000424773 1.15267e-05
2.94 0.000724271 0.000159159 -7.46659e-06 -7.28612e-05 0.000335663 6.28168e-05
2.95 0.000457444 0.000265388 -5.88703e-06 -0.000121796 0.000205701 0.00011089
2.96 0.000136044 0.000353187 -3.68023e-06 -0.000161841 5.02211e-05 0.000152656
2.97 -0.000224117 0.00042097 -1.24422e-06 -0.000192291 -0.000113726 0.000185449
2.98 -0.000583914 0.000466313 1.07035e-06 -0.000212174 -0.000269285 0.00020497
2.99 -0.000886638 0.00048349 3.20025e-06 -0.000219225 -0.00040055 0.000206422
3 -0.00109523 0.000463465 5.16958e-06 -0.000210016 -0.000497885 0.000188282
3.01 -0.00120138 0.000398211 6.82741e-06 -0.000181314 -0.00055535 0.000152264
3.02 -0.00122231 0.000286974 8.04307e-06 -0.000132056 -0.000570567 0.000103185
3.03 -0.00117216 0.000139009 8.72425e-06 -6.48803e-05 -0.000543545 4.59294e-05
3.04 -0.00103894 -2.96727e-05 8.74347e-06 1.36348e-05 -0.000472774 -1.66446e-05
3.05 -0.000806152 -0.000201727 8.08419e-06 9.41814e-05 -0.000359402 -8.12721e-05
3.06 -0.000470606 -0.000360636 6.70553e-06 0.000166867 -0.000207212 -0.000143617
3.07 -5.96864e-05 -0.000489692 4.47361e-06 0.000223491 -2.42888e-05 -0.000197178
3.08 0.000376315 -0.000573327 1.48666e-06 0.000259234 0.000174801 -0.000235207
3.09 0.000796074 -0.00060353 -1.93518e-06 0.000273249 0.000374019 -0.000254594
3.1 0.00117009 -0.000585677 -5.42485e-06 0.000267949 0.000555688 -0.000255237
3.11 0.00148103 -0.000535286 -8.53692e-06 0.000247207 0.000704022 -0.000239317
3.12 0.00171222 -0.000465723 -1.09746e-05 0.00021434 0.0008085 -0.000208773
3.13 0.00183884 -0.000378149 -1.27081e-05 0.000170999 0.000862107 -0.000164184
3.14 0.00184821 -0.000264768 -1.37162e-05 0.000117676 0.000864654 -0.000107963
3.15 0.00174287 -0.00012292 -1.40149e-05 5.54438e-05 0.000819937 -4.48955e-05
3.16 0.00154296 3.45674e-05 -1.37055e-05 -1.23038e-05 0.000733461 1.77392e-05
3.17 0.00127784 0.000183795 -1.27539e-05 -7.93191e-05 0.00061299 7.25632e-05
3.18 0.000964079 0.000303893 -1.10923e-05 -0.000137516 0.000464377 0.000115703
3.19 0.000611646 0.000385546 -8.74572e-06 -0.000178929 0.000294534 0.000145448
3.2 0.00022765 0.000426415 -5.72059e-06 -0.000197727 0.000112215 0.00016116
3.21 -0.00017198 0.000422179 -2.1835e-06 -0.000191682 -7.24938e-05 0.000161537
3.22 -0.000550541 0.000366934 1.47905e-06 -0.000162808 -0.000245213 0.000144562
3.23 -0.000868288 0.000264042 4.9458e-06 -0.000116932 -0.000392038 0.000111201
3.24 -0.00109169 0.000133603 7.93118e-06 -6.21031e-05 -0.000500956 6.56283e-05
3.25 -0.00120823 4.41913e-06 1.01427e-05 -6.17597e-06 -0.000563789 1.44671e-05
3.26 -0.00123013 -0.000104161 1.1465e-05 4.53243e-05 -0.000580172 -3.57046e-05
3.27 -0.00117267 -0.000192165 1.18596e-05 8.98835e-05 -0.000553803 -8.13062e-05
3.28 -0.00104984 -0.000269996 1.13504e-05 0.000126869 -0.00049274 -0.000119681
3.29 -0.00086883 -0.000340135 1.02052e-05 0.000155491 -0.000406967 -0.000147871
3.3 -0.000638601 -0.000389071 8.68539e-06 0.000173367 -0.000304738 -0.000161866
3.31 -0.00038523 -0.000397254 6.84044e-06 0.000176643 -0.000194878 -0.000157507
3.32 -0.000137192 -0.000355204 4.66591e-06 0.000161477 -8.38869e-05 -0.000134391
3.33 8.34568e-05 -0.000268653 2.1167e-06 0.000125903 2.25397e-05 -9.55986e-05
3.34 0.000270668 -0.000149812 -7.46377e-07 7.11776e-05 0.000117561 -4.62398e-05
3.35 0.000429521 -7.69447e-06 -3.52978e-06 2.23246e-06 0.000195174 8.74874e-06
3.36 0.000549045 0.000150464 -5.80161e-06 -7.28393e-05 0.000247088 6.66321e-05
3.37 0.0006042 0.00031019 -7.3344e-06 -0.000144253 0.000266021 0.000124155
3.38 0.000568681 0.000447138 -7.9886e-06 -0.000202774 0.000248442 0.00017642
3.39 0.000437552 0.000537587 -7.76643e-06 -0.000242049 0.00019465 0.000217193
3.4 0.000242074 0.000572703 -6.75188e-06 -0.000259933 0.000112388 0.000240542
3.41 2.25568e-05 0.000561681 -4.96302e-06 -0.000258072 1.24357e-05 0.000244575
3.42 -0.000192534 0.000520405 -2.5978e-06 -0.000240004 -9.38163e-05 0.000230582
3.43 -0.00039611 0.000457342 -5.65092e-08 -0.000208965 -0.000195555 0.000201142
3.44 -0.000592441 0.000370154 2.38793e-06 -0.000166718 -0.000286503 0.000158563
3.45 -0.000769186 0.00025414 4.60832e-06 -0.0001139 -0.000361578 0.000103934
3.46 -0.000903364 0.000111939 6.60424e-06 -5.14023e-05 -0.000417502 4.03238e-05
3.47 -0.000975722 -4.47917e-05 8.48236e-06 1.81262e-05 -0.000452566 -2.64091e-05
3.48 -0.00098306 -0.000200535 1.0112e-05 8.94774e-05 -0.000463565 -8.89119e-05
3.49 -0.000940037 -0.000340416 1.11175e-05 0.000155147 -0.000448535 -0.000140369
3.5 -0.00085187 -0.000450422 1.12327e-05 0.00020668 -0.000404767 -0.000177726
3.51 -0.000709388 -0.000516869 1.03264e-05 0.00023677 -0.000330398 -0.00020022
3.52 -0.000501036 -0.000529494 8.43272e-06 0.000241393 -0.000228118 -0.000207324
3.53 -0.000229446 -0.000486816 5.81203e-06 0.000221085 -0.000103567 -0.000198104
3.54 7.26628e-05 -0.000398332 2.69566e-06 0.000180697 3.23349e-05 -0.000171362
3.55 0.000364262 -0.000280882 -7.13214e-07 0.000127691 0.000166969 -0.000129058
3.56 0.000617066 -0.000152204 -4.05991e-06 6.97851e-05 0.000290089 -7.66565e-05
3.57 0.000822324 -2.62818e-05 -7.04411e-06 1.30174e-05 0.00039342 -2.10294e-05
3.58 0.000987763 8.80829e-05 -9.50694e-06 -3.90352e-05 0.000474015 3.15707e-05
3.59 0.0011139 0.000186875 -1.13357e-05 -8.47542e-05 0.00053113 7.79076e-05
3.6 0.00119282 0.000269179 -1.25778e-05 -0.000123136 0.000564448 0.000115726
3.61 0.00121604 0.000333438 -1.33011e-05 -0.000152353 0.000574783 0.000141819
3.62 0.00117827 0.000372977 -1.33741e-05 -0.000169042 0.000560573 0.000152422
3.63 0.00108567 0.000375445 -1.2671e-05 -0.000168873 0.000520778 0.000144302
3.64 0.000944022 0.000329231 -1.11372e-05 -0.000148296 0.000455202 0.000118102
3.65 0.000756697 0.000232976 -8.72769e-06 -0.000106662 0.000364712 7.81147e-05
3.66 0.000531119 9.95134e-05 -5.61166e-06 -4.75339e-05 0.000255171 2.96613e-05
3.67 0.000277936 -4.99988e-05 -2.1308e-06 2.1606e-05 0.000134651 -2.25442e-05
3.68 1.95545e-05 -0.000196063 1.38044e-06 9.11326e-05 1.37239e-05 -7.57547e-05
3.69 -0.000218345 -0.000325312 4.51258e-06 0.000151683 -9.64106e-05 -0.000126727
3.7 -0.000415722 -0.000427104 6.93995e-06 0.000196223 -0.000188516 -0.000170148
3.71 -0.000558975 -0.000489838 8.62218e-06 0.000221182 -0.00025771 -0.000200071
3.72 -0.000649704 -0.000504587 9.58974e-06 0.00022649 -0.00030361 -0.000211669
3.73 -0.000696089 -0.000473024 9.88032e-06 0.000214612 -0.000328508 -0.000204179
3.74 -0.000706434 -0.000408649 9.58161e-06 0.000188888 -0.00033379 -0.000180086
3.75 -0.000684891 -0.000326398 8.67117e-06 0.000151846 -0.000321213 -0.000142296
3.76 -0.000623153 -0.000229932 7.14119e-06 0.00010446 -0.000289932 -9.32213e-05
3.77 -0.0005138 -0.000111035 5.14074e-06 4.69187e-05 -0.000238948 -3.45373e-05
3.78 -0.000358545 3.63745e-05 2.75528e-06 -1.94677e-05 -0.000169902 3.01295e-05
3.79 -0.000171898 0.000201648 4.11789e-08 -9.05299e-05 -8.62107e-05 9.41704e-05
3.8 1.99259e-05 0.000358044 -2.79754e-06 -0.000158969 3.82866e-06 0.000150332
3.81 0.000197173 0.000478409 -5.49114e-06 -0.000215877 9.0294e-05 0.000192772
3.82 0.00034747 0.00054976 -7.64844e-06 -0.0002532 0.000163722 0.000219312
3.83 0.000461311 0.000572976 -8.82711e-06 -0.0002659 0.000215275 0.000230086
3.84 0.00052868 0.000551448 -8.92308e-06 -0.000253051 0.00024099 0.000224842
3.85 0.000535121 0.000484534 -8.14102e-06 -0.000217785 0.000239769 0.000202974
3.86 0.000478008 0.000373983 -6.72503e-06 -0.000166314 0.000213745 0.000164346
3.87 0.000370857 0.000233936 -4.91426e-06 -0.00010626 0.000167992 0.000111947
3.88 0.000233648 8.93383e-05 -2.79517e-06 -4.46262e-05 0.000106032 5.22836e-05
3.89 8.12793e-05 -3.88485e-05 -3.24396e-07 1.38355e-05 3.12325e-05 -7.59006e-06
3.9 -9.03252e-05 -0.000146472 2.35651e-06 6.69516e-05 -5.47259e-05 -6.20264e-05
3.91 -0.000290142 -0.000242436 5.00806e-06 0.000113895 -0.000150547 -0.000108118
3.92 -0.000513196 -0.000331678 7.49266e-06 0.000153201 -0.000251085 -0.000143928
3.93 -0.000736154 -0.00040305 9.65865e-06 0.000181495 -0.000349143 -0.000166207
3.94 -0.000922852 -0.000434969 1.13596e-05 0.000193927 -0.000434098 -0.000171471
3.95 -0.00104778 -0.000412394 1.24283e-05 0.000186068 -0.000494735 -0.000157663
3.96 -0.0011026 -0.000337515 1.25318e-05 0.000156107 -0.000523291 -0.000126529
3.97 -0.00108691 -0.000225159 1.14556e-05 0.000106162 -0.000514513 -8.33458e-05
3.98 -0.00100236 -9.10941e-05 9.35094e-06 4.22539e-05 -0.000468831 -3.36493e-05
3.99 -0.00084685 5.29137e-05 6.54263e-06 -2.68699e-05 -0.000390594 1.82263e-05
4 -0.000626339 0.000194297 3.43067e-06 -9.16211e-05 -0.000286107 6.94375e-05
