0.01 0.00502869 0.000159897 3.04226e-05 -3.69563e-05 0.00140082 -0.000459854
0.02 0.0204386 0.00110188 0.000124917 -0.000236133 0.00528131 -0.00200557
0.03 0.0415109 0.00382726 0.000230928 -0.000745646 0.0092259 -0.00425786
0.04 0.0638969 0.00912961 0.00029352 -0.00160979 0.0119736 -0.00684567
0.05 0.0865646 0.0170328 0.000342855 -0.00277482 0.0145791 -0.00970394
0.06 0.106813 0.0265828 0.000396624 -0.00417037 0.0174601 -0.0124016
0.07 0.124066 0.0359956 0.000442047 -0.00566984 0.0208595 -0.014727
0.08 0.136743 0.0431128 0.000479273 -0.00696618 0.0236608 -0.0163283
0.09 0.14292 0.0460855 0.000495273 -0.00760427 0.0246089 -0.0168536
0.1 0.142149 0.0440645 0.000483868 -0.00725701 0.0237523 -0.0162339
0.11 0.13326 0.0375177 0.000462366 -0.00600427 0.0215145 -0.0144115
0.12 0.11577 0.027925 0.000426533 -0.00429414 0.0184793 -0.011516
0.13 0.089266 0.0170028 0.000354817 -0.00258141 0.0145144 -0.0077119
0.14 0.0538039 0.00596032 0.000238074 -0.00100065 0.00900362 -0.0031591
0.15 0.0113956 -0.00476538 7.77874e-05 0.000605651 0.00189489 0.00184769
0.16 -0.0347904 -0.0152482 -0.000107508 0.00238102 -0.00622173 0.00698235
0.17 -0.0806496 -0.025606 -0.000286747 0.00423314 -0.0142108 0.0118529
0.18 -0.122366 -0.0356651 -0.000441483 0.0059176 -0.0211234 0.0160908
0.19 -0.157436 -0.0448575 -0.000566739 0.00727482 -0.0266659 0.0194384
0.2 -0.184414 -0.0522722 -0.000661831 0.00830957 -0.0309214 0.0217076
0.21 -0.202823 -0.0568114 -0.000731149 0.00903192 -0.0340502 0.0228016
0.22 -0.212516 -0.0574922 -0.000778235 0.00929101 -0.035953 0.0226821
0.23 -0.21338 -0.0538715 -0.000801988 0.00884466 -0.0363444 0.0213815
0.24 -0.205502 -0.0463887 -0.000800388 0.00761646 -0.0350656 0.0190463
0.25 -0.18919 -0.0363539 -0.000769317 0.00585564 -0.0322076 0.0159148
0.26 -0.165274 -0.0255041 -0.000703859 0.00400922 -0.028109 0.0122946
0.27 -0.135191 -0.0153712 -0.000604622 0.00242623 -0.0231586 0.00850645
0.28 -0.100977 -0.00683997 -0.000478359 0.00118221 -0.0176557 0.00484248
0.29 -0.0652284 -0.0001151 -0.000335956 0.000164651 -0.0118635 0.00156445
0.3 -0.0307917 0.0049911 -0.000191244 -0.000715129 -0.00611152 -0.00110594
0.31 -0.000372336 0.00871008 -5.77672e-05 -0.00141457 -0.000866676 -0.00299569
0.32 0.0239529 0.0111082 5.36061e-05 -0.00183134 0.00337879 -0.00400715
0.33 0.0411319 0.0120548 0.000136088 -0.00192542 0.00632523 -0.00414352
0.34 0.051178 0.0113109 0.000189606 -0.00174106 0.00798783 -0.0035046
0.35 0.0549132 0.0086896 0.000220431 -0.00132847 0.00863446 -0.00226534
0.36 0.0534985 0.00426135 0.000236268 -0.000688861 0.00856529 -0.000643877
0.37 0.0480504 -0.00146777 0.000241223 0.000174854 0.00793819 0.00112113
0.38 0.0395501 -0.00752392 0.000233936 0.00115989 0.0067845 0.00278079
0.39 0.0289847 -0.0126615 0.00021051 0.00204093 0.00516411 0.00409087
0.4 0.0175657 -0.0157329 0.000170301 0.0025666 0.00330091 0.0048349
0.41 0.00679938 -0.0160495 0.000118933 0.00259293 0.00155717 0.00485445
0.42 -0.00165117 -0.0135476 6.63565e-05 0.00213863 0.000284802 0.00407201
0.43 -0.00622314 -0.00869726 2.28987e-05 0.00133026 -0.000295175 0.00249541
0.44 -0.00572893 -0.00223978 -3.57138e-06 0.0003051 -9.30224e-05 0.000208909
0.45 0.00043268 0.00508777 -8.17952e-06 -0.000844054 0.000929862 -0.00264048
0.46 0.012144 0.012723 1.14033e-05 -0.00206075 0.00279802 -0.00585355
0.47 0.0285388 0.0203052 5.43694e-05 -0.00329337 0.00546372 -0.00918875
0.48 0.0481274 0.0275884 0.000115769 -0.00448157 0.00872723 -0.0123795
0.49 0.0690761 0.0343044 0.000187329 -0.00556207 0.0122425 -0.0151606
0.5 0.0895595 0.0400459 0.000260484 -0.00647076 0.0156313 -0.0172973
0.51 0.108033 0.0442378 0.000329604 -0.00713214 0.0186127 -0.0186094
0.52 0.123314 0.0462283 0.00039282 -0.00745371 0.0210387 -0.018983
0.53 0.134483 0.0454797 0.000449722 -0.00734516 0.0228237 -0.018375
0.54 0.140745 0.0417754 0.000498103 -0.00675835 0.0238528 -0.0168141
0.55 0.141378 0.0353473 0.000532631 -0.00572158 0.0239635 -0.0144012
0.56 0.135822 0.0268577 0.000546252 -0.00434357 0.0230117 -0.0113044
0.57 0.123856 0.0172408 0.000532941 -0.00278392 0.0209532 -0.00774571
0.58 0.10576 0.00747288 0.000489827 -0.00120751 0.0178702 -0.00397868
0.59 0.0823745 -0.0016352 0.000417793 0.000254308 0.0139387 -0.000263435
0.6 0.0550553 -0.00954959 0.000321021 0.00152102 0.00938206 0.00315593
0.61 0.0255221 -0.0160045 0.000206236 0.00255682 0.00445176 0.0060686
0.62 -0.00435721 -0.0209042 8.17465e-05 0.00334962 -0.000571735 0.00831099
0.63 -0.0328086 -0.0242031 -4.38797e-05 0.00388966 -0.00539184 0.00977893
0.64 -0.0583584 -0.025832 -0.000163314 0.00416026 -0.00973762 0.010437
0.65 -0.0799484 -0.0257082 -0.000271451 0.00414467 -0.0134117 0.0103217
0.66 -0.0969313 -0.0238178 -0.000365267 0.00384233 -0.0163085 0.00953559
0.67 -0.10898 -0.0203205 -0.000442709 0.00328347 -0.0183911 0.00823417
0.68 -0.11598 -0.0156186 -0.000501484 0.00253458 -0.0196518 0.00660839
0.69 -0.117975 -0.0103461 -0.000538649 0.00169417 -0.0200902 0.00486666
0.7 -0.115196 -0.00527121 -0.000551285 0.000880712 -0.0197249 0.0032172
0.71 -0.108127 -0.00114217 -0.000537836 0.000213729 -0.0186218 0.00185025
0.72 -0.0975616 0.00147362 -0.000499335 -0.000210478 -0.0169125 0.000920412
0.73 -0.0845856 0.00229852 -0.000439858 -0.000341482 -0.0147871 0.000531457
0.74 -0.0704733 0.00136563 -0.000366005 -0.00018444 -0.0124638 0.000726599
0.75 -0.0565186 -0.00104879 -0.000285596 0.000210248 -0.0101546 0.001486
0.76 -0.0438534 -0.0045437 -0.000206135 0.000771998 -0.00803835 0.00273084
0.77 -0.0333043 -0.00870557 -0.000133603 0.00143417 -0.00624679 0.00433197
0.78 -0.0253233 -0.0131684 -7.19333e-05 0.00214346 -0.0048588 0.00612175
0.79 -0.020002 -0.0176097 -2.3177e-05 0.00285321 -0.00390005 0.00790871
0.8 -0.017148 -0.0217061 1.19301e-05 0.00351135 -0.00334789 0.00949492
0.81 -0.0163892 -0.025091 3.33594e-05 0.00405484 -0.00314305 0.0106949
0.82 -0.0172627 -0.0273514 4.1396e-05 0.00441428 -0.0032058 0.0113537
0.83 -0.0192623 -0.0280749 3.65794e-05 0.00452484 -0.00345004 0.0113611
0.84 -0.0218412 -0.0269358 1.99907e-05 0.00433781 -0.0037884 0.0106615
0.85 -0.024392 -0.0237897 -6.23991e-06 0.00383114 -0.00412762 0.00925795
0.86 -0.0262419 -0.0187379 -3.84901e-05 0.0030185 -0.00436185 0.0072124
0.87 -0.0266898 -0.0121364 -7.16399e-05 0.00195366 -0.00437454 0.00464075
0.88 -0.0250934 -0.00453884 -9.97238e-05 0.000725478 -0.00405409 0.00170383
0.89 -0.0209803 0.00340744 -0.0001171 -0.000558645 -0.00331761 -0.00140626
0.9 -0.0141453 0.0110768 -0.000119645 -0.00179471 -0.00213099 -0.00448293
0.91 -0.00469508 0.0179519 -0.000105452 -0.00289947 -0.000515219 -0.00732297
0.92 0.00697256 0.0236593 -7.48054e-05 -0.00381589 0.00146163 -0.00974336
0.93 0.0202447 0.027956 -2.96018e-05 -0.00450778 0.00369989 -0.0115957
0.94 0.0343934 0.0306923 2.73543e-05 -0.00495127 0.00608337 -0.0127778
0.95 0.0486688 0.0317816 9.28757e-05 -0.0051304 0.00849039 -0.0132408
0.96 0.0623601 0.0311963 0.00016362 -0.00503898 0.0108015 -0.012993
0.97 0.0748209 0.0289922 0.000236087 -0.00468602 0.0129052 -0.0120979
0.98 0.0854674 0.0253445 0.000306508 -0.00410088 0.0147014 -0.0106672
0.99 0.0937697 0.0205729 0.000370743 -0.00333544 0.0161019 -0.00884977
1 0.0992578 0.015134 0.000424313 -0.00246227 0.0170299 -0.00681758
1.01 0.101554 0.00957342 0.000462721 -0.00156801 0.0174222 -0.00475028
1.02 0.100425 0.00444627 0.000482057 -0.000741881 0.0172372 -0.00281977
1.03 0.0958395 0.00022696 0.00047976 -6.13586e-05 0.0164661 -0.00117548
1.04 0.0879993 -0.00276255 0.000455202 0.0004206 0.0151405 6.81276e-05
1.05 0.0773293 -0.00438611 0.000409846 0.00068209 0.0133317 0.000840967
1.06 0.0644255 -0.00468263 0.000346902 0.00073049 0.011141 0.00112231
1.07 0.049977 -0.00382302 0.00027066 0.000594468 0.00868421 0.000941077
1.08 0.034685 -0.00205674 0.000185801 0.00031439 0.00607835 0.000371537
1.09 0.0192043 0.000330896 9.69149e-05 -6.45976e-05 0.00343268 -0.000474828
1.1 0.0041141 0.00303997 8.29875e-06 -0.000495267 0.000845471 -0.00146051
1.11 -0.0100838 0.0057587 -7.6043e-05 -0.00092805 -0.0015964 -0.00243527
1.12 -0.0229543 0.00816096 -0.000152344 -0.00131052 -0.00381686 -0.00325055
1.13 -0.0341229 0.00991393 -0.000217106 -0.00158897 -0.00575084 -0.00377367
1.14 -0.0432844 0.0107052 -0.00026728 -0.0017131 -0.00734605 -0.00390043
1.15 -0.0502284 0.0102878 -0.000300602 -0.00164327 -0.00856646 -0.0035649
1.16 -0.0548719 0.00852986 -0.000315987 -0.00135831 -0.00939703 -0.00274547
1.17 -0.057283 0.00545337 -0.000313837 -0.000861543 -0.00984771 -0.00146694
1.18 -0.0576827 0.00124437 -0.000296116 -0.00018269 -0.00995421 0.000201568
1.19 -0.0564173 -0.00376927 -0.000266129 0.000625539 -0.00977414 0.00215251
1.2 -0.0539094 -0.00916789 -0.000228023 0.00149535 -0.00937864 0.0042492
1.21 -0.0505991 -0.0145025 -0.000186181 0.00235411 -0.00884225 0.00633781
1.22 -0.0468944 -0.0193523 -0.000144671 0.00313392 -0.00823398 0.00826078
1.23 -0.0431409 -0.0233636 -0.000106906 0.00377814 -0.00761213 0.00987052
1.24 -0.0396145 -0.0262673 -7.55285e-05 0.00424402 -0.00702323 0.0110421
1.25 -0.0365284 -0.0278786 -5.24663e-05 0.00450239 -0.00650341 0.0116836
1.26 -0.0340422 -0.0280925 -3.90173e-05 0.0045365 -0.00608004 0.011744
1.27 -0.0322638 -0.0268819 -3.58613e-05 0.00434178 -0.00577167 0.011217
1.28 -0.0312384 -0.0243049 -4.29613e-05 0.0039272 -0.00558592 0.0101412
1.29 -0.0309301 -0.0205157 -5.94063e-05 0.00331728 -0.00551631 0.0085967
1.3 -0.0312057 -0.0157702 -8.33006e-05 0.00255317 -0.00553987 0.0066975
1.31 -0.0318317 -0.0104171 -0.000111798 0.00169098 -0.00561699 0.00458171
1.32 -0.0324909 -0.00486861 -0.00014133 0.000797055 -0.00569446 0.00239946
1.33 -0.0328179 0.000445664 -0.000168007 -5.95082e-05 -0.0057113 0.000300215
1.34 -0.0324444 0.00513215 -0.0001881 -0.000815346 -0.00560617 -0.0015796
1.35 -0.0310448 0.00888138 -0.0001985 -0.00142054 -0.00532482 -0.00312763
1.36 -0.0283694 0.0114993 -0.000197044 -0.00184375 -0.0048259 -0.00426441
1.37 -0.024262 0.0129166 -0.000182649 -0.00207388 -0.00408413 -0.00494904
1.38 -0.018662 0.0131781 -0.000155273 -0.00211838 -0.00309076 -0.0051814
1.39 -0.0115987 0.0124195 -0.00011576 -0.0019993 -0.00185247 -0.00500073
1.4 -0.00318567 0.0108422 -6.56763e-05 -0.00174902 -0.000390067 -0.00448071
1.41 0.0063808 0.00869135 -7.19477e-06 -0.00140668 0.00126193 -0.00372167
1.42 0.0168182 0.00624059 5.69574e-05 -0.00101589 0.00305471 -0.00284062
1.43 0.0277555 0.00377972 0.000123537 -0.000622949 0.00492472 -0.00196003
1.44 0.0387397 0.00159942 0.000188882 -0.000274529 0.00679483 -0.00119628
1.45 0.0492561 -3.05725e-05 0.000249127 -1.40646e-05 0.00857798 -0.000648937
1.46 0.058764 -0.000889911 0.00030052 0.000122929 0.0101833 -0.000391695
1.47 0.0667421 -0.000837704 0.000339799 0.000113757 0.0115239 -0.000465883
1.48 0.0727353 0.000163629 0.000364539 -4.76446e-05 0.0125243 -0.000877009
1.49 0.0763944 0.00203827 0.000373397 -0.000349118 0.013127 -0.00159461
1.5 0.0775011 0.00460476 0.000366195 -0.000761506 0.0132968 -0.00255538
1.51 0.0759781 0.00760036 0.000343847 -0.00124253 0.0130218 -0.00366921
1.52 0.0718862 0.0107163 0.000308181 -0.00174245 0.0123138 -0.00482763
1.53 0.0654142 0.0136354 0.000261691 -0.00221022 0.0112059 -0.00591384
1.54 0.0568664 0.0160646 0.000207317 -0.00259878 0.00975016 -0.00681346
1.55 0.0466488 0.017758 0.00014826 -0.00286881 0.00801565 -0.00742499
1.56 0.035254 0.0185307 8.78461e-05 -0.00299081 0.00608532 -0.00766898
1.57 0.0232408 0.0182658 2.93953e-05 -0.00294616 0.00405278 -0.00749529
1.58 0.0112044 0.0169192 -2.39417e-05 -0.0027278 0.00201744 -0.00688765
1.59 -0.000262199 0.014524 -6.93962e-05 -0.00234094 7.80146e-05 -0.00586525
1.6 -0.0106132 0.0111931 -0.000104822 -0.00180366 -0.00167492 -0.00448121
1.61 -0.0193951 0.00711882 -0.000128915 -0.00114679 -0.00316643 -0.00281814
1.62 -0.0262831 0.00256277 -0.000141349 -0.000412391 -0.00434323 -0.000981131
1.63 -0.031105 -0.00216358 -0.000142795 0.000349434 -0.00517735 0.000911133
1.64 -0.0338469 -0.00672843 -0.000134801 0.00108529 -0.00566708 0.00273631
1.65 -0.0346443 -0.0108142 -0.000119582 0.00174405 -0.00583527 0.00437855
1.66 -0.0337612 -0.0141512 -9.9743e-05 0.00228231 -0.00572589 0.00573792
1.67 -0.0315628 -0.0165437 -7.80258e-05 0.00266856 -0.0053994 0.00673835
1.68 -0.0284851 -0.0178846 -5.70804e-05 0.00288561 -0.00492773 0.00733345
1.69 -0.0250037 -0.0181579 -3.93039e-05 0.00293096 -0.00438905 0.00750959
1.7 -0.0216013 -0.0174313 -2.67192e-05 0.00281555 -0.00386234 0.00728619
1.71 -0.0187335 -0.0158423 -2.08759e-05 0.00256151 -0.00342182 0.00671311
1.72 -0.0167925 -0.013583 -2.27525e-05 0.00219962 -0.00313103 0.0058655
1.73 -0.0160719 -0.0108837 -3.26601e-05 0.00176679 -0.00303713 0.00483652
1.74 -0.0167356 -0.00799695 -5.0167e-05 0.0013035 -0.0031659 0.00372873
1.75 -0.0187974 -0.00518081 -7.40779e-05 0.000851128 -0.00351841 0.00264482
1.76 -0.0221142 -0.00267902 -0.000102496 0.000448853 -0.00406997 0.00167854
1.77 -0.0263964 -0.000699685 -0.000132982 0.00013016 -0.00477201 0.000906663
1.78 -0.0312341 0.00060587 -0.000162779 -8.05631e-05 -0.00555639 0.000382625
1.79 -0.0361339 0.00116024 -0.000189092 -0.000170818 -0.00634168 0.000132377
1.8 -0.040563 0.000969167 -0.000209343 -0.000141487 -0.0070404 0.000152834
1.81 -0.0439939 0.000120245 -0.000221384 -6.63668e-06 -0.00756636 0.000412951
1.82 -0.0459463 -0.00122893 -0.000223646 0.000208401 -0.0078415 0.000857321
1.83 -0.0460237 -0.00287099 -0.000215214 0.000470297 -0.0078019 0.00141191
1.84 -0.0439445 -0.00457343 -0.000195865 0.000741695 -0.00740282 0.0019914
1.85 -0.0395671 -0.00610324 -0.000166057 0.0009852 -0.00662269 0.00250747
1.86 -0.0329065 -0.00724849 -0.000126918 0.00116684 -0.00546586 0.00287724
1.87 -0.0241431 -0.0078351 -8.01953e-05 0.00125875 -0.0039638 0.00303111
1.88 -0.0136185 -0.00773904 -2.81859e-05 0.0012411 -0.00217439 0.00291936
1.89 -0.0018185 -0.00689471 2.63934e-05 0.0011034 -0.000178993 0.00251685
1.9 0.010658 -0.0053003 8.05815e-05 0.000845378 0.00192266 0.00182549
1.91 0.0231417 -0.00302002 0.000131395 0.000477318 0.0040196 0.000874256
1.92 0.034944 -0.000181977 0.000176069 1.97801e-05 0.00599795 -0.00028318
1.93 0.0454091 0.00302951 0.000212279 -0.000497632 0.0077496 -0.00157307
1.94 0.0539634 0.00638808 0.000238312 -0.00103853 0.00918027 -0.0029079
1.95 0.0601564 0.00964546 0.000253171 -0.00156299 0.0102162 -0.00419393
1.96 0.0636906 0.0125553 0.0002566 -0.00203138 0.010809 -0.00533921
1.97 0.0644395 0.0148974 0.000249058 -0.0024083 0.0109385 -0.00626138
1.98 0.0624533 0.0164988 0.000231636 -0.00266595 0.0106135 -0.00689458
1.99 0.0579537 0.0172486 0.000205963 -0.00278652 0.00987111 -0.00719492
2 0.0513175 0.0171055 0.000174089 -0.00276339 0.00877382 -0.00714392
2.01 0.0430501 0.0160975 0.000138357 -0.00260114 0.00740518 -0.00674984
2.02 0.0337496 0.0143163 0.000101251 -0.0023145 0.00586379 -0.00604659
2.03 0.0240623 0.0119071 6.52367e-05 -0.00192683 0.00425605 -0.00509055
2.04 0.0146335 0.00905596 3.25739e-05 -0.00146798 0.00268808 -0.00395545
2.05 0.00605759 0.00597517 5.14543e-06 -0.000972027 0.00125748 -0.00272592
2.06 -0.00116903 0.00288749 -1.56951e-05 -0.000474751 4.57603e-05 -0.00149019
2.07 -0.00668488 8.98635e-06 -2.92247e-05 -1.08714e-05 -0.000887803 -0.000332613
2.08 -0.0102887 -0.0024685 -3.53879e-05 0.000388759 -0.00151022 0.000673259
2.09 -0.0119499 -0.00439409 -3.47661e-05 0.00069985 -0.0018165 0.00147057
2.1 -0.0118045 -0.00567154 -2.84895e-05 0.000906887 -0.00182887 0.00202345
2.11 -0.0101378 -0.00626783 -1.8109e-05 0.00100452 -0.00159393 0.00231931
2.12 -0.00735617 -0.00621503 -5.44988e-06 0.000997883 -0.00117801 0.00236916
2.13 -0.00395106 -0.00560495 7.53985e-06 0.000901701 -0.00066122 0.00220571
2.14 -0.000457486 -0.00457745 1.89343e-05 0.000738439 -0.000130679 0.00187966
2.15 0.0025904 -0.00330434 2.69674e-05 0.000535684 0.000326768 0.00145444
2.16 0.00470377 -0.00197124 3.0162e-05 0.000323227 0.000631802 0.000999942
2.17 0.00548095 -0.000759643 2.74467e-05 0.000130187 0.00071946 0.000585798
2.18 0.0046431 0.000169017 1.82525e-05 -1.75537e-05 0.000544944 0.000274778
2.19 0.00206049 0.000686595 2.57828e-06 -9.94556e-05 8.78887e-05 0.000116975
2.2 -0.00223352 0.000708245 -1.89904e-05 -0.000101921 -0.000645403 0.000145219
2.21 -0.00804277 0.000199183 -4.53148e-05 -1.93731e-05 -0.00162204 0.000372136
2.22 -0.0150229 -0.000822105 -7.47911e-05 0.000145225 -0.00278496 0.000789081
2.23 -0.0227089 -0.00228462 -0.000105482 0.000380485 -0.00405752 0.00136704
2.24 -0.0305531 -0.0040701 -0.000135279 0.000667425 -0.00534967 0.00205934
2.25 -0.0379688 -0.00602296 -0.000162065 0.000981058 -0.00656518 0.00280602
2.26 -0.0443771 -0.00796438 -0.000183881 0.00129266 -0.00760927 0.00353925
2.27 -0.0492517 -0.00970935 -0.000199054 0.00157249 -0.00839597 0.00418954
2.28 -0.0521595 -0.0110847 -0.000206314 0.00179275 -0.00885475 0.00469204
2.29 -0.0527941 -0.0119457 -0.000204874 0.00193018 -0.00893592 0.00499231
2.3 -0.0510002 -0.0121897 -0.000194482 0.00196833 -0.00861465 0.0050513
2.31 -0.0467871 -0.0117648 -0.000175443 0.00189888 -0.00789317 0.00484876
2.32 -0.0403304 -0.0106734 -0.000148614 0.00172226 -0.00680094 0.00438519
2.33 -0.0319606 -0.00897101 -0.000115353 0.00144741 -0.00539288 0.00368176
2.34 -0.0221406 -0.00676036 -7.74359e-05 0.00109086 -0.00374552 0.00277862
2.35 -0.0114308 -0.00418281 -3.69287e-05 0.000675341 -0.00195143 0.00173147
2.36 -0.000448067 -0.00140679 3.958e-06 0.000227907 -0.000112316 0.00060684
2.37 0.0101811 0.00138544 4.30338e-05 -0.000222156 0.00166855 -0.000523425
2.38 0.0198669 0.00401211 7.82856e-05 -0.000645631 0.00329393 -0.00158818
2.39 0.0280982 0.00630654 0.000108015 -0.00101572 0.0046796 -0.00252278
2.4 0.0344788 0.00813093 0.000130945 -0.00131026 0.00576011 -0.00327424
2.41 0.0387521 0.00938797 0.000146286 -0.00151358 0.00649299 -0.00380532
2.42 0.0408155 0.0100288 0.000153767 -0.00161781 0.00686103 -0.00409721
2.43 0.0407233 0.0100566 0.000153632 -0.00162342 0.00687273 -0.0041505
2.44 0.0386773 0.00952443 0.000146602 -0.00153895 0.00656084 -0.00398457
2.45 0.0350078 0.00852928 0.000133817 -0.00137996 0.00597912 -0.00363527
2.46 0.0301441 0.00720097 0.000116742 -0.00116731 0.00519771 -0.00315129
2.47 0.0245794 0.00568935 9.70571e-05 -0.000925042 0.00429718 -0.00258948
2.48 0.0188301 0.00415002 7.65301e-05 -0.000678158 0.00336202 -0.00200952
2.49 0.0133938 0.00273059 5.6878e-05 -0.000450348 0.00247371 -0.00146856
2.5 0.00870978 0.00155824 3.96328e-05 -0.000262032 0.00170424 -0.00101614
2.51 0.00512469 0.000729561 2.60228e-05 -0.000128718 0.00111051 -0.000689936
2.52 0.00286665 0.000303039 1.68826e-05 -5.9804e-05 0.000730079 -0.000512669
2.53 0.00203003 0.000294708 1.25996e-05 -5.78804e-05 0.000578677 -0.000490412
2.54 0.00257174 0.000677285 1.31e-05 -0.000118584 0.00064957 -0.000612459
2.55 0.00431898 0.00138301 1.78731e-05 -0.000231054 0.000914829 -0.000852713
2.56 0.00698726 0.00231022 2.60278e-05 -0.000378978 0.00132828 -0.00117245
2.57 0.010207 0.00333318 3.63743e-05 -0.000542181 0.00182982 -0.00152421
2.58 0.013556 0.0043145 4.75231e-05 -0.000698604 0.00235075 -0.00185642
2.59 0.0165957 0.00511859 5.79958e-05 -0.000826485 0.00281969 -0.00211832
2.6 0.0189082 0.00562506 6.63406e-05 -0.000906499 0.0031686 -0.00226483
2.61 0.0201309 0.00574022 7.12472e-05 -0.000923624 0.00333851 -0.00226081
2.62 0.0199875 0.00540589 7.16532e-05 -0.00086854 0.00328454 -0.00208441
2.63 0.0183114 0.00460453 6.68357e-05 -0.000738458 0.00297974 -0.00172916
2.64 0.0150607 0.00336056 5.64764e-05 -0.000537327 0.00241756 -0.00120475
2.65 0.0103225 0.00173801 4.06965e-05 -0.000275453 0.00161257 -0.000536305
2.66 0.00430707 -0.000165049 2.00542e-05 3.13911e-05 0.000599518 0.000237701
2.67 -0.00266815 -0.00222469 -4.49369e-06 0.000363291 -0.000569295 0.00106868
2.68 -0.010203 -0.00430137 -3.1662e-05 0.000697825 -0.00182803 0.00190207
2.69 -0.0178457 -0.00625139 -5.99329e-05 0.0010119 -0.00310233 0.0026819
2.7 -0.0251269 -0.00793881 -8.76659e-05 0.00128367 -0.00431501 0.00335555
2.71 -0.0315949 -0.00924687 -0.000113215 0.00149437 -0.00539173 0.00387812
2.72 -0.0368492 -0.0100879 -0.000135041 0.00162991 -0.0062665 0.00421607
2.73 -0.0405686 -0.0104108 -0.000151817 0.00168206 -0.00688637 0.00434993
2.74 -0.0425337 -0.010205 -0.000162519 0.00164913 -0.00721508 0.00427572
2.75 -0.0426418 -0.00950094 -0.000166493 0.00153602 -0.0072355 0.00400499
2.76 -0.0409125 -0.00836675 -0.0001635 0.00135365 -0.0069506 0.00356366
2.77 -0.0374839 -0.00690127 -0.000153737 0.00111793 -0.00638291 0.0029895
2.78 -0.0326015 -0.00522489 -0.000137818 0.000848192 -0.00557256 0.00232876
2.79 -0.0265971 -0.0034687 -0.000116733 0.000565506 -0.00457403 0.00163209
2.8 -0.0198634 -0.00176313 -9.1773e-05 0.000290832 -0.00345186 0.00095017
2.81 -0.0128235 -0.000227192 -6.44352e-05 4.32903e-05 -0.00227572 0.000329456
2.82 -0.00589889 0.00104106 -3.63128e-05 -0.000161356 -0.00111516 -0.000191627
2.83 0.000520865 0.001972 -8.98202e-06 -0.000311914 -3.46117e-05 -0.000585689
2.84 0.00610534 0.0025295 1.61068e-05 -0.000402557 0.000911089 -0.000838341
2.85 0.0106048 0.00271299 3.77241e-05 -0.000433175 0.00168025 -0.000948973
2.86 0.0138645 0.00255659 5.49369e-05 -0.000409225 0.00224672 -0.00093028
2.87 0.0158319 0.00212508 6.71616e-05 -0.000341092 0.00260106 -0.000806625
2.88 0.0165548 0.00150718 7.41907e-05 -0.000243006 0.00275034 -0.000611384
2.89 0.0161729 0.000806595 7.61935e-05 -0.000131607 0.00271675 -0.000383543
2.9 0.0149023 0.000131743 7.36914e-05 -2.42963e-05 0.00253508 -0.00016385
2.91 0.0130145 -0.000414791 6.75071e-05 6.24639e-05 0.00224937 9.11341e-06
2.92 0.0108124 -0.000746078 5.86936e-05 0.000114726 0.0019089 0.0001026
2.93 0.00860358 -0.000798943 4.84454e-05 0.000122359 0.0015639 9.27711e-05
2.94 0.00667492 -0.000539642 3.79996e-05 7.99565e-05 0.00126132 -3.30787e-05
2.95 0.00526902 3.33041e-05 2.85355e-05 -1.27045e-05 0.00104101 -0.000275349
2.96 0.00456518 0.000889238 2.10801e-05 -0.00015069 0.000932548 -0.000622093
2.97 0.00466614 0.00196831 1.64285e-05 -0.000324382 0.00095304 -0.0010501
2.98 0.00559144 0.00318693 1.5085e-05 -0.00052035 0.001106 -0.00152698
2.99 0.00727785 0.00444514 1.72289e-05 -0.000722541 0.00138141 -0.00201412
3 0.00958645 0.00563543 2.27059e-05 -0.000913691 0.00175679 -0.00247011
3.01 0.0123157 0.00665221 3.10458e-05 -0.00107684 0.00219938 -0.00285444
3.02 0.0152189 0.00740113 4.15029e-05 -0.00119684 0.00266896 -0.00313112
3.03 0.018025 0.00780753 5.31165e-05 -0.00126171 0.00312121 -0.00327188
3.04 0.0204609 0.00782314 6.47861e-05 -0.00126369 0.0035114 -0.00325864
3.05 0.022273 0.00743043 7.53579e-05 -0.00119997 0.00379795 -0.00308512
3.06 0.0232478 0.00664423 8.37149e-05 -0.00107297 0.00394574 -0.00275739
3.07 0.023228 0.00551036 8.88663e-05 -0.000890032 0.00392888 -0.0022934
3.08 0.0221251 0.00410152 9.00265e-05 -0.000662868 0.00373273 -0.00172138
3.09 0.0199264 0.00251094 8.66802e-05 -0.000406461 0.00335506 -0.00107752
3.1 0.016695 0.000844274 7.86258e-05 -0.000137799 0.00280621 -0.000402902
3.11 0.0125659 -0.000789275 6.59951e-05 0.000125565 0.00210832 0.000259946
3.12 0.00773498 -0.00228595 4.92468e-05 0.000366951 0.00129366 0.00087051
3.13 0.00244481 -0.00355578 2.91359e-05 0.000571894 0.00040227 0.00139357
3.14 -0.0030331 -0.00452953 6.6608e-06 0.000729261 -0.000520956 0.00180192
3.15 -0.00841758 -0.00516391 -1.70056e-05 0.000832081 -0.0014294 0.00207844
3.16 -0.0134371 -0.00544436 -4.05969e-05 0.000878003 -0.00227793 0.00221713
3.17 -0.0178478 -0.00538553 -6.28398e-05 0.000869366 -0.00302587 0.00222325
3.18 -0.0214489 -0.00502916 -8.25399e-05 0.000812857 -0.00363957 0.00211249
3.19 -0.0240946 -0.00443956 -9.86621e-05 0.000718797 -0.00409439 0.00190917
3.2 -0.0257017 -0.00369728 -0.000110399 0.000600116 -0.00437599 0.00164386
3.21 -0.0262524 -0.00289136 -0.000117225 0.000471106 -0.00448087 0.00135034
3.22 -0.0257929 -0.0021109 -0.000118926 0.000346078 -0.0044161 0.00106254
3.23 -0.0244269 -0.00143699 -0.000115612 0.000238048 -0.00419837 0.000811392
3.24 -0.0223057 -0.000935388 -0.000107701 0.00015758 -0.00385233 0.00062208
3.25 -0.0196152 -0.00065097 -9.58866e-05 0.000111879 -0.00340849 0.000511897
3.26 -0.0165609 -0.000604106 -8.10772e-05 0.000104217 -0.00290076 0.000488818
3.27 -0.0133527 -0.000789403 -6.43301e-05 0.00013373 -0.00236393 0.000550969
3.28 -0.0101894 -0.00117676 -4.67713e-05 0.00019559 -0.00183114 0.000687005
3.29 -0.00724587 -0.00171463 -2.95139e-05 0.000281524 -0.00133166 0.000877343
3.3 -0.00466191 -0.00233507 -1.35806e-05 0.000380629 -0.00088912 0.00109613
3.31 -0.00253486 -0.00296028 1.65652e-07 0.00048042 -0.000520195 0.00131379
3.32 -0.000915479 -0.0035099 1.10774e-05 0.000568003 -0.000233894 0.00149982
3.33 0.000192437 -0.00390856 1.87615e-05 0.000631281 -3.14709e-05 0.00162573
3.34 0.000828924 -0.00409294 2.30989e-05 0.000660098 9.31062e-05 0.00166772
3.35 0.00107169 -0.00401775 2.42435e-05 0.000647191 0.000152166 0.00160897
3.36 0.00102741 -0.00366005 2.26008e-05 0.000588889 0.000162919 0.00144119
3.37 0.000821265 -0.00302157 1.87884e-05 0.000485483 0.000145745 0.00116554
3.38 0.000585513 -0.00212871 1.35794e-05 0.000341226 0.000122311 0.000792615
3.39 0.000448027 -0.00103037 7.83607e-06 0.000163988 0.00011367 0.000341587
3.4 0.000521637 0.000206235 2.43705e-06 -3.54228e-05 0.000138486 -0.000161344
3.41 0.000895052 0.0015013 -1.79555e-06 -0.000244176 0.00021151 -0.000685149
3.42 0.001626 0.00276923 -4.16282e-06 -0.000448513 0.000342421 -0.00119656
3.43 0.002737 0.00392581 -4.14502e-06 -0.000634897 0.000535099 -0.00166286
3.44 0.00421393 0.00489516 -1.44267e-06 -0.000791134 0.000787355 -0.00205453
3.45 0.00600739 0.00561593 3.99995e-06 -0.000907362 0.00109114 -0.00234774
3.46 0.00803665 0.00604615 1.19902e-05 -0.000976835 0.00143315 -0.00252612
3.47 0.0101957 0.00616641 2.21011e-05 -0.000996431 0.00179585 -0.00258211
3.48 0.0123609 0.00598113 3.37035e-05 -0.000966854 0.00215871 -0.00251733
3.49 0.0143998 0.0055177 4.60128e-05 -0.000892502 0.0024997 -0.00234227
3.5 0.0161806 0.00482376 5.8148e-05 -0.000781025 0.00279679 -0.00207524
3.51 0.0175809 0.0039627 6.91978e-05 -0.000642608 0.00302948 -0.00174062
3.52 0.0184959 0.00300791 7.829e-05 -0.000489041 0.00318021 -0.00136664
3.53 0.0188458 0.00203624 8.46568e-05 -0.000332674 0.00323553 -0.000982923
3.54 0.0185805 0.00112133 8.76944e-05 -0.000185338 0.00318696 -0.000617906
3.55 0.0176833 0.000327327 8.70079e-05 -5.73458e-05 0.0030316 -0.000296467
3.56 0.0161714 -0.0002963 8.24426e-05 4.33506e-05 0.00277226 -3.79084e-05
3.57 0.014095 -0.000718584 7.40962e-05 0.000111769 0.00241729 0.000145515
3.58 0.0115338 -0.000929112 6.23131e-05 0.000146226 0.00198007 0.000249412
3.59 0.0085924 -0.000938202 4.76607e-05 0.000148369 0.00147815 0.000277343
3.6 0.00539352 -0.00077526 3.08902e-05 0.00012291 0.000932248 0.000240202
3.61 0.00207114 -0.000485467 1.28851e-05 7.70933e-05 0.000364964 0.000154946
3.62 -0.00123733 -0.000125139 -5.39978e-06 1.99522e-05 -0.000200461 4.28058e-05
3.63 -0.00439875 0.000243837 -2.30029e-05 -3.85852e-05 -0.000741465 -7.28569e-05
3.64 -0.0072914 0.000559981 -3.90211e-05 -8.86558e-05 -0.00123739 -0.00016885
3.65 -0.00981137 0.000768088 -5.26694e-05 -0.000121404 -0.00167054 -0.000224394
3.66 -0.0118777 0.000824465 -6.33321e-05 -0.00012982 -0.0020271 -0.000223117
3.67 -0.0134359 0.000701051 -7.06007e-05 -0.000109409 -0.00229773 -0.000154618
3.68 -0.0144602 0.000388073 -7.42969e-05 -5.86074e-05 -0.00247789 -1.54653e-05
3.69 -0.0149533 -0.000105009 -7.44781e-05 2.10565e-05 -0.00256794 0.000190444
3.7 -0.0149453 -0.000750323 -7.1426e-05 0.000125099 -0.0025728 0.000452203
3.71 -0.0144904 -0.00150408 -6.5619e-05 0.000246483 -0.00250151 0.000752842
3.72 -0.0136624 -0.00231049 -5.76913e-05 0.000376242 -0.00236642 0.00107082
3.73 -0.0125491 -0.00310672 -4.83817e-05 0.000504281 -0.00218229 0.00138193
3.74 -0.0112465 -0.00382843 -3.84757e-05 0.000620266 -0.00196525 0.00166141
3.75 -0.00985196 -0.00441542 -2.8747e-05 0.000714528 -0.00173168 0.00188613
3.76 -0.00845823 -0.00481685 -1.99e-05 0.000778902 -0.00149716 0.0020366
3.77 -0.00714728 -0.00499563 -1.25202e-05 0.000807436 -0.00127546 0.00209869
3.78 -0.00598542 -0.00493164 -7.03308e-06 0.000796899 -0.00107775 0.00206481
3.79 -0.00501943 -0.00462335 -3.67767e-06 0.000747053 -0.000911858 0.00193458
3.8 -0.00427403 -0.00408798 -2.49315e-06 0.000660669 -0.000781947 0.00171484
3.81 -0.00375098 -0.00335996 -3.32202e-06 0.000543282 -0.000688306 0.00141907
3.82 -0.00342974 -0.00248791 -5.8279e-06 0.00040271 -0.000627497 0.00106622
3.83 -0.0032697 -0.0015305 -9.52713e-06 0.000248386 -0.00059274 0.0006791
3.84 -0.00321393 -0.000551434 -1.38313e-05 9.0549e-05 -0.000574539 0.000282467
3.85 -0.003194 0.000385892 -1.80972e-05 -6.06067e-05 -0.000561515 -9.90149e-05
3.86 -0.00313572 0.0012236 -2.16807e-05 -0.000195776 -0.000541364 -0.000442788
3.87 -0.00296533 0.00191398 -2.39897e-05 -0.000307286 -0.000501907 -0.000730178
3.88 -0.00261571 0.00242314 -2.45324e-05 -0.000389684 -0.000432123 -0.000947812
3.89 -0.00203226 0.00273342 -2.29579e-05 -0.000440124 -0.000323128 -0.00108855
3.9 -0.00117787 0.00284428 -1.90852e-05 -0.000458509 -0.000169003 -0.00115183
3.91 -3.68359e-05 0.00277174 -1.29192e-05 -0.000447404 3.25666e-05 -0.00114351
3.92 0.00138273 0.00254639 -4.65299e-06 -0.000411713 0.000279912 -0.00107503
3.93 0.00304819 0.00221014 5.34482e-06 -0.000358163 0.00056727 -0.000962227
3.94 0.00490341 0.00181213 1.65552e-05 -0.000294636 0.000884984 -0.000823744
3.95 0.00687154 0.00140399 2.83456e-05 -0.000229422 0.00121999 -0.0006792
3.96 0.00885948 0.00103508 4.00152e-05 -0.000170442 0.00155655 -0.00054737
3.97 0.0107636 0.000747954 5.08454e-05 -0.000124527 0.00187728 -0.000444449
3.98 0.0124765 0.000574558 6.01515e-05 -9.68082e-05 0.00216422 -0.000382606
3.99 0.0138942 0.000533486 6.7332e-05 -9.02702e-05 0.00240007 -0.000368927
4 0.0149236 0.000628469 7.19112e-05 -0.000105512 0.00256942 -0.000404846
