0.01 0.000153929 0.000137332 1.55837e-06 -3.25437e-05 4.43175e-05 -0.000450115
0.02 0.00112977 0.00100082 1.19424e-05 -0.00022084 0.000298166 -0.00205029
0.03 0.00409919 0.00363339 4.30482e-05 -0.000727995 0.000959903 -0.00434145
0.04 0.0101052 0.00896358 0.000100854 -0.00160899 0.00206005 -0.00695425
0.05 0.0194218 0.0171608 0.000181711 -0.00279871 0.00348367 -0.00995271
0.06 0.0312745 0.0273416 0.00028049 -0.00423807 0.00517161 -0.0127103
0.07 0.0439507 0.03765 0.000390582 -0.00585979 0.0071592 -0.015196
0.08 0.0551294 0.0456627 0.000494386 -0.00737761 0.00927976 -0.0169856
0.09 0.0624122 0.0491107 0.000561256 -0.00821149 0.0109077 -0.0175046
0.1 0.064242 0.0467792 0.000560922 -0.0078227 0.0112984 -0.0169463
0.11 0.0606025 0.0391222 0.000489483 -0.00622868 0.010255 -0.0149824
0.12 0.0529724 0.0280657 0.000379951 -0.00411003 0.0084209 -0.0119041
0.13 0.0433991 0.0159657 0.000274099 -0.00225231 0.00674919 -0.00798744
0.14 0.0330737 0.00440062 0.000186052 -0.000846532 0.00552918 -0.00305678
0.15 0.0217785 -0.00633716 9.56281e-05 0.000574478 0.00413921 0.00227287
0.16 0.0084314 -0.016783 -2.63994e-05 0.00248168 0.0017639 0.00787389
0.17 -0.00784929 -0.0274329 -0.000182424 0.00472591 -0.00168882 0.0132672
0.18 -0.0268627 -0.0382197 -0.000343111 0.00667422 -0.0054187 0.0177424
0.19 -0.0474911 -0.0485226 -0.000482645 0.00794174 -0.00863217 0.02138
0.2 -0.0680931 -0.0573273 -0.000601842 0.0087963 -0.0113049 0.0237062
0.21 -0.086661 -0.0632398 -0.000712493 0.00968655 -0.013948 0.0247525
0.22 -0.101013 -0.0646053 -0.000808401 0.0104615 -0.0167193 0.0246018
0.23 -0.109008 -0.06015 -0.000853062 0.0102998 -0.0188246 0.0228671
0.24 -0.109526 -0.0499815 -0.000809183 0.00856408 -0.0191904 0.020031
0.25 -0.103257 -0.0360872 -0.000685752 0.00566133 -0.0175945 0.0161861
0.26 -0.0923167 -0.0216305 -0.000536592 0.00285905 -0.0149528 0.011721
0.27 -0.0791397 -0.00937284 -0.000412913 0.00115593 -0.0125391 0.00734367
0.28 -0.0649147 -0.000419964 -0.000324824 0.000426717 -0.0107243 0.00298467
0.29 -0.0492543 0.00576734 -0.000239317 -0.000231575 -0.00877485 -0.000815654
0.3 -0.0312357 0.0103178 -0.000121172 -0.00138437 -0.00581166 -0.00388032
0.31 -0.0104886 0.0139148 2.36198e-05 -0.00264541 -0.00173876 -0.00613325
0.32 0.0119273 0.0165487 0.000160154 -0.00321912 0.00257017 -0.00699753
0.33 0.0339039 0.0178568 0.000263952 -0.00288687 0.0061622 -0.00680049
0.34 0.0530727 0.0173784 0.000333813 -0.00222492 0.00876295 -0.00554527
0.35 0.0671384 0.0145071 0.000380825 -0.00182487 0.0106009 -0.00344445
0.36 0.0744782 0.00859265 0.000403232 -0.00151123 0.0118857 -0.00110465
0.37 0.0743027 -0.000424339 0.000376913 -0.000539729 0.0123278 0.00161616
0.38 0.0670253 -0.0112431 0.000289357 0.00141677 0.0114674 0.00419908
0.39 0.0545128 -0.0211881 0.000164909 0.00365461 0.00931233 0.00634489
0.4 0.0392213 -0.0273128 4.58575e-05 0.00496205 0.00638112 0.00790671
0.41 0.0234852 -0.0279148 -3.42751e-05 0.00472202 0.00346694 0.00820346
0.42 0.0086426 -0.0232916 -7.11209e-05 0.00339342 0.00105149 0.00745728
0.43 -0.00520509 -0.0152221 -8.94332e-05 0.00191687 -0.00091915 0.00560727
0.44 -0.0183127 -0.00575115 -0.000109324 0.000771604 -0.002717 0.00269511
0.45 -0.0307768 0.00373169 -0.000130081 -0.000296674 -0.00464224 -0.000777102
0.46 -0.0417098 0.0126681 -0.000144599 -0.00170832 -0.00662599 -0.00501405
0.47 -0.049104 0.0210566 -0.000141227 -0.00343506 -0.00816211 -0.00951913
0.48 -0.0506669 0.0291782 -0.000106381 -0.0050538 -0.00857612 -0.0138785
0.49 -0.0444763 0.0373812 -3.41749e-05 -0.00628421 -0.00729038 -0.0178846
0.5 -0.0302644 0.0457112 7.7989e-05 -0.00728159 -0.00441774 -0.0207597
0.51 -0.00969095 0.0534286 0.000221053 -0.0083302 -0.000703569 -0.0225915
0.52 0.0144371 0.0588591 0.000364735 -0.00933939 0.0030464 -0.0232045
0.53 0.0388696 0.0599424 0.000482433 -0.00977936 0.0064377 -0.0224044
0.54 0.0611504 0.055273 0.000564936 -0.00913616 0.00973456 -0.0205167
0.55 0.0796294 0.0449437 0.000608582 -0.00736254 0.0131055 -0.0172112
0.56 0.093143 0.0306216 0.000614629 -0.00488811 0.0160413 -0.0128822
0.57 0.101253 0.0148731 0.000583637 -0.00228102 0.017685 -0.00796748
0.58 0.103876 0.000208679 0.000514718 4.873e-05 0.0175281 -0.00264605
0.59 0.101437 -0.0116813 0.000426908 0.00189662 0.0161556 0.00228694
0.6 0.0942039 -0.0202817 0.000346182 0.00320665 0.0146067 0.00682244
0.61 0.081352 -0.0261488 0.000269648 0.00408112 0.0131119 0.0106808
0.62 0.0616543 -0.0303726 0.000170905 0.00475959 0.0108041 0.0134244
0.63 0.0343873 -0.0337843 2.32744e-05 0.00542844 0.00644324 0.0151732
0.64 0.000954859 -0.0363271 -0.000174278 0.00599792 2.12975e-05 0.0154318
0.65 -0.0347166 -0.0370286 -0.000375123 0.00612809 -0.0068606 0.0144135
0.66 -0.0680325 -0.0346276 -0.000522253 0.00555004 -0.0123681 0.0124688
0.67 -0.0951941 -0.0284148 -0.000601469 0.00434825 -0.0157895 0.00962339
0.68 -0.114481 -0.0187365 -0.000632035 0.00285227 -0.0179897 0.0065588
0.69 -0.125783 -0.00696707 -0.000637067 0.00127586 -0.0200243 0.00327289
0.7 -0.12917 0.00483941 -0.000622818 -0.000398038 -0.0216817 4.80439e-05
0.71 -0.124991 0.0143903 -0.000569426 -0.00210636 -0.0218166 -0.00253537
0.72 -0.11379 0.0197042 -0.000470315 -0.00339004 -0.0195546 -0.00447868
0.73 -0.0967133 0.0198114 -0.00035992 -0.00360117 -0.0155229 -0.00519752
0.74 -0.0752993 0.0152954 -0.000271357 -0.00255534 -0.0113118 -0.00475852
0.75 -0.0501826 0.00812383 -0.000203359 -0.000886267 -0.00772335 -0.00342422
0.76 -0.0216273 0.000601619 -0.00012691 0.000441409 -0.00422041 -0.00105218
0.77 0.00965458 -0.00592744 -7.40437e-06 0.00103605 0.000393321 0.00181867
0.78 0.0413577 -0.0116317 0.000146583 0.00141701 0.00628598 0.00522192
0.79 0.0691094 -0.0175682 0.000275368 0.00237692 0.0119324 0.00890305
0.8 0.0886174 -0.024487 0.000332214 0.00404963 0.0154869 0.012186
0.81 0.0971992 -0.0320891 0.000315179 0.0057378 0.016136 0.0149967
0.82 0.0947404 -0.0391796 0.00025123 0.00668607 0.0146998 0.0167003
0.83 0.0833649 -0.0442709 0.000177152 0.00685657 0.0126147 0.0172227
0.84 0.0654352 -0.045973 0.000104092 0.00677989 0.0103934 0.0167184
0.85 0.0431811 -0.0431025 1.74982e-05 0.00669442 0.00763721 0.014854
0.86 0.0183703 -0.0349669 -7.64129e-05 0.00606779 0.00371297 0.0119946
0.87 -0.00756887 -0.022007 -0.000154273 0.00417134 -0.00122986 0.0080503
0.88 -0.0328896 -0.00622969 -0.000205969 0.00108915 -0.0061111 0.00320989
0.89 -0.0563176 0.0093163 -0.000233642 -0.00207421 -0.01002 -0.00180993
0.9 -0.0766203 0.0219733 -0.000255846 -0.00413312 -0.0126736 -0.00690534
0.91 -0.0922677 0.0307771 -0.000290536 -0.00490858 -0.0144801 -0.0114246
0.92 -0.101515 0.0365465 -0.000318069 -0.00526914 -0.0158608 -0.0151498
0.93 -0.101869 0.0407385 -0.000305366 -0.00609058 -0.016427 -0.018097
0.94 -0.0915057 0.044127 -0.000239678 -0.00730502 -0.0153876 -0.0197048
0.95 -0.0701748 0.0463594 -0.000119547 -0.00807482 -0.0120267 -0.0201095
0.96 -0.039602 0.046465 3.7702e-05 -0.00779248 -0.0064517 -0.0190988
0.97 -0.00384529 0.043566 0.00019964 -0.00669691 0.000141089 -0.0167021
0.98 0.0325945 0.0371809 0.000347222 -0.0054514 0.00637829 -0.0135523
0.99 0.0658715 0.0272555 0.000462787 -0.00428363 0.0113171 -0.00966125
1 0.0936456 0.0143771 0.000529267 -0.00277042 0.0150399 -0.00558094
1.01 0.115474 0.000153533 0.000559749 -0.000530526 0.0183153 -0.00158112
1.02 0.131086 -0.0128308 0.000575675 0.00204611 0.0213966 0.00228883
1.03 0.139979 -0.0218927 0.000581795 0.00395266 0.0237478 0.00531332
1.04 0.141108 -0.0255417 0.000576885 0.00446046 0.0242304 0.00745074
1.05 0.133135 -0.0241928 0.000544344 0.00376876 0.0222077 0.00839595
1.06 0.115907 -0.0197086 0.000466428 0.00272843 0.018351 0.0080092
1.07 0.0899356 -0.0141634 0.000356972 0.00199218 0.0137698 0.00678871
1.08 0.0564945 -0.00878889 0.00023026 0.00152616 0.00909542 0.00459621
1.09 0.0177118 -0.0037281 8.01066e-05 0.000902944 0.00384405 0.00181631
1.1 -0.0236668 0.00153279 -9.06383e-05 -0.000111368 -0.00278973 -0.00129401
1.11 -0.063209 0.00757256 -0.00026728 -0.0013553 -0.0102846 -0.00468761
1.12 -0.0960649 0.0145981 -0.000418506 -0.00255122 -0.0168609 -0.00758097
1.13 -0.118653 0.0221555 -0.000496227 -0.00360336 -0.0206187 -0.00983024
1.14 -0.129692 0.0289854 -0.000493937 -0.00453064 -0.0212296 -0.0110971
1.15 -0.130913 0.033209 -0.000458302 -0.00519642 -0.0203023 -0.0111028
1.16 -0.124606 0.032976 -0.000429134 -0.00526171 -0.0194205 -0.0102086
1.17 -0.112014 0.0273374 -0.00041723 -0.00444489 -0.0187044 -0.00812419
1.18 -0.0932158 0.0168105 -0.00040026 -0.00277401 -0.0167227 -0.00505673
1.19 -0.0676657 0.00325757 -0.000335564 -0.000572135 -0.0121552 -0.00123592
1.2 -0.0365083 -0.0108231 -0.000222629 0.00174865 -0.00565218 0.00331767
1.21 -0.00235661 -0.0231681 -0.000101994 0.00383225 0.000866096 0.00779978
1.22 0.0317159 -0.0324042 6.62775e-06 0.00539456 0.00585729 0.0120005
1.23 0.0625351 -0.0383207 0.000104837 0.0062825 0.00942769 0.0155669
1.24 0.0876962 -0.0416998 0.00019911 0.0066175 0.0128408 0.0180739
1.25 0.10439 -0.0437035 0.000290139 0.00678222 0.0163477 0.0197112
1.26 0.109819 -0.0450144 0.000339332 0.0070975 0.0186702 0.0200033
1.27 0.102889 -0.0452277 0.000304563 0.00744131 0.0180771 0.0189353
1.28 0.0846483 -0.0429921 0.000204148 0.00726214 0.014157 0.0166495
1.29 0.0589224 -0.0369004 8.76643e-05 0.00608926 0.00863568 0.0130624
1.3 0.0300413 -0.0265095 -5.05609e-06 0.0040335 0.00358567 0.0088946
1.31 0.000671241 -0.0127627 -5.84492e-05 0.00169646 -0.000231028 0.00432855
1.32 -0.0280257 0.00237318 -0.00010473 -0.000416278 -0.00369513 -0.000344585
1.33 -0.05611 0.0166138 -0.00018072 -0.00228227 -0.00814711 -0.00460901
1.34 -0.0825981 0.0278984 -0.00027379 -0.00408895 -0.0134479 -0.00851416
1.35 -0.104992 0.034713 -0.000359026 -0.00565742 -0.018153 -0.0114308
1.36 -0.120561 0.0364455 -0.000422312 -0.0063636 -0.0207458 -0.0131317
1.37 -0.126631 0.0337481 -0.000449646 -0.00578636 -0.0207728 -0.0136501
1.38 -0.122034 0.0284471 -0.000445461 -0.00433855 -0.0191351 -0.0127454
1.39 -0.106692 0.0226613 -0.0004101 -0.00303452 -0.016642 -0.0109635
1.4 -0.0811976 0.0175518 -0.000319967 -0.00252169 -0.013314 -0.00836615
1.41 -0.0477799 0.0127075 -0.000178262 -0.00241552 -0.00863872 -0.00509267
1.42 -0.00957067 0.00678299 -1.63345e-05 -0.00173578 -0.00229742 -0.00165834
1.43 0.0291632 -0.00110604 0.00014254 -1.91174e-05 0.00483512 0.00193178
1.44 0.0640793 -0.0104136 0.00027206 0.00213168 0.0113091 0.00499303
1.45 0.0926152 -0.0193528 0.000361452 0.00366697 0.016008 0.00716912
1.46 0.113583 -0.0258716 0.000430572 0.00413758 0.0187178 0.00843614
1.47 0.127454 -0.0284687 0.000485314 0.00397569 0.0202963 0.00842097
1.48 0.134901 -0.026391 0.000524899 0.00374349 0.0214833 0.00748422
1.49 0.13537 -0.0195732 0.000562969 0.0033156 0.0222703 0.00555358
1.5 0.127873 -0.00880774 0.000587929 0.00203766 0.0218669 0.00259923
1.51 0.110974 0.00401349 0.00057249 -0.000316772 0.0191913 -0.000897141
1.52 0.0846024 0.0162316 0.0005054 -0.00298247 0.0141775 -0.00491737
1.53 0.0509481 0.025544 0.000377005 -0.00478019 0.00780788 -0.00878374
1.54 0.0133666 0.0311874 0.000204856 -0.00524584 0.00150193 -0.012064
1.55 -0.0237534 0.0341186 4.02063e-05 -0.00504624 -0.00378548 -0.0147039
1.56 -0.0568099 0.0359425 -9.61672e-05 -0.00519566 -0.00832034 -0.016206
1.57 -0.0832505 0.0374768 -0.000210097 -0.00595397 -0.0125958 -0.0167289
1.58 -0.100926 0.0381377 -0.000298414 -0.00661522 -0.0164389 -0.0160513
1.59 -0.109063 0.0364952 -0.000363587 -0.00632933 -0.0188307 -0.0139536
1.6 -0.107702 0.0313105 -0.000396368 -0.00496697 -0.0186203 -0.0108406
1.61 -0.098329 0.0221869 -0.000380238 -0.00309886 -0.0160757 -0.00668726
1.62 -0.0835255 0.00962348 -0.000343767 -0.00124412 -0.0126695 -0.00208775
1.63 -0.0648052 -0.00513025 -0.000322384 0.000634052 -0.0097683 0.00251619
1.64 -0.0427477 -0.0201394 -0.000305249 0.0028093 -0.0074163 0.00707854
1.65 -0.0168851 -0.03299 -0.000264557 0.00513765 -0.00416028 0.0110026
1.66 0.0125698 -0.041465 -0.00016845 0.00692893 0.000985356 0.0142484
1.67 0.0427259 -0.0444966 -8.23398e-06 0.00752909 0.00725411 0.0164453
1.68 0.069457 -0.0426886 0.000157234 0.00695263 0.0125695 0.0171697
1.69 0.0884373 -0.0378857 0.000266131 0.00585112 0.015154 0.0166969
1.7 0.0972529 -0.0320428 0.000314665 0.00488092 0.0152595 0.0148825
1.71 0.0961389 -0.026209 0.000319623 0.00418261 0.0143773 0.0121335
1.72 0.0860204 -0.0202753 0.00030443 0.00344811 0.013454 0.00879833
1.73 0.0685477 -0.0134675 0.000281656 0.00235765 0.0120237 0.00482809
1.74 0.0454657 -0.00510367 0.000223248 0.000871756 0.00876532 0.000830389
1.75 0.0189193 0.0048189 0.0001222 -0.00083148 0.00354214 -0.00303544
1.76 -0.00792838 0.015363 1.96073e-05 -0.00253432 -0.00216443 -0.00633031
1.77 -0.0330273 0.0247494 -6.22339e-05 -0.00400293 -0.00661972 -0.00849057
1.78 -0.0555349 0.0308467 -0.000127332 -0.00493774 -0.00929807 -0.00968356
1.79 -0.0756034 0.0319709 -0.000194694 -0.00506644 -0.0114322 -0.00963934
1.8 -0.0933986 0.0276449 -0.000300772 -0.00433818 -0.0142757 -0.00854176
1.81 -0.106819 0.0188597 -0.000434622 -0.0029792 -0.0175408 -0.00660268
1.82 -0.112872 0.00766484 -0.000534069 -0.00131625 -0.0196315 -0.00363692
1.83 -0.109008 -0.00363354 -0.000566683 0.000423794 -0.0189491 -0.000200928
1.84 -0.0945315 -0.0132047 -0.000529766 0.00208639 -0.0155888 0.00349754
1.85 -0.0717723 -0.0200999 -0.000435657 0.00343105 -0.0110228 0.00703229
1.86 -0.043868 -0.0243398 -0.000323247 0.00417976 -0.00659316 0.00977316
1.87 -0.0141364 -0.0267173 -0.000206718 0.00431287 -0.00266292 0.0118169
1.88 0.0145836 -0.0282603 -7.52518e-05 0.00422059 0.00140948 0.0127883
1.89 0.0405857 -0.0294416 5.19682e-05 0.00437798 0.00594254 0.0126488
1.9 0.0620854 -0.0295934 0.000160599 0.00477452 0.0103201 0.0114684
1.91 0.0783446 -0.0270984 0.00025891 0.00476162 0.0136183 0.00891928
1.92 0.0894718 -0.0204221 0.000342323 0.0036294 0.015255 0.00547084
1.93 0.0956279 -0.00929952 0.000419048 0.00136094 0.0156302 0.00132874
1.94 0.0973053 0.0048404 0.000499462 -0.00127729 0.0155007 -0.00315526
1.95 0.0937262 0.0195019 0.000554393 -0.00343875 0.0151105 -0.00733937
1.96 0.0837364 0.0322082 0.000564794 -0.00492254 0.0141361 -0.0112722
1.97 0.0668963 0.0412239 0.000533762 -0.0061037 0.0118324 -0.014485
1.98 0.0436281 0.0456763 0.000446892 -0.00718732 0.00792396 -0.0167154
1.99 0.0167072 0.0454743 0.000310366 -0.00775359 0.00296959 -0.0178816
2 -0.010194 0.041367 0.000154869 -0.00721306 -0.00199792 -0.017494
2.01 -0.0335405 0.0349103 -2.02084e-06 -0.00563854 -0.0058433 -0.0158775
2.02 -0.0505516 0.0278821 -0.000126472 -0.00391437 -0.00817574 -0.0131564
2.03 -0.0608931 0.0212539 -0.000192664 -0.00289703 -0.00937876 -0.00951598
2.04 -0.0652716 0.0145621 -0.00023259 -0.00248317 -0.0100854 -0.00551902
2.05 -0.0649687 0.00642972 -0.000275469 -0.00170232 -0.0106813 -0.00109867
2.06 -0.0612501 -0.00402105 -0.000319823 0.000192008 -0.0107461 0.00324827
2.07 -0.0541097 -0.0160405 -0.000360329 0.00283449 -0.00966638 0.00709583
2.08 -0.0437707 -0.0273807 -0.000365275 0.00504838 -0.00736577 0.0102593
2.09 -0.0303345 -0.0355008 -0.000313356 0.00598432 -0.00443159 0.0121201
2.1 -0.0139436 -0.0387697 -0.000237005 0.00582477 -0.0017578 0.0128447
2.11 0.0044639 -0.0368373 -0.000151825 0.00531518 0.000526876 0.0124335
2.12 0.0241192 -0.0303136 -4.26287e-05 0.00477281 0.00305222 0.0108448
2.13 0.042979 -0.0204364 8.75439e-05 0.00379396 0.00627053 0.00849192
2.14 0.0580352 -0.00900688 0.000231787 0.00196178 0.00971081 0.00522616
2.15 0.0666968 0.00180951 0.000358432 -0.000367458 0.0118999 0.00149075
2.16 0.0671806 0.0102062 0.000405593 -0.00220788 0.0117816 -0.00221661
2.17 0.0605872 0.0156302 0.000372663 -0.00291045 0.00976476 -0.0056965
2.18 0.049657 0.0189845 0.000314654 -0.00283286 0.00730022 -0.00827877
2.19 0.0368862 0.0217365 0.00026482 -0.0029158 0.00563295 -0.0100083
2.2 0.0239775 0.024564 0.000237074 -0.00364381 0.00452796 -0.0107753
2.21 0.010515 0.0266706 0.000208871 -0.00453962 0.00281747 -0.0103138
2.22 -0.00403361 0.0263052 0.000127934 -0.00469091 -0.000135186 -0.00887606
2.23 -0.0194506 0.0219595 8.03876e-07 -0.00366787 -0.00376435 -0.00621777
2.24 -0.0352782 0.0132742 -0.00012898 -0.00183213 -0.00676392 -0.00268518
2.25 -0.0500979 0.00117218 -0.00025147 0.000176517 -0.008583 0.00121589
2.26 -0.0629279 -0.0125358 -0.000360915 0.00205289 -0.00982362 0.00533468
2.27 -0.0724635 -0.0256202 -0.000457139 0.00385077 -0.0112379 0.0090073
2.28 -0.0765994 -0.0358657 -0.000546747 0.00554123 -0.0127364 0.0121824
2.29 -0.0741521 -0.0416153 -0.000587697 0.00675487 -0.0131717 0.0146531
2.3 -0.0647728 -0.0423571 -0.000542395 0.00705832 -0.0116327 0.0159383
2.31 -0.050346 -0.0389435 -0.000440014 0.00641544 -0.00851279 0.0161237
2.32 -0.0342165 -0.0331128 -0.000317182 0.00525593 -0.00513807 0.0148548
2.33 -0.0186885 -0.0265173 -0.000203661 0.00408422 -0.00268256 0.0123316
2.34 -0.00507478 -0.0199007 -0.000122681 0.00308472 -0.00109139 0.00899441
2.35 0.00728441 -0.0129506 -4.32839e-05 0.00209475 0.000531554 0.00487225
2.36 0.0195665 -0.00481844 6.45587e-05 0.000866935 0.0027876 0.00055228
2.37 0.03184 0.00510975 0.00018201 -0.000710105 0.00549104 -0.00386438
2.38 0.0439114 0.0166086 0.000301413 -0.00258544 0.00786029 -0.00811478
2.39 0.0543503 0.0283863 0.000414187 -0.00456677 0.00941008 -0.0115447
2.4 0.061585 0.0383134 0.000489857 -0.00628563 0.0102146 -0.0140958
2.41 0.0644384 0.0441079 0.00052663 -0.00725817 0.010459 -0.0153083
2.42 0.0615185 0.0442712 0.000520627 -0.00715295 0.0101629 -0.0151983
2.43 0.0530689 0.0388021 0.000450021 -0.00606695 0.00905587 -0.0140725
2.44 0.0402945 0.02921 0.000338526 -0.00448209 0.00705535 -0.0117659
2.45 0.0252389 0.0177914 0.000217486 -0.0028681 0.00449496 -0.00870816
2.46 0.0106827 0.00666595 8.88387e-05 -0.00134278 0.0018382 -0.00497698
2.47 -0.00206649 -0.00283671 -2.54711e-05 0.000210219 -0.000466665 -0.000808717
2.48 -0.0123889 -0.0102543 -0.000113291 0.00173954 -0.00226832 0.00306428
2.49 -0.0206959 -0.0157818 -0.000188838 0.00290159 -0.00361164 0.0065185
2.5 -0.0282572 -0.0200203 -0.000240722 0.00342906 -0.00463536 0.00904936
2.51 -0.0353272 -0.0236243 -0.000274373 0.00354271 -0.00565886 0.0105104
2.52 -0.0419167 -0.0267424 -0.000322829 0.00379482 -0.0068229 0.0110675
2.53 -0.0467172 -0.0285239 -0.000369502 0.00438452 -0.00792145 0.0103495
2.54 -0.0474851 -0.0272658 -0.00037877 0.00473946 -0.00834428 0.00860003
2.55 -0.0429937 -0.0214201 -0.000334173 0.00397594 -0.00743959 0.00583675
2.56 -0.0326781 -0.0108565 -0.000215866 0.00183816 -0.00525479 0.00220933
2.57 -0.0181083 0.00265095 -5.33406e-05 -0.000908781 -0.00247243 -0.00155584
2.58 -0.00197956 0.0161834 8.60765e-05 -0.00312452 7.59661e-05 -0.00534398
2.59 0.0136499 0.02708 0.000192611 -0.00431261 0.00209984 -0.00866857
2.6 0.0268192 0.0338978 0.000280184 -0.00488657 0.00399693 -0.0112561
2.61 0.0370787 0.0364184 0.000346093 -0.00542738 0.00601571 -0.013148
2.62 0.0444384 0.0351284 0.000399071 -0.00586678 0.00786549 -0.0137864
2.63 0.0488822 0.0308758 0.000419462 -0.00558283 0.00889182 -0.0132294
2.64 0.0514024 0.0248159 0.000381057 -0.00427365 0.00881545 -0.0114198
2.65 0.0522191 0.0181801 0.000324705 -0.0025101 0.00824524 -0.008377
2.66 0.0512134 0.0116316 0.000286574 -0.00121137 0.00787802 -0.00475063
2.67 0.0474044 0.00472922 0.000249457 -0.000605484 0.00772008 -0.000584746
2.68 0.0386148 -0.00373394 0.000191567 7.20582e-05 0.00690571 0.00370729
2.69 0.0242216 -0.0144926 7.62202e-05 0.00171996 0.00448569 0.00776258
2.7 0.00496003 -0.0266588 -0.000108633 0.00428379 0.000636165 0.0115255
2.71 -0.0165708 -0.0377453 -0.000292403 0.006662 -0.00351994 0.0142844
2.72 -0.0366429 -0.0449288 -0.000417579 0.00772935 -0.00679482 0.0159232
2.73 -0.0531378 -0.046514 -0.000486676 0.00734323 -0.00885472 0.0162966
2.74 -0.0646856 -0.042509 -0.000505724 0.00625673 -0.0103031 0.0152481
2.75 -0.0712793 -0.0341653 -0.000499912 0.00515987 -0.0115754 0.0132739
2.76 -0.0737208 -0.0232091 -0.000486795 0.00401267 -0.0125146 0.0102757
2.77 -0.0721797 -0.0114106 -0.000432596 0.00237768 -0.012577 0.00652016
2.78 -0.0675962 -0.000422559 -0.000337517 0.000241138 -0.0114819 0.00238907
2.79 -0.0602037 0.00853901 -0.000242957 -0.00174246 -0.00970057 -0.00203578
2.8 -0.0495844 0.0151837 -0.000153546 -0.00289971 -0.00771055 -0.0059717
2.81 -0.035446 0.0202612 -6.74695e-05 -0.00327796 -0.00556153 -0.00918848
2.82 -0.0168247 0.0248834 2.33677e-05 -0.00357567 -0.00287837 -0.0114845
2.83 0.00548326 0.0294161 0.000154778 -0.00433797 0.000723143 -0.0125268
2.84 0.0292514 0.0328693 0.000307845 -0.00532362 0.00486588 -0.0126256
2.85 0.0516179 0.0333651 0.000424759 -0.00572915 0.00878297 -0.0115075
2.86 0.0689186 0.0293327 0.000491041 -0.00498052 0.011737 -0.00924735
2.87 0.0793382 0.0205183 0.00049549 -0.00321536 0.013301 -0.00618444
2.88 0.0822222 0.00818233 0.000435127 -0.00104005 0.0135912 -0.00235116
2.89 0.078078 -0.00542599 0.000350008 0.00102227 0.0127699 0.0014964
2.9 0.0690147 -0.0178269 0.00025287 0.00277422 0.0111559 0.00509525
2.91 0.0564046 -0.0269623 0.000142047 0.00415584 0.00914422 0.00824735
2.92 0.0416343 -0.0316835 5.00449e-05 0.0050197 0.00685462 0.0104812
2.93 0.0251762 -0.0320262 -2.60302e-05 0.00520558 0.00428851 0.011936
2.94 0.00634863 -0.0290911 -0.000111015 0.00476203 0.00114368 0.0121804
2.95 -0.0143621 -0.0244383 -0.000192915 0.00396019 -0.00262635 0.0110962
2.96 -0.0361923 -0.0192592 -0.000274304 0.00306614 -0.00646317 0.0089539
2.97 -0.0569842 -0.0138378 -0.000354283 0.00214939 -0.00975369 0.00568783
2.98 -0.0736786 -0.00762947 -0.000394975 0.00112246 -0.0120091 0.00195267
2.99 -0.0842945 0.000163753 -0.000397358 -9.77967e-05 -0.0133315 -0.00201937
3 -0.0867019 0.0099162 -0.000375527 -0.0015363 -0.0139427 -0.00608241
3.01 -0.0802696 0.0211124 -0.000301381 -0.00320453 -0.0134455 -0.00966631
3.02 -0.0657512 0.0322215 -0.000176005 -0.00503068 -0.0113509 -0.0127655
3.03 -0.0446638 0.0409785 -2.51014e-05 -0.00667727 -0.00749197 -0.0148215
3.04 -0.020603 0.0451121 0.000135837 -0.00754998 -0.00271621 -0.0155346
3.05 0.00352759 0.0433291 0.000254251 -0.00717385 0.00152221 -0.0150845
3.06 0.0259319 0.0360205 0.000302078 -0.00565075 0.00465596 -0.0132615
3.07 0.0459572 0.0251339 0.000329181 -0.00366878 0.00712771 -0.0105457
3.08 0.0646028 0.0132001 0.000365336 -0.00193357 0.00995774 -0.00707274
3.09 0.0812232 0.00216927 0.000407435 -0.000587937 0.0134039 -0.00287778
3.1 0.0941 -0.00715139 0.000449148 0.000732392 0.0162875 0.00143308
3.11 0.100945 -0.0148509 0.000443133 0.00228629 0.017371 0.00576713
3.12 0.0991551 -0.021328 0.000370211 0.00379896 0.0162153 0.00950369
3.13 0.0884896 -0.0269101 0.000277871 0.00475338 0.0136034 0.0122032
3.14 0.0693634 -0.0317215 0.000176276 0.00505369 0.0106122 0.0139586
3.15 0.0430805 -0.0354943 4.86825e-05 0.0051847 0.00717573 0.0143953
3.16 0.012365 -0.0372825 -9.69723e-05 0.00557416 0.00275191 0.0137698
3.17 -0.0201396 -0.0355329 -0.000262678 0.00590293 -0.00288141 0.0120715
3.18 -0.050321 -0.0288998 -0.000413284 0.00527111 -0.00882006 0.00917055
3.19 -0.0748614 -0.0174314 -0.000478355 0.00316545 -0.0133416 0.00563307
3.2 -0.0925504 -0.00311849 -0.000467817 0.000180411 -0.015767 0.00155519
3.21 -0.103149 0.0108498 -0.000434915 -0.00238921 -0.0165969 -0.00247693
3.22 -0.108228 0.021663 -0.000402268 -0.00370976 -0.0169621 -0.00596303
3.23 -0.108095 0.0280807 -0.000390455 -0.00405759 -0.0174488 -0.00895518
3.24 -0.101636 0.0304326 -0.000375701 -0.004275 -0.0171734 -0.0109425
3.25 -0.0879706 0.0297504 -0.00030116 -0.0047118 -0.0151471 -0.0119635
3.26 -0.0659511 0.0269904 -0.00018239 -0.00487899 -0.0110289 -0.0118638
3.27 -0.0369038 0.02286 -5.52265e-05 -0.00417218 -0.00548729 -0.0103365
3.28 -0.00354402 0.017911 8.11102e-05 -0.00273238 0.000155488 -0.00786237
3.29 0.0310987 0.0123811 0.00020722 -0.00135499 0.00535186 -0.00447726
3.3 0.06278 0.00588028 0.000316985 -0.000549528 0.00996055 -0.000651046
3.31 0.088578 -0.00244452 0.000419475 9.65185e-05 0.0139848 0.00312724
3.32 0.105866 -0.0129975 0.000468925 0.00144363 0.0172441 0.00691676
3.33 0.11298 -0.0247357 0.000441275 0.00371356 0.0189156 0.0101148
3.34 0.110675 -0.035112 0.000373665 0.00604174 0.018658 0.0125733
3.35 0.099873 -0.0412446 0.000282369 0.00721585 0.0165708 0.0140233
3.36 0.0828066 -0.0414628 0.00018926 0.00678662 0.0131876 0.0139937
3.37 0.0614051 -0.0360397 0.00012308 0.00535533 0.00944746 0.0128514
3.38 0.036153 -0.0267082 5.3536e-05 0.00382408 0.00557226 0.0105244
3.39 0.00808953 -0.0155941 -3.63885e-05 0.00252008 0.00149174 0.00729958
3.4 -0.0225671 -0.0044443 -0.000126761 0.00113716 -0.00313909 0.00359255
3.41 -0.0542024 0.00558404 -0.000232973 -0.000586795 -0.00858067 -0.000710322
3.42 -0.0833138 0.0139118 -0.000347421 -0.00237852 -0.0139681 -0.00497042
3.43 -0.106483 0.0205856 -0.000425366 -0.00370451 -0.0181629 -0.00890508
3.44 -0.119515 0.0262025 -0.000461043 -0.00439897 -0.0200689 -0.0121794
3.45 -0.120626 0.0314081 -0.000442042 -0.00484221 -0.019419 -0.0141878
3.46 -0.110433 0.0361292 -0.000353062 -0.0054692 -0.0172395 -0.0151692
3.47 -0.0904144 0.0391836 -0.000240985 -0.00619417 -0.0142786 -0.0149086
3.48 -0.0638596 0.0387421 -0.000131133 -0.00642556 -0.0107769 -0.0134561
3.49 -0.0330116 0.0334126 -7.85319e-06 -0.00562883 -0.00628374 -0.0110963
3.5 -0.000190432 0.0231795 0.000107787 -0.00380053 -0.000382634 -0.00760583
3.51 0.031695 0.0095841 0.000207039 -0.00142283 0.00587198 -0.00358095
3.52 0.0611474 -0.00485333 0.00029599 0.000928512 0.0111497 0.000645132
3.53 0.0862935 -0.0175275 0.000345794 0.00287392 0.0146393 0.00475595
3.54 0.106589 -0.0265319 0.000373349 0.00423022 0.0167523 0.0080782
3.55 0.121662 -0.0311307 0.000424996 0.00492587 0.0188562 0.0107493
3.56 0.129071 -0.0318217 0.00047605 0.00502618 0.0209274 0.0124213
3.57 0.126687 -0.0299303 0.00048976 0.00475477 0.0216905 0.0129011
3.58 0.11215 -0.0268375 0.000444185 0.00434934 0.0195676 0.0123245
3.59 0.0856789 -0.023235 0.000309582 0.00385616 0.0141319 0.010331
3.6 0.0512069 -0.0188774 0.000130432 0.00311562 0.00729003 0.00741054
3.61 0.0129658 -0.0129683 -1.73317e-05 0.00199199 0.00101592 0.00386602
3.62 -0.024212 -0.00485718 -0.000135733 0.000569217 -0.00394295 -9.03091e-05
3.63 -0.0575329 0.00541205 -0.000237005 -0.000955424 -0.00825182 -0.00379492
3.64 -0.0858086 0.0169053 -0.000319056 -0.00251645 -0.0131022 -0.00733119
3.65 -0.106976 0.0278862 -0.000398209 -0.00416314 -0.0178537 -0.0102615
3.66 -0.120334 0.0361304 -0.000443334 -0.00573524 -0.0209638 -0.0121848
3.67 -0.125057 0.0395533 -0.000425255 -0.00667157 -0.021394 -0.0131098
3.68 -0.121255 0.0370957 -0.000394492 -0.00635 -0.0194256 -0.0125455
3.69 -0.11037 0.0294017 -0.000377103 -0.00473093 -0.0168662 -0.0108394
3.7 -0.0919628 0.0186679 -0.000351895 -0.00256491 -0.0144403 -0.00820739
3.71 -0.0660481 0.00755369 -0.000306684 -0.000797156 -0.0114198 -0.00469368
3.72 -0.0329162 -0.00214785 -0.000199405 0.000265735 -0.00665604 -0.000889058
3.73 0.00567948 -0.010103 -1.93399e-05 0.00112235 0.000363624 0.00328104
3.74 0.044424 -0.0169516 0.000156149 0.00238114 0.00791177 0.00734221
3.75 0.0784643 -0.0233369 0.000283228 0.00398701 0.013902 0.0107384
3.76 0.103521 -0.0293134 0.000364987 0.00527118 0.0173616 0.0133908
3.77 0.117499 -0.0343936 0.000392189 0.00574975 0.0185435 0.0146991
3.78 0.121443 -0.0378021 0.000393638 0.00566923 0.0188798 0.0148457
3.79 0.115902 -0.0385227 0.000388986 0.00560702 0.0187012 0.0139156
3.8 0.102482 -0.0353317 0.000343615 0.00560732 0.0174057 0.0117345
3.81 0.0825372 -0.0273026 0.000270876 0.00494823 0.0144487 0.008762
3.82 0.0567846 -0.0147362 0.000204046 0.00293858 0.009566 0.00487917
3.83 0.0275146 0.000294333 0.000126737 -0.000121004 0.00391655 0.000524607
3.84 -0.00423494 0.0145576 4.31554e-05 -0.00298129 -0.0014619 -0.00367159
3.85 -0.0368768 0.0252255 -4.64397e-05 -0.00453706 -0.00628309 -0.00761042
3.86 -0.0681062 0.0312098 -0.000174137 -0.00479698 -0.010557 -0.010632
3.87 -0.0961008 0.0332413 -0.000310095 -0.00468528 -0.0149099 -0.0127626
3.88 -0.116855 0.0328043 -0.000409588 -0.00493339 -0.0188818 -0.0139463
3.89 -0.127281 0.0309838 -0.000476794 -0.00532701 -0.0213578 -0.0137733
3.9 -0.125514 0.0280952 -0.00048721 -0.00511657 -0.0214513 -0.0125382
3.91 -0.111009 0.024009 -0.00042668 -0.0040059 -0.0185507 -0.0100345
3.92 -0.0870846 0.0184857 -0.000335273 -0.00250604 -0.0137638 -0.00659008
3.93 -0.0572236 0.0111933 -0.000222078 -0.00127882 -0.00854435 -0.00281632
3.94 -0.0251567 0.00176795 -0.00010125 -0.000316432 -0.00375717 0.00125132
3.95 0.00613919 -0.00967367 -1.66674e-05 0.00101312 0.000370533 0.00496699
3.96 0.0364112 -0.0218513 5.57887e-05 0.00307988 0.00492653 0.0082444
3.97 0.0643625 -0.0322705 0.000151049 0.00533095 0.0101527 0.0109207
3.98 0.0889358 -0.0382084 0.000250428 0.00666418 0.0151985 0.012382
3.99 0.108492 -0.038149 0.000354454 0.00643585 0.0188927 0.0127675
4 0.120196 -0.0325599 0.000446639 0.0050101 0.0200721 0.0117743
