0.01 0.000182466 -0.000159897 -1.84053e-06 3.69563e-05 5.16289e-05 -0.000632742
0.02 0.00124648 -0.00110188 -1.30695e-05 0.000236133 0.000318092 -0.00212556
0.03 0.00431858 -0.00382726 -4.46078e-05 0.000745646 0.000976463 -0.00431463
0.04 0.010314 -0.00912961 -0.000101377 0.00160979 0.00205229 -0.00700214
0.05 0.0193507 -0.0170328 -0.0001803 0.00277482 0.00345106 -0.00975434
0.06 0.0305893 -0.0265828 -0.00027571 0.00417037 0.00511875 -0.0124929
0.07 0.0423623 -0.0359956 -0.000378307 0.00566984 0.0070101 -0.0148086
0.08 0.0525388 -0.0431128 -0.000469828 0.00696618 0.00887805 -0.0163609
0.09 0.0591339 -0.0460855 -0.000525093 0.00760427 0.0102185 -0.0169194
0.1 0.0609772 -0.0440645 -0.000524692 0.00725701 0.0105513 -0.0162527
0.11 0.0581298 -0.0375177 -0.000469728 0.00600427 0.00982066 -0.0144279
0.12 0.0516762 -0.027925 -0.000381972 0.00429414 0.00845055 -0.0115272
0.13 0.0429569 -0.0170028 -0.000285841 0.00258141 0.00694653 -0.00769068
0.14 0.0327876 -0.00596032 -0.000190348 0.00100065 0.00544993 -0.00314254
0.15 0.0211729 0.00476538 -8.7826e-05 -0.000605651 0.00368547 0.00188727
0.16 0.00765747 0.0152482 3.20563e-05 -0.00238102 0.00133664 0.00703327
0.17 -0.00805616 0.025606 0.000168388 -0.00423314 -0.00158225 0.0119089
0.18 -0.0256889 0.0356651 0.000309148 -0.0059176 -0.00473728 0.0161651
0.19 -0.0443084 0.0448575 0.000441943 -0.00727482 -0.00778252 0.0195151
0.2 -0.0624886 0.0522722 0.000560232 -0.00830957 -0.0105847 0.0217943
0.21 -0.0785338 0.0568114 0.000658921 -0.00903192 -0.0131254 0.0228955
0.22 -0.0907602 0.0574922 0.000727473 -0.00929101 -0.0152526 0.0227772
0.23 -0.0978837 0.0538715 0.000751399 -0.00884466 -0.0166239 0.0214829
0.24 -0.0993985 0.0463887 0.000723003 -0.00761646 -0.0169315 0.019147
0.25 -0.0957083 0.0363539 0.000650164 -0.00585564 -0.0161713 0.0160155
0.26 -0.0878555 0.0255041 0.000552712 -0.00400922 -0.014657 0.0123944
0.27 -0.0769787 0.0153712 0.000449436 -0.00242623 -0.0127612 0.00860133
0.28 -0.0638576 0.00683997 0.000347888 -0.00118221 -0.0106502 0.00493369
0.29 -0.0488267 0.0001151 0.000245255 -0.000164651 -0.0082548 0.00164888
0.3 -0.0320581 -0.0049911 0.000137468 0.000715129 -0.00546943 -0.00102915
0.31 -0.0139624 -0.00871008 2.67288e-05 0.00141457 -0.00235642 -0.00292696
0.32 0.00457201 -0.0111082 -7.86392e-05 0.00183134 0.000828009 -0.00394859
0.33 0.0222113 -0.0120548 -0.000169148 0.00192542 0.00376465 -0.00409495
0.34 0.0374219 -0.0113109 -0.000237737 0.00174106 0.00620613 -0.00346713
0.35 0.0487979 -0.0086896 -0.000279711 0.00132847 0.00800739 -0.00223949
0.36 0.0553648 -0.00426135 -0.000291685 0.000688861 0.00907954 -0.000629496
0.37 0.0567883 0.00146777 -0.000272744 -0.000174854 0.0093618 0.00112348
0.38 0.0534307 0.00752392 -0.000227214 -0.00115989 0.00885315 0.00277156
0.39 0.046225 0.0126615 -0.000165438 -0.00204093 0.00765988 0.00407024
0.4 0.0364002 0.0157329 -0.000100618 -0.0025666 0.00599291 0.00480325
0.41 0.0251695 0.0160495 -4.36804e-05 -0.00259293 0.00410079 0.0048126
0.42 0.0135176 0.0135476 6.82226e-08 -0.00213863 0.00218713 0.00402057
0.43 0.00217029 0.00869726 3.04639e-05 -0.00133026 0.000372199 0.0024354
0.44 -0.00827418 0.00223978 4.93079e-05 -0.0003051 -0.00128009 0.000141381
0.45 -0.0171603 -0.00508777 5.72352e-05 0.000844054 -0.00269869 -0.00271444
0.46 -0.0236712 -0.012723 5.24723e-05 0.00206075 -0.00375754 -0.00593261
0.47 -0.0268888 -0.0203052 3.16204e-05 0.00329337 -0.00428177 -0.00927167
0.48 -0.0260108 -0.0275884 -8.37711e-06 0.00448157 -0.00410807 -0.0124649
0.49 -0.020627 -0.0343044 -6.81122e-05 0.00556207 -0.00316142 -0.0152471
0.5 -0.0109246 -0.0400459 -0.000144315 0.00647076 -0.00149805 -0.0173836
0.51 0.002275 -0.0442378 -0.000229795 0.00713214 0.000710451 -0.018694
0.52 0.0176588 -0.0462283 -0.000314842 0.00745371 0.00323397 -0.0190647
0.53 0.0336768 -0.0454797 -0.000389463 0.00734516 0.00583762 -0.0184526
0.54 0.0488068 -0.0417754 -0.000445453 0.00675835 0.00830341 -0.0168864
0.55 0.0617488 -0.0353473 -0.000477612 0.00572158 0.0104284 -0.014467
0.56 0.0715184 -0.0268577 -0.000484018 0.00434357 0.0120295 -0.0113629
0.57 0.0774445 -0.0172408 -0.000465598 0.00278392 0.0129666 -0.00779598
0.58 0.0791058 -0.00747288 -0.000425131 0.00120751 0.0131655 -0.00402009
0.59 0.0762524 0.0016352 -0.000365879 -0.000254308 0.0126121 -0.000295427
0.6 0.0687681 0.00954959 -0.000290353 -0.00152102 0.0113199 0.00313373
0.61 0.0567138 0.0160045 -0.000200062 -0.00255682 0.00930583 0.00605642
0.62 0.0404445 0.0209042 -9.66167e-05 -0.00334962 0.00660636 0.00830891
0.63 0.020734 0.0242031 1.6474e-05 -0.00388966 0.00332447 0.00978684
0.64 -0.00118116 0.025832 0.000132717 -0.00416026 -0.00033569 0.0104547
0.65 -0.023698 0.0257082 0.000243272 -0.00414467 -0.00408563 0.0103487
0.66 -0.0450675 0.0238178 0.000339028 -0.00384233 -0.00761526 0.0095714
0.67 -0.0636576 0.0203205 0.000412843 -0.00328347 -0.010659 0.00827812
0.68 -0.078169 0.0156186 0.00046077 -0.00253458 -0.0130266 0.00665968
0.69 -0.0877469 0.0103461 0.000482023 -0.00169417 -0.0145968 0.00492439
0.7 -0.091991 0.00527121 0.000478262 -0.000880712 -0.0153012 0.00328038
0.71 -0.0908988 0.00114217 0.000452787 -0.000213729 -0.0151215 0.00191783
0.72 -0.084784 -0.00147362 0.000409792 0.000210478 -0.0140981 0.000991274
0.73 -0.0742041 -0.00229852 0.000353615 0.000341482 -0.0123307 0.000604444
0.74 -0.0599176 -0.00136563 0.000288135 0.00018444 -0.00996283 0.000800537
0.75 -0.0428759 0.00104879 0.000216689 -0.000210248 -0.00716098 0.00155972
0.76 -0.0242322 0.0045437 0.00014267 -0.000771998 -0.00410764 0.00280318
0.77 -0.0053305 0.00870557 7.03331e-05 -0.00143417 -0.00100856 0.00440182
0.78 0.0123646 0.0131684 5.05873e-06 -0.00214346 0.00190302 0.00618803
0.79 0.0274128 0.0176097 -4.7394e-05 -0.00285321 0.00438422 0.00797043
0.8 0.0385895 0.0217061 -8.23266e-05 -0.00351135 0.00622267 0.00955117
0.81 0.0450646 0.025091 -9.74311e-05 -0.00405484 0.00727863 0.0107449
0.82 0.0465111 0.0273514 -9.33169e-05 -0.00441428 0.00750633 0.0113966
0.83 0.0431143 0.0280749 -7.31043e-05 -0.00452484 0.0069475 0.0113965
0.84 0.0354939 0.0269358 -4.14571e-05 -0.00433781 0.00570838 0.0106888
0.85 0.0245803 0.0237897 -3.54359e-06 -0.00383114 0.00393692 0.00927692
0.86 0.0114873 0.0187379 3.576e-05 -0.0030185 0.00180848 0.0072228
0.87 -0.00258867 0.0121364 7.23179e-05 -0.00195366 -0.000482923 0.00464253
0.88 -0.0164362 0.00453884 0.000102835 -0.000725478 -0.00273433 0.00169707
0.89 -0.0288739 -0.00340744 0.000124667 0.000558645 -0.0047467 -0.00142135
0.9 -0.0387931 -0.0110768 0.000135503 0.00179471 -0.00633792 -0.00450601
0.91 -0.0452166 -0.0179519 0.00013317 0.00289947 -0.00735322 -0.00735357
0.92 -0.0473825 -0.0236593 0.000115785 0.00381589 -0.00767416 -0.00978091
0.93 -0.0448441 -0.027956 8.22893e-05 0.00450778 -0.00722991 -0.0116396
0.94 -0.0375615 -0.0306923 3.3125e-05 0.00495127 -0.00601157 -0.0128271
0.95 -0.0259494 -0.0317816 -2.92981e-05 0.0051304 -0.00408395 -0.0132948
0.96 -0.010859 -0.0311963 -0.000100642 0.00503898 -0.00158678 -0.0130507
0.97 0.0065137 -0.0289922 -0.000175229 0.00468602 0.00127987 -0.0121584
0.98 0.0247701 -0.0253445 -0.000246986 0.00410088 0.0042824 -0.0107296
0.99 0.0424677 -0.0205729 -0.000310384 0.00333544 0.00718342 -0.00891296
1 0.0582578 -0.015134 -0.000361086 0.00246227 0.00976484 -0.00688058
1.01 0.0709818 -0.00957342 -0.000396143 0.00156801 0.0118406 -0.00481211
1.02 0.0797262 -0.00444627 -0.00041383 0.000741881 0.0132626 -0.00287946
1.03 0.0838502 -0.00022696 -0.000413329 6.13586e-05 0.0139242 -0.00123213
1.04 0.0830057 0.00276255 -0.000394485 -0.0004206 0.0137667 1.53783e-05
1.05 0.0771588 0.00438611 -0.000357787 -0.00068209 0.0127849 0.000792894
1.06 0.066612 0.00468263 -0.00030453 -0.00073049 0.0110314 0.00107961
1.07 0.0520139 0.00382302 -0.000237063 -0.000594468 0.00861543 0.000904355
1.08 0.0343409 0.00205674 -0.000158942 -0.00031439 0.00569771 0.000341295
1.09 0.0148383 -0.000330896 -7.48515e-05 6.45976e-05 0.00248069 -0.000498196
1.1 -0.00508228 -0.00303997 9.7611e-06 0.000495267 -0.000805906 -0.00147672
1.11 -0.0239772 -0.0057587 8.93146e-05 0.00092805 -0.00392515 -0.00244416
1.12 -0.0405155 -0.00816096 0.000158828 0.00131052 -0.00665683 -0.00325208
1.13 -0.0536055 -0.00991393 0.000214544 0.00158897 -0.00882026 -0.00376789
1.14 -0.0624812 -0.0107052 0.00025425 0.0017131 -0.0102902 -0.00388754
1.15 -0.0667397 -0.0102878 0.000277229 0.00164327 -0.0110027 -0.00354517
1.16 -0.0663369 -0.00852986 0.000283951 0.00135831 -0.0109519 -0.00271932
1.17 -0.061556 -0.00545337 0.000275705 0.000861543 -0.010184 -0.00143485
1.18 -0.0529661 -0.00124437 0.00025434 0.00018269 -0.00879065 0.000239027
1.19 -0.041379 0.00376927 0.000222196 -0.000625539 -0.00690339 0.00219467
1.2 -0.0278026 0.00916789 0.000182146 -0.00149535 -0.00468746 0.00429535
1.21 -0.0133827 0.0145025 0.000137615 -0.00235411 -0.00233167 0.00638717
1.22 0.000672167 0.0193523 9.24758e-05 -0.00313392 -3.46542e-05 0.00831253
1.23 0.0131851 0.0233636 5.07678e-05 -0.00377814 0.00201139 0.00992383
1.24 0.0231166 0.0262673 1.62685e-05 -0.00424402 0.00363729 0.0110961
1.25 0.0296657 0.0278786 -7.98958e-06 -0.00450239 0.00471241 0.0117375
1.26 0.0323504 0.0280925 -2.01397e-05 -0.0045365 0.0051572 0.0117969
1.27 0.0310512 0.0268819 -1.97142e-05 -0.00434178 0.00495096 0.011268
1.28 0.0260098 0.0243049 -7.62138e-06 -0.0039272 0.00413273 0.0101896
1.29 0.0177879 0.0205157 1.41157e-05 -0.00331728 0.0027948 0.00864178
1.3 0.00719583 0.0157702 4.27533e-05 -0.00255317 0.00107053 0.00673859
1.31 -0.00479068 0.0104171 7.52104e-05 -0.00169098 -0.000880284 0.0046182
1.32 -0.017114 0.00486861 0.000108337 -0.000797055 -0.00288518 0.00243084
1.33 -0.0287098 -0.000445664 0.000139042 5.95082e-05 -0.00477084 0.000326061
1.34 -0.0385751 -0.00513215 0.000164352 0.000815346 -0.00637347 -0.00155962
1.35 -0.0458318 -0.00888138 0.00018148 0.00142054 -0.00754904 -0.00311378
1.36 -0.0497896 -0.0114993 0.00018798 0.00184375 -0.00818397 -0.00425681
1.37 -0.0500041 -0.0129166 0.000182005 0.00207388 -0.00820526 -0.00494774
1.38 -0.046324 -0.0131781 0.000162585 0.00211838 -0.00758828 -0.00518634
1.39 -0.0389155 -0.0124195 0.000129867 0.0019993 -0.00636054 -0.00501175
1.4 -0.0282572 -0.0108422 8.52133e-05 0.00174902 -0.00460041 -0.00449757
1.41 -0.0151004 -0.00869135 3.11104e-05 0.00140668 -0.00243064 -0.00374402
1.42 -0.000399356 -0.00624059 -2.90948e-05 0.00101589 -7.26625e-06 -0.00286806
1.43 0.0147784 -0.00377972 -9.15757e-05 0.000622949 0.00249476 -0.00199205
1.44 0.0293483 -0.00159942 -0.000152428 0.000274529 0.00489727 -0.00123232
1.45 0.0422977 3.05725e-05 -0.000208005 1.40646e-05 0.0070338 -0.00068838
1.46 0.0527586 0.000889911 -0.000255134 -0.000122929 0.00876171 -0.000433882
1.47 0.0600609 0.000837704 -0.000291232 -0.000113757 0.00997097 -0.000510117
1.48 0.0637675 -0.000163629 -0.000314348 4.76446e-05 0.0105896 -0.000922569
1.49 0.0636949 -0.00203827 -0.00032321 0.000349118 0.0105871 -0.00164077
1.5 0.0599218 -0.00460476 -0.000317308 0.000761506 0.00997525 -0.0026014
1.51 0.0527843 -0.00760036 -0.00029699 0.00124253 0.00880847 -0.00371437
1.52 0.0428564 -0.0107163 -0.000263549 0.00174245 0.00718023 -0.00487122
1.53 0.0309095 -0.0136354 -0.000219214 0.00221022 0.00521683 -0.00595521
1.54 0.0178537 -0.0160646 -0.000167017 0.00259878 0.00306748 -0.00685199
1.55 0.0046611 -0.017758 -0.000110528 0.00286881 0.00089166 -0.0074601
1.56 -0.00771786 -0.0185307 -5.35114e-05 0.00299081 -0.00115459 -0.00770017
1.57 -0.0184358 -0.0182658 4.45352e-07 0.00294616 -0.00293191 -0.00752212
1.58 -0.0268164 -0.0169192 4.82381e-05 0.0027278 -0.00432862 -0.00690974
1.59 -0.0324008 -0.014524 8.74558e-05 0.00234094 -0.00526849 -0.00588232
1.6 -0.0349711 -0.0111931 0.000116477 0.00180366 -0.00571469 -0.00449305
1.61 -0.0345506 -0.00711882 0.000134479 0.00114679 -0.00567001 -0.00282464
1.62 -0.0313868 -0.00256277 0.000141394 0.000412391 -0.00517415 -0.000982244
1.63 -0.0259219 0.00216358 0.000137861 -0.000349434 -0.00429872 0.000915353
1.64 -0.0187535 0.00672843 0.00012518 -0.00108529 -0.00314092 0.00274573
1.65 -0.0105898 0.0108142 0.000105257 -0.00174405 -0.00181621 0.00439296
1.66 -0.00219721 0.0141512 8.05248e-05 -0.00228231 -0.000449878 0.00575702
1.67 0.00565769 0.0165437 5.37815e-05 -0.00266856 0.000832345 0.00676179
1.68 0.0122691 0.0178846 2.79687e-05 -0.00288561 0.00191435 0.00736081
1.69 0.0170513 0.0181579 5.88791e-06 -0.00293096 0.00269946 0.00754038
1.7 0.0195885 0.0174313 -1.00858e-05 -0.00281555 0.00311882 0.0073199
1.71 0.0196695 0.0158423 -1.82402e-05 -0.00256151 0.003137 0.00674917
1.72 0.0173011 0.013583 -1.76699e-05 -0.00219962 0.0027543 0.00590331
1.73 0.0127001 0.0108837 -8.31306e-06 -0.00176679 0.00200541 0.00487546
1.74 0.00626589 0.00799695 9.10663e-06 -0.0013035 0.000955057 0.00376818
1.75 -0.00146078 0.00518081 3.31997e-05 -0.000851128 -0.000308666 0.00268414
1.76 -0.0098472 0.00267902 6.20574e-05 -0.000448853 -0.00168231 0.00171713
1.77 -0.0182199 0.000699685 9.33987e-05 -0.00013016 -0.00305548 0.000943923
1.78 -0.0259145 -0.00060587 0.00012471 8.05631e-05 -0.00431904 0.000417985
1.79 -0.0323219 -0.00116024 0.000153387 0.000170818 -0.00537269 0.000165305
1.8 -0.0369299 -0.000969167 0.000176892 0.000141487 -0.00613184 0.000182842
1.81 -0.0393591 -0.000120245 0.000192932 6.63668e-06 -0.00653348 0.000439605
1.82 -0.0393912 0.00122893 0.000199661 -0.000208401 -0.00654088 0.000880243
1.83 -0.0369865 0.00287099 0.000195862 -0.000470297 -0.00614658 0.00143078
1.84 -0.0322872 0.00457343 0.000181093 -0.000741695 -0.00537312 0.00200598
1.85 -0.025606 0.00610324 0.000155744 -0.0009852 -0.00427117 0.00251759
1.86 -0.0173977 0.00724849 0.000121012 -0.00116684 -0.00291499 0.00288279
1.87 -0.00821941 0.0078351 7.878e-05 -0.00125875 -0.0013959 0.00303206
1.88 0.0013172 0.00773904 3.14448e-05 -0.0012411 0.00018558 0.00291576
1.89 0.0105958 0.00689471 -1.82897e-05 -0.0011034 0.00172784 0.0025088
1.9 0.0190411 0.0053003 -6.76102e-05 -0.000845378 0.00313574 0.00181318
1.91 0.0261579 0.00302002 -0.000113773 -0.000477318 0.00432702 0.000857929
1.92 0.0315607 0.000181977 -0.000154261 -1.97801e-05 0.00523725 -0.000303215
1.93 0.0349939 -0.00302951 -0.000186915 0.000497632 0.00582326 -0.00159645
1.94 0.0363435 -0.00638808 -0.000210064 0.00103853 0.00606509 -0.00293422
1.95 0.0356396 -0.00964546 -0.000222635 0.00156299 0.00596657 -0.00422274
1.96 0.0330503 -0.0125553 -0.000224244 0.00203138 0.00555435 -0.00537003
1.97 0.0288674 -0.0148974 -0.000215236 0.0024083 0.00487558 -0.00629369
1.98 0.0234814 -0.0164988 -0.00019668 0.00266595 0.00399401 -0.00692786
1.99 0.0173499 -0.0172486 -0.000170276 0.00278652 0.00298468 -0.00722863
2 0.0109591 -0.0171055 -0.000138211 0.00276339 0.00192779 -0.00717753
2.01 0.004785 -0.0160975 -0.000102958 0.00260114 0.000902078 -0.00678283
2.02 -0.000744667 -0.0143163 -6.70696e-05 0.0023145 -2.13147e-05 -0.00607844
2.03 -0.00528072 -0.0119071 -3.29705e-05 0.00192683 -0.000783991 -0.00512077
2.04 -0.00857444 -0.00905596 -2.79271e-06 0.00146798 -0.00134393 -0.00398359
2.05 -0.0104891 -0.00597517 2.17528e-05 0.000972027 -0.0016775 -0.00275157
2.06 -0.0110024 -0.00288749 3.94637e-05 0.000474751 -0.00177986 -0.00151297
2.07 -0.0102 -8.98635e-06 4.97003e-05 1.08714e-05 -0.00166414 -0.000352204
2.08 -0.00826364 0.0024685 5.24116e-05 -0.000388759 -0.00135942 0.000657125
2.09 -0.00545383 0.00439409 4.81325e-05 -0.00069985 -0.000908005 0.00145811
2.1 -0.00208825 0.00567154 3.79472e-05 -0.000906887 -0.000361917 0.0020148
2.11 0.00148269 0.00626783 2.34113e-05 -0.00100452 0.000221147 0.00231457
2.12 0.00490284 0.00621503 6.42873e-06 -0.000997883 0.000782252 0.00236835
2.13 0.00783782 0.00560495 -1.09093e-05 -0.000901701 0.0012658 0.00220879
2.14 0.0100011 0.00457745 -2.65101e-05 -0.000738439 0.00162387 0.00188654
2.15 0.0111758 0.00330434 -3.84661e-05 -0.000535684 0.00181992 0.00146496
2.16 0.0112303 0.00197124 -4.52207e-05 -0.000323227 0.00183134 0.0010139
2.17 0.0101251 0.000759643 -4.56919e-05 -0.000130187 0.00165087 0.000602921
2.18 0.00791279 -0.000169017 -3.9347e-05 1.75537e-05 0.00128646 0.000294762
2.19 0.00472922 -0.000686595 -2.62261e-05 9.94556e-05 0.000759987 0.00013947
2.2 0.000780094 -0.000708245 -6.92347e-06 0.000101921 0.000105097 0.000169841
2.21 -0.00367651 -0.000199183 1.74652e-05 1.93731e-05 -0.000635696 0.00039847
2.22 -0.0083494 0.000822105 4.54211e-05 -0.000145225 -0.00141415 0.000816693
2.23 -0.0129341 0.00228462 7.5103e-05 -0.000380485 -0.00217958 0.00139548
2.24 -0.0171327 0.0040701 0.000104469 -0.000667425 -0.00288216 0.00208816
2.25 -0.0206724 0.00602296 0.000131419 -0.000981058 -0.00347612 0.00283474
2.26 -0.0233235 0.00796438 0.000153946 -0.00129266 -0.00392266 0.00356744
2.27 -0.0249138 0.00970935 0.000170298 -0.00157249 -0.00419249 0.00421676
2.28 -0.0253399 0.0110847 0.000179117 -0.00179275 -0.00426775 0.00471787
2.29 -0.0245731 0.0119457 0.000179552 -0.00193018 -0.00414307 0.00501636
2.3 -0.0226598 0.0121897 0.000171328 -0.00196833 -0.00382567 0.00507321
2.31 -0.0197161 0.0117648 0.00015476 -0.00189888 -0.00333453 0.00486823
2.32 -0.0159173 0.0106734 0.000130723 -0.00172226 -0.00269866 0.00440193
2.33 -0.0114839 0.00897101 0.000100571 -0.00144741 -0.00195481 0.00369555
2.34 -0.00666587 0.00676036 6.60374e-05 -0.00109086 -0.00114481 0.00278928
2.35 -0.00172575 0.00418281 2.91032e-05 -0.000675341 -0.00031278 0.00173886
2.36 0.00307668 0.00140679 -8.13035e-06 -0.000227907 0.000497501 0.000610894
2.37 0.00749913 -0.00138544 -4.35802e-05 0.000222156 0.00124508 -0.000522731
2.38 0.0113298 -0.00401211 -7.53147e-05 0.000645631 0.00189403 -0.00159082
2.39 0.0143985 -0.00630654 -0.00010168 0.00101572 0.0024154 -0.00252866
2.4 0.0165855 -0.00813093 -0.000121411 0.00131026 0.00278873 -0.00328323
2.41 0.0178278 -0.00938797 -0.000133721 0.00151358 0.0030031 -0.00381725
2.42 0.0181216 -0.0100288 -0.000138348 0.00161781 0.00305763 -0.00411184
2.43 0.0175212 -0.0100566 -0.000135575 0.00162342 0.00296123 -0.00416758
2.44 0.0161331 -0.00952443 -0.000126184 0.00153895 0.00273173 -0.00400379
2.45 0.0141075 -0.00852928 -0.000111389 0.00137996 0.00239436 -0.00365631
2.46 0.0116263 -0.00720097 -9.27191e-05 0.00116731 0.00197975 -0.0031738
2.47 0.00889002 -0.00568935 -7.18933e-05 0.000925042 0.00152171 -0.00261307
2.48 0.00610409 -0.00415002 -5.06827e-05 0.000678158 0.0010549 -0.00203382
2.49 0.00346581 -0.00273059 -3.07792e-05 0.000450348 0.000612618 -0.00149318
2.5 0.00115255 -0.00155824 -1.36765e-05 0.000262032 0.000224769 -0.00104069
2.51 -0.000688615 -0.000729561 -5.69878e-07 0.000128718 -8.38743e-05 -0.000714027
2.52 -0.00194937 -0.000303039 7.72217e-06 5.9804e-05 -0.000295128 -0.000535928
2.53 -0.00256665 -0.000294708 1.0811e-05 5.78804e-05 -0.000398479 -0.000512484
2.54 -0.00252662 -0.000677285 8.7616e-06 0.000118584 -0.000391749 -0.000633013
2.55 -0.00186572 -0.00138301 2.08442e-06 0.000231054 -0.000281249 -0.000871445
2.56 -0.000668299 -0.00231022 -8.30851e-06 0.000378978 -8.13596e-05 -0.00118909
2.57 0.000939156 -0.00333318 -2.11802e-05 0.000542181 0.000186472 -0.00153852
2.58 0.00279711 -0.0043145 -3.50737e-05 0.000698604 0.000495291 -0.0018682
2.59 0.00472459 -0.00511859 -4.84363e-05 0.000826485 0.00081461 -0.00212742
2.6 0.00653244 -0.00562506 -5.97493e-05 0.000906499 0.00111266 -0.00227115
2.61 0.00803698 -0.00574022 -6.76525e-05 0.000923624 0.0013587 -0.00226428
2.62 0.00907322 -0.00540589 -7.10519e-05 0.00086854 0.00152525 -0.002085
2.63 0.00950662 -0.00460453 -6.92024e-05 0.000738458 0.00159002 -0.00172691
2.64 0.00924286 -0.00336056 -6.17619e-05 0.000537327 0.00153759 -0.00119972
2.65 0.00823519 -0.00173801 -4.88161e-05 0.000275453 0.00136058 -0.000528619
2.66 0.00648895 0.000165049 -3.08729e-05 -3.13911e-05 0.00106037 0.000247892
2.67 0.00406295 0.00222469 -8.82914e-06 -0.000363291 0.000647301 0.00108119
2.68 0.00106746 0.00430137 1.60892e-05 -0.000697825 0.000140287 0.00191666
2.69 -0.00234149 0.00625139 4.24114e-05 -0.0010119 -0.000434179 0.00269833
2.7 -0.00597126 0.00793881 6.85247e-05 -0.00128367 -0.0010436 0.00337354
2.71 -0.00960494 0.00924687 9.27916e-05 -0.00149437 -0.00165157 0.00389735
2.72 -0.013016 0.0100879 0.000113669 -0.00162991 -0.00222022 0.00423624
2.73 -0.0159838 0.0104108 0.000129825 -0.00168206 -0.00271287 0.00437071
2.74 -0.0183099 0.010205 0.000140233 -0.00164913 -0.00309663 0.00429676
2.75 -0.0198318 0.00950094 0.000144244 -0.00153602 -0.0033448 0.00402597
2.76 -0.020435 0.00836675 0.000141632 -0.00135365 -0.00343879 0.00358425
2.77 -0.0200619 0.00690127 0.0001326 -0.00111793 -0.00336954 0.00300937
2.78 -0.0187165 0.00522489 0.000117757 -0.000848192 -0.00313827 0.00234762
2.79 -0.0164649 0.0034687 9.80736e-05 -0.000565506 -0.00275656 0.00164966
2.8 -0.0134325 0.00176313 7.48029e-05 -0.000290832 -0.00224575 0.000966179
2.81 -0.00979597 0.000227192 4.93968e-05 -4.32903e-05 -0.00163564 0.000343676
2.82 -0.00577243 -0.00104106 2.3402e-05 0.000161356 -0.000962593 -0.000179398
2.83 -0.00160509 -0.001972 -1.64629e-06 0.000311914 -0.000267172 -0.000575617
2.84 0.00245341 -0.0025295 -2.43304e-05 0.000402557 0.000408666 -0.000830559
2.85 0.00615871 -0.00271299 -4.34479e-05 0.000433175 0.0010245 -0.000943574
2.86 0.00929222 -0.00255659 -5.80929e-05 0.000409225 0.00154431 -0.000927319
2.87 0.011677 -0.00212508 -6.77143e-05 0.000341092 0.00193913 -0.000806118
2.88 0.0131907 -0.00150718 -7.21463e-05 0.000243006 0.0021891 -0.000613308
2.89 0.0137741 -0.000806595 -7.16073e-05 0.000131607 0.00228488 -0.000387838
2.9 0.0134358 -0.000131743 -6.66701e-05 2.42963e-05 0.00222833 -0.000170418
2.91 0.0122503 0.000414791 -5.82045e-05 -6.24639e-05 0.00203224 4.03173e-07
2.92 0.0103532 0.000746078 -4.7301e-05 -0.000114726 0.00171936 9.19109e-05
2.93 0.0079302 0.000798943 -3.51804e-05 -0.000122359 0.00132064 8.02966e-05
2.94 0.00520319 0.000539642 -2.30966e-05 -7.99565e-05 0.000872887 -4.71207e-05
2.95 0.00241369 -3.33041e-05 -1.22413e-05 1.27045e-05 0.000416003 -0.000290719
2.96 -0.00019573 -0.000889238 -3.65396e-06 0.00015069 -1.00837e-05 -0.000638532
2.97 -0.00240005 -0.00196831 1.85521e-06 0.000324382 -0.000368481 -0.00106733
2.98 -0.00400946 -0.00318693 3.76513e-06 0.00052035 -0.000628221 -0.00154474
2.99 -0.0048845 -0.00444514 1.88186e-06 0.000722541 -0.000766727 -0.00203211
3 -0.00494747 -0.00563543 -3.64849e-06 0.000913691 -0.00077166 -0.00248804
3.01 -0.00418907 -0.00665221 -1.23536e-05 0.00107684 -0.000641968 -0.00287203
3.02 -0.00266963 -0.00740113 -2.34745e-05 0.00119684 -0.000388051 -0.00314811
3.03 -0.000514784 -0.00780753 -3.60285e-05 0.00126171 -3.10032e-05 -0.003288
3.04 0.00209407 -0.00782314 -4.88889e-05 0.00126369 0.000398992 -0.00327365
3.05 0.0049338 -0.00743043 -6.08751e-05 0.00119997 0.000865004 -0.0030988
3.06 0.00775694 -0.00664423 -7.08461e-05 0.00107297 0.00132623 -0.00276955
3.07 0.010311 -0.00551036 -7.77883e-05 0.000890032 0.00174118 -0.00230385
3.08 0.0123585 -0.00410152 -8.08935e-05 0.000662868 0.00207097 -0.00172998
3.09 0.0136956 -0.00251094 -7.96197e-05 0.000406461 0.00228239 -0.00108417
3.1 0.0141688 -0.000844274 -7.3733e-05 0.000137799 0.0023506 -0.000407516
3.11 0.013688 0.000789275 -6.33271e-05 -0.000125565 0.00226124 0.000257415
3.12 0.0122342 0.00228595 -4.88187e-05 -0.000366951 0.00201171 0.000870077
3.13 0.00986283 0.00355578 -3.09212e-05 -0.000571894 0.00161161 0.00139521
3.14 0.00670028 0.00452953 -1.05951e-05 -0.000729261 0.00108219 0.00180559
3.15 0.00293559 0.00516391 1.1019e-05 -0.000832081 0.000454927 0.00208406
3.16 -0.00119321 0.00544436 3.26815e-05 -0.000878003 -0.000230736 0.00222458
3.17 -0.00541673 0.00538553 5.31419e-05 -0.000869366 -0.00093032 0.00223239
3.18 -0.00945432 0.00502916 7.12274e-05 -0.000812857 -0.00159761 0.00212315
3.19 -0.0130352 0.00443956 8.5925e-05 -0.000718797 -0.00218815 0.00192117
3.2 -0.0159191 0.00369728 9.645e-05 -0.000600116 -0.00266254 0.00165699
3.21 -0.0179139 0.00289136 0.000102297 -0.000471106 -0.00298948 0.00136439
3.22 -0.0188907 0.0021109 0.000103271 -0.000346078 -0.00314802 0.00107727
3.23 -0.0187929 0.00143699 9.9491e-05 -0.000238048 -0.00312922 0.000826565
3.24 -0.0176409 0.000935388 9.13805e-05 -0.00015758 -0.00293671 0.000637451
3.25 -0.01553 0.00065097 7.96273e-05 -0.000111879 -0.00258648 0.000527222
3.26 -0.0126236 0.000604106 6.51322e-05 -0.000104217 -0.00210561 0.000503856
3.27 -0.00913991 0.000789403 4.89407e-05 -0.00013373 -0.00153017 0.000565488
3.28 -0.00533607 0.00117676 3.2166e-05 -0.00019559 -0.000902519 0.000700784
3.29 -0.00148775 0.00171463 1.59084e-05 -0.000281524 -0.000267984 0.000890173
3.3 0.00213173 0.00233507 1.17583e-06 -0.000380629 0.000328557 0.00110783
3.31 0.00527235 0.00296028 -1.11863e-05 -0.00048042 0.000846124 0.00132417
3.32 0.00772637 0.0035099 -2.05526e-05 -0.000568003 0.00125073 0.00150875
3.33 0.00934387 0.00390856 -2.65569e-05 -0.000631281 0.00151794 0.00163308
3.34 0.0100436 0.00409294 -2.9111e-05 -0.000660098 0.00163457 0.00167341
3.35 0.00981848 0.00401775 -2.84017e-05 -0.000647191 0.00159963 0.00161291
3.36 0.00873493 0.00366005 -2.48673e-05 -0.000588889 0.00142419 0.00144335
3.37 0.00692684 0.00302157 -1.91559e-05 -0.000485483 0.00113032 0.00116591
3.38 0.00458408 0.00212871 -1.2069e-05 -0.000341226 0.000749251 0.00079121
3.39 0.00193671 0.00103037 -4.49507e-06 -0.000163988 0.00031875 0.000338451
3.4 -0.000763747 -0.000206235 2.66208e-06 3.54228e-05 -0.000119959 -0.000166141
3.41 -0.0032647 -0.0015013 8.55503e-06 0.000244176 -0.00052553 -0.000691511
3.42 -0.00533284 -0.00276923 1.24594e-05 0.000448513 -0.000859832 -0.00120437
3.43 -0.00677291 -0.00392581 1.38306e-05 0.000634897 -0.00109101 -0.00167197
3.44 -0.00744329 -0.00489516 1.23463e-05 0.000791134 -0.00119603 -0.00206479
3.45 -0.00726737 -0.00561593 7.93185e-06 0.000907362 -0.00116254 -0.00235896
3.46 -0.00623952 -0.00604615 7.65766e-07 0.000976835 -0.000989809 -0.00253813
3.47 -0.00442547 -0.00616641 -8.73408e-06 0.000996431 -0.000688812 -0.0025947
3.48 -0.00195692 -0.00598113 -1.9943e-05 0.000966854 -0.000281297 -0.00253029
3.49 0.000979101 -0.0055177 -3.20776e-05 0.000892502 0.000201953 -0.00235541
3.5 0.00415519 -0.00482376 -4.42558e-05 0.000781025 0.000723574 -0.00208834
3.51 0.00732164 -0.0039627 -5.55636e-05 0.000642608 0.0012426 -0.00175347
3.52 0.0102262 -0.00300791 -6.51237e-05 0.000489041 0.0017177 -0.00137905
3.53 0.0126341 -0.00203624 -7.21607e-05 0.000332674 0.00211041 -0.000994698
3.54 0.014346 -0.00112133 -7.6059e-05 0.000185338 0.00238818 -0.000628871
3.55 0.0152142 -0.000327327 -7.64082e-05 5.73458e-05 0.0025269 -0.00030646
3.56 0.0151536 0.0002963 -7.3034e-05 -4.33506e-05 0.00251275 -4.67847e-05
3.57 0.0141485 0.000718584 -6.60115e-05 -0.000111769 0.00234331 0.000137882
3.58 0.0122537 0.000929112 -5.5661e-05 -0.000146226 0.0020277 0.000243125
3.59 0.00959002 0.000938202 -4.2525e-05 -0.000148369 0.00158587 0.000272485
3.6 0.00633498 0.00077526 -2.73306e-05 -0.00012291 0.00104705 0.000236831
3.61 0.00270881 0.000485467 -1.09371e-05 -7.70933e-05 0.000447438 0.000153097
3.62 -0.00104255 0.000125139 5.72469e-06 -1.99522e-05 -0.000172541 4.24891e-05
3.63 -0.00466632 -0.000243837 2.17178e-05 3.85852e-05 -0.000771378 -7.16559e-05
3.64 -0.00792211 -0.000559981 3.6164e-05 8.86558e-05 -0.00130961 -0.000166169
3.65 -0.0105999 -0.000768088 4.83035e-05 0.000121404 -0.00175275 -0.000220294
3.66 -0.0125356 -0.000824465 5.75449e-05 0.00012982 -0.00207387 -0.00021768
3.67 -0.0136226 -0.000701051 6.35025e-05 0.000109409 -0.00225544 -0.000147945
3.68 -0.0138187 -0.000388073 6.60176e-05 5.86074e-05 -0.00229054 -7.67838e-06
3.69 -0.0131487 0.000105009 6.51642e-05 -2.10565e-05 -0.00218317 0.000199209
3.7 -0.0117005 0.000750323 6.12373e-05 -0.000125099 -0.00194775 0.000461797
3.71 -0.00961751 0.00150408 5.47257e-05 -0.000246483 -0.00160775 0.000763104
3.72 -0.00708655 0.00231049 4.62716e-05 -0.000376242 -0.00119377 0.00108158
3.73 -0.0043222 0.00310672 3.66198e-05 -0.000504281 -0.000740975 0.00139301
3.74 -0.00154974 0.00382843 2.65597e-05 -0.000620266 -0.000286299 0.00167263
3.75 0.00101274 0.00441542 1.68662e-05 -0.000714528 0.000134496 0.00189732
3.76 0.0031712 0.00481685 8.24195e-06 -0.000778902 0.000489578 0.00204759
3.77 0.0047704 0.00499563 1.26674e-06 -0.000807436 0.000753458 0.0021093
3.78 0.0057053 0.00493164 -3.64264e-06 -0.000796899 0.000908858 0.00207488
3.79 0.0059282 0.00462335 -6.25951e-06 -0.000747053 0.000947895 0.00194395
3.8 0.00545135 0.00408798 -6.55926e-06 -0.000660669 0.000872495 0.00172338
3.81 0.00434465 0.00335996 -4.71581e-06 -0.000543282 0.000694036 0.00142666
3.82 0.00272892 0.00248791 -1.08308e-06 -0.00040271 0.00043224 0.00107275
3.83 0.000765222 0.0015305 3.83677e-06 -0.000248386 0.000113433 0.000684473
3.84 -0.00135879 0.000551434 9.43588e-06 -9.0549e-05 -0.000231691 0.000286619
3.85 -0.0034444 -0.000385892 1.50506e-05 6.06067e-05 -0.000570607 -9.61345e-05
3.86 -0.00529797 -0.0012236 2.00153e-05 0.000195776 -0.000871607 -0.000441208
3.87 -0.0067465 -0.00191398 2.37152e-05 0.000307286 -0.00110634 -0.000729907
3.88 -0.00765118 -0.00242314 2.56361e-05 0.000389684 -0.00125206 -0.000948839
3.89 -0.00791823 -0.00273342 2.54047e-05 0.000440124 -0.00129335 -0.00109084
3.9 -0.00750582 -0.00284428 2.28188e-05 0.000458509 -0.00122334 -0.00115534
3.91 -0.00642698 -0.00277174 1.78638e-05 0.000447404 -0.00104413 -0.00114816
3.92 -0.00474797 -0.00254639 1.07152e-05 0.000411713 -0.000766532 -0.00108073
3.93 -0.00258262 -0.00221014 1.72605e-06 0.000358163 -0.000409192 -0.000968882
3.94 -8.29725e-05 -0.00181213 -8.59859e-06 0.000294636 2.981e-06 -0.000831235
3.95 0.00257294 -0.00140399 -1.96383e-05 0.000229422 0.000440791 -0.0006874
3.96 0.00519509 -0.00103508 -3.07027e-05 0.000170442 0.000873051 -0.00055614
3.97 0.00759616 -0.000747954 -4.10814e-05 0.000124527 0.001269 -0.000453644
3.98 0.00960586 -0.000574558 -5.00956e-05 9.68082e-05 0.00160062 -0.000392077
3.99 0.0110836 -0.000533486 -5.71465e-05 9.02702e-05 0.00184478 -0.000378522
4 0.0119287 -0.000628469 -6.17586e-05 0.000105512 0.00198485 -0.000414412
