0.01 0.0307858 0.0274664 0.000311674 -0.00650874 0.00886351 -0.090023
0.02 0.164383 0.14523 0.00176513 -0.0311504 0.0419063 -0.230012
0.03 0.4295 0.381284 0.00445603 -0.0702807 0.0904411 -0.22822
0.04 0.771707 0.684756 0.00710512 -0.105919 0.129588 -0.294342
0.05 1.0916 0.954688 0.00906633 -0.132025 0.155137 -0.30535
0.06 1.27894 1.08146 0.0106895 -0.155845 0.18245 -0.246165
0.07 1.25631 0.98023 0.0113288 -0.168499 0.215069 -0.250983
0.08 0.979423 0.622302 0.00943188 -0.135067 0.209043 -0.106926
0.09 0.477143 0.0673067 0.00394223 -0.0317084 0.116552 0.00312116
0.1 -0.111191 -0.533611 -0.00400911 0.109466 -0.0384187 0.108535
0.11 -0.616704 -0.997782 -0.0102787 0.209338 -0.170264 0.284245
0.12 -0.909305 -1.21354 -0.0116276 0.214392 -0.196555 0.331425
0.13 -1.00536 -1.20646 -0.00954275 0.157152 -0.137787 0.451897
0.14 -1.05973 -1.10656 -0.00806662 0.124003 -0.106215 0.534237
0.15 -1.19932 -1.041 -0.0100182 0.160199 -0.171779 0.531692
0.16 -1.47009 -1.04817 -0.0143873 0.221241 -0.303283 0.588511
0.17 -1.78605 -1.08182 -0.0168177 0.227605 -0.38726 0.490152
0.18 -2.01662 -1.07553 -0.0153196 0.162057 -0.358716 0.404892
0.19 -2.10907 -0.985055 -0.0125872 0.0914462 -0.283978 0.322626
0.2 -2.01132 -0.77588 -0.0112523 0.0794674 -0.250567 0.142602
0.21 -1.70226 -0.406621 -0.0108781 0.0985821 -0.278047 0.0666697
0.22 -1.16808 0.133532 -0.00830358 0.0564144 -0.276229 -0.0968162
0.23 -0.430933 0.757519 -0.000628497 -0.0887566 -0.144812 -0.250117
0.24 0.327359 1.27619 0.00940419 -0.258392 0.0716451 -0.31711
0.25 0.926445 1.50267 0.015282 -0.322159 0.247534 -0.45187
0.26 1.26155 1.38866 0.01455 -0.238296 0.280797 -0.441139
0.27 1.37384 1.06287 0.0101857 -0.102329 0.201947 -0.434335
0.28 1.47116 0.727705 0.00743204 -0.0435135 0.161017 -0.437465
0.29 1.66092 0.509755 0.0096695 -0.0881449 0.228876 -0.3226
0.3 1.9428 0.400328 0.0139595 -0.142413 0.363761 -0.290333
0.31 2.20662 0.319077 0.0149988 -0.109797 0.45082 -0.160253
0.32 2.27657 0.207705 0.0123081 -0.00494337 0.410967 -0.0126024
0.33 2.11875 0.0539182 0.0084515 0.0713929 0.307439 0.0520104
0.34 1.71502 -0.149599 0.00552074 0.0609973 0.212709 0.199033
0.35 1.09812 -0.424662 0.00388169 0.0190121 0.15488 0.221129
0.36 0.369843 -0.758227 0.000599585 0.0437155 0.102084 0.246831
0.37 -0.404946 -1.04517 -0.00586333 0.150585 -0.0136746 0.297332
0.38 -1.05053 -1.11858 -0.011648 0.240714 -0.158395 0.219252
0.39 -1.45199 -0.870429 -0.0132416 0.206855 -0.272623 0.20991
0.4 -1.60629 -0.354507 -0.0105686 0.0546319 -0.313618 0.102453
0.41 -1.54093 0.234111 -0.00545789 -0.102637 -0.269219 -0.0431031
0.42 -1.4276 0.690528 -0.00191128 -0.163083 -0.213872 -0.106133
0.43 -1.34194 0.923366 -0.00175117 -0.132226 -0.180256 -0.263867
0.44 -1.27959 0.970824 -0.00222689 -0.0968276 -0.179313 -0.318566
0.45 -1.21322 0.925744 -0.00192469 -0.116828 -0.205737 -0.375876
0.46 -0.973386 0.861547 -0.000978922 -0.165501 -0.191013 -0.471514
0.47 -0.505442 0.816144 0.00165339 -0.179847 -0.11621 -0.429502
0.48 0.192854 0.808176 0.0053158 -0.143902 0.0334075 -0.442364
0.49 1.04527 0.832433 0.00912545 -0.102181 0.22374 -0.358867
0.5 1.79712 0.833549 0.0133073 -0.0972944 0.35079 -0.216148
0.51 2.31756 0.709942 0.0153055 -0.112427 0.392045 -0.150222
0.52 2.50804 0.376162 0.013431 -0.0894112 0.35795 0.0276367
0.53 2.37846 -0.159512 0.0101084 0.00141832 0.320309 0.132373
0.54 2.0777 -0.774361 0.00639223 0.127221 0.339064 0.245164
0.55 1.6181 -1.29151 0.002337 0.227502 0.335119 0.41595
0.56 1.08463 -1.57291 -0.00112773 0.267384 0.252054 0.449853
0.57 0.537371 -1.57679 -0.00507064 0.254035 0.0766693 0.533082
0.58 -0.0127574 -1.35609 -0.00871315 0.211914 -0.108049 0.531204
0.59 -0.475014 -1.02191 -0.0088488 0.157664 -0.166448 0.455394
0.6 -0.971642 -0.698167 -0.00729641 0.104342 -0.143323 0.451705
0.61 -1.59875 -0.475265 -0.00801032 0.0705516 -0.155644 0.31996
0.62 -2.34079 -0.369498 -0.0117384 0.0651428 -0.305907 0.22877
0.63 -3.11261 -0.312826 -0.0177877 0.0686282 -0.566272 0.120992
0.64 -3.57389 -0.195734 -0.0217228 0.0452679 -0.718116 -0.0692708
0.65 -3.5604 0.0554256 -0.0184462 -0.0192342 -0.658264 -0.134394
0.66 -3.10278 0.424776 -0.0109798 -0.096376 -0.443225 -0.254557
0.67 -2.32955 0.817775 -0.00486337 -0.143983 -0.241071 -0.314517
0.68 -1.52777 1.1179 -0.00124981 -0.155213 -0.19897 -0.298399
0.69 -0.732696 1.23599 0.000243517 -0.160068 -0.20795 -0.358784
0.7 0.0552446 1.12531 0.00260631 -0.174711 -0.123521 -0.286185
0.71 0.780555 0.78487 0.00807198 -0.166954 0.0965416 -0.230497
0.72 1.45966 0.2779 0.0117502 -0.0897808 0.355858 -0.158166
0.73 1.95573 -0.256454 0.0103289 0.0475547 0.450476 0.0143995
0.74 2.32707 -0.646738 0.0073836 0.161611 0.391751 0.0734
0.75 2.69626 -0.787582 0.00621606 0.172204 0.325937 0.193461
0.76 3.0148 -0.716861 0.00907368 0.0933316 0.374651 0.280947
0.77 3.24156 -0.588952 0.0148275 0.0255964 0.548095 0.293221
0.78 3.09906 -0.551893 0.0159699 0.0505961 0.630437 0.387429
0.79 2.45129 -0.635411 0.00978708 0.141386 0.498853 0.348798
0.8 1.4503 -0.748362 0.00158212 0.193155 0.212045 0.307783
0.81 0.266064 -0.772048 -0.00498904 0.144479 -0.0822237 0.254356
0.82 -0.757832 -0.646062 -0.00780077 0.0451752 -0.205025 0.0863771
0.83 -1.51726 -0.372186 -0.00701497 -0.0110764 -0.211983 0.0180916
0.84 -2.06869 0.0317596 -0.00759699 -0.00425886 -0.232277 -0.118946
0.85 -2.38213 0.542351 -0.00972173 -0.0128346 -0.318969 -0.253933
0.86 -2.58003 1.08477 -0.00906049 -0.112492 -0.465879 -0.317937
0.87 -2.60781 1.5072 -0.00651148 -0.266797 -0.522687 -0.470931
0.88 -2.45634 1.64826 -0.0038278 -0.34964 -0.453562 -0.49715
0.89 -2.22926 1.46094 -0.00170675 -0.283032 -0.328219 -0.506814
0.9 -1.83127 1.07045 -0.00273417 -0.128751 -0.202504 -0.512268
0.91 -1.29821 0.69031 -0.00420364 -0.0263404 -0.158798 -0.391584
0.92 -0.551166 0.463582 -0.0013031 -0.045773 -0.117336 -0.353455
0.93 0.480217 0.374806 0.00384382 -0.118514 0.00409684 -0.235978
0.94 1.59251 0.302896 0.00929373 -0.124374 0.20378 -0.0855961
0.95 2.67367 0.143583 0.0147324 -0.0295857 0.468397 0.0046545
0.96 3.44089 -0.122455 0.0167175 0.0860535 0.646607 0.197484
0.97 3.71046 -0.457346 0.0156701 0.133061 0.671952 0.281857
0.98 3.57749 -0.819683 0.0138463 0.116042 0.575489 0.34811
0.99 3.07792 -1.1654 0.00926668 0.117511 0.412271 0.430099
1 2.47689 -1.41027 0.00402928 0.18513 0.332288 0.385964
1.01 1.88886 -1.43445 0.00206708 0.262849 0.322802 0.414
1.02 1.23351 -1.1624 0.00111811 0.252478 0.293451 0.359989
1.03 0.545097 -0.64998 0.00010607 0.128834 0.176785 0.244909
1.04 -0.319407 -0.0798217 -0.00108825 -0.0272751 -0.0802527 0.182574
1.05 -1.27501 0.349599 -0.0054199 -0.111065 -0.324305 0.00646918
1.06 -2.17076 0.547232 -0.0101632 -0.0969991 -0.447031 -0.0838202
1.07 -3.02344 0.561811 -0.0117279 -0.050252 -0.46921 -0.160278
1.08 -3.66479 0.513096 -0.0136146 -0.0429513 -0.46566 -0.278223
1.09 -4.09176 0.499061 -0.016416 -0.0816919 -0.584615 -0.277758
1.1 -4.18396 0.553118 -0.0177329 -0.12117 -0.742141 -0.344306
1.11 -3.72448 0.654837 -0.0175954 -0.127615 -0.756839 -0.334414
1.12 -2.84671 0.750275 -0.0126499 -0.111569 -0.558407 -0.244258
1.13 -1.67097 0.761203 -0.00289442 -0.0988594 -0.193155 -0.205595
1.14 -0.536861 0.604783 0.00335247 -0.0865963 0.0709743 -0.0477849
1.15 0.292772 0.239938 0.00377457 -0.0465597 0.114473 0.0466571
1.16 0.96855 -0.28654 0.00205904 0.0335015 0.0619017 0.132175
1.17 1.54996 -0.841181 0.000321596 0.129861 0.081319 0.284712
1.18 2.20963 -1.2642 0.00307258 0.204316 0.315006 0.32878
1.19 2.90039 -1.44639 0.00986653 0.236059 0.598493 0.435383
1.2 3.33108 -1.36975 0.0127204 0.228097 0.702119 0.475335
1.21 3.49926 -1.09924 0.0114067 0.188622 0.601537 0.421087
1.22 3.31524 -0.747982 0.0103175 0.123841 0.396701 0.419049
1.23 2.8486 -0.435317 0.00932437 0.0537475 0.317379 0.294237
1.24 2.18361 -0.240506 0.00953019 0.0132513 0.365235 0.207162
1.25 1.15507 -0.160224 0.00867548 0.019693 0.336158 0.120302
1.26 -0.0691644 -0.101967 0.00116314 0.0433628 0.128342 -0.061876
1.27 -1.31694 0.0593051 -0.00811685 0.0254006 -0.246962 -0.151722
1.28 -2.33112 0.387814 -0.0119661 -0.0612358 -0.537069 -0.305442
1.29 -2.81407 0.83053 -0.0113306 -0.17334 -0.567188 -0.411989
1.3 -2.96214 1.24766 -0.00721343 -0.237813 -0.442814 -0.421563
1.31 -2.91187 1.50171 -0.0034652 -0.229596 -0.320527 -0.491648
1.32 -2.82752 1.52546 -0.00579105 -0.192951 -0.372293 -0.442979
1.33 -2.78934 1.32267 -0.00940693 -0.180248 -0.518104 -0.409906
1.34 -2.50827 0.934252 -0.00920706 -0.181089 -0.542052 -0.371124
1.35 -1.97054 0.428667 -0.00784 -0.132603 -0.398973 -0.212201
1.36 -1.14319 -0.082168 -0.00481729 -0.00863404 -0.119585 -0.127983
1.37 -0.0708761 -0.457307 -0.000649435 0.124083 0.11419 0.0243097
1.38 0.990372 -0.602896 0.00148644 0.165479 0.213339 0.156629
1.39 2.07801 -0.554256 0.00558576 0.0953275 0.285289 0.199743
1.4 3.02082 -0.467656 0.0124408 0.00723934 0.380307 0.319729
1.41 3.66273 -0.501197 0.0159003 0.0139939 0.554747 0.334968
1.42 3.97912 -0.683706 0.0164852 0.121954 0.713514 0.351897
1.43 3.76766 -0.8941 0.0152897 0.221378 0.712994 0.366127
1.44 3.21555 -0.967402 0.0106143 0.208781 0.581792 0.246123
1.45 2.49164 -0.820443 0.00726404 0.0982756 0.358004 0.189094
1.46 1.70199 -0.483318 0.00656012 -0.00415301 0.183958 0.064309
1.47 1.07218 -0.0361088 0.00438822 -0.0282246 0.131739 -0.0673417
1.48 0.417119 0.451655 0.00352872 -0.0182166 0.105665 -0.120009
1.49 -0.323358 0.911909 0.00408523 -0.0673618 0.0517368 -0.266118
1.5 -1.17595 1.24118 0.000906762 -0.188225 -0.132424 -0.324753
1.51 -2.20395 1.32307 -0.0039944 -0.282662 -0.402697 -0.374521
1.52 -3.07029 1.12055 -0.00942364 -0.250478 -0.600059 -0.429524
1.53 -3.66057 0.741949 -0.0162554 -0.109065 -0.67387 -0.343749
1.54 -3.85572 0.38672 -0.0181743 0.0159341 -0.587319 -0.312314
1.55 -3.56829 0.199529 -0.0147558 0.0239871 -0.470163 -0.215658
1.56 -3.04301 0.165249 -0.0125189 -0.0538724 -0.43681 -0.084754
1.57 -2.24511 0.141602 -0.0102671 -0.0977888 -0.418288 -0.0198354
1.58 -1.29008 -0.00940644 -0.0073963 -0.0344617 -0.350318 0.155363
1.59 -0.337288 -0.319108 -0.00563824 0.0916396 -0.128061 0.264168
1.6 0.609446 -0.717819 -0.000917946 0.180834 0.170159 0.358434
1.61 1.26524 -1.10691 0.00414382 0.192788 0.338755 0.472235
1.62 1.69545 -1.40578 0.00315053 0.178159 0.342475 0.447668
1.63 2.0486 -1.54497 0.00112593 0.197475 0.237771 0.473119
1.64 2.3629 -1.45687 0.00230117 0.237575 0.23263 0.43935
1.65 2.80963 -1.11326 0.00583724 0.228095 0.418575 0.345469
1.66 3.08135 -0.581724 0.0133842 0.13016 0.610551 0.303681
1.67 2.94987 -0.0246043 0.018659 -0.0101287 0.6432 0.1357
1.68 2.39636 0.38621 0.0144345 -0.105163 0.419883 0.009174
1.69 1.39971 0.574358 0.00734491 -0.115139 0.0970141 -0.103734
1.7 0.363412 0.594238 0.00236187 -0.0789013 -0.0759086 -0.259137
1.71 -0.586224 0.572515 -0.00137014 -0.0607591 -0.100533 -0.290668
1.72 -1.43746 0.614226 -0.00166853 -0.0861422 -0.0841366 -0.376361
1.73 -2.05708 0.747329 -0.00288622 -0.13195 -0.201926 -0.417688
1.74 -2.55931 0.925443 -0.00879534 -0.165229 -0.449744 -0.381852
1.75 -2.74997 1.05907 -0.0114143 -0.175418 -0.594893 -0.391314
1.76 -2.61958 1.04975 -0.0091043 -0.16515 -0.546421 -0.267659
1.77 -2.40021 0.82752 -0.00726395 -0.128573 -0.344636 -0.164394
1.78 -2.10131 0.391944 -0.00575559 -0.0583891 -0.191035 -0.0742028
1.79 -1.91237 -0.167093 -0.0077169 0.0326502 -0.235795 0.0830461
1.8 -1.64667 -0.69812 -0.0134987 0.113001 -0.332893 0.13647
1.81 -1.03735 -1.05891 -0.0132713 0.158795 -0.320144 0.251346
1.82 -0.173302 -1.18006 -0.00661794 0.173795 -0.0979795 0.341807
1.83 0.94602 -1.07962 9.50297e-05 0.174213 0.234451 0.345392
1.84 1.94935 -0.834622 0.0072884 0.158306 0.437607 0.394301
1.85 2.60248 -0.544421 0.0115335 0.110628 0.475592 0.312649
1.86 2.97838 -0.303553 0.0109486 0.0391137 0.410338 0.235525
1.87 2.96794 -0.171935 0.012357 -0.0124928 0.37571 0.173229
1.88 2.77605 -0.13668 0.0139363 -0.00596235 0.43877 0.0210431
1.89 2.42439 -0.0995779 0.0115077 0.0374409 0.467843 -0.0489479
1.9 1.87553 0.0692183 0.0102185 0.0418665 0.407677 -0.187118
1.91 1.37631 0.429791 0.00944351 -0.0444472 0.251959 -0.322713
1.92 0.849135 0.905465 0.00723924 -0.181996 0.0753732 -0.366975
1.93 0.382089 1.31905 0.0081056 -0.271695 -0.000327049 -0.461445
1.94 -0.0466071 1.50894 0.00797736 -0.255951 -0.0255753 -0.435354
1.95 -0.669203 1.42337 0.00300876 -0.176341 -0.0524627 -0.401468
1.96 -1.32877 1.1179 -0.000928564 -0.120417 -0.142424 -0.385108
1.97 -2.03924 0.685231 -0.00527792 -0.115815 -0.318319 -0.25744
1.98 -2.61442 0.205249 -0.0120961 -0.100908 -0.463362 -0.188634
1.99 -2.76975 -0.245633 -0.0152091 -0.012346 -0.527512 -0.0446217
2 -2.6105 -0.575823 -0.0158903 0.120452 -0.465988 0.122148
2.01 -2.0588 -0.715518 -0.0154876 0.194453 -0.303088 0.201145
2.02 -1.3434 -0.690124 -0.00940254 0.15038 -0.163401 0.343077
2.03 -0.724901 -0.635516 -0.00383597 0.0530874 -0.0772018 0.385011
2.04 -0.1508 -0.70285 -0.00414926 0.0296846 -0.0641213 0.414381
2.05 0.211371 -0.923625 -0.00442658 0.126486 -0.0550598 0.469689
2.06 0.532365 -1.16653 -0.00444415 0.25238 0.0420924 0.3997
2.07 0.8957 -1.23737 -0.00365709 0.276117 0.173855 0.369811
2.08 1.17211 -1.03068 0.00266798 0.16666 0.286268 0.262888
2.09 1.51513 -0.593335 0.00771577 0.0205287 0.300568 0.109259
2.1 1.76303 -0.0604489 0.0075545 -0.0524389 0.234188 0.0356773
2.11 1.91847 0.446922 0.00948133 -0.0494788 0.222748 -0.117926
2.12 2.0126 0.857825 0.012358 -0.0589944 0.28232 -0.199805
2.13 1.75935 1.11762 0.0136765 -0.136776 0.361343 -0.270781
2.14 1.25189 1.16828 0.0151721 -0.22966 0.326712 -0.38237
2.15 0.48044 0.994995 0.0101569 -0.236186 0.111114 -0.364712
2.16 -0.383669 0.684342 -0.00072488 -0.131897 -0.134792 -0.37676
2.17 -0.935014 0.400454 -0.00586108 -0.00861855 -0.268568 -0.319219
2.18 -1.25102 0.270413 -0.00574076 0.0241369 -0.224339 -0.197234
2.19 -1.30315 0.279989 -0.00422601 -0.0407245 -0.109114 -0.148667
2.2 -1.27857 0.285505 -0.00132316 -0.104878 -0.111885 -0.00473155
2.21 -1.41393 0.135811 -0.00431743 -0.0742828 -0.230212 0.0970205
2.22 -1.49579 -0.208885 -0.01187 0.0440242 -0.36032 0.190532
2.23 -1.58761 -0.66026 -0.0135561 0.160584 -0.365514 0.341126
2.24 -1.57789 -1.07679 -0.0124008 0.206563 -0.234399 0.365393
2.25 -1.38605 -1.34362 -0.0120972 0.195167 -0.129419 0.41482
2.26 -1.17994 -1.39798 -0.0097919 0.180109 -0.118704 0.408938
2.27 -0.727185 -1.21889 -0.00945283 0.179467 -0.164153 0.325585
2.28 -0.0999922 -0.830219 -0.00846882 0.158626 -0.135555 0.309434
2.29 0.589462 -0.319704 0.000278863 0.0841013 0.0484962 0.184711
2.3 1.2864 0.171344 0.00878154 -0.0234098 0.259302 0.0723337
2.31 1.59896 0.511385 0.0116946 -0.105167 0.364689 -0.035266
2.32 1.62694 0.654757 0.0128718 -0.126736 0.310256 -0.218507
2.33 1.47866 0.664331 0.00983245 -0.107606 0.180846 -0.286136
2.34 1.24408 0.658986 0.00636366 -0.0922952 0.137389 -0.381305
2.35 1.22776 0.731043 0.00951566 -0.105698 0.1872 -0.443126
2.36 1.22866 0.895389 0.0120529 -0.139865 0.264009 -0.420869
2.37 1.22603 1.09025 0.0114374 -0.175543 0.27668 -0.462463
2.38 1.18825 1.20953 0.0124431 -0.199525 0.19717 -0.387619
2.39 0.899521 1.146 0.0101118 -0.19674 0.112788 -0.298358
2.4 0.547425 0.839425 0.00502219 -0.147033 0.0481084 -0.211865
2.41 0.0232561 0.319463 0.00233239 -0.0474746 0.000783872 -0.0306443
2.42 -0.607249 -0.286803 -0.00353312 0.0685174 -0.0600172 0.0526467
2.43 -1.08266 -0.807005 -0.010588 0.148683 -0.161381 0.172507
2.44 -1.47222 -1.11141 -0.0117111 0.16829 -0.238722 0.288816
2.45 -1.5389 -1.17231 -0.012497 0.154508 -0.273355 0.322739
2.46 -1.37232 -1.05279 -0.0132324 0.150556 -0.257996 0.423498
2.47 -1.17752 -0.847746 -0.00962951 0.160045 -0.202978 0.410154
2.48 -0.88697 -0.635763 -0.00793448 0.145819 -0.157353 0.364445
2.49 -0.774412 -0.46975 -0.00717485 0.086591 -0.111309 0.3264
2.5 -0.737854 -0.377943 -0.00320193 0.0189031 -0.0934368 0.179771
2.51 -0.676147 -0.342865 -0.00352833 0.00382765 -0.111263 0.112442
2.52 -0.641751 -0.280757 -0.00616296 0.0465941 -0.121543 -0.00102345
2.53 -0.318348 -0.0755429 -0.00317168 0.0713453 -0.0981669 -0.142575
2.54 0.164768 0.327162 0.0013181 -0.000356667 0.0136012 -0.207323
2.55 0.733512 0.841993 0.00760141 -0.152348 0.167336 -0.345334
2.56 1.32961 1.27073 0.0160599 -0.275209 0.269625 -0.38015
2.57 1.58435 1.43075 0.0164453 -0.274178 0.286847 -0.372884
2.58 1.64139 1.27574 0.0114382 -0.16897 0.222832 -0.384744
2.59 1.48449 0.903568 0.00986873 -0.0686465 0.181943 -0.280174
2.6 1.14937 0.459997 0.00764586 -0.0461452 0.197474 -0.237329
2.61 0.902542 0.0441269 0.00553605 -0.062018 0.206283 -0.141062
2.62 0.569394 -0.302125 0.00505943 -0.0258623 0.163674 0.0133906
2.63 0.319365 -0.548407 -0.000981156 0.0826536 0.0415913 0.0980006
2.64 0.18467 -0.663575 -0.00669982 0.179182 -0.0568646 0.263924
2.65 -0.0213195 -0.66358 -0.00457071 0.173527 -0.0571765 0.344638
2.66 -0.179825 -0.646108 -0.00305545 0.0862185 -0.0162677 0.380637
2.67 -0.581973 -0.734377 -0.00436795 0.0349585 -0.0153201 0.452539
2.68 -1.17596 -0.958256 -0.00721 0.10055 -0.147555 0.405867
2.69 -1.70268 -1.19348 -0.0158594 0.229031 -0.336448 0.405192
2.7 -2.14964 -1.23976 -0.0211112 0.283734 -0.433457 0.347394
2.71 -2.15653 -0.977557 -0.0156427 0.191907 -0.397763 0.204377
2.72 -1.85789 -0.459129 -0.00939258 0.0215641 -0.257213 0.123392
2.73 -1.44109 0.142089 -0.0044269 -0.0987897 -0.154768 -0.0487097
2.74 -0.868467 0.658913 0.000617405 -0.118509 -0.134915 -0.16099
2.75 -0.450284 1.00982 0.000544893 -0.100864 -0.119535 -0.233845
2.76 -0.0380086 1.18142 0.00207851 -0.128575 -0.0682999 -0.365811
2.77 0.346227 1.17828 0.00876145 -0.198424 0.0558096 -0.38529
2.78 0.57046 1.01933 0.0102543 -0.228885 0.163206 -0.440929
2.79 0.908058 0.772987 0.00865772 -0.167835 0.193067 -0.444041
2.8 1.2158 0.555947 0.00922437 -0.0636137 0.204937 -0.343144
2.81 1.61187 0.459565 0.00799096 -0.0120376 0.224866 -0.30021
2.82 2.11239 0.464871 0.0101765 -0.0475043 0.311765 -0.158999
2.83 2.34921 0.44166 0.0161056 -0.104956 0.408538 -0.049451
2.84 2.40442 0.248986 0.0145079 -0.092173 0.420009 0.0296834
2.85 2.06888 -0.149826 0.00887476 0.0110678 0.363409 0.19393
2.86 1.39125 -0.656657 0.00438164 0.138657 0.227398 0.25811
2.87 0.692671 -1.10622 -0.00349182 0.214373 0.0853964 0.354472
2.88 -0.115864 -1.36097 -0.00858078 0.22069 -0.0273415 0.412184
2.89 -0.712984 -1.36069 -0.00844299 0.191774 -0.136919 0.357329
2.9 -1.09967 -1.11949 -0.0109845 0.158614 -0.185897 0.362441
2.91 -1.42235 -0.70759 -0.01118 0.117711 -0.216434 0.267978
2.92 -1.53171 -0.236652 -0.00722049 0.0550602 -0.241487 0.178787
2.93 -1.75989 0.168108 -0.00799452 -0.0178836 -0.271734 0.112186
2.94 -2.00563 0.418913 -0.00900242 -0.0708262 -0.357232 -0.06332
2.95 -2.13652 0.511646 -0.00737769 -0.0895426 -0.396773 -0.153521
2.96 -2.22953 0.524169 -0.00889994 -0.0892668 -0.370592 -0.274935
2.97 -1.92884 0.560127 -0.007096 -0.0940839 -0.287511 -0.378279
2.98 -1.41005 0.68153 -0.00104231 -0.111302 -0.163576 -0.368753
2.99 -0.713131 0.877115 0.000565693 -0.132749 -0.100896 -0.425654
3 0.231665 1.07337 0.00380043 -0.154951 -0.0213513 -0.386954
3.01 1.05478 1.16586 0.0110289 -0.178696 0.120802 -0.329826
3.02 1.8489 1.05595 0.0140462 -0.186533 0.29812 -0.290004
3.03 2.36859 0.695454 0.0161346 -0.142786 0.473658 -0.121199
3.04 2.44357 0.13126 0.016053 -0.0317562 0.481495 -0.021427
3.05 2.38254 -0.487853 0.00762991 0.106983 0.36619 0.111443
3.06 2.09833 -0.973874 0.00193542 0.197636 0.26056 0.253167
3.07 1.90672 -1.20343 0.00348519 0.198759 0.23379 0.289991
3.08 1.82242 -1.18335 0.00374585 0.148282 0.332214 0.404599
3.09 1.50165 -1.02281 0.00467384 0.120845 0.357011 0.434393
3.1 1.07371 -0.841319 0.00366888 0.14322 0.219715 0.42778
3.11 0.295223 -0.698591 -0.00487184 0.167559 -0.00301767 0.43903
3.12 -0.653138 -0.596826 -0.00971271 0.134975 -0.228109 0.308282
3.13 -1.47994 -0.519578 -0.00875522 0.0559107 -0.294277 0.231612
3.14 -2.3453 -0.442703 -0.0115638 0.00415054 -0.303968 0.119468
3.15 -2.91128 -0.311864 -0.0139549 0.0220524 -0.383323 -0.0321287
3.16 -3.23183 -0.0457814 -0.015176 0.0558396 -0.501441 -0.0929683
3.17 -3.26908 0.395714 -0.0179651 0.00991308 -0.625223 -0.246676
3.18 -2.76721 0.9309 -0.0121561 -0.136277 -0.562505 -0.333524
3.19 -2.14087 1.36278 -0.000858031 -0.284855 -0.341799 -0.373971
3.2 -1.39693 1.49979 0.00296548 -0.312152 -0.143293 -0.441606
3.21 -0.722761 1.29387 0.0036149 -0.201773 -0.0226788 -0.364818
3.22 -0.29305 0.86877 0.00291457 -0.0623368 -0.0503638 -0.332402
3.23 0.319732 0.41477 -0.000551947 -0.00722963 -0.0469737 -0.266029
3.24 0.972038 0.0556166 0.00350272 -0.0362525 0.102047 -0.131439
3.25 1.76097 -0.192066 0.0114055 -0.0511066 0.303215 -0.0727655
3.26 2.64293 -0.359927 0.0123484 0.0176691 0.52043 0.0927177
3.27 3.16653 -0.466162 0.0130843 0.123691 0.587893 0.212733
3.28 3.50543 -0.523631 0.014183 0.164268 0.540662 0.282101
3.29 3.42311 -0.582347 0.011039 0.11121 0.498613 0.394922
3.3 2.91317 -0.717819 0.0109139 0.0498821 0.423124 0.37032
3.31 2.24644 -0.947141 0.00958408 0.0793271 0.381728 0.385337
3.32 1.21116 -1.16346 0.000305953 0.190096 0.270125 0.372567
3.33 0.211587 -1.18417 -0.00583586 0.263891 0.0641826 0.267036
3.34 -0.672514 -0.891085 -0.00768615 0.201745 -0.115714 0.224678
3.35 -1.48791 -0.335448 -0.0105732 0.033076 -0.301711 0.0653169
3.36 -1.92537 0.291808 -0.00804861 -0.118922 -0.374927 -0.0712373
3.37 -2.35492 0.792818 -0.00518732 -0.167335 -0.373108 -0.157218
3.38 -2.69551 1.07349 -0.00872145 -0.138915 -0.401934 -0.30819
3.39 -2.91719 1.14932 -0.00926344 -0.121885 -0.41417 -0.336775
3.4 -3.21414 1.08063 -0.00881105 -0.154698 -0.511996 -0.40463
3.41 -3.11292 0.925035 -0.0124315 -0.190093 -0.576321 -0.455945
3.42 -2.70935 0.740521 -0.010458 -0.168252 -0.501162 -0.396075
3.43 -1.92449 0.594228 -0.00513092 -0.0969454 -0.337807 -0.390855
3.44 -0.681962 0.529151 -0.00200453 -0.0419468 -0.0433882 -0.264017
3.45 0.459887 0.51197 0.00580474 -0.0467025 0.173376 -0.13766
3.46 1.57863 0.432263 0.0119913 -0.0786946 0.262509 -0.0586218
3.47 2.42509 0.17861 0.010424 -0.0662993 0.329681 0.110748
3.48 2.88586 -0.266911 0.0115466 0.0200214 0.370646 0.179743
3.49 3.28375 -0.798983 0.0131093 0.139325 0.527997 0.29222
3.5 3.28048 -1.24764 0.0100189 0.226334 0.652223 0.405881
3.51 3.09661 -1.47143 0.00983147 0.249206 0.598701 0.399094
3.52 2.79385 -1.41606 0.00795877 0.221062 0.456844 0.446123
3.53 2.23538 -1.11877 0.00200207 0.168021 0.241082 0.37604
3.54 1.82364 -0.68212 0.00350884 0.103239 0.181499 0.288411
3.55 1.19107 -0.237625 0.00682049 0.0358904 0.239284 0.245806
3.56 0.290707 0.0994196 0.00339047 -0.0158288 0.174952 0.0885912
3.57 -0.767591 0.27885 -0.00064858 -0.0384519 -0.0223283 0.00738436
3.58 -2.13981 0.339718 -0.00846643 -0.0426341 -0.402248 -0.122705
3.59 -3.15432 0.38079 -0.0184541 -0.0560033 -0.684896 -0.275999
3.6 -3.74009 0.490726 -0.0173759 -0.0921042 -0.683472 -0.308097
3.61 -3.90812 0.691086 -0.0121768 -0.132622 -0.57135 -0.400808
3.62 -3.52745 0.931144 -0.0115035 -0.151932 -0.420425 -0.390457
3.63 -3.13672 1.1227 -0.00875082 -0.152996 -0.441348 -0.350464
3.64 -2.51843 1.17595 -0.00765929 -0.15921 -0.52872 -0.35679
3.65 -1.71507 1.02022 -0.00817145 -0.170127 -0.421591 -0.22928
3.66 -0.956532 0.628632 -0.000853504 -0.144294 -0.200435 -0.155376
3.67 0.011969 0.0559379 0.00446921 -0.0429715 0.114403 -0.029621
3.68 0.748353 -0.547461 0.00168354 0.107285 0.279269 0.142479
3.69 1.42873 -0.991337 0.00179415 0.216529 0.232623 0.198734
3.7 2.25269 -1.15543 0.00324753 0.216674 0.252555 0.327677
3.71 2.93025 -1.06741 0.00579473 0.136878 0.351545 0.375065
3.72 3.69613 -0.872901 0.015661 0.0757005 0.601205 0.385859
3.73 4.02301 -0.718132 0.0203521 0.0956216 0.802727 0.448159
3.74 3.7259 -0.65158 0.0147456 0.156137 0.706902 0.364076
3.75 3.08216 -0.625477 0.0106704 0.165038 0.491149 0.315157
3.76 1.92917 -0.569827 0.00568132 0.0917954 0.200768 0.215319
3.77 0.86653 -0.446222 -0.000240824 0.00391812 0.0356217 0.0463444
3.78 -0.0778169 -0.235475 0.000530489 -0.0200216 0.0316215 -0.0170139
3.79 -1.03038 0.0913483 -0.00146078 0.00757919 -0.0673441 -0.169006
3.8 -1.65359 0.546857 -0.00761346 -0.00751853 -0.191744 -0.267221
3.81 -2.33541 1.05896 -0.00693441 -0.124299 -0.39965 -0.327277
3.82 -2.8151 1.45433 -0.00643164 -0.27763 -0.576897 -0.449288
3.83 -3.03891 1.55178 -0.00903005 -0.334288 -0.552993 -0.421625
3.84 -3.311 1.30087 -0.00768631 -0.23777 -0.522697 -0.417615
3.85 -3.21737 0.832712 -0.0102327 -0.0733848 -0.441543 -0.37015
3.86 -3.02852 0.364146 -0.0153069 0.0214018 -0.413236 -0.234172
3.87 -2.5704 0.0421495 -0.0118846 0.000938736 -0.457345 -0.191946
3.88 -1.5804 -0.129544 -0.00801389 -0.0505614 -0.337033 -0.0447953
3.89 -0.504763 -0.234565 -0.00542745 -0.0281635 -0.158162 0.0793964
3.9 0.858083 -0.343142 0.00334426 0.0702524 0.139463 0.167624
3.91 2.04292 -0.4741 0.00876188 0.151882 0.440638 0.333124
3.92 2.74195 -0.630569 0.00951941 0.148088 0.51676 0.355759
3.93 3.23025 -0.827911 0.0131195 0.0973563 0.527121 0.398992
3.94 3.18313 -1.05715 0.0110463 0.0951216 0.430315 0.414535
3.95 3.07606 -1.23117 0.00587018 0.170788 0.395225 0.3286
3.96 2.97835 -1.20436 0.00862103 0.242564 0.515975 0.326882
3.97 2.6119 -0.879473 0.010431 0.207649 0.529255 0.208375
3.98 2.30276 -0.308117 0.0094449 0.0589985 0.479905 0.083897
3.99 1.60851 0.319998 0.0113602 -0.104665 0.258945 -0.00679652
4 0.732308 0.797836 0.00707694 -0.180486 -0.0230797 -0.191844
