0.01 0.00455444 0.00698819 0.00022794 -0.00528575 0.00568148 -0.0157743
0.02 0.0368401 0.0446375 0.00119401 -0.0269131 0.0292906 -0.0608783
0.03 0.134235 0.139543 0.00291346 -0.0696658 0.0765466 -0.111324
0.04 0.298054 0.281527 0.00472271 -0.12423 0.138855 -0.148694
0.05 0.457859 0.404824 0.0061775 -0.170292 0.195609 -0.144864
0.06 0.516133 0.430399 0.00707487 -0.186178 0.223437 -0.107649
0.07 0.436408 0.334678 0.00692797 -0.159824 0.209117 -0.0681675
0.08 0.276909 0.16733 0.00521595 -0.0947177 0.154702 -0.036043
0.09 0.124101 -0.00287446 0.00193273 -0.007424 0.075297 -0.0092834
0.1 0.00693469 -0.148982 -0.00200303 0.0805421 -0.00929441 0.0299664
0.11 -0.109875 -0.284051 -0.00507841 0.150912 -0.0835539 0.0891439
0.12 -0.256275 -0.40969 -0.00644954 0.193703 -0.139288 0.15068
0.13 -0.401407 -0.490069 -0.00660977 0.2088 -0.17676 0.195667
0.14 -0.486344 -0.48985 -0.00671053 0.204586 -0.203056 0.213314
0.15 -0.501432 -0.427775 -0.00747799 0.193721 -0.228306 0.210724
0.16 -0.508699 -0.371996 -0.00865532 0.186554 -0.260647 0.202722
0.17 -0.576706 -0.37249 -0.00944409 0.18497 -0.299609 0.191994
0.18 -0.697452 -0.404955 -0.00942312 0.180923 -0.334187 0.171431
0.19 -0.782236 -0.391795 -0.00875209 0.161479 -0.347477 0.131856
0.2 -0.742735 -0.279497 -0.00762427 0.117391 -0.325508 0.0742295
0.21 -0.571058 -0.0898392 -0.00587587 0.0494998 -0.265394 0.0120485
0.22 -0.339519 0.105216 -0.00320177 -0.0310005 -0.176452 -0.0416265
0.23 -0.128234 0.250162 0.000253446 -0.107715 -0.0750846 -0.0820864
0.24 0.0377395 0.3406 0.00365021 -0.165683 0.0225626 -0.113554
0.25 0.183654 0.398128 0.00600645 -0.196006 0.106027 -0.141022
0.26 0.333689 0.427402 0.00697489 -0.197518 0.171722 -0.161893
0.27 0.476745 0.409792 0.00702573 -0.176105 0.221582 -0.168708
0.28 0.582888 0.336381 0.00694141 -0.142248 0.260408 -0.156392
0.29 0.641199 0.233972 0.00713993 -0.107013 0.292633 -0.127803
0.3 0.670816 0.148429 0.00744062 -0.0775426 0.319318 -0.0919455
0.31 0.694182 0.102491 0.00740403 -0.0543234 0.336313 -0.0563173
0.32 0.705422 0.0756309 0.00676615 -0.0322359 0.335307 -0.0229059
0.33 0.670449 0.028114 0.00554332 -0.00505152 0.307904 0.00988858
0.34 0.558368 -0.0571428 0.00387174 0.0294482 0.250637 0.0418998
0.35 0.37193 -0.157736 0.00186944 0.0670264 0.168093 0.0682782
0.36 0.149329 -0.232789 -0.000312571 0.0985399 0.0721044 0.0825595
0.37 -0.0607178 -0.25575 -0.00236413 0.114145 -0.0223934 0.0815606
0.38 -0.226032 -0.22696 -0.00385838 0.107575 -0.102461 0.0674549
0.39 -0.34 -0.161237 -0.0044849 0.0785511 -0.160758 0.0452608
0.4 -0.412129 -0.0713617 -0.00425022 0.0327713 -0.196241 0.0185439
0.41 -0.453246 0.0341916 -0.00346236 -0.0200702 -0.212304 -0.011943
0.42 -0.467246 0.142732 -0.00251727 -0.0694314 -0.213611 -0.0460645
0.43 -0.451629 0.234349 -0.00166405 -0.10724 -0.203204 -0.0813194
0.44 -0.402324 0.291558 -0.00091954 -0.130166 -0.18116 -0.112407
0.45 -0.31779 0.311642 -0.000144819 -0.139803 -0.145216 -0.133917
0.46 -0.200175 0.307571 0.00081675 -0.14062 -0.0929698 -0.143212
0.47 -0.0544981 0.295685 0.00202529 -0.136761 -0.0245325 -0.140878
0.48 0.111626 0.281817 0.00339104 -0.129502 0.0556585 -0.128712
0.49 0.286018 0.258007 0.00468865 -0.116713 0.138739 -0.1076
0.5 0.449263 0.210849 0.005629 -0.0944803 0.213181 -0.0775133
0.51 0.575861 0.132702 0.00596557 -0.0598456 0.267803 -0.0392714
0.52 0.64203 0.0271775 0.00558825 -0.013158 0.294854 0.00404181
0.53 0.636746 -0.0926443 0.00455388 0.0410693 0.291933 0.0475966
0.54 0.567456 -0.209405 0.00304659 0.0951315 0.261922 0.0868128
0.55 0.454479 -0.306323 0.0013051 0.14046 0.211024 0.118891
0.56 0.317612 -0.370765 -0.000445289 0.170321 0.145978 0.142666
0.57 0.165813 -0.396809 -0.00204179 0.181778 0.0718827 0.157346
0.58 -0.00179032 -0.386306 -0.00341478 0.17616 -0.00831288 0.16172
0.59 -0.185836 -0.34753 -0.00459027 0.157918 -0.0926899 0.15471
0.6 -0.37785 -0.29159 -0.00564377 0.132495 -0.17853 0.136608
0.61 -0.560322 -0.228269 -0.00661313 0.104223 -0.26097 0.109636
0.62 -0.713934 -0.163199 -0.00742502 0.0751688 -0.332874 0.0772445
0.63 -0.823869 -0.0974409 -0.00789823 0.0453433 -0.385961 0.0428231
0.64 -0.880215 -0.0294526 -0.00783379 0.0140007 -0.412698 0.00898307
0.65 -0.875308 0.0413961 -0.00713127 -0.0187175 -0.408281 -0.022172
0.66 -0.804125 0.11144 -0.00584846 -0.0506705 -0.372062 -0.0484188
0.67 -0.66914 0.171654 -0.00417145 -0.0777401 -0.307889 -0.0673364
0.68 -0.48441 0.210229 -0.00233233 -0.095029 -0.223167 -0.0769963
0.69 -0.272969 0.217786 -0.000536668 -0.0986971 -0.126931 -0.0767801
0.7 -0.0580365 0.192046 0.00106857 -0.0875684 -0.0277229 -0.0675652
0.71 0.145067 0.138959 0.00239859 -0.0637537 0.0678032 -0.051171
0.72 0.329844 0.0698897 0.00342777 -0.0320269 0.155036 -0.0296443
0.73 0.492674 -0.00281338 0.00417991 0.00171733 0.230524 -0.00500124
0.74 0.626333 -0.0690883 0.00469854 0.0322137 0.29084 0.0205426
0.75 0.718891 -0.122296 0.00500116 0.0560731 0.332007 0.0443526
0.76 0.75822 -0.159102 0.00504864 0.0721158 0.349874 0.0636152
0.77 0.73754 -0.179069 0.00476118 0.0808107 0.341258 0.0759694
0.78 0.657755 -0.183851 0.00407794 0.0831968 0.305279 0.0800462
0.79 0.526276 -0.175483 0.00301968 0.0798485 0.244297 0.0755411
0.8 0.355037 -0.154346 0.00170946 0.0703898 0.164046 0.0628992
0.81 0.159643 -0.118499 0.000338555 0.0537945 0.0728831 0.043016
0.82 -0.0410883 -0.0654976 -0.000897099 0.0293117 -0.0196524 0.0172267
0.83 -0.227089 0.00426941 -0.00185184 -0.00247967 -0.104523 -0.0125259
0.84 -0.380854 0.0852414 -0.00245435 -0.0390694 -0.174579 -0.0436781
0.85 -0.491013 0.167284 -0.00270201 -0.0762291 -0.225221 -0.0733676
0.86 -0.553188 0.238861 -0.00263857 -0.108986 -0.254229 -0.0989363
0.87 -0.567673 0.290634 -0.00232631 -0.132942 -0.261033 -0.1183
0.88 -0.536081 0.317507 -0.00182025 -0.145375 -0.245944 -0.130024
0.89 -0.459687 0.318715 -0.00115193 -0.145729 -0.2098 -0.133233
0.9 -0.340586 0.296814 -0.00033069 -0.13536 -0.154199 -0.127584
0.91 -0.184362 0.256446 0.000636236 -0.11675 -0.0820991 -0.113392
0.92 -0.00196675 0.20311 0.0017148 -0.0925592 0.00163368 -0.091776
0.93 0.190683 0.141881 0.00282416 -0.0649208 0.090157 -0.0646079
0.94 0.375125 0.0764647 0.00383968 -0.0352432 0.17525 -0.0342454
0.95 0.533404 0.00923696 0.00462036 -0.00451837 0.248456 -0.00317478
0.96 0.650533 -0.0575793 0.00504822 0.0260951 0.30243 0.026242
0.97 0.715976 -0.120401 0.00506154 0.0547876 0.332063 0.0518739
0.98 0.724438 -0.173711 0.00466761 0.0790321 0.335085 0.0718829
0.99 0.676151 -0.211071 0.00393137 0.0960293 0.312014 0.0848587
1 0.576493 -0.227241 0.00294742 0.103492 0.265596 0.0900192
1.01 0.434721 -0.220134 0.00180955 0.100422 0.200001 0.0873589
1.02 0.262108 -0.191604 0.000591193 0.087526 0.12012 0.0776359
1.03 0.070355 -0.146851 -0.000656853 0.0671032 0.0311707 0.0622093
1.04 -0.128902 -0.0929674 -0.00189464 0.0424509 -0.0613502 0.0428316
1.05 -0.323529 -0.0372857 -0.00307644 0.0170391 -0.151551 0.0214907
1.06 -0.500223 0.0139601 -0.00413946 -0.00622892 -0.23314 0.000298011
1.07 -0.644918 0.056412 -0.00500384 -0.0254186 -0.299754 -0.0186469
1.08 -0.744628 0.0876848 -0.00558476 -0.0395459 -0.345666 -0.033458
1.09 -0.789978 0.106839 -0.00581255 -0.0482414 -0.366674 -0.0426911
1.1 -0.777148 0.113533 -0.00565382 -0.0513306 -0.36089 -0.0455091
1.11 -0.708387 0.107367 -0.00512513 -0.0485737 -0.329127 -0.0417309
1.12 -0.59119 0.0878397 -0.00429251 -0.039707 -0.274768 -0.0317847
1.13 -0.436833 0.0549916 -0.0032556 -0.0247549 -0.203162 -0.0166305
1.14 -0.258866 0.0103441 -0.00212263 -0.00443292 -0.12078 0.0023131
1.15 -0.0717452 -0.0424525 -0.000987263 0.0195899 -0.0343684 0.0232557
1.16 0.110427 -0.0977252 8.29264e-05 0.0447451 0.0496924 0.0441791
1.17 0.274981 -0.148699 0.00104356 0.0679621 0.125735 0.063042
1.18 0.411309 -0.188895 0.0018616 0.0862834 0.188911 0.0780015
1.19 0.510971 -0.213471 0.00250373 0.0974746 0.235212 0.0875913
1.2 0.567583 -0.220025 0.00293228 0.100416 0.261547 0.0908279
1.21 0.577033 -0.208668 0.00311053 0.0951586 0.265994 0.0872634
1.22 0.538263 -0.181461 0.0030143 0.0826752 0.248166 0.0770125
1.23 0.45427 -0.141567 0.00264448 0.0644448 0.209556 0.0607595
1.24 0.332627 -0.0924641 0.00203522 0.0420674 0.15366 0.0397195
1.25 0.184956 -0.0375016 0.00125398 0.0170505 0.0857398 0.0155333
1.26 0.0254194 0.020133 0.000392069 -0.0091902 0.0122434 -0.00989755
1.27 -0.131216 0.0771682 -0.000451927 -0.0351888 -0.0600061 -0.0345987
1.28 -0.271329 0.12997 -0.00119051 -0.0592864 -0.124633 -0.0566946
1.29 -0.383635 0.174503 -0.00176066 -0.0796241 -0.17636 -0.0745519
1.3 -0.459844 0.206706 -0.00212774 -0.0943348 -0.211375 -0.0868991
1.31 -0.494909 0.223229 -0.00228013 -0.101892 -0.227428 -0.0929319
1.32 -0.487008 0.222284 -0.00221938 -0.101488 -0.223736 -0.0923887
1.33 -0.437332 0.204235 -0.00195205 -0.0932883 -0.200829 -0.0855763
1.34 -0.349775 0.171648 -0.00148754 -0.0784531 -0.160436 -0.0733294
1.35 -0.230683 0.12877 -0.000842217 -0.0589108 -0.105434 -0.0569149
1.36 -0.0886909 0.0806364 -4.6534e-05 -0.0369661 -0.0398178 -0.0379026
1.37 0.0654912 0.0321725 0.0008496 -0.0148826 0.0314239 -0.0180254
1.38 0.219585 -0.0124515 0.00177686 0.00542788 0.102591 0.000963903
1.39 0.36074 -0.0500788 0.00265324 0.022537 0.167766 0.0174407
1.4 0.476939 -0.0785088 0.00339598 0.0354672 0.221434 0.0300528
1.41 0.558451 -0.0962861 0.00393508 0.0435749 0.259121 0.0378442
1.42 0.598945 -0.102519 0.00422394 0.0464524 0.277881 0.0403365
1.43 0.595969 -0.0968572 0.00424427 0.0439234 0.276537 0.0375575
1.44 0.550804 -0.0796705 0.00400389 0.0361389 0.255655 0.0300203
1.45 0.467911 -0.0523344 0.00352973 0.0237208 0.217304 0.018664
1.46 0.354206 -0.0174475 0.00285928 0.0078576 0.164699 0.00476605
1.47 0.218362 0.0212184 0.00203437 -0.00972766 0.101852 -0.0101728
1.48 0.0701866 0.0591284 0.00109918 -0.0269696 0.0332746 -0.0245655
1.49 -0.07992 0.0916804 0.000101904 -0.0417735 -0.036259 -0.0368887
1.5 -0.221504 0.114972 -0.000902585 -0.0523586 -0.101932 -0.0458257
1.51 -0.344636 0.126392 -0.0018522 -0.0575279 -0.15914 -0.0503851
1.52 -0.440587 0.124871 -0.00268136 -0.0567917 -0.203816 -0.0499836
1.53 -0.502584 0.110791 -0.00332877 -0.050331 -0.232805 -0.0444904
1.54 -0.526554 0.0856582 -0.00374692 -0.0388449 -0.244214 -0.0342362
1.55 -0.511672 0.0517089 -0.00391008 -0.0233614 -0.237661 -0.0199835
1.56 -0.460523 0.011586 -0.00381804 -0.00508302 -0.214327 -0.00286059
1.57 -0.378779 -0.0318389 -0.0034946 0.0146923 -0.176807 0.0157415
1.58 -0.274437 -0.0755213 -0.00298166 0.0345885 -0.128768 0.0342962
1.59 -0.156846 -0.116262 -0.00233133 0.0531528 -0.0745151 0.0512788
1.6 -0.0357356 -0.150801 -0.00159861 0.0688973 -0.0185462 0.0652994
1.61 0.0795691 -0.176061 -0.000836619 0.0804149 0.034817 0.0752198
1.62 0.180707 -0.189541 -9.48641e-05 0.0865625 0.0817031 0.0802473
1.63 0.260681 -0.189753 0.000580422 0.08666 0.118877 0.0800008
1.64 0.314172 -0.176553 0.00114585 0.0806408 0.143876 0.0745415
1.65 0.337831 -0.151238 0.00156214 0.0690953 0.155134 0.0643631
1.66 0.330532 -0.116357 0.00179777 0.0531866 0.1521 0.0503429
1.67 0.293552 -0.0753039 0.00183427 0.0344638 0.13533 0.0336584
1.68 0.230581 -0.0318012 0.00167102 0.0146283 0.106506 0.0156802
1.69 0.14751 0.0105599 0.00132761 -0.00468137 0.0683385 -0.00214876
1.7 0.0519478 0.0486438 0.00084224 -0.0220387 0.0243395 -0.0184366
1.71 -0.0475158 0.0799267 0.000266536 -0.0362996 -0.0215268 -0.0319609
1.72 -0.142188 0.102533 -0.000341716 -0.0466155 -0.065248 -0.041772
1.73 -0.224134 0.115229 -0.000925879 -0.0524267 -0.103157 -0.0472708
1.74 -0.286873 0.117444 -0.001436 -0.0534707 -0.132247 -0.0482534
1.75 -0.3258 0.109344 -0.00183173 -0.0498188 -0.150368 -0.0449198
1.76 -0.338352 0.0919335 -0.00208297 -0.0419228 -0.156313 -0.0378446
1.77 -0.323988 0.0670995 -0.00216932 -0.0306398 -0.14981 -0.0279181
1.78 -0.284064 0.0375352 -0.00207963 -0.0171964 -0.131471 -0.0162604
1.79 -0.221683 0.0064955 -0.00181265 -0.00307673 -0.102712 -0.00411703
1.8 -0.141494 -0.0225906 -0.00137856 0.0101551 -0.065667 0.00725536
1.81 -0.0494387 -0.0465694 -0.000800745 0.0210608 -0.0230656 0.0167035
1.82 0.0476294 -0.0629663 -0.000116135 0.0285121 0.02193 0.0232808
1.83 0.142439 -0.0702503 0.000626583 0.0318124 0.0659541 0.0263301
1.84 0.227903 -0.0679192 0.0013714 0.0307347 0.105716 0.025538
1.85 0.297747 -0.0564229 0.00206114 0.0254875 0.138296 0.0209585
1.86 0.347088 -0.0369908 0.00264388 0.0166335 0.161415 0.0130037
1.87 0.372837 -0.0114331 0.00307821 0.00499796 0.173623 0.00240318
1.88 0.373897 0.0180287 0.00333615 -0.00840914 0.174391 -0.00986426
1.89 0.351109 0.0488954 0.0034038 -0.0224531 0.164081 -0.0226613
1.9 0.307014 0.0785094 0.00328026 -0.035927 0.143847 -0.0347961
1.91 0.245501 0.104201 0.00297589 -0.0476165 0.11547 -0.0451295
1.92 0.171426 0.123492 0.0025108 -0.0563912 0.0811829 -0.0526766
1.93 0.0902426 0.134342 0.00191388 -0.0613205 0.043508 -0.0566924
1.94 0.00766723 0.135416 0.00122218 -0.0617944 0.00509279 -0.0567362
1.95 -0.070659 0.126292 0.00047983 -0.0576192 -0.0314433 -0.0527084
1.96 -0.139522 0.107549 -0.000264127 -0.0490591 -0.0636717 -0.0448578
1.97 -0.194502 0.0807098 -0.000959278 -0.0368095 -0.089525 -0.0337571
1.98 -0.232323 0.0480426 -0.00155852 -0.0219054 -0.10746 -0.0202506
1.99 -0.251132 0.0122702 -0.00202293 -0.00558878 -0.116589 -0.00537827
2 -0.250644 -0.0237436 -0.00232574 0.0108347 -0.116753 0.00971582
2.01 -0.232126 -0.0572683 -0.00245455 0.0261214 -0.108513 0.023883
2.02 -0.198207 -0.0859106 -0.00241146 0.0391827 -0.0930686 0.036068
2.03 -0.152555 -0.107747 -0.00221132 0.0491443 -0.0721037 0.0453981
2.04 -0.0994831 -0.121406 -0.00187909 0.0553835 -0.047608 0.0512552
2.05 -0.0435458 -0.126136 -0.00144694 0.0575571 -0.0216898 0.0533239
2.06 0.0108148 -0.121854 -0.000951688 0.0556263 0.00358677 0.0516133
2.07 0.0595523 -0.109189 -0.000432838 0.0498751 0.0263336 0.046449
2.08 0.0992308 -0.0894771 6.92625e-05 0.0409102 0.0449397 0.0384385
2.09 0.127193 -0.0646855 0.000515473 0.029627 0.058151 0.0284113
2.1 0.141701 -0.0372479 0.000870438 0.0171344 0.0651376 0.0173425
2.11 0.142043 -0.00981771 0.00110561 0.00464209 0.0655457 0.0062633
2.12 0.128596 0.0150238 0.00120227 -0.00667308 0.0595279 -0.00383051
2.13 0.10281 0.0350519 0.00115377 -0.0157971 0.0477374 -0.0120666
2.14 0.0670872 0.0486229 0.000966531 -0.0219813 0.0312753 -0.0177706
2.15 0.0245682 0.0548065 0.000659296 -0.0248027 0.0115909 -0.0205226
2.16 -0.0211687 0.0534174 0.000260863 -0.0241779 -0.00965561 -0.0201888
2.17 -0.0664368 0.0449653 -0.000193163 -0.0203402 -0.0307468 -0.0169284
2.18 -0.107755 0.0305548 -0.000663932 -0.0137929 -0.050055 -0.0111732
2.19 -0.142105 0.0117619 -0.00111258 -0.00525309 -0.0661631 -0.00358445
2.2 -0.167109 -0.00949588 -0.00150281 0.00440743 -0.0779477 0.00501126
2.21 -0.181129 -0.0310964 -0.00180288 0.0142238 -0.0846276 0.0136994
2.22 -0.183307 -0.0508636 -0.00198713 0.0232061 -0.085783 0.0215618
2.23 -0.173563 -0.0667406 -0.00203749 0.030418 -0.081358 0.0277607
2.24 -0.152573 -0.0769788 -0.00194484 0.0350626 -0.0716514 0.0316133
2.25 -0.12172 -0.0803229 -0.00171026 0.0365674 -0.0572966 0.0326529
2.26 -0.0830191 -0.0761612 -0.00134562 0.0346534 -0.0392258 0.0306691
2.27 -0.0389913 -0.064608 -0.000873254 0.0293726 -0.0186126 0.0257255
2.28 0.00751161 -0.0464979 -0.000324418 0.0211058 0.00320923 0.018152
2.29 0.0535224 -0.0232899 0.000263334 0.0105186 0.0248473 0.00851493
2.3 0.0961896 0.00309987 0.000849557 -0.00151543 0.0449585 -0.00243493
2.31 0.132992 0.0305042 0.00139449 -0.0140085 0.0623506 -0.0138292
2.32 0.161907 0.0567149 0.00186228 -0.0259548 0.0760619 -0.0247584
2.33 0.181513 0.0796712 0.00222344 -0.0364163 0.0854115 -0.0343517
2.34 0.19103 0.0976124 0.00245649 -0.044592 0.0900195 -0.0418518
2.35 0.190307 0.109195 0.00254882 -0.0498706 0.0898026 -0.046679
2.36 0.17978 0.11358 0.002497 -0.0518701 0.0849555 -0.0484797
2.37 0.160415 0.11049 0.00230687 -0.0504644 0.075924 -0.0471538
2.38 0.133636 0.100245 0.00199314 -0.0457975 0.0633742 -0.0428598
2.39 0.101255 0.0837451 0.00157876 -0.0382798 0.0481568 -0.0359976
2.4 0.065369 0.0624178 0.00109358 -0.0285604 0.0312616 -0.0271699
2.41 0.0282475 0.038096 0.000572357 -0.0174744 0.0137603 -0.0171274
2.42 -0.00781864 0.0128504 5.20758e-05 -0.00596535 -0.00326278 -0.00670112
2.43 -0.0406727 -0.0112138 -0.000431118 0.00500704 -0.0187856 0.00327046
2.44 -0.0684444 -0.0321645 -0.000844976 0.0145622 -0.0319208 0.0120141
2.45 -0.0896736 -0.0484261 -0.00116376 0.0219824 -0.0419745 0.0188874
2.46 -0.103392 -0.0589137 -0.00137006 0.0267733 -0.0484853 0.0234315
2.47 -0.109155 -0.0631055 -0.00145571 0.0286977 -0.0512412 0.0254073
2.48 -0.107036 -0.0610554 -0.00142179 0.0277805 -0.0502755 0.0248108
2.49 -0.0975888 -0.0533546 -0.00127798 0.0242909 -0.04585 0.0218683
2.5 -0.0817909 -0.0410562 -0.00104147 0.018708 -0.0384287 0.0170106
2.51 -0.0609834 -0.0255751 -0.000735556 0.0116758 -0.028648 0.0108302
2.52 -0.0367985 -0.00856862 -0.000388048 0.00394799 -0.0172818 0.00402428
2.53 -0.0110756 0.00819761 -2.94419e-05 -0.00367188 -0.00520147 -0.00267032
2.54 0.014241 0.0229973 0.000309198 -0.010398 0.00667343 -0.00854455
2.55 0.0372242 0.0342962 0.000598557 -0.0155317 0.0174334 -0.0129812
2.56 0.0560985 0.0408976 0.000813453 -0.0185278 0.0262427 -0.0155095
2.57 0.0693739 0.0420632 0.000935005 -0.0190496 0.0324026 -0.0158464
2.58 0.075963 0.0375898 0.000952278 -0.0170047 0.0354062 -0.0139194
2.59 0.0752644 0.0278293 0.000863175 -0.0125534 0.0349776 -0.00987167
2.6 0.0672046 0.0136485 0.000674436 -0.00609075 0.0310906 -0.00404634
2.61 0.052238 -0.00366708 0.000400818 0.00179725 0.0239681 0.00304563
2.62 0.0313086 -0.022547 6.36369e-05 0.0103952 0.0140634 0.010773
2.63 0.00578541 -0.0412896 -0.0003111 0.018928 0.0020287 0.0184414
2.64 -0.0226228 -0.0582164 -0.000694715 0.0266317 -0.011326 0.0253563
2.65 -0.051967 -0.0718131 -0.0010579 0.032817 -0.0250803 0.0308843
2.66 -0.0801714 -0.0808494 -0.00137267 0.0369241 -0.038258 0.0345088
2.67 -0.10516 -0.0844729 -0.00161425 0.0385651 -0.0498864 0.0358755
2.68 -0.124998 -0.0822759 -0.00176281 0.0375545 -0.0590622 0.0348217
2.69 -0.138028 -0.0743313 -0.00180493 0.0339253 -0.0650174 0.0313898
2.7 -0.143014 -0.0611917 -0.00173482 0.0279292 -0.0671823 0.0258218
2.71 -0.139243 -0.0438496 -0.00155486 0.0200181 -0.0652365 0.0185365
2.72 -0.126606 -0.0236556 -0.00127557 0.0108072 -0.059142 0.0100923
2.73 -0.105619 -0.00219853 -0.000914825 0.00102048 -0.0491541 0.00113709
2.74 -0.077399 0.0188405 -0.00049634 -0.00857595 -0.0358078 -0.00764809
2.75 -0.0435883 0.0378438 -4.77674e-05 -0.017245 -0.0198822 -0.0156077
2.76 -0.00624546 0.0534049 0.000401518 -0.0243457 -0.00234776 -0.0221676
2.77 0.0322943 0.0644494 0.000822623 -0.0293887 0.0156997 -0.0268824
2.78 0.0695739 0.0703188 0.00118915 -0.032074 0.0331112 -0.0294714
2.79 0.103177 0.0708108 0.00147892 -0.0323097 0.048761 -0.0298392
2.8 0.130889 0.0661783 0.0016753 -0.0302108 0.0616219 -0.0280801
2.81 0.150856 0.0570909 0.00176826 -0.0260822 0.0708378 -0.0244653
2.82 0.16172 0.0445668 0.0017549 -0.0203872 0.0757874 -0.0194156
2.83 0.162737 0.0298807 0.00163968 -0.0137062 0.0761359 -0.0134608
2.84 0.153842 0.0144542 0.00143411 -0.00668621 0.0718674 -0.00719055
2.85 0.135679 -0.000265884 0.00115585 1.41301e-05 0.0632942 -0.00120084
2.86 0.109562 -0.012934 0.000827459 0.00578194 0.0510401 0.0039591
2.87 0.0773895 -0.0224254 0.000474528 0.0101049 0.0359972 0.0078349
2.88 0.0415003 -0.0279388 0.000123676 0.0126178 0.0192604 0.0101057
2.89 0.004502 -0.0290694 -0.000199573 0.0131363 0.00204553 0.0106104
2.9 -0.030926 -0.0258423 -0.000472729 0.0116715 -0.0144022 0.00935897
2.91 -0.0622312 -0.0187034 -0.000677945 0.00842663 -0.0289003 0.0065288
2.92 -0.087176 -0.00846734 -0.000803168 0.0037727 -0.040416 0.00244554
2.93 -0.104002 0.00376751 -0.000842805 -0.00179013 -0.0481419 -0.00244867
2.94 -0.111562 0.0167287 -0.000797904 -0.00768245 -0.0515562 -0.00763699
2.95 -0.109409 0.0290892 -0.000675908 -0.0133001 -0.0504636 -0.0125759
2.96 -0.0978412 0.0395862 -0.000490005 -0.0180685 -0.0450136 -0.0167449
2.97 -0.0778854 0.0471299 -0.000258111 -0.0214915 -0.035694 -0.0196936
2.98 -0.051234 0.0508949 -1.52664e-06 -0.0231935 -0.0232987 -0.021082
2.99 -0.0201207 0.0503887 0.000256674 -0.0229505 -0.00887001 -0.0207104
3 0.0128485 0.0454942 0.000493441 -0.0207093 0.00638018 -0.0185367
3.01 0.0448996 0.0364815 0.000687572 -0.016593 0.0211655 -0.0146794
3.02 0.0733106 0.0239866 0.000821411 -0.0108912 0.0342275 -0.00940638
3.03 0.0956306 0.00895766 0.000882241 -0.00403595 0.0444362 -0.00311042
3.04 0.109876 -0.00742851 0.000863246 0.00343675 0.0508812 0.00372557
3.05 0.11469 -0.0238727 0.000763954 0.0109349 0.0529441 0.0105714
3.06 0.109452 -0.039071 0.000590163 0.0178645 0.0503485 0.0168956
3.07 0.0943273 -0.0518322 0.000353391 0.0236829 0.0431836 0.0222118
3.08 0.0702658 -0.0611819 6.99338e-05 0.0279463 0.0318996 0.0261195
3.09 0.0389328 -0.066444 -0.00024037 0.0303467 0.0172772 0.0283378
3.1 0.00259116 -0.0672914 -0.000555586 0.0307352 0.000371562 0.028728
3.11 -0.0360645 -0.0637657 -0.000853245 0.0291308 -0.0175653 0.0273031
3.12 -0.0741103 -0.0562642 -0.00111195 0.0257146 -0.0351779 0.0242244
3.13 -0.108617 -0.0454988 -0.00131292 0.0208106 -0.0511119 0.0197853
3.14 -0.136882 -0.0324302 -0.00144139 0.0148564 -0.0641194 0.0143834
3.15 -0.156638 -0.0181837 -0.0014877 0.00836432 -0.0731587 0.00848453
3.16 -0.166247 -0.00395204 -0.00144808 0.00187768 -0.0774785 0.00258088
3.17 -0.164822 0.00910732 -0.00132483 -0.00407638 -0.076679 -0.00285183
3.18 -0.152312 0.0199723 -0.00112619 -0.00903222 -0.0707452 -0.0073954
3.19 -0.1295 0.0278446 -0.000865567 -0.0126261 -0.0600498 -0.0107243
3.2 -0.0979529 0.0322177 -0.00056053 -0.014627 -0.0453249 -0.0126317
3.21 -0.0598936 0.0329171 -0.000231411 -0.0149555 -0.0276064 -0.0130454
3.22 -0.0180379 0.0301093 0.000100189 -0.0136871 -0.00815542 -0.0120304
3.23 0.0246138 0.0242779 0.000412942 -0.011042 0.0116377 -0.00978016
3.24 0.0650035 0.0161711 0.000687272 -0.00736084 0.0303583 -0.00659624
3.25 0.100248 0.0067259 0.000906683 -0.00307019 0.0466745 -0.00285886
3.26 0.127858 -0.00302137 0.00105886 0.00135819 0.059439 0.00100923
3.27 0.145932 -0.0120307 0.00113648 0.00545089 0.0677771 0.00458197
3.28 0.153301 -0.0193513 0.00113768 0.00877511 0.0711539 0.00746892
3.29 0.149618 -0.0242041 0.00106612 0.0109763 0.0694159 0.0093504
3.3 0.135388 -0.0260488 0.000930617 0.0118085 0.0628017 0.0100058
3.31 0.111918 -0.0246295 0.000744429 0.0111553 0.0519221 0.00933262
3.32 0.0812194 -0.0199964 0.000524138 0.00903953 0.03771 0.00735475
3.33 0.0458354 -0.0125004 0.000288322 0.00562111 0.0213448 0.00421924
3.34 0.00864325 -0.00276119 5.60947e-05 0.00118227 0.00415751 0.000182208
3.35 -0.0273771 0.008389 -0.000154354 -0.00389798 -0.0124746 -0.00441487
3.36 -0.0593768 0.0199817 -0.000327103 -0.00917852 -0.0272366 -0.00917623
3.37 -0.0848603 0.0310006 -0.000449624 -0.0141965 -0.038978 -0.0136873
3.38 -0.101878 0.040474 -0.000513636 -0.0185093 -0.0468018 -0.0175518
3.39 -0.109175 0.0475615 -0.000515624 -0.0217344 -0.0501323 -0.0204261
3.4 -0.106286 0.0516275 -0.000457025 -0.0235823 -0.0487593 -0.0220497
3.41 -0.0935672 0.0522943 -0.000344053 -0.0238811 -0.042852 -0.022267
3.42 -0.0721672 0.0494718 -0.000187184 -0.0225899 -0.0329445 -0.0210403
3.43 -0.0439296 0.0433605 -3.24693e-07 -0.0198002 -0.0198918 -0.0184523
3.44 -0.0112449 0.0344314 0.000200272 -0.0157266 -0.0048004 -0.0146976
3.45 0.023143 0.0233822 0.000397286 -0.0106868 0.0110613 -0.0100648
3.46 0.0563586 0.011076 0.000573682 -0.00507412 0.0263653 -0.00491104
3.47 0.0856259 -0.00153322 0.000714034 0.000676998 0.0398304 0.000369657
3.48 0.10849 -0.013483 0.000805714 0.00612805 0.050325 0.00538061
3.49 0.12301 -0.0238842 0.00083983 0.0108741 0.056956 0.00975629
3.5 0.127913 -0.0319973 0.000811877 0.0145779 0.0591386 0.013193
3.51 0.122689 -0.0372934 0.000722024 0.0169987 0.0566411 0.0154735
3.52 0.107627 -0.0394973 0.000575073 0.0180109 0.0496011 0.0164842
3.53 0.0837921 -0.0386061 0.000380064 0.0176131 0.0385131 0.0162219
3.54 0.052933 -0.0348831 0.0001496 0.0159251 0.0241884 0.0147922
3.55 0.0173478 -0.0288278 -0.000101082 0.0131743 0.00769053 0.0123971
3.56 -0.0203 -0.0211253 -0.000355216 0.00967245 -0.00974876 0.00931523
3.57 -0.0571901 -0.0125804 -0.000595725 0.00578624 -0.026826 0.00587527
3.58 -0.0905663 -0.00404398 -0.000806464 0.0019029 -0.0422678 0.00242554
3.59 -0.117951 0.00366415 -0.000973388 -0.00160423 -0.0549305 -0.00069748
3.6 -0.137338 0.00982647 -0.00108557 -0.00440847 -0.0638879 -0.00319913
3.61 -0.147343 0.0138895 -0.00113598 -0.00625779 -0.068502 -0.00485221
3.62 -0.147307 0.0155099 -0.00112194 -0.00699586 -0.0684702 -0.00551622
3.63 -0.137343 0.0145822 -0.0010453 -0.00657461 -0.063845 -0.0051485
3.64 -0.118312 0.0112451 -0.000912192 -0.00505709 -0.0550261 -0.00380643
3.65 -0.0917525 0.00586568 -0.000732531 -0.0026105 -0.042725 -0.0016407
3.66 -0.0597496 -0.000995885 -0.000519244 0.000510202 -0.0279057 0.00111976
3.67 -0.0247672 -0.00864005 -0.00028728 0.00398648 -0.011707 0.00418961
3.68 0.0105478 -0.0162932 -5.25121e-05 0.00746609 0.00464791 0.00725369
3.69 0.0435724 -0.0231794 0.000169407 0.0105957 0.0199468 0.00999599
3.7 0.0719096 -0.0285912 0.000364159 0.0130534 0.0330821 0.0121283
3.71 0.0935709 -0.0319535 0.000519763 0.0145773 0.0431346 0.0134163
3.72 0.107124 -0.032874 0.000627401 0.0149888 0.0494422 0.0136999
3.73 0.111797 -0.0311768 0.000682003 0.0142081 0.051647 0.0129078
3.74 0.107523 -0.0269161 0.000682552 0.0122599 0.0497181 0.0110634
3.75 0.0949407 -0.0203698 0.000632075 0.00927092 0.0439486 0.00828188
3.76 0.0753242 -0.0120137 0.000537332 0.005458 0.0349262 0.00476027
3.77 0.0504752 -0.00247959 0.000408222 0.00110887 0.0234822 0.000759536
3.78 0.022569 0.0075008 0.000256965 -0.00344308 0.0106206 -0.00341832
3.79 -0.00602337 0.0171589 9.71236e-05 -0.00784775 -0.00256417 -0.00745669
3.8 -0.0329273 0.0257556 -5.74557e-05 -0.0117685 -0.0149755 -0.0110517
3.81 -0.0559518 0.0326452 -0.000193693 -0.0149111 -0.0256012 -0.0139379
3.82 -0.0732592 0.0373292 -0.000300251 -0.0170486 -0.0335921 -0.0159109
3.83 -0.0835045 0.0394985 -0.000368363 -0.01804 -0.038326 -0.0168437
3.84 -0.085933 0.0390564 -0.000392458 -0.0178413 -0.0394531 -0.016696
3.85 -0.0804305 0.0361242 -0.000370543 -0.0165077 -0.0369192 -0.015517
3.86 -0.0675219 0.0310259 -0.000304322 -0.0141867 -0.0309654 -0.0134386
3.87 -0.0483205 0.0242561 -0.000199034 -0.0111037 -0.0221045 -0.0106633
3.88 -0.0244307 0.0164337 -6.30241e-05 -0.00754039 -0.0110763 -0.00744444
3.89 0.00218597 0.00824539 9.29106e-05 -0.00380959 0.00121391 -0.00406407
3.9 0.0293713 0.000384543 0.000256367 -0.000227093 0.0137697 -0.000807262
3.91 0.0549438 -0.00650872 0.000414291 0.00291556 0.0255832 0.00206249
3.92 0.0768705 -0.011902 0.000553979 0.00537586 0.0357147 0.00432584
3.93 0.0934249 -0.0154147 0.000664039 0.00698038 0.0433654 0.0058258
3.94 0.103317 -0.0168479 0.000735237 0.00763849 0.047938 0.00648007
3.95 0.105788 -0.0161984 0.000761174 0.00734859 0.0490795 0.00628656
3.96 0.100658 -0.0136546 0.000738746 0.00619639 0.0467051 0.00532164
3.97 0.0883323 -0.00957602 0.000668354 0.00434551 0.0410004 0.00373156
3.98 0.0697613 -0.00445735 0.000553857 0.00202113 0.0324021 0.00171764
3.99 0.0463547 0.00111911 0.000402275 -0.000511688 0.0215604 -0.000483107
4 0.0198672 0.00653824 0.000223269 -0.0029729 0.00928532 -0.00262025
