0.01 2.50145e-05 6.86661e-07 1.50661e-07 -1.62718e-07 7.06605e-06 -2.25058e-06
0.02 0.000154911 6.3774e-06 9.5445e-07 -1.42963e-06 4.18877e-05 -1.47526e-05
0.03 0.000472601 2.95484e-05 2.8266e-06 -6.17381e-06 0.000117709 -4.67113e-05
0.04 0.00101161 9.25333e-05 5.53986e-06 -1.78587e-05 0.000226546 -0.00010319
0.05 0.00178191 0.000223155 8.7558e-06 -3.98973e-05 0.000360754 -0.000187725
0.06 0.00277198 0.000445667 1.24979e-05 -7.50812e-05 0.000521369 -0.00030104
0.07 0.00395422 0.000770625 1.67554e-05 -0.00012557 0.000715294 -0.000440571
0.08 0.00529566 0.00118719 2.14548e-05 -0.000191757 0.000946228 -0.000601479
0.09 0.00673662 0.00166106 2.6493e-05 -0.000269703 0.00119871 -0.00077393
0.1 0.00820891 0.00214051 3.15009e-05 -0.000349874 0.00144999 -0.000946184
0.11 0.00963732 0.00257001 3.62687e-05 -0.000420131 0.00168193 -0.00110583
0.12 0.0109334 0.00290595 4.0872e-05 -0.000471824 0.00188473 -0.00124026
0.13 0.01201 0.00312611 4.50603e-05 -0.000503636 0.00205628 -0.00133972
0.14 0.0127645 0.00322794 4.83187e-05 -0.00051913 0.00218359 -0.00139494
0.15 0.0131002 0.00321826 5.01183e-05 -0.000520491 0.00224468 -0.00139886
0.16 0.0129523 0.00310266 4.98839e-05 -0.00050521 0.00221982 -0.00134812
0.17 0.0122931 0.00288158 4.74877e-05 -0.000469172 0.00210011 -0.00124242
0.18 0.011156 0.00255331 4.33269e-05 -0.000412171 0.00189815 -0.00108737
0.19 0.00960943 0.0021196 3.77303e-05 -0.000339091 0.00163358 -0.000891759
0.2 0.00773963 0.00159035 3.10286e-05 -0.000255401 0.00132268 -0.000666328
0.21 0.00564446 0.000987517 2.36171e-05 -0.000162987 0.000977166 -0.000424034
0.22 0.00340997 0.000348292 1.5636e-05 -6.22464e-05 0.000602565 -0.000177263
0.23 0.0011291 -0.000275485 7.26616e-06 4.15604e-05 0.000212672 6.00815e-05
0.24 -0.0011034 -0.000826142 -1.17156e-06 0.00013588 -0.000171935 0.000274572
0.25 -0.00319685 -0.00125649 -9.5236e-06 0.000207007 -0.000530111 0.000455657
0.26 -0.00505401 -0.00154507 -1.74557e-05 0.000249609 -0.000842126 0.000595193
0.27 -0.00659643 -0.00170009 -2.43909e-05 0.000269684 -0.00109996 0.000690516
0.28 -0.00775987 -0.00174905 -2.99793e-05 0.000277597 -0.00129926 0.000742158
0.29 -0.00850254 -0.00172232 -3.39452e-05 0.000278573 -0.00143539 0.000753003
0.3 -0.0088248 -0.00164189 -3.60778e-05 0.000270493 -0.00150547 0.000729523
0.31 -0.00875622 -0.00152073 -3.65433e-05 0.000250344 -0.00150596 0.000679455
0.32 -0.00836999 -0.00136841 -3.5565e-05 0.000221021 -0.00144582 0.000613802
0.33 -0.00776576 -0.00119638 -3.34066e-05 0.000190491 -0.00134518 0.000544811
0.34 -0.00704248 -0.00102021 -3.06826e-05 0.000164933 -0.00122721 0.000483083
0.35 -0.00629436 -0.000860781 -2.78742e-05 0.000144684 -0.00111243 0.000438134
0.36 -0.00558194 -0.000745283 -2.50838e-05 0.000128003 -0.00100547 0.000415389
0.37 -0.0049463 -0.000704441 -2.23349e-05 0.000117748 -0.000904582 0.000417946
0.38 -0.00442334 -0.000762778 -1.94983e-05 0.000122134 -0.000812108 0.000447022
0.39 -0.00403977 -0.000924934 -1.65914e-05 0.00014749 -0.000736829 0.000499742
0.4 -0.00382869 -0.00116744 -1.41596e-05 0.000190574 -0.000695064 0.000571
0.41 -0.00380266 -0.00144358 -1.26727e-05 0.000238994 -0.000692112 0.000651551
0.42 -0.00394579 -0.00169961 -1.21882e-05 0.000279571 -0.000718706 0.000729855
0.43 -0.00422058 -0.00189218 -1.26072e-05 0.000306123 -0.00075944 0.000795177
0.44 -0.00455731 -0.00199704 -1.35772e-05 0.000319565 -0.000799236 0.000836689
0.45 -0.00487966 -0.00200714 -1.47405e-05 0.00032194 -0.000834809 0.000846279
0.46 -0.00510251 -0.00192514 -1.60118e-05 0.000311915 -0.000862524 0.000817324
0.47 -0.00513614 -0.00175652 -1.70384e-05 0.000286198 -0.00086844 0.000744658
0.48 -0.00491508 -0.00150534 -1.71986e-05 0.000243754 -0.000833303 0.00062767
0.49 -0.0043968 -0.00117255 -1.61707e-05 0.000187064 -0.00073909 0.000468854
0.5 -0.00358335 -0.000757084 -1.39048e-05 0.000119235 -0.00058737 0.000275633
0.51 -0.00251182 -0.000261385 -1.06667e-05 4.11756e-05 -0.00039513 5.88763e-05
0.52 -0.00122384 0.000300053 -6.96168e-06 -4.71723e-05 -0.000177533 -0.000170104
0.53 0.000232709 0.000894061 -2.81647e-06 -0.000142766 5.88565e-05 -0.000398148
0.54 0.00182019 0.00147014 2.14167e-06 -0.000237344 0.000319905 -0.000612754
0.55 0.00349146 0.00197122 8.02549e-06 -0.000319837 0.000605257 -0.000801394
0.56 0.00517205 0.00234905 1.47005e-05 -0.00038109 0.000897955 -0.00095186
0.57 0.00677667 0.00257652 2.17232e-05 -0.000416936 0.00117385 -0.00105611
0.58 0.00820427 0.00265193 2.83672e-05 -0.000428097 0.00140933 -0.00110918
0.59 0.0093646 0.00259457 3.42179e-05 -0.000418371 0.00159545 -0.00111097
0.6 0.0101886 0.00243475 3.90526e-05 -0.000392854 0.00173129 -0.00106542
0.61 0.0106215 0.0022026 4.24326e-05 -0.000356416 0.00181082 -0.000977909
0.62 0.0106468 0.00191999 4.40652e-05 -0.000312212 0.00182603 -0.000857383
0.63 0.0102771 0.00159921 4.38825e-05 -0.000261272 0.0017688 -0.000714395
0.64 0.00955831 0.00124865 4.1937e-05 -0.00020414 0.00164447 -0.000561369
0.65 0.00856542 0.000881872 3.86715e-05 -0.00014351 0.00147232 -0.000412143
0.66 0.00736758 0.000523591 3.45261e-05 -8.51193e-05 0.00127047 -0.000277731
0.67 0.00603122 0.000208379 2.95166e-05 -3.56279e-05 0.00105191 -0.000167271
0.68 0.00460973 -2.73772e-05 2.36686e-05 3.747e-07 0.000818891 -8.63597e-05
0.69 0.00315069 -0.000155895 1.71007e-05 2.10153e-05 0.000572826 -3.72012e-05
0.7 0.00171973 -0.000166533 9.94843e-06 2.54045e-05 0.000325171 -2.05966e-05
0.71 0.000383514 -7.03847e-05 2.71914e-06 1.28824e-05 9.12343e-05 -3.30332e-05
0.72 -0.000786521 0.000100088 -3.97252e-06 -1.45996e-05 -0.000111125 -6.81034e-05
0.73 -0.00173123 0.000297665 -9.73583e-06 -4.95556e-05 -0.000271863 -0.000116484
0.74 -0.00242514 0.000473199 -1.4128e-05 -8.03381e-05 -0.000391202 -0.000166265
0.75 -0.0028646 0.000590296 -1.69124e-05 -9.75461e-05 -0.000471415 -0.000207178
0.76 -0.00308202 0.000633923 -1.83145e-05 -9.97704e-05 -0.000519169 -0.00022956
0.77 -0.00313057 0.000607294 -1.85839e-05 -9.23831e-05 -0.000539419 -0.000225728
0.78 -0.00306813 0.000519498 -1.80023e-05 -8.01178e-05 -0.000537491 -0.000190525
0.79 -0.00296 0.000373499 -1.69348e-05 -6.11482e-05 -0.000523605 -0.0001199
0.8 -0.00285189 0.000163223 -1.54632e-05 -2.90154e-05 -0.000506498 -1.44549e-05
0.81 -0.00277747 -0.000119658 -1.36773e-05 1.99218e-05 -0.000496482 0.000121458
0.82 -0.00275927 -0.000476001 -1.18997e-05 8.20412e-05 -0.000499291 0.000279943
0.83 -0.00280349 -0.000893254 -1.02483e-05 0.000149754 -0.000513407 0.000449558
0.84 -0.0029248 -0.00134447 -8.77612e-06 0.000217937 -0.000537659 0.000619263
0.85 -0.00313541 -0.00178985 -7.71278e-06 0.000285308 -0.000570341 0.000777125
0.86 -0.00344765 -0.0021802 -7.24135e-06 0.000349119 -0.000616282 0.000911368
0.87 -0.00386989 -0.00246507 -7.7096e-06 0.000400315 -0.000682811 0.00101159
0.88 -0.004378 -0.00260625 -9.52143e-06 0.000426618 -0.00076853 0.00106789
0.89 -0.00492675 -0.00259082 -1.24585e-05 0.000421692 -0.000864201 0.00107489
0.9 -0.00544715 -0.00243437 -1.58767e-05 0.000390656 -0.000951203 0.00103132
0.91 -0.0058626 -0.00217062 -1.91756e-05 0.000345447 -0.00101376 0.000939668
0.92 -0.00611923 -0.001834 -2.1834e-05 0.000294558 -0.00104743 0.000806796
0.93 -0.00617707 -0.00144757 -2.37415e-05 0.00023776 -0.00105183 0.000640562
0.94 -0.0060222 -0.00102325 -2.50657e-05 0.000170782 -0.00102822 0.000451553
0.95 -0.00565717 -0.000570816 -2.56083e-05 9.38826e-05 -0.000971353 0.000252481
0.96 -0.00508792 -0.000106694 -2.50662e-05 1.4546e-05 -0.000874364 5.64393e-05
0.97 -0.00433696 0.000343461 -2.33898e-05 -5.7901e-05 -0.000740171 -0.000122566
0.98 -0.00342318 0.000747195 -2.05716e-05 -0.000118643 -0.000577165 -0.000273838
0.99 -0.0023657 0.00106938 -1.67541e-05 -0.000167318 -0.000396569 -0.000389906
1 -0.00118772 0.00127754 -1.20678e-05 -0.000202588 -0.000202398 -0.000466116
1.01 8.89617e-05 0.00135019 -6.26759e-06 -0.000219093 9.42438e-06 -0.000501927
1.02 0.00141548 0.00128681 6.84164e-07 -0.000211515 0.000236307 -0.000498388
1.03 0.00272436 0.00111319 8.23003e-06 -0.000181521 0.000466554 -0.000460377
1.04 0.00393862 0.000876018 1.56292e-05 -0.000139455 0.000679264 -0.000396557
1.05 0.00498203 0.000627346 2.20946e-05 -9.83092e-05 0.000855967 -0.000317324
1.06 0.00581279 0.000407838 2.71123e-05 -6.58233e-05 0.000992937 -0.000235298
1.07 0.00641243 0.000238478 3.08011e-05 -4.22202e-05 0.00109331 -0.000161308
1.08 0.00678398 0.000123716 3.33264e-05 -2.46285e-05 0.00116199 -0.000104384
1.09 0.00694596 6.11314e-05 3.4593e-05 -1.2483e-05 0.00119826 -7.23212e-05
1.1 0.00691015 5.01548e-05 3.45987e-05 -8.52513e-06 0.00119679 -6.97098e-05
1.11 0.00669552 9.56816e-05 3.33205e-05 -1.58584e-05 0.00115929 -9.96179e-05
1.12 0.00631704 0.000206535 3.07664e-05 -3.5391e-05 0.00109133 -0.000160961
1.13 0.0057856 0.000390303 2.72143e-05 -6.61639e-05 0.00100059 -0.000248017
1.14 0.00512333 0.000646008 2.27966e-05 -0.000106834 0.000892131 -0.000352654
1.15 0.00435401 0.00095698 1.7529e-05 -0.000155469 0.000765356 -0.000463653
1.16 0.00352271 0.00128791 1.18017e-05 -0.00020776 0.000624874 -0.000570211
1.17 0.00268924 0.00158947 6.13856e-06 -0.000256293 0.000480015 -0.000661875
1.18 0.00190883 0.00181021 1.05693e-06 -0.000292387 0.00034328 -0.000727779
1.19 0.00123185 0.00191055 -2.85479e-06 -0.000309118 0.000226332 -0.000759242
1.2 0.000677302 0.00187273 -5.40728e-06 -0.000303236 0.000131266 -0.000748834
1.21 0.000241235 0.00170277 -6.78245e-06 -0.000275331 5.63981e-05 -0.000693246
1.22 -9.22689e-05 0.00142491 -7.11203e-06 -0.000229197 -2.58406e-06 -0.000594245
1.23 -0.000352235 0.00107128 -6.695e-06 -0.000170812 -5.07057e-05 -0.000456409
1.24 -0.000554505 0.000671182 -5.88552e-06 -0.000106312 -8.91425e-05 -0.000288205
1.25 -0.00070944 0.000244165 -4.71479e-06 -3.93131e-05 -0.00011991 -9.92792e-05
1.26 -0.000821641 -0.000199424 -3.20821e-06 3.00854e-05 -0.000142419 9.92934e-05
1.27 -0.000888613 -0.000650635 -1.4506e-06 0.00010278 -0.000155733 0.000293987
1.28 -0.000926249 -0.00109173 5.32478e-07 0.000176297 -0.000163583 0.000471911
1.29 -0.000959309 -0.0014912 2.35451e-06 0.000243054 -0.000171097 0.00062047
1.3 -0.00102496 -0.00180825 3.44138e-06 0.000293668 -0.000186913 0.000730255
1.31 -0.00116682 -0.00200461 3.54072e-06 0.000322317 -0.000216992 0.000796371
1.32 -0.00140895 -0.00205655 2.50103e-06 0.000328718 -0.000261834 0.000816291
1.33 -0.00176403 -0.00196162 2.70772e-07 0.000315225 -0.000322124 0.000791523
1.34 -0.00222068 -0.00173906 -2.94572e-06 0.000283369 -0.000396758 0.000725907
1.35 -0.00274624 -0.001426 -7.01708e-06 0.000234638 -0.000485184 0.000626182
1.36 -0.00330364 -0.00107021 -1.16735e-05 0.000174532 -0.000583186 0.00050337
1.37 -0.00384488 -0.000719241 -1.62279e-05 0.000113783 -0.000679084 0.000369461
1.38 -0.00433538 -0.000408265 -2.01594e-05 6.3158e-05 -0.000762699 0.000237484
1.39 -0.0047556 -0.000152723 -2.33191e-05 2.62927e-05 -0.000828377 0.000118939
1.4 -0.00509116 4.83429e-05 -2.57224e-05 -1.48833e-06 -0.000878298 2.22909e-05
1.41 -0.0053355 0.000199639 -2.75931e-05 -2.61744e-05 -0.000917188 -4.50032e-05
1.42 -0.00546253 0.000297092 -2.88855e-05 -4.69309e-05 -0.000940472 -7.87582e-05
1.43 -0.00543402 0.000325476 -2.90044e-05 -5.57053e-05 -0.000937329 -7.7391e-05
1.44 -0.00521264 0.000267878 -2.75063e-05 -4.51425e-05 -0.000895684 -4.27669e-05
1.45 -0.00476635 0.000119047 -2.43519e-05 -1.61493e-05 -0.000811157 1.80438e-05
1.46 -0.00409559 -0.000107075 -1.97172e-05 2.28735e-05 -0.000690695 9.60701e-05
1.47 -0.00322249 -0.000378777 -1.40768e-05 6.34399e-05 -0.000541993 0.000180356
1.48 -0.00218814 -0.000653075 -7.82523e-06 0.000102036 -0.00037086 0.000259882
1.49 -0.00105384 -0.000882896 -1.11119e-06 0.000137331 -0.00018092 0.000325071
1.5 0.000121308 -0.0010248 5.59255e-06 0.000164097 2.17711e-05 0.000365835
1.51 0.00127438 -0.00104877 1.16144e-05 0.000172702 0.00022289 0.000374345
1.52 0.00235447 -0.000947547 1.65603e-05 0.000156206 0.000408662 0.000345273
1.53 0.00333074 -0.000738669 2.02486e-05 0.000117392 0.000570873 0.000276767
1.54 0.00417491 -0.000455012 2.28471e-05 6.72622e-05 0.000708415 0.000172528
1.55 0.00486616 -0.000128482 2.47167e-05 1.58018e-05 0.000823756 3.86884e-05
1.56 0.0053726 0.000221824 2.57309e-05 -3.54077e-05 0.000912179 -0.000115861
1.57 0.00565433 0.00058892 2.54887e-05 -9.11559e-05 0.000964284 -0.000280535
1.58 0.00568587 0.000966992 2.38341e-05 -0.000154002 0.000971331 -0.000444436
1.59 0.00545575 0.00134016 2.07848e-05 -0.000218725 0.000930681 -0.000594461
1.6 0.0049881 0.00167919 1.67083e-05 -0.000275206 0.000850311 -0.000718432
1.61 0.00433579 0.00194667 1.2258e-05 -0.000315535 0.000741448 -0.000806071
1.62 0.00356461 0.00210572 7.82931e-06 -0.00033725 0.000615884 -0.000849946
1.63 0.0027539 0.00212819 3.74954e-06 -0.0003403 0.000484487 -0.000847804
1.64 0.00196909 0.00200184 4.84329e-07 -0.000323084 0.000355278 -0.00079983
1.65 0.00126185 0.0017362 -1.76035e-06 -0.000283349 0.00023707 -0.000709425
1.66 0.000668952 0.00136392 -2.94254e-06 -0.000223016 0.000136309 -0.000583169
1.67 0.000204573 0.000934112 -3.08246e-06 -0.000150726 5.73429e-05 -0.000429701
1.68 -0.000117266 0.000498186 -2.50468e-06 -7.83172e-05 3.9085e-06 -0.000261626
1.69 -0.000289153 9.53141e-05 -1.44629e-06 -1.42985e-05 -2.36815e-05 -9.22937e-05
1.7 -0.000306626 -0.000254328 1.40299e-07 3.93617e-05 -2.57431e-05 6.56032e-05
1.71 -0.000164873 -0.000545587 2.17113e-06 8.46794e-05 -4.51131e-06 0.000200683
1.72 0.000119828 -0.000778009 4.55931e-06 0.000122833 3.66096e-05 0.000305342
1.73 0.000517669 -0.000946723 7.26367e-06 0.000151862 9.55919e-05 0.000373474
1.74 0.000974897 -0.00103958 9.91325e-06 0.000168009 0.000166489 0.000401767
1.75 0.00141326 -0.001041 1.20433e-05 0.00016821 0.00023822 0.000390741
1.76 0.001754 -0.000940093 1.32511e-05 0.000151381 0.000294091 0.000343913
1.77 0.00192101 -0.000739531 1.30216e-05 0.000118695 0.000316507 0.000269808
1.78 0.00186879 -0.000461551 1.11964e-05 7.39916e-05 0.000297978 0.000178938
1.79 0.00158863 -0.000147463 8.13478e-06 2.39707e-05 0.000241411 8.23232e-05
1.8 0.00109265 0.000150616 4.20616e-06 -2.30524e-05 0.000155351 -8.58234e-06
1.81 0.000414377 0.000383138 -2.24763e-07 -5.96393e-05 4.55048e-05 -8.43046e-05
1.82 -0.000415147 0.000515761 -4.8594e-06 -8.11165e-05 -8.98037e-05 -0.000135503
1.83 -0.00136341 0.000535918 -9.68543e-06 -8.55788e-05 -0.000250487 -0.000154692
1.84 -0.00238577 0.000451726 -1.45158e-05 -7.30279e-05 -0.000428499 -0.000138209
1.85 -0.00343468 0.000285203 -1.89134e-05 -4.54407e-05 -0.000607735 -8.55597e-05
1.86 -0.00444597 6.30041e-05 -2.26886e-05 -7.38661e-06 -0.000771465 -1.53247e-06
1.87 -0.00535069 -0.000192281 -2.57345e-05 3.50765e-05 -0.000911989 0.000106418
1.88 -0.00607841 -0.000467169 -2.78648e-05 7.77438e-05 -0.00102597 0.000229444
1.89 -0.00655004 -0.000755679 -2.89141e-05 0.000120737 -0.00110615 0.000356629
1.9 -0.0067031 -0.00105085 -2.84379e-05 0.000166499 -0.0011376 0.000477215
1.91 -0.00649754 -0.00133431 -2.59974e-05 0.00021418 -0.00110389 0.000579154
1.92 -0.00593425 -0.00157191 -2.18399e-05 0.000256135 -0.00100226 0.000651105
1.93 -0.00506378 -0.00172052 -1.6623e-05 0.000281087 -0.000846726 0.000685103
1.94 -0.00395693 -0.00174282 -1.1017e-05 0.000281505 -0.00065889 0.00067597
1.95 -0.00269644 -0.00162111 -5.58778e-06 0.000257925 -0.000454983 0.000623497
1.96 -0.00135583 -0.00136256 -4.2079e-07 0.000216118 -0.000239149 0.000530439
1.97 3.82851e-06 -0.000995396 4.58995e-06 0.000160987 -1.33665e-05 0.000401653
1.98 0.00131412 -0.000560896 9.15451e-06 9.45319e-05 0.000212306 0.000245651
1.99 0.00250935 -0.000105143 1.29262e-05 1.98274e-05 0.000419011 7.26661e-05
2 0.00351964 0.000329064 1.57427e-05 -5.50058e-05 0.000587033 -0.000104212
2.01 0.00427953 0.000710451 1.74696e-05 -0.000119264 0.000707107 -0.00027107
2.02 0.00474335 0.00102441 1.81694e-05 -0.000167028 0.000779192 -0.000416239
2.03 0.00487576 0.00127009 1.785e-05 -0.000201085 0.000804408 -0.000529601
2.04 0.00467104 0.00144917 1.6199e-05 -0.000227986 0.000780308 -0.000604776
2.05 0.00415664 0.00155413 1.31951e-05 -0.000248914 0.000703105 -0.000637865
2.06 0.0033926 0.00156618 9.3194e-06 -0.000256465 0.000578068 -0.000627117
2.07 0.00247782 0.00146587 5.19571e-06 -0.000241333 0.000423135 -0.000575396
2.08 0.00151726 0.00124876 1.54817e-06 -0.000201919 0.000262594 -0.000488621
2.09 0.000608563 0.000934355 -1.16991e-06 -0.000146755 0.00011733 -0.000376724
2.1 -0.000171237 0.000563003 -3.05365e-06 -8.77097e-05 -2.97888e-06 -0.0002519
2.11 -0.000777386 0.000184967 -4.19213e-06 -3.20099e-05 -9.65354e-05 -0.000125508
2.12 -0.00117463 -0.000150787 -4.54576e-06 1.843e-05 -0.000161941 -9.11657e-06
2.13 -0.00133988 -0.000404537 -4.192e-06 6.12639e-05 -0.000193996 8.75673e-05
2.14 -0.00125667 -0.000551754 -3.07958e-06 9.00426e-05 -0.000184076 0.000156158
2.15 -0.000913326 -0.00058774 -1.15157e-06 9.80141e-05 -0.00012708 0.000189742
2.16 -0.000325815 -0.000527662 1.43305e-06 8.51375e-05 -2.61325e-05 0.000186113
2.17 0.00046838 -0.00039848 4.62956e-06 5.95458e-05 0.000107532 0.000146547
2.18 0.00140182 -0.000225407 8.33118e-06 3.08293e-05 0.000258027 7.6671e-05
2.19 0.00237942 -2.18016e-05 1.20634e-05 2.08597e-06 0.000410799 -1.47643e-05
2.2 0.0033006 0.000209701 1.53674e-05 -3.07121e-05 0.000553824 -0.000118682
2.21 0.00405793 0.000465874 1.78295e-05 -7.16292e-05 0.000675135 -0.000224127
2.22 0.0045609 0.000730752 1.89789e-05 -0.000117782 0.000760217 -0.000320077
2.23 0.00474773 0.000972076 1.86775e-05 -0.000159576 0.000792703 -0.000395546
2.24 0.00458609 0.00114824 1.70066e-05 -0.000187076 0.000761896 -0.000440061
2.25 0.0040889 0.00122048 1.40632e-05 -0.000195354 0.000669399 -0.000447407
2.26 0.0032931 0.00116366 1.02648e-05 -0.000184207 0.00052839 -0.000414654
2.27 0.00224928 0.000972878 6.06581e-06 -0.000154689 0.000354819 -0.000342944
2.28 0.0010144 0.000665449 1.56074e-06 -0.000107729 0.000156975 -0.000236996
2.29 -0.00036156 0.000278044 -3.22272e-06 -4.6248e-05 -6.45385e-05 -0.000102818
2.3 -0.00181106 -0.000141818 -8.27827e-06 2.28179e-05 -0.000306689 5.0139e-05
2.31 -0.00324694 -0.000548321 -1.35318e-05 9.01867e-05 -0.000553822 0.000210449
2.32 -0.00456526 -0.000908602 -1.8415e-05 0.000148544 -0.000778516 0.000365342
2.33 -0.0056514 -0.00120675 -2.22482e-05 0.000195244 -0.000954936 0.000501274
2.34 -0.00641593 -0.00143884 -2.47339e-05 0.000231089 -0.00107095 0.000607904
2.35 -0.00679744 -0.0016031 -2.57183e-05 0.000256986 -0.0011277 0.000677237
2.36 -0.00676896 -0.00169194 -2.52009e-05 0.000271795 -0.00112833 0.00070436
2.37 -0.00634341 -0.00169049 -2.33286e-05 0.000272579 -0.00106934 0.000687799
2.38 -0.00555944 -0.0015819 -2.01091e-05 0.000256101 -0.000945742 0.000627904
2.39 -0.00449317 -0.00135692 -1.57958e-05 0.00022034 -0.00076371 0.000529606
2.4 -0.00324188 -0.00102342 -1.10831e-05 0.000166078 -0.000546007 0.000401404
2.41 -0.00190258 -0.000611317 -6.49339e-06 9.83592e-05 -0.000321541 0.000254384
2.42 -0.000566408 -0.000169422 -2.2259e-06 2.63036e-05 -0.000108859 0.00010185
2.43 0.000699672 0.000245944 1.7396e-06 -3.97959e-05 8.91428e-05 -4.4504e-05
2.44 0.001832 0.000586005 5.63449e-06 -9.25412e-05 0.000274387 -0.000173696
2.45 0.00275857 0.000821012 9.31254e-06 -0.000129292 0.000437854 -0.000276067
2.46 0.00340879 0.000943299 1.21058e-05 -0.000150347 0.000557327 -0.000344493
2.47 0.0037172 0.000962445 1.353e-05 -0.000156009 0.000611338 -0.000373421
2.48 0.00365827 0.00089699 1.34454e-05 -0.000146261 0.000594753 -0.000362143
2.49 0.00325232 0.00076681 1.19687e-05 -0.000123055 0.000521374 -0.000314229
2.5 0.00255497 0.000587799 9.53525e-06 -9.14017e-05 0.000410869 -0.00023639
2.51 0.00165571 0.000369576 6.45527e-06 -5.65428e-05 0.000275918 -0.000138591
2.52 0.000651466 0.000117742 2.86167e-06 -1.98551e-05 0.000122165 -3.07015e-05
2.53 -0.000353394 -0.000158589 -7.86645e-07 2.10416e-05 -4.19765e-05 7.63837e-05
2.54 -0.00125515 -0.000437538 -3.9409e-06 6.66615e-05 -0.000197318 0.000171132
2.55 -0.00197359 -0.000680968 -6.29308e-06 0.000110238 -0.000319732 0.000243315
2.56 -0.00244852 -0.00084235 -7.68003e-06 0.000139309 -0.000393109 0.000283546
2.57 -0.00265265 -0.000883378 -8.27339e-06 0.000143956 -0.000415984 0.000286813
2.58 -0.00257918 -0.000789206 -8.35982e-06 0.000123789 -0.000396779 0.000252314
2.59 -0.00222336 -0.000572889 -7.78457e-06 8.66037e-05 -0.000340946 0.000182252
2.6 -0.00159344 -0.000268 -6.25315e-06 4.06078e-05 -0.000245485 8.26283e-05
2.61 -0.00070688 8.35809e-05 -3.65607e-06 -1.09619e-05 -0.000105157 -3.93923e-05
2.62 0.000388545 0.000441315 3.34548e-08 -6.74328e-05 7.73151e-05 -0.000174064
2.63 0.00160519 0.000771336 4.4925e-06 -0.000124681 0.000284587 -0.000309144
2.64 0.00283505 0.00104979 9.13079e-06 -0.000173963 0.00049052 -0.00043239
2.65 0.00395449 0.00126477 1.35211e-05 -0.000207882 0.00067103 -0.000531374
2.66 0.00485577 0.00141383 1.71993e-05 -0.000226489 0.000810836 -0.000597012
2.67 0.00546096 0.00149564 1.96948e-05 -0.000235574 0.000904245 -0.000623689
2.68 0.00571903 0.00150061 2.09129e-05 -0.000238241 0.000948067 -0.000608076
2.69 0.00561873 0.00140948 2.08854e-05 -0.000229281 0.000937483 -0.000550727
2.7 0.00517158 0.00120372 1.96664e-05 -0.000199262 0.000867945 -0.000454286
2.71 0.00441167 0.000881703 1.75026e-05 -0.000144533 0.000739718 -0.000325237
2.72 0.00339503 0.000468333 1.4499e-05 -7.2576e-05 0.000563542 -0.000174199
2.73 0.00218031 1.11187e-05 1.06533e-05 2.78686e-06 0.000357093 -1.31e-05
2.74 0.000837707 -0.000433996 6.19285e-06 7.07867e-05 0.000136948 0.000144624
2.75 -0.000560823 -0.000817367 1.27317e-06 0.00012787 -8.658e-05 0.000287234
2.76 -0.00193858 -0.00110424 -4.03527e-06 0.000173732 -0.00030911 0.000404982
2.77 -0.00319951 -0.00127734 -9.39343e-06 0.000205684 -0.000521787 0.000488961
2.78 -0.00424656 -0.0013365 -1.43637e-05 0.000218778 -0.000705441 0.000533507
2.79 -0.00498622 -0.00129592 -1.8404e-05 0.000211272 -0.000835858 0.000535274
2.8 -0.00535488 -0.00117731 -2.08416e-05 0.000188061 -0.000895515 0.000495236
2.81 -0.00534255 -0.00100008 -2.14905e-05 0.000157172 -0.000885803 0.000419436
2.82 -0.00497855 -0.00077436 -2.07084e-05 0.000122904 -0.000822719 0.000316071
2.83 -0.00432879 -0.000502863 -1.88774e-05 8.33361e-05 -0.000722846 0.000196014
2.84 -0.00346892 -0.000191436 -1.63459e-05 3.50281e-05 -0.000594077 7.0252e-05
2.85 -0.0024703 0.000139736 -1.3268e-05 -2.02357e-05 -0.000436497 -5.04138e-05
2.86 -0.00141105 0.000453225 -9.55172e-06 -7.3784e-05 -0.000256507 -0.000154188
2.87 -0.000362738 0.00070248 -5.41272e-06 -0.000114763 -7.32253e-05 -0.000231347
2.88 0.000602616 0.000845983 -1.30866e-06 -0.000136041 8.9917e-05 -0.000274025
2.89 0.00142005 0.000859765 2.54024e-06 -0.000136129 0.000217508 -0.000278299
2.9 0.00204262 0.000743501 5.98514e-06 -0.000117147 0.000309893 -0.000245341
2.91 0.00242325 0.000519555 8.86981e-06 -8.24966e-05 0.000372271 -0.000178628
2.92 0.0025261 0.000226326 1.10099e-05 -3.66189e-05 0.000400624 -8.4985e-05
2.93 0.00233041 -9.22229e-05 1.18734e-05 1.45075e-05 0.000381878 2.71011e-05
2.94 0.00184304 -0.000397809 1.10056e-05 6.43455e-05 0.000305211 0.000147683
2.95 0.00112347 -0.000665457 8.62753e-06 0.000107957 0.000178999 0.000264066
2.96 0.000262333 -0.000883944 5.32387e-06 0.000143088 2.99058e-05 0.000364316
2.97 -0.00063399 -0.00104943 1.74344e-06 0.000169166 -0.000114578 0.000437525
2.98 -0.00146888 -0.00115677 -1.59504e-06 0.000185525 -0.000239601 0.000475728
2.99 -0.00217839 -0.00119409 -4.67236e-06 0.000190648 -0.000345964 0.000475394
3 -0.00271261 -0.00114369 -7.58344e-06 0.000182478 -0.000435348 0.000434885
3.01 -0.00303846 -0.000988551 -1.00741e-05 0.000158774 -0.000498534 0.000356142
3.02 -0.00313273 -0.000721882 -1.18877e-05 0.000117598 -0.000520678 0.000243983
3.03 -0.00297816 -0.000355882 -1.28594e-05 5.9058e-05 -0.000491527 0.000106048
3.04 -0.00258067 7.45704e-05 -1.28246e-05 -1.20782e-05 -0.000415694 -4.57327e-05
3.05 -0.00195384 0.000516776 -1.18211e-05 -8.56974e-05 -0.000306878 -0.000198828
3.06 -0.0011241 0.000913524 -9.81178e-06 -0.00014982 -0.00017425 -0.000340559
3.07 -0.000136431 0.0012193 -6.55363e-06 -0.000196418 -2.03272e-05 -0.000459594
3.08 0.000950504 0.00141097 -2.15104e-06 -0.00022443 0.000154686 -0.000547687
3.09 0.00204642 0.00148781 2.92372e-06 -0.000237037 0.000340762 -0.000597439
3.1 0.00305025 0.0014629 8.10577e-06 -0.000236315 0.000515279 -0.000604663
3.11 0.00387005 0.00135289 1.27045e-05 -0.000221222 0.000655079 -0.000568662
3.12 0.00443564 0.001172 1.62785e-05 -0.000190795 0.000745475 -0.000492308
3.13 0.004723 0.000930805 1.88158e-05 -0.000148034 0.000786666 -0.000383773
3.14 0.00473523 0.000637647 2.02958e-05 -9.89984e-05 0.000787113 -0.000252965
3.15 0.004494 0.000301569 2.07365e-05 -4.78064e-05 0.000752139 -0.000111196
3.16 0.00403197 -6.23156e-05 2.0289e-05 5.98789e-06 0.000683186 2.96293e-05
3.17 0.00337459 -0.000426393 1.88922e-05 6.33733e-05 0.0005783 0.000158836
3.18 0.00255737 -0.000748556 1.64371e-05 0.000119244 0.000439914 0.000265046
3.19 0.00162132 -0.000980212 1.29629e-05 0.000161426 0.000278825 0.000339064
3.2 0.000615801 -0.00108296 8.47587e-06 0.000178156 0.0001085 0.000375006
3.21 -0.000391198 -0.0010443 3.23456e-06 0.000167112 -5.68553e-05 0.000370397
3.22 -0.00133233 -0.000881741 -2.16333e-06 0.000136617 -0.000208137 0.000328197
3.23 -0.00213514 -0.000633022 -7.255e-06 9.77799e-05 -0.000340048 0.000253606
3.24 -0.00273489 -0.000340456 -1.1654e-05 5.61169e-05 -0.000444719 0.000154118
3.25 -0.00309203 -3.95406e-05 -1.49438e-05 1.11829e-05 -0.000513349 3.95873e-05
3.26 -0.00318746 0.000244163 -1.6944e-05 -3.6771e-05 -0.000536468 -7.95493e-05
3.27 -0.00304187 0.000493415 -1.75542e-05 -8.20269e-05 -0.00051227 -0.000190551
3.28 -0.00270279 0.00069727 -1.67772e-05 -0.00011655 -0.00045182 -0.000281545
3.29 -0.00222707 0.000848731 -1.50453e-05 -0.000136987 -0.000371209 -0.000343244
3.3 -0.00167475 0.000940038 -1.28046e-05 -0.000146509 -0.000284949 -0.000368885
3.31 -0.00108263 0.000957216 -1.01363e-05 -0.000148774 -0.000196394 -0.000356504
3.32 -0.000478576 0.000880006 -6.99096e-06 -0.000141073 -0.000100959 -0.000306284
3.33 0.000107512 0.00069134 -3.24086e-06 -0.000115288 3.60238e-07 -0.000221126
3.34 0.000641533 0.000392102 1.0379e-06 -6.6511e-05 9.77747e-05 -0.000107686
3.35 0.00107069 1.03189e-05 5.19381e-06 -2.23042e-07 0.000173601 2.52975e-05
3.36 0.0013493 -0.000403219 8.52657e-06 6.97893e-05 0.000215246 0.000165383
3.37 0.00144586 -0.000790731 1.0722e-05 0.000130499 0.000223953 0.000299609
3.38 0.00134521 -0.00110447 1.16425e-05 0.000176396 0.00020621 0.000416488
3.39 0.00106181 -0.00131598 1.13423e-05 0.000208117 0.000167271 0.000505608
3.4 0.000622514 -0.00141617 9.92168e-06 0.000226403 0.000104901 0.000560068
3.41 7.57994e-05 -0.00141048 7.32022e-06 0.000229155 1.6482e-05 0.00057448
3.42 -0.000512538 -0.001313 3.79109e-06 0.000214328 -8.7927e-05 0.000546076
3.43 -0.00108225 -0.00114051 -1.81915e-08 0.000183913 -0.000190208 0.000476698
3.44 -0.00157965 -0.000906569 -3.63394e-06 0.000143396 -0.000272681 0.000371276
3.45 -0.00198073 -0.000618516 -6.85036e-06 9.71898e-05 -0.000330708 0.000239439
3.46 -0.00228124 -0.00028083 -9.71937e-06 4.56328e-05 -0.000373548 9.26542e-05
3.47 -0.00247326 9.57341e-05 -1.24765e-05 -1.26841e-05 -0.000407241 -5.7735e-05
3.48 -0.00254605 0.000485362 -1.49305e-05 -7.57827e-05 -0.000427933 -0.000199559
3.49 -0.00247149 0.000846136 -1.64551e-05 -0.000136055 -0.00042203 -0.000322321
3.5 -0.0022268 0.0011291 -1.66087e-05 -0.000183201 -0.000378318 -0.000415832
3.51 -0.0018119 0.00129291 -1.52121e-05 -0.000209318 -0.000300813 -0.000471766
3.52 -0.00124309 0.00131657 -1.23703e-05 -0.00021179 -0.000200961 -0.000486445
3.53 -0.000564692 0.00120466 -8.51387e-06 -0.000192778 -9.04897e-05 -0.000459439
3.54 0.000171179 0.000984367 -3.95994e-06 -0.000157257 2.54419e-05 -0.000395269
3.55 0.000908916 0.000696054 1.05272e-06 -0.000111476 0.000146547 -0.000301131
3.56 0.00158748 0.000381292 6.01431e-06 -6.17162e-05 0.00026511 -0.000185279
3.57 0.00216466 7.25319e-05 1.0455e-05 -1.28114e-05 0.000369213 -5.86665e-05
3.58 0.002611 -0.000211307 1.41073e-05 3.27092e-05 0.00044766 6.74619e-05
3.59 0.00291899 -0.00046167 1.67885e-05 7.37367e-05 0.000496468 0.00018074
3.6 0.00309913 -0.000672231 1.85941e-05 0.000108596 0.000522533 0.000269448
3.61 0.00315291 -0.00083146 1.96563e-05 0.000134134 0.000531108 0.00032583
3.62 0.00307971 -0.000920588 1.97755e-05 0.00014694 0.000522425 0.000344709
3.63 0.00286788 -0.000917813 1.87525e-05 0.000145009 0.000491569 0.000325283
3.64 0.00250667 -0.000806226 1.65017e-05 0.000127649 0.000431908 0.000269652
3.65 0.00200921 -0.000582269 1.29459e-05 9.42513e-05 0.000345727 0.000181689
3.66 0.00140247 -0.000262186 8.33682e-06 4.47594e-05 0.000240389 6.94568e-05
3.67 0.000738291 0.000116233 3.18706e-06 -1.72746e-05 0.000126876 -5.70163e-05
3.68 7.80241e-05 0.000499477 -2.00894e-06 -8.23825e-05 1.71547e-05 -0.000185293
3.69 -0.000526398 0.000831964 -6.63048e-06 -0.000137787 -8.23423e-05 -0.000302218
3.7 -0.00102883 0.00107231 -1.01897e-05 -0.000174266 -0.00016594 -0.000397452
3.71 -0.00141037 0.00120342 -1.26563e-05 -0.000191077 -0.000231443 -0.000461957
3.72 -0.00166794 0.00123045 -1.40996e-05 -0.000193734 -0.000278582 -0.000489871
3.73 -0.00180536 0.00116919 -1.4567e-05 -0.000186793 -0.000304675 -0.000477911
3.74 -0.00183644 0.00103392 -1.41601e-05 -0.000169276 -0.000310107 -0.000424795
3.75 -0.00176274 0.000832479 -1.28104e-05 -0.000137435 -0.000295119 -0.000334392
3.76 -0.00158604 0.000569228 -1.0513e-05 -9.11442e-05 -0.000262239 -0.000213746
3.77 -0.00130859 0.000250693 -7.54731e-06 -3.60396e-05 -0.000216325 -7.32971e-05
3.78 -0.000931595 -0.000110286 -4.06818e-06 2.10553e-05 -0.000157211 7.44269e-05
3.79 -0.00047836 -0.00049191 -1.25057e-07 7.74365e-05 -8.53342e-05 0.000218234
3.8 1.58925e-05 -0.000861182 4.036e-06 0.000133508 -2.84481e-06 0.000346484
3.81 0.000497542 -0.00117435 8.046e-06 0.000186286 8.20887e-05 0.000448967
3.82 0.00090218 -0.00138455 1.12868e-05 0.00022572 0.000152957 0.000517173
3.83 0.00118509 -0.00145676 1.30285e-05 0.000239808 0.000198207 0.000544191
3.84 0.00131836 -0.0013825 1.3108e-05 0.000224296 0.000214226 0.000528457
3.85 0.00130475 -0.00118358 1.18947e-05 0.000186705 0.00020666 0.000472047
3.86 0.00116594 -0.000901406 9.80846e-06 0.000140034 0.00018463 0.000380834
3.87 0.000918671 -0.00057915 7.2019e-06 9.26232e-05 0.000148201 0.000263861
3.88 0.000583098 -0.000248922 4.13296e-06 4.45298e-05 9.44818e-05 0.000130316
3.89 0.000168935 7.00178e-05 4.69337e-07 -6.77218e-06 2.18079e-05 -8.28212e-06
3.9 -0.000312646 0.000365413 -3.55303e-06 -5.89901e-05 -6.54663e-05 -0.00013984
3.91 -0.00083884 0.000625934 -7.49769e-06 -0.000104602 -0.000155688 -0.000252703
3.92 -0.00138724 0.000838407 -1.11247e-05 -0.000137162 -0.000242811 -0.000335826
3.93 -0.00191708 0.000986802 -1.42469e-05 -0.000156086 -0.000324505 -0.000382858
3.94 -0.00237856 0.00105161 -1.67224e-05 -0.000164063 -0.000398317 -0.000390683
3.95 -0.00271754 0.00101208 -1.83405e-05 -0.000160579 -0.000457756 -0.000359592
3.96 -0.00287654 0.000854454 -1.85526e-05 -0.000140114 -0.000487531 -0.000293535
3.97 -0.00282809 0.000583845 -1.69681e-05 -9.80602e-05 -0.000477632 -0.000197709
3.98 -0.00257125 0.00023145 -1.38094e-05 -3.80845e-05 -0.000428366 -8.11957e-05
3.99 -0.00213306 -0.000150337 -9.60866e-06 2.74156e-05 -0.000348686 4.45522e-05
4 -0.0015617 -0.000503881 -5.01056e-06 8.46453e-05 -0.000252245 0.000167262
