0.01 1.13861e-07 1.74705e-07 5.69849e-09 -1.32144e-07 1.42037e-07 -3.94356e-07
0.02 1.37645e-06 1.81476e-06 5.26442e-08 -1.2014e-06 1.30041e-06 -3.09938e-06
0.03 7.95078e-06 9.34997e-06 2.37826e-07 -5.4901e-06 5.97902e-06 -1.20258e-05
0.04 2.96092e-05 3.20165e-05 7.16598e-07 -1.70407e-05 1.86886e-05 -3.17577e-05
0.05 8.09727e-05 8.23685e-05 1.65878e-06 -4.08016e-05 4.51448e-05 -6.5329e-05
0.06 0.000175584 0.00017076 3.20478e-06 -8.08374e-05 9.04387e-05 -0.000112552
0.07 0.000318358 0.000299159 5.43215e-06 -0.000138435 0.000157023 -0.000170484
0.08 0.000502779 0.000459235 8.3132e-06 -0.000211046 0.000243516 -0.000235416
0.09 0.000715058 0.000635973 1.16766e-05 -0.000292574 0.000344855 -0.000304086
0.1 0.000940639 0.000813025 1.52169e-05 -0.000374828 0.000453593 -0.000373373
0.11 0.00116692 0.000975456 1.85784e-05 -0.000449468 0.000561661 -0.000439164
0.12 0.00138148 0.00110972 2.14747e-05 -0.000509706 0.000661836 -0.000495983
0.13 0.00157044 0.00120414 2.37563e-05 -0.000551265 0.000748539 -0.000538147
0.14 0.00172076 0.00125157 2.53784e-05 -0.000572428 0.000817846 -0.000561428
0.15 0.0018242 0.00125157 2.63128e-05 -0.000573299 0.000866873 -0.000563883
0.16 0.00187768 0.00120862 2.64892e-05 -0.000554705 0.000892892 -0.000545402
0.17 0.00187878 0.00112707 2.58097e-05 -0.000517315 0.000892681 -0.000506716
0.18 0.00182089 0.00100748 2.42061e-05 -0.000461491 0.000862619 -0.000449077
0.19 0.00169416 0.000848527 2.16764e-05 -0.000387959 0.00079967 -0.00037477
0.2 0.00149231 0.000652875 1.82829e-05 -0.000298895 0.000702855 -0.000287729
0.21 0.00121948 0.000431207 1.41425e-05 -0.000198687 0.000574443 -0.000193379
0.22 0.000891054 0.00020069 9.4377e-06 -9.38448e-05 0.000420211 -9.76107e-05
0.23 0.000528165 -2.05586e-05 4.43222e-06 7.99234e-06 0.000248646 -5.67508e-06
0.24 0.00015132 -0.000218153 -5.49381e-07 9.95267e-05 6.94787e-05 7.82767e-05
0.25 -0.000222252 -0.000382511 -5.19197e-06 0.000175184 -0.000107787 0.000150973
0.26 -0.000577356 -0.000507762 -9.26862e-06 0.000231961 -0.000274894 0.000209732
0.27 -0.000899265 -0.000591445 -1.26707e-05 0.000269559 -0.000425224 0.000252653
0.28 -0.00117442 -0.000635543 -1.53736e-05 0.000289858 -0.000553673 0.000279182
0.29 -0.00139249 -0.000646729 -1.73753e-05 0.000295966 -0.000656245 0.000290478
0.3 -0.00154715 -0.000634095 -1.86604e-05 0.000291229 -0.000729693 0.000289176
0.31 -0.00163489 -0.000605629 -1.921e-05 0.000278581 -0.000771451 0.000278673
0.32 -0.00165351 -0.000566436 -1.90341e-05 0.000260473 -0.000780028 0.000262484
0.33 -0.00160274 -0.000520197 -1.81962e-05 0.000239269 -0.000755734 0.000243988
0.34 -0.00148686 -0.00047209 -1.68153e-05 0.000217742 -0.000701396 0.000226461
0.35 -0.001317 -0.000430081 -1.50554e-05 0.000199238 -0.000622627 0.000212984
0.36 -0.00111085 -0.000403207 -1.31131e-05 0.000187284 -0.000527384 0.000206032
0.37 -0.000889457 -0.000398309 -1.11988e-05 0.000184786 -0.000424894 0.000206954
0.38 -0.000673015 -0.000417693 -9.50692e-06 0.000193149 -0.000324282 0.000215705
0.39 -0.000477892 -0.000458849 -8.17922e-06 0.000211708 -0.000233372 0.000230998
0.4 -0.000315724 -0.000515525 -7.27848e-06 0.000237702 -0.000157967 0.000250705
0.41 -0.000193993 -0.000578945 -6.78893e-06 0.000266798 -0.000101702 0.000272172
0.42 -0.000116908 -0.000638872 -6.64169e-06 0.000293973 -6.62972e-05 0.000292354
0.43 -8.58079e-05 -0.000684948 -6.74847e-06 0.000314495 -5.19611e-05 0.0003079
0.44 -9.90285e-05 -0.00070845 -7.02437e-06 0.000324664 -5.76545e-05 0.00031542
0.45 -0.000151601 -0.000703724 -7.39147e-06 0.000322149 -8.11165e-05 0.000311937
0.46 -0.000235125 -0.000668438 -7.76838e-06 0.000305874 -0.000118692 0.000295369
0.47 -0.000337965 -0.00060259 -8.05745e-06 0.000275654 -0.000165161 0.00026477
0.48 -0.000445744 -0.000507223 -8.14005e-06 0.000231843 -0.000213788 0.000220329
0.49 -0.000542153 -0.000383923 -7.88525e-06 0.00017522 -0.000256778 0.00016324
0.5 -0.000610239 -0.000235406 -7.17052e-06 0.000107162 -0.000286109 9.56163e-05
0.51 -0.000634316 -6.65785e-05 -5.90799e-06 2.99657e-05 -0.000294619 2.04446e-05
0.52 -0.000602316 0.000114835 -4.06674e-06 -5.29137e-05 -0.000277037 -5.85273e-05
0.53 -0.000507901 0.000298608 -1.6831e-06 -0.00013692 -0.000230718 -0.000137089
0.54 -0.00035141 0.000473193 1.14411e-06 -0.000216824 -0.000155884 -0.000211
0.55 -0.000139267 0.000627334 4.27012e-06 -0.000287433 -5.538e-05 -0.000276407
0.56 0.000117728 0.000751655 7.52642e-06 -0.000344383 6.58729e-05 -0.000330134
0.57 0.00040611 0.000839859 1.0742e-05 -0.000384761 0.000201497 -0.000369821
0.58 0.000710678 0.000889296 1.37591e-05 -0.000407387 0.000344158 -0.000394031
0.59 0.00101466 0.000900809 1.64396e-05 -0.000412714 0.000485882 -0.000402353
0.6 0.00129985 0.000877998 1.86641e-05 -0.000402428 0.000618301 -0.000395482
0.61 0.0015475 0.000826213 2.03263e-05 -0.000378964 0.000732952 -0.000375172
0.62 0.00173984 0.000751644 2.13312e-05 -0.000345097 0.000821769 -0.000344034
0.63 0.00186188 0.000660773 2.1602e-05 -0.000303732 0.00087777 -0.000305222
0.64 0.00190287 0.000560214 2.10964e-05 -0.000257871 0.000895833 -0.000262113
0.65 0.00185737 0.00045678 1.98234e-05 -0.000210644 0.000873405 -0.000218039
0.66 0.00172599 0.000357467 1.78518e-05 -0.00016527 0.000810944 -0.00017606
0.67 0.0015158 0.000269051 1.53052e-05 -0.000124841 0.000711975 -0.000138739
0.68 0.00123994 0.00019726 1.23456e-05 -9.19418e-05 0.000582732 -0.00010792
0.69 0.000916302 0.000145716 9.15155e-06 -6.82046e-05 0.000431459 -8.45536e-05
0.7 0.000565457 0.000115119 5.89911e-06 -5.39672e-05 0.000267568 -6.86405e-05
0.71 0.000208513 0.000103043 2.74666e-06 -4.81694e-05 0.000100813 -5.93044e-05
0.72 -0.000134383 0.000104462 -1.73464e-07 -4.85493e-05 -5.93699e-05 -5.49572e-05
0.73 -0.000444843 0.00011278 -2.75773e-06 -5.20814e-05 -0.000204342 -5.34965e-05
0.74 -0.000706765 0.000120978 -4.92985e-06 -5.5523e-05 -0.000326642 -5.25134e-05
0.75 -0.000907082 0.000122593 -6.63751e-06 -5.59091e-05 -0.000420336 -4.95193e-05
0.76 -0.00103684 0.000112388 -7.85143e-06 -5.08833e-05 -0.000481412 -4.22037e-05
0.77 -0.00109228 8.66948e-05 -8.56886e-06 -3.88296e-05 -0.000508163 -2.86993e-05
0.78 -0.00107544 4.3474e-05 -8.82007e-06 -1.88526e-05 -0.000501472 -7.80489e-06
0.79 -0.000994112 -1.78032e-05 -8.67286e-06 9.30071e-06 -0.000464878 2.08796e-05
0.8 -0.000861155 -9.63095e-05 -8.22999e-06 4.52861e-05 -0.000404336 5.69148e-05
0.81 -0.000693298 -0.000189883 -7.61768e-06 8.81321e-05 -0.000327662 9.90589e-05
0.82 -0.00050961 -0.000294877 -6.96813e-06 0.00013616 -0.000243734 0.000145357
0.83 -0.000329663 -0.000406002 -6.40128e-06 0.000186937 -0.00016158 0.000193278
0.84 -0.000171619 -0.000516419 -6.0108e-06 0.000237346 -8.95082e-05 0.000239913
0.85 -5.05703e-05 -0.000618286 -5.85688e-06 0.000283833 -3.44086e-05 0.000282215
0.86 2.25768e-05 -0.000703686 -5.96539e-06 0.000322808 -1.29023e-06 0.000317284
0.87 4.15974e-05 -0.000765695 -6.33154e-06 0.000351104 6.96031e-06 0.000342615
0.88 5.00258e-06 -0.000799263 -6.92547e-06 0.000366394 -1.03451e-05 0.000356306
0.89 -8.40803e-05 -0.000801722 -7.69737e-06 0.000367449 -5.17185e-05 0.000357208
0.9 -0.000218064 -0.000772887 -8.58064e-06 0.000354199 -0.000113586 0.000345009
0.91 -0.000385179 -0.000714833 -9.49334e-06 0.000327618 -0.00019046 0.000320264
0.92 -0.000570075 -0.000631458 -1.03396e-05 0.000289503 -0.000275254 0.000284366
0.93 -0.000754911 -0.000527969 -1.10137e-05 0.000242217 -0.000359764 0.000239429
0.94 -0.000920885 -0.000410397 -1.14076e-05 0.00018849 -0.000435344 0.00018811
0.95 -0.00105 -0.000285224 -1.14235e-05 0.000131266 -0.000493697 0.000133386
0.96 -0.0011268 -0.000159117 -1.09861e-05 7.35864e-05 -0.000527685 7.8302e-05
0.97 -0.00113985 -3.86679e-05 -1.00543e-05 1.84686e-05 -0.000532038 2.57479e-05
0.98 -0.00108271 6.99789e-05 -8.62654e-06 -3.12817e-05 -0.000503851 -2.17594e-05
0.99 -0.000954559 0.000161653 -6.74056e-06 -7.331e-05 -0.000442807 -6.22543e-05
1 -0.000760072 0.00023275 -4.46763e-06 -0.000105974 -0.000351145 -9.44586e-05
1.01 -0.000508989 0.000281705 -1.90381e-06 -0.000128551 -0.000233404 -0.000117857
1.02 -0.000215204 0.000309182 8.38957e-07 -0.000141333 -9.6019e-05 -0.000132695
1.03 0.000104312 0.000317905 3.6401e-06 -0.000145549 5.31509e-05 -0.000139913
1.04 0.000430677 0.00031217 6.37581e-06 -0.000143162 0.000205349 -0.000141008
1.05 0.000744267 0.000297184 8.92346e-06 -0.000136548 0.000351469 -0.00013787
1.06 0.00102595 0.000278358 1.11664e-05 -0.000128176 0.00048265 -0.000132578
1.07 0.00125842 0.000260708 1.30004e-05 -0.000120326 0.000590891 -0.000127201
1.08 0.00142751 0.00024842 1.43411e-05 -0.000114891 0.000669675 -0.000123585
1.09 0.0015235 0.000244597 1.51322e-05 -0.000113274 0.000714514 -0.000123175
1.1 0.00154195 0.000251147 1.53516e-05 -0.000116342 0.000723356 -0.000126874
1.11 0.00148408 0.000268729 1.5015e-05 -0.000124396 0.000696758 -0.000134959
1.12 0.00135659 0.000296713 1.41734e-05 -0.000137155 0.000637813 -0.000147063
1.13 0.0011709 0.000333149 1.29076e-05 -0.000153733 0.000551822 -0.000162215
1.14 0.000942125 0.000374788 1.13188e-05 -0.000172652 0.000445784 -0.000178936
1.15 0.000687689 0.000417258 9.51766e-06 -0.000191922 0.000327769 -0.000195375
1.16 0.000425954 0.000455421 7.61621e-06 -0.000209204 0.000206258 -0.000209489
1.17 0.000174822 0.000483919 5.72031e-06 -0.00022206 8.95164e-05 -0.000219237
1.18 -4.95177e-05 0.000497816 3.92521e-06 -0.000228243 -1.49737e-05 -0.000222778
1.19 -0.000233643 0.000493215 2.31186e-06 -0.000225975 -0.000100995 -0.000218654
1.2 -0.000367748 0.000467717 9.43555e-07 -0.000214167 -0.000163993 -0.000205928
1.21 -0.000446274 0.000420664 -1.37785e-07 -0.000192521 -0.000201385 -0.000184291
1.22 -0.000468301 0.000353141 -9.14933e-07 -0.000161541 -0.000212733 -0.000154094
1.23 -0.000437633 0.000267788 -1.39749e-06 -0.000122436 -0.000199785 -0.000116345
1.24 -0.00036248 0.00016851 -1.62159e-06 -7.6991e-05 -0.000166313 -7.2641e-05
1.25 -0.000254714 6.01308e-05 -1.64646e-06 -2.7405e-05 -0.000117776 -2.50432e-05
1.26 -0.000128749 -5.19312e-05 -1.54795e-06 2.38554e-05 -6.08044e-05 2.40767e-05
1.27 -1.69924e-07 -0.000161995 -1.40979e-06 7.42028e-05 -2.57712e-06 7.22252e-05
1.28 0.000115701 -0.000264448 -1.31418e-06 0.000121079 4.98401e-05 0.000116979
1.29 0.000205134 -0.00035411 -1.33342e-06 0.00016212 9.01165e-05 0.000156169
1.3 0.000257106 -0.000426631 -1.52364e-06 0.00019534 0.000113175 0.000188042
1.31 0.000264122 -0.000478873 -1.92127e-06 0.000219305 0.000115569 0.000211383
1.32 0.000222721 -0.000509228 -2.54159e-06 0.00023328 9.57149e-05 0.000225595
1.33 0.000133664 -0.000517783 -3.37867e-06 0.000237301 5.39672e-05 0.000230724
1.34 1.82055e-06 -0.000506278 -4.40604e-06 0.000232159 -7.42624e-06 0.000227432
1.35 -0.000164212 -0.000477865 -5.57764e-06 0.00021929 -8.4498e-05 0.000216912
1.36 -0.00035274 -0.000436707 -6.8297e-06 0.000200589 -0.000171848 0.000200765
1.37 -0.000549833 -0.000387493 -8.0839e-06 0.000178195 -0.000263039 0.000180849
1.38 -0.000740378 -0.000334966 -9.25236e-06 0.000154269 -0.000351089 0.000159108
1.39 -0.000909289 -0.00028351 -1.02444e-05 0.000130806 -0.00042903 0.000137401
1.4 -0.00104275 -0.000236831 -1.09745e-05 0.000109491 -0.000490483 0.000117341
1.41 -0.00112938 -0.000197737 -1.137e-05 9.16032e-05 -0.000530191 0.000100167
1.42 -0.0011612 -0.000167983 -1.13784e-05 7.79418e-05 -0.00054446 8.66436e-05
1.43 -0.0011342 -0.000148183 -1.0971e-05 6.87904e-05 -0.000531444 7.70226e-05
1.44 -0.00104867 -0.000137781 -1.01457e-05 6.39e-05 -0.000491263 7.10384e-05
1.45 -0.000908995 -0.000135092 -8.92587e-06 6.25077e-05 -0.000425953 6.79607e-05
1.46 -0.000723301 -0.000137448 -7.35798e-06 6.34013e-05 -0.000339269 6.66858e-05
1.47 -0.00050274 -0.000141454 -5.50803e-06 6.50376e-05 -0.000236371 6.58616e-05
1.48 -0.000260652 -0.000143358 -3.45739e-06 6.57098e-05 -0.000123431 6.40337e-05
1.49 -1.15925e-05 -0.000139482 -1.29839e-06 6.37459e-05 -7.18719e-06 5.98011e-05
1.5 0.000229688 -0.00012667 8.70627e-07 5.77102e-05 0.000105527 5.19642e-05
1.51 0.000449279 -0.000102657 2.95075e-06 4.65739e-05 0.000208259 3.96542e-05
1.52 0.000635086 -6.63289e-05 4.84867e-06 2.98326e-05 0.000295391 2.24297e-05
1.53 0.000777683 -1.78276e-05 6.483e-06 7.55513e-06 0.000362534 3.341e-07
1.54 0.000870973 4.14765e-05 7.79018e-06 -1.96298e-05 0.000406835 -2.60915e-05
1.55 0.000912578 0.000109126 8.72904e-06 -5.05992e-05 0.000427165 -5.58407e-05
1.56 0.000903923 0.000181792 9.28328e-06 -8.38349e-05 0.000424147 -8.75166e-05
1.57 0.00084998 0.000255534 9.4615e-06 -0.000117542 0.000400052 -0.000119441
1.58 0.000758725 0.000326086 9.29499e-06 -0.000149776 0.000358538 -0.000149793
1.59 0.000640357 0.000389159 8.83375e-06 -0.000178585 0.000304304 -0.000176755
1.6 0.000506392 0.000440761 8.14144e-06 -0.000202149 0.00024266 -0.000198663
1.61 0.000368709 0.000477515 7.29001e-06 -0.000218929 0.000179097 -0.000214143
1.62 0.000238628 0.000496957 6.3544e-06 -0.000227801 0.000118854 -0.000222224
1.63 0.000126089 0.000497777 5.40764e-06 -0.000228169 6.65383e-05 -0.000222412
1.64 3.89562e-05 0.000479957 4.51618e-06 -0.000220024 2.58058e-05 -0.00021473
1.65 -1.75053e-05 0.000444784 3.73558e-06 -0.000203952 -8.82668e-07 -0.000199712
1.66 -4.09577e-05 0.000394727 3.10668e-06 -0.000181081 -1.2415e-05 -0.000178353
1.67 -3.20989e-05 0.000333188 2.65257e-06 -0.000152961 -9.08081e-06 -0.000152027
1.68 5.46539e-06 0.000264181 2.3769e-06 -0.000121422 7.48508e-06 -0.000122368
1.69 6.55852e-05 0.000191964 2.26382e-06 -8.84074e-05 3.4468e-05 -9.11365e-05
1.7 0.000140144 0.000120697 2.27996e-06 -5.58121e-05 6.81389e-05 -6.00815e-05
1.71 0.000219799 5.41238e-05 2.37806e-06 -2.53433e-05 0.000104197 -3.08012e-05
1.72 0.000294823 -4.67349e-06 2.50201e-06 1.5942e-06 0.000138156 -4.62405e-06
1.73 0.000355947 -5.34652e-05 2.59238e-06 2.39827e-05 0.000165736 1.74837e-05
1.74 0.000395137 -9.09961e-05 2.59202e-06 4.12478e-05 0.00018322 3.49772e-05
1.75 0.000406235 -0.00011704 2.45091e-06 5.32832e-05 0.000187754 4.77533e-05
1.76 0.000385413 -0.000132383 2.13025e-06 6.04428e-05 0.000177556 5.6131e-05
1.77 0.000331428 -0.000138718 1.60541e-06 6.34948e-05 0.000152038 6.07955e-05
1.78 0.000245684 -0.000138461 8.68042e-07 6.35368e-05 0.000111834 6.27115e-05
1.79 0.000132094 -0.000134488 -7.28584e-08 6.18761e-05 5.87438e-05 6.30135e-05
1.8 -3.21862e-06 -0.000129816 -1.19085e-06 5.98856e-05 -4.41048e-06 6.28846e-05
1.81 -0.000152384 -0.000127276 -2.4431e-06 5.88524e-05 -7.39926e-05 6.34331e-05
1.82 -0.000306368 -0.000129203 -3.77275e-06 5.98389e-05 -0.000145821 6.55802e-05
1.83 -0.000455645 -0.000137199 -5.11257e-06 6.35728e-05 -0.000215481 6.99672e-05
1.84 -0.000590913 -0.000151979 -6.38967e-06 7.03786e-05 -0.000278653 7.68912e-05
1.85 -0.00070378 -0.000173322 -7.53101e-06 8.01535e-05 -0.000331432 8.62742e-05
1.86 -0.000787385 -0.00020011 -8.46892e-06 9.23871e-05 -0.000370618 9.76688e-05
1.87 -0.000836872 -0.000230443 -9.14614e-06 0.000106214 -0.000393935 0.000110298
1.88 -0.000849691 -0.000261821 -9.51996e-06 0.000120497 -0.000400176 0.000123125
1.89 -0.000825718 -0.000291362 -9.56491e-06 0.000133923 -0.000389255 0.000134953
1.9 -0.000767166 -0.000316045 -9.27427e-06 0.000145118 -0.000362174 0.000144531
1.91 -0.000678348 -0.000332974 -8.66012e-06 0.000152765 -0.000320912 0.000150674
1.92 -0.000565294 -0.000339644 -7.7524e-06 0.000155723 -0.000268251 0.000152375
1.93 -0.000435275 -0.000334176 -6.59689e-06 0.000153138 -0.000207556 0.000148896
1.94 -0.000296266 -0.000315517 -5.25237e-06 0.000144533 -0.000142528 0.000139847
1.95 -0.000156385 -0.000283572 -3.7869e-06 0.000129864 -7.69448e-05 0.000125226
1.96 -2.33329e-05 -0.000239238 -2.27348e-06 0.000109543 -1.43979e-05 0.00010543
1.97 9.6114e-05 -0.000184352 -7.85254e-07 8.44083e-05 4.19412e-05 8.1229e-05
1.98 0.00019654 -0.000121541 6.09441e-07 5.56589e-05 8.95258e-05 5.37128e-05
1.99 0.000274208 -5.40024e-05 1.85165e-06 2.47544e-05 0.000126585 2.42057e-05
2 0.000327246 1.47568e-05 2.89561e-06 -6.70638e-06 0.000152208 -5.83374e-06
2.01 0.000355671 8.12038e-05 3.71135e-06 -3.71121e-05 0.000166367 -3.49247e-05
2.02 0.000361268 0.000142046 4.28593e-06 -6.49613e-05 0.000169855 -6.1677e-05
2.03 0.000347337 0.000194467 4.62329e-06 -8.89697e-05 0.000164173 -8.48938e-05
2.04 0.000318336 0.000236319 4.74282e-06 -0.000108157 0.00015137 -0.000103658
2.05 0.000279459 0.000266252 4.67694e-06 -0.000121907 0.000133841 -0.000117391
2.06 0.000236188 0.000283798 4.46794e-06 -0.000130004 0.000114127 -0.000125886
2.07 0.000193857 0.000289367 4.16437e-06 -0.000132634 9.47091e-05 -0.000129306
2.08 0.000157256 0.000284194 3.81709e-06 -0.000130357 7.78207e-05 -0.000128152
2.09 0.000130284 0.0002702 3.47534e-06 -0.000124047 6.52913e-05 -0.000123205
2.1 0.000115696 0.000249804 3.18285e-06 -0.000114805 5.84215e-05 -0.000115443
2.11 0.000114924 0.000225683 2.97442e-06 -0.000103849 5.79009e-05 -0.000105947
2.12 0.000128011 0.000200515 2.87308e-06 -9.2399e-05 6.37743e-05 -9.58001e-05
2.13 0.000153649 0.00017673 2.88834e-06 -8.15619e-05 7.54561e-05 -8.59896e-05
2.14 0.00018932 0.000156288 3.01551e-06 -7.2231e-05 9.17949e-05 -7.73225e-05
2.15 0.00023153 0.000140524 3.23634e-06 -6.50141e-05 0.000111181 -7.03587e-05
2.16 0.000276116 0.000130051 3.52081e-06 -6.01914e-05 0.000131686 -6.537e-05
2.17 0.000318597 0.000124743 3.82998e-06 -5.77061e-05 0.000151231 -6.2327e-05
2.18 0.000354533 0.000123783 4.11941e-06 -5.71871e-05 0.000167745 -6.09144e-05
2.19 0.000379867 0.000125768 4.34301e-06 -5.79976e-05 0.000179333 -6.05733e-05
2.2 0.000391225 0.000128869 4.4568e-06 -5.93054e-05 0.000184413 -6.05655e-05
2.21 0.000386147 0.000131011 4.42257e-06 -6.01685e-05 0.000181826 -6.00543e-05
2.22 0.000363251 0.000130089 4.21095e-06 -5.96301e-05 0.000170915 -5.81938e-05
2.23 0.000322324 0.000124178 3.80396e-06 -5.68154e-05 0.000151565 -5.42187e-05
2.24 0.000264321 0.000111734 3.1968e-06 -5.1023e-05 0.000124211 -4.75261e-05
2.25 0.000191307 9.1765e-05 2.3987e-06 -4.18029e-05 8.98076e-05 -3.77426e-05
2.26 0.000106317 6.3951e-05 1.43283e-06 -2.90115e-05 4.97679e-05 -2.47693e-05
2.27 1.31593e-05 2.87056e-05 3.35088e-07 -1.28389e-05 5.86911e-06 -8.80317e-06
2.28 -8.38362e-05 -1.28367e-05 -8.48067e-07 6.1963e-06 -3.98607e-05 9.6698e-06
2.29 -0.000180093 -5.89013e-05 -2.06269e-06 2.72841e-05 -8.52742e-05 2.99064e-05
2.3 -0.000271081 -0.000107215 -3.25102e-06 4.93875e-05 -0.000128241 5.09616e-05
2.31 -0.000352596 -0.000155194 -4.35542e-06 7.13279e-05 -0.00016678 7.17623e-05
2.32 -0.00042101 -0.000200152 -5.32231e-06 9.18812e-05 -0.000199176 9.11916e-05
2.33 -0.000473465 -0.00023952 -6.10563e-06 0.000109876 -0.000224075 0.000108179
2.34 -0.000508022 -0.000271046 -6.66981e-06 0.000124286 -0.000240551 0.000121783
2.35 -0.000523731 -0.00029297 -6.99186e-06 0.00013431 -0.000248146 0.000131268
2.36 -0.000520655 -0.000304155 -7.06264e-06 0.000139429 -0.000246877 0.000136162
2.37 -0.000499822 -0.000304168 -6.88717e-06 0.000139445 -0.000237216 0.000136285
2.38 -0.000463133 -0.000293311 -6.4841e-06 0.000134497 -0.000220051 0.000131768
2.39 -0.00041322 -0.000272586 -5.88423e-06 0.00012504 -0.000196616 0.000123029
2.4 -0.000353269 -0.000243608 -5.12826e-06 0.000111811 -0.000168406 0.000110739
2.41 -0.000286812 -0.000208462 -4.26384e-06 9.57591e-05 -0.000137086 9.57622e-05
2.42 -0.000217504 -0.00016953 -3.34215e-06 7.79707e-05 -0.000104377 7.90825e-05
2.43 -0.000148898 -0.000129283 -2.41433e-06 5.95724e-05 -7.19578e-05 6.17214e-05
2.44 -8.42317e-05 -9.00796e-05 -1.52789e-06 4.16393e-05 -4.1357e-05 4.46566e-05
2.45 -2.62464e-05 -5.39756e-05 -7.23564e-07 2.51091e-05 -1.38713e-05 2.87464e-05
2.46 2.29593e-05 -2.25699e-05 -3.28054e-08 1.07114e-05 9.50553e-06 1.46668e-05
2.47 6.20247e-05 3.10191e-06 5.23963e-07 -1.08062e-06 2.81277e-05 2.86605e-06
2.48 9.03717e-05 2.26192e-05 9.38149e-07 -1.00739e-05 4.17188e-05 -6.45824e-06
2.49 0.000108198 3.61722e-05 1.2129e-06 -1.63535e-05 5.03688e-05 -1.33601e-05
2.5 0.000116425 4.45046e-05 1.36218e-06 -2.02563e-05 5.45088e-05 -1.8123e-05
2.51 0.000116598 4.88111e-05 1.40904e-06 -2.23246e-05 5.48648e-05 -2.12179e-05
2.52 0.000110756 5.05981e-05 1.38338e-06 -2.32426e-05 5.23957e-05 -2.32455e-05
2.53 0.000101274 5.15223e-05 1.3192e-06 -2.37632e-05 4.82162e-05 -2.48678e-05
2.54 9.06733e-05 5.32171e-05 1.25158e-06 -2.46286e-05 4.35115e-05 -2.67367e-05
2.55 8.14387e-05 5.7124e-05 1.21364e-06 -2.6494e-05 3.94463e-05 -2.9424e-05
2.56 7.58238e-05 6.43432e-05 1.2337e-06 -2.98591e-05 3.70756e-05 -3.33618e-05
2.57 7.56787e-05 7.55162e-05 1.33277e-06 -3.50152e-05 3.7263e-05 -3.87958e-05
2.58 8.23039e-05 9.07546e-05 1.52273e-06 -4.2012e-05 4.06117e-05 -4.57578e-05
2.59 9.63433e-05 0.00010962 1.80526e-06 -5.06491e-05 4.74152e-05 -5.40587e-05
2.6 0.000117725 0.000131157 2.17162e-06 -6.04914e-05 5.763e-05 -6.33023e-05
2.61 0.000145655 0.000153981 2.60329e-06 -7.0907e-05 7.0873e-05 -7.29189e-05
2.62 0.000178659 0.0001764 3.07347e-06 -8.11252e-05 8.64432e-05 -8.22151e-05
2.63 0.000214679 0.000196567 3.54906e-06 -9.03055e-05 0.000103367 -9.04354e-05
2.64 0.000251206 0.00021265 3.99333e-06 -9.76137e-05 0.00012046 -9.68304e-05
2.65 0.000285447 0.000222995 4.36863e-06 -0.000102297 0.00013641 -0.000100724
2.66 0.00031452 0.000226273 4.63935e-06 -0.00010375 0.000149867 -0.000101578
2.67 0.000335656 0.000221601 4.77464e-06 -0.000101572 0.000159537 -9.90365e-05
2.68 0.000346404 0.000208627 4.75083e-06 -9.56047e-05 0.00016428 -9.29683e-05
2.69 0.000344824 0.00018757 4.5534e-06 -8.5947e-05 0.000163197 -8.34773e-05
2.7 0.000329641 0.000159209 4.17828e-06 -7.29559e-05 0.000155707 -7.09008e-05
2.71 0.000300376 0.000124834 3.63242e-06 -5.72198e-05 0.000141601 -5.5785e-05
2.72 0.000257409 8.61456e-05 2.93356e-06 -3.95144e-05 0.000121076 -3.88445e-05
2.73 0.000201989 4.51231e-05 2.10919e-06 -2.07426e-05 9.47334e-05 -2.09076e-05
2.74 0.000136189 3.87021e-06 1.19477e-06 -1.86409e-06 6.35596e-05 -2.8527e-06
2.75 6.27879e-05 -3.55495e-05 2.31469e-07 1.618e-05 2.88695e-05 1.4458e-05
2.76 -1.48833e-05 -7.12709e-05 -7.3659e-07 3.25389e-05 -7.76859e-06 3.0243e-05
2.77 -9.3149e-05 -0.000101765 -1.6652e-06 4.65146e-05 -4.46286e-05 4.38573e-05
2.78 -0.000168217 -0.000125943 -2.51291e-06 5.76104e-05 -7.99346e-05 5.48365e-05
2.79 -0.000236419 -0.000143224 -3.24363e-06 6.55601e-05 -0.000111973 6.29241e-05
2.8 -0.000294451 -0.000153552 -3.82879e-06 7.03371e-05 -0.000139206 6.80809e-05
2.81 -0.000339588 -0.000157373 -4.24901e-06 7.21438e-05 -0.000160367 7.04761e-05
2.82 -0.000369867 -0.000155571 -4.49505e-06 7.13814e-05 -0.000174552 7.04607e-05
2.83 -0.00038422 -0.000149367 -4.56816e-06 6.8605e-05 -0.000181272 6.85263e-05
2.84 -0.000382547 -0.000140193 -4.47955e-06 6.44664e-05 -0.000180495 6.52538e-05
2.85 -0.000365721 -0.000129556 -4.24935e-06 5.96512e-05 -0.000172638 6.12551e-05
2.86 -0.000335527 -0.000118894 -3.90482e-06 5.48141e-05 -0.000158544 5.71157e-05
2.87 -0.000294528 -0.000109446 -3.47816e-06 5.05191e-05 -0.000139416 5.334e-05
2.88 -0.000245882 -0.000102141 -3.00399e-06 4.71893e-05 -0.00011673 5.03078e-05
2.89 -0.000193115 -9.7521e-05 -2.51677e-06 4.50714e-05 -9.21303e-05 4.82419e-05
2.9 -0.000139858 -9.56986e-05 -2.04825e-06 4.42176e-05 -6.73067e-05 4.71932e-05
2.91 -8.95902e-05 -9.63627e-05 -1.6253e-06 4.44865e-05 -4.38747e-05 4.70409e-05
2.92 -4.53868e-05 -9.88196e-05 -1.26815e-06 4.55627e-05 -2.32581e-05 4.75101e-05
2.93 -9.69808e-06 -0.000102073 -9.89177e-07 4.69935e-05 -6.58837e-06 4.82036e-05
2.94 1.58221e-05 -0.000104932 -7.92369e-07 4.82371e-05 5.37496e-06 4.8645e-05
2.95 3.0429e-05 -0.000106133 -6.73425e-07 4.87193e-05 1.22953e-05 4.83288e-05
2.96 3.43302e-05 -0.000104472 -6.20474e-07 4.78927e-05 1.42783e-05 4.67743e-05
2.97 2.86571e-05 -9.89255e-05 -6.15374e-07 4.52929e-05 1.18567e-05 4.35758e-05
2.98 1.53628e-05 -8.87608e-05 -6.35467e-07 4.0587e-05 5.9425e-06 3.8447e-05
2.99 -2.94339e-06 -7.36134e-05 -6.55673e-07 3.36103e-05 -2.25069e-06 3.1254e-05
3 -2.32152e-05 -5.35368e-05 -6.50747e-07 2.43886e-05 -1.13103e-05 2.20349e-05
3.01 -4.22252e-05 -2.90138e-05 -5.97543e-07 1.31428e-05 -1.97436e-05 1.10043e-05
3.02 -5.68361e-05 -9.29665e-07 -4.7709e-07 2.77306e-07 -2.61034e-05 -1.45881e-06
3.03 -6.42683e-05 2.94898e-05 -2.7632e-07 -1.36484e-05 -2.91118e-05 -1.4837e-05
3.04 -6.23393e-05 6.0771e-05 1.06783e-08 -2.79624e-05 -2.77706e-05 -2.85128e-05
3.05 -4.96585e-05 9.1308e-05 3.81994e-07 -4.1932e-05 -2.14509e-05 -4.18157e-05
3.06 -2.57599e-05 0.000119489 8.27842e-07 -5.48223e-05 -9.95318e-06 -5.40746e-05
3.07 8.83666e-06 0.000143823 1.33113e-06 -6.59539e-05 6.46511e-06 -6.46691e-05
3.08 5.26426e-05 0.00016306 1.86859e-06 -7.47562e-05 2.70988e-05 -7.30776e-05
3.09 0.000103293 0.000176281 2.41238e-06 -8.08103e-05 5.0839e-05 -7.89164e-05
3.1 0.000157712 0.000182968 2.932e-06 -8.38801e-05 7.62498e-05 -8.19672e-05
3.11 0.000212332 0.000183035 3.39651e-06 -8.39262e-05 0.000101672 -8.21905e-05
3.12 0.000263361 0.000176824 3.77666e-06 -8.11046e-05 0.000125346 -7.97248e-05
3.13 0.000307067 0.000165069 4.04706e-06 -7.57486e-05 0.000145544 -7.48708e-05
3.14 0.000340068 0.000148822 4.18799e-06 -6.83379e-05 0.000160704 -6.80622e-05
3.15 0.000359593 0.000129361 4.18683e-06 -5.9455e-05 0.000169551 -5.98277e-05
3.16 0.000363708 0.000108081 4.03904e-06 -4.97355e-05 0.0001712 -5.07449e-05
3.17 0.000351474 8.63769e-05 3.74854e-06 -3.98149e-05 0.00016523 -4.13923e-05
3.18 0.000323035 6.55286e-05 3.32744e-06 -3.0277e-05 0.000151719 -3.23026e-05
3.19 0.000279622 4.66027e-05 2.79528e-06 -2.16083e-05 0.000131254 -2.3922e-05
3.2 0.000223478 3.03737e-05 2.17766e-06 -1.41623e-05 0.000104884 -1.65784e-05
3.21 0.000157701 1.72747e-05 1.5046e-06 -8.13726e-06 7.40565e-05 -1.04605e-05
3.22 8.60303e-05 7.37968e-06 8.08451e-07 -3.56783e-06 4.05117e-05 -5.61155e-06
3.23 1.25753e-05 4.20018e-07 1.21854e-07 -3.32698e-07 6.15995e-06 -1.93472e-06
3.24 -5.84749e-05 -4.16874e-06 -5.24409e-07 1.82414e-06 -2.70549e-05 7.87433e-07
3.25 -0.000123153 -7.17385e-06 -1.10332e-06 3.26013e-06 -5.7294e-05 2.8638e-06
3.26 -0.000177998 -9.51392e-06 -1.59324e-06 4.39254e-06 -8.29544e-05 4.65755e-06
3.27 -0.000220295 -1.21377e-05 -1.97914e-06 5.65238e-06 -0.000102782 6.54484e-06
3.28 -0.000248267 -1.59223e-05 -2.2533e-06 7.4381e-06 -0.000115955 8.87318e-06
3.29 -0.000261184 -2.15803e-05 -2.41551e-06 1.00732e-05 -0.000122141 1.19233e-05
3.3 -0.000259404 -2.95836e-05 -2.47271e-06 1.37718e-05 -0.000121508 1.58778e-05
3.31 -0.000244316 -4.01101e-05 -2.43812e-06 1.86141e-05 -0.0001147 2.07996e-05
3.32 -0.000218216 -5.30193e-05 -2.32993e-06 2.45353e-05 -0.000102784 2.66221e-05
3.33 -0.000184112 -6.78565e-05 -2.16972e-06 3.13279e-05 -8.7151e-05 3.31511e-05
3.34 -0.00014547 -8.38877e-05 -1.98059e-06 3.86571e-05 -6.94038e-05 4.00796e-05
3.35 -0.000105933 -0.00010016 -1.7853e-06 4.60885e-05 -5.1227e-05 4.70122e-05
3.36 -6.90346e-05 -0.000115582 -1.60451e-06 5.31251e-05 -3.42509e-05 5.34992e-05
3.37 -3.79104e-05 -0.00012902 -1.45517e-06 5.92504e-05 -1.99229e-05 5.90749e-05
3.38 -1.50607e-05 -0.000139397 -1.34933e-06 6.39737e-05 -9.39479e-06 6.3298e-05
3.39 -2.15569e-06 -0.000145786 -1.2933e-06 6.68733e-05 -3.43453e-06 6.57907e-05
3.4 8.64485e-08 -0.000147494 -1.28732e-06 6.76338e-05 -2.36991e-06 6.6272e-05
3.41 -8.05424e-06 -0.000144125 -1.32569e-06 6.60749e-05 -6.06786e-06 6.45836e-05
3.42 -2.53346e-05 -0.000135614 -1.39736e-06 6.21675e-05 -1.3951e-05 6.07045e-05
3.43 -4.96608e-05 -0.000122237 -1.487e-06 5.60387e-05 -2.505e-05 5.47554e-05
3.44 -7.82687e-05 -0.000104595 -1.57633e-06 4.79619e-05 -3.80871e-05 4.69903e-05
3.45 -0.000107959 -8.35628e-05 -1.64572e-06 3.83366e-05 -5.15851e-05 3.77774e-05
3.46 -0.000135363 -6.02238e-05 -1.6759e-06 2.7657e-05 -6.39909e-05 2.7571e-05
3.47 -0.000157231 -3.57848e-05 -1.64961e-06 1.64734e-05 -7.38061e-05 1.68767e-05
3.48 -0.000170696 -1.14826e-05 -1.55314e-06 5.35004e-06 -7.97125e-05 6.21257e-06
3.49 -0.000173521 1.151e-05 -1.37753e-06 -5.17817e-06 -8.06831e-05 -3.92934e-06
3.5 -0.000164285 3.21714e-05 -1.11949e-06 -1.4645e-05 -7.60692e-05 -1.31191e-05
3.51 -0.000142512 4.97035e-05 -7.81811e-07 -2.26862e-05 -6.56585e-05 -2.10185e-05
3.52 -0.000108715 6.35835e-05 -3.73358e-07 -2.90627e-05 -4.96972e-05 -2.74022e-05
3.53 -6.43747e-05 7.35913e-05 9.14018e-08 -3.36733e-05 -2.8877e-05 -3.21694e-05
3.54 -1.1831e-05 7.98092e-05 5.93281e-07 -3.65549e-05 -4.28647e-06 -3.53435e-05
3.55 4.58879e-05 8.2597e-05 1.10962e-06 -3.78705e-05 2.26686e-05 -3.70626e-05
3.56 0.00010529 8.25433e-05 1.61575e-06 -3.78875e-05 5.03692e-05 -3.75592e-05
3.57 0.000162681 8.03982e-05 2.08671e-06 -3.69469e-05 7.7104e-05 -3.71331e-05
3.58 0.000214441 7.69947e-05 2.49884e-06 -3.54275e-05 0.000101197 -3.61198e-05
3.59 0.000257294 7.31662e-05 2.83142e-06 -3.37085e-05 0.000121133 -3.48558e-05
3.6 0.000288552 6.96655e-05 3.06803e-06 -3.21323e-05 0.000135668 -3.36459e-05
3.61 0.00030631 6.70949e-05 3.19763e-06 -3.09731e-05 0.000143923 -3.27348e-05
3.62 0.000309586 6.58521e-05 3.21524e-06 -3.04119e-05 0.000145444 -3.22842e-05
3.63 0.000298379 6.60967e-05 3.12222e-06 -3.05213e-05 0.000140233 -3.23594e-05
3.64 0.000273664 6.77393e-05 2.92608e-06 -3.12607e-05 0.000128742 -3.29251e-05
3.65 0.000237306 7.04553e-05 2.63989e-06 -3.24827e-05 0.000111836 -3.38508e-05
3.66 0.000191909 7.37208e-05 2.28128e-06 -3.39488e-05 9.07202e-05 -3.49257e-05
3.67 0.000140612 7.68672e-05 1.87122e-06 -3.5355e-05 6.68483e-05 -3.5881e-05
3.68 8.6846e-05 7.91493e-05 1.4325e-06 -3.63625e-05 4.18095e-05 -3.64174e-05
3.69 3.40778e-05 7.98213e-05 9.88202e-07 -3.66321e-05 1.72092e-05 -3.62365e-05
3.7 -1.44504e-05 7.82122e-05 5.6017e-07 -3.5859e-05 -5.45059e-06 -3.50712e-05
3.71 -5.59546e-05 7.37952e-05 1.67575e-07 -3.38038e-05 -2.48792e-05 -3.27142e-05
3.72 -8.83043e-05 6.6244e-05 -1.74243e-07 -3.03187e-05 -4.0088e-05 -2.90407e-05
3.73 -0.000110164 5.54707e-05 -4.54647e-07 -2.53646e-05 -5.04551e-05 -2.40241e-05
3.74 -0.000121067 4.16439e-05 -6.68202e-07 -1.90188e-05 -5.57609e-05 -1.7743e-05
3.75 -0.000121426 2.51826e-05 -8.14777e-07 -1.14731e-05 -5.61909e-05 -1.0379e-05
3.76 -0.000112466 6.7296e-06 -8.99252e-07 -3.02088e-06 -5.23073e-05 -2.20537e-06
3.77 -9.61053e-05 -1.28953e-05 -9.30852e-07 5.96374e-06 -4.49917e-05 6.43236e-06
3.78 -7.47731e-05 -3.27571e-05 -9.22184e-07 1.50542e-05 -3.53633e-05 1.51416e-05
3.79 -5.12012e-05 -5.18768e-05 -8.88034e-07 2.3804e-05 -2.46809e-05 2.35125e-05
3.8 -2.81894e-05 -6.93072e-05 -8.44041e-07 3.17811e-05 -1.42356e-05 3.11488e-05
3.81 -8.37335e-06 -8.42047e-05 -8.05334e-07 3.86009e-05 -5.24316e-06 3.76977e-05
3.82 5.99044e-06 -9.58928e-05 -7.85254e-07 4.39546e-05 1.255e-06 4.28756e-05
3.83 1.32049e-05 -0.000103911 -7.94239e-07 4.76322e-05 4.47537e-06 4.64884e-05
3.84 1.22643e-05 -0.000108044 -8.38959e-07 4.95355e-05 3.95332e-06 4.84439e-05
3.85 2.92863e-06 -0.000108334 -9.21775e-07 4.9683e-05 -4.22521e-07 4.87556e-05
3.86 -1.42649e-05 -0.000105066 -1.04054e-06 4.82044e-05 -8.40478e-06 4.7538e-05
3.87 -3.80533e-05 -9.87372e-05 -1.18876e-06 4.53263e-05 -1.94109e-05 4.4994e-05
3.88 -6.65565e-05 -9.0009e-05 -1.35611e-06 4.13497e-05 -3.25733e-05 4.13948e-05
3.89 -9.74347e-05 -7.96465e-05 -1.52927e-06 3.66233e-05 -4.68118e-05 3.70551e-05
3.9 -0.00012808 -6.84513e-05 -1.69295e-06 3.15123e-05 -6.09222e-05 3.2306e-05
3.91 -0.000155828 -5.71934e-05 -1.83113e-06 2.63675e-05 -7.36743e-05 2.74665e-05
3.92 -0.000178174 -4.65489e-05 -1.92833e-06 2.14973e-05 -8.391e-05 2.2818e-05
3.93 -0.000192966 -3.70476e-05 -1.97088e-06 1.71432e-05 -9.06363e-05 1.85831e-05
3.94 -0.000198583 -2.90358e-05 -1.948e-06 1.34635e-05 -9.31031e-05 1.49095e-05
3.95 -0.000194053 -2.26567e-05 -1.85273e-06 1.0524e-05 -9.08618e-05 1.18628e-05
3.96 -0.000179135 -1.78501e-05 -1.68254e-06 8.29771e-06 -8.38004e-05 9.42551e-06
3.97 -0.000154331 -1.43706e-05 -1.43969e-06 6.67364e-06 -7.21518e-05 7.50471e-06
3.98 -0.000120849 -1.18226e-05 -1.13109e-06 5.47229e-06 -5.64755e-05 5.94648e-06
3.99 -8.05129e-05 -9.709e-06 -7.68045e-07 4.46783e-06 -3.76151e-05 4.55534e-06
4 -3.56179e-05 -7.48739e-06 -3.65453e-07 3.414e-06 -1.66344e-05 3.11747e-06
