0.01 7.86356e-07 -6.86661e-07 -7.79184e-09 1.62718e-07 2.3017e-07 -3.27639e-06
0.02 7.23727e-06 -6.3774e-06 -7.52956e-08 1.42963e-06 1.95879e-06 -1.72715e-05
0.03 3.33927e-05 -2.95484e-05 -3.50249e-07 6.17381e-06 8.25457e-06 -4.99127e-05
0.04 0.000104433 -9.25333e-05 -1.06976e-06 1.78587e-05 2.33641e-05 -0.000107659
0.05 0.000252098 -0.000223155 -2.48259e-06 3.98973e-05 5.10969e-05 -0.000193151
0.06 0.000505577 -0.000445667 -4.79359e-06 7.50812e-05 9.43729e-05 -0.000307023
0.07 0.000881729 -0.000770625 -8.14896e-06 0.00012557 0.00015604 -0.000447695
0.08 0.00137714 -0.00118719 -1.25738e-05 0.000191757 0.000238241 -0.000608882
0.09 0.00196484 -0.00166106 -1.7852e-05 0.000269703 0.000339175 -0.000781922
0.1 0.00259814 -0.00214051 -2.34629e-05 0.000349874 0.000450221 -0.000954716
0.11 0.00322235 -0.00257001 -2.87149e-05 0.000420131 0.00055798 -0.0011142
0.12 0.00379023 -0.00290595 -3.30621e-05 0.000471824 0.000651363 -0.00124911
0.13 0.00427211 -0.00312611 -3.63323e-05 0.000503636 0.000727221 -0.0013483
0.14 0.00465443 -0.00322794 -3.86331e-05 0.00051913 0.000788595 -0.00140326
0.15 0.00492872 -0.00321826 -4.00415e-05 0.000520491 0.00083695 -0.00140718
0.16 0.00507975 -0.00310266 -4.03876e-05 0.00050521 0.000866454 -0.00135559
0.17 0.00508263 -0.00288158 -3.93435e-05 0.000469172 0.000866818 -0.00124964
0.18 0.0049091 -0.00255331 -3.67159e-05 0.000412171 0.000831292 -0.00109387
0.19 0.00453727 -0.0021196 -3.25871e-05 0.000339091 0.000761009 -0.000897279
0.2 0.00395936 -0.00159035 -2.71646e-05 0.000255401 0.00066133 -0.000671405
0.21 0.00318558 -0.000987517 -2.0593e-05 0.000162987 0.000535059 -0.000427837
0.22 0.00224715 -0.000348292 -1.29885e-05 6.22464e-05 0.000381695 -0.000180286
0.23 0.00119709 0.000275485 -4.68118e-06 -4.15604e-05 0.000203993 5.79363e-05
0.24 0.000104361 0.000826142 3.63005e-06 -0.00013588 1.38865e-05 0.000273774
0.25 -0.000959566 0.00125649 1.11047e-05 -0.000207007 -0.000170042 0.000455464
0.26 -0.00193741 0.00154507 1.72164e-05 -0.000249609 -0.000332773 0.000596272
0.27 -0.00279478 0.00170009 2.1964e-05 -0.000269684 -0.000470271 0.000692554
0.28 -0.00351501 0.00174905 2.56527e-05 -0.000277597 -0.000586567 0.000744865
0.29 -0.00408589 0.00172232 2.84734e-05 -0.000278573 -0.000684087 0.000756981
0.3 -0.00448838 0.00164189 3.02758e-05 -0.000270493 -0.000757034 0.00073395
0.31 -0.00469695 0.00152073 3.07636e-05 -0.000250344 -0.000794765 0.000684731
0.32 -0.00468985 0.00136841 2.98447e-05 -0.000221021 -0.00079065 0.000619855
0.33 -0.00446065 0.00119638 2.77242e-05 -0.000190491 -0.000746966 0.000551029
0.34 -0.00402577 0.00102021 2.47353e-05 -0.000164933 -0.000672348 0.000490114
0.35 -0.00342478 0.000860781 2.11621e-05 -0.000144684 -0.000575554 0.000445231
0.36 -0.00271661 0.000745283 1.72419e-05 -0.000128003 -0.000463084 0.000422641
0.37 -0.00197278 0.000704441 1.33411e-05 -0.000117748 -0.000342054 0.000425559
0.38 -0.00126612 0.000762778 1.00098e-05 -0.000122134 -0.000223061 0.000454183
0.39 -0.000658381 0.000924934 7.73845e-06 -0.00014749 -0.000119148 0.000507066
0.4 -0.000189797 0.00116744 6.68462e-06 -0.000190574 -4.07158e-05 0.000577964
0.41 0.000123836 0.00144358 6.62671e-06 -0.000238994 8.57321e-06 0.000657944
0.42 0.000284437 0.00169961 7.15369e-06 -0.000279571 3.1139e-05 0.00073615
0.43 0.000301611 0.00189218 7.95646e-06 -0.000306123 3.18068e-05 0.000800525
0.44 0.00018412 0.00199704 8.95025e-06 -0.000319565 1.36631e-05 0.000841591
0.45 -6.14227e-05 0.00200714 1.01473e-05 -0.00032194 -2.31753e-05 0.000850545
0.46 -0.000423764 0.00192514 1.15207e-05 -0.000311915 -7.94656e-05 0.0008205
0.47 -0.000877825 0.00175652 1.29498e-05 -0.000286198 -0.000153415 0.000747424
0.48 -0.00137673 0.00150534 1.41878e-05 -0.000243754 -0.000237118 0.000629298
0.49 -0.00185232 0.00117255 1.48906e-05 -0.000187064 -0.000316395 0.000469664
0.5 -0.00222611 0.000757084 1.46716e-05 -0.000119235 -0.000374981 0.000275808
0.51 -0.00242583 0.000261385 1.31763e-05 -4.11756e-05 -0.000400546 5.78093e-05
0.52 -0.00240204 -0.000300053 1.02474e-05 4.71723e-05 -0.00038882 -0.000171638
0.53 -0.0021356 -0.000894061 6.01157e-06 0.000142766 -0.000341432 -0.000400633
0.54 -0.00163536 -0.00147014 7.74723e-07 0.000237344 -0.000260506 -0.000616103
0.55 -0.00093153 -0.00197122 -5.09287e-06 0.000319837 -0.000146348 -0.000805084
0.56 -6.7665e-05 -0.00234905 -1.12089e-05 0.00038109 -5.92694e-07 -0.000956561
0.57 0.00090442 -0.00257652 -1.72002e-05 0.000416936 0.00016807 -0.00106108
0.58 0.00192994 -0.00265193 -2.2692e-05 0.000428097 0.000344083 -0.0011146
0.59 0.00295662 -0.00259457 -2.74001e-05 0.000418371 0.000512565 -0.00111701
0.6 0.0039348 -0.00243475 -3.12656e-05 0.000392854 0.000666344 -0.00107133
0.61 0.00481252 -0.0022026 -3.43447e-05 0.000356416 0.00080493 -0.000984314
0.62 0.00552769 -0.00191999 -3.65475e-05 0.000312212 0.00092456 -0.000863733
0.63 0.00600775 -0.00159921 -3.75184e-05 0.000261272 0.00101073 -0.000720543
0.64 0.00618454 -0.00124865 -3.67634e-05 0.00020414 0.0010431 -0.000567741
0.65 0.00601575 -0.000881872 -3.40164e-05 0.00014351 0.00100889 -0.000417896
0.66 0.00550188 -0.000523591 -2.95295e-05 8.51193e-05 0.000912711 -0.000283384
0.67 0.0046859 -0.000208379 -2.39109e-05 3.56279e-05 0.000771986 -0.000172563
0.68 0.0036374 2.73772e-05 -1.77434e-05 -3.747e-07 0.000603018 -9.08746e-05
0.69 0.00243609 0.000155895 -1.13979e-05 -2.10153e-05 0.000412978 -4.15615e-05
0.7 0.0011614 0.000166533 -5.09843e-06 -2.54045e-05 0.000204456 -2.40377e-05
0.71 -0.000109579 7.03847e-05 8.62788e-07 -1.28824e-05 -1.30995e-05 -3.58868e-05
0.72 -0.00130335 -0.000100088 6.06149e-06 1.45996e-05 -0.000219888 -7.0462e-05
0.73 -0.00235595 -0.000297665 1.02127e-05 4.95556e-05 -0.000395337 -0.000117747
0.74 -0.00321607 -0.000473199 1.33691e-05 8.03381e-05 -0.000529508 -0.000167159
0.75 -0.00384335 -0.000590296 1.57426e-05 9.75461e-05 -0.000624649 -0.000207152
0.76 -0.00420259 -0.000633923 1.7394e-05 9.97704e-05 -0.000684449 -0.000228714
0.77 -0.00426235 -0.000607294 1.80656e-05 9.23831e-05 -0.000703519 -0.000224493
0.78 -0.0040073 -0.000519498 1.73697e-05 8.01178e-05 -0.000670164 -0.00018822
0.79 -0.00345509 -0.000373499 1.52599e-05 6.11482e-05 -0.000579098 -0.000117236
0.8 -0.00266629 -0.000163223 1.2222e-05 2.90154e-05 -0.00044194 -1.11813e-05
0.81 -0.00173737 0.000119658 8.98503e-06 -1.99218e-05 -0.000283912 0.000125492
0.82 -0.000777627 0.000476001 6.15298e-06 -8.20412e-05 -0.00012968 0.000284051
0.83 0.000112971 0.000893254 4.01107e-06 -0.000149754 6.88393e-06 0.000454395
0.84 0.000856792 0.00134447 2.60486e-06 -0.000217937 0.000121872 0.000624265
0.85 0.00140006 0.00178985 1.99691e-06 -0.000285308 0.000212105 0.000782217
0.86 0.0017077 0.0021802 2.29148e-06 -0.000349119 0.00026878 0.000916938
0.87 0.00176168 0.00246507 3.44491e-06 -0.000400315 0.000281227 0.00101683
0.88 0.00155954 0.00260625 5.24612e-06 -0.000426618 0.000244549 0.00107334
0.89 0.0011133 0.00259082 7.44417e-06 -0.000421692 0.000163821 0.00108024
0.9 0.000448775 0.00243437 9.89161e-06 -0.000390656 5.0441e-05 0.0010362
0.91 -0.000395694 0.00217062 1.26235e-05 -0.000345447 -8.53827e-05 0.000944657
0.92 -0.00136471 0.001834 1.56665e-05 -0.000294558 -0.000237084 0.000811118
0.93 -0.00238142 0.00144757 1.87837e-05 -0.00023776 -0.000398461 0.000644566
0.94 -0.00334848 0.00102325 2.15089e-05 -0.000170782 -0.000557619 0.000455259
0.95 -0.00415678 0.000570816 2.33051e-05 -9.38826e-05 -0.000694608 0.000255308
0.96 -0.0047056 0.000106694 2.37143e-05 -1.4546e-05 -0.000787024 5.90715e-05
0.97 -0.004923 -0.000343461 2.25276e-05 5.7901e-05 -0.000818605 -0.000120729
0.98 -0.00477903 -0.000747195 1.97933e-05 0.000118643 -0.000785921 -0.000272681
0.99 -0.00428684 -0.00106938 1.57432e-05 0.000167318 -0.000697529 -0.000389081
1 -0.00348923 -0.00127754 1.0783e-05 0.000202588 -0.000565681 -0.000466308
1.01 -0.00244348 -0.00135019 5.33788e-06 0.000219093 -0.000398894 -0.000502454
1.02 -0.00121089 -0.00128681 -3.39235e-07 0.000211515 -0.000200394 -0.000499571
1.03 0.000144646 -0.00111319 -6.12659e-06 0.000181521 2.54278e-05 -0.000462349
1.04 0.00155001 -0.000876018 -1.192e-05 0.000139455 0.000265245 -0.000398703
1.05 0.00292115 -0.000627346 -1.75261e-05 9.83092e-05 0.000497466 -0.000320317
1.06 0.00416658 -0.000407838 -2.258e-05 6.58233e-05 0.000700304 -0.00023858
1.07 0.00519557 -0.000238478 -2.6697e-05 4.22202e-05 0.000860824 -0.000164875
1.08 0.00592787 -0.000123716 -2.96332e-05 2.46285e-05 0.000975246 -0.000108598
1.09 0.00629892 -6.11314e-05 -3.1185e-05 1.2483e-05 0.00103989 -7.64184e-05
1.1 0.00626898 -5.01548e-05 -3.11323e-05 8.52513e-06 0.00104515 -7.425e-05
1.11 0.00583484 -9.56816e-05 -2.93427e-05 1.58584e-05 0.000979855 -0.00010427
1.12 0.00503828 -0.000206535 -2.59138e-05 3.5391e-05 0.000844029 -0.000165414
1.13 0.00396474 -0.000390303 -2.13401e-05 6.61639e-05 0.00065671 -0.000252815
1.14 0.00272312 -0.000646008 -1.63893e-05 0.000106834 0.000447447 -0.000357028
1.15 0.00141986 -0.00095698 -1.16281e-05 0.000155469 0.000239739 -0.000467973
1.16 0.000142498 -0.00128791 -7.19095e-06 0.00020776 4.12153e-05 -0.000574441
1.17 -0.00104073 -0.00158947 -2.95913e-06 0.000256293 -0.000149507 -0.000665469
1.18 -0.00206693 -0.00181021 1.12832e-06 0.000292387 -0.000326593 -0.000731385
1.19 -0.00287115 -0.00191055 4.80744e-06 0.000309118 -0.000470971 -0.000762231
1.2 -0.00339228 -0.00187273 7.5984e-06 0.000303236 -0.000560089 -0.000751337
1.21 -0.00358643 -0.00170277 9.22152e-06 0.000275331 -0.000583923 -0.000695542
1.22 -0.00343967 -0.00142491 9.69835e-06 0.000229197 -0.000550388 -0.000595658
1.23 -0.00296857 -0.00107128 9.14102e-06 0.000170812 -0.000473952 -0.000457589
1.24 -0.00221717 -0.000671182 7.62128e-06 0.000106312 -0.000362562 -0.000288776
1.25 -0.00125699 -0.000244165 5.17504e-06 3.93131e-05 -0.000216721 -9.91261e-05
1.26 -0.000185854 0.000199424 2.02769e-06 -3.00854e-05 -4.15413e-05 9.9627e-05
1.27 0.000877759 0.000650635 -1.19178e-06 -0.00010278 0.000142142 0.000295185
1.28 0.00181521 0.00109173 -3.73534e-06 -0.000176297 0.000303286 0.000473429
1.29 0.00253331 0.0014912 -5.1944e-06 -0.000243054 0.000417327 0.00062237
1.3 0.00297796 0.00180825 -5.60744e-06 -0.000293668 0.000478327 0.00073288
1.31 0.0031315 0.00200461 -5.28991e-06 -0.000322317 0.000495172 0.000799009
1.32 0.00299491 0.00205655 -4.47402e-06 -0.000328718 0.000475526 0.000819524
1.33 0.00257395 0.00196162 -3.04676e-06 -0.000315225 0.000416255 0.00079501
1.34 0.00188064 0.00173906 -7.74209e-07 -0.000283369 0.000308377 0.000729396
1.35 0.000942609 0.001426 2.38987e-06 -0.000234638 0.000150277 0.000630195
1.36 -0.000185277 0.00107021 6.29656e-06 -0.000174532 -4.41737e-05 0.000507158
1.37 -0.00142098 0.000719241 1.06563e-05 -0.000113783 -0.00025174 0.000373419
1.38 -0.00266457 0.000408265 1.51319e-05 -6.3158e-05 -0.000451364 0.000241541
1.39 -0.00380805 0.000152723 1.94097e-05 -2.62927e-05 -0.000630146 0.000122591
1.4 -0.00474745 -4.83429e-05 2.306e-05 1.48833e-06 -0.000779996 2.61565e-05
1.41 -0.00539255 -0.000199639 2.55512e-05 2.61744e-05 -0.000889751 -4.15645e-05
1.42 -0.00567901 -0.000297092 2.65241e-05 4.69309e-05 -0.000944368 -7.55923e-05
1.43 -0.00558126 -0.000325476 2.58931e-05 5.57053e-05 -0.000931777 -7.42748e-05
1.44 -0.005115 -0.000267878 2.38201e-05 4.51425e-05 -0.000850961 -4.03586e-05
1.45 -0.00433137 -0.000119047 2.06526e-05 1.61493e-05 -0.000714412 2.03689e-05
1.46 -0.00330064 0.000107075 1.66924e-05 -2.28735e-05 -0.00054081 9.78963e-05
1.47 -0.00209518 0.000378777 1.2113e-05 -6.34399e-05 -0.000345648 0.000181583
1.48 -0.000783519 0.000653075 7.06194e-06 -0.000102036 -0.000136847 0.000260995
1.49 0.000567759 0.000882896 1.6226e-06 -0.000137331 8.19937e-05 0.00032538
1.5 0.00188423 0.0010248 -4.13189e-06 -0.000164097 0.000302682 0.000365869
1.51 0.00307818 0.00104877 -9.93398e-06 -0.000172702 0.000507913 0.000373988
1.52 0.00405626 0.000947547 -1.53234e-05 -0.000156206 0.000674862 0.000344193
1.53 0.00473402 0.000738669 -1.97355e-05 -0.000117392 0.000784704 0.000275626
1.54 0.0050554 0.000455012 -2.26448e-05 -6.72622e-05 0.000831292 0.000170724
1.55 0.00500378 0.000128482 -2.38701e-05 -1.58018e-05 0.000819912 3.65625e-05
1.56 0.00460071 -0.000221824 -2.35903e-05 3.54077e-05 0.000759298 -0.000118113
1.57 0.0039005 -0.00058892 -2.2059e-05 9.11559e-05 0.000654819 -0.00028342
1.58 0.00297974 -0.000966992 -1.95164e-05 0.000154002 0.000509585 -0.000447236
1.59 0.00192952 -0.00134016 -1.62064e-05 0.000218725 0.000333236 -0.000597595
1.6 0.000845991 -0.00167919 -1.24066e-05 0.000275206 0.000146049 -0.000721811
1.61 -0.000184335 -0.00194667 -8.52358e-06 0.000315535 -2.75287e-05 -0.000809233
1.62 -0.00109365 -0.00210572 -4.90356e-06 0.00033725 -0.00017117 -0.000853494
1.63 -0.00183507 -0.00212819 -1.5728e-06 0.0003403 -0.00028339 -0.000851098
1.64 -0.00237315 -0.00200184 1.56536e-06 0.000323084 -0.000369351 -0.000803049
1.65 -0.00267107 -0.0017362 4.41439e-06 0.000283349 -0.000427148 -0.000712753
1.66 -0.0026927 -0.00136392 6.57943e-06 0.000223016 -0.00044312 -0.000585973
1.67 -0.00241639 -0.000934112 7.46284e-06 0.000150726 -0.000401865 -0.000432586
1.68 -0.00185518 -0.000498186 6.71785e-06 7.83172e-05 -0.000302744 -0.000264153
1.69 -0.00106601 -9.53141e-05 4.60103e-06 1.42985e-05 -0.000164196 -9.43794e-05
1.7 -0.000137426 0.000254328 1.69705e-06 -3.93617e-05 -1.20351e-05 6.35213e-05
1.71 0.00082961 0.000545587 -1.47439e-06 -8.46794e-05 0.000136066 0.000199293
1.72 0.00174013 0.000778009 -4.59466e-06 -0.000122833 0.000275246 0.000304129
1.73 0.00251329 0.000946723 -7.52509e-06 -0.000151862 0.000402669 0.0003726
1.74 0.00308313 0.00103958 -1.00496e-05 -0.000168009 0.000506525 0.000401549
1.75 0.00340505 0.001041 -1.17769e-05 -0.00016821 0.00056815 0.000390564
1.76 0.00346021 0.000940093 -1.24859e-05 -0.000151381 0.000574981 0.000344394
1.77 0.0032551 0.000739531 -1.22728e-05 -0.000118695 0.000531049 0.000270612
1.78 0.00281256 0.000461551 -1.13249e-05 -7.39916e-05 0.000451522 0.000179918
1.79 0.00215677 0.000147463 -9.7148e-06 -2.39707e-05 0.000347775 8.3977e-05
1.8 0.00131162 -0.000150616 -7.23747e-06 2.30524e-05 0.000219308 -6.93921e-06
1.81 0.000310826 -0.000383138 -3.5605e-06 5.96393e-05 6.01999e-05 -8.22287e-05
1.82 -0.000787951 -0.000515761 1.28296e-06 8.11165e-05 -0.000125703 -0.000133092
1.83 -0.00189717 -0.000535918 6.78672e-06 8.55788e-05 -0.000318526 -0.000152366
1.84 -0.00291483 -0.000451726 1.2269e-05 7.30279e-05 -0.000491303 -0.000135373
1.85 -0.0037466 -0.000285203 1.70961e-05 4.54407e-05 -0.000624312 -8.28417e-05
1.86 -0.00432447 -6.30041e-05 2.08906e-05 7.38661e-06 -0.000712384 1.26976e-06
1.87 -0.00461475 0.000192281 2.35404e-05 -3.50765e-05 -0.000758727 0.000109468
1.88 -0.00461246 0.000467169 2.49503e-05 -7.77438e-05 -0.000764908 0.000232133
1.89 -0.00433643 0.000755679 2.50667e-05 -0.000120737 -0.000728216 0.000359554
1.9 -0.0038234 0.00105085 2.40039e-05 -0.000166499 -0.000646882 0.000479924
1.91 -0.00312093 0.00133431 2.19063e-05 -0.00021418 -0.000527151 0.000581583
1.92 -0.002282 0.00157191 1.89001e-05 -0.000256135 -0.000382859 0.000653658
1.93 -0.00135659 0.00172052 1.50933e-05 -0.000281087 -0.000228351 0.000687098
1.94 -0.000391631 0.00174282 1.05007e-05 -0.000281505 -7.27399e-05 0.000677914
1.95 0.00056319 0.00162111 5.23146e-06 -0.000257925 8.03097e-05 0.000625196
1.96 0.00145074 0.00136256 -3.64474e-07 -0.000216118 0.000226604 0.000531587
1.97 0.0022039 0.000995396 -5.85725e-06 -0.000160987 0.000356369 0.000402829
1.98 0.00275631 0.000560896 -1.07605e-05 -9.45319e-05 0.000455218 0.000246227
1.99 0.00305834 0.000105143 -1.45468e-05 -1.98274e-05 0.00050967 7.29723e-05
2 0.00309061 -0.000329064 -1.6873e-05 5.50058e-05 0.000514497 -0.00010407
2.01 0.00287205 -0.000710451 -1.76372e-05 0.000119264 0.000475365 -0.000271586
2.02 0.00245173 -0.00102441 -1.69948e-05 0.000167028 0.0004052 -0.000416758
2.03 0.0018942 -0.00127009 -1.53991e-05 0.000201085 0.000317472 -0.000530589
2.04 0.00126372 -0.00144917 -1.32728e-05 0.000227986 0.000220162 -0.000606132
2.05 0.000612326 -0.00155413 -1.07325e-05 0.000248914 0.000116278 -0.000639208
2.06 -1.88063e-05 -0.00156618 -7.75605e-06 0.000256465 9.21579e-06 -0.000629042
2.07 -0.000595336 -0.00146587 -4.35528e-06 0.000241333 -9.2903e-05 -0.000577289
2.08 -0.00108509 -0.00124876 -7.27265e-07 0.000201919 -0.000178044 -0.00049071
2.09 -0.00145534 -0.000934355 2.66589e-06 0.000146755 -0.000237 -0.00037916
2.1 -0.00167679 -0.000563003 5.41769e-06 8.77097e-05 -0.000268008 -0.000254101
2.11 -0.00172437 -0.000184967 7.36184e-06 3.20099e-05 -0.000274097 -0.000128073
2.12 -0.00158111 0.000150787 8.33411e-06 -1.843e-05 -0.00025624 -1.15868e-05
2.13 -0.00124596 0.000404537 8.10953e-06 -6.12639e-05 -0.000209631 8.52337e-05
2.14 -0.000740728 0.000551754 6.51288e-06 -9.00426e-05 -0.00012968 0.000153576
2.15 -0.000116972 0.00058774 3.56178e-06 -9.80141e-05 -2.16909e-05 0.000187587
2.16 0.000552106 0.000527662 -2.5834e-07 -8.51375e-05 9.6769e-05 0.000183878
2.17 0.00119131 0.00039848 -4.14962e-06 -5.95458e-05 0.00020448 0.000144447
2.18 0.00174228 0.000225407 -7.5862e-06 -3.08293e-05 0.00028978 7.50012e-05
2.19 0.002175 2.18016e-05 -1.04836e-05 -2.08597e-06 0.000354497 -1.65607e-05
2.2 0.00247955 -0.000209701 -1.2993e-05 3.07121e-05 0.000405241 -0.000119965
2.21 0.00265164 -0.000465874 -1.52228e-05 7.16292e-05 0.000442003 -0.000225229
2.22 0.00268436 -0.000730752 -1.69068e-05 0.000117782 0.000455412 -0.000321069
2.23 0.00256682 -0.000972076 -1.75505e-05 0.000159576 0.000435875 -0.000395937
2.24 0.00229302 -0.00114824 -1.69096e-05 0.000187076 0.000383287 -0.000440487
2.25 0.00186648 -0.00122048 -1.50073e-05 0.000195354 0.0003065 -0.000447379
2.26 0.00130098 -0.00116366 -1.19454e-05 0.000184207 0.000214486 -0.000414274
2.27 0.000624224 -0.000972878 -7.85514e-06 0.000154689 0.000109191 -0.000342559
2.28 -0.000121042 -0.000665449 -2.83571e-06 0.000107729 -1.07274e-05 -0.000236005
2.29 -0.000875094 -0.000278044 2.83652e-06 4.6248e-05 -0.000140218 -0.000101826
2.3 -0.00156934 0.000141818 8.48698e-06 -2.28179e-05 -0.000264281 5.13895e-05
2.31 -0.00214523 0.000548321 1.3399e-05 -9.01867e-05 -0.000365003 0.000212104
2.32 -0.00256799 0.000908602 1.7185e-05 -0.000148544 -0.000433233 0.000366842
2.33 -0.0028323 0.00120675 1.97892e-05 -0.000195244 -0.000472384 0.000503227
2.34 -0.0029515 0.00143884 2.14209e-05 -0.000231089 -0.000491209 0.00060985
2.35 -0.00294009 0.0016031 2.22508e-05 -0.000256986 -0.000494035 0.000679158
2.36 -0.002806 0.00169194 2.21444e-05 -0.000271795 -0.000477445 0.00070663
2.37 -0.00254908 0.00169049 2.09115e-05 -0.000272579 -0.000436018 0.000689754
2.38 -0.00216999 0.0015819 1.84944e-05 -0.000256101 -0.000369308 0.000630057
2.39 -0.00167908 0.00135692 1.49164e-05 -0.00022034 -0.000282916 0.000531729
2.4 -0.00109914 0.00102342 1.03962e-05 -0.000166078 -0.000184808 0.000403214
2.41 -0.000469015 0.000611317 5.31376e-06 -9.83592e-05 -8.14538e-05 0.000256426
2.42 0.000160505 0.000169422 7.74767e-08 -2.63036e-05 2.1695e-05 0.000103477
2.43 0.000733846 -0.000245944 -4.77576e-06 3.97959e-05 0.000117745 -4.2955e-05
2.44 0.00120033 -0.000586005 -8.7185e-06 9.25412e-05 0.000198336 -0.000172177
2.45 0.00152811 -0.000821012 -1.14986e-05 0.000129292 0.000256083 -0.000275068
2.46 0.0017079 -0.000943299 -1.30302e-05 0.000150347 0.000287728 -0.000343387
2.47 0.0017506 -0.000962445 -1.3347e-05 0.000156009 0.00029463 -0.000372723
2.48 0.00167873 -0.00089699 -1.26532e-05 0.000146261 0.000280914 -0.000361745
2.49 0.00151309 -0.00076681 -1.11426e-05 0.000123055 0.000251542 -0.00031381
2.5 0.00126826 -0.000587799 -8.99476e-06 9.14017e-05 0.000210312 -0.00023656
2.51 0.000950665 -0.000369576 -6.41929e-06 5.65428e-05 0.000158813 -0.000138751
2.52 0.00056403 -0.000117742 -3.43328e-06 1.98551e-05 9.64515e-05 -3.11364e-05
2.53 0.000121178 0.000158589 2.83754e-08 -2.10416e-05 2.26912e-05 7.55301e-05
2.54 -0.00034988 0.000437538 3.76974e-06 -6.66615e-05 -5.86165e-05 0.000170398
2.55 -0.000802509 0.000680968 7.33445e-06 -0.000110238 -0.000137523 0.000242079
2.56 -0.00118045 0.00084235 1.00846e-05 -0.000139309 -0.00020103 0.00028227
2.57 -0.00143477 0.000883378 1.14307e-05 -0.000143956 -0.000239617 0.000285489
2.58 -0.00153503 0.000789206 1.1267e-05 -0.000123789 -0.000251636 0.000250569
2.59 -0.00147655 0.000572889 9.87357e-06 -8.66037e-05 -0.000240745 0.000180745
2.6 -0.00127457 0.000268 7.50959e-06 -4.06078e-05 -0.000210239 8.08265e-05
2.61 -0.000954653 -8.35809e-05 4.37821e-06 1.09619e-05 -0.000160221 -4.12457e-05
2.62 -0.000547343 -0.000441315 6.52386e-07 6.74328e-05 -9.07643e-05 -0.000175705
2.63 -8.07545e-05 -0.000771336 -3.44028e-06 0.000124681 -7.0108e-06 -0.000311115
2.64 0.000420969 -0.00104979 -7.44288e-06 0.000173963 8.15246e-05 -0.000434034
2.65 0.000938633 -0.00126477 -1.09717e-05 0.000207882 0.000166863 -0.000533046
2.66 0.00145616 -0.00141383 -1.40281e-05 0.000226489 0.000247423 -0.000598738
2.67 0.00194914 -0.00149564 -1.67082e-05 0.000235574 0.000325464 -0.000624983
2.68 0.00237903 -0.00150061 -1.89134e-05 0.000238241 0.000398567 -0.000609564
2.69 0.00269363 -0.00140948 -2.02523e-05 0.000229281 0.000455507 -0.000551872
2.7 0.0028391 -0.00120372 -2.00902e-05 0.000199262 0.000481165 -0.000455207
2.71 0.00278127 -0.000881703 -1.8085e-05 0.000144533 0.000466681 -0.000326233
2.72 0.00251529 -0.000468333 -1.45351e-05 7.2576e-05 0.000415153 -0.00017465
2.73 0.00206602 -1.11187e-05 -1.00139e-05 -2.78686e-06 0.000336894 -1.36084e-05
2.74 0.00147736 0.000433996 -5.05186e-06 -7.07867e-05 0.000241068 0.000144375
2.75 0.000797195 0.000817367 -2.36755e-08 -0.00012787 0.000131738 0.000287382
2.76 7.22368e-05 0.00110424 4.90986e-06 -0.000173732 1.122e-05 0.000405004
2.77 -0.000656998 0.00127734 9.50682e-06 -0.000205684 -0.000114202 0.000489503
2.78 -0.00135634 0.0013365 1.33574e-05 -0.000218778 -0.000234489 0.000534094
2.79 -0.00199492 0.00129592 1.62597e-05 -0.000211272 -0.000340458 0.000535946
2.8 -0.00254404 0.00117731 1.82423e-05 -0.000188061 -0.000427438 0.000496367
2.81 -0.00296935 0.00100008 1.93473e-05 -0.000157172 -0.000493864 0.000420368
2.82 -0.00323029 0.00077436 1.95678e-05 -0.000122904 -0.000536045 0.000317366
2.83 -0.00328748 0.000502863 1.86771e-05 -8.33361e-05 -0.000546787 0.000197414
2.84 -0.0031135 0.000191436 1.6364e-05 -3.50281e-05 -0.000518918 7.15134e-05
2.85 -0.00270913 -0.000139736 1.2701e-05 2.02357e-05 -0.000450592 -4.87424e-05
2.86 -0.00210679 -0.000453225 8.12199e-06 7.3784e-05 -0.000348043 -0.000152777
2.87 -0.00136502 -0.00070248 3.18934e-06 0.000114763 -0.00022286 -0.000229815
2.88 -0.000557618 -0.000845983 -1.46375e-06 0.000136041 -8.83357e-05 -0.000272364
2.89 0.000244 -0.000859765 -5.38942e-06 0.000136129 4.33781e-05 -0.000276988
2.9 0.000979696 -0.000743501 -8.40381e-06 0.000117147 0.000163087 -0.000243745
2.91 0.00160633 -0.000519555 -1.03784e-05 8.24966e-05 0.00026456 -0.00017731
2.92 0.002097 -0.000226326 -1.13389e-05 3.66189e-05 0.000344517 -8.38065e-05
2.93 0.0024308 9.22229e-05 -1.14589e-05 -1.45075e-05 0.000400323 2.84218e-05
2.94 0.00258833 0.000397809 -1.07737e-05 -6.43455e-05 0.000427385 0.000148516
2.95 0.00254867 0.000665457 -9.25405e-06 -0.000107957 0.000420037 0.000265026
2.96 0.00229538 0.000883944 -6.91796e-06 -0.000143088 0.000374595 0.000365053
2.97 0.00182988 0.00104943 -3.77503e-06 -0.000169166 0.00029344 0.000437912
2.98 0.00117652 0.00115677 -2.87347e-08 -0.000185525 0.000184737 0.000476276
2.99 0.000386353 0.00119409 3.93293e-06 -0.000190648 5.79395e-05 0.000475433
3 -0.000468112 0.00114369 7.79736e-06 -0.000182478 -7.83939e-05 0.000434907
3.01 -0.00130344 0.000988551 1.11819e-05 -0.000158774 -0.00021529 0.000356071
3.02 -0.00203334 0.000721882 1.35688e-05 -0.000117598 -0.000339375 0.000243449
3.03 -0.00258524 0.000355882 1.45744e-05 -5.9058e-05 -0.000433469 0.000105706
3.04 -0.00291204 -7.45704e-05 1.40207e-05 1.20782e-05 -0.000484585 -4.64776e-05
3.05 -0.00299688 -0.000516776 1.20702e-05 8.56974e-05 -0.000490557 -0.000199696
3.06 -0.00284991 -0.000913524 9.2886e-06 0.00014982 -0.00045958 -0.000341334
3.07 -0.00249049 -0.0012193 6.13231e-06 0.000196418 -0.000400789 -0.000460833
3.08 -0.00193731 -0.00141097 2.65972e-06 0.00022443 -0.000315249 -0.000548705
3.09 -0.00120873 -0.00148781 -1.20413e-06 0.000237037 -0.000198482 -0.000598655
3.1 -0.000331661 -0.0014629 -5.48704e-06 0.000236315 -5.00754e-05 -0.000606061
3.11 0.000643431 -0.00135289 -9.94845e-06 0.000221222 0.000118339 -0.000569776
3.12 0.00164367 -0.001172 -1.40152e-05 0.000190795 0.000286133 -0.000493787
3.13 0.00258242 -0.000930805 -1.72556e-05 0.000148034 0.000435315 -0.000385028
3.14 0.00337115 -0.000637647 -1.95263e-05 9.89984e-05 0.000556398 -0.000254165
3.15 0.00393365 -0.000301569 -2.06511e-05 4.78064e-05 0.000645238 -0.000112603
3.16 0.00421099 6.23156e-05 -2.04097e-05 -5.98789e-06 0.000695024 2.86509e-05
3.17 0.00417166 0.000426393 -1.86114e-05 -6.33733e-05 0.000694248 0.00015765
3.18 0.00381993 0.000748556 -1.52316e-05 -0.000119244 0.000635785 0.000264041
3.19 0.0031936 0.000980212 -1.07734e-05 -0.000161426 0.000525037 0.000338345
3.2 0.00235659 0.00108296 -6.04254e-06 -0.000178156 0.000379351 0.000374073
3.21 0.00137843 0.0010443 -1.52888e-06 -0.000167112 0.000217687 0.000369946
3.22 0.000320972 0.000881741 2.65704e-06 -0.000136617 4.97927e-05 0.00032771
3.23 -0.000760112 0.000633022 6.62066e-06 -9.77799e-05 -0.000122273 0.000253198
3.24 -0.00180899 0.000340456 1.04514e-05 -5.61169e-05 -0.00029527 0.000154151
3.25 -0.00275722 3.95406e-05 1.38357e-05 -1.11829e-05 -0.000457043 3.94072e-05
3.26 -0.00352631 -0.000244163 1.62535e-05 3.6771e-05 -0.000587782 -7.93114e-05
3.27 -0.00404118 -0.000493415 1.74416e-05 8.20269e-05 -0.000670412 -0.000190202
3.28 -0.00424304 -0.00069727 1.73122e-05 0.00011655 -0.000697145 -0.000281268
3.29 -0.00410525 -0.000848731 1.58705e-05 0.000136987 -0.000669448 -0.000342476
3.3 -0.00363628 -0.000940038 1.32495e-05 0.000146509 -0.000593063 -0.000368327
3.31 -0.00287887 -0.000957216 9.56718e-06 0.000148774 -0.000473231 -0.000355694
3.32 -0.00190717 -0.000880006 5.12518e-06 0.000141073 -0.000317071 -0.000305264
3.33 -0.000812785 -0.00069134 5.74183e-07 0.000115288 -0.000136407 -0.000220344
3.34 0.000305768 -0.000392102 -3.50052e-06 6.6511e-05 5.16502e-05 -0.000106474
3.35 0.00135792 -1.03189e-05 -6.78069e-06 2.23042e-07 0.000227637 2.63189e-05
3.36 0.00227193 0.000403219 -9.13883e-06 -6.97893e-05 0.000376477 0.000166425
3.37 0.00299265 0.000790731 -1.07005e-05 -0.000130499 0.000489739 0.000300911
3.38 0.00348034 0.00110447 -1.15836e-05 -0.000176396 0.000564654 0.000417413
3.39 0.00370205 0.00131598 -1.16693e-05 -0.000208117 0.000600169 0.000506819
3.4 0.00362901 0.00141617 -1.08536e-05 -0.000226403 0.00059182 0.000561138
3.41 0.00324565 0.00141048 -9.05493e-06 -0.000229155 0.000533197 0.000575333
3.42 0.00255799 0.001313 -6.15295e-06 -0.000214328 0.000420607 0.000547198
3.43 0.00160864 0.00114051 -2.28902e-06 -0.000183913 0.000259741 0.000477375
3.44 0.000479291 0.000906569 2.14303e-06 -0.000143396 6.87526e-05 0.000372057
3.45 -0.000722014 0.000618516 6.65845e-06 -9.71898e-05 -0.000128731 0.000240166
3.46 -0.00187704 0.00028083 1.0634e-05 -4.56328e-05 -0.000312126 9.29798e-05
3.47 -0.00288107 -9.57341e-05 1.36042e-05 1.26841e-05 -0.000469509 -5.71559e-05
3.48 -0.00365301 -0.000485362 1.54648e-05 7.57827e-05 -0.000594998 -0.000199395
3.49 -0.00413669 -0.000846136 1.61597e-05 0.000136055 -0.000680183 -0.00032223
3.5 -0.00430315 -0.0011291 1.56601e-05 0.000183201 -0.000713477 -0.000415672
3.51 -0.00414562 -0.00129291 1.40859e-05 0.000209318 -0.000686205 -0.000472097
3.52 -0.00368095 -0.00131657 1.15708e-05 0.00021179 -0.000600862 -0.000486554
3.53 -0.00294444 -0.00120466 8.36185e-06 0.000192778 -0.000472096 -0.000459834
3.54 -0.00197944 -0.000984367 4.76613e-06 0.000157257 -0.000315097 -0.000395874
3.55 -0.000838379 -0.000696054 7.74411e-07 0.000111476 -0.000136931 -0.000301526
3.56 0.000414996 -0.000381292 -3.73082e-06 6.17162e-05 6.17578e-05 -0.000186146
3.57 0.00169443 -7.25319e-05 -8.55987e-06 1.28114e-05 0.000275076 -5.93553e-05
3.58 0.00288793 0.000211307 -1.32296e-05 -3.27092e-05 0.000481249 6.66911e-05
3.59 0.00387746 0.00046167 -1.69984e-05 -7.37367e-05 0.000649696 0.000179676
3.6 0.00456199 0.000672231 -1.91985e-05 -0.000108596 0.000757004 0.000268721
3.61 0.00488231 0.00083146 -1.9764e-05 -0.000134134 0.00079828 0.000324747
3.62 0.00482681 0.000920588 -1.89987e-05 -0.00014694 0.000783834 0.000343742
3.63 0.00441752 0.000917813 -1.7135e-05 -0.000145009 0.000722828 0.000324464
3.64 0.00370093 0.000806226 -1.43547e-05 -0.000127649 0.000615915 0.000268513
3.65 0.00273739 0.000582269 -1.07684e-05 -9.42513e-05 0.000461388 0.00018096
3.66 0.00160014 0.000262186 -6.56064e-06 -4.47594e-05 0.000267056 6.85503e-05
3.67 0.000373864 -0.000116233 -2.21769e-06 1.72746e-05 5.53838e-05 -5.78922e-05
3.68 -0.000858027 -0.000499477 1.88104e-06 8.23825e-05 -0.000148647 -0.00018582
3.69 -0.00201635 -0.000831964 5.73902e-06 0.000137787 -0.000330331 -0.000303047
3.7 -0.00302739 -0.00107231 9.38401e-06 0.000174266 -0.000486589 -0.000397879
3.71 -0.0038182 -0.00120342 1.26769e-05 0.000191077 -0.000616086 -0.000462368
3.72 -0.0043125 -0.00123045 1.52073e-05 0.000193734 -0.000706445 -0.00049036
3.73 -0.00444872 -0.00116919 1.63011e-05 0.000186793 -0.000737742 -0.000477927
3.74 -0.00419868 -0.00103392 1.5617e-05 0.000169276 -0.000696643 -0.000425066
3.75 -0.00358348 -0.000832479 1.34201e-05 0.000137435 -0.000587318 -0.000334359
3.76 -0.00267423 -0.000569228 1.01791e-05 9.11442e-05 -0.000431114 -0.000213526
3.77 -0.00156888 -0.000250693 6.39318e-06 3.60396e-05 -0.000251676 -7.32773e-05
3.78 -0.000373876 0.000110286 2.46405e-06 -2.10553e-05 -6.43124e-05 7.49398e-05
3.79 0.000812149 0.00049191 -1.44908e-06 -7.74365e-05 0.000123298 0.000218559
3.8 0.00190484 0.000861182 -5.11208e-06 -0.000133508 0.00030403 0.000346938
3.81 0.00282947 0.00117435 -8.18454e-06 -0.000186286 0.000463294 0.000449724
3.82 0.00352601 0.00138455 -1.05591e-05 -0.00022572 0.000583177 0.00051762
3.83 0.00394807 0.00145676 -1.22131e-05 -0.000239808 0.000650889 0.000545049
3.84 0.00406367 0.0013825 -1.30625e-05 -0.000224296 0.000662894 0.000529207
3.85 0.00385876 0.00118358 -1.30461e-05 -0.000186705 0.000624276 0.00047271
3.86 0.00333367 0.000901406 -1.19432e-05 -0.000140034 0.000540183 0.000381855
3.87 0.00251224 0.00057915 -9.52205e-06 -9.26232e-05 0.000412574 0.0002645
3.88 0.00144823 0.000248922 -5.92364e-06 -4.45298e-05 0.000243927 0.000131204
3.89 0.000226782 -7.00178e-05 -1.49173e-06 6.77218e-06 4.25293e-05 -7.40699e-06
3.9 -0.00103679 -0.000365413 3.32829e-06 5.89901e-05 -0.000171523 -0.000139257
3.91 -0.00221924 -0.000625934 7.89774e-06 0.000104602 -0.000371317 -0.00025177
3.92 -0.00321036 -0.000838407 1.17075e-05 0.000137162 -0.000533212 -0.000335279
3.93 -0.00393107 -0.000986802 1.44943e-05 0.000156086 -0.000644475 -0.000382262
3.94 -0.00434357 -0.00105161 1.61109e-05 0.000164063 -0.00070608 -0.000389995
3.95 -0.00443858 -0.00101208 1.67005e-05 0.000160579 -0.000723143 -0.000359343
3.96 -0.00422534 -0.000854454 1.65049e-05 0.000140114 -0.000696357 -0.000292988
3.97 -0.00372229 -0.000583845 1.54707e-05 9.80602e-05 -0.000621288 -0.000197473
3.98 -0.00295503 -0.00023145 1.34633e-05 3.80845e-05 -0.000494332 -8.11029e-05
3.99 -0.00196822 0.000150337 1.04389e-05 -2.74156e-05 -0.000323849 4.48456e-05
4 -0.000825047 0.000503881 6.43343e-06 -8.46453e-05 -0.000129266 0.00016706
