0.01 8.19515e-08 1.38559e-07 4.7909e-09 -1.12325e-07 1.20317e-07 -3.56837e-07
0.02 1.08516e-06 1.52444e-06 4.70029e-08 -1.06757e-06 1.15277e-06 -2.93467e-06
0.03 6.76903e-06 8.28503e-06 2.22397e-07 -5.06844e-06 5.50546e-06 -1.17243e-05
0.04 2.68501e-05 2.97527e-05 6.91941e-07 -1.62443e-05 1.77584e-05 -3.16687e-05
0.05 7.71912e-05 7.96811e-05 1.63512e-06 -3.99377e-05 4.4023e-05 -6.63031e-05
0.06 0.000173752 0.000170457 3.20411e-06 -8.08416e-05 9.00526e-05 -0.000115453
0.07 0.000323038 0.000305249 5.49599e-06 -0.000140794 0.000158905 -0.000175584
0.08 0.000517328 0.000474671 8.50687e-06 -0.000217343 0.000249371 -0.0002425
0.09 0.00073974 0.000661195 1.20714e-05 -0.000303852 0.000355941 -0.000313029
0.1 0.000974021 0.000846869 1.58445e-05 -0.000391099 0.000470273 -0.000384743
0.11 0.00120885 0.00101688 1.93891e-05 -0.000469597 0.000583329 -0.000453892
0.12 0.00143338 0.00115748 2.23555e-05 -0.000531696 0.000687185 -0.000514123
0.13 0.00163179 0.00125442 2.46095e-05 -0.000572832 0.000776035 -0.000558284
0.14 0.00178635 0.00129737 2.61838e-05 -0.00059168 0.000846264 -0.000581145
0.15 0.00188699 0.00128655 2.71136e-05 -0.00058926 0.000895682 -0.000581089
0.16 0.0019355 0.00123231 2.73119e-05 -0.00056735 0.000922245 -0.000559226
0.17 0.00193664 0.00114466 2.66012e-05 -0.000526943 0.000922751 -0.000516728
0.18 0.00188421 0.0010227 2.48594e-05 -0.000467702 0.000892483 -0.000454091
0.19 0.00175843 0.000856251 2.21022e-05 -0.000388935 0.000826432 -0.000372463
0.2 0.00154066 0.000640142 1.8426e-05 -0.000291607 0.000721712 -0.000275727
0.21 0.00123228 0.000387058 1.39312e-05 -0.0001801 0.00057996 -0.000171162
0.22 0.000858895 0.000125126 8.74557e-06 -6.24537e-05 0.000408121 -6.6883e-05
0.23 0.000455528 -0.000117531 3.13303e-06 5.1152e-05 0.000217171 3.08435e-05
0.24 4.80376e-05 -0.000325416 -2.44818e-06 0.000150853 1.96239e-05 0.000118442
0.25 -0.000351312 -0.000493897 -7.48299e-06 0.000229322 -0.000172954 0.000193737
0.26 -0.000733092 -0.000618777 -1.16457e-05 0.000283037 -0.000351312 0.000253639
0.27 -0.00107994 -0.000692362 -1.49084e-05 0.000312485 -0.000508793 0.000294496
0.28 -0.00136936 -0.000711778 -1.74237e-05 0.000321422 -0.000640911 0.000314326
0.29 -0.00158618 -0.000688469 -1.93006e-05 0.000315348 -0.00074445 0.000314668
0.3 -0.0017291 -0.000644639 -2.04733e-05 0.000299536 -0.000816517 0.000300626
0.31 -0.00180322 -0.00059747 -2.07908e-05 0.000277467 -0.000853868 0.000277918
0.32 -0.00180719 -0.000547593 -2.01982e-05 0.000250597 -0.000853167 0.000250645
0.33 -0.0017306 -0.000485158 -1.8794e-05 0.000219683 -0.000812553 0.000221483
0.34 -0.00156608 -0.000407728 -1.6764e-05 0.000186771 -0.000733717 0.000193245
0.35 -0.00132391 -0.000330815 -1.43045e-05 0.000156349 -0.000623399 0.000170633
0.36 -0.00103487 -0.000279781 -1.16169e-05 0.000134739 -0.000493095 0.00015887
0.37 -0.000738178 -0.000271934 -8.97972e-06 0.000128038 -0.000356854 0.000160888
0.38 -0.0004658 -0.000307134 -6.75286e-06 0.000139818 -0.000228323 0.00017599
0.39 -0.000235411 -0.000374121 -5.23308e-06 0.000169717 -0.000118157 0.000200417
0.4 -5.39443e-05 -0.000462167 -4.50901e-06 0.00021331 -3.28532e-05 0.000230339
0.41 7.49739e-05 -0.000563916 -4.44576e-06 0.000263086 2.49002e-05 0.000263334
0.42 0.000147131 -0.000668407 -4.79284e-06 0.000310178 5.50447e-05 0.000297146
0.43 0.000158831 -0.000756318 -5.35041e-06 0.000346457 5.86225e-05 0.000328093
0.44 0.000109593 -0.000806572 -6.04614e-06 0.000366431 3.68584e-05 0.00035003
0.45 4.30465e-06 -0.000808868 -6.87064e-06 0.000368118 -8.78124e-06 0.000356566
0.46 -0.000146371 -0.000768439 -7.80217e-06 0.000352393 -7.57167e-05 0.0003441
0.47 -0.000327153 -0.00069735 -8.76635e-06 0.000321176 -0.000158827 0.000312399
0.48 -0.000519891 -0.000601263 -9.60374e-06 0.00027559 -0.000249582 0.000263565
0.49 -0.000704707 -0.00047505 -1.00835e-05 0.000215294 -0.00033621 0.000199346
0.5 -0.000858607 -0.000310536 -9.94344e-06 0.000139374 -0.000405053 0.000120604
0.51 -0.000953992 -0.000107413 -8.94333e-06 4.81537e-05 -0.00044304 2.94964e-05
0.52 -0.000962415 0.000122916 -6.97114e-06 -5.51971e-05 -0.000440291 -6.91465e-05
0.53 -0.000865015 0.000361696 -4.10202e-06 -0.000164095 -0.00039224 -0.000167584
0.54 -0.000663749 0.000588876 -5.40674e-07 -0.0002693 -0.000300424 -0.000257945
0.55 -0.000381675 0.000785919 3.44869e-06 -0.000360757 -0.000171337 -0.000335113
0.56 -4.89057e-05 0.000936675 7.58915e-06 -0.000429916 -1.41793e-05 -0.000396435
0.57 0.000314334 0.00102981 1.1626e-05 -0.000471767 0.000161592 -0.000440412
0.58 0.000701885 0.0010623 1.53282e-05 -0.000485784 0.000347447 -0.000464651
0.59 0.00110799 0.0010403 1.8528e-05 -0.000475356 0.000535143 -0.000466381
0.6 0.00151058 0.000975487 2.11798e-05 -0.000445998 0.000715429 -0.000445373
0.61 0.00187039 0.000879965 2.32874e-05 -0.000403233 0.000877063 -0.000404915
0.62 0.00214765 0.000763412 2.47642e-05 -0.000351156 0.00100725 -0.000351318
0.63 0.00231977 0.000632969 2.53836e-05 -0.000292217 0.00109336 -0.000290989
0.64 0.00238145 0.000493866 2.48536e-05 -0.000228127 0.00112487 -0.000228072
0.65 0.00232956 0.000350269 2.30177e-05 -0.000161247 0.00109534 -0.000165703
0.66 0.00215382 0.000207946 2.00199e-05 -9.57203e-05 0.00100392 -0.000107403
0.67 0.0018468 7.82679e-05 1.62241e-05 -3.76541e-05 0.000856134 -5.82781e-05
0.68 0.00142448 -2.10985e-05 1.20109e-05 5.99568e-06 0.000663722 -2.35801e-05
0.69 0.000932501 -7.28332e-05 7.66881e-06 2.9563e-05 0.000442509 -5.35839e-06
0.7 0.000426661 -7.0711e-05 3.39821e-06 3.09147e-05 0.000209285 -2.09899e-06
0.71 -5.48733e-05 -2.4978e-05 -5.98376e-07 1.26218e-05 -2.10993e-05 -9.81176e-06
0.72 -0.000501251 4.35793e-05 -4.08102e-06 -1.86453e-05 -0.000236977 -2.4714e-05
0.73 -0.000911087 0.000115705 -6.90104e-06 -5.42024e-05 -0.000428797 -4.47691e-05
0.74 -0.0012675 0.000180411 -9.08384e-06 -8.58478e-05 -0.000587532 -6.75133e-05
0.75 -0.0015339 0.00023138 -1.07211e-05 -0.000107678 -0.000703921 -8.8793e-05
0.76 -0.00167401 0.000260205 -1.1818e-05 -0.000116719 -0.000769386 -0.000102499
0.77 -0.00167582 0.000256777 -1.22206e-05 -0.000112509 -0.000778306 -0.000102677
0.78 -0.0015551 0.000217103 -1.17209e-05 -9.6008e-05 -0.000729845 -8.69107e-05
0.79 -0.00133782 0.000147846 -1.03126e-05 -6.82701e-05 -0.000628985 -5.59186e-05
0.8 -0.00104419 5.94514e-05 -8.29363e-06 -2.93736e-05 -0.000486516 -1.20458e-05
0.81 -0.000690294 -4.60642e-05 -6.10968e-06 2.17152e-05 -0.00031794 4.28289e-05
0.82 -0.000303306 -0.000177942 -4.15754e-06 8.59804e-05 -0.000141828 0.000107882
0.83 7.10136e-05 -0.000344283 -2.66502e-06 0.000162341 2.29906e-05 0.000180439
0.84 0.000381456 -0.000536117 -1.70494e-06 0.000246031 0.000160471 0.000255075
0.85 0.000593385 -0.000725335 -1.32125e-06 0.000328629 0.000259454 0.000324284
0.86 0.000700019 -0.000879975 -1.54822e-06 0.000399986 0.000314284 0.000380942
0.87 0.000712693 -0.000981929 -2.32729e-06 0.000451051 0.000323325 0.000421378
0.88 0.000640762 -0.00103023 -3.52227e-06 0.00047615 0.000287072 0.000444163
0.89 0.000481916 -0.00102971 -4.99335e-06 0.000473842 0.00020715 0.000448443
0.9 0.000229494 -0.000980551 -6.66062e-06 0.000446425 8.66084e-05 0.000432735
0.91 -0.000110836 -0.000880992 -8.53688e-06 0.000398667 -6.83451e-05 0.000395318
0.92 -0.000510926 -0.000737979 -1.06155e-05 0.000336245 -0.00024702 0.000337626
0.93 -0.000925594 -0.00057006 -1.27266e-05 0.000264246 -0.000434059 0.000264631
0.94 -0.00130662 -0.000396546 -1.45634e-05 0.000186194 -0.000610659 0.000183369
0.95 -0.00161552 -0.000224452 -1.57746e-05 0.000104167 -0.000757405 0.000100549
0.96 -0.00182665 -4.89407e-05 -1.60556e-05 2.01132e-05 -0.000857156 2.01146e-05
0.97 -0.00192173 0.000131948 -1.52609e-05 -6.24032e-05 -0.000897674 -5.4766e-05
0.98 -0.00188567 0.000304205 -1.34185e-05 -0.000137342 -0.000873279 -0.000120112
0.99 -0.00170867 0.000441218 -1.0683e-05 -0.000197104 -0.000784875 -0.000170998
1 -0.00139507 0.000520743 -7.32354e-06 -0.000234883 -0.0006392 -0.000202776
1.01 -0.000970055 0.000538562 -3.62391e-06 -0.000247145 -0.00044696 -0.000214652
1.02 -0.000473621 0.000506772 2.36447e-07 -0.000234931 -0.000220748 -0.000209438
1.03 5.45122e-05 0.000441653 4.16001e-06 -0.000203522 2.63009e-05 -0.000191527
1.04 0.000588421 0.000355352 8.07007e-06 -0.000160868 0.000281202 -0.000164972
1.05 0.00111368 0.000257968 1.18484e-05 -0.000115512 0.000530299 -0.000131946
1.06 0.00160965 0.000163042 1.52717e-05 -7.46506e-05 0.000758263 -9.54057e-05
1.07 0.00203613 8.63931e-05 1.80857e-05 -4.28123e-05 0.000948216 -6.03989e-05
1.08 0.00233931 3.82339e-05 2.00989e-05 -2.15903e-05 0.00108332 -3.31151e-05
1.09 0.00247704 1.79947e-05 2.11442e-05 -1.05758e-05 0.00115031 -1.91376e-05
1.1 0.00244133 1.87453e-05 2.10746e-05 -9.04122e-06 0.00114265 -2.00505e-05
1.11 0.00225564 3.69804e-05 1.98344e-05 -1.73764e-05 0.00106195 -3.43843e-05
1.12 0.00195264 7.74615e-05 1.7522e-05 -3.73133e-05 0.000917476 -5.99545e-05
1.13 0.00155457 0.000148401 1.44625e-05 -7.07239e-05 0.000723671 -9.49643e-05
1.14 0.00107655 0.000252266 1.11296e-05 -0.000117698 0.000497882 -0.000138583
1.15 0.000546925 0.00038064 7.87925e-06 -0.000175023 0.000258359 -0.00018782
1.16 1.58841e-05 0.000516064 4.82643e-06 -0.000235922 2.24208e-05 -0.000236695
1.17 -0.000460077 0.000637421 1.94022e-06 -0.000291229 -0.000194604 -0.000278167
1.18 -0.000845188 0.000724902 -7.98663e-07 -0.000331589 -0.000380272 -0.000306063
1.19 -0.00113413 0.000763883 -3.24476e-06 -0.000349861 -0.00052463 -0.000317949
1.2 -0.0013318 0.00074817 -5.12637e-06 -0.000342877 -0.000619092 -0.000313528
1.21 -0.0014276 0.000681136 -6.26315e-06 -0.000311835 -0.000656391 -0.000292278
1.22 -0.00139225 0.000572777 -6.62493e-06 -0.000261202 -0.000631685 -0.000253405
1.23 -0.00120409 0.000434128 -6.24154e-06 -0.000196699 -0.000545396 -0.000196183
1.24 -0.000879332 0.000273634 -5.16387e-06 -0.000123387 -0.000405542 -0.00012326
1.25 -0.000472409 9.80537e-05 -3.46583e-06 -4.47504e-05 -0.000227486 -4.08967e-05
1.26 -4.76615e-05 -8.47808e-05 -1.34179e-06 3.6978e-05 -3.16074e-05 4.37417e-05
1.27 0.000350879 -0.000265816 7.98101e-07 0.000119655 0.000160742 0.000124282
1.28 0.000704137 -0.000437097 2.49913e-06 0.000199958 0.000330504 0.000197253
1.29 0.00099668 -0.000591875 3.51153e-06 0.000272655 0.000462508 0.000259939
1.3 0.00120031 -0.000720349 3.83751e-06 0.000330878 0.000546368 0.000308282
1.31 0.00128067 -0.000806278 3.64335e-06 0.000367528 0.000576247 0.000338
1.32 0.0012199 -0.000831756 3.06745e-06 0.000377477 0.000550615 0.000345685
1.33 0.00103047 -0.000789306 2.06415e-06 0.00035967 0.000471576 0.000331998
1.34 0.000742591 -0.000690411 5.15576e-07 0.000317987 0.000343537 0.00030129
1.35 0.000381524 -0.000560597 -1.60516e-06 0.00026022 0.000172995 0.00025844
1.36 -4.20182e-05 -0.000424222 -4.22604e-06 0.000195604 -3.10738e-05 0.000207788
1.37 -0.000519307 -0.000293193 -7.17961e-06 0.000132193 -0.000255942 0.000151979
1.38 -0.00102134 -0.00016961 -1.02367e-05 7.53198e-05 -0.000484179 9.44808e-05
1.39 -0.00149415 -5.69563e-05 -1.31574e-05 2.75607e-05 -0.000695139 4.12395e-05
1.4 -0.00187586 3.45348e-05 -1.56312e-05 -1.02794e-05 -0.00086782 -1.56651e-06
1.41 -0.00212152 9.44922e-05 -1.73056e-05 -3.7932e-05 -0.000984836 -2.90447e-05
1.42 -0.00221689 0.000121731 -1.79545e-05 -5.46938e-05 -0.00103558 -4.036e-05
1.43 -0.00217011 0.000123294 -1.75289e-05 -5.89905e-05 -0.00101693 -3.77739e-05
1.44 -0.0019957 0.000103248 -1.61354e-05 -4.87242e-05 -0.000932619 -2.33489e-05
1.45 -0.00170483 5.53142e-05 -1.39988e-05 -2.25427e-05 -0.000791155 1.18263e-06
1.46 -0.0013077 -2.94365e-05 -1.13191e-05 1.83461e-05 -0.000603664 3.45907e-05
1.47 -0.000824892 -0.000146205 -8.21459e-06 6.8864e-05 -0.000382773 7.3476e-05
1.48 -0.000291255 -0.000269663 -4.78356e-06 0.000120383 -0.000141592 0.000111212
1.49 0.000250086 -0.000366153 -1.08573e-06 0.000162905 0.000106096 0.00014111
1.5 0.00075953 -0.00041402 2.81745e-06 0.000188076 0.000345694 0.000157985
1.51 0.00120997 -0.000412483 6.73819e-06 0.000191436 0.000562008 0.00016022
1.52 0.00158187 -0.000372237 1.03717e-05 0.000172916 0.000739429 0.000148328
1.53 0.00185326 -0.000300465 1.33532e-05 0.000135748 0.000863671 0.000121831
1.54 0.00199542 -0.000196983 1.53399e-05 8.47205e-05 0.000923885 8.02471e-05
1.55 0.00198203 -6.32271e-05 1.61948e-05 2.46318e-05 0.000915085 2.37781e-05
1.56 0.00180995 8.96371e-05 1.60083e-05 -4.06957e-05 0.000840294 -4.41422e-05
1.57 0.00150897 0.000244921 1.4944e-05 -0.000108699 0.000710076 -0.000116447
1.58 0.00113114 0.000392083 1.31896e-05 -0.000177556 0.000540487 -0.000186244
1.59 0.000725771 0.000531044 1.09434e-05 -0.000244941 0.000349483 -0.000248045
1.6 0.000319522 0.000662816 8.39945e-06 -0.000306679 0.000153435 -0.000298954
1.61 -7.72623e-05 0.000776801 5.79713e-06 -0.00035632 -3.38996e-05 -0.000336926
1.62 -0.000449722 0.000849967 3.33255e-06 -0.000386341 -0.000201316 -0.000358124
1.63 -0.00076547 0.000860405 1.032e-06 -0.000390595 -0.000338993 -0.000359053
1.64 -0.000983782 0.00080228 -1.12398e-06 -0.000366752 -0.000437845 -0.000337918
1.65 -0.00108093 0.000688328 -3.03734e-06 -0.000317383 -0.00049046 -0.000296774
1.66 -0.0010608 0.000539586 -4.45693e-06 -0.000249212 -0.000491789 -0.000241327
1.67 -0.000942095 0.000374105 -5.03047e-06 -0.000171088 -0.000440414 -0.000176857
1.68 -0.000737333 0.000204214 -4.55191e-06 -9.16664e-05 -0.000339492 -0.000107684
1.69 -0.000446806 4.04556e-05 -3.1629e-06 -1.76486e-05 -0.000197206 -3.69565e-05
1.7 -7.92483e-05 -0.000106109 -1.20598e-06 4.69975e-05 -2.74623e-05 3.15234e-05
1.71 0.000327653 -0.00022674 9.81045e-07 0.000100712 0.000151558 9.13121e-05
1.72 0.000711922 -0.000318325 3.14403e-06 0.000143144 0.000320286 0.0001365
1.73 0.0010161 -0.000381691 5.13792e-06 0.00017366 0.000461428 0.0001634
1.74 0.00121704 -0.000416188 6.81099e-06 0.000190423 0.000563374 0.000172073
1.75 0.00132387 -0.000416864 7.94667e-06 0.000190698 0.000620337 0.000165651
1.76 0.00135075 -0.000377742 8.43728e-06 0.000172336 0.000630869 0.000146372
1.77 0.00129424 -0.000298089 8.33701e-06 0.000135657 0.000595722 0.000116013
1.78 0.00113565 -0.000186189 7.72655e-06 8.46743e-05 0.000516321 7.66313e-05
1.79 0.000867323 -5.85539e-05 6.6222e-06 2.69558e-05 0.000395635 3.22469e-05
1.8 0.000509515 6.364e-05 4.90229e-06 -2.79198e-05 0.000238986 -9.89967e-06
1.81 0.000101534 0.000159145 2.38944e-06 -7.07418e-05 5.4858e-05 -4.32931e-05
1.82 -0.000319637 0.000212116 -8.7394e-07 -9.50227e-05 -0.000144728 -6.37764e-05
1.83 -0.000732921 0.000217278 -4.57051e-06 -9.84405e-05 -0.000345196 -7.02558e-05
1.84 -0.00112217 0.000181019 -8.27386e-06 -8.27761e-05 -0.000530045 -6.3706e-05
1.85 -0.00145927 0.000115901 -1.15651e-05 -5.24122e-05 -0.000682848 -4.36496e-05
1.86 -0.00170424 3.19975e-05 -1.41652e-05 -1.21788e-05 -0.000790097 -9.67383e-06
1.87 -0.00182233 -6.73254e-05 -1.59678e-05 3.43123e-05 -0.000843463 3.70535e-05
1.88 -0.00180614 -0.000181455 -1.69074e-05 8.5036e-05 -0.000841666 9.24781e-05
1.89 -0.00167728 -0.00030544 -1.69699e-05 0.000138662 -0.000789438 0.000149133
1.9 -0.00146764 -0.000428135 -1.62473e-05 0.000193146 -0.000694996 0.000200504
1.91 -0.00120073 -0.000537242 -1.48362e-05 0.000244667 -0.000567652 0.000242246
1.92 -0.000884766 -0.000624095 -1.28104e-05 0.000287431 -0.000415738 0.000271971
1.93 -0.000524841 -0.000681526 -1.02323e-05 0.000314471 -0.000247104 0.000288161
1.94 -0.00013701 -0.000698064 -7.11452e-06 0.000319268 -7.01533e-05 0.000287367
1.95 0.000249641 -0.000658573 -3.53652e-06 0.000297831 0.00010532 0.000266771
1.96 0.000599421 -0.000555069 2.63946e-07 0.000250469 0.000267468 0.000226232
1.97 0.000883024 -0.000398107 3.98977e-06 0.000182286 0.000403882 0.000168999
1.98 0.001083 -0.000215239 7.30462e-06 0.000101866 0.000503245 0.000101622
1.99 0.00119115 -3.52495e-05 9.85576e-06 1.86121e-05 0.000557409 2.95747e-05
2 0.00120567 0.000127549 1.14229e-05 -5.98972e-05 0.000563564 -4.32394e-05
2.01 0.0011274 0.000273964 1.19486e-05 -0.000129168 0.00052439 -0.000113361
2.02 0.000964011 0.000406547 1.15349e-05 -0.000187306 0.000447818 -0.000176842
2.03 0.000735195 0.0005181 1.04635e-05 -0.000233523 0.000345191 -0.000227311
2.04 0.000471269 0.000594561 9.00311e-06 -0.000266764 0.000228535 -0.000259423
2.05 0.00020668 0.000627277 7.24921e-06 -0.000285131 0.000108834 -0.000271105
2.06 -3.45327e-05 0.000618968 5.21866e-06 -0.000286127 -5.77104e-06 -0.000263528
2.07 -0.000245347 0.000576336 2.93403e-06 -0.00026753 -0.000109641 -0.000240617
2.08 -0.000427784 0.000499623 5.07704e-07 -0.000228708 -0.000198108 -0.00020506
2.09 -0.00057898 0.000383944 -1.78831e-06 -0.000172057 -0.000266317 -0.000158762
2.1 -0.000679591 0.000232899 -3.68862e-06 -0.000103807 -0.000308042 -0.000104788
2.11 -0.000702549 6.8747e-05 -5.04228e-06 -3.33669e-05 -0.000317131 -4.79415e-05
2.12 -0.000633262 -7.47491e-05 -5.69787e-06 2.89812e-05 -0.000289857 4.20068e-06
2.13 -0.000480965 -0.000172049 -5.50482e-06 7.50649e-05 -0.000226725 4.52943e-05
2.14 -0.000274367 -0.00021918 -4.38748e-06 0.000100933 -0.000133767 7.23046e-05
2.15 -4.11555e-05 -0.000228403 -2.39924e-06 0.000107036 -2.09973e-05 8.46488e-05
2.16 0.000203539 -0.000211698 1.43345e-07 9.67033e-05 9.95392e-05 8.35246e-05
2.17 0.00044958 -0.000171029 2.75504e-06 7.40595e-05 0.000215734 6.86473e-05
2.18 0.000679891 -0.000103523 5.11001e-06 4.25238e-05 0.000317675 3.97086e-05
2.19 0.000866185 -1.22757e-05 7.12466e-06 4.33245e-06 0.000398218 -1.0671e-06
2.2 0.000984768 9.12153e-05 8.84902e-06 -3.90682e-05 0.000453714 -4.88983e-05
2.21 0.00103342 0.000194894 1.03319e-05 -8.60936e-05 0.000483467 -9.62094e-05
2.22 0.00102749 0.000293105 1.14281e-05 -0.00013389 0.000487679 -0.000136803
2.23 0.000981843 0.000383225 1.18569e-05 -0.0001775 0.000466308 -0.000167436
2.24 0.000891968 0.000456146 1.14603e-05 -0.00021 0.000417996 -0.000186115
2.25 0.000738906 0.000493174 1.02111e-05 -0.000223992 0.00034141 -0.000191507
2.26 0.000513613 0.000475133 8.13645e-06 -0.000214025 0.000237919 -0.000180621
2.27 0.000232024 0.000395666 5.32601e-06 -0.000178792 0.000112846 -0.000151189
2.28 -6.88233e-05 0.00026611 1.8912e-06 -0.000121874 -2.40166e-05 -0.000104538
2.29 -0.000353631 0.00010826 -1.94361e-06 -5.06496e-05 -0.000160629 -4.49305e-05
2.3 -0.00060522 -5.70376e-05 -5.7365e-06 2.60037e-05 -0.000285534 2.08221e-05
2.31 -0.000818589 -0.000215804 -9.04395e-06 0.000100094 -0.000389487 8.72782e-05
2.32 -0.000988901 -0.000359627 -1.16233e-05 0.000166043 -0.000467116 0.000151186
2.33 -0.00110398 -0.000482372 -1.34207e-05 0.000220961 -0.000516486 0.000209037
2.34 -0.00115272 -0.000579131 -1.45429e-05 0.000263823 -0.000538392 0.00025679
2.35 -0.00113766 -0.000646408 -1.50901e-05 0.000294049 -0.000535405 0.000288627
2.36 -0.00107185 -0.000680957 -1.49933e-05 0.000310231 -0.000509689 0.000300017
2.37 -0.000968332 -0.000678031 -1.41489e-05 0.000309754 -0.000462517 0.000290606
2.38 -0.000829215 -0.000632105 -1.25197e-05 0.000289643 -0.000394249 0.000262801
2.39 -0.000648118 -0.000540698 -1.01092e-05 0.000248314 -0.000305617 0.000221044
2.4 -0.000425504 -0.00040806 -7.05069e-06 0.000187307 -0.000200218 0.000168541
2.41 -0.000175729 -0.000245659 -3.59856e-06 0.000112055 -8.49199e-05 0.00010735
2.42 7.44061e-05 -7.01569e-05 -4.04141e-08 3.12341e-05 3.03711e-05 4.14177e-05
2.43 0.000296601 9.86517e-05 3.25427e-06 -4.50899e-05 0.000134751 -2.3662e-05
2.44 0.000472296 0.00024002 5.92887e-06 -0.000107865 0.000219313 -8.04204e-05
2.45 0.000592798 0.000336916 7.80822e-06 -0.000151167 0.000278402 -0.000122926
2.46 0.000658845 0.000382704 8.83499e-06 -0.000173264 0.000310791 -0.000149355
2.47 0.000676413 0.000384203 9.04177e-06 -0.000176191 0.000318727 -0.000159843
2.48 0.000652043 0.000355982 8.57449e-06 -0.000164009 0.000305893 -0.000155698
2.49 0.000591756 0.000308971 7.56523e-06 -0.000140636 0.000276114 -0.000137093
2.5 0.000497242 0.000243752 6.12185e-06 -0.000108446 0.000231556 -0.000104078
2.51 0.000369613 0.00015547 4.36534e-06 -6.83938e-05 0.000173224 -5.99735e-05
2.52 0.000214292 4.52446e-05 2.3119e-06 -2.13978e-05 0.000102351 -1.0478e-05
2.53 4.10653e-05 -7.42398e-05 -5.28248e-08 3.0039e-05 2.14813e-05 3.69372e-05
2.54 -0.000136052 -0.000184706 -2.57705e-06 8.10284e-05 -6.38112e-05 7.63783e-05
2.55 -0.000304256 -0.000272294 -4.96224e-06 0.000124713 -0.00014555 0.00010549
2.56 -0.00045083 -0.00032999 -6.8106e-06 0.000153644 -0.000214462 0.000122645
2.57 -0.000558457 -0.000351169 -7.74677e-06 0.000161605 -0.000261553 0.00012638
2.58 -0.000608644 -0.000325109 -7.67602e-06 0.000145432 -0.000280879 0.000114224
2.59 -0.000588402 -0.000243674 -6.74204e-06 0.000106281 -0.000270453 8.44903e-05
2.6 -0.000501663 -0.000113798 -5.10865e-06 4.97023e-05 -0.000232801 3.97254e-05
2.61 -0.000369356 3.93933e-05 -2.94627e-06 -1.5856e-05 -0.000173808 -1.488e-05
2.62 -0.000213704 0.000185786 -4.1622e-07 -8.16789e-05 -9.97614e-05 -7.26819e-05
2.63 -4.57358e-05 0.000308649 2.31881e-06 -0.000141269 -1.59521e-05 -0.000128459
2.64 0.000138222 0.000409975 4.99463e-06 -0.000191329 7.44224e-05 -0.000179572
2.65 0.000342721 0.000497904 7.39729e-06 -0.000230873 0.000169141 -0.000222655
2.66 0.000557451 0.000570449 9.51668e-06 -0.000259365 0.00026465 -0.000253519
2.67 0.000759442 0.000612972 1.13672e-05 -0.000275257 0.000355459 -0.000267144
2.68 0.000923576 0.000610668 1.28463e-05 -0.000275778 0.000433541 -0.000260003
2.69 0.00103507 0.000560714 1.37053e-05 -0.000257847 0.000489784 -0.00023327
2.7 0.00108864 0.000470815 1.35703e-05 -0.000219468 0.000516059 -0.000190558
2.71 0.00107685 0.000348243 1.2239e-05 -0.000161072 0.00050644 -0.00013647
2.72 0.000989754 0.000194842 9.87958e-06 -8.64691e-05 0.000459433 -7.45655e-05
2.73 0.000822481 1.51983e-05 6.82988e-06 -3.02837e-06 0.000378268 -7.08137e-06
2.74 0.000586919 -0.000172338 3.43617e-06 7.93755e-05 0.000270271 6.14752e-05
2.75 0.000312506 -0.000337329 -1.38909e-08 0.000150668 0.00014543 0.000124863
2.76 2.89071e-05 -0.000453321 -3.36393e-06 0.000203318 1.31342e-05 0.000176153
2.77 -0.000246353 -0.000513169 -6.44524e-06 0.000234143 -0.000119036 0.000210221
2.78 -0.000509702 -0.000528416 -9.02328e-06 0.00024419 -0.000245607 0.000226462
2.79 -0.000759938 -0.000514291 -1.09946e-05 0.000236945 -0.000362209 0.000225947
2.8 -0.000984082 -0.00047629 -1.23696e-05 0.000216094 -0.000463208 0.000210074
2.81 -0.00116006 -0.00041068 -1.31428e-05 0.000184129 -0.000541645 0.000179621
2.82 -0.00126482 -0.000315194 -1.32832e-05 0.000142315 -0.000589536 0.000135329
2.83 -0.00128353 -0.000196428 -1.26489e-05 9.16575e-05 -0.000599523 8.15201e-05
2.84 -0.00121318 -6.69977e-05 -1.10639e-05 3.41741e-05 -0.000567587 2.48725e-05
2.85 -0.00105735 6.15383e-05 -8.5894e-06 -2.61167e-05 -0.000494002 -2.74277e-05
2.86 -0.000827309 0.000180327 -5.50398e-06 -8.29246e-05 -0.000384551 -6.99515e-05
2.87 -0.000542153 0.000278551 -2.17066e-06 -0.000128444 -0.000249746 -0.000101008
2.88 -0.000226962 0.000340573 9.90048e-07 -0.000155159 -0.000102433 -0.000119396
2.89 8.94444e-05 0.000351142 3.66563e-06 -0.000158152 4.40491e-05 -0.000123433
2.9 0.00038273 0.000305008 5.71623e-06 -0.000136889 0.000178728 -0.000111219
2.91 0.000633877 0.000211624 7.05441e-06 -9.55144e-05 0.000293654 -8.18952e-05
2.92 0.000828549 9.05457e-05 7.70133e-06 -4.14524e-05 0.000383316 -3.90223e-05
2.93 0.00095823 -3.78984e-05 7.77353e-06 1.69871e-05 0.000444138 1.13194e-05
2.94 0.00101723 -0.000159159 7.30105e-06 7.28612e-05 0.000472612 6.28403e-05
2.95 0.00100304 -0.000265388 6.27181e-06 0.000121796 0.000465408 0.000110696
2.96 0.000912143 -0.000353187 4.69738e-06 0.000161841 0.000420015 0.000152616
2.97 0.000738603 -0.00042097 2.57795e-06 0.000192291 0.000335805 0.00018545
2.98 0.000483822 -0.000466313 3.65361e-08 0.000212174 0.000216684 0.000204817
2.99 0.000164514 -0.00048349 -2.67103e-06 0.000219225 7.16297e-05 0.000206524
3 -0.000182881 -0.000463465 -5.31147e-06 0.000210016 -8.55409e-05 0.000188214
3.01 -0.000513115 -0.000398211 -7.60128e-06 0.000181314 -0.000238158 0.000152265
3.02 -0.000791795 -0.000286974 -9.19361e-06 0.000132056 -0.000370686 0.000103314
3.03 -0.00100129 -0.000139009 -9.85465e-06 6.48803e-05 -0.000470763 4.58578e-05
3.04 -0.00113582 2.96727e-05 -9.49066e-06 -1.36348e-05 -0.000530887 -1.64796e-05
3.05 -0.00118803 0.000201727 -8.20666e-06 -9.41814e-05 -0.000548167 -8.12111e-05
3.06 -0.00114519 0.000360636 -6.34319e-06 -0.000166867 -0.000522617 -0.000143582
3.07 -0.00100251 0.000489692 -4.18247e-06 -0.000223491 -0.000456823 -0.000196954
3.08 -0.000771214 0.000573327 -1.78708e-06 -0.000259234 -0.000354559 -0.000235204
3.09 -0.000476006 0.00060353 8.49992e-07 -0.000273249 -0.000220603 -0.000254411
3.1 -0.000140074 0.000585677 3.72648e-06 -0.000267949 -6.1335e-05 -0.000255081
3.11 0.000226129 0.000535286 6.70676e-06 -0.000247207 0.000115154 -0.000239279
3.12 0.000612888 0.000465723 9.45553e-06 -0.00021434 0.000297228 -0.000208517
3.13 0.000995179 0.000378149 1.16915e-05 -0.000170999 0.000469773 -0.000164136
3.14 0.00132692 0.000264768 1.32721e-05 -0.000117676 0.000615863 -0.000107818
3.15 0.00155681 0.00012292 1.40331e-05 -5.54438e-05 0.000719309 -4.47019e-05
3.16 0.00165631 -3.45674e-05 1.38265e-05 1.23038e-05 0.00076902 1.77446e-05
3.17 0.00162709 -0.000183795 1.25696e-05 7.93191e-05 0.000760595 7.27811e-05
3.18 0.00148901 -0.000303893 1.0291e-05 0.000137516 0.000696262 0.000115755
3.19 0.0012602 -0.000385546 7.31754e-06 0.000178929 0.000583545 0.000145504
3.2 0.000948266 -0.000426415 4.13849e-06 0.000197727 0.000432262 0.000161333
3.21 0.000564173 -0.000422179 1.05762e-06 0.000191682 0.000253634 0.000161484
3.22 0.000133023 -0.000366934 -1.82568e-06 0.000162808 5.92025e-05 0.000144686
3.23 -0.000307365 -0.000264042 -4.53423e-06 0.000116932 -0.000139701 0.000111228
3.24 -0.000719503 -0.000133603 -7.10461e-06 6.21031e-05 -0.000331151 6.55729e-05
3.25 -0.00107999 -4.41913e-06 -9.35656e-06 6.17597e-06 -0.000503112 1.45788e-05
3.26 -0.00137333 0.000104161 -1.0986e-05 -4.53243e-05 -0.000642767 -3.58189e-05
3.27 -0.00158072 0.000192165 -1.18189e-05 -8.98835e-05 -0.00073713 -8.12981e-05
3.28 -0.00167584 0.000269996 -1.1762e-05 -0.000126869 -0.000775491 -0.000119687
3.29 -0.00163282 0.000340135 -1.07865e-05 -0.000155491 -0.000751344 -0.000148027
3.3 -0.00144595 0.000389071 -8.98061e-06 -0.000173367 -0.000665403 -0.000161828
3.31 -0.0011361 0.000397254 -6.45801e-06 -0.000176643 -0.000526065 -0.000157657
3.32 -0.000743606 0.000355204 -3.45059e-06 -0.000161477 -0.000347577 -0.000134488
3.33 -0.000313832 0.000268653 -3.8724e-07 -0.000125903 -0.000147822 -9.56248e-05
3.34 0.000117904 0.000149812 2.36075e-06 -7.11776e-05 5.56269e-05 -4.64548e-05
3.35 0.000525968 7.69447e-06 4.58895e-06 -2.23246e-06 0.000247295 8.72704e-06
3.36 0.000889405 -0.000150464 6.20565e-06 7.28393e-05 0.000414449 6.64881e-05
3.37 0.00118633 -0.00031019 7.27698e-06 0.000144253 0.000547337 0.000123994
3.38 0.00139066 -0.000447138 7.87288e-06 0.000202774 0.000637541 0.000176401
3.39 0.00148022 -0.000537587 7.92251e-06 0.000242049 0.000678154 0.000216979
3.4 0.0014429 -0.000572703 7.36136e-06 0.000259933 0.000664105 0.000240493
3.41 0.00128073 -0.000561681 6.13509e-06 0.000258072 0.000592958 0.000244485
3.42 0.0010086 -0.000520405 4.16861e-06 0.000240004 0.000467244 0.000230411
3.43 0.000645037 -0.000457342 1.5577e-06 0.000208965 0.000294846 0.000201159
3.44 0.000211778 -0.000370154 -1.43782e-06 0.000166718 8.95385e-05 0.000158406
3.45 -0.00026191 -0.00025414 -4.49663e-06 0.0001139 -0.00012984 0.000103889
3.46 -0.000733334 -0.000111939 -7.20505e-06 5.14023e-05 -0.000342376 4.03204e-05
3.47 -0.00114718 4.47917e-05 -9.23997e-06 -1.81262e-05 -0.000527482 -2.65437e-05
3.48 -0.00145493 0.000200535 -1.05051e-05 -8.94774e-05 -0.00066872 -8.88447e-05
3.49 -0.00163246 0.000340416 -1.09565e-05 -0.000155147 -0.000755943 -0.000140431
3.5 -0.0016835 0.000450422 -1.05961e-05 -0.00020668 -0.000784907 -0.000177745
3.51 -0.00162474 0.000516869 -9.52956e-06 -0.00023677 -0.000756424 -0.000200129
3.52 -0.00146216 0.000529494 -7.85313e-06 -0.000241393 -0.000673494 -0.000207395
3.53 -0.00118939 0.000486816 -5.70624e-06 -0.000221085 -0.000540458 -0.000197994
3.54 -0.000805068 0.000398332 -3.25984e-06 -0.000180697 -0.000363891 -0.000171323
3.55 -0.000332207 0.000280882 -5.14707e-07 -0.000127691 -0.000153265 -0.00012905
3.56 0.00017945 0.000152204 2.56541e-06 -6.97851e-05 7.73748e-05 -7.64946e-05
3.57 0.000677301 2.62818e-05 5.82386e-06 -1.30174e-05 0.00031041 -2.10362e-05
3.58 0.00112508 -8.80829e-05 8.94621e-06 3.90352e-05 0.000526444 3.16956e-05
3.59 0.00150155 -0.000186875 1.14769e-05 8.47542e-05 0.000705891 7.80243e-05
3.6 0.00178426 -0.000269179 1.2995e-05 0.000123136 0.000832121 0.000115745
3.61 0.00193725 -0.000333438 1.34257e-05 0.000152353 0.000893183 0.000142008
3.62 0.00192763 -0.000372977 1.29203e-05 0.000169042 0.000884062 0.000152459
3.63 0.00175161 -0.000375445 1.16235e-05 0.000168873 0.000808011 0.000144403
3.64 0.00144274 -0.000329231 9.6939e-06 0.000148296 0.000674628 0.000118253
3.65 0.00105362 -0.000232976 7.25619e-06 0.000106662 0.00049769 7.81201e-05
3.66 0.000622247 -9.95134e-05 4.44525e-06 4.75339e-05 0.000291605 2.98253e-05
3.67 0.000161872 4.99988e-05 1.5409e-06 -2.1606e-05 6.96179e-05 -2.24928e-05
3.68 -0.000320186 0.000196063 -1.24619e-06 -9.11326e-05 -0.00015504 -7.57117e-05
3.69 -0.000798124 0.000325312 -3.90597e-06 -0.000151683 -0.000368596 -0.000126587
3.7 -0.00122043 0.000427104 -6.40938e-06 -0.000196223 -0.000555589 -0.000170176
3.71 -0.0015336 0.000489838 -8.6277e-06 -0.000221182 -0.000700083 -0.000199974
3.72 -0.0017077 0.000504587 -1.02971e-05 -0.00022649 -0.000788551 -0.00021163
3.73 -0.0017402 0.000473024 -1.10137e-05 -0.000214612 -0.00081147 -0.000204213
3.74 -0.0016418 0.000408649 -1.05717e-05 -0.000188888 -0.000765747 -0.000179993
3.75 -0.00141841 0.000326398 -9.12012e-06 -0.000151846 -0.00065525 -0.000142363
3.76 -0.00107524 0.000229932 -6.93609e-06 -0.00010446 -0.000490461 -9.3212e-05
3.77 -0.000634149 0.000111035 -4.34662e-06 -4.69187e-05 -0.000288082 -3.45251e-05
3.78 -0.000140964 -3.63745e-05 -1.64852e-06 1.94677e-05 -6.77714e-05 3.00239e-05
3.79 0.000344224 -0.000201648 1.01214e-06 9.05299e-05 0.000150626 9.42026e-05
3.8 0.000772574 -0.000358044 3.47324e-06 0.000158969 0.0003499 0.000150238
3.81 0.0011206 -0.000478409 5.53551e-06 0.000215877 0.000517356 0.000192701
3.82 0.0013824 -0.00054976 7.14592e-06 0.0002532 0.000643422 0.000219301
3.83 0.00155312 -0.000572976 8.28453e-06 0.0002659 0.000720852 0.000229938
3.84 0.00161536 -0.000551448 8.87749e-06 0.000253051 0.000743642 0.000224821
3.85 0.00154601 -0.000484534 8.86571e-06 0.000217785 0.000707181 0.000202881
3.86 0.00133409 -0.000373983 8.1044e-06 0.000166314 0.000610843 0.000164225
3.87 0.000992271 -0.000233936 6.45357e-06 0.00010626 0.000459177 0.000111931
3.88 0.000557774 -8.93383e-05 4.01123e-06 4.46262e-05 0.000263299 5.21333e-05
3.89 7.73802e-05 3.88485e-05 1.00887e-06 -1.38355e-05 4.03806e-05 -7.63997e-06
3.9 -0.000406665 0.000146472 -2.25021e-06 -6.69516e-05 -0.000189215 -6.2089e-05
3.91 -0.000860223 0.000242436 -5.34029e-06 -0.000113895 -0.000404087 -0.000108249
3.92 -0.001254 0.000331678 -7.92259e-06 -0.000153201 -0.000585345 -0.000143929
3.93 -0.00155549 0.00040305 -9.82038e-06 -0.000181495 -0.000718747 -0.000166318
3.94 -0.00173269 0.000434969 -1.09337e-05 -0.000193927 -0.000795371 -0.000171522
3.95 -0.00176718 0.000412394 -1.13431e-05 -0.000186068 -0.000812478 -0.00015767
3.96 -0.0016634 0.000337515 -1.11966e-05 -0.000156107 -0.000771774 -0.000126632
3.97 -0.00144715 0.000225159 -1.04724e-05 -0.000106162 -0.000678107 -8.33181e-05
3.98 -0.00114665 9.10941e-05 -9.10462e-06 -4.22539e-05 -0.000538251 -3.3692e-05
3.99 -0.000776521 -5.29137e-05 -7.07258e-06 2.68699e-05 -0.000359685 1.81953e-05
4 -0.000341452 -0.000194297 -4.386e-06 9.16211e-05 -0.000152258 6.94916e-05
