0.01 2.80869e-06 -1.74705e-07 -9.15318e-08 1.32144e-07 4.86272e-06 -4.82215e-07
0.02 2.31218e-05 -1.81476e-06 -5.68143e-07 1.2014e-06 2.69292e-05 -3.33942e-06
0.03 9.41507e-05 -9.34997e-06 -1.68716e-06 5.4901e-06 7.97345e-05 -1.23567e-05
0.04 0.000256167 -3.20165e-05 -3.38766e-06 1.70407e-05 0.000172925 -3.21962e-05
0.05 0.000531282 -8.23685e-05 -5.51119e-06 4.08016e-05 0.000309485 -6.58767e-05
0.06 0.000909599 -0.00017076 -8.01118e-06 8.08374e-05 0.000486616 -0.000113171
0.07 0.00136047 -0.000299159 -1.08397e-05 0.000138435 0.000698041 -0.000171191
0.08 0.0018554 -0.000459235 -1.3925e-05 0.000211046 0.000935104 -0.000236184
0.09 0.00237985 -0.000635973 -1.71821e-05 0.000292574 0.00118859 -0.000304902
0.1 0.00292443 -0.000813025 -2.04746e-05 0.000374828 0.00144782 -0.000374234
0.11 0.00346777 -0.000975456 -2.36845e-05 0.000449468 0.00169962 -0.000440043
0.12 0.00397017 -0.00110972 -2.67119e-05 0.000509706 0.0019283 -0.000496875
0.13 0.00438317 -0.00120414 -2.93679e-05 0.000551265 0.00211636 -0.000539036
0.14 0.00466561 -0.00125157 -3.1376e-05 0.000572428 0.00224689 -0.000562296
0.15 0.00479233 -0.00125157 -3.24479e-05 0.000573299 0.00230598 -0.000564723
0.16 0.00475209 -0.00120862 -3.23638e-05 0.000554705 0.00228468 -0.000546195
0.17 0.00454172 -0.00112707 -3.10592e-05 0.000517315 0.00218026 -0.000507454
0.18 0.00416458 -0.00100748 -2.86278e-05 0.000461491 0.00199626 -0.000449749
0.19 0.00363397 -0.000848527 -2.5245e-05 0.000387959 0.00174182 -0.000375363
0.2 0.00297624 -0.000652875 -2.11128e-05 0.000298895 0.00143018 -0.000288238
0.21 0.00222809 -0.000431207 -1.6425e-05 0.000198687 0.00107691 -0.000193795
0.22 0.00142933 -0.00020069 -1.13481e-05 9.38448e-05 0.000698363 -9.79299e-05
0.23 0.000616329 2.05586e-05 -6.03625e-06 -7.99234e-06 0.000310739 -5.89384e-06
0.24 -0.000179756 0.000218153 -6.51691e-07 -9.95267e-05 -7.02261e-05 7.81621e-05
0.25 -0.000930056 0.000382511 4.62283e-06 -0.000175184 -0.000429272 0.000150962
0.26 -0.00160508 0.000507762 9.57297e-06 -0.000231961 -0.000751945 0.000209824
0.27 -0.00217565 0.000591445 1.39681e-05 -0.000269559 -0.00102545 0.000252845
0.28 -0.002618 0.000635543 1.76005e-05 -0.000289858 -0.00124004 0.00027947
0.29 -0.0029199 0.000646729 2.03219e-05 -0.000295966 -0.00139043 0.000290856
0.3 -0.00308339 0.000634095 2.20702e-05 -0.000291229 -0.00147663 0.000289637
0.31 -0.00312286 0.000605629 2.28787e-05 -0.000278581 -0.00150386 0.000279209
0.32 -0.00306009 0.000566436 2.28642e-05 -0.000260473 -0.0014815 0.000263085
0.33 -0.00291977 0.000520197 2.22004e-05 -0.000239269 -0.00142151 0.000244644
0.34 -0.00272732 0.00047209 2.10802e-05 -0.000217742 -0.00133668 0.000227162
0.35 -0.00250819 0.000430081 1.96755e-05 -0.000199238 -0.00123918 0.000213717
0.36 -0.0022868 0.000403207 1.81141e-05 -0.000187284 -0.00113965 0.000206786
0.37 -0.00208404 0.000398309 1.64878e-05 -0.000184786 -0.00104672 0.000207716
0.38 -0.00191484 0.000417693 1.48786e-05 -0.000193149 -0.000966975 0.000216463
0.39 -0.00178751 0.000458849 1.33821e-05 -0.000211708 -0.000904913 0.000231742
0.4 -0.00170512 0.000515525 1.21058e-05 -0.000237702 -0.00086296 0.000251422
0.41 -0.00166703 0.000578945 1.1141e-05 -0.000266798 -0.000841213 0.000272851
0.42 -0.00166863 0.000638872 1.05306e-05 -0.000293973 -0.000837083 0.000292984
0.43 -0.0016994 0.000684948 1.0251e-05 -0.000314495 -0.000845082 0.000308474
0.44 -0.00174177 0.00070845 1.02155e-05 -0.000324664 -0.000857054 0.000315927
0.45 -0.00177263 0.000703724 1.02901e-05 -0.000322149 -0.000863028 0.000312373
0.46 -0.00176775 0.000668438 1.0315e-05 -0.000305874 -0.000852573 0.000295725
0.47 -0.00170646 0.00060259 1.01268e-05 -0.000275654 -0.000816308 0.000265043
0.48 -0.00157439 0.000507223 9.5853e-06 -0.000231843 -0.000747157 0.000220516
0.49 -0.00136371 0.000383923 8.59574e-06 -0.00017522 -0.000641081 0.000163339
0.5 -0.00107239 0.000235406 7.11824e-06 -0.000107162 -0.000497252 9.56256e-05
0.51 -0.000703796 6.65785e-05 5.15836e-06 -2.99657e-05 -0.000317804 2.03661e-05
0.52 -0.000266918 -0.000114835 2.74685e-06 5.29137e-05 -0.000107384 -5.86914e-05
0.53 0.000223805 -0.000298608 -7.56272e-08 0.00013692 0.00012732 -0.000137335
0.54 0.000749596 -0.000473193 -3.25741e-06 0.000216824 0.000377967 -0.000211323
0.55 0.00128901 -0.000627334 -6.72135e-06 0.000287433 0.000634858 -0.000276801
0.56 0.00181917 -0.000751655 -1.03501e-05 0.000344383 0.000887227 -0.000330591
0.57 0.0023164 -0.000839859 -1.39834e-05 0.000384761 0.00112366 -0.000370334
0.58 0.00275676 -0.000889296 -1.74305e-05 0.000407387 0.00133278 -0.000394592
0.59 0.00311766 -0.000900809 -2.04922e-05 0.000412714 0.00150412 -0.000402952
0.6 0.00338037 -0.000877998 -2.29858e-05 0.000402428 0.00162921 -0.000396109
0.61 0.00353261 -0.000826213 -2.47656e-05 0.000378964 0.00170241 -0.000375816
0.62 0.00356985 -0.000751644 -2.57381e-05 0.000345097 0.00172142 -0.000344686
0.63 0.003495 -0.000660773 -2.58674e-05 0.000303732 0.00168732 -0.000305871
0.64 0.003317 -0.000560214 -2.5171e-05 0.000257871 0.00160408 -0.000262749
0.65 0.00304915 -0.00045678 -2.37076e-05 0.000210644 0.00147795 -0.000218652
0.66 0.00270788 -0.000357467 -2.15633e-05 0.00016527 0.00131674 -0.00017664
0.67 0.00231173 -0.000269051 -1.88416e-05 0.000124841 0.00112912 -0.000139278
0.68 0.00188045 -0.00019726 -1.56611e-05 9.19418e-05 0.000924238 -0.00010841
0.69 0.00143398 -0.000145716 -1.21586e-05 6.82046e-05 0.000711295 -8.49875e-05
0.7 0.0009914 -0.000115119 -8.49041e-06 5.39672e-05 0.000499216 -6.90123e-05
0.71 0.000570011 -0.000103043 -4.8276e-06 4.81694e-05 0.000296242 -5.9609e-05
0.72 0.000184441 -0.000104462 -1.34262e-06 4.85493e-05 0.000109431 -5.51906e-05
0.73 -0.00015424 -0.00011278 1.80927e-06 5.20814e-05 -5.58579e-05 -5.36559e-05
0.74 -0.000439379 -0.000120978 4.50872e-06 5.5523e-05 -0.000196403 -5.25973e-05
0.75 -0.000669303 -0.000122593 6.68503e-06 5.59091e-05 -0.00031132 -4.95274e-05
0.76 -0.000847222 -0.000112388 8.31946e-06 5.08833e-05 -0.00040195 -4.21367e-05
0.77 -0.000980352 -8.66948e-05 9.43918e-06 3.88296e-05 -0.000471436 -2.85591e-05
0.78 -0.00107843 -4.3474e-05 1.01052e-05 1.88526e-05 -0.000524094 -7.59474e-06
0.79 -0.0011521 1.78032e-05 1.03988e-05 -9.30071e-06 -0.000564719 2.11556e-05
0.8 -0.00121157 9.63095e-05 1.04104e-05 -4.52861e-05 -0.000597993 5.72514e-05
0.81 -0.0012658 0.000189883 1.02331e-05 -8.81321e-05 -0.000628075 9.94501e-05
0.82 -0.00132216 0.000294877 9.95859e-06 -0.00013616 -0.000658364 0.000145796
0.83 -0.00138615 0.000406002 9.67631e-06 -0.000186937 -0.00069138 0.000193758
0.84 -0.00146122 0.000516419 9.47019e-06 -0.000237346 -0.000728686 0.000240424
0.85 -0.00154842 0.000618286 9.41321e-06 -0.000283833 -0.000770781 0.000282751
0.86 -0.00164615 0.000703686 9.55855e-06 -0.000322808 -0.000816981 0.000317835
0.87 -0.00175006 0.000765695 9.92946e-06 -0.000351104 -0.000865347 0.000343172
0.88 -0.00185321 0.000799263 1.05116e-05 -0.000366394 -0.00091272 0.000356861
0.89 -0.0019466 0.000801722 1.12515e-05 -0.000367449 -0.000954932 0.000357751
0.9 -0.00201995 0.000772887 1.20625e-05 -0.000354199 -0.000987205 0.000345532
0.91 -0.00206272 0.000714833 1.28378e-05 -0.000327618 -0.00100467 0.00032076
0.92 -0.00206532 0.000631458 1.34646e-05 -0.000289503 -0.0010029 0.000284826
0.93 -0.00202011 0.000527969 1.38371e-05 -0.000242217 -0.000978409 0.000239847
0.94 -0.00192217 0.000410397 1.38658e-05 -0.00018849 -0.00092893 0.000188481
0.95 -0.00176954 0.000285224 1.34814e-05 -0.000131266 -0.000853555 0.000133703
0.96 -0.00156313 0.000159117 1.26368e-05 -7.35864e-05 -0.00075271 7.85623e-05
0.97 -0.00130644 3.86679e-05 1.13084e-05 -1.84686e-05 -0.000628055 2.59473e-05
0.98 -0.0010053 -6.99789e-05 9.49646e-06 3.12817e-05 -0.000482364 -2.16232e-05
0.99 -0.000667672 -0.000161653 7.22851e-06 7.331e-05 -0.000319423 -6.21825e-05
1 -0.000303485 -0.00023275 4.56115e-06 0.000105974 -0.000143932 -9.44518e-05
1.01 7.56529e-05 -0.000281705 1.58161e-06 0.000128551 3.86314e-05 -0.000117914
1.02 0.000456977 -0.000309182 -1.59436e-06 0.000141333 0.000222239 -0.000132815
1.03 0.000827275 -0.000317905 -4.82914e-06 0.000145549 0.000400625 -0.000140092
1.04 0.00117373 -0.00031217 -7.97441e-06 0.000143162 0.000567686 -0.000141244
1.05 0.00148476 -0.000297184 -1.08846e-05 0.000136548 0.000717891 -0.000138157
1.06 0.00175073 -0.000278358 -1.34301e-05 0.000128176 0.000846639 -0.000132913
1.07 0.0019645 -0.000260708 -1.55062e-05 0.000120326 0.000950496 -0.000127576
1.08 0.00212161 -0.00024842 -1.70388e-05 0.000114891 0.0010273 -0.000123995
1.09 0.00222023 -0.000244597 -1.79853e-05 0.000113274 0.00107611 -0.000123612
1.1 0.00226094 -0.000251147 -1.83331e-05 0.000116342 0.00109714 -0.000127332
1.11 0.00224634 -0.000268729 -1.80977e-05 0.000124396 0.00109155 -0.00013543
1.12 0.0021808 -0.000296713 -1.7321e-05 0.000137155 0.00106138 -0.000147539
1.13 0.00207019 -0.000333149 -1.60693e-05 0.000153733 0.00100938 -0.000162689
1.14 0.00192166 -0.000374788 -1.44312e-05 0.000172652 0.000938926 -0.0001794
1.15 0.00174334 -0.000417258 -1.2513e-05 0.000191922 0.000853866 -0.000195822
1.16 0.0015439 -0.000455421 -1.04328e-05 0.000209204 0.000758311 -0.000209913
1.17 0.00133201 -0.000483919 -8.31051e-06 0.00022206 0.000656381 -0.000219631
1.18 0.00111576 -0.000497816 -6.25816e-06 0.000228243 0.000551936 -0.000223136
1.19 0.000902088 -0.000493215 -4.36981e-06 0.000225975 0.000448315 -0.000218971
1.2 0.000696469 -0.000467717 -2.71426e-06 0.000214167 0.000348156 -0.0002062
1.21 0.0005027 -0.000420664 -1.33136e-06 0.000192521 0.000253315 -0.000184513
1.22 0.000322947 -0.000353141 -2.3234e-07 0.000161541 0.000164875 -0.000154264
1.23 0.000157928 -0.000267788 5.96971e-07 0.000122436 8.32355e-05 -0.000116462
1.24 7.15869e-06 -0.00016851 1.1913e-06 7.6991e-05 8.2292e-06 -7.27023e-05
1.25 -0.000130785 -6.01308e-05 1.6009e-06 2.7405e-05 -6.0756e-05 -2.50491e-05
1.26 -0.000258039 5.19312e-05 1.88699e-06 -2.38554e-05 -0.00012467 2.41257e-05
1.27 -0.000377244 0.000161995 2.11744e-06 -7.42028e-05 -0.000184708 7.23276e-05
1.28 -0.000491335 0.000264448 2.36228e-06 -0.000121079 -0.0002422 0.000117132
1.29 -0.000603263 0.00035411 2.6883e-06 -0.00016212 -0.000298488 0.000156371
1.3 -0.000715666 0.000426631 3.15275e-06 -0.00019534 -0.000354762 0.000188288
1.31 -0.000830481 0.000478873 3.79676e-06 -0.000219305 -0.000411878 0.000211668
1.32 -0.000948578 0.000509228 4.63972e-06 -0.00023328 -0.000470191 0.000225915
1.33 -0.0010695 0.000517783 5.67566e-06 -0.000237301 -0.000529435 0.000231074
1.34 -0.00119136 0.000506278 6.87274e-06 -0.000232159 -0.000588676 0.000227806
1.35 -0.0013109 0.000477865 8.1759e-06 -0.00021929 -0.000646347 0.000217303
1.36 -0.00142376 0.000436707 9.51218e-06 -0.000200589 -0.000700357 0.000201167
1.37 -0.00152475 0.000387493 1.07976e-05 -0.000178195 -0.000748245 0.000181255
1.38 -0.00160825 0.000334966 1.19442e-05 -0.000154269 -0.00078735 0.000159513
1.39 -0.00166853 0.00028351 1.28668e-05 -0.000130806 -0.000814983 0.000137797
1.4 -0.00170012 0.000236831 1.34883e-05 -0.000109491 -0.000828579 0.000117724
1.41 -0.00169807 0.000197737 1.37442e-05 -9.16032e-05 -0.000825854 0.000100529
1.42 -0.00165837 0.000167983 1.35867e-05 -7.79418e-05 -0.00080496 8.69801e-05
1.43 -0.00157822 0.000148183 1.29881e-05 -6.87904e-05 -0.00076464 7.73285e-05
1.44 -0.00145638 0.000137781 1.19442e-05 -6.39e-05 -0.000704386 7.13093e-05
1.45 -0.00129348 0.000135092 1.04761e-05 -6.25077e-05 -0.00062457 6.81928e-05
1.46 -0.00109218 0.000137448 8.63088e-06 -6.34013e-05 -0.000526526 6.6876e-05
1.47 -0.000857207 0.000141454 6.47932e-06 -6.50376e-05 -0.000412555 6.60073e-05
1.48 -0.00059518 0.000143358 4.11147e-06 -6.57098e-05 -0.000285847 6.41333e-05
1.49 -0.000314307 0.000139482 1.63012e-06 -6.37459e-05 -0.00015033 5.98535e-05
1.5 -2.39199e-05 0.00012667 -8.56734e-07 -5.77102e-05 -1.0447e-05 5.19692e-05
1.51 0.00026605 0.000102657 -3.24363e-06 -4.65739e-05 0.000129085 3.96123e-05
1.52 0.000545612 6.63289e-05 -5.43439e-06 -2.98326e-05 0.000263531 2.23422e-05
1.53 0.000805226 1.78276e-05 -7.34744e-06 -7.55513e-06 0.000388385 2.02918e-07
1.54 0.00103628 -4.14765e-05 -8.91966e-06 1.96298e-05 0.000499584 -2.62637e-05
1.55 0.00123151 -0.000109126 -1.01087e-05 5.05992e-05 0.000593713 -5.60508e-05
1.56 0.0013854 -0.000181792 -1.08943e-05 8.38349e-05 0.000668172 -8.77608e-05
1.57 0.00149443 -0.000255534 -1.12787e-05 0.000117542 0.000721321 -0.000119716
1.58 0.00155735 -0.000326086 -1.12861e-05 0.000149776 0.000752571 -0.000150093
1.59 0.00157521 -0.000389159 -1.09608e-05 0.000178585 0.000762418 -0.000177074
1.6 0.0015513 -0.000440761 -1.03636e-05 0.000202149 0.000752394 -0.000198997
1.61 0.00149083 -0.000477515 -9.567e-06 0.000218929 0.000724946 -0.000214487
1.62 0.00140059 -0.000496957 -8.64895e-06 0.000227801 0.000683232 -0.000222571
1.63 0.0012883 -0.000497777 -7.68624e-06 0.000228169 0.000630865 -0.000222758
1.64 0.0011621 -0.000479957 -6.74811e-06 0.000220024 0.000571628 -0.000215069
1.65 0.00102987 -0.000444784 -5.89098e-06 0.000203952 0.000509196 -0.000200038
1.66 0.000898732 -0.000394727 -5.1549e-06 0.000181081 0.000446879 -0.000178663
1.67 0.000774558 -0.000333188 -4.56175e-06 0.000152961 0.000387415 -0.000152315
1.68 0.000661653 -0.000264181 -4.11513e-06 0.000121422 0.000332809 -0.000122629
1.69 0.000562521 -0.000191964 -3.80145e-06 8.84074e-05 0.000284235 -9.1368e-05
1.7 0.000477771 -0.000120697 -3.59216e-06 5.58121e-05 0.000241991 -6.02799e-05
1.71 0.000406147 -5.41238e-05 -3.44654e-06 2.53433e-05 0.000205516 -3.09637e-05
1.72 0.000344703 4.67349e-06 -3.31528e-06 -1.5942e-06 0.000173476 -4.74857e-06
1.73 0.000289116 5.34652e-05 -3.14472e-06 -2.39827e-05 0.000143906 1.73986e-05
1.74 0.000234135 9.09961e-05 -2.88156e-06 -4.12478e-05 0.000114422 3.49324e-05
1.75 0.000174134 0.00011704 -2.47806e-06 -5.32832e-05 8.2476e-05 4.77491e-05
1.76 0.000103718 0.000132383 -1.89694e-06 -6.04428e-05 4.5635e-05 5.61668e-05
1.77 1.83224e-05 0.000138718 -1.11563e-06 -6.34948e-05 1.86038e-06 6.08703e-05
1.78 -8.5255e-05 0.000138461 -1.29213e-07 -6.35368e-05 -5.02493e-05 6.28236e-05
1.79 -0.000208443 0.000134488 1.04843e-06 -6.18761e-05 -0.000111271 6.31608e-05
1.8 -0.000350646 0.000129816 2.38517e-06 -5.98856e-05 -0.000180845 6.30642e-05
1.81 -0.00050917 0.000127276 3.83281e-06 -5.88524e-05 -0.000257642 6.36418e-05
1.82 -0.000679312 0.000129203 5.33055e-06 -5.98389e-05 -0.000339412 6.58144e-05
1.83 -0.000854618 0.000137199 6.80913e-06 -6.35728e-05 -0.0004231 7.02229e-05
1.84 -0.00102726 0.000151979 8.1954e-06 -7.03786e-05 -0.000505032 7.71641e-05
1.85 -0.00118854 0.000173322 9.41697e-06 -8.01535e-05 -0.000581144 8.65598e-05
1.86 -0.00132948 0.00020011 1.04068e-05 -9.23871e-05 -0.000647252 9.79624e-05
1.87 -0.00144142 0.000230443 1.11076e-05 -0.000106214 -0.000699351 0.000110595
1.88 -0.00151672 0.000261821 1.14757e-05 -0.000120497 -0.000733906 0.000123421
1.89 -0.00154931 0.000291362 1.14844e-05 -0.000133923 -0.000748139 0.000135242
1.9 -0.00153526 0.000316045 1.11263e-05 -0.000145118 -0.000740261 0.00014481
1.91 -0.00147308 0.000332974 1.0414e-05 -0.000152765 -0.000709637 0.000150939
1.92 -0.00136397 0.000339644 9.37972e-06 -0.000155723 -0.000656874 0.00015262
1.93 -0.00121176 0.000334176 8.07279e-06 -0.000153138 -0.000583808 0.000149119
1.94 -0.00102271 0.000315517 6.55624e-06 -0.000144533 -0.000493395 0.000140045
1.95 -0.000805076 0.000283572 4.90226e-06 -0.000129864 -0.00038953 0.000125395
1.96 -0.000568631 0.000239238 3.18729e-06 -0.000109543 -0.000276791 0.000105569
1.97 -0.000323979 0.000184352 1.48704e-06 -8.44083e-05 -0.000160145 8.13354e-05
1.98 -8.18881e-05 0.000121541 -1.28004e-07 -5.56589e-05 -4.46297e-05 5.37855e-05
1.99 0.000147395 5.40024e-05 -1.59661e-06 -2.47544e-05 6.49647e-05 2.42439e-05
2 0.000354795 -1.47568e-05 -2.87003e-06 6.70638e-06 0.000164393 -5.83008e-06
2.01 0.000532963 -8.12038e-05 -3.91439e-06 3.71121e-05 0.000250217 -3.49553e-05
2.02 0.000676722 -0.000142046 -4.71217e-06 6.49613e-05 0.000320003 -6.17409e-05
2.03 0.000783346 -0.000194467 -5.26267e-06 8.89697e-05 0.000372457 -8.49897e-05
2.04 0.000852654 -0.000236319 -5.58114e-06 0.000108157 0.000407464 -0.000103784
2.05 0.00088691 -0.000266252 -5.6969e-06 0.000121907 0.000426042 -0.000117544
2.06 0.000890534 -0.000283798 -5.65022e-06 0.000130004 0.000430206 -0.000126064
2.07 0.000869638 -0.000289367 -5.48836e-06 0.000132634 0.000422754 -0.000129506
2.08 0.000831447 -0.000284194 -5.26123e-06 0.000130357 0.000407001 -0.000128371
2.09 0.000783642 -0.0002702 -5.01692e-06 0.000124047 0.000386474 -0.000123439
2.1 0.000733694 -0.000249804 -4.79769e-06 0.000114805 0.000364602 -0.000115687
2.11 0.000688237 -0.000225683 -4.63668e-06 0.000103849 0.000344429 -0.000106198
2.12 0.000652528 -0.000200515 -4.55555e-06 9.2399e-05 0.00032837 -9.60539e-05
2.13 0.00063004 -0.00017673 -4.56315e-06 8.15619e-05 0.000318016 -8.62423e-05
2.14 0.000622201 -0.000156288 -4.65517e-06 7.2231e-05 0.000314019 -7.75701e-05
2.15 0.000628309 -0.000140524 -4.81474e-06 6.50141e-05 0.000316055 -7.05973e-05
2.16 0.000645621 -0.000130051 -5.01397e-06 6.01914e-05 0.000322863 -6.5596e-05
2.17 0.000669611 -0.000124743 -5.21632e-06 5.77061e-05 0.000332365 -6.2537e-05
2.18 0.000694388 -0.000123783 -5.37964e-06 5.71871e-05 0.000341862 -6.11054e-05
2.19 0.000713229 -0.000125768 -5.45986e-06 5.79976e-05 0.00034828 -6.07424e-05
2.2 0.000719206 -0.000128869 -5.41484e-06 5.93054e-05 0.000348454 -6.07104e-05
2.21 0.000705822 -0.000131011 -5.20831e-06 6.01685e-05 0.000339429 -6.0173e-05
2.22 0.000667638 -0.000130089 -4.81325e-06 5.96301e-05 0.000318744 -5.82847e-05
2.23 0.000600802 -0.000124178 -4.21466e-06 5.68154e-05 0.000284673 -5.42808e-05
2.24 0.000503461 -0.000111734 -3.41125e-06 5.1023e-05 0.00023642 -4.75588e-05
2.25 0.000376 -9.1765e-05 -2.41606e-06 4.18029e-05 0.000174222 -3.77457e-05
2.26 0.000221112 -6.3951e-05 -1.25594e-06 2.90115e-05 9.93848e-05 -2.47432e-05
2.27 4.36812e-05 -2.87056e-05 2.99421e-08 1.28389e-05 1.42214e-05 -8.74855e-06
2.28 -0.000149502 1.28367e-05 1.39242e-06 -6.1963e-06 -7.80756e-05 9.75169e-06
2.29 -0.000350174 5.89013e-05 2.77535e-06 -2.72841e-05 -0.000173638 3.00139e-05
2.3 -0.000549142 0.000107215 4.11903e-06 -4.93875e-05 -0.000268173 5.10928e-05
2.31 -0.00073691 0.000155194 5.36397e-06 -7.13279e-05 -0.000357255 7.19147e-05
2.32 -0.000904334 0.000200152 6.45455e-06 -9.18812e-05 -0.000436627 9.13627e-05
2.33 -0.00104325 0.00023952 7.34267e-06 -0.000109876 -0.000502491 0.000108365
2.34 -0.00114705 0.000271046 7.99083e-06 -0.000124286 -0.000551776 0.000121982
2.35 -0.00121115 0.00029297 8.37453e-06 -0.00013431 -0.000582343 0.000131477
2.36 -0.00123324 0.000304155 8.48374e-06 -0.000139429 -0.000593131 0.000136376
2.37 -0.0012135 0.000304168 8.32335e-06 -0.000139445 -0.000584213 0.000136502
2.38 -0.00115447 0.000293311 7.91245e-06 -0.000134497 -0.000556774 0.000131984
2.39 -0.00106088 0.000272586 7.2827e-06 -0.00012504 -0.000513003 0.00012324
2.4 -0.000939235 0.000243608 6.47584e-06 -0.000111811 -0.00045592 0.000110943
2.41 -0.00079731 0.000208462 5.54059e-06 -9.57591e-05 -0.000389141 9.59554e-05
2.42 -0.000643592 0.00016953 4.52922e-06 -7.79707e-05 -0.000316608 7.9262e-05
2.43 -0.000486653 0.000129283 3.49412e-06 -5.95724e-05 -0.000242308 6.18846e-05
2.44 -0.000334545 9.00796e-05 2.48434e-06 -4.16393e-05 -0.000169994 4.48011e-05
2.45 -0.000194264 5.39756e-05 1.54263e-06 -2.51091e-05 -0.000102931 2.88702e-05
2.46 -7.12922e-05 2.25699e-05 7.02916e-07 -1.07114e-05 -4.36911e-05 1.47682e-05
2.47 3.07184e-05 -3.10191e-06 -1.15867e-08 1.08062e-06 5.99984e-06 2.94379e-06
2.48 0.000110118 -2.26192e-05 -5.89342e-07 1.00739e-05 4.53372e-05 -6.40513e-06
2.49 0.000167265 -3.61722e-05 -1.03064e-06 1.63535e-05 7.4444e-05 -1.33322e-05
2.5 0.000204375 -4.45046e-05 -1.34677e-06 2.02563e-05 9.42996e-05 -1.81204e-05
2.51 0.000225215 -4.88111e-05 -1.55841e-06 2.23246e-05 0.000106602 -2.12403e-05
2.52 0.000234687 -5.05981e-05 -1.69321e-06 2.32426e-05 0.000113574 -2.32922e-05
2.53 0.000238328 -5.15223e-05 -1.78295e-06 2.37632e-05 0.000117732 -2.49378e-05
2.54 0.000241767 -5.32171e-05 -1.86047e-06 2.46286e-05 0.000121642 -2.68286e-05
2.55 0.000250199 -5.7124e-05 -1.95663e-06 2.6494e-05 0.00012767 -2.95361e-05
2.56 0.000267904 -6.43432e-05 -2.0975e-06 2.98591e-05 0.000137761 -3.34921e-05
2.57 0.000297856 -7.55162e-05 -2.3021e-06 3.50152e-05 0.000153267 -3.8942e-05
2.58 0.000341452 -9.07546e-05 -2.58068e-06 4.2012e-05 0.000174811 -4.59174e-05
2.59 0.000398374 -0.00010962 -2.93375e-06 5.06491e-05 0.000202231 -5.4229e-05
2.6 0.000466598 -0.000131157 -3.35185e-06 6.04914e-05 0.00023458 -6.34806e-05
2.61 0.000542544 -0.000153981 -3.81615e-06 7.0907e-05 0.000270198 -7.31022e-05
2.62 0.000621357 -0.0001764 -4.29976e-06 8.11252e-05 0.00030684 -8.24005e-05
2.63 0.000697298 -0.000196567 -4.7697e-06 9.03055e-05 0.000341856 -9.06199e-05
2.64 0.000764207 -0.00021265 -5.18945e-06 9.76137e-05 0.000372405 -9.70112e-05
2.65 0.000816002 -0.000222995 -5.52179e-06 0.000102297 0.000395687 -0.000100899
2.66 0.000847186 -0.000226273 -5.73181e-06 0.00010375 0.000409173 -0.000101743
2.67 0.000853297 -0.000221601 -5.7897e-06 0.000101572 0.000410817 -9.91899e-05
2.68 0.000831288 -0.000208627 -5.67322e-06 9.56047e-05 0.000399228 -9.31077e-05
2.69 0.000779788 -0.00018757 -5.36967e-06 8.5947e-05 0.000373794 -8.36008e-05
2.7 0.000699245 -0.000159209 -4.87699e-06 7.29559e-05 0.000334745 -7.10066e-05
2.71 0.00059192 -0.000124834 -4.20428e-06 5.72198e-05 0.000283151 -5.58717e-05
2.72 0.000461754 -8.61456e-05 -3.37143e-06 3.95144e-05 0.000220862 -3.89109e-05
2.73 0.000314109 -4.51231e-05 -2.40805e-06 2.07426e-05 0.000150386 -2.0953e-05
2.74 0.000155409 -3.87021e-06 -1.3517e-06 1.86409e-06 7.47266e-05 -2.87659e-06
2.75 -7.29142e-06 3.55495e-05 -2.45631e-07 -1.618e-05 -2.82049e-06 1.44557e-05
2.76 -0.000166777 7.12709e-05 8.63863e-07 -3.25389e-05 -7.88832e-05 3.0262e-05
2.77 -0.000316151 0.000101765 1.93036e-06 -4.65146e-05 -0.000150234 4.38972e-05
2.78 -0.000449274 0.000125943 2.91016e-06 -5.76104e-05 -0.000213998 5.48963e-05
2.79 -0.000561151 0.000143224 3.76502e-06 -6.55601e-05 -0.000267824 6.30026e-05
2.8 -0.000648216 0.000153552 4.46441e-06 -7.03371e-05 -0.000310027 6.81767e-05
2.81 -0.000708511 0.000157373 4.98723e-06 -7.21438e-05 -0.000339667 7.05875e-05
2.82 -0.000741741 0.000155571 5.32287e-06 -7.13814e-05 -0.000356573 7.05856e-05
2.83 -0.000749202 0.000149367 5.47142e-06 -6.8605e-05 -0.000361316 6.86627e-05
2.84 -0.000733601 0.000140193 5.44324e-06 -6.44664e-05 -0.000355125 6.53994e-05
2.85 -0.000698777 0.000129556 5.25775e-06 -5.96512e-05 -0.000339758 6.14075e-05
2.86 -0.00064935 0.000118894 4.94169e-06 -5.48141e-05 -0.00031734 5.72723e-05
2.87 -0.000590334 0.000109446 4.52692e-06 -5.05191e-05 -0.000290187 5.34985e-05
2.88 -0.000526733 0.000102141 4.04798e-06 -4.71893e-05 -0.000260616 5.04655e-05
2.89 -0.000463164 9.7521e-05 3.53949e-06 -4.50714e-05 -0.000230772 4.83964e-05
2.9 -0.000403524 9.56986e-05 3.03375e-06 -4.42176e-05 -0.000202475 4.73421e-05
2.91 -0.000350732 9.63627e-05 2.55845e-06 -4.44865e-05 -0.000177096 4.71819e-05
2.92 -0.000306563 9.88196e-05 2.13494e-06 -4.55627e-05 -0.000155483 4.76412e-05
2.93 -0.000271575 0.000102073 1.7769e-06 -4.69935e-05 -0.000137925 4.83228e-05
2.94 -0.000245148 0.000104932 1.48979e-06 -4.82371e-05 -0.000124166 4.87505e-05
2.95 -0.000225613 0.000106133 1.27083e-06 -4.87193e-05 -0.000113468 4.84192e-05
2.96 -0.000210468 0.000104472 1.10978e-06 -4.78927e-05 -0.000104707 4.68484e-05
2.97 -0.000196659 9.89255e-05 9.90203e-07 -4.52929e-05 -9.65013e-05 4.36326e-05
2.98 -0.000180894 8.87608e-05 8.91248e-07 -4.0587e-05 -8.73585e-05 3.84858e-05
2.99 -0.000159976 7.36134e-05 7.89747e-07 -3.36103e-05 -7.58265e-05 3.12744e-05
3 -0.000131114 5.35368e-05 6.62447e-07 -2.43886e-05 -6.06386e-05 2.20369e-05
3.01 -9.21957e-05 2.90138e-05 4.88211e-07 -1.31428e-05 -4.084e-05 1.0988e-05
3.02 -4.20023e-05 9.29665e-07 2.50029e-07 -2.77306e-07 -1.58857e-05 -1.4929e-06
3.03 1.96575e-05 -2.94898e-05 -6.33196e-08 1.36484e-05 1.42956e-05 -1.48881e-05
3.04 9.18962e-05 -6.0771e-05 -4.56058e-07 2.79624e-05 4.92778e-05 -2.85799e-05
3.05 0.000172783 -9.1308e-05 -9.24759e-07 4.1932e-05 8.81536e-05 -4.18976e-05
3.06 0.000259465 -0.000119489 -1.45829e-06 5.48223e-05 0.000129589 -5.41698e-05
3.07 0.000348357 -0.000143823 -2.03834e-06 6.59539e-05 0.00017191 -6.47759e-05
3.08 0.000435387 -0.00016306 -2.6406e-06 7.47562e-05 0.000213221 -7.31942e-05
3.09 0.000516289 -0.000176281 -3.2363e-06 8.08103e-05 0.000251532 -7.90409e-05
3.1 0.000586893 -0.000182968 -3.79425e-06 8.38801e-05 0.0002849 -8.20974e-05
3.11 0.000643423 -0.000183035 -4.28299e-06 8.39262e-05 0.000311563 -8.23244e-05
3.12 0.000682754 -0.000176824 -4.67307e-06 8.11046e-05 0.000330064 -7.98603e-05
3.13 0.000702622 -0.000165069 -4.93911e-06 7.57486e-05 0.000339342 -7.50055e-05
3.14 0.000701773 -0.000148822 -5.06168e-06 6.83379e-05 0.000338809 -6.81943e-05
3.15 0.000680036 -0.000129361 -5.02871e-06 5.9455e-05 0.000328381 -5.9955e-05
3.16 0.000638318 -0.000108081 -4.83635e-06 4.97355e-05 0.000308477 -5.08655e-05
3.17 0.000578534 -8.63769e-05 -4.48938e-06 3.98149e-05 0.000279987 -4.15043e-05
3.18 0.000503461 -6.55286e-05 -4.00092e-06 3.0277e-05 0.000244208 -3.24044e-05
3.19 0.000416544 -4.66027e-05 -3.39166e-06 2.16083e-05 0.000202749 -2.40122e-05
3.2 0.000321668 -3.03737e-05 -2.68849e-06 1.41623e-05 0.00015743 -1.66557e-05
3.21 0.000222901 -1.72747e-05 -1.92284e-06 8.13726e-06 0.000110162 -1.05239e-05
3.22 0.000124245 -7.37968e-06 -1.12864e-06 3.56783e-06 6.2828e-05 -5.66008e-06
3.23 2.93944e-05 -4.20018e-07 -3.40166e-07 3.32698e-07 1.71742e-05 -1.96787e-06
3.24 -5.8464e-05 4.16874e-06 4.10107e-07 -1.82414e-06 -2.52869e-05 7.69986e-07
3.25 -0.000136813 7.17385e-06 1.09347e-06 -3.26013e-06 -6.33512e-05 2.86213e-06
3.26 -0.000203906 9.51392e-06 1.68663e-06 -4.39254e-06 -9.61719e-05 4.67149e-06
3.27 -0.000258813 1.21377e-05 2.17298e-06 -5.65238e-06 -0.000123282 6.57398e-06
3.28 -0.0003014 1.59223e-05 2.5433e-06 -7.4381e-06 -0.000144586 8.91687e-06
3.29 -0.000332263 2.15803e-05 2.79595e-06 -1.00732e-05 -0.00016033 1.19806e-05
3.3 -0.000352603 2.95836e-05 2.93654e-06 -1.37718e-05 -0.000171048 1.59477e-05
3.31 -0.000364075 4.01101e-05 2.97704e-06 -1.86141e-05 -0.000177486 2.08809e-05
3.32 -0.000368613 5.30193e-05 2.93457e-06 -2.45353e-05 -0.000180529 2.67134e-05
3.33 -0.000368243 6.78565e-05 2.82972e-06 -3.13279e-05 -0.000181106 3.32508e-05
3.34 -0.000364906 8.38877e-05 2.68485e-06 -3.86571e-05 -0.000180116 4.01859e-05
3.35 -0.0003603 0.00010016 2.52216e-06 -4.60885e-05 -0.000178347 4.71235e-05
3.36 -0.000355749 0.000115582 2.36196e-06 -5.31251e-05 -0.00017642 5.36137e-05
3.37 -0.000352114 0.00012902 2.22106e-06 -5.92504e-05 -0.000174742 5.91906e-05
3.38 -0.000349744 0.000139397 2.11155e-06 -6.39737e-05 -0.000173486 6.34132e-05
3.39 -0.000348474 0.000145786 2.03996e-06 -6.68733e-05 -0.000172587 6.59035e-05
3.4 -0.000347663 0.000147494 2.00693e-06 -6.76338e-05 -0.00017176 6.63808e-05
3.41 -0.000346277 0.000144125 2.00727e-06 -6.60749e-05 -0.000170537 6.46866e-05
3.42 -0.000342993 0.000135614 2.03067e-06 -6.21675e-05 -0.000168317 6.08003e-05
3.43 -0.000336336 0.000122237 2.06266e-06 -5.60387e-05 -0.000164424 5.48425e-05
3.44 -0.000324816 0.000104595 2.08598e-06 -4.79619e-05 -0.000158177 4.70674e-05
3.45 -0.000307068 8.35628e-05 2.08215e-06 -3.83366e-05 -0.000148952 3.78434e-05
3.46 -0.000281987 6.02238e-05 2.03318e-06 -2.7657e-05 -0.000136244 2.76251e-05
3.47 -0.000248833 3.57848e-05 1.92314e-06 -1.64734e-05 -0.000119721 1.69181e-05
3.48 -0.000207316 1.14826e-05 1.7397e-06 -5.35004e-06 -9.92562e-05 6.24091e-06
3.49 -0.000157646 -1.151e-05 1.4753e-06 5.17817e-06 -7.49601e-05 -3.91443e-06
3.5 -0.000100547 -3.21714e-05 1.12805e-06 1.4645e-05 -4.71825e-05 -1.31177e-05
3.51 -3.72393e-05 -4.97035e-05 7.02125e-07 2.26862e-05 -1.6505e-05 -2.10304e-05
3.52 3.06175e-05 -6.35835e-05 2.07751e-07 2.90627e-05 1.62834e-05 -2.74271e-05
3.53 0.000101006 -7.35913e-05 -3.39281e-07 3.36733e-05 5.02263e-05 -3.22067e-05
3.54 0.00017166 -7.98092e-05 -9.18526e-07 3.65549e-05 8.42488e-05 -3.53926e-05
3.55 0.000240181 -8.2597e-05 -1.50614e-06 3.78705e-05 0.000117215 -3.71224e-05
3.56 0.000304178 -8.25433e-05 -2.07643e-06 3.78875e-05 0.000147992 -3.76287e-05
3.57 0.000361389 -8.03982e-05 -2.60347e-06 3.69469e-05 0.000175504 -3.72111e-05
3.58 0.000409802 -7.69947e-05 -3.06284e-06 3.54275e-05 0.000198798 -3.6205e-05
3.59 0.000447765 -7.31662e-05 -3.4332e-06 3.37085e-05 0.000217087 -3.49466e-05
3.6 0.000474062 -6.96655e-05 -3.69768e-06 3.21323e-05 0.000229791 -3.3741e-05
3.61 0.000487971 -6.70949e-05 -3.84493e-06 3.09731e-05 0.000236565 -3.28326e-05
3.62 0.000489293 -6.58521e-05 -3.86983e-06 3.04119e-05 0.000237309 -3.23831e-05
3.63 0.000478348 -6.60967e-05 -3.77373e-06 3.05213e-05 0.00023217 -3.24578e-05
3.64 0.000455942 -6.77393e-05 -3.56431e-06 3.12607e-05 0.000221528 -3.30215e-05
3.65 0.000423316 -7.04553e-05 -3.25495e-06 3.24827e-05 0.000205967 -3.39438e-05
3.66 0.00038206 -7.37208e-05 -2.86379e-06 3.39488e-05 0.00018624 -3.50138e-05
3.67 0.000334022 -7.68672e-05 -2.41241e-06 3.5355e-05 0.000163221 -3.59628e-05
3.68 0.000281202 -7.91493e-05 -1.92439e-06 3.63625e-05 0.000137858 -3.64918e-05
3.69 0.000225638 -7.98213e-05 -1.42369e-06 3.66321e-05 0.000111122 -3.63024e-05
3.7 0.000169305 -7.82122e-05 -9.33131e-07 3.5859e-05 8.3951e-05 -3.51277e-05
3.71 0.00011401 -7.37952e-05 -4.72947e-07 3.38038e-05 5.72069e-05 -3.27605e-05
3.72 6.13118e-05 -6.6244e-05 -5.95947e-08 3.03187e-05 3.16359e-05 -2.90761e-05
3.73 1.24562e-05 -5.54707e-05 2.95128e-07 2.53646e-05 7.83629e-06 -2.40483e-05
3.74 -3.16676e-05 -4.16439e-05 5.84593e-07 1.90188e-05 -1.37607e-05 -1.77558e-05
3.75 -7.0544e-05 -2.51826e-05 8.07461e-07 1.14731e-05 -3.29e-05 -1.03803e-05
3.76 -0.000104025 -6.7296e-06 9.674e-07 3.02088e-06 -4.94995e-05 -2.19518e-06
3.77 -0.000132301 1.28953e-05 1.07245e-06 -5.96374e-06 -6.36363e-05 6.45364e-06
3.78 -0.000155847 3.27571e-05 1.13409e-06 -1.50542e-05 -7.55226e-05 1.51735e-05
3.79 -0.000175359 5.18768e-05 1.16602e-06 -2.3804e-05 -8.54733e-05 2.35544e-05
3.8 -0.000191671 6.93072e-05 1.18291e-06 -3.17811e-05 -9.38688e-05 3.11999e-05
3.81 -0.000205665 8.42047e-05 1.19899e-06 -3.86009e-05 -0.000101114 3.77571e-05
3.82 -0.000218189 9.58928e-05 1.22683e-06 -4.39546e-05 -0.000107595 4.29423e-05
3.83 -0.00022997 0.000103911 1.27621e-06 -4.76322e-05 -0.000113645 4.65612e-05
3.84 -0.000241547 0.000108044 1.35326e-06 -4.95355e-05 -0.000119507 4.85216e-05
3.85 -0.000253211 0.000108334 1.45993e-06 -4.9683e-05 -0.000125309 4.88368e-05
3.86 -0.000264974 0.000105066 1.5938e-06 -4.82044e-05 -0.00013105 4.76216e-05
3.87 -0.000276558 9.87372e-05 1.74824e-06 -4.53263e-05 -0.000136594 4.50785e-05
3.88 -0.000287407 9.0009e-05 1.91293e-06 -4.13497e-05 -0.000141677 4.14789e-05
3.89 -0.000296722 7.96465e-05 2.0747e-06 -3.66233e-05 -0.000145922 3.71376e-05
3.9 -0.000303521 6.84513e-05 2.21856e-06 -3.15123e-05 -0.000148871 3.23854e-05
3.91 -0.00030671 5.71934e-05 2.32892e-06 -2.63675e-05 -0.000150013 2.75417e-05
3.92 -0.000305177 4.65489e-05 2.39083e-06 -2.14973e-05 -0.000148835 2.28879e-05
3.93 -0.000297877 3.70476e-05 2.39128e-06 -1.71432e-05 -0.000144856 1.86466e-05
3.94 -0.000283936 2.90358e-05 2.32021e-06 -1.34635e-05 -0.000137679 1.49659e-05
3.95 -0.00026273 2.26567e-05 2.17152e-06 -1.0524e-05 -0.000127025 1.19111e-05
3.96 -0.000233961 1.78501e-05 1.94356e-06 -8.29771e-06 -0.000112772 9.46503e-06
3.97 -0.000197712 1.43706e-05 1.63954e-06 -6.67364e-06 -9.49745e-05 7.535e-06
3.98 -0.000154474 1.18226e-05 1.26741e-06 -5.47229e-06 -7.38822e-05 5.96717e-06
3.99 -0.00010515 9.709e-06 8.39465e-07 -4.46783e-06 -4.99354e-05 4.56623e-06
4 -5.103e-05 7.48739e-06 3.7167e-07 -3.414e-06 -2.37551e-05 3.11851e-06
