0.01 1.00574 0.0319794 0.00608451 -0.00739125 0.280164 -0.0919707
0.02 2.07625 0.156418 0.0128144 -0.0324441 0.495935 -0.217173
0.03 2.13822 0.388657 0.00838785 -0.0694586 0.292982 -0.233286
0.04 2.33897 0.671814 0.00413047 -0.10337 0.256558 -0.284276
0.05 2.19457 0.908826 0.00573652 -0.129637 0.264546 -0.287378
0.06 1.85507 1.00116 0.00501733 -0.149472 0.311641 -0.25216
0.07 1.59568 0.881414 0.00406724 -0.150421 0.36824 -0.212914
0.08 0.939573 0.542013 0.00337804 -0.108848 0.192033 -0.107341
0.09 0.29597 0.052543 -0.000178004 -0.0187682 -0.00241963 0.00228702
0.1 -0.450291 -0.456746 -0.00210315 0.0882203 -0.168899 0.121635
0.11 -1.32754 -0.852618 -0.00219709 0.162327 -0.278654 0.242855
0.12 -2.17042 -1.06593 -0.00496961 0.179699 -0.328394 0.336238
0.13 -3.13034 -1.1185 -0.00937352 0.162847 -0.464587 0.424587
0.14 -3.96209 -1.09 -0.0139751 0.153304 -0.637568 0.485973
0.15 -4.51956 -1.05514 -0.0180823 0.167957 -0.784177 0.515385
0.16 -4.71765 -1.04143 -0.0189767 0.187118 -0.839148 0.511546
0.17 -4.45418 -1.03013 -0.0168711 0.183305 -0.758674 0.462574
0.18 -3.88906 -0.981687 -0.0140762 0.153588 -0.623828 0.384999
0.19 -3.12507 -0.856792 -0.010975 0.117856 -0.484678 0.284515
0.2 -2.27052 -0.626138 -0.00804337 0.0890941 -0.366434 0.169332
0.21 -1.41127 -0.281703 -0.00582009 0.0553748 -0.259324 0.049469
0.22 -0.5272 0.145538 -0.00359729 -0.00355534 -0.121234 -0.0733834
0.23 0.3543 0.578606 -0.00115324 -0.0857153 0.0429677 -0.186728
0.24 1.22134 0.917942 0.00147327 -0.159925 0.212783 -0.280309
0.25 2.04101 1.08903 0.00474103 -0.192239 0.358819 -0.345987
0.26 2.74231 1.08092 0.00835042 -0.177044 0.460891 -0.37805
0.27 3.27419 0.945664 0.011497 -0.139554 0.529198 -0.379589
0.28 3.56864 0.760587 0.0137555 -0.109249 0.571378 -0.353204
0.29 3.58104 0.584387 0.0147251 -0.0942627 0.587061 -0.302403
0.3 3.3063 0.436853 0.0142173 -0.0816935 0.563337 -0.231674
0.31 2.77758 0.306943 0.0124781 -0.058195 0.485632 -0.146277
0.32 2.08747 0.172677 0.00979657 -0.0251595 0.363461 -0.0560136
0.33 1.34831 0.016655 0.00669978 0.00634477 0.225827 0.0287388
0.34 0.660906 -0.165443 0.00400387 0.0305262 0.106692 0.0990464
0.35 0.0861369 -0.358817 0.00216115 0.0519932 0.0226328 0.148806
0.36 -0.369073 -0.526833 0.00100627 0.0759278 -0.036467 0.175486
0.37 -0.720544 -0.618991 -1.53959e-05 0.0968152 -0.0889523 0.177515
0.38 -0.979523 -0.592238 -0.00144191 0.100193 -0.141786 0.154418
0.39 -1.13355 -0.435282 -0.00324341 0.0760148 -0.182293 0.107596
0.4 -1.15025 -0.178996 -0.00479821 0.029118 -0.190346 0.0412107
0.41 -1.00301 0.115682 -0.00547542 -0.0238518 -0.158403 -0.0373005
0.42 -0.687104 0.384682 -0.00503992 -0.0670082 -0.09607 -0.119188
0.43 -0.22729 0.585395 -0.00365165 -0.0946653 -0.0199255 -0.196131
0.44 0.326133 0.7061 -0.00164236 -0.110367 0.0603561 -0.261169
0.45 0.906188 0.75941 0.000720732 -0.119464 0.144221 -0.308709
0.46 1.43607 0.767643 0.00319582 -0.123875 0.229411 -0.333904
0.47 1.84289 0.748788 0.00539741 -0.12265 0.303729 -0.333137
0.48 2.07484 0.707859 0.00688251 -0.11499 0.348972 -0.305022
0.49 2.11491 0.635336 0.0074295 -0.101111 0.354082 -0.251183
0.5 1.98176 0.512973 0.00720146 -0.0806265 0.323683 -0.176161
0.51 1.71297 0.325394 0.00662253 -0.0516484 0.272589 -0.0862596
0.52 1.34311 0.0727212 0.0060208 -0.0126657 0.212608 0.0115341
0.53 0.890737 -0.22245 0.00535953 0.0343747 0.144395 0.110069
0.54 0.361807 -0.518414 0.00431664 0.0829882 0.0614255 0.202105
0.55 -0.235235 -0.767194 0.00258897 0.124366 -0.0392875 0.280479
0.56 -0.876067 -0.930722 0.000135305 0.151235 -0.15106 0.338878
0.57 -1.51707 -0.992664 -0.00279753 0.160695 -0.260648 0.372865
0.58 -2.1022 -0.960921 -0.00582525 0.154588 -0.355948 0.380539
0.59 -2.57486 -0.860697 -0.00858161 0.137776 -0.430352 0.36251
0.6 -2.88898 -0.722181 -0.0107727 0.115568 -0.480979 0.321362
0.61 -3.01765 -0.568802 -0.0121843 0.0915918 -0.505081 0.261172
0.62 -2.95822 -0.411144 -0.0127136 0.0669679 -0.499618 0.187307
0.63 -2.73205 -0.248627 -0.0124117 0.0410397 -0.464403 0.106281
0.64 -2.37792 -0.0771497 -0.0114753 0.0130807 -0.404753 0.0253352
0.65 -1.94008 0.1019 -0.0101521 -0.0161986 -0.330068 -0.0484002
0.66 -1.45652 0.27619 -0.00861108 -0.0442685 -0.249286 -0.10882
0.67 -0.953208 0.423264 -0.00687732 -0.067504 -0.167236 -0.151463
0.68 -0.446728 0.517109 -0.0048777 -0.082274 -0.0848975 -0.173694
0.69 0.0475915 0.537407 -0.00255522 -0.0858085 -0.00279435 -0.174653
0.7 0.508205 0.477562 2.81266e-05 -0.0768828 0.0758506 -0.155239
0.71 0.905624 0.348245 0.0026616 -0.0565137 0.144781 -0.118151
0.72 1.2075 0.174913 0.00503867 -0.0283277 0.197068 -0.0678156
0.73 1.38769 -0.00993258 0.00685656 0.00212685 0.228019 -0.00997533
0.74 1.43476 -0.176645 0.00791412 0.0292815 0.236635 0.0490036
0.75 1.35618 -0.306239 0.00816772 0.0496562 0.225212 0.102877
0.76 1.17687 -0.392744 0.00772437 0.0626938 0.198039 0.146091
0.77 0.932966 -0.439629 0.00678205 0.0697415 0.160273 0.174135
0.78 0.663219 -0.452943 0.00555196 0.0721159 0.117324 0.183821
0.79 0.40105 -0.435319 0.0041993 0.0698333 0.0744276 0.173571
0.8 0.16975 -0.383947 0.00282211 0.0617959 0.0360042 0.143672
0.81 -0.0179863 -0.293044 0.00146377 0.0469007 0.00496341 0.0963275
0.82 -0.156717 -0.159036 0.000143541 0.024989 -0.0175134 0.0354233
0.83 -0.243212 0.014349 -0.00110685 -0.002877 -0.0313348 -0.0339414
0.84 -0.272553 0.213455 -0.00221089 -0.0345302 -0.0363372 -0.105984
0.85 -0.237614 0.41577 -0.00303522 -0.0668028 -0.0315068 -0.174718
0.86 -0.132363 0.594586 -0.00341482 -0.0957268 -0.0153382 -0.234392
0.87 0.0427676 0.725721 -0.00321513 -0.117239 0.0127988 -0.279938
0.88 0.276517 0.793791 -0.00240167 -0.128398 0.0512921 -0.307446
0.89 0.546098 0.795465 -0.00107349 -0.128426 0.0960026 -0.314572
0.9 0.820911 0.738401 0.000564513 -0.118786 0.141322 -0.300763
0.91 1.06913 0.636629 0.00227389 -0.102166 0.181833 -0.267245
0.92 1.2644 0.504857 0.00385552 -0.081117 0.213536 -0.216833
0.93 1.39002 0.354477 0.0051852 -0.0572608 0.234116 -0.153644
0.94 1.43974 0.192785 0.00620602 -0.0314382 0.242581 -0.082761
0.95 1.41534 0.0250731 0.00689825 -0.00438836 0.238823 -0.00983589
0.96 1.32291 -0.142127 0.00725052 0.0226739 0.223395 0.0593924
0.97 1.16925 -0.298697 0.00724289 0.0479177 0.197344 0.119628
0.98 0.960049 -0.43084 0.00684148 0.0691096 0.161901 0.166509
0.99 0.700413 -0.523484 0.00600542 0.083978 0.118207 0.196974
1 0.397219 -0.564308 0.00470865 0.0906558 0.0673878 0.209465
1.01 0.0619642 -0.5478 0.00297281 0.0881965 0.0110669 0.203994
1.02 -0.287749 -0.47763 0.000894506 0.0770298 -0.048059 0.182109
1.03 -0.629312 -0.366232 -0.00135389 0.0590747 -0.106164 0.146748
1.04 -0.938724 -0.231671 -0.0035577 0.0373171 -0.158966 0.101974
1.05 -1.19529 -0.0930414 -0.0055135 0.0149807 -0.202786 0.0525934
1.06 -1.38546 0.0337373 -0.0070754 -0.00530066 -0.235358 0.00367549
1.07 -1.50426 0.138185 -0.00817303 -0.0219038 -0.255995 -0.0399224
1.08 -1.55413 0.215071 -0.00879873 -0.0341117 -0.265178 -0.0739856
1.09 -1.542 0.262457 -0.00897846 -0.0416859 -0.263954 -0.0952874
1.1 -1.47604 0.279358 -0.00874477 -0.044448 -0.253488 -0.101849
1.11 -1.36354 0.264388 -0.00812357 -0.0421085 -0.234886 -0.0931038
1.12 -1.21057 0.216063 -0.00713669 -0.034385 -0.209206 -0.0699528
1.13 -1.02315 0.134531 -0.00581566 -0.0213045 -0.177591 -0.0346712
1.14 -0.809145 0.0237309 -0.00421913 -0.00352305 -0.14145 0.00931896
1.15 -0.579658 -0.107226 -0.00244532 0.0174895 -0.102632 0.0577882
1.16 -0.349038 -0.244356 -0.000631688 0.0395036 -0.0634836 0.106097
1.17 -0.133188 -0.370943 0.00106183 0.0598488 -0.0266517 0.149609
1.18 0.0532642 -0.470855 0.00248226 0.0759218 0.00535125 0.184093
1.19 0.199807 -0.531873 0.00351517 0.0857239 0.0306643 0.206095
1.2 0.30177 -0.547852 0.00410599 0.0882382 0.0484344 0.213245
1.21 0.360287 -0.519074 0.00426249 0.0835136 0.0588431 0.204477
1.22 0.38067 -0.45088 0.00403943 0.0724487 0.0628118 0.180116
1.23 0.370031 -0.351386 0.00351362 0.0563959 0.0615573 0.141832
1.24 0.335234 -0.229339 0.00276186 0.0367797 0.056223 0.0924787
1.25 0.28199 -0.092934 0.00185057 0.0148942 0.0477407 0.0358293
1.26 0.215249 0.0501551 0.000839229 -0.00807232 0.0369331 -0.0237462
1.27 0.140436 0.191964 -0.000208024 -0.0308713 0.0247411 -0.0816588
1.28 0.0646477 0.323438 -0.00121197 -0.0520456 0.0124098 -0.133497
1.29 -0.00298709 0.434412 -0.00207705 -0.0699372 0.00151155 -0.175409
1.3 -0.0521344 0.514684 -0.0027018 -0.0828859 -0.00622256 -0.204431
1.31 -0.0730678 0.555933 -0.00299763 -0.0895513 -0.00920119 -0.218727
1.32 -0.0587826 0.553766 -0.0029088 -0.0892341 -0.00629441 -0.217723
1.33 -0.00660343 0.509088 -0.00242653 -0.0820785 0.00292623 -0.202126
1.34 0.0813011 0.42821 -0.00159207 -0.069089 0.0181005 -0.173836
1.35 0.19862 0.321637 -0.000488028 -0.0519489 0.0381699 -0.135771
1.36 0.336451 0.201948 0.000779234 -0.0326931 0.0616134 -0.0915852
1.37 0.485032 0.0815142 0.00209974 -0.0133344 0.0867414 -0.0453399
1.38 0.634977 -0.0292228 0.00337556 0.00443538 0.111932 -0.00113254
1.39 0.777675 -0.122485 0.00452703 0.0193793 0.135725 0.0372665
1.4 0.904931 -0.192974 0.00548967 0.0306769 0.156757 0.0667376
1.41 1.00836 -0.237204 0.00620664 0.037792 0.173643 0.0850704
1.42 1.07911 -0.252949 0.0066238 0.0403664 0.184912 0.0911387
1.43 1.10835 -0.239225 0.00669204 0.0382209 0.18909 0.0849797
1.44 1.08849 -0.196834 0.00637708 0.0314631 0.184932 0.0677701
1.45 1.0148 -0.129164 0.00567197 0.0206298 0.171697 0.0416989
1.46 0.886782 -0.0427036 0.00460657 0.0067689 0.14937 0.00974948
1.47 0.708825 0.053145 0.00324911 -0.00860333 0.118741 -0.0245871
1.48 0.48982 0.147122 0.001699 -0.023677 0.081336 -0.0576379
1.49 0.242001 0.227807 7.2653e-05 -0.0366177 0.0392165 -0.0858828
1.5 -0.0206583 0.285489 -0.00151323 -0.0458599 -0.00526706 -0.106271
1.51 -0.283946 0.313631 -0.00295623 -0.0503449 -0.0497194 -0.116494
1.52 -0.534437 0.309557 -0.00417702 -0.0496399 -0.0918799 -0.115188
1.53 -0.759948 0.274261 -0.0051209 -0.0439137 -0.129713 -0.102053
1.54 -0.949611 0.211574 -0.00575394 -0.0337981 -0.161428 -0.077872
1.55 -1.09391 0.12711 -0.0060575 -0.0202073 -0.185475 -0.0444333
1.56 -1.18504 0.027429 -0.00602529 -0.00419294 -0.200592 -0.00436523
1.57 -1.21761 -0.0804062 -0.00566486 0.0131227 -0.205916 0.0391026
1.58 -1.18968 -0.188905 -0.00500254 0.0305499 -0.201153 0.0824255
1.59 -1.10364 -0.290149 -0.00408835 0.0468224 -0.186731 0.122056
1.6 -0.966566 -0.37602 -0.00299682 0.060633 -0.163857 0.154752
1.61 -0.7898 -0.43884 -0.00182172 0.0707411 -0.134445 0.177861
1.62 -0.587813 -0.47237 -0.000665163 0.0761386 -0.100914 0.189541
1.63 -0.376568 -0.4729 0.000376015 0.0762264 -0.0659113 0.188912
1.64 -0.17181 -0.440068 0.00122267 0.0709443 -0.0320345 0.176124
1.65 0.0123382 -0.37709 0.00182133 0.0608091 -0.00160411 0.152324
1.66 0.164285 -0.290312 0.00214637 0.0468423 0.0234814 0.119549
1.67 0.275399 -0.188185 0.00219708 0.0304074 0.0418171 0.0805376
1.68 0.34014 -0.0799909 0.00199199 0.0130027 0.052516 0.0384817
1.69 0.356136 0.0253296 0.00156332 -0.00393232 0.0552203 -0.00325399
1.7 0.324336 0.119999 0.000953627 -0.0191504 0.0501204 -0.0414258
1.71 0.24923 0.197787 0.000215037 -0.0316577 0.0379848 -0.0731887
1.72 0.138969 0.25407 -0.000590367 -0.0407191 0.0201739 -0.0963333
1.73 0.00515334 0.285801 -0.00139116 -0.0458479 -0.00139404 -0.109463
1.74 -0.137907 0.291545 -0.00211022 -0.0468108 -0.0243616 -0.112096
1.75 -0.27445 0.271683 -0.00267195 -0.0436628 -0.0461388 -0.104688
1.76 -0.388901 0.228675 -0.00301177 -0.0367923 -0.0641737 -0.0885687
1.77 -0.467551 0.167191 -0.00308525 -0.0269461 -0.0762344 -0.065806
1.78 -0.499981 0.0939196 -0.00287426 -0.0151986 -0.0806418 -0.0390016
1.79 -0.479973 0.0169553 -0.0023884 -0.00285242 -0.0764164 -0.0110479
1.8 -0.40585 -0.0551708 -0.00166174 0.00871862 -0.0633275 0.0151392
1.81 -0.28034 -0.114614 -0.000746477 0.0182514 -0.0418644 0.0368843
1.82 -0.110137 -0.155221 0.000294187 0.0247561 -0.0131638 0.0519896
1.83 0.0946644 -0.173192 0.00139206 0.027623 0.0210837 0.0589277
1.84 0.321164 -0.167295 0.00247789 0.0266566 0.0587323 0.0569702
1.85 0.554326 -0.138668 0.00348365 0.0220445 0.0972935 0.046244
1.86 0.777785 -0.090382 0.00434425 0.0142838 0.134072 0.0277096
1.87 0.974896 -0.0269405 0.00500019 0.00409863 0.16634 0.00306511
1.88 1.13003 0.0461527 0.0054017 -0.00762906 0.191543 -0.0254146
1.89 1.22998 0.122714 0.00551416 -0.0199107 0.207536 -0.0550875
1.9 1.26532 0.196167 0.00532345 -0.0316942 0.212795 -0.0831852
1.91 1.23144 0.25989 0.00483931 -0.0419177 0.206593 -0.107061
1.92 1.12902 0.307719 0.00409554 -0.04959 0.189076 -0.124426
1.93 0.963992 0.334578 0.00314641 -0.0538924 0.161253 -0.133551
1.94 0.746862 0.337137 0.00206018 -0.0542875 0.124882 -0.133415
1.95 0.491734 0.31434 0.000911519 -0.0506041 0.0823066 -0.123792
1.96 0.215112 0.267628 -0.00022556 -0.0430743 0.0362542 -0.105264
1.97 -0.0653296 0.200795 -0.00128292 -0.0323095 -0.0103624 -0.0791688
1.98 -0.331904 0.119487 -0.0022015 -0.0192193 -0.0546354 -0.0474716
1.99 -0.568019 0.0304781 -0.00293309 -0.00489467 -0.0938415 -0.0125955
2 -0.759229 -0.0591096 -0.00344164 0.00951898 -0.125615 0.0227944
2.01 -0.894247 -0.142495 -0.00370487 0.0229324 -0.148113 0.0560216
2.02 -0.965857 -0.213744 -0.00371621 0.034394 -0.160165 0.0846281
2.03 -0.971605 -0.268089 -0.00348674 0.0431409 -0.161383 0.106581
2.04 -0.914136 -0.302138 -0.00304583 0.0486298 -0.152211 0.120439
2.05 -0.801055 -0.314019 -0.00243985 0.0505601 -0.133908 0.125466
2.06 -0.64427 -0.303518 -0.00172825 0.0488952 -0.108436 0.12168
2.07 -0.4589 -0.272182 -0.000977673 0.0438807 -0.0782769 0.109835
2.08 -0.261863 -0.223316 -0.000254967 0.0360454 -0.0462075 0.0913397
2.09 -0.07038 -0.161802 0.000379329 0.0261727 -0.0150473 0.0681232
2.1 0.0994562 -0.0936879 0.000876006 0.0152346 0.012574 0.0424513
2.11 0.233889 -0.0255708 0.00120008 0.0042926 0.0344139 0.0167215
2.12 0.32244 0.0361306 0.00133176 -0.00562064 0.0487701 -0.00675141
2.13 0.358581 0.0858862 0.00126619 -0.0136157 0.0545869 -0.0259388
2.14 0.340135 0.119614 0.0010127 -0.0190367 0.0515213 -0.039272
2.15 0.269442 0.135007 0.000593933 -0.0215143 0.0399679 -0.0457722
2.16 0.153233 0.131614 4.49924e-05 -0.0209771 0.021039 -0.0451265
2.17 0.00220295 0.110705 -0.000588068 -0.0176309 -0.00350744 -0.0377024
2.18 -0.169774 0.0750269 -0.00125076 -0.0119172 -0.0313958 -0.0245017
2.19 -0.346747 0.0284885 -0.00188409 -0.00446312 -0.0600153 -0.00705884
2.2 -0.512056 -0.0241584 -0.00242964 0.00397004 -0.0866429 0.0127078
2.21 -0.649795 -0.0776542 -0.00283524 0.0125395 -0.108684 0.0326755
2.22 -0.74623 -0.126603 -0.00306002 0.0203801 -0.123901 0.0507136
2.23 -0.79098 -0.165899 -0.00307824 0.0266719 -0.130611 0.0648776
2.24 -0.777855 -0.191197 -0.00288104 0.0307162 -0.127818 0.0735839
2.25 -0.705287 -0.199375 -0.00247627 0.0320104 -0.115284 0.0757513
2.26 -0.576369 -0.188909 -0.00188677 0.0303092 -0.0935347 0.0708944
2.27 -0.398544 -0.160085 -0.00114782 0.0256584 -0.0638064 0.0591648
2.28 -0.183012 -0.11498 -0.000304284 0.0183923 -0.0279479 0.0413339
2.29 0.0560889 -0.0572235 0.000592254 0.00909535 0.011714 0.0187211
2.3 0.302687 0.00841867 0.00148628 -0.00146557 0.0525383 -0.00692473
2.31 0.539927 0.0765599 0.00232149 -0.0124243 0.0917587 -0.0335818
2.32 0.751423 0.141716 0.00304429 -0.0228998 0.126688 -0.0591332
2.33 0.922523 0.198771 0.00360779 -0.0320713 0.154924 -0.0815521
2.34 1.04149 0.24336 0.00397571 -0.0392381 0.174547 -0.0990757
2.35 1.10046 0.272149 0.00412573 -0.043866 0.184271 -0.110356
2.36 1.09609 0.283055 0.00405161 -0.0456208 0.183552 -0.114569
2.37 1.02975 0.275391 0.00376354 -0.0443916 0.172621 -0.111484
2.38 0.907388 0.249942 0.00328683 -0.0403034 0.152455 -0.101468
2.39 0.738888 0.208944 0.00265913 -0.0337146 0.124679 -0.0854521
2.4 0.537233 0.155936 0.00192687 -0.0251932 0.091424 -0.0648395
2.41 0.317415 0.095472 0.00114129 -0.0154708 0.055151 -0.0413772
2.42 0.095268 0.0326985 0.000354882 -0.00537493 0.0184569 -0.0169996
2.43 -0.113711 -0.0271512 -0.000381974 0.00425282 -0.0161158 0.00634134
2.44 -0.295476 -0.0792747 -0.00102388 0.0126402 -0.0462626 0.026845
2.45 -0.43844 -0.119757 -0.00153309 0.019158 -0.0700804 0.0430146
2.46 -0.534298 -0.145904 -0.00188197 0.0233734 -0.0862033 0.0537804
2.47 -0.578634 -0.156421 -0.00205503 0.0250793 -0.0939013 0.0585828
2.48 -0.57123 -0.151445 -0.00205038 0.0242976 -0.0931311 0.0574093
2.49 -0.516031 -0.132442 -0.00188003 0.0212644 -0.0845319 0.0507826
2.5 -0.42077 -0.102027 -0.00156901 0.0163989 -0.0693622 0.0397011
2.51 -0.296248 -0.0637084 -0.001153 0.0102639 -0.0493837 0.0255391
2.52 -0.15536 -0.0215961 -0.00067504 0.00351876 -0.0267016 0.00991432
2.53 -0.0119637 0.01993 -0.00018156 -0.00313403 -0.0035787 -0.00546284
2.54 0.120306 0.0565853 0.000281643 -0.0090067 0.0177572 -0.0189466
2.55 0.229141 0.0845599 0.000672979 -0.0134872 0.0352947 -0.0291043
2.56 0.304517 0.100881 0.000957962 -0.0160977 0.047395 -0.0348438
2.57 0.339428 0.103713 0.00111132 -0.0165429 0.0529126 -0.0355085
2.58 0.330375 0.0925503 0.00111843 -0.0147416 0.0512741 -0.0309319
2.59 0.277574 0.068269 0.000976111 -0.0108346 0.0425143 -0.0214478
2.6 0.184914 0.0330233 0.000692857 -0.00516832 0.0272675 -0.00785498
2.61 0.0596235 -0.00999146 0.000288451 0.00174335 0.00671481 0.008658
2.62 -0.0883023 -0.0568737 -0.000207234 0.00927338 -0.0175096 0.0266233
2.63 -0.246905 -0.103398 -0.000756274 0.016743 -0.0434498 0.044427
2.64 -0.403235 -0.145397 -0.00131558 0.0234833 -0.0689866 0.0604546
2.65 -0.544411 -0.179114 -0.0018404 0.0288914 -0.0920114 0.0732342
2.66 -0.65868 -0.201497 -0.00228807 0.0324775 -0.110599 0.0815668
2.67 -0.736363 -0.210431 -0.0026215 0.0339025 -0.123164 0.0846296
2.68 -0.770614 -0.204905 -0.00281216 0.0330041 -0.128582 0.0820469
2.69 -0.757919 -0.185099 -0.00284201 0.029811 -0.126279 0.0739193
2.7 -0.698312 -0.152385 -0.0027046 0.0245434 -0.116256 0.0608118
2.71 -0.595305 -0.109227 -0.00240517 0.0175969 -0.0990885 0.0437014
2.72 -0.455554 -0.0589807 -0.00196002 0.00951075 -0.0758664 0.0238889
2.73 -0.288313 -0.00559346 -0.00139527 0.000919366 -0.0481066 0.0028838
2.74 -0.104713 0.0467563 -0.000745117 -0.00750552 -0.0176353 -0.0177274
2.75 0.0830849 0.0940488 -4.95788e-05 -0.0151177 0.0135501 -0.0364177
2.76 0.262793 0.132789 0.000648116 -0.0213553 0.0434293 -0.051849
2.77 0.422912 0.160307 0.00130454 -0.0257895 0.0701088 -0.062983
2.78 0.55358 0.174968 0.00187924 -0.0281577 0.0919614 -0.0691646
2.79 0.647295 0.176271 0.00233774 -0.0283794 0.107745 -0.0701694
2.8 0.699436 0.164843 0.00265423 -0.0265555 0.116688 -0.0662144
2.81 0.708551 0.142345 0.00281334 -0.0229527 0.11854 -0.0579284
2.82 0.676373 0.111305 0.00281114 -0.0179766 0.113572 -0.0462882
2.83 0.607578 0.074885 0.00265502 -0.0121349 0.102538 -0.0325242
2.84 0.509317 0.0366144 0.00236274 -0.00599373 0.086602 -0.0180064
2.85 0.390569 8.3972e-05 0.00196072 -0.000129887 0.0672295 -0.00411995
2.86 0.261386 -0.0313645 0.00148186 0.00491992 0.0460655 0.00785852
2.87 0.132092 -0.054937 0.000963084 0.00870673 0.0248028 0.0168725
2.88 0.0124863 -0.0686427 0.000442722 0.0109105 0.00505313 0.0221756
2.89 -0.0888681 -0.0714749 -4.21523e-05 0.0113692 -0.011772 0.0233926
2.9 -0.165261 -0.0634955 -0.000458278 0.0100929 -0.0245615 0.020546
2.91 -0.21229 -0.0458113 -0.000778574 0.00725918 -0.03258 0.0140467
2.92 -0.228135 -0.0204461 -0.000984115 0.00319327 -0.0355146 0.00465052
2.93 -0.213626 0.00987311 -0.00106553 -0.00166678 -0.0334865 -0.00661621
2.94 -0.172105 0.0419871 -0.00102363 -0.00681365 -0.0270291 -0.0185537
2.95 -0.109076 0.0726021 -0.000869199 -0.0117186 -0.0170326 -0.0299004
2.96 -0.0316915 0.0985846 -0.00062189 -0.0158786 -0.00465959 -0.0394483
2.97 0.0518837 0.117231 -0.000308426 -0.0188598 0.00875811 -0.0461524
2.98 0.133176 0.126492 3.97412e-05 -0.0203338 0.0218348 -0.0492248
2.99 0.204104 0.125149 0.000389031 -0.0201045 0.0332455 -0.0482036
3 0.257617 0.11291 0.000706361 -0.0181255 0.0418313 -0.0429933
3.01 0.288228 0.0904463 0.000961617 -0.0145046 0.0466872 -0.0338721
3.02 0.292409 0.0593384 0.00112982 -0.00949566 0.0472274 -0.0214648
3.03 0.268818 0.0219415 0.0011929 -0.00347707 0.0432234 -0.00668736
3.04 0.218358 -0.0188209 0.00114102 0.00308136 0.0348153 0.00933551
3.05 0.144072 -0.0597208 0.000973325 0.00966088 0.0224947 0.025369
3.06 0.0508765 -0.0975188 0.00069809 0.0157409 0.0070627 0.040176
3.07 -0.0548393 -0.129256 0.000332187 0.0208458 -0.0104357 0.0526237
3.08 -0.165722 -0.152511 -0.000100143 0.0245869 -0.0287941 0.06178
3.09 -0.274032 -0.165606 -0.000569124 0.0266944 -0.0467395 0.0669909
3.1 -0.372238 -0.167728 -0.00104176 0.0270381 -0.0630298 0.0679331
3.11 -0.453587 -0.158982 -0.00148439 0.0256346 -0.0765481 0.0646365
3.12 -0.512598 -0.140354 -0.00186527 0.0226426 -0.0863837 0.0574763
3.13 -0.545435 -0.113611 -0.00215692 0.0183459 -0.0918953 0.0471348
3.14 -0.550147 -0.0811401 -0.00233809 0.0131276 -0.09275 0.0345371
3.15 -0.526749 -0.0457343 -0.00239518 0.00743639 -0.088939 0.020767
3.16 -0.477157 -0.0103559 -0.00232309 0.00174807 -0.0807671 0.00697026
3.17 -0.404985 0.0221204 -0.00212549 -0.00347553 -0.068821 -0.0057458
3.18 -0.315237 0.0491552 -0.00181453 -0.00782637 -0.0539188 -0.0164073
3.19 -0.213903 0.0687648 -0.00140991 -0.0109856 -0.0370448 -0.0242555
3.2 -0.107508 0.0796897 -0.000937524 -0.0127506 -0.0192753 -0.0288081
3.21 -0.00263684 0.0814957 -0.000427612 -0.0130514 -0.00170036 -0.0298948
3.22 0.0945355 0.0745951 8.74301e-05 -0.0119542 0.0146534 -0.0276647
3.23 0.178663 0.0601881 0.000575406 -0.00965169 0.0288927 -0.0225656
3.24 0.245576 0.0401317 0.00100667 -0.00644191 0.0403156 -0.0152967
3.25 0.292528 0.0167519 0.00135626 -0.00269839 0.0484531 -0.00673988
3.26 0.318324 -0.00737908 0.00160562 0.00116593 0.0530916 0.00212401
3.27 0.323325 -0.0296803 0.00174379 0.00473675 0.0542746 0.0103063
3.28 0.309333 -0.047792 0.00176798 0.00763532 0.052285 0.016901
3.29 0.279376 -0.0597812 0.0016835 0.00955136 0.0476107 0.0211665
3.3 0.237415 -0.064307 0.00150316 0.0102697 0.0408967 0.0225916
3.31 0.187995 -0.0607348 0.00124609 0.00968853 0.0328884 0.0209393
3.32 0.135882 -0.0491895 0.000936255 0.0078279 0.0243717 0.0162664
3.33 0.0857007 -0.0305426 0.00060057 0.00482782 0.0161128 0.00891573
3.34 0.0415967 -0.00633324 0.000266907 0.000935528 0.00880261 -0.000516305
3.35 0.00695642 0.0213718 -3.79955e-05 -0.00351698 0.00300926 -0.0112352
3.36 -0.0158121 0.0501671 -0.000290528 -0.00814329 -0.000858667 -0.0223205
3.37 -0.0254171 0.0775288 -0.000471964 -0.012538 -0.00257608 -0.0328083
3.38 -0.0217335 0.101044 -0.00056984 -0.0163134 -0.00211066 -0.041777
3.39 -0.00576361 0.118625 -0.000578819 -0.0191344 0.000382521 -0.0484286
3.4 0.0204856 0.128695 -0.000500985 -0.0207477 0.00458056 -0.0521576
3.41 0.0541974 0.130318 -0.000345535 -0.0210029 0.0100242 -0.0526034
3.42 0.0919926 0.123268 -0.000127918 -0.0198644 0.0161582 -0.0496795
3.43 0.130207 0.108047 0.000131479 -0.0174124 0.0223774 -0.0435792
3.44 0.165178 0.0858232 0.000408991 -0.013835 0.0280738 -0.0347563
3.45 0.193515 0.0583306 0.000679533 -0.00941068 0.0326823 -0.0238839
3.46 0.212337 0.0277132 0.000918509 -0.0044839 0.03572 -0.0117939
3.47 0.219467 -0.00365955 0.00110368 0.000564666 0.0368198 0.000595923
3.48 0.21357 -0.0333966 0.0012168 0.00535082 0.0357533 0.0123613
3.49 0.194224 -0.0592893 0.00124506 0.00951964 0.0324445 0.0226504
3.5 0.16194 -0.0794994 0.00118198 0.0127757 0.0269729 0.0307553
3.51 0.118108 -0.0927129 0.00102799 0.0149077 0.0195657 0.0361694
3.52 0.0648933 -0.0982451 0.000790429 0.0158056 0.010581 0.0386262
3.53 0.00507838 -0.0960881 0.00048295 0.0154679 0.000481947 0.0381172
3.54 -0.0581285 -0.086895 0.000124556 0.0139994 -0.0101952 0.0348862
3.55 -0.121311 -0.0719054 -0.000261855 0.0115991 -0.0208773 0.0294016
3.56 -0.181065 -0.0528199 -0.000651202 0.00854017 -0.0309916 0.0223101
3.57 -0.234218 -0.031637 -0.00101807 0.00514343 -0.0400022 0.0143747
3.58 -0.278015 -0.0104684 -0.00133855 0.00174799 -0.0474421 0.00640462
3.59 -0.310273 0.00865035 -0.00159194 -0.00131933 -0.0529402 -0.000818442
3.6 -0.329503 0.0239381 -0.00176216 -0.00377249 -0.0562409 -0.00660979
3.61 -0.334972 0.0340205 -0.00183887 -0.00539082 -0.057216 -0.0104414
3.62 -0.326724 0.0380452 -0.00181811 -0.0060374 -0.0558691 -0.0119866
3.63 -0.30556 0.03575 -0.00170252 -0.00567009 -0.0523317 -0.011146
3.64 -0.27297 0.0274787 -0.00150112 -0.00434402 -0.0468523 -0.00805258
3.65 -0.231024 0.0141428 -0.00122854 -0.00220554 -0.0397785 -0.00305623
3.66 -0.182237 -0.00286746 -0.000903985 0.000522156 -0.031534 0.00331158
3.67 -0.129408 -0.0218154 -0.000549732 0.00356017 -0.0225913 0.0103883
3.68 -0.0754435 -0.0407803 -0.000189508 0.00660011 -0.0134419 0.0174422
3.69 -0.0231827 -0.0578361 0.000153264 0.00933267 -0.00456648 0.0237397
3.7 0.0247727 -0.0712267 0.000457155 0.0114759 0.00359421 0.0286121
3.71 0.0662059 -0.0795249 0.000704238 0.0128008 0.0106643 0.0315157
3.72 0.0994059 -0.0817575 0.000881294 0.013151 0.0163533 0.0320802
3.73 0.123254 -0.0774886 0.000980644 0.0124568 0.0204714 0.0301413
3.74 0.137272 -0.0668537 0.00100055 0.0107402 0.0229368 0.0257544
3.75 0.141629 -0.0505438 0.000945193 0.00811211 0.0237777 0.0191895
3.76 0.137116 -0.0297414 0.000824193 0.00476272 0.0231272 0.0109059
3.77 0.125074 -0.00601574 0.000651782 0.000944124 0.0212113 0.00151209
3.78 0.107297 0.0188153 0.000445632 -0.00305158 0.0183321 -0.00828847
3.79 0.0859014 0.0428425 0.000225452 -0.00691766 0.0148456 -0.0177583
3.8 0.063178 0.0642303 1.14507e-05 -0.0103592 0.0111367 -0.0261895
3.81 0.0414317 0.0813739 -0.000177224 -0.0131182 0.00759148 -0.0329642
3.82 0.0228177 0.0930356 -0.000323952 -0.014996 0.00457024 -0.0376059
3.83 0.00918942 0.0984466 -0.000415894 -0.0158689 0.00238126 -0.0398184
3.84 0.00196449 0.0973672 -0.000444934 -0.0156984 0.00125885 -0.0395081
3.85 0.00202186 0.090098 -0.000408249 -0.0145327 0.00134609 -0.0367884
3.86 0.00963453 0.0774434 -0.000308454 -0.0125011 0.00268397 -0.0319662
3.87 0.0244441 0.0606322 -0.000153339 -0.00980086 0.00520751 -0.0255118
3.88 0.0454785 0.041201 4.47932e-05 -0.00667887 0.00874925 -0.0180151
3.89 0.0712123 0.0208551 0.000270101 -0.00340903 0.0130498 -0.0101319
3.9 0.0996661 0.00131662 0.000504441 -0.000267969 0.0177751 -0.00252548
3.91 0.12854 -0.0158247 0.000728752 0.00248893 0.0225389 0.00419069
3.92 0.155373 -0.0292464 0.000924498 0.00464921 0.0269301 0.00950583
3.93 0.177719 -0.0380028 0.00107506 0.00606089 0.0305417 0.013054
3.94 0.193324 -0.0415995 0.00116701 0.00664447 0.0330012 0.0146427
3.95 0.200303 -0.0400276 0.00119107 0.0063984 0.0339993 0.0142659
3.96 0.197285 -0.0337543 0.00114285 0.00539763 0.0333141 0.0121002
3.97 0.183538 -0.0236718 0.00102319 0.00378529 0.0308314 0.00848409
3.98 0.15904 -0.0110075 0.00083804 0.00175845 0.0265557 0.0038845
3.99 0.124506 0.00279318 0.000598053 -0.000450855 0.020615 -0.00114881
4 0.081367 0.0162035 0.000317778 -0.00259751 0.0132552 -0.00603487
