0.01 3.25528e-05 -6.86661e-07 -1.50661e-07 1.62718e-07 9.96027e-06 -3.27639e-06
0.02 0.000173426 -6.3774e-06 -9.5445e-07 1.42963e-06 4.89756e-05 -1.72715e-05
0.03 0.000496131 -2.95484e-05 -2.8266e-06 6.17381e-06 0.000126724 -4.99127e-05
0.04 0.00104446 -9.25333e-05 -5.53986e-06 1.78587e-05 0.000239143 -0.000107659
0.05 0.0018218 -0.000223155 -8.7558e-06 3.98973e-05 0.000376021 -0.000193151
0.06 0.00281595 -0.000445667 -1.24979e-05 7.50812e-05 0.000538233 -0.000307023
0.07 0.00400658 -0.000770625 -1.67554e-05 0.00012557 0.000735356 -0.000447695
0.08 0.00535008 -0.00118719 -2.14548e-05 0.000191757 0.00096706 -0.000608882
0.09 0.00679536 -0.00166106 -2.6493e-05 0.000269703 0.00122125 -0.000781922
0.1 0.00827163 -0.00214051 -3.15009e-05 0.000349874 0.001474 -0.000954716
0.11 0.00969888 -0.00257001 -3.62687e-05 0.000420131 0.00170553 -0.0011142
0.12 0.0109984 -0.00290595 -4.0872e-05 0.000471824 0.00190967 -0.00124911
0.13 0.0120731 -0.00312611 -4.50603e-05 0.000503636 0.0020804 -0.0013483
0.14 0.0128257 -0.00322794 -4.83187e-05 0.00051913 0.00220708 -0.00140326
0.15 0.0131614 -0.00321826 -5.01183e-05 0.000520491 0.00226808 -0.00140718
0.16 0.0130072 -0.00310266 -4.98839e-05 0.00050521 0.00224084 -0.00135559
0.17 0.0123462 -0.00288158 -4.74877e-05 0.000469172 0.00212048 -0.00124964
0.18 0.0112037 -0.00255331 -4.33269e-05 0.000412171 0.00191639 -0.00109387
0.19 0.00964999 -0.0021196 -3.77303e-05 0.000339091 0.00164916 -0.000897279
0.2 0.00777694 -0.00159035 -3.10286e-05 0.000255401 0.00133697 -0.000671405
0.21 0.00567241 -0.000987517 -2.36171e-05 0.000162987 0.000987837 -0.000427837
0.22 0.00343218 -0.000348292 -1.5636e-05 6.22464e-05 0.000611143 -0.000180286
0.23 0.00114488 0.000275485 -7.26616e-06 -4.15604e-05 0.000218649 5.79363e-05
0.24 -0.00109754 0.000826142 1.17156e-06 -0.00013588 -0.000169657 0.000273774
0.25 -0.00319544 0.00125649 9.5236e-06 -0.000207007 -0.000529547 0.000455464
0.26 -0.00506192 0.00154507 1.74557e-05 -0.000249609 -0.000845232 0.000596272
0.27 -0.00661143 0.00170009 2.43909e-05 -0.000269684 -0.00110561 0.000692554
0.28 -0.00777976 0.00174905 2.99793e-05 -0.000277597 -0.00130694 0.000744865
0.29 -0.00853178 0.00172232 3.39452e-05 -0.000278573 -0.00144659 0.000756981
0.3 -0.00885735 0.00164189 3.60778e-05 -0.000270493 -0.00151788 0.00073395
0.31 -0.00879497 0.00152073 3.65433e-05 -0.000250344 -0.00152091 0.000684731
0.32 -0.0084145 0.00136841 3.5565e-05 -0.000221021 -0.00146278 0.000619855
0.33 -0.00781145 0.00119638 3.34066e-05 -0.000190491 -0.00136273 0.000551029
0.34 -0.00709415 0.00102021 3.06826e-05 -0.000164933 -0.00124704 0.000490114
0.35 -0.00634655 0.000860781 2.78742e-05 -0.000144684 -0.00113232 0.000445231
0.36 -0.00563522 0.000745283 2.50838e-05 -0.000128003 -0.001026 0.000422641
0.37 -0.00500226 0.000704441 2.23349e-05 -0.000117748 -0.000925951 0.000425559
0.38 -0.00447599 0.000762778 1.94983e-05 -0.000122134 -0.000832271 0.000454183
0.39 -0.00409357 0.000924934 1.65914e-05 -0.00014749 -0.000757535 0.000507066
0.4 -0.0038799 0.00116744 1.41596e-05 -0.000190574 -0.000714555 0.000577964
0.41 -0.00384964 0.00144358 1.26727e-05 -0.000238994 -0.000710221 0.000657944
0.42 -0.00399205 0.00169961 1.21882e-05 -0.000279571 -0.000736399 0.00073615
0.43 -0.0042599 0.00189218 1.26072e-05 -0.000306123 -0.000774446 0.000800525
0.44 -0.0045933 0.00199704 1.35772e-05 -0.000319565 -0.00081316 0.000841591
0.45 -0.00491104 0.00200714 1.47405e-05 -0.00032194 -0.000846689 0.000850545
0.46 -0.00512586 0.00192514 1.60118e-05 -0.000311915 -0.00087155 0.0008205
0.47 -0.00515645 0.00175652 1.70384e-05 -0.000286198 -0.000876246 0.000747424
0.48 -0.00492708 0.00150534 1.71986e-05 -0.000243754 -0.000837784 0.000629298
0.49 -0.00440272 0.00117255 1.61707e-05 -0.000187064 -0.00074152 0.000469664
0.5 -0.00358466 0.000757084 1.39048e-05 -0.000119235 -0.000587744 0.000275808
0.51 -0.00250399 0.000261385 1.06667e-05 -4.11756e-05 -0.000392159 5.78093e-05
0.52 -0.00121254 -0.000300053 6.96168e-06 4.71723e-05 -0.000173287 -0.000171638
0.53 0.000250932 -0.000894061 2.81647e-06 0.000142766 6.60019e-05 -0.000400633
0.54 0.00184483 -0.00147014 -2.14167e-06 0.000237344 0.000329181 -0.000616103
0.55 0.00351858 -0.00197122 -8.02549e-06 0.000319837 0.000615735 -0.000805084
0.56 0.00520657 -0.00234905 -1.47005e-05 0.00038109 0.000911221 -0.000956561
0.57 0.00681328 -0.00257652 -2.17232e-05 0.000416936 0.00118773 -0.00106108
0.58 0.00824409 -0.00265193 -2.83672e-05 0.000428097 0.00142477 -0.0011146
0.59 0.00940902 -0.00259457 -3.42179e-05 0.000418371 0.00161233 -0.00111701
0.6 0.010232 -0.00243475 -3.90526e-05 0.000392854 0.00174795 -0.00107133
0.61 0.0106685 -0.0022026 -4.24326e-05 0.000356416 0.00182896 -0.000984314
0.62 0.0106935 -0.00191999 -4.40652e-05 0.000312212 0.00184373 -0.000863733
0.63 0.0103223 -0.00159921 -4.38825e-05 0.000261272 0.00178629 -0.000720543
0.64 0.00960513 -0.00124865 -4.1937e-05 0.00020414 0.00166232 -0.000567741
0.65 0.00860774 -0.000881872 -3.86715e-05 0.00014351 0.00148848 -0.000417896
0.66 0.00740907 -0.000523591 -3.45261e-05 8.51193e-05 0.00128655 -0.000283384
0.67 0.00607016 -0.000208379 -2.95166e-05 3.56279e-05 0.00106662 -0.000172563
0.68 0.0046429 2.73772e-05 -2.36686e-05 -3.747e-07 0.000831751 -9.08746e-05
0.69 0.0031827 0.000155895 -1.71007e-05 -2.10153e-05 0.000585086 -4.15615e-05
0.7 0.00174507 0.000166533 -9.94843e-06 -2.54045e-05 0.000334742 -2.40377e-05
0.71 0.00040444 7.03847e-05 -2.71914e-06 -1.28824e-05 9.94757e-05 -3.58868e-05
0.72 -0.000769165 -0.000100088 3.97252e-06 1.45996e-05 -0.000104676 -7.0462e-05
0.73 -0.00172193 -0.000297665 9.73583e-06 4.95556e-05 -0.000268221 -0.000117747
0.74 -0.00241862 -0.000473199 1.4128e-05 8.03381e-05 -0.000388621 -0.000167159
0.75 -0.00286474 -0.000590296 1.69124e-05 9.75461e-05 -0.000471676 -0.000207152
0.76 -0.00308828 -0.000633923 1.83145e-05 9.97704e-05 -0.000521327 -0.000228714
0.77 -0.00313965 -0.000607294 1.85839e-05 9.23831e-05 -0.000543049 -0.000224493
0.78 -0.00308503 -0.000519498 1.80023e-05 8.01178e-05 -0.000543974 -0.00018822
0.79 -0.00297964 -0.000373499 1.69348e-05 6.11482e-05 -0.000530959 -0.000117236
0.8 -0.0028759 -0.000163223 1.54632e-05 2.90154e-05 -0.00051595 -1.11813e-05
0.81 -0.00280714 0.000119658 1.36773e-05 -1.99218e-05 -0.000507634 0.000125492
0.82 -0.00278948 0.000476001 1.18997e-05 -8.20412e-05 -0.000510942 0.000284051
0.83 -0.00283898 0.000893254 1.02483e-05 -0.000149754 -0.000527113 0.000454395
0.84 -0.00296163 0.00134447 8.77612e-06 -0.000217937 -0.000551529 0.000624265
0.85 -0.0031728 0.00178985 7.71278e-06 -0.000285308 -0.000584926 0.000782217
0.86 -0.00348858 0.0021802 7.24135e-06 -0.000349119 -0.000631811 0.000916938
0.87 -0.00390845 0.00246507 7.7096e-06 -0.000400315 -0.000697556 0.00101683
0.88 -0.00441795 0.00260625 9.52143e-06 -0.000426618 -0.000784038 0.00107334
0.89 -0.00496609 0.00259082 1.24585e-05 -0.000421692 -0.000878996 0.00108024
0.9 -0.00548299 0.00243437 1.58767e-05 -0.000390656 -0.000965162 0.0010362
0.91 -0.00589923 0.00217062 1.91756e-05 -0.000345447 -0.00102773 0.000944657
0.92 -0.00615107 0.001834 2.1834e-05 -0.000294558 -0.00105949 0.000811118
0.93 -0.00620644 0.00144757 2.37415e-05 -0.00023776 -0.00106335 0.000644566
0.94 -0.00604946 0.00102325 2.50657e-05 -0.000170782 -0.00103839 0.000455259
0.95 -0.00567797 0.000570816 2.56083e-05 -9.38826e-05 -0.000979473 0.000255308
0.96 -0.0051072 0.000106694 2.50662e-05 -1.4546e-05 -0.000881803 5.90715e-05
0.97 -0.00435053 -0.000343461 2.33898e-05 5.7901e-05 -0.000745141 -0.000120729
0.98 -0.00343163 -0.000747195 2.05716e-05 0.000118643 -0.000580708 -0.000272681
0.99 -0.00237175 -0.00106938 1.67541e-05 0.000167318 -0.000398659 -0.000389081
1 -0.00118637 -0.00127754 1.20678e-05 0.000202588 -0.000201924 -0.000466308
1.01 9.29126e-05 -0.00135019 6.26759e-06 0.000219093 1.07736e-05 -0.000502454
1.02 0.00142412 -0.00128681 -6.84164e-07 0.000211515 0.000239912 -0.000499571
1.03 0.00273887 -0.00111319 -8.23003e-06 0.000181521 0.000471822 -0.000462349
1.04 0.00395443 -0.000876018 -1.56292e-05 0.000139455 0.000685464 -0.000398703
1.05 0.00500396 -0.000627346 -2.20946e-05 9.83092e-05 0.000864443 -0.000320317
1.06 0.00583699 -0.000407838 -2.71123e-05 6.58233e-05 0.00100195 -0.00023858
1.07 0.0064386 -0.000238478 -3.08011e-05 4.22202e-05 0.00110366 -0.000164875
1.08 0.00681493 -0.000123716 -3.33264e-05 2.46285e-05 0.00117362 -0.000108598
1.09 0.00697614 -6.11314e-05 -3.4593e-05 1.2483e-05 0.00120985 -7.64184e-05
1.1 0.00694343 -5.01548e-05 -3.45987e-05 8.52513e-06 0.00120974 -7.425e-05
1.11 0.00672978 -9.56816e-05 -3.33205e-05 1.58584e-05 0.00117209 -0.00010427
1.12 0.00634976 -0.000206535 -3.07664e-05 3.5391e-05 0.00110417 -0.000165414
1.13 0.00582082 -0.000390303 -2.72143e-05 6.61639e-05 0.00101396 -0.000252815
1.14 0.00515556 -0.000646008 -2.27966e-05 0.000106834 0.000904378 -0.000357028
1.15 0.00438568 -0.00095698 -1.7529e-05 0.000155469 0.000777782 -0.000467973
1.16 0.00355384 -0.00128791 -1.18017e-05 0.00020776 0.000636458 -0.000574441
1.17 0.00271569 -0.00158947 -6.13856e-06 0.000256293 0.000490379 -0.000665469
1.18 0.00193526 -0.00181021 -1.05693e-06 0.000292387 0.000353401 -0.000731385
1.19 0.0012539 -0.00191055 2.85479e-06 0.000309118 0.000234556 -0.000762231
1.2 0.00069564 -0.00187273 5.40728e-06 0.000303236 0.000138645 -0.000751337
1.21 0.000258105 -0.00170277 6.78245e-06 0.000275331 6.25531e-05 -0.000695542
1.22 -8.18186e-05 -0.00142491 7.11203e-06 0.000229197 1.53709e-06 -0.000595658
1.23 -0.000343659 -0.00107128 6.695e-06 0.000170812 -4.72863e-05 -0.000457589
1.24 -0.000550223 -0.000671182 5.88552e-06 0.000106312 -8.78249e-05 -0.000288776
1.25 -0.000710591 -0.000244165 4.71479e-06 3.93131e-05 -0.000119991 -9.91261e-05
1.26 -0.000824138 0.000199424 3.20821e-06 -3.00854e-05 -0.000143599 9.9627e-05
1.27 -0.000897326 0.000650635 1.4506e-06 -0.00010278 -0.000159093 0.000295185
1.28 -0.000937506 0.00109173 -5.32478e-07 -0.000176297 -0.000167637 0.000473429
1.29 -0.000973217 0.0014912 -2.35451e-06 -0.000243054 -0.000176801 0.00062237
1.3 -0.00104424 0.00180825 -3.44138e-06 -0.000293668 -0.000193987 0.00073288
1.31 -0.00118629 0.00200461 -3.54072e-06 -0.000322317 -0.000224552 0.000799009
1.32 -0.00143261 0.00205655 -2.50103e-06 -0.000328718 -0.000271063 0.000819524
1.33 -0.00178974 0.00196162 -2.70772e-07 -0.000315225 -0.000331624 0.00079501
1.34 -0.00224632 0.00173906 2.94572e-06 -0.000283369 -0.000406952 0.000729396
1.35 -0.00277567 0.001426 7.01708e-06 -0.000234638 -0.000496246 0.000630195
1.36 -0.00333159 0.00107021 1.16735e-05 -0.000174532 -0.000593847 0.000507158
1.37 -0.00387387 0.000719241 1.62279e-05 -0.000113783 -0.000690481 0.000373419
1.38 -0.00436525 0.000408265 2.01594e-05 -6.3158e-05 -0.000773748 0.000241541
1.39 -0.00478247 0.000152723 2.33191e-05 -2.62927e-05 -0.000838985 0.000122591
1.4 -0.00511948 -4.83429e-05 2.57224e-05 1.48833e-06 -0.000889069 2.61565e-05
1.41 -0.00536089 -0.000199639 2.75931e-05 2.61744e-05 -0.00092672 -4.15645e-05
1.42 -0.00548572 -0.000297092 2.88855e-05 4.69309e-05 -0.000949737 -7.55923e-05
1.43 -0.00545692 -0.000325476 2.90044e-05 5.57053e-05 -0.000945724 -7.42748e-05
1.44 -0.00523042 -0.000267878 2.75063e-05 4.51425e-05 -0.000902697 -4.03586e-05
1.45 -0.00478331 -0.000119047 2.43519e-05 1.61493e-05 -0.000817737 2.03689e-05
1.46 -0.00410911 0.000107075 1.97172e-05 -2.28735e-05 -0.000695556 9.78963e-05
1.47 -0.00323148 0.000378777 1.40768e-05 -6.34399e-05 -0.00054585 0.000181583
1.48 -0.00219627 0.000653075 7.82523e-06 -0.000102036 -0.000373669 0.000260995
1.49 -0.00105623 0.000882896 1.11119e-06 -0.000137331 -0.000181889 0.00032538
1.5 0.000121175 0.0010248 -5.59255e-06 -0.000164097 2.14915e-05 0.000365869
1.51 0.00127695 0.00104877 -1.16144e-05 -0.000172702 0.000224273 0.000373988
1.52 0.00236238 0.000947547 -1.65603e-05 -0.000156206 0.00041131 0.000344193
1.53 0.00333923 0.000738669 -2.02486e-05 -0.000117392 0.000574307 0.000275626
1.54 0.00418804 0.000455012 -2.28471e-05 -6.72622e-05 0.000713555 0.000170724
1.55 0.00488188 0.000128482 -2.47167e-05 -1.58018e-05 0.000829431 3.65625e-05
1.56 0.00538914 -0.000221824 -2.57309e-05 3.54077e-05 0.000918941 -0.000118113
1.57 0.00567545 -0.00058892 -2.54887e-05 9.11559e-05 0.000972081 -0.00028342
1.58 0.00570658 -0.000966992 -2.38341e-05 0.000154002 0.000979292 -0.000447236
1.59 0.00547866 -0.00134016 -2.07848e-05 0.000218725 0.000939721 -0.000597595
1.6 0.00501299 -0.00167919 -1.67083e-05 0.000275206 0.000859425 -0.000721811
1.61 0.00435907 -0.00194667 -1.2258e-05 0.000315535 0.000750752 -0.000809233
1.62 0.00359056 -0.00210572 -7.82931e-06 0.00033725 0.000625667 -0.000853494
1.63 0.00277826 -0.00212819 -3.74954e-06 0.0003403 0.000493677 -0.000851098
1.64 0.00199265 -0.00200184 -4.84329e-07 0.000323084 0.000364684 -0.000803049
1.65 0.00128632 -0.0017362 1.76035e-06 0.000283349 0.000246008 -0.000712753
1.66 0.000689654 -0.00136392 2.94254e-06 0.000223016 0.000144525 -0.000585973
1.67 0.000225634 -0.000934112 3.08246e-06 0.000150726 6.54164e-05 -0.000432586
1.68 -9.85715e-05 -0.000498186 2.50468e-06 7.83172e-05 1.07794e-05 -0.000264153
1.69 -0.000273865 -9.53141e-05 1.44629e-06 1.42985e-05 -1.73817e-05 -9.43794e-05
1.7 -0.000291388 0.000254328 -1.40299e-07 -3.93617e-05 -2.02855e-05 6.35213e-05
1.71 -0.000154517 0.000545587 -2.17113e-06 -8.46794e-05 -4.06284e-07 0.000199293
1.72 0.000128593 0.000778009 -4.55931e-06 -0.000122833 4.01422e-05 0.000304129
1.73 0.00052418 0.000946723 -7.26367e-06 -0.000151862 9.76834e-05 0.0003726
1.74 0.000976521 0.00103958 -9.91325e-06 -0.000168009 0.000167552 0.000401549
1.75 0.00141445 0.001041 -1.20433e-05 -0.00016821 0.000238405 0.000390564
1.76 0.00175062 0.000940093 -1.32511e-05 -0.000151381 0.00029276 0.000344394
1.77 0.00191498 0.000739531 -1.30216e-05 -0.000118695 0.00031452 0.000270612
1.78 0.00186161 0.000461551 -1.11964e-05 -7.39916e-05 0.000294771 0.000179918
1.79 0.00157656 0.000147463 -8.13478e-06 -2.39707e-05 0.00023716 8.3977e-05
1.8 0.00108042 -0.000150616 -4.20616e-06 2.30524e-05 0.000150554 -6.93921e-06
1.81 0.00039927 -0.000383138 2.24763e-07 5.96393e-05 3.951e-05 -8.22287e-05
1.82 -0.000432932 -0.000515761 4.8594e-06 8.11165e-05 -9.6192e-05 -0.000133092
1.83 -0.00138055 -0.000535918 9.68543e-06 8.55788e-05 -0.000257496 -0.000152366
1.84 -0.00240647 -0.000451726 1.45158e-05 7.30279e-05 -0.000436183 -0.000135373
1.85 -0.00345482 -0.000285203 1.89134e-05 4.54407e-05 -0.000615386 -8.28417e-05
1.86 -0.00446645 -6.30041e-05 2.26886e-05 7.38661e-06 -0.000779664 1.26976e-06
1.87 -0.00537311 0.000192281 2.57345e-05 -3.50765e-05 -0.00092011 0.000109468
1.88 -0.00609828 0.000467169 2.78648e-05 -7.77438e-05 -0.00103395 0.000232133
1.89 -0.00657136 0.000755679 2.89141e-05 -0.000120737 -0.00111423 0.000359554
1.9 -0.00672316 0.00105085 2.84379e-05 -0.000166499 -0.00114505 0.000479924
1.91 -0.00651534 0.00133431 2.59974e-05 -0.00021418 -0.00111116 0.000581583
1.92 -0.00595294 0.00157191 2.18399e-05 -0.000256135 -0.00100898 0.000653658
1.93 -0.0050786 0.00172052 1.6623e-05 -0.000281087 -0.000852632 0.000687098
1.94 -0.00397104 0.00174282 1.1017e-05 -0.000281505 -0.000664396 0.000677914
1.95 -0.00270904 0.00162111 5.58778e-06 -0.000257925 -0.000459431 0.000625196
1.96 -0.00136429 0.00136256 4.2079e-07 -0.000216118 -0.000242865 0.000531587
1.97 -4.683e-06 0.000995396 -4.58995e-06 -0.000160987 -1.62814e-05 0.000402829
1.98 0.0013097 0.000560896 -9.15451e-06 -9.45319e-05 0.000210563 0.000246227
1.99 0.00250725 0.000105143 -1.29262e-05 -1.98274e-05 0.000417935 7.29723e-05
2 0.00351857 -0.000329064 -1.57427e-05 5.50058e-05 0.000587084 -0.00010407
2.01 0.00428323 -0.000710451 -1.74696e-05 0.000119264 0.00070809 -0.000271586
2.02 0.00474734 -0.00102441 -1.81694e-05 0.000167028 0.00078092 -0.000416758
2.03 0.00488283 -0.00127009 -1.785e-05 0.000201085 0.000807252 -0.000530589
2.04 0.00468109 -0.00144917 -1.6199e-05 0.000227986 0.000783757 -0.000606132
2.05 0.00416655 -0.00155413 -1.31951e-05 0.000248914 0.000707384 -0.000639208
2.06 0.00340659 -0.00156618 -9.3194e-06 0.000256465 0.0005831 -0.000629042
2.07 0.00249193 -0.00146587 -5.19571e-06 0.000241333 0.000428561 -0.000577289
2.08 0.00153247 -0.00124876 -1.54817e-06 0.000201919 0.000268723 -0.00049071
2.09 0.000626482 -0.000934355 1.16991e-06 0.000146755 0.000123721 -0.00037916
2.1 -0.00015493 -0.000563003 3.05365e-06 8.77097e-05 3.69349e-06 -0.000254101
2.11 -0.000758735 -0.000184967 4.19213e-06 3.20099e-05 -8.95592e-05 -0.000128073
2.12 -0.00115629 0.000150787 4.54576e-06 -1.843e-05 -0.000155082 -1.15868e-05
2.13 -0.0013228 0.000404537 4.192e-06 -6.12639e-05 -0.000187028 8.52337e-05
2.14 -0.00123777 0.000551754 3.07958e-06 -9.00426e-05 -0.000177314 0.000153576
2.15 -0.000897299 0.00058774 1.15157e-06 -9.80141e-05 -0.000120634 0.000187587
2.16 -0.000309596 0.000527662 -1.43305e-06 -8.51375e-05 -1.99043e-05 0.000183878
2.17 0.000483942 0.00039848 -4.62956e-06 -5.95458e-05 0.000113168 0.000144447
2.18 0.00141411 0.000225407 -8.33118e-06 -3.08293e-05 0.00026322 7.50012e-05
2.19 0.00239247 2.18016e-05 -1.20634e-05 -2.08597e-06 0.000415389 -1.65607e-05
2.2 0.00331025 -0.000209701 -1.53674e-05 3.07121e-05 0.000557661 -0.000119965
2.21 0.00406585 -0.000465874 -1.78295e-05 7.16292e-05 0.000678367 -0.000225229
2.22 0.00456824 -0.000730752 -1.89789e-05 0.000117782 0.000762589 -0.000321069
2.23 0.00475071 -0.000972076 -1.86775e-05 0.000159576 0.000794319 -0.000395937
2.24 0.00458902 -0.00114824 -1.70066e-05 0.000187076 0.000762737 -0.000440487
2.25 0.00408891 -0.00122048 -1.40632e-05 0.000195354 0.000669354 -0.000447379
2.26 0.00329019 -0.00116366 -1.02648e-05 0.000184207 0.000527627 -0.000414274
2.27 0.0022464 -0.000972878 -6.06581e-06 0.000154689 0.000353225 -0.000342559
2.28 0.0010073 -0.000665449 -1.56074e-06 0.000107729 0.000154646 -0.000236005
2.29 -0.000369088 -0.000278044 3.22272e-06 4.6248e-05 -6.75313e-05 -0.000101826
2.3 -0.00182008 0.000141818 8.27827e-06 -2.28179e-05 -0.000310375 5.13895e-05
2.31 -0.00325913 0.000548321 1.35318e-05 -9.01867e-05 -0.000558035 0.000212104
2.32 -0.00457642 0.000908602 1.8415e-05 -0.000148544 -0.000783259 0.000366842
2.33 -0.00566552 0.00120675 2.22482e-05 -0.000195244 -0.000960096 0.000503227
2.34 -0.00643045 0.00143884 2.47339e-05 -0.000231089 -0.00107643 0.00060985
2.35 -0.00681146 0.0016031 2.57183e-05 -0.000256986 -0.00113345 0.000679158
2.36 -0.00678556 0.00169194 2.52009e-05 -0.000271795 -0.0011342 0.00070663
2.37 -0.00635798 0.00169049 2.33286e-05 -0.000272579 -0.0010753 0.000689754
2.38 -0.00557502 0.0015819 2.01091e-05 -0.000256101 -0.000951638 0.000630057
2.39 -0.00450893 0.00135692 1.57958e-05 -0.00022034 -0.00076949 0.000531729
2.4 -0.00325518 0.00102342 1.10831e-05 -0.000166078 -0.000551573 0.000403214
2.41 -0.00191742 0.000611317 6.49339e-06 -9.83592e-05 -0.000326776 0.000256426
2.42 -0.000578612 0.000169422 2.2259e-06 -2.63036e-05 -0.000113758 0.000103477
2.43 0.000688497 -0.000245944 -1.7396e-06 3.97959e-05 8.47484e-05 -4.2955e-05
2.44 0.00182076 -0.000586005 -5.63449e-06 9.25412e-05 0.000270478 -0.000172177
2.45 0.00275111 -0.000821012 -9.31254e-06 0.000129292 0.00043451 -0.000275068
2.46 0.0034009 -0.000943299 -1.21058e-05 0.000150347 0.000554654 -0.000343387
2.47 0.00371182 -0.000962445 -1.353e-05 0.000156009 0.000609235 -0.000372723
2.48 0.00365549 -0.00089699 -1.34454e-05 0.000146261 0.000593403 -0.000361745
2.49 0.00324928 -0.00076681 -1.19687e-05 0.000123055 0.000520682 -0.00031381
2.5 0.00255601 -0.000587799 -9.53525e-06 9.14017e-05 0.000410833 -0.00023656
2.51 0.00165715 -0.000369576 -6.45527e-06 5.65428e-05 0.000276661 -0.000138751
2.52 0.000654461 -0.000117742 -2.86167e-06 1.98551e-05 0.000123456 -3.11364e-05
2.53 -0.000347082 0.000158589 7.86645e-07 -2.10416e-05 -3.99684e-05 7.55301e-05
2.54 -0.00124962 0.000437538 3.9409e-06 -6.66615e-05 -0.000194718 0.000170398
2.55 -0.00196476 0.000680968 6.29308e-06 -0.000110238 -0.00031667 0.000242079
2.56 -0.0024389 0.00084235 7.68003e-06 -0.000139309 -0.000389412 0.00028227
2.57 -0.00264303 0.000883378 8.27339e-06 -0.000143956 -0.000411993 0.000285489
2.58 -0.00256643 0.000789206 8.35982e-06 -0.000123789 -0.000392369 0.000250569
2.59 -0.00221206 0.000572889 7.78457e-06 -8.66037e-05 -0.000336197 0.000180745
2.6 -0.00158047 0.000268 6.25315e-06 -4.06078e-05 -0.000240677 8.08265e-05
2.61 -0.00069307 -8.35809e-05 3.65607e-06 1.09619e-05 -0.000100039 -4.12457e-05
2.62 0.000400598 -0.000441315 -3.34548e-08 6.74328e-05 8.23563e-05 -0.000175705
2.63 0.0016195 -0.000771336 -4.4925e-06 0.000124681 0.000289601 -0.000311115
2.64 0.00284741 -0.00104979 -9.13079e-06 0.000173963 0.000495551 -0.000434034
2.65 0.00396653 -0.00126477 -1.35211e-05 0.000207882 0.000675667 -0.000533046
2.66 0.00486855 -0.00141383 -1.71993e-05 0.000226489 0.000815405 -0.000598738
2.67 0.00547059 -0.00149564 -1.96948e-05 0.000235574 0.000908407 -0.000624983
2.68 0.00572971 -0.00150061 -2.09129e-05 0.000238241 0.000951763 -0.000609564
2.69 0.00562743 -0.00140948 -2.08854e-05 0.000229281 0.000940945 -0.000551872
2.7 0.00517817 -0.00120372 -1.96664e-05 0.000199262 0.000870673 -0.000455207
2.71 0.00441896 -0.000881703 -1.75026e-05 0.000144533 0.000742081 -0.000326233
2.72 0.00339856 -0.000468333 -1.4499e-05 7.2576e-05 0.00056535 -0.00017465
2.73 0.00218375 -1.11187e-05 -1.06533e-05 -2.78686e-06 0.000358148 -1.36084e-05
2.74 0.000839776 0.000433996 -6.19285e-06 -7.07867e-05 0.000137686 0.000144375
2.75 -0.000561974 0.000817367 -1.27317e-06 -0.00012787 -8.66756e-05 0.000287382
2.76 -0.00193889 0.00110424 4.03527e-06 -0.000173732 -0.000309699 0.000405004
2.77 -0.0032032 0.00127734 9.39343e-06 -0.000205684 -0.000522832 0.000489503
2.78 -0.00425116 0.0013365 1.43637e-05 -0.000218778 -0.000707298 0.000534094
2.79 -0.00499102 0.00129592 1.8404e-05 -0.000211272 -0.00083792 0.000535946
2.8 -0.00536312 0.00117731 2.08416e-05 -0.000188061 -0.000898238 0.000496367
2.81 -0.00534966 0.00100008 2.14905e-05 -0.000157172 -0.000888964 0.000420368
2.82 -0.00498776 0.00077436 2.07084e-05 -0.000122904 -0.000826018 0.000317366
2.83 -0.0043393 0.000502863 1.88774e-05 -8.33361e-05 -0.000726789 0.000197414
2.84 -0.00347817 0.000191436 1.63459e-05 -3.50281e-05 -0.000597978 7.15134e-05
2.85 -0.0024824 -0.000139736 1.3268e-05 2.02357e-05 -0.000440671 -4.87424e-05
2.86 -0.00142173 -0.000453225 9.55172e-06 7.3784e-05 -0.000260943 -0.000152777
2.87 -0.000373714 -0.00070248 5.41272e-06 0.000114763 -7.73699e-05 -0.000229815
2.88 0.000590284 -0.000845983 1.30866e-06 0.000136041 8.54399e-05 -0.000272364
2.89 0.00141031 -0.000859765 -2.54024e-06 0.000136129 0.000213339 -0.000276988
2.9 0.00203118 -0.000743501 -5.98514e-06 0.000117147 0.000305926 -0.000243745
2.91 0.00241324 -0.000519555 -8.86981e-06 8.24966e-05 0.000368239 -0.00017731
2.92 0.00251764 -0.000226326 -1.10099e-05 3.66189e-05 0.000397271 -8.38065e-05
2.93 0.00232072 9.22229e-05 -1.18734e-05 -1.45075e-05 0.000378532 2.84218e-05
2.94 0.0018367 0.000397809 -1.10056e-05 -6.43455e-05 0.000302332 0.000148516
2.95 0.00111675 0.000665457 -8.62753e-06 -0.000107957 0.000176736 0.000265026
2.96 0.000256642 0.000883944 -5.32387e-06 -0.000143088 2.76963e-05 0.000365053
2.97 -0.000636744 0.00104943 -1.74344e-06 -0.000169166 -0.000115899 0.000437912
2.98 -0.00147276 0.00115677 1.59504e-06 -0.000185525 -0.000240654 0.000476276
2.99 -0.002179 0.00119409 4.67236e-06 -0.000190648 -0.000346588 0.000475433
3 -0.00271244 0.00114369 7.58344e-06 -0.000182478 -0.000435119 0.000434907
3.01 -0.00303813 0.000988551 1.00741e-05 -0.000158774 -0.000498266 0.000356071
3.02 -0.00312886 0.000721882 1.18877e-05 -0.000117598 -0.000519571 0.000243449
3.03 -0.00297538 0.000355882 1.28594e-05 -5.9058e-05 -0.00049003 0.000105706
3.04 -0.00257554 -7.45704e-05 1.28246e-05 1.20782e-05 -0.000414012 -4.64776e-05
3.05 -0.00194719 -0.000516776 1.18211e-05 8.56974e-05 -0.000304333 -0.000199696
3.06 -0.00111845 -0.000913524 9.81178e-06 0.00014982 -0.000171803 -0.000341334
3.07 -0.000127516 -0.0012193 6.55363e-06 0.000196418 -1.7337e-05 -0.000460833
3.08 0.000958335 -0.00141097 2.15104e-06 0.00022443 0.000158052 -0.000548705
3.09 0.00205503 -0.00148781 -2.92372e-06 0.000237037 0.000343926 -0.000598655
3.1 0.00306068 -0.0014629 -8.10577e-06 0.000236315 0.000519114 -0.000606061
3.11 0.00387834 -0.00135289 -1.27045e-05 0.000221222 0.000658631 -0.000569776
3.12 0.00444621 -0.001172 -1.62785e-05 0.000190795 0.000749113 -0.000493787
3.13 0.00473259 -0.000930805 -1.88158e-05 0.000148034 0.000790589 -0.000385028
3.14 0.0047438 -0.000637647 -2.02958e-05 9.89984e-05 0.000790428 -0.000254165
3.15 0.00450436 -0.000301569 -2.07365e-05 4.78064e-05 0.000755815 -0.000112603
3.16 0.0040394 6.23156e-05 -2.0289e-05 -5.98789e-06 0.000686446 2.86509e-05
3.17 0.00338294 0.000426393 -1.88922e-05 -6.33733e-05 0.000581162 0.00015765
3.18 0.00256508 0.000748556 -1.64371e-05 -0.000119244 0.000442969 0.000264041
3.19 0.00162648 0.000980212 -1.29629e-05 -0.000161426 0.000280986 0.000338345
3.2 0.000622513 0.00108296 -8.47587e-06 -0.000178156 0.000110696 0.000374073
3.21 -0.000387542 0.0010443 -3.23456e-06 -0.000167112 -5.50654e-05 0.000369946
3.22 -0.00132912 0.000881741 2.16333e-06 -0.000136617 -0.000207123 0.00032771
3.23 -0.00213191 0.000633022 7.255e-06 -9.77799e-05 -0.000338868 0.000253198
3.24 -0.00273511 0.000340456 1.1654e-05 -5.61169e-05 -0.000444498 0.000154151
3.25 -0.00309098 3.95406e-05 1.49438e-05 -1.11829e-05 -0.000513347 3.94072e-05
3.26 -0.00318882 -0.000244163 1.6944e-05 3.6771e-05 -0.000536683 -7.93114e-05
3.27 -0.00304475 -0.000493415 1.75542e-05 8.20269e-05 -0.00051344 -0.000190202
3.28 -0.00270475 -0.00069727 1.67772e-05 0.00011655 -0.000452769 -0.000281268
3.29 -0.00223252 -0.000848731 1.50453e-05 0.000136987 -0.000372927 -0.000342476
3.3 -0.00167923 -0.000940038 1.28046e-05 0.000146509 -0.000287027 -0.000368327
3.31 -0.00108821 -0.000957216 1.01363e-05 0.000148774 -0.000198347 -0.000355694
3.32 -0.000486269 -0.000880006 6.99096e-06 0.000141073 -0.000103825 -0.000305264
3.33 0.000101683 -0.00069134 3.24086e-06 0.000115288 -2.17845e-06 -0.000220344
3.34 0.000632944 -0.000392102 -1.0379e-06 6.6511e-05 9.48658e-05 -0.000106474
3.35 0.00106278 -1.03189e-05 -5.19381e-06 2.23042e-07 0.000170294 2.63189e-05
3.36 0.00134193 0.000403219 -8.52657e-06 -6.97893e-05 0.000212465 0.000166425
3.37 0.00143625 0.000790731 -1.0722e-05 -0.000130499 0.000220482 0.000300911
3.38 0.00133818 0.00110447 -1.16425e-05 -0.000176396 0.000203154 0.000417413
3.39 0.0010533 0.00131598 -1.13423e-05 -0.000208117 0.000164348 0.000506819
3.4 0.000614288 0.00141617 -9.92168e-06 -0.000226403 0.000101597 0.000561138
3.41 6.96905e-05 0.00141048 -7.32022e-06 -0.000229155 1.40391e-05 0.000575333
3.42 -0.000520662 0.001313 -3.79109e-06 -0.000214328 -9.07346e-05 0.000547198
3.43 -0.00108758 0.00114051 1.81915e-08 -0.000183913 -0.000192612 0.000477375
3.44 -0.00158499 0.000906569 3.63394e-06 -0.000143396 -0.00027448 0.000372057
3.45 -0.00198634 0.000618516 6.85036e-06 -9.71898e-05 -0.00033287 0.000240166
3.46 -0.00228363 0.00028083 9.71937e-06 -4.56328e-05 -0.000374688 9.29798e-05
3.47 -0.00247724 -9.57341e-05 1.24765e-05 1.26841e-05 -0.000408417 -5.71559e-05
3.48 -0.00254767 -0.000485362 1.49305e-05 7.57827e-05 -0.000428861 -0.000199395
3.49 -0.0024718 -0.000846136 1.64551e-05 0.000136055 -0.000422027 -0.00032223
3.5 -0.00222809 -0.0011291 1.66087e-05 0.000183201 -0.000378695 -0.000415672
3.51 -0.00180964 -0.00129291 1.52121e-05 0.000209318 -0.000300248 -0.000472097
3.52 -0.0012419 -0.00131657 1.23703e-05 0.00021179 -0.000200167 -0.000486554
3.53 -0.000562205 -0.00120466 8.51387e-06 0.000192778 -8.97493e-05 -0.000459834
3.54 0.000175871 -0.000984367 3.95994e-06 0.000157257 2.7228e-05 -0.000395874
3.55 0.000911872 -0.000696054 -1.05272e-06 0.000111476 0.000147907 -0.000301526
3.56 0.00159353 -0.000381292 -6.01431e-06 6.17162e-05 0.000267096 -0.000186146
3.57 0.00217016 -7.25319e-05 -1.0455e-05 1.28114e-05 0.000371598 -5.93553e-05
3.58 0.00261633 0.000211307 -1.41073e-05 -3.27092e-05 0.000449608 6.66911e-05
3.59 0.00292689 0.00046167 -1.67885e-05 -7.37367e-05 0.000499359 0.000179676
3.6 0.0031047 0.000672231 -1.85941e-05 -0.000108596 0.000524961 0.000268721
3.61 0.00316045 0.00083146 -1.96563e-05 -0.000134134 0.000533686 0.000324747
3.62 0.00308723 0.000920588 -1.97755e-05 -0.00014694 0.000525487 0.000343742
3.63 0.00287369 0.000917813 -1.87525e-05 -0.000145009 0.00049383 0.000324464
3.64 0.00251494 0.000806226 -1.65017e-05 -0.000127649 0.000434847 0.000268513
3.65 0.00201493 0.000582269 -1.29459e-05 -9.42513e-05 0.00034823 0.00018096
3.66 0.00140869 0.000262186 -8.33682e-06 -4.47594e-05 0.000242523 6.85503e-05
3.67 0.000745045 -0.000116233 -3.18706e-06 1.72746e-05 0.000129529 -5.78922e-05
3.68 8.18711e-05 -0.000499477 2.00894e-06 8.23825e-05 1.87734e-05 -0.00018582
3.69 -0.000520575 -0.000831964 6.63048e-06 0.000137787 -8.03935e-05 -0.000303047
3.7 -0.00102525 -0.00107231 1.01897e-05 0.000174266 -0.000164283 -0.000397879
3.71 -0.00140775 -0.00120342 1.26563e-05 0.000191077 -0.000230592 -0.000462368
3.72 -0.00166418 -0.00123045 1.40996e-05 0.000193734 -0.000277195 -0.00049036
3.73 -0.00180508 -0.00116919 1.4567e-05 0.000186793 -0.000304343 -0.000477927
3.74 -0.00183486 -0.00103392 1.41601e-05 0.000169276 -0.00030979 -0.000425066
3.75 -0.00176253 -0.000832479 1.28104e-05 0.000137435 -0.000294822 -0.000334359
3.76 -0.00158794 -0.000569228 1.0513e-05 9.11442e-05 -0.000263008 -0.000213526
3.77 -0.00130876 -0.000250693 7.54731e-06 3.60396e-05 -0.000216541 -7.32773e-05
3.78 -0.000935041 0.000110286 4.06818e-06 -2.10553e-05 -0.000158264 7.49398e-05
3.79 -0.000481219 0.00049191 1.25057e-07 -7.74365e-05 -8.66841e-05 0.000218559
3.8 1.2945e-05 0.000861182 -4.036e-06 -0.000133508 -3.85306e-06 0.000346938
3.81 0.000491856 0.00117435 -8.046e-06 -0.000186286 7.99771e-05 0.000449724
3.82 0.000898684 0.00138455 -1.12868e-05 -0.00022572 0.000151398 0.00051762
3.83 0.00117923 0.00145676 -1.30285e-05 -0.000239808 0.000196227 0.000545049
3.84 0.00131239 0.0013825 -1.3108e-05 -0.000224296 0.000211754 0.000529207
3.85 0.00130012 0.00118358 -1.18947e-05 -0.000186705 0.000204904 0.00047271
3.86 0.00115851 0.000901406 -9.80846e-06 -0.000140034 0.000181939 0.000381855
3.87 0.000913602 0.00057915 -7.2019e-06 -9.26232e-05 0.000146009 0.0002645
3.88 0.000577055 0.000248922 -4.13296e-06 -4.45298e-05 9.23905e-05 0.000131204
3.89 0.000162139 -7.00178e-05 -4.69337e-07 6.77218e-06 1.91105e-05 -7.40699e-06
3.9 -0.000316864 -0.000365413 3.55303e-06 5.89901e-05 -6.71609e-05 -0.000139257
3.91 -0.000845435 -0.000625934 7.49769e-06 0.000104602 -0.000158005 -0.00025177
3.92 -0.00139174 -0.000838407 1.11247e-05 0.000137162 -0.000244772 -0.000335279
3.93 -0.00192102 -0.000986802 1.42469e-05 0.000156086 -0.00032586 -0.000382262
3.94 -0.00238383 -0.00105161 1.67224e-05 0.000164063 -0.000400335 -0.000389995
3.95 -0.0027195 -0.00101208 1.83405e-05 0.000160579 -0.000458662 -0.000359343
3.96 -0.00288015 -0.000854454 1.85526e-05 0.000140114 -0.000488684 -0.000292988
3.97 -0.00283032 -0.000583845 1.69681e-05 9.80602e-05 -0.000478681 -0.000197473
3.98 -0.0025716 -0.00023145 1.38094e-05 3.80845e-05 -0.000428431 -8.11029e-05
3.99 -0.00213523 0.000150337 9.60866e-06 -2.74156e-05 -0.000349431 4.48456e-05
4 -0.00156054 0.000503881 5.01056e-06 -8.46453e-05 -0.000251995 0.00016706
