0.01 0.0314542 -0.0274664 -0.000311674 0.00650874 0.00920679 -0.131056
0.02 0.163674 -0.14523 -0.00176513 0.0311504 0.0415245 -0.166636
0.03 0.42938 -0.381284 -0.00445603 0.0702807 0.0904303 -0.281516
0.04 0.77298 -0.684756 -0.00710512 0.105919 0.130166 -0.274555
0.05 1.08959 -0.954688 -0.00906633 0.132025 0.154164 -0.279182
0.06 1.28046 -1.08146 -0.0106895 0.155845 0.183236 -0.302264
0.07 1.2564 -0.98023 -0.0113288 0.168499 0.215017 -0.188307
0.08 0.97721 -0.622302 -0.00943188 0.135067 0.208068 -0.141728
0.09 0.480614 -0.0673067 -0.00394223 0.0317084 0.11819 -0.0023507
0.1 -0.114277 0.533611 0.00400911 -0.109466 -0.0399714 0.156264
0.11 -0.615946 0.997782 0.0102787 -0.209338 -0.169742 0.222133
0.12 -0.906959 1.21354 0.0116276 -0.214392 -0.195611 0.382719
0.13 -1.01016 1.20646 0.00954275 -0.157152 -0.139987 0.441049
0.14 -1.05479 1.10656 0.00806662 -0.124003 -0.103789 0.504143
0.15 -1.20186 1.041 0.0100182 -0.160199 -0.17322 0.59273
0.16 -1.47173 1.04817 0.0143873 -0.221241 -0.303765 0.530398
0.17 -1.78064 1.08182 0.0168177 -0.227605 -0.3849 0.521278
0.18 -2.0235 1.07553 0.0153196 -0.162057 -0.361996 0.419472
0.19 -2.10422 0.985055 0.0125872 -0.0914462 -0.281397 0.272683
0.2 -2.01146 0.77588 0.0112523 -0.0794674 -0.25108 0.20655
0.21 -1.70745 0.406621 0.0108781 -0.0985821 -0.280099 0.0219646
0.22 -1.15977 -0.133532 0.00830358 -0.0564144 -0.272424 -0.0911712
0.23 -0.438424 -0.757519 0.000628497 0.0887566 -0.14862 -0.212756
0.24 0.330109 -1.27619 -0.00940419 0.258392 0.0735275 -0.378702
0.25 0.93024 -1.50267 -0.015282 0.322159 0.248684 -0.395731
0.26 1.25262 -1.38866 -0.01455 0.238296 0.276952 -0.465125
0.27 1.3838 -1.06287 -0.0101857 0.102329 0.206782 -0.455066
0.28 1.46517 -0.727705 -0.00743204 0.0435135 0.157545 -0.383588
0.29 1.65966 -0.509755 -0.0096695 0.0881449 0.229178 -0.385548
0.3 1.95122 -0.400328 -0.0139595 0.142413 0.367019 -0.251219
0.31 2.19485 -0.319077 -0.0149988 0.109797 0.44541 -0.159509
0.32 2.28605 -0.207705 -0.0123081 0.00494337 0.416018 -0.0560405
0.33 2.11653 -0.0539182 -0.0084515 -0.0713929 0.3053 0.113564
0.34 1.70849 0.149599 -0.00552074 -0.0609973 0.210745 0.145366
0.35 1.11071 0.424662 -0.00388169 -0.0190121 0.160255 0.237003
0.36 0.357219 0.758227 -0.000599585 -0.0437155 0.0957955 0.272307
0.37 -0.398512 1.04517 0.00586333 -0.150585 -0.00947479 0.238731
0.38 -1.04715 1.11858 0.011648 -0.240714 -0.158294 0.278483
0.39 -1.46393 0.870429 0.0132416 -0.206855 -0.277154 0.174646
0.4 -1.59123 0.354507 0.0105686 -0.0546319 -0.306622 0.0928187
0.41 -1.5517 -0.234111 0.00545789 0.102637 -0.275336 0.00301457
0.42 -1.42662 -0.690528 0.00191128 0.163083 -0.211633 -0.169843
0.43 -1.33213 -0.923366 0.00175117 0.132226 -0.177317 -0.21654
0.44 -1.29576 -0.970824 0.00222689 0.0968276 -0.186194 -0.329438
0.45 -1.19838 -0.925744 0.00192469 0.116828 -0.19808 -0.409075
0.46 -0.979441 -0.861547 0.000978922 0.165501 -0.195724 -0.412332
0.47 -0.51151 -0.816144 -0.00165339 0.179847 -0.116844 -0.487543
0.48 0.20856 -0.808176 -0.0053158 0.143902 0.0392988 -0.414591
0.49 1.02732 -0.832433 -0.00912545 0.102181 0.215261 -0.343563
0.5 1.80852 -0.833549 -0.0133073 0.0972944 0.357829 -0.267169
0.51 2.31859 -0.709942 -0.0153055 0.112427 0.389913 -0.0878281
0.52 2.49461 -0.376162 -0.013431 0.0894112 0.353954 -0.015096
0.53 2.3981 0.159512 -0.0101084 -0.00141832 0.328692 0.136098
0.54 2.0613 0.774361 -0.00639223 -0.127221 0.330196 0.283904
0.55 1.62302 1.29151 -0.002337 -0.227502 0.340167 0.355643
0.56 1.09395 1.57291 0.00112773 -0.267384 0.253373 0.504979
0.57 0.517856 1.57679 0.00507064 -0.254035 0.0693954 0.512548
0.58 0.00760835 1.35609 0.00871315 -0.211914 -0.0981878 0.510288
0.59 -0.486287 1.02191 0.0088488 -0.157664 -0.174232 0.510808
0.6 -0.975365 0.698167 0.00729641 -0.104342 -0.141476 0.392034
0.61 -1.58146 0.475265 0.00801032 -0.0705516 -0.150524 0.358508
0.62 -2.36361 0.369498 0.0117384 -0.0651428 -0.315749 0.233488
0.63 -3.09537 0.312826 0.0177877 -0.0686282 -0.556369 0.078885
0.64 -3.57696 0.195734 0.0217228 -0.0452679 -0.723331 -0.00674702
0.65 -3.57348 -0.0554256 0.0184462 0.0192342 -0.66041 -0.18372
0.66 -3.07959 -0.424776 0.0109798 0.096376 -0.434596 -0.239097
0.67 -2.35179 -0.817775 0.00486337 0.143983 -0.25221 -0.285743
0.68 -1.51747 -1.1179 0.00124981 0.155213 -0.190658 -0.354723
0.69 -0.725711 -1.23599 -0.000243517 0.160068 -0.209383 -0.299818
0.7 0.0339187 -1.12531 -0.00260631 0.174711 -0.12984 -0.317212
0.71 0.806091 -0.78487 -0.00807198 0.166954 0.107729 -0.240676
0.72 1.44231 -0.2779 -0.0117502 0.0897808 0.345071 -0.110476
0.73 1.95615 0.256454 -0.0103289 -0.0475547 0.455652 -0.0467556
0.74 2.34419 0.646738 -0.0073836 -0.161611 0.394794 0.118906
0.75 2.66958 0.787582 -0.00621606 -0.172204 0.315966 0.185673
0.76 3.0382 0.716861 -0.00907368 -0.0933316 0.386897 0.246999
0.77 3.23301 0.588952 -0.0148275 -0.0255964 0.539426 0.351678
0.78 3.08826 0.551893 -0.0159699 -0.0505961 0.631301 0.331691
0.79 2.47661 0.635411 -0.00978708 -0.141386 0.506372 0.373393
0.8 1.42258 0.748362 -0.00158212 -0.193155 0.199616 0.324373
0.81 0.282691 0.772048 0.00498904 -0.144479 -0.0707475 0.202597
0.82 -0.754941 0.646062 0.00780077 -0.0451752 -0.209997 0.145831
0.83 -1.53862 0.372186 0.00701497 0.0110764 -0.215993 -0.0228539
0.84 -2.0389 -0.0317596 0.00759699 0.00425886 -0.221031 -0.119043
0.85 -2.40589 -0.542351 0.00972173 0.0128346 -0.332145 -0.215822
0.86 -2.574 -1.08477 0.00906049 0.112492 -0.457035 -0.378521
0.87 -2.59275 -1.5072 0.00651148 0.266797 -0.522859 -0.42026
0.88 -2.48547 -1.64826 0.0038278 0.34964 -0.462251 -0.516418
0.89 -2.19999 -1.46094 0.00170675 0.283032 -0.314673 -0.531157
0.9 -1.84631 -1.07045 0.00273417 0.128751 -0.214457 -0.45904
0.91 -1.30497 -0.69031 0.00420364 0.0263404 -0.154164 -0.450576
0.92 -0.525463 -0.463582 0.0013031 0.045773 -0.112303 -0.319781
0.93 0.447856 -0.374806 -0.00384382 0.118514 -0.00830177 -0.230387
0.94 1.61585 -0.302896 -0.00929373 0.124374 0.217725 -0.129695
0.95 2.67094 -0.143583 -0.0147324 0.0295857 0.459581 0.0640758
0.96 3.42133 0.122455 -0.0167175 -0.0860535 0.646023 0.150095
0.97 3.74313 0.457346 -0.0156701 -0.133061 0.681783 0.293188
0.98 3.54748 0.819683 -0.0138463 -0.116042 0.561011 0.377466
0.99 3.09057 1.1654 -0.00926668 -0.117511 0.424527 0.373939
1 2.48807 1.41027 -0.00402928 -0.18513 0.328143 0.441606
1.01 1.85893 1.43445 -0.00206708 -0.262849 0.316763 0.386089
1.02 1.26784 1.1624 -0.00111811 -0.252478 0.306891 0.347337
1.03 0.523065 0.64998 -0.00010607 -0.128834 0.162283 0.292844
1.04 -0.32065 0.0798217 0.00108825 0.0272751 -0.0716205 0.1239
1.05 -1.25078 -0.349599 0.0054199 0.111065 -0.322899 0.0489816
1.06 -2.20651 -0.547232 0.0101632 0.0969991 -0.457915 -0.0878349
1.07 -2.99351 -0.561811 0.0117279 0.050252 -0.453978 -0.194597
1.08 -3.67423 -0.513096 0.0136146 0.0429513 -0.478026 -0.220077
1.09 -4.10775 -0.499061 0.016416 0.0816919 -0.581066 -0.329155
1.1 -4.15004 -0.553118 0.0177329 0.12117 -0.735129 -0.322059
1.11 -3.76004 -0.654837 0.0175954 0.127615 -0.771174 -0.314262
1.12 -2.82689 -0.750275 0.0126499 0.111569 -0.543556 -0.294366
1.13 -1.66519 -0.761203 0.00289442 0.0988594 -0.201465 -0.147305
1.14 -0.565799 -0.604783 -0.00335247 0.0865963 0.06871 -0.0834813
1.15 0.330982 -0.239938 -0.00377457 0.0465597 0.126281 0.044961
1.16 0.939573 0.28654 -0.00205904 -0.0335015 0.0460936 0.17266
1.17 1.5554 0.841181 -0.000321596 -0.129861 0.0935965 0.227299
1.18 2.23065 1.2642 -0.00307258 -0.204316 0.312113 0.377226
1.19 2.86283 1.44639 -0.00986653 -0.236059 0.590554 0.421094
1.2 3.36701 1.36975 -0.0127204 -0.228097 0.717154 0.450129
1.21 3.48251 1.09924 -0.0114067 -0.188622 0.586518 0.474709
1.22 3.30439 0.747982 -0.0103175 -0.123841 0.404544 0.364017
1.23 2.88207 0.435317 -0.00932437 -0.0537475 0.320473 0.324671
1.24 2.14362 0.240506 -0.00953019 -0.0132513 0.352626 0.216374
1.25 1.18213 0.160224 -0.00867548 -0.019693 0.35232 0.076071
1.26 -0.0699312 0.101967 -0.00116314 -0.0433628 0.116304 -0.00438653
1.27 -1.34312 -0.0593051 0.00811685 -0.0254006 -0.244784 -0.195102
1.28 -2.29048 -0.387814 0.0119661 0.0612358 -0.528313 -0.297966
1.29 -2.84947 -0.83053 0.0113306 0.17334 -0.582739 -0.381097
1.3 -2.94932 -1.24766 0.00721343 0.237813 -0.427829 -0.477062
1.31 -2.89559 -1.50171 0.0034652 0.229596 -0.327808 -0.440036
1.32 -2.86521 -1.52546 0.00579105 0.192951 -0.376175 -0.467417
1.33 -2.74839 -1.32267 0.00940693 0.180248 -0.504863 -0.426304
1.34 -2.53248 -0.934252 0.00920706 0.181089 -0.558359 -0.323959
1.35 -1.97503 -0.428667 0.00784 0.132603 -0.387317 -0.269301
1.36 -1.11188 0.082168 0.00481729 0.00863404 -0.12103 -0.0908339
1.37 -0.113929 0.457307 0.000649435 -0.124083 0.104752 0.0228694
1.38 1.02429 0.602896 -0.00148644 -0.165479 0.229209 0.119557
1.39 2.06992 0.554256 -0.00558576 -0.0953275 0.270534 0.255098
1.4 2.99893 0.467656 -0.0124408 -0.00723934 0.38697 0.270901
1.41 3.70421 0.501197 -0.0159003 -0.0139939 0.559352 0.351632
1.42 3.93816 0.683706 -0.0164852 -0.121954 0.699847 0.37356
1.43 3.7881 0.8941 -0.0152897 -0.221378 0.729255 0.315064
1.44 3.22582 0.967402 -0.0106143 -0.208781 0.570658 0.300255
1.45 2.45544 0.820443 -0.00726404 -0.0982756 0.358756 0.156878
1.46 1.74669 0.483318 -0.00656012 0.00415301 0.193936 0.0579826
1.47 1.04078 0.0361088 -0.00438822 0.0282246 0.115781 -0.0264511
1.48 0.419791 -0.451655 -0.00352872 0.0182166 0.120041 -0.176105
1.49 -0.295746 -0.911909 -0.00408523 0.0673618 0.0457431 -0.222379
1.5 -1.2206 -1.24118 -0.000906762 0.188225 -0.137624 -0.334995
1.51 -2.16395 -1.32307 0.0039944 0.282662 -0.388798 -0.402461
1.52 -3.08606 -1.12055 0.00942364 0.250478 -0.616062 -0.376603
1.53 -3.67694 -0.741949 0.0162554 0.109065 -0.663341 -0.395222
1.54 -3.81498 -0.38672 0.0181743 -0.0159341 -0.587429 -0.286352
1.55 -3.6137 -0.199529 0.0147558 -0.0239871 -0.480492 -0.20245
1.56 -3.01511 -0.165249 0.0125189 0.0538724 -0.420978 -0.129322
1.57 -2.24175 -0.141602 0.0102671 0.0977888 -0.432136 0.035856
1.58 -1.32332 0.00940644 0.0073963 0.0344617 -0.344993 0.117217
1.59 -0.290229 0.319108 0.00563824 -0.0916396 -0.122411 0.268015
1.6 0.571438 0.717819 0.000917946 -0.180834 0.156244 0.392479
1.61 1.27552 1.10691 -0.00414382 -0.192788 0.354309 0.418772
1.62 1.7181 1.40578 -0.00315053 -0.178159 0.332605 0.49643
1.63 2.00384 1.54497 -0.00112593 -0.197475 0.237325 0.4546
1.64 2.40801 1.45687 -0.00230117 -0.237575 0.243094 0.420546
1.65 2.78619 1.11326 -0.00583724 -0.228095 0.403073 0.394162
1.66 3.07146 0.581724 -0.0133842 -0.13016 0.623741 0.250501
1.67 2.98844 0.0246043 -0.018659 0.0101287 0.638496 0.169103
1.68 2.34774 -0.38621 -0.0144345 0.105163 0.413945 0.0131591
1.69 1.43463 -0.574358 -0.00734491 0.115139 0.110704 -0.141819
1.7 0.359348 -0.594238 -0.00236187 0.0789013 -0.0908596 -0.20443
1.71 -0.615224 -0.572515 0.00137014 0.0607591 -0.0913641 -0.334487
1.72 -1.38938 -0.614226 0.00166853 0.0861422 -0.0832783 -0.363996
1.73 -2.10085 -0.747329 0.00288622 0.13195 -0.212318 -0.392174
1.74 -2.54131 -0.925443 0.00879534 0.165229 -0.434792 -0.432507
1.75 -2.73323 -1.05907 0.0114143 0.175418 -0.607348 -0.340135
1.76 -2.66309 -1.04975 0.0091043 0.16515 -0.542274 -0.294666
1.77 -2.35105 -0.82752 0.00726395 0.128573 -0.338619 -0.175017
1.78 -2.13208 -0.391944 0.00575559 0.0583891 -0.204279 -0.0317732
1.79 -1.91515 0.167093 0.0077169 -0.0326502 -0.221599 0.0287102
1.8 -1.61147 0.69812 0.0134987 -0.113001 -0.341378 0.175326
1.81 -1.08792 1.05891 0.0132713 -0.158795 -0.321257 0.245707
1.82 -0.132009 1.18006 0.00661794 -0.173795 -0.0878986 0.310292
1.83 0.93431 1.07962 -9.50297e-05 -0.174213 0.22024 0.397299
1.84 1.92559 0.834622 -0.0072884 -0.158306 0.449273 0.345798
1.85 2.65033 0.544421 -0.0115335 -0.110628 0.471894 0.332634
1.86 2.92977 0.303553 -0.0109486 -0.0391137 0.40447 0.252136
1.87 2.99353 0.171935 -0.012357 0.0124928 0.388287 0.126552
1.88 2.78618 0.13668 -0.0139363 0.00596235 0.425456 0.073437
1.89 2.38331 0.0995779 -0.0115077 -0.0374409 0.475701 -0.0831506
1.9 1.92765 -0.0692183 -0.0102185 -0.0418665 0.408861 -0.189227
1.91 1.33865 -0.429791 -0.00944351 0.0444472 0.242441 -0.286818
1.92 0.853808 -0.905465 -0.00723924 0.181996 0.0886825 -0.420492
1.93 0.412909 -1.31905 -0.0081056 0.271695 -0.0111749 -0.417584
1.94 -0.0980072 -1.50894 -0.00797736 0.255951 -0.0221686 -0.449332
1.95 -0.622279 -1.42337 -0.00300876 0.176341 -0.0469697 -0.425064
1.96 -1.34817 -1.1179 0.000928564 0.120417 -0.154108 -0.336238
1.97 -2.05703 -0.685231 0.00527792 0.115815 -0.305958 -0.308372
1.98 -2.56793 -0.205249 0.0120961 0.100908 -0.47067 -0.160828
1.99 -2.82231 0.245633 0.0152091 0.012346 -0.528537 -0.0360321
2 -2.57761 0.575823 0.0158903 -0.120452 -0.457264 0.0813503
2.01 -2.05577 0.715518 0.0154876 -0.194453 -0.315338 0.254411
2.02 -1.38109 0.690124 0.00940254 -0.15038 -0.153342 0.303601
2.03 -0.670842 0.635516 0.00383597 -0.0530874 -0.0804899 0.392009
2.04 -0.194819 0.70285 0.00414926 -0.0296846 -0.0689811 0.443894
2.05 0.223674 0.923625 0.00442658 -0.126486 -0.0444645 0.418884
2.06 0.557992 1.16653 0.00444415 -0.25238 0.0307373 0.448008
2.07 0.844465 1.23737 0.00365709 -0.276117 0.18074 0.348579
2.08 1.22394 1.03068 -0.00266798 -0.16666 0.286894 0.247915
2.09 1.48812 0.593335 -0.00771577 -0.0205287 0.292876 0.154374
2.1 1.75179 0.0604489 -0.0075545 0.0524389 0.245259 -0.0162763
2.11 1.96266 -0.446922 -0.00948133 0.0494788 0.213413 -0.083066
2.12 1.95691 -0.857825 -0.012358 0.0589944 0.285696 -0.199243
2.13 1.79923 -1.11762 -0.0136765 0.136776 0.365306 -0.305091
2.14 1.24747 -1.16828 -0.0151721 0.22966 0.317377 -0.329692
2.15 0.446973 -0.994995 -0.0101569 0.236186 0.121444 -0.408803
2.16 -0.328539 -0.684342 0.00072488 0.131897 -0.141426 -0.361478
2.17 -0.98489 -0.400454 0.00586108 0.00861855 -0.268547 -0.297122
2.18 -1.23095 -0.270413 0.00574076 -0.0241369 -0.217915 -0.244883
2.19 -1.28338 -0.279989 0.00422601 0.0407245 -0.118933 -0.0977475
2.2 -1.32875 -0.285505 0.00132316 0.104878 -0.103184 -0.0333306
2.21 -1.35781 -0.135811 0.00431743 0.0742828 -0.233923 0.090045
2.22 -1.53032 0.208885 0.01187 -0.0440242 -0.363137 0.230178
2.23 -1.59179 0.66026 0.0135561 -0.160584 -0.3576 0.288478
2.24 -1.53681 1.07679 0.0124008 -0.206563 -0.243743 0.405597
2.25 -1.44411 1.34362 0.0120972 -0.195167 -0.122846 0.406665
2.26 -1.13334 1.39798 0.0097919 -0.180109 -0.119651 0.380957
2.27 -0.739354 1.21889 0.00945283 -0.179467 -0.169107 0.375789
2.28 -0.128475 0.830219 0.00846882 -0.158626 -0.127041 0.26103
2.29 0.644889 0.319704 -0.000278863 -0.0841013 0.0402815 0.207175
2.3 1.2311 -0.171344 -0.00878154 0.0234098 0.263606 0.0860471
2.31 1.62696 -0.511385 -0.0116946 0.105167 0.366106 -0.0792917
2.32 1.64023 -0.654757 -0.0128718 0.126736 0.303882 -0.166529
2.33 1.43035 -0.664331 -0.00983245 0.107606 0.189276 -0.321758
2.34 1.30393 -0.658986 -0.00636366 0.0922952 0.130648 -0.380464
2.35 1.18573 -0.731043 -0.00951566 0.105698 0.18935 -0.409901
2.36 1.23208 -0.895389 -0.0120529 0.139865 0.267308 -0.473144
2.37 1.26321 -1.09025 -0.0114374 0.175543 0.26948 -0.417771
2.38 1.12849 -1.20953 -0.0124431 0.199525 0.205083 -0.404132
2.39 0.952672 -1.146 -0.0101118 0.19674 0.10762 -0.319225
2.4 0.527102 -0.839425 -0.00502219 0.147033 0.0483388 -0.164881
2.41 0.000522082 -0.319463 -0.00233239 0.0474746 0.00554012 -0.0819236
2.42 -0.552292 0.286803 0.00353312 -0.0685174 -0.0676395 0.0822637
2.43 -1.14304 0.807005 0.010588 -0.148683 -0.154206 0.178092
2.44 -1.43607 1.11141 0.0117111 -0.16829 -0.242343 0.249937
2.45 -1.53284 1.17231 0.012497 -0.154508 -0.274832 0.375306
2.46 -1.41794 1.05279 0.0132324 -0.150556 -0.252064 0.382277
2.47 -1.11446 0.847746 0.00962951 -0.160045 -0.210797 0.419508
2.48 -0.936573 0.635763 0.00793448 -0.145819 -0.151022 0.391232
2.49 -0.762775 0.46975 0.00717485 -0.086591 -0.113401 0.27633
2.5 -0.705487 0.377943 0.00320193 -0.0189031 -0.0965238 0.228723
2.51 -0.736957 0.342865 0.00352833 -0.00382765 -0.104286 0.0885633
2.52 -0.582188 0.280757 0.00616296 -0.0465941 -0.129428 -0.0136279
2.53 -0.347353 0.0755429 0.00317168 -0.0713453 -0.0928003 -0.0992296
2.54 0.148674 -0.327162 -0.0013181 0.000356667 0.0131355 -0.259835
2.55 0.787157 -0.841993 -0.00760141 0.152348 0.162594 -0.308629
2.56 1.26448 -1.27073 -0.0160599 0.275209 0.277602 -0.382456
2.57 1.629 -1.43075 -0.0164453 0.274178 0.279059 -0.405349
2.58 1.63935 -1.27574 -0.0114382 0.16897 0.226983 -0.332427
2.59 1.44252 -0.903568 -0.00986873 0.0686465 0.183359 -0.32596
2.6 1.21507 -0.459997 -0.00764586 0.0461452 0.190944 -0.21942
2.61 0.845219 -0.0441269 -0.00553605 0.062018 0.215174 -0.121346
2.62 0.590046 0.302125 -0.00505943 0.0258623 0.156302 -0.0333848
2.63 0.345857 0.548407 0.000981156 -0.0826536 0.0440826 0.150086
2.64 0.123624 0.663575 0.00669982 -0.179182 -0.0531925 0.232877
2.65 0.0445393 0.66358 0.00457071 -0.173527 -0.065595 0.340447
2.66 -0.218152 0.646108 0.00305545 -0.0862185 -0.00673274 0.418973
2.67 -0.590306 0.734377 0.00436795 -0.0349585 -0.0217062 0.399526
2.68 -1.12465 0.958256 0.00721 -0.10055 -0.147349 0.448523
2.69 -1.77213 1.19348 0.0158594 -0.229031 -0.33014 0.394365
2.7 -2.09605 1.23976 0.0211112 -0.283734 -0.443673 0.321657
2.71 -2.16774 0.977557 0.0156427 -0.191907 -0.388157 0.254677
2.72 -1.89497 0.459129 0.00939258 -0.0215641 -0.261783 0.0733608
2.73 -1.37349 -0.142089 0.0044269 0.0987897 -0.157546 -0.0230573
2.74 -0.933621 -0.658913 -0.000617405 0.118509 -0.12576 -0.14959
2.75 -0.419649 -1.00982 -0.000544893 0.100864 -0.131111 -0.276781
2.76 -0.0187189 -1.18142 -0.00207851 0.128575 -0.0595526 -0.312289
2.77 0.286018 -1.17828 -0.00876145 0.198424 0.0540648 -0.423554
2.78 0.642381 -1.01933 -0.0102543 0.228885 0.156846 -0.436896
2.79 0.85969 -0.772987 -0.00865772 0.167835 0.204921 -0.412235
2.8 1.2166 -0.555947 -0.00922437 0.0636137 0.192883 -0.395874
2.81 1.65951 -0.459565 -0.00799096 0.0120376 0.231514 -0.252793
2.82 2.03926 -0.464871 -0.0101765 0.0475043 0.31386 -0.178676
2.83 2.41213 -0.44166 -0.0161056 0.104956 0.398325 -0.0678825
2.84 2.38276 -0.248986 -0.0145079 0.092173 0.433901 0.0765334
2.85 2.03823 0.149826 -0.00887476 -0.0110678 0.352209 0.140595
2.86 1.45969 0.656657 -0.00438164 -0.138657 0.230548 0.291124
2.87 0.619716 1.10622 0.00349182 -0.214373 0.0921095 0.357032
2.88 -0.0741967 1.36097 0.00858078 -0.22069 -0.0411468 0.374368
2.89 -0.702546 1.36069 0.00844299 -0.191774 -0.122232 0.411219
2.9 -1.15761 1.11949 0.0109845 -0.158614 -0.194571 0.317869
2.91 -1.34489 0.70759 0.01118 -0.117711 -0.21809 0.280744
2.92 -1.59082 0.236652 0.00722049 -0.0550602 -0.229875 0.203391
2.93 -1.74836 -0.168108 0.00799452 0.0178836 -0.28819 0.0614578
2.94 -1.96341 -0.418913 0.00900242 0.0708262 -0.343523 -0.0116862
2.95 -2.2123 -0.511646 0.00737769 0.0895426 -0.401142 -0.181428
2.96 -2.15706 -0.524169 0.00889994 0.0892668 -0.377975 -0.284802
2.97 -1.96236 -0.560127 0.007096 0.0940839 -0.27144 -0.335677
2.98 -1.43236 -0.68153 0.00104231 0.111302 -0.181033 -0.423648
2.99 -0.645367 -0.877115 -0.000565693 0.132749 -0.090282 -0.385278
3 0.151247 -1.07337 -0.00380043 0.154951 -0.0198417 -0.39315
3.01 1.10849 -1.16586 -0.0110289 0.178696 0.107458 -0.360825
3.02 1.84856 -1.05595 -0.0140462 0.186533 0.317371 -0.236636
3.03 2.31483 -0.695454 -0.0161346 0.142786 0.457441 -0.170749
3.04 2.52561 -0.13126 -0.016053 0.0317562 0.486861 0.000539445
3.05 2.31218 0.487853 -0.00762991 -0.106983 0.374588 0.12825
3.06 2.12233 0.973874 -0.00193542 -0.197636 0.241929 0.206185
3.07 1.94134 1.20343 -0.00348519 -0.198759 0.254119 0.344935
3.08 1.74552 1.18335 -0.00374585 -0.148282 0.319804 0.369036
3.09 1.58352 1.02281 -0.00467384 -0.120845 0.35533 0.433899
3.1 1.02698 0.841319 -0.00366888 -0.14322 0.235129 0.464881
3.11 0.283503 0.698591 0.00487184 -0.167559 -0.0252601 0.384007
3.12 -0.588098 0.596826 0.00971271 -0.134975 -0.209434 0.355238
3.13 -1.56698 0.519578 0.00875522 -0.0559107 -0.300378 0.216317
3.14 -2.27873 0.442703 0.0115638 -0.00415054 -0.313741 0.0963049
3.15 -2.92451 0.311864 0.0139549 -0.0220524 -0.361865 0.0190159
3.16 -3.279 0.0457814 0.015176 -0.0558396 -0.524703 -0.146629
3.17 -3.18399 -0.395714 0.0179651 -0.00991308 -0.611212 -0.215978
3.18 -2.84891 -0.9309 0.0121561 0.136277 -0.560314 -0.325714
3.19 -2.10266 -1.36278 0.000858031 0.284855 -0.35962 -0.41609
3.2 -1.37246 -1.49979 -0.00296548 0.312152 -0.117909 -0.385146
3.21 -0.798605 -1.29387 -0.0036149 0.201773 -0.0437214 -0.407847
3.22 -0.202461 -0.86877 -0.00291457 0.0623368 -0.0438366 -0.323488
3.23 0.258635 -0.41477 0.000551947 0.00722963 -0.0354677 -0.236219
3.24 0.973384 -0.0556166 -0.00350272 0.0362525 0.0775099 -0.185474
3.25 1.82068 0.192066 -0.0114055 0.0511066 0.329411 -0.020698
3.26 2.55077 0.359927 -0.0123484 -0.0176691 0.505049 0.0678682
3.27 3.24635 0.466162 -0.0130843 -0.123691 0.584823 0.198065
3.28 3.47719 0.523631 -0.014183 -0.164268 0.561201 0.329027
3.29 3.38539 0.582347 -0.011039 -0.11121 0.469973 0.338161
3.3 2.99909 0.717819 -0.0109139 -0.0498821 0.446385 0.408977
3.31 2.15388 0.947141 -0.00958408 -0.0793271 0.375109 0.383183
3.32 1.26511 1.16346 -0.000305953 -0.190096 0.256523 0.336587
3.33 0.223082 1.18417 0.00583586 -0.263891 0.0920076 0.323224
3.34 -0.744509 0.891085 0.00768615 -0.201745 -0.1448 0.174963
3.35 -1.39 0.335448 0.0105732 -0.033076 -0.285239 0.0837815
3.36 -2.00154 -0.291808 0.00804861 0.118922 -0.370598 -0.050019
3.37 -2.33799 -0.792818 0.00518732 0.167335 -0.396658 -0.208539
3.38 -2.64428 -1.07349 0.00872145 0.138915 -0.369969 -0.252252
3.39 -3.01222 -1.14932 0.00926344 0.121885 -0.439448 -0.370778
3.4 -3.12133 -1.08063 0.00881105 0.154698 -0.505647 -0.409732
3.41 -3.15807 -0.925035 0.0124315 0.190093 -0.560265 -0.414681
3.42 -2.73444 -0.740521 0.010458 0.168252 -0.532442 -0.454073
3.43 -1.84069 -0.594228 0.00513092 0.0969454 -0.305923 -0.344733
3.44 -0.784097 -0.529151 0.00200453 0.0419468 -0.0606285 -0.276254
3.45 0.530613 -0.51197 -0.00580474 0.0467025 0.167406 -0.165702
3.46 1.57423 -0.432263 -0.0119913 0.0786946 0.28934 -0.00411908
3.47 2.36034 -0.17861 -0.010424 0.0662993 0.294383 0.0559562
3.48 2.98884 0.266911 -0.0115466 -0.0200214 0.397701 0.208053
3.49 3.19249 0.798983 -0.0131093 -0.139325 0.522308 0.304118
3.5 3.31529 1.24764 -0.0100189 -0.226334 0.633379 0.359438
3.51 3.13584 1.47143 -0.00983147 -0.249206 0.633565 0.457675
3.52 2.699 1.41606 -0.00795877 -0.221062 0.422316 0.403947
3.53 2.34008 1.11877 -0.00200207 -0.168021 0.25874 0.381488
3.54 1.76013 0.68212 -0.00350884 -0.103239 0.189498 0.322686
3.55 1.18192 0.237625 -0.00682049 -0.0358904 0.208945 0.188668
3.56 0.368757 -0.0994196 -0.00339047 0.0158288 0.213545 0.141281
3.57 -0.877129 -0.27885 0.00064858 0.0384519 -0.0508685 -0.0148496
3.58 -2.05197 -0.339718 0.00846643 0.0426341 -0.397619 -0.141335
3.59 -3.17736 -0.38079 0.0184541 0.0560033 -0.662948 -0.224958
3.6 -3.79375 -0.490726 0.0173759 0.0921042 -0.721998 -0.366339
3.61 -3.8032 -0.691086 0.0121768 0.132622 -0.534381 -0.363086
3.62 -3.63292 -0.931144 0.0115035 0.151932 -0.438119 -0.388766
3.63 -3.08218 -1.1227 0.00875082 0.152996 -0.451755 -0.390307
3.64 -2.49492 -1.17595 0.00765929 0.15921 -0.494688 -0.297516
3.65 -1.80593 -1.02022 0.00817145 0.170127 -0.463388 -0.278761
3.66 -0.842015 -0.628632 0.000853504 0.144294 -0.170745 -0.139239
3.67 -0.0705655 -0.0559379 -0.00446921 0.0429715 0.111239 -0.00405708
3.68 0.758319 0.547461 -0.00168354 -0.107285 0.253927 0.0879301
3.69 1.49689 0.991337 -0.00179415 -0.216529 0.27483 0.256233
3.7 2.1389 1.15543 -0.00324753 -0.216674 0.213393 0.29543
3.71 3.0346 1.06741 -0.00579473 -0.136878 0.368865 0.366617
3.72 3.6522 0.872901 -0.015661 -0.0757005 0.61438 0.431195
3.73 3.98453 0.718132 -0.0203521 -0.0956216 0.764856 0.387982
3.74 3.82881 0.65158 -0.0147456 -0.156137 0.751749 0.410013
3.75 2.96439 0.625477 -0.0106704 -0.165038 0.460675 0.305785
3.76 2.00451 0.569827 -0.00568132 -0.0917954 0.202054 0.183451
3.77 0.870741 0.446222 0.000240824 -0.00391812 0.064605 0.103977
3.78 -0.160259 0.235475 -0.000530489 0.0200216 -0.0142366 -0.0726845
3.79 -0.909171 -0.0913483 0.00146078 -0.00757919 -0.0262909 -0.142522
3.8 -1.75485 -0.546857 0.00761346 0.00751853 -0.20827 -0.251887
3.81 -2.30362 -1.05896 0.00693441 0.124299 -0.415932 -0.377401
3.82 -2.76128 -1.45433 0.00643164 0.27763 -0.535098 -0.388965
3.83 -3.15287 -1.55178 0.00903005 0.334288 -0.600687 -0.463313
3.84 -3.19187 -1.30087 0.00768631 0.23777 -0.491838 -0.415233
3.85 -3.28367 -0.832712 0.0102327 0.0733848 -0.440549 -0.332432
3.86 -3.04781 -0.364146 0.0153069 -0.0214018 -0.446067 -0.294239
3.87 -2.47415 -0.0421495 0.0118846 -0.000938736 -0.407923 -0.139064
3.88 -1.7074 0.129544 0.00801389 0.0505614 -0.379631 -0.065301
3.89 -0.408582 0.234565 0.00542745 0.0281635 -0.14286 0.0570731
3.9 0.839838 0.343142 -0.00334426 -0.0702524 0.159164 0.221605
3.91 1.97367 0.4741 -0.00876188 -0.151882 0.394879 0.273177
3.92 2.86573 0.630569 -0.00951941 -0.148088 0.567046 0.392244
3.93 3.11174 0.827911 -0.0131195 -0.0973563 0.496307 0.403346
3.94 3.23864 1.05715 -0.0110463 -0.0951216 0.426658 0.371067
3.95 3.1111 1.23117 -0.00587018 -0.170788 0.432064 0.389923
3.96 2.86905 1.20436 -0.00862103 -0.242564 0.463142 0.27717
3.97 2.74289 0.879473 -0.010431 -0.207649 0.573019 0.222196
3.98 2.21365 0.308117 -0.0094449 -0.0589985 0.466262 0.112609
3.99 1.61203 -0.319998 -0.0113602 0.104665 0.235558 -0.064269
4 0.816796 -0.797836 -0.00707694 0.180486 0.026619 -0.133419
