0.01 0.0062992 -0.000159897 -3.04226e-05 3.69563e-05 0.00188846 -0.000632742
0.02 0.021321 -0.00110188 -0.000124917 0.000236133 0.00561726 -0.00212556
0.03 0.0419277 -0.00382726 -0.000230928 0.000745646 0.00938772 -0.00431463
0.04 0.0650469 -0.00912961 -0.00029352 0.00160979 0.0124138 -0.00700214
0.05 0.0869353 -0.0170328 -0.000342855 0.00277482 0.0147194 -0.00975434
0.06 0.107483 -0.0265828 -0.000396624 0.00417037 0.0177203 -0.0124929
0.07 0.124667 -0.0359956 -0.000442047 0.00566984 0.0210863 -0.0148086
0.08 0.136982 -0.0431128 -0.000479273 0.00696618 0.0237543 -0.0163609
0.09 0.143404 -0.0460855 -0.000495273 0.00760427 0.0247945 -0.0169194
0.1 0.142287 -0.0440645 -0.000483868 0.00725701 0.0238033 -0.0162527
0.11 0.13338 -0.0375177 -0.000462366 0.00600427 0.0215632 -0.0144279
0.12 0.115852 -0.027925 -0.000426533 0.00429414 0.0185088 -0.0115272
0.13 0.08911 -0.0170028 -0.000354817 0.00258141 0.0144552 -0.00769068
0.14 0.053682 -0.00596032 -0.000238074 0.00100065 0.00895762 -0.00314254
0.15 0.0111051 0.00476538 -7.77874e-05 -0.000605651 0.00178208 0.00188727
0.16 -0.0351649 0.0152482 0.000107508 -0.00238102 -0.00636375 0.00703327
0.17 -0.0810608 0.025606 0.000286747 -0.00423314 -0.0143693 0.0119089
0.18 -0.122912 0.0356651 0.000441483 -0.0059176 -0.0213325 0.0161651
0.19 -0.158 0.0448575 0.000566739 -0.00727482 -0.0268814 0.0195151
0.2 -0.185051 0.0522722 0.000661831 -0.00830957 -0.0311664 0.0217943
0.21 -0.203513 0.0568114 0.000731149 -0.00903192 -0.034314 0.0228955
0.22 -0.213215 0.0574922 0.000778235 -0.00929101 -0.0362213 0.0227772
0.23 -0.214125 0.0538715 0.000801988 -0.00884466 -0.03663 0.0214829
0.24 -0.206242 0.0463887 0.000800388 -0.00761646 -0.0353487 0.019147
0.25 -0.18993 0.0363539 0.000769317 -0.00585564 -0.0324915 0.0160155
0.26 -0.166007 0.0255041 0.000703859 -0.00400922 -0.0283897 0.0123944
0.27 -0.135888 0.0153712 0.000604622 -0.00242623 -0.0234258 0.00860133
0.28 -0.101647 0.00683997 0.000478359 -0.00118221 -0.0179127 0.00493369
0.29 -0.065849 0.0001151 0.000335956 -0.000164651 -0.0121011 0.00164888
0.3 -0.0313561 -0.0049911 0.000191244 0.000715129 -0.00632795 -0.00102915
0.31 -0.000877522 -0.00871008 5.77672e-05 0.00141457 -0.00106015 -0.00292696
0.32 0.0235226 -0.0111082 -5.36061e-05 0.00183134 0.0032139 -0.00394859
0.33 0.0407749 -0.0120548 -0.000136088 0.00192542 0.00618838 -0.00409495
0.34 0.0509026 -0.0113109 -0.000189606 0.00174106 0.00788242 -0.00346713
0.35 0.0547232 -0.0086896 -0.000220431 0.00132847 0.00856159 -0.00223949
0.36 0.0533928 -0.00426135 -0.000236268 0.000688861 0.00852481 -0.000629496
0.37 0.0480331 0.00146777 -0.000241223 -0.000174854 0.00793159 0.00112348
0.38 0.039618 0.00752392 -0.000233936 -0.00115989 0.00681046 0.00277156
0.39 0.0291363 0.0126615 -0.00021051 -0.00204093 0.00522223 0.00407024
0.4 0.0177983 0.0157329 -0.000170301 -0.0025666 0.00339003 0.00480325
0.41 0.00710697 0.0160495 -0.000118933 -0.00259293 0.00167502 0.0048126
0.42 -0.00127309 0.0135476 -6.63565e-05 -0.00213863 0.000429688 0.00402057
0.43 -0.00578207 0.00869726 -2.28987e-05 -0.00133026 -0.000126197 0.0024354
0.44 -0.00523261 0.00223978 3.57138e-06 -0.0003051 9.71635e-05 0.000141381
0.45 0.000976257 -0.00508777 8.17952e-06 0.000844054 0.00113813 -0.00271444
0.46 0.0127251 -0.012723 -1.14033e-05 0.00206075 0.00302067 -0.00593261
0.47 0.0291482 -0.0203052 -5.43694e-05 0.00329337 0.00569725 -0.00927167
0.48 0.0487551 -0.0275884 -0.000115769 0.00448157 0.00896774 -0.0124649
0.49 0.0697119 -0.0343044 -0.000187329 0.00556207 0.0124861 -0.0152471
0.5 0.0901935 -0.0400459 -0.000260484 0.00647076 0.0158743 -0.0173836
0.51 0.108655 -0.0442378 -0.000329604 0.00713214 0.018851 -0.018694
0.52 0.123914 -0.0462283 -0.00039282 0.00745371 0.0212688 -0.0190647
0.53 0.135053 -0.0454797 -0.000449722 0.00734516 0.0230421 -0.0184526
0.54 0.141276 -0.0417754 -0.000498103 0.00675835 0.0240562 -0.0168864
0.55 0.141862 -0.0353473 -0.000532631 0.00572158 0.0241488 -0.014467
0.56 0.136251 -0.0268577 -0.000546252 0.00434357 0.0231764 -0.0113629
0.57 0.124226 -0.0172408 -0.000532941 0.00278392 0.0210948 -0.00779598
0.58 0.106064 -0.00747288 -0.000489827 0.00120751 0.0179868 -0.00402009
0.59 0.0826096 0.0016352 -0.000417793 -0.000254308 0.0140288 -0.000295427
0.6 0.0552184 0.00954959 -0.000321021 -0.00152102 0.00944458 0.00313373
0.61 0.0256116 0.0160045 -0.000206236 -0.00255682 0.00448605 0.00605642
0.62 -0.00434188 0.0209042 -8.17465e-05 -0.00334962 -0.000565861 0.00830891
0.63 -0.0328667 0.0242031 4.38797e-05 -0.00388966 -0.00541412 0.00978684
0.64 -0.0584882 0.025832 0.000163314 -0.00416026 -0.00978735 0.0104547
0.65 -0.0801468 0.0257082 0.000271451 -0.00414467 -0.0134878 0.0103487
0.66 -0.0971945 0.0238178 0.000365267 -0.00384233 -0.0164093 0.0095714
0.67 -0.109303 0.0203205 0.000442709 -0.00328347 -0.0185149 0.00827812
0.68 -0.116357 0.0156186 0.000501484 -0.00253458 -0.0197962 0.00665968
0.69 -0.1184 0.0103461 0.000538649 -0.00169417 -0.0202528 0.00492439
0.7 -0.115661 0.00527121 0.000551285 -0.000880712 -0.0199029 0.00328038
0.71 -0.108624 0.00114217 0.000537836 -0.000213729 -0.0188121 0.00191783
0.72 -0.0980824 -0.00147362 0.000499335 0.000210478 -0.0171121 0.000991274
0.73 -0.0851221 -0.00229852 0.000439858 0.000341482 -0.0149927 0.000604444
0.74 -0.0710168 -0.00136563 0.000366005 0.00018444 -0.0126721 0.000800537
0.75 -0.0570604 0.00104879 0.000285596 -0.000210248 -0.0103622 0.00155972
0.76 -0.0443851 0.0045437 0.000206135 -0.000771998 -0.00824207 0.00280318
0.77 -0.0338176 0.00870557 0.000133603 -0.00143417 -0.00644348 0.00440182
0.78 -0.0258105 0.0131684 7.19333e-05 -0.00214346 -0.00504546 0.00618803
0.79 -0.0204556 0.0176097 2.3177e-05 -0.00285321 -0.00407386 0.00797043
0.8 -0.0175614 0.0217061 -1.19301e-05 -0.00351135 -0.00350629 0.00955117
0.81 -0.0167564 0.025091 -3.33594e-05 -0.00405484 -0.00328375 0.0107449
0.82 -0.0175785 0.0273514 -4.1396e-05 -0.00441428 -0.0033268 0.0113966
0.83 -0.0195224 0.0280749 -3.65794e-05 -0.00452484 -0.00354969 0.0113965
0.84 -0.0220421 0.0269358 -1.99907e-05 -0.00433781 -0.0038654 0.0106888
0.85 -0.0245314 0.0237897 6.23991e-06 -0.00383114 -0.00418105 0.00927692
0.86 -0.0263183 0.0187379 3.84901e-05 -0.0030185 -0.00439115 0.0072228
0.87 -0.026703 0.0121364 7.16399e-05 -0.00195366 -0.00437956 0.00464253
0.88 -0.0250437 0.00453884 9.97238e-05 -0.000725478 -0.00403505 0.00169707
0.89 -0.0208694 -0.00340744 0.0001171 0.000558645 -0.00327512 -0.00142135
0.9 -0.0139757 -0.0110768 0.000119645 0.00179471 -0.002066 -0.00450601
0.91 -0.00447015 -0.0179519 0.000105452 0.00289947 -0.000429033 -0.00735357
0.92 0.00724859 -0.0236593 7.48054e-05 0.00381589 0.00156739 -0.00978091
0.93 0.0205668 -0.027956 2.96018e-05 0.00450778 0.00382332 -0.0116396
0.94 0.0347561 -0.0306923 -2.73543e-05 0.00495127 0.00622232 -0.0128271
0.95 0.0490657 -0.0317816 -9.28757e-05 0.0051304 0.00864247 -0.0132948
0.96 0.0627846 -0.0311963 -0.00016362 0.00503898 0.0109641 -0.0130507
0.97 0.075266 -0.0289922 -0.000236087 0.00468602 0.0130757 -0.0121584
0.98 0.0859258 -0.0253445 -0.000306508 0.00410088 0.0148771 -0.0107296
0.99 0.0942341 -0.0205729 -0.000370743 0.00333544 0.0162799 -0.00891296
1 0.0997209 -0.015134 -0.000424313 0.00246227 0.0172073 -0.00688058
1.01 0.102008 -0.00957342 -0.000462721 0.00156801 0.0175963 -0.00481211
1.02 0.100864 -0.00444627 -0.000482057 0.000741881 0.0174053 -0.00287946
1.03 0.0962559 -0.00022696 -0.00047976 6.13586e-05 0.0166256 -0.00123213
1.04 0.088387 0.00276255 -0.000455202 -0.0004206 0.015289 1.53783e-05
1.05 0.0776826 0.00438611 -0.000409846 -0.00068209 0.0134671 0.000792894
1.06 0.0647393 0.00468263 -0.000346902 -0.00073049 0.0112612 0.00107961
1.07 0.0502469 0.00382302 -0.00027066 -0.000594468 0.00878763 0.000904355
1.08 0.0349073 0.00205674 -0.000185801 -0.00031439 0.00616351 0.000341295
1.09 0.0193761 -0.000330896 -9.69149e-05 6.45976e-05 0.00349849 -0.000498196
1.1 0.00423326 -0.00303997 -8.29875e-06 0.000495267 0.000891129 -0.00147672
1.11 -0.0100184 -0.0057587 7.6043e-05 0.00092805 -0.00157136 -0.00244416
1.12 -0.0229431 -0.00816096 0.000152344 0.00131052 -0.00381257 -0.00325208
1.13 -0.0341654 -0.00991393 0.000217106 0.00158897 -0.00576711 -0.00376789
1.14 -0.0433792 -0.0107052 0.00026728 0.0017131 -0.00738237 -0.00388754
1.15 -0.0503734 -0.0102878 0.000300602 0.00164327 -0.008622 -0.00354517
1.16 -0.0550642 -0.00852986 0.000315987 0.00135831 -0.00947069 -0.00271932
1.17 -0.0575189 -0.00545337 0.000313837 0.000861543 -0.0099381 -0.00143485
1.18 -0.057958 -0.00124437 0.000296116 0.00018269 -0.0100597 0.000239027
1.19 -0.0567272 0.00376927 0.000266129 -0.000625539 -0.00989288 0.00219467
1.2 -0.0542486 0.00916789 0.000228023 -0.00149535 -0.00950861 0.00429535
1.21 -0.0509619 0.0145025 0.000186181 -0.00235411 -0.00898127 0.00638717
1.22 -0.0472748 0.0193523 0.000144671 -0.00313392 -0.00837974 0.00831253
1.23 -0.0435327 0.0233636 0.000106906 -0.00377814 -0.00776226 0.00992383
1.24 -0.0400115 0.0262673 7.55285e-05 -0.00424402 -0.00717532 0.0110961
1.25 -0.0369241 0.0278786 5.24663e-05 -0.00450239 -0.00665504 0.0117375
1.26 -0.0344306 0.0280925 3.90173e-05 -0.0045365 -0.00622884 0.0117969
1.27 -0.0326387 0.0268819 3.58613e-05 -0.00434178 -0.00591534 0.011268
1.28 -0.0315942 0.0243049 4.29613e-05 -0.0039272 -0.00572225 0.0101896
1.29 -0.0312614 0.0205157 5.94063e-05 -0.00331728 -0.00564327 0.00864178
1.3 -0.0315076 0.0157702 8.33006e-05 -0.00255317 -0.00565557 0.00673859
1.31 -0.0320999 0.0104171 0.000111798 -0.00169098 -0.00571975 0.0046182
1.32 -0.0327216 0.00486861 0.00014133 -0.000797055 -0.00578285 0.00243084
1.33 -0.0330078 -0.000445664 0.000168007 5.95082e-05 -0.00578409 0.000326061
1.34 -0.0325912 -0.00513215 0.0001881 0.000815346 -0.00566241 -0.00155962
1.35 -0.0311466 -0.00888138 0.0001985 0.00142054 -0.00536384 -0.00311378
1.36 -0.0284253 -0.0114993 0.000197044 0.00184375 -0.0048473 -0.00425681
1.37 -0.0242716 -0.0129166 0.000182649 0.00207388 -0.0040878 -0.00494774
1.38 -0.0186257 -0.0131781 0.000155273 0.00211838 -0.00307685 -0.00518634
1.39 -0.0115177 -0.0124195 0.00011576 0.0019993 -0.00182144 -0.00501175
1.4 -0.00306178 -0.0108422 6.56763e-05 0.00174902 -0.000342597 -0.00449757
1.41 0.00654509 -0.00869135 7.19477e-06 0.00140668 0.00132488 -0.00374402
1.42 0.0170198 -0.00624059 -5.69574e-05 0.00101589 0.00313195 -0.00286806
1.43 0.0279908 -0.00377972 -0.000123537 0.000622949 0.00501487 -0.00199205
1.44 0.0390046 -0.00159942 -0.000188882 0.000274529 0.00689631 -0.00123232
1.45 0.049546 3.05725e-05 -0.000249127 1.40646e-05 0.00868905 -0.00068838
1.46 0.0590741 0.000889911 -0.00030052 -0.000122929 0.0103021 -0.000433882
1.47 0.0670672 0.000837704 -0.000339799 -0.000113757 0.0116484 -0.000510117
1.48 0.0730701 -0.000163629 -0.000364539 4.76446e-05 0.0126526 -0.000922569
1.49 0.0767336 -0.00203827 -0.000373397 0.000349118 0.013257 -0.00164077
1.5 0.0778393 -0.00460476 -0.000366195 0.000761506 0.0134263 -0.0026014
1.51 0.07631 -0.00760036 -0.000343847 0.00124253 0.013149 -0.00371437
1.52 0.0722066 -0.0107163 -0.000308181 0.00174245 0.0124366 -0.00487122
1.53 0.0657183 -0.0136354 -0.000261691 0.00221022 0.0113224 -0.00595521
1.54 0.0571496 -0.0160646 -0.000207317 0.00259878 0.00985866 -0.00685199
1.55 0.0469069 -0.017758 -0.00014826 0.00286881 0.00811453 -0.0074601
1.56 0.0354833 -0.0185307 -8.78461e-05 0.00299081 0.00617314 -0.00770017
1.57 0.023438 -0.0182658 -2.93953e-05 0.00294616 0.00412831 -0.00752212
1.58 0.0113668 -0.0169192 2.39417e-05 0.0027278 0.00207964 -0.00690974
1.59 -0.000136752 -0.014524 6.93962e-05 0.00234094 0.000126081 -0.00588232
1.6 -0.0105262 -0.0111931 0.000104822 0.00180366 -0.00164158 -0.00449305
1.61 -0.0193473 -0.00711882 0.000128915 0.00114679 -0.00314814 -0.00282464
1.62 -0.026275 -0.00256277 0.000141349 0.000412391 -0.00434009 -0.000982244
1.63 -0.0311361 0.00216358 0.000142795 -0.000349434 -0.00518924 0.000915353
1.64 -0.0339162 0.00672843 0.000134801 -0.00108529 -0.00569361 0.00274573
1.65 -0.0347502 0.0108142 0.000119582 -0.00174405 -0.00587584 0.00439296
1.66 -0.0339016 0.0141512 9.9743e-05 -0.00228231 -0.00577969 0.00575702
1.67 -0.0317351 0.0165437 7.80258e-05 -0.00266856 -0.00546542 0.00676179
1.68 -0.0286862 0.0178846 5.70804e-05 -0.00288561 -0.00500478 0.00736081
1.69 -0.02523 0.0181579 3.93039e-05 -0.00293096 -0.00447578 0.00754038
1.7 -0.0218491 0.0174313 2.67192e-05 -0.00281555 -0.00395728 0.0073199
1.71 -0.0189985 0.0158423 2.08759e-05 -0.00256151 -0.00352335 0.00674917
1.72 -0.0170703 0.013583 2.27525e-05 -0.00219962 -0.00323749 0.00590331
1.73 -0.0163581 0.0108837 3.26601e-05 -0.00176679 -0.00314678 0.00487546
1.74 -0.0170256 0.00799695 5.0167e-05 -0.0013035 -0.00327699 0.00376818
1.75 -0.0190865 0.00518081 7.40779e-05 -0.000851128 -0.00362916 0.00268414
1.76 -0.0223978 0.00267902 0.000102496 -0.000448853 -0.00417865 0.00171713
1.77 -0.0266703 0.000699685 0.000132982 -0.00013016 -0.00487694 0.000943923
1.78 -0.031494 -0.00060587 0.000162779 8.05631e-05 -0.00565597 0.000417985
1.79 -0.0363759 -0.00116024 0.000189092 0.000170818 -0.00643441 0.000165305
1.8 -0.0407835 -0.000969167 0.000209343 0.000141487 -0.00712491 0.000182842
1.81 -0.0441898 -0.000120245 0.000221384 6.63668e-06 -0.00764142 0.000439605
1.82 -0.0461148 0.00122893 0.000223646 -0.000208401 -0.00790605 0.000880243
1.83 -0.0461624 0.00287099 0.000215214 -0.000470297 -0.00785506 0.00143078
1.84 -0.0440517 0.00457343 0.000195865 -0.000741695 -0.0074439 0.00200598
1.85 -0.0396415 0.00610324 0.000166057 -0.0009852 -0.00665119 0.00251759
1.86 -0.0329473 0.00724849 0.000126918 -0.00116684 -0.0054815 0.00288279
1.87 -0.0241501 0.0078351 8.01953e-05 -0.00125875 -0.00396648 0.00303206
1.88 -0.013592 0.00773904 2.81859e-05 -0.0012411 -0.00216423 0.00291576
1.89 -0.00175934 0.00689471 -2.63934e-05 -0.0011034 -0.000156322 0.0025088
1.9 0.0107485 0.0053003 -8.05815e-05 -0.000845378 0.00195733 0.00181318
1.91 0.0232617 0.00302002 -0.000131395 -0.000477318 0.00406558 0.000857929
1.92 0.0350913 0.000181977 -0.000176069 -1.97801e-05 0.00605437 -0.000303215
1.93 0.045581 -0.00302951 -0.000212279 0.000497632 0.00781545 -0.00159645
1.94 0.0541568 -0.00638808 -0.000238312 0.00103853 0.0092544 -0.00293422
1.95 0.0603681 -0.00964546 -0.000253171 0.00156299 0.0102973 -0.00422274
1.96 0.0639171 -0.0125553 -0.0002566 0.00203138 0.0108958 -0.00537003
1.97 0.064677 -0.0148974 -0.000249058 0.0024083 0.0110295 -0.00629369
1.98 0.0626979 -0.0164988 -0.000231636 0.00266595 0.0107072 -0.00692786
1.99 0.0582015 -0.0172486 -0.000205963 0.00278652 0.00996604 -0.00722863
2 0.0515645 -0.0171055 -0.000174089 0.00276339 0.00886848 -0.00717753
2.01 0.0432925 -0.0160975 -0.000138357 0.00260114 0.00749807 -0.00678283
2.02 0.0339836 -0.0143163 -0.000101251 0.0023145 0.00595347 -0.00607844
2.03 0.0242844 -0.0119071 -6.52367e-05 0.00192683 0.00434115 -0.00512077
2.04 0.0148404 -0.00905596 -3.25739e-05 0.00146798 0.00276733 -0.00398359
2.05 0.00624609 -0.00597517 -5.14543e-06 0.000972027 0.00132971 -0.00275157
2.06 -0.00100161 -0.00288749 1.56951e-05 0.000474751 0.000109911 -0.00151297
2.07 -0.0065409 -8.98635e-06 2.92247e-05 1.08714e-05 -0.000832633 -0.000352204
2.08 -0.0101701 0.0024685 3.53879e-05 -0.000388759 -0.00146479 0.000657125
2.09 -0.0118583 0.00439409 3.47661e-05 -0.00069985 -0.00178139 0.00145811
2.1 -0.011741 0.00567154 2.84895e-05 -0.000906887 -0.00180451 0.0020148
2.11 -0.0101029 0.00626783 1.8109e-05 -0.00100452 -0.00158057 0.00231457
2.12 -0.00735019 0.00621503 5.44988e-06 -0.000997883 -0.00117572 0.00236835
2.13 -0.00397372 0.00560495 -7.53985e-06 -0.000901701 -0.000669899 0.00220879
2.14 -0.000508052 0.00457745 -1.89343e-05 -0.000738439 -0.000150053 0.00188654
2.15 0.00251306 0.00330434 -2.69674e-05 -0.000535684 0.000297136 0.00146496
2.16 0.00460122 0.00197124 -3.0162e-05 -0.000323227 0.000592507 0.0010139
2.17 0.0053551 0.000759643 -2.74467e-05 -0.000130187 0.000671239 0.000602921
2.18 0.00449622 -0.000169017 -1.82525e-05 1.75537e-05 0.000488666 0.000294762
2.19 0.00189516 -0.000686595 -2.57828e-06 9.94556e-05 2.45395e-05 0.00013947
2.2 -0.00241448 -0.000708245 1.89904e-05 0.000101921 -0.00071474 0.000169841
2.21 -0.00823633 -0.000199183 4.53148e-05 1.93731e-05 -0.0016962 0.00039847
2.22 -0.0152258 0.000822105 7.47911e-05 -0.000145225 -0.00286272 0.000816693
2.23 -0.022918 0.00228462 0.000105482 -0.000380485 -0.00413761 0.00139548
2.24 -0.0307649 0.0040701 0.000135279 -0.000667425 -0.0054308 0.00208816
2.25 -0.0381799 0.00602296 0.000162065 -0.000981058 -0.00664607 0.00283474
2.26 -0.0445843 0.00796438 0.000183881 -0.00129266 -0.00768865 0.00356744
2.27 -0.0494517 0.00970935 0.000199054 -0.00157249 -0.00847262 0.00421676
2.28 -0.0523493 0.0110847 0.000206314 -0.00179275 -0.00892748 0.00471787
2.29 -0.0529708 0.0119457 0.000204874 -0.00193018 -0.00900365 0.00501636
2.3 -0.0511613 0.0121897 0.000194482 -0.00196833 -0.00867638 0.00507321
2.31 -0.0469302 0.0117648 0.000175443 -0.00189888 -0.00794799 0.00486823
2.32 -0.0404534 0.0106734 0.000148614 -0.00172226 -0.00684809 0.00440193
2.33 -0.032062 0.00897101 0.000115353 -0.00144741 -0.00543171 0.00369555
2.34 -0.0222189 0.00676036 7.74359e-05 -0.00109086 -0.00377553 0.00278928
2.35 -0.0114852 0.00418281 3.69287e-05 -0.000675341 -0.00197225 0.00173886
2.36 -0.000477865 0.00140679 -3.958e-06 -0.000227907 -0.000123734 0.000610894
2.37 0.010176 -0.00138544 -4.30338e-05 0.000222156 0.00166659 -0.000522731
2.38 0.0198862 -0.00401211 -7.82856e-05 0.000645631 0.00330135 -0.00159082
2.39 0.0281415 -0.00630654 -0.000108015 0.00101572 0.00469616 -0.00252866
2.4 0.0345449 -0.00813093 -0.000130945 0.00131026 0.00578544 -0.00328323
2.41 0.0388397 -0.00938797 -0.000146286 0.00151358 0.00652657 -0.00381725
2.42 0.040923 -0.0100288 -0.000153767 0.00161781 0.00690224 -0.00411184
2.43 0.0408488 -0.0100566 -0.000153632 0.00162342 0.00692083 -0.00416758
2.44 0.0388186 -0.00952443 -0.000146602 0.00153895 0.00661498 -0.00400379
2.45 0.0351624 -0.00852928 -0.000133817 0.00137996 0.00603838 -0.00365631
2.46 0.0303095 -0.00720097 -0.000116742 0.00116731 0.00526109 -0.0031738
2.47 0.0247529 -0.00568935 -9.70571e-05 0.000925042 0.00436364 -0.00261307
2.48 0.0190087 -0.00415002 -7.65301e-05 0.000678158 0.00343047 -0.00203382
2.49 0.0135748 -0.00273059 -5.6878e-05 0.000450348 0.00254305 -0.00149318
2.5 0.00889021 -0.00155824 -3.96328e-05 0.000262032 0.00177337 -0.00104069
2.51 0.00530175 -0.000729561 -2.60228e-05 0.000128718 0.00117835 -0.000714027
2.52 0.0030376 -0.000303039 -1.68826e-05 5.9804e-05 0.000795581 -0.000535928
2.53 0.00219226 -0.000294708 -1.25996e-05 5.78804e-05 0.000640838 -0.000512484
2.54 0.00272281 -0.000677285 -1.31e-05 0.000118584 0.000707454 -0.000633013
2.55 0.00445665 -0.00138301 -1.78731e-05 0.000231054 0.000967581 -0.000871445
2.56 0.00710955 -0.00231022 -2.60278e-05 0.000378978 0.00137513 -0.00118909
2.57 0.0103122 -0.00333318 -3.63743e-05 0.000542181 0.00187011 -0.00153852
2.58 0.0136426 -0.0043145 -4.75231e-05 0.000698604 0.00238394 -0.0018682
2.59 0.0166627 -0.00511859 -5.79958e-05 0.000826485 0.00284534 -0.00212742
2.6 0.0189546 -0.00562506 -6.63406e-05 0.000906499 0.00318639 -0.00227115
2.61 0.0201563 -0.00574022 -7.12472e-05 0.000923624 0.00334827 -0.00226428
2.62 0.0199918 -0.00540589 -7.16532e-05 0.00086854 0.00328621 -0.002085
2.63 0.0182949 -0.00460453 -6.68357e-05 0.000738458 0.0029734 -0.00172691
2.64 0.0150238 -0.00336056 -5.64764e-05 0.000537327 0.00240341 -0.00119972
2.65 0.010266 -0.00173801 -4.06965e-05 0.000275453 0.00159093 -0.000528619
2.66 0.00423216 0.000165049 -2.00542e-05 -3.13911e-05 0.000570816 0.000247892
2.67 -0.00276007 0.00222469 4.49369e-06 -0.000363291 -0.000604516 0.00108119
2.68 -0.0103103 0.00430137 3.1662e-05 -0.000697825 -0.00186913 0.00191666
2.69 -0.0179665 0.00625139 5.99329e-05 -0.0010119 -0.0031486 0.00269833
2.7 -0.025259 0.00793881 8.76659e-05 -0.00128367 -0.00436565 0.00337354
2.71 -0.0317363 0.00924687 0.000113215 -0.00149437 -0.0054459 0.00389735
2.72 -0.0369975 0.0100879 0.000135041 -0.00162991 -0.0063233 0.00423624
2.73 -0.0407212 0.0104108 0.000151817 -0.00168206 -0.00694487 0.00437071
2.74 -0.0426884 0.010205 0.000162519 -0.00164913 -0.00727434 0.00429676
2.75 -0.042796 0.00950094 0.000166493 -0.00153602 -0.00729459 0.00402597
2.76 -0.0410638 0.00836675 0.0001635 -0.00135365 -0.00700859 0.00358425
2.77 -0.03763 0.00690127 0.000153737 -0.00111793 -0.00643889 0.00300937
2.78 -0.0327401 0.00522489 0.000137818 -0.000848192 -0.00562569 0.00234762
2.79 -0.0267262 0.0034687 0.000116733 -0.000565506 -0.0046235 0.00164966
2.8 -0.0199811 0.00176313 9.1773e-05 -0.000290832 -0.00349695 0.000966179
2.81 -0.012928 0.000227192 6.44352e-05 -4.32903e-05 -0.00231577 0.000343676
2.82 -0.00598877 -0.00104106 3.63128e-05 0.000161356 -0.0011496 -0.000179398
2.83 0.000446844 -0.001972 8.98202e-06 0.000311914 -6.29736e-05 -0.000575617
2.84 0.00604814 -0.0025295 -1.61068e-05 0.000402557 0.000889173 -0.000830559
2.85 0.0105651 -0.00271299 -3.77241e-05 0.000433175 0.00166504 -0.000943574
2.86 0.0138428 -0.00255659 -5.49369e-05 0.000409225 0.00223838 -0.000927319
2.87 0.0158282 -0.00212508 -6.71616e-05 0.000341092 0.00259963 -0.000806118
2.88 0.016569 -0.00150718 -7.41907e-05 0.000243006 0.00275576 -0.000613308
2.89 0.0162045 -0.000806595 -7.61935e-05 0.000131607 0.00272884 -0.000387838
2.9 0.0149505 -0.000131743 -7.36914e-05 2.42963e-05 0.00255358 -0.000170418
2.91 0.0130785 0.000414791 -6.75071e-05 -6.24639e-05 0.0022739 4.03173e-07
2.92 0.0108909 0.000746078 -5.86936e-05 -0.000114726 0.001939 9.19109e-05
2.93 0.00869526 0.000798943 -4.84454e-05 -0.000122359 0.00159903 8.02966e-05
2.94 0.00677813 0.000539642 -3.79996e-05 -7.99565e-05 0.00130086 -4.71207e-05
2.95 0.00538198 -3.33041e-05 -2.85355e-05 1.27045e-05 0.00108429 -0.000290719
2.96 0.004686 -0.000889238 -2.10801e-05 0.00015069 0.000978841 -0.000638532
2.97 0.00479283 -0.00196831 -1.64285e-05 0.000324382 0.00100158 -0.00106733
2.98 0.00572193 -0.00318693 -1.5085e-05 0.00052035 0.001156 -0.00154474
2.99 0.00741003 -0.00444514 -1.72289e-05 0.000722541 0.00143205 -0.00203211
3 0.00971824 -0.00563543 -2.27059e-05 0.000913691 0.00180729 -0.00248804
3.01 0.012445 -0.00665221 -3.10458e-05 0.00107684 0.00224894 -0.00287203
3.02 0.0153437 -0.00740113 -4.15029e-05 0.00119684 0.0027168 -0.00314811
3.03 0.0181435 -0.00780753 -5.31165e-05 0.00126171 0.00316661 -0.003288
3.04 0.0205712 -0.00782314 -6.47861e-05 0.00126369 0.00355368 -0.00327365
3.05 0.0223736 -0.00743043 -7.53579e-05 0.00119997 0.00383648 -0.0030988
3.06 0.0233371 -0.00664423 -8.37149e-05 0.00107297 0.00397996 -0.00276955
3.07 0.0233048 -0.00551036 -8.88663e-05 0.000890032 0.00395831 -0.00230385
3.08 0.0221884 -0.00410152 -9.00265e-05 0.000662868 0.00375697 -0.00172998
3.09 0.0199753 -0.00251094 -8.66802e-05 0.000406461 0.00337379 -0.00108417
3.1 0.0167289 -0.000844274 -7.86258e-05 0.000137799 0.00281921 -0.000407516
3.11 0.0125845 0.000789275 -6.59951e-05 -0.000125565 0.00211545 0.000257415
3.12 0.00773816 0.00228595 -4.92468e-05 -0.000366951 0.00129489 0.000870077
3.13 0.00243273 0.00355578 -2.91359e-05 -0.000571894 0.000397639 0.00139521
3.14 -0.00306007 0.00452953 -6.6608e-06 -0.000729261 -0.000531293 0.00180559
3.15 -0.00845884 0.00516391 1.70056e-05 -0.000832081 -0.00144521 0.00208406
3.16 -0.0134918 0.00544436 4.05969e-05 -0.000878003 -0.0022989 0.00222458
3.17 -0.017915 0.00538553 6.28398e-05 -0.000869366 -0.0030516 0.00223239
3.18 -0.0215273 0.00502916 8.25399e-05 -0.000812857 -0.00366959 0.00212315
3.19 -0.0241828 0.00443956 9.86621e-05 -0.000718797 -0.00412819 0.00192117
3.2 -0.0257982 0.00369728 0.000110399 -0.000600116 -0.00441298 0.00165699
3.21 -0.0263557 0.00289136 0.000117225 -0.000471106 -0.00452043 0.00136439
3.22 -0.0259012 0.0021109 0.000118926 -0.000346078 -0.00445759 0.00107727
3.23 -0.0245384 0.00143699 0.000115612 -0.000238048 -0.0042411 0.000826565
3.24 -0.0224187 0.000935388 0.000107701 -0.00015758 -0.00389562 0.000637451
3.25 -0.0197278 0.00065097 9.58866e-05 -0.000111879 -0.00345164 0.000527222
3.26 -0.0166715 0.000604106 8.10772e-05 -0.000104217 -0.00294311 0.000503856
3.27 -0.0134594 0.000789403 6.43301e-05 -0.00013373 -0.00240482 0.000565488
3.28 -0.0102907 0.00117676 4.67713e-05 -0.00019559 -0.00186994 0.000700784
3.29 -0.00734017 0.00171463 2.95139e-05 -0.000281524 -0.00136779 0.000890173
3.3 -0.00474785 0.00233507 1.35806e-05 -0.000380629 -0.000922049 0.00110783
3.31 -0.0026112 0.00296028 -1.65652e-07 -0.00048042 -0.000549443 0.00132417
3.32 -0.000981127 0.0035099 -1.10774e-05 -0.000568003 -0.000259048 0.00150875
3.33 0.000138372 0.00390856 -1.87615e-05 -0.000631281 -5.21865e-05 0.00163308
3.34 0.000787148 0.00409294 -2.30989e-05 -0.000660098 7.70992e-05 0.00167341
3.35 0.0010427 0.00401775 -2.42435e-05 -0.000647191 0.00014106 0.00161291
3.36 0.00101151 0.00366005 -2.26008e-05 -0.000588889 0.000156827 0.00144335
3.37 0.000818542 0.00302157 -1.87884e-05 -0.000485483 0.000144701 0.00116591
3.38 0.000595841 0.00212871 -1.35794e-05 -0.000341226 0.000126268 0.00079121
3.39 0.000471082 0.00103037 -7.83607e-06 -0.000163988 0.000122504 0.000338451
3.4 0.000556897 -0.000206235 -2.43705e-06 3.54228e-05 0.000151996 -0.000166141
3.41 0.000941812 -0.0015013 1.79555e-06 0.000244176 0.000229426 -0.000691511
3.42 0.00168338 -0.00276923 4.16282e-06 0.000448513 0.000364407 -0.00120437
3.43 0.00280397 -0.00392581 4.14502e-06 0.000634897 0.000560758 -0.00167197
3.44 0.00428931 -0.00489516 1.44267e-06 0.000791134 0.000816238 -0.00206479
3.45 0.0060899 -0.00561593 -3.99995e-06 0.000907362 0.00112275 -0.00235896
3.46 0.0081249 -0.00604615 -1.19902e-05 0.000976835 0.00146696 -0.00253813
3.47 0.0102882 -0.00616641 -2.21011e-05 0.000996431 0.0018313 -0.0025947
3.48 0.0124562 -0.00598113 -3.37035e-05 0.000966854 0.00219523 -0.00253029
3.49 0.0144964 -0.0055177 -4.60128e-05 0.000892502 0.00253669 -0.00235541
3.5 0.0162769 -0.00482376 -5.8148e-05 0.000781025 0.00283367 -0.00208834
3.51 0.0176753 -0.0039627 -6.91978e-05 0.000642608 0.00306567 -0.00175347
3.52 0.0185871 -0.00300791 -7.829e-05 0.000489041 0.00321516 -0.00137905
3.53 0.0189323 -0.00203624 -8.46568e-05 0.000332674 0.00326869 -0.000994698
3.54 0.0186611 -0.00112133 -8.76944e-05 0.000185338 0.00321784 -0.000628871
3.55 0.0177568 -0.000327327 -8.70079e-05 5.73458e-05 0.00305974 -0.00030646
3.56 0.0162367 0.0002963 -8.24426e-05 -4.33506e-05 0.00279725 -4.67847e-05
3.57 0.0141511 0.000718584 -7.40962e-05 -0.000111769 0.00243878 0.000137882
3.58 0.01158 0.000929112 -6.23131e-05 -0.000146226 0.00199777 0.000243125
3.59 0.0086281 0.000938202 -4.76607e-05 -0.000148369 0.00149183 0.000272485
3.6 0.00541829 0.00077526 -3.08902e-05 -0.00012291 0.00094174 0.000236831
3.61 0.00208473 0.000485467 -1.28851e-05 -7.70933e-05 0.00037017 0.000153097
3.62 -0.00123501 0.000125139 5.39978e-06 -1.99522e-05 -0.00019957 4.24891e-05
3.63 -0.00440758 -0.000243837 2.30029e-05 3.85852e-05 -0.000744847 -7.16559e-05
3.64 -0.00731111 -0.000559981 3.90211e-05 8.86558e-05 -0.00124494 -0.000166169
3.65 -0.00984151 -0.000768088 5.26694e-05 0.000121404 -0.00168209 -0.000220294
3.66 -0.0119176 -0.000824465 6.33321e-05 0.00012982 -0.00204241 -0.00021768
3.67 -0.0134849 -0.000701051 7.06007e-05 0.000109409 -0.00231652 -0.000147945
3.68 -0.0145174 -0.000388073 7.42969e-05 5.86074e-05 -0.00249982 -7.67838e-06
3.69 -0.0150177 0.000105009 7.44781e-05 -2.10565e-05 -0.00259262 0.000199209
3.7 -0.0150159 0.000750323 7.1426e-05 -0.000125099 -0.00259982 0.000461797
3.71 -0.0145659 0.00150408 6.5619e-05 -0.000246483 -0.0025304 0.000763104
3.72 -0.0137415 0.00231049 5.76913e-05 -0.000376242 -0.00239672 0.00108158
3.73 -0.0126305 0.00310672 4.83817e-05 -0.000504281 -0.0022135 0.00139301
3.74 -0.011329 0.00382843 3.84757e-05 -0.000620266 -0.00199687 0.00167263
3.75 -0.00993423 0.00441542 2.8747e-05 -0.000714528 -0.0017632 0.00189732
3.76 -0.00853896 0.00481685 1.99e-05 -0.000778902 -0.00152809 0.00204759
3.77 -0.00722522 0.00499563 1.25202e-05 -0.000807436 -0.00130533 0.0021093
3.78 -0.00605939 0.00493164 7.03308e-06 -0.000796899 -0.00110609 0.00207488
3.79 -0.00508831 0.00462335 3.67767e-06 -0.000747053 -0.00093825 0.00194395
3.8 -0.00433681 0.00408798 2.49315e-06 -0.000660669 -0.000805998 0.00172338
3.81 -0.00380674 0.00335996 3.32202e-06 -0.000543282 -0.000709669 0.00142666
3.82 -0.00347769 0.00248791 5.8279e-06 -0.00040271 -0.00064587 0.00107275
3.83 -0.00330919 0.0015305 9.52713e-06 -0.000248386 -0.000607871 0.000684473
3.84 -0.00324445 0.000551434 1.38313e-05 -9.0549e-05 -0.000586231 0.000286619
3.85 -0.00321517 -0.000385892 1.80972e-05 6.06067e-05 -0.000569626 -9.61345e-05
3.86 -0.00314733 -0.0012236 2.16807e-05 0.000195776 -0.000545813 -0.000441208
3.87 -0.00296732 -0.00191398 2.39897e-05 0.000307286 -0.000502669 -0.000729907
3.88 -0.00260817 -0.00242314 2.45324e-05 0.000389684 -0.000429233 -0.000948839
3.89 -0.00201542 -0.00273342 2.29579e-05 0.000440124 -0.000316676 -0.00109084
3.9 -0.00115211 -0.00284428 1.90852e-05 0.000458509 -0.000159135 -0.00115534
3.91 -2.68288e-06 -0.00277174 1.29192e-05 0.000447404 4.56527e-05 -0.00114816
3.92 0.00142464 -0.00254639 4.65299e-06 0.000411713 0.00029597 -0.00108073
3.93 0.0030971 -0.00221014 -5.34482e-06 0.000358163 0.000586012 -0.000968882
3.94 0.00495847 -0.00181213 -1.65552e-05 0.000294636 0.000906081 -0.000831235
3.95 0.00693181 -0.00140399 -2.83456e-05 0.000229422 0.00124308 -0.0006874
3.96 0.00892394 -0.00103508 -4.00152e-05 0.000170442 0.00158125 -0.00055614
3.97 0.0108312 -0.000747954 -5.08454e-05 0.000124527 0.00190318 -0.000453644
3.98 0.0125461 -0.000574558 -6.01515e-05 9.68082e-05 0.00219089 -0.000392077
3.99 0.0139647 -0.000533486 -6.7332e-05 9.02702e-05 0.00242709 -0.000378522
4 0.0149939 -0.000628469 -7.19112e-05 0.000105512 0.00259636 -0.000414412
