0.01 1.30211 -0.0274664 -0.00602644 0.00650874 0.398411 -0.131056
0.02 1.72859 -0.14523 -0.0140722 0.0311504 0.36538 -0.166636
0.03 2.51397 -0.381284 -0.00856353 0.0702807 0.420158 -0.281516
0.04 2.26858 -0.684756 -0.00244525 0.105919 0.181121 -0.274555
0.05 2.10914 -0.954688 -0.006653 0.132025 0.195957 -0.279182
0.06 2.18556 -1.08146 -0.00529365 0.155845 0.440324 -0.302264
0.07 1.37881 -0.98023 -0.00337692 0.168499 0.319856 -0.188307
0.08 1.17171 -0.622302 -0.00563266 0.135067 0.303199 -0.141728
0.09 0.349083 -0.0673067 0.00109784 0.0317084 -0.0269555 -0.0023507
0.1 -0.630379 0.533611 0.00464536 -0.109466 -0.306734 0.156264
0.11 -1.04897 0.997782 -0.000787586 -0.209338 -0.208481 0.222133
0.12 -2.38009 1.21354 0.00351507 -0.214392 -0.371735 0.382719
0.13 -3.18541 1.20646 0.0103525 -0.157152 -0.384332 0.441049
0.14 -4.13379 1.10656 0.0129783 -0.124003 -0.621929 0.504143
0.15 -5.22027 1.041 0.0220425 -0.160199 -0.998755 0.59273
0.16 -5.02116 1.04817 0.0242995 -0.221241 -0.910358 0.530398
0.17 -5.0143 1.08182 0.0158289 -0.227605 -0.90538 0.521278
0.18 -4.20403 1.07553 0.0146236 -0.162057 -0.627684 0.419472
0.19 -3.02999 0.985055 0.0123577 -0.0914462 -0.365167 0.272683
0.2 -2.50868 0.77588 0.00486804 -0.0794674 -0.440351 0.20655
0.21 -1.21198 0.406621 0.00629476 -0.0985821 -0.231985 0.0219646
0.22 -0.495368 -0.133532 0.00532902 -0.0564144 -0.198019 -0.0911712
0.23 0.320028 -0.757519 -0.0014063 0.0887566 -0.00392932 -0.212756
0.24 1.65077 -1.27619 0.000200198 0.258392 0.373412 -0.378702
0.25 2.15891 -1.50267 -0.00242132 0.322159 0.393699 -0.395731
0.26 3.28825 -1.38866 -0.0121536 0.238296 0.607418 -0.465125
0.27 3.94357 -1.06287 -0.0131492 0.102329 0.603561 -0.455066
0.28 4.07158 -0.727705 -0.0154216 0.0435135 0.547827 -0.383588
0.29 4.56599 -0.509755 -0.0209067 0.0881449 0.767431 -0.385548
0.3 3.8539 -0.400328 -0.0160956 0.142413 0.652347 -0.251219
0.31 3.2446 -0.319077 -0.0135858 0.109797 0.657849 -0.159509
0.32 2.38056 -0.207705 -0.0144843 0.00494337 0.47827 -0.0560405
0.33 0.897124 -0.0539182 -0.00465016 -0.0713929 0.0628271 0.113564
0.34 0.395581 0.149599 0.00115881 -0.0609973 0.0210485 0.145366
0.35 -0.47659 0.424662 -0.00104233 -0.0190121 -0.14326 0.237003
0.36 -0.89321 0.758227 0.00164584 -0.0437155 -0.0704394 0.272307
0.37 -0.871461 1.04517 -0.000589125 -0.150585 0.0330355 0.238731
0.38 -1.63158 1.11858 -0.00397243 -0.240714 -0.250314 0.278483
0.39 -1.61979 0.870429 0.00571786 -0.206855 -0.290151 0.174646
0.4 -1.87832 0.354507 0.0115411 -0.0546319 -0.439655 0.0928187
0.41 -1.96008 -0.234111 0.00899621 0.102637 -0.376353 0.00301457
0.42 -1.10868 -0.690528 0.0105628 0.163083 -0.0281148 -0.169843
0.43 -0.839879 -0.923366 0.00601882 0.132226 -0.042201 -0.21654
0.44 0.166394 -0.970824 -0.000564566 0.0968276 0.0858361 -0.329438
0.45 1.1337 -0.925744 0.00284872 0.116828 0.0779473 -0.409075
0.46 1.68298 -0.861547 -0.00081821 0.165501 0.104997 -0.412332
0.47 2.86901 -0.816144 -0.0109978 0.179847 0.518616 -0.487543
0.48 2.97801 -0.808176 -0.0118404 0.143902 0.584129 -0.414591
0.49 2.97427 -0.832433 -0.0128507 0.102181 0.62521 -0.343563
0.5 2.82149 -0.833549 -0.0119748 0.0972944 0.465885 -0.267169
0.51 1.88722 -0.709942 -0.00208599 0.112427 0.115433 -0.0878281
0.52 1.83535 -0.376162 -0.00253145 0.0894112 0.234711 -0.015096
0.53 1.32273 0.159512 -0.0104589 -0.00141832 0.231796 0.136098
0.54 0.736165 0.774361 -0.00906764 -0.127221 0.257332 0.283904
0.55 0.399386 1.29151 -0.00843296 -0.227502 0.188532 0.355643
0.56 -0.96548 1.57291 -0.00571579 -0.267384 -0.277137 0.504979
0.57 -1.71969 1.57679 0.00595851 -0.254035 -0.393382 0.512548
0.58 -2.63121 1.35609 0.00894753 -0.211914 -0.514707 0.510288
0.59 -3.65273 1.02191 0.00787848 -0.157664 -0.556518 0.510808
0.6 -3.74191 0.698167 0.0159331 -0.104342 -0.449902 0.392034
0.61 -4.32218 0.475265 0.0184455 -0.0705516 -0.72808 0.358508
0.62 -4.07389 0.369498 0.0170733 -0.0651428 -0.743195 0.233488
0.63 -3.37888 0.312826 0.0200161 -0.0686282 -0.674299 0.078885
0.64 -3.00555 0.195734 0.0134086 -0.0452679 -0.5693 -0.00674702
0.65 -1.81932 -0.0554256 0.00596955 0.0192342 -0.181989 -0.18372
0.66 -1.40733 -0.424776 0.00984235 0.096376 -0.190172 -0.239097
0.67 -0.975617 -0.817775 0.00891493 0.143983 -0.157913 -0.285743
0.68 -0.175111 -1.1179 0.00586351 0.155213 -0.0912055 -0.354723
0.69 0.00800973 -1.23599 0.00815672 0.160068 -0.131683 -0.299818
0.7 1.06186 -1.12531 0.00119692 0.174711 0.20738 -0.317212
0.71 1.74815 -0.78487 -0.00746963 0.166954 0.320062 -0.240676
0.72 2.12298 -0.2779 -0.00776251 0.0897808 0.397069 -0.110476
0.73 2.83929 0.256454 -0.0141399 -0.0475547 0.510074 -0.0467556
0.74 2.44173 0.646738 -0.0188035 -0.161611 0.308598 0.118906
0.75 2.30012 0.787582 -0.0125633 -0.172204 0.366506 0.185673
0.76 1.86105 0.716861 -0.011362 -0.0933316 0.294568 0.246999
0.77 0.864468 0.588952 -0.0100201 -0.0255964 0.161494 0.351678
0.78 0.649763 0.551893 -0.00263781 -0.0505961 0.214342 0.331691
0.79 -0.133156 0.635411 -0.00414079 -0.141386 -0.0325852 0.373393
0.8 -0.449767 0.748362 -0.00524546 -0.193155 -0.0693718 0.324373
0.81 -0.366174 0.772048 0.00205958 -0.144479 -0.0964639 0.202597
0.82 -0.862306 0.646062 0.00146212 -0.0451752 -0.202624 0.145831
0.83 -0.595253 0.372186 5.84249e-05 0.0110764 -0.0127913 -0.0228539
0.84 -0.87304 -0.0317596 0.00559447 0.00425886 -0.101621 -0.119043
0.85 -1.19957 -0.542351 0.00510451 0.0128346 -0.143195 -0.215822
0.86 -0.912629 -1.08477 0.00787309 0.112492 -0.151517 -0.378521
0.87 -1.13824 -1.5072 0.0167367 0.266797 -0.308166 -0.42026
0.88 -0.396371 -1.64826 0.0123963 0.34964 -0.061602 -0.516418
0.89 0.38551 -1.46094 0.00348213 0.283032 0.0922696 -0.531157
0.9 0.874615 -1.07045 -0.000118169 0.128751 0.228794 -0.45904
0.91 1.89191 -0.69031 -0.00801667 0.0263404 0.394071 -0.450576
0.92 1.91772 -0.463582 -0.00946986 0.045773 0.215156 -0.319781
0.93 2.13133 -0.374806 -0.00307749 0.118514 0.291805 -0.230387
0.94 2.31341 -0.302896 -0.00770825 0.124374 0.354432 -0.129695
0.95 1.8225 -0.143583 -0.012772 0.0295857 0.357035 0.0640758
0.96 2.0126 0.122455 -0.0101335 -0.0860535 0.481798 0.150095
0.97 1.58826 0.457346 -0.0123311 -0.133061 0.239062 0.293188
0.98 1.30016 0.819683 -0.0108802 -0.116042 0.150924 0.377466
0.99 1.45072 1.1654 -0.00587549 -0.117511 0.163715 0.373939
1 0.818603 1.41027 -0.0121266 -0.18513 0.10911 0.441606
1.01 0.667784 1.43445 -0.0144239 -0.262849 0.256541 0.386089
1.02 -0.0772097 1.1624 -0.00508863 -0.252478 0.0354711 0.347337
1.03 -1.1712 0.64998 0.000836852 -0.128834 -0.216657 0.292844
1.04 -1.54826 0.0798217 0.00928307 0.0272751 -0.332849 0.1239
1.05 -2.37368 -0.349599 0.017948 0.111065 -0.504181 0.0489816
1.06 -2.36411 -0.547232 0.0127286 0.0969991 -0.317759 -0.0878349
1.07 -2.15516 -0.561811 0.00975091 0.050252 -0.291963 -0.194597
1.08 -2.33632 -0.513096 0.0143063 0.0429513 -0.368618 -0.220077
1.09 -1.77746 -0.499061 0.0119888 0.0816919 -0.319679 -0.329155
1.1 -1.86518 -0.553118 0.0121485 0.12117 -0.445676 -0.322059
1.11 -1.73017 -0.654837 0.0150718 0.127615 -0.290843 -0.314262
1.12 -1.32902 -0.750275 0.00874545 0.111569 -0.183294 -0.294366
1.13 -1.56876 -0.761203 0.0073576 0.0988594 -0.23412 -0.147305
1.14 -0.986084 -0.604783 0.0111609 0.0865963 -0.123199 -0.0834813
1.15 -0.644106 -0.239938 0.0043155 0.0465597 -0.200161 0.044961
1.16 -0.203771 0.28654 -0.0013995 -0.0335015 -0.0656669 0.17266
1.17 0.798909 0.841181 -0.00408679 -0.129861 0.141341 0.227299
1.18 0.914865 1.2642 -0.0136859 -0.204316 0.147029 0.377226
1.19 1.33451 1.44639 -0.0153382 -0.236059 0.289877 0.421094
1.2 1.33976 1.36975 -0.0100063 -0.228097 0.190612 0.450129
1.21 0.815011 1.09924 -0.0117422 -0.188622 0.121671 0.474709
1.22 0.934715 0.747982 -0.00833289 -0.123841 0.169068 0.364017
1.23 0.438872 0.435317 -0.00145637 -0.0537475 0.0278964 0.324671
1.24 0.398585 0.240506 -0.00445278 -0.0132513 0.106533 0.216374
1.25 0.611816 0.160224 -0.00408773 -0.019693 0.0939276 0.076071
1.26 0.250623 0.101967 -0.000805632 -0.0433628 0.0479499 -0.00438653
1.27 0.501324 -0.0593051 -0.00434234 -0.0254006 0.134746 -0.195102
1.28 0.0670072 -0.387814 0.000471673 0.0612358 -0.0394916 -0.297966
1.29 -0.456549 -0.83053 0.00984073 0.17334 -0.0805037 -0.381097
1.3 -0.566335 -1.24766 0.00925338 0.237813 -0.120403 -0.477062
1.31 -1.25209 -1.50171 0.0111539 0.229596 -0.213851 -0.440036
1.32 -1.09991 -1.52546 0.0139997 0.192951 -0.0897531 -0.467417
1.33 -0.981005 -1.32267 0.00846954 0.180248 -0.168626 -0.426304
1.34 -0.915464 -0.934252 0.00851065 0.181089 -0.163682 -0.323959
1.35 -0.0992953 -0.428667 0.00870364 0.132603 -0.0626368 -0.269301
1.36 0.0513025 0.082168 -0.00251337 0.00863404 -0.0433223 -0.0908339
1.37 0.542547 0.457307 -0.00775963 -0.124083 0.187932 0.0228694
1.38 0.899479 0.602896 -0.00688525 -0.165479 0.202169 0.119557
1.39 0.624734 0.554256 -0.00933813 -0.0953275 0.128901 0.255098
1.4 1.0597 0.467656 -0.00470007 -0.00723934 0.146169 0.270901
1.41 1.07962 0.501197 -0.00256152 -0.0139939 0.0760868 0.351632
1.42 1.44422 0.683706 -0.0133094 -0.121954 0.287009 0.37356
1.43 2.17725 0.8941 -0.0177574 -0.221378 0.431089 0.315064
1.44 2.10948 0.967402 -0.0158578 -0.208781 0.41139 0.300255
1.45 2.42794 0.820443 -0.0167812 -0.0982756 0.423421 0.156878
1.46 2.11829 0.483318 -0.00979027 0.00415301 0.230645 0.0579826
1.47 1.47296 0.0361088 -0.00386732 0.0282246 0.216244 -0.0264511
1.48 1.23878 -0.451655 -0.00691925 0.0182166 0.235916 -0.176105
1.49 0.242496 -0.911909 -0.000794374 0.0673618 0.095857 -0.222379
1.5 -0.22909 -1.24118 0.00891981 0.188225 0.0363932 -0.334995
1.51 -0.649659 -1.32307 0.0102317 0.282662 -0.192582 -0.402461
1.52 -1.28483 -1.12055 0.0136512 0.250478 -0.281026 -0.376603
1.53 -1.12445 -0.741949 0.0127739 0.109065 -0.206966 -0.395222
1.54 -1.58787 -0.38672 0.00439172 -0.0159341 -0.255037 -0.286352
1.55 -1.89818 -0.199529 0.00759826 -0.0239871 -0.217808 -0.20245
1.56 -2.07931 -0.165249 0.0146267 0.0538724 -0.363983 -0.129322
1.57 -2.78097 -0.141602 0.0134042 0.0977888 -0.509008 0.035856
1.58 -2.56607 0.00940644 0.0150626 0.0344617 -0.455189 0.117217
1.59 -2.44909 0.319108 0.0122611 -0.0916396 -0.451908 0.268015
1.6 -2.04554 0.717819 0.00149989 -0.180834 -0.269974 0.392479
1.61 -0.989992 1.10691 -0.000310182 -0.192788 -0.143225 0.418772
1.62 -0.558034 1.40578 -0.00174096 -0.178159 -0.100056 0.49643
1.63 0.354379 1.54497 -0.0101656 -0.197475 0.0671421 0.4546
1.64 0.91728 1.45687 -0.0105104 -0.237575 0.0856373 0.420546
1.65 0.981833 1.11326 -0.00963459 -0.228095 0.174286 0.394162
1.66 1.50586 0.581724 -0.01272 -0.13016 0.253484 0.250501
1.67 1.31219 0.0246043 -0.00661629 0.0101287 0.213724 0.169103
1.68 1.46236 -0.38621 -0.00275553 0.105163 0.297938 0.0131591
1.69 1.71956 -0.574358 -0.00709667 0.115139 0.249433 -0.141819
1.7 1.40931 -0.594238 -0.00417923 0.0789013 0.213491 -0.20443
1.71 1.63759 -0.572515 -0.00231441 0.0607591 0.234904 -0.334487
1.72 1.16506 -0.614226 -0.00548634 0.0861422 0.143471 -0.363996
1.73 0.531364 -0.747329 0.000640135 0.13195 0.157865 -0.392174
1.74 0.0423477 -0.925443 0.00639735 0.165229 0.0339057 -0.432507
1.75 -1.19269 -1.05907 0.0073476 0.175418 -0.186312 -0.340135
1.76 -1.72717 -1.04975 0.0157951 0.16515 -0.321218 -0.294666
1.77 -2.22522 -0.82752 0.0185541 0.128573 -0.475036 -0.175017
1.78 -2.53178 -0.391944 0.0109287 0.0583891 -0.389089 -0.0317732
1.79 -1.97828 0.167093 0.00904096 -0.0326502 -0.261249 0.0287102
1.8 -1.95539 0.69812 0.00567073 -0.113001 -0.24822 0.175326
1.81 -1.51131 1.05891 -0.000290131 -0.158795 -0.219806 0.245707
1.82 -1.06408 1.18006 0.00305791 -0.173795 -0.298509 0.310292
1.83 -0.977168 1.07962 0.00183016 -0.174213 -0.207268 0.397299
1.84 -0.113649 0.834622 -0.00654567 -0.158306 0.0177461 0.345798
1.85 0.307086 0.544421 -0.00604788 -0.110628 0.151122 0.332634
1.86 0.968499 0.303553 -0.00625424 -0.0391137 0.277032 0.252136
1.87 1.95487 0.171935 -0.0106156 0.0124928 0.248051 0.126552
1.88 2.38092 0.13668 -0.00914251 0.00596235 0.291154 0.073437
1.89 3.3671 0.0995779 -0.0143337 -0.0374409 0.511846 -0.0831506
1.9 3.73627 -0.0692183 -0.0232134 -0.0418665 0.663886 -0.189227
1.91 3.54486 -0.429791 -0.0178117 0.0444472 0.748683 -0.286818
1.92 3.35714 -0.905465 -0.0098425 0.181996 0.570279 -0.420492
1.93 2.2186 -1.31905 -0.00488043 0.271695 0.277464 -0.417584
1.94 1.53464 -1.50894 0.00404115 0.255951 0.150317 -0.449332
1.95 0.889562 -1.42337 0.00386765 0.176341 0.0910925 -0.425064
1.96 -0.00371882 -1.1179 -0.00128622 0.120417 0.131524 -0.336238
1.97 -0.288009 -0.685231 0.00495459 0.115815 0.0465561 -0.308372
1.98 -1.22916 -0.205249 0.00922442 0.100908 -0.2142 -0.160828
1.99 -1.92696 0.245633 0.00831262 0.012346 -0.397064 -0.0360321
2 -2.36605 0.575823 0.012354 -0.120452 -0.520554 0.0813503
2.01 -3.20755 0.715518 0.0105655 -0.194453 -0.487581 0.254411
2.02 -3.24043 0.690124 0.00760219 -0.15038 -0.431297 0.303601
2.03 -3.45669 0.635516 0.0149939 -0.0530874 -0.509751 0.392009
2.04 -3.33573 0.70285 0.0156747 -0.0296846 -0.542309 0.443894
2.05 -2.38317 0.923625 0.0077736 -0.126486 -0.520722 0.418884
2.06 -1.71534 1.16653 0.00364916 -0.25238 -0.332709 0.448008
2.07 -0.373802 1.23737 -0.00515176 -0.276117 -0.0240239 0.348579
2.08 0.671041 1.03068 -0.0123918 -0.16666 0.168768 0.247915
2.09 1.17048 0.593335 -0.00724284 -0.0205287 0.279936 0.154374
2.1 1.97105 0.0604489 -0.00649598 0.0524389 0.270348 -0.0162763
2.11 1.99169 -0.446922 -0.0095757 0.0494788 0.250354 -0.083066
2.12 2.29538 -0.857825 -0.00574661 0.0589944 0.338147 -0.199243
2.13 2.65961 -1.11762 -0.0072268 0.136776 0.416395 -0.305091
2.14 2.44683 -1.16828 -0.010146 0.22966 0.495484 -0.329692
2.15 2.66453 -0.994995 -0.00510484 0.236186 0.471284 -0.408803
2.16 2.11327 -0.684342 -0.00590872 0.131897 0.323916 -0.361478
2.17 1.34235 -0.400454 -0.00755295 0.00861855 0.174603 -0.297122
2.18 0.667344 -0.270413 0.000810032 -0.0241369 0.00605996 -0.244883
2.19 -0.749628 -0.279989 0.00470939 0.0407245 -0.102054 -0.0977475
2.2 -1.59112 -0.285505 0.00689672 0.104878 -0.197808 -0.0333306
2.21 -2.55526 -0.135811 0.0151783 0.0742828 -0.36497 0.090045
2.22 -3.42697 0.208885 0.015253 -0.0440242 -0.531629 0.230178
2.23 -3.38725 0.66026 0.012345 -0.160584 -0.671441 0.288478
2.24 -3.56527 1.07679 0.0148385 -0.206563 -0.657985 0.405597
2.25 -3.01898 1.34362 0.00887978 -0.195167 -0.48462 0.406665
2.26 -2.34116 1.39798 0.00160064 -0.180109 -0.306508 0.380957
2.27 -2.10146 1.21889 0.00394166 -0.179467 -0.209383 0.375789
2.28 -1.26814 0.830219 0.00276009 -0.158626 -0.241816 0.26103
2.29 -0.85397 0.319704 0.0016735 -0.0841013 -0.25092 0.207175
2.3 -0.00814944 -0.171344 0.00477658 0.0234098 -0.0829789 0.0860471
2.31 1.34819 -0.511385 -0.00330822 0.105167 0.224198 -0.0792917
2.32 2.18198 -0.654757 -0.0129713 0.126736 0.532044 -0.166529
2.33 3.41546 -0.664331 -0.0127523 0.107606 0.647212 -0.321758
2.34 3.95421 -0.658986 -0.0154188 0.0922952 0.593676 -0.380464
2.35 4.03253 -0.731043 -0.0164672 0.105698 0.537804 -0.409901
2.36 4.25707 -0.895389 -0.0117189 0.139865 0.581673 -0.473144
2.37 3.52077 -1.09025 -0.0142877 0.175543 0.685069 -0.417771
2.38 2.91644 -1.20953 -0.0135972 0.199525 0.638281 -0.404132
2.39 1.97192 -1.146 -0.00226615 0.19674 0.377985 -0.319225
2.4 0.645508 -0.839425 0.00215253 0.147033 0.036487 -0.164881
2.41 0.0979141 -0.319463 0.00287913 0.0474746 -0.175753 -0.0819236
2.42 -0.7995 0.286803 0.00497883 -0.0685174 -0.156172 0.0822637
2.43 -1.36694 0.807005 -0.000757464 -0.148683 -0.0923353 0.178092
2.44 -1.86024 1.11141 -0.000639335 -0.16829 -0.170236 0.249937
2.45 -2.98947 1.17231 0.0107098 -0.154508 -0.435087 0.375306
2.46 -3.38306 1.05279 0.0146124 -0.150556 -0.715138 0.382277
2.47 -3.79921 0.847746 0.0148268 -0.160045 -0.757134 0.419508
2.48 -3.70883 0.635763 0.0160849 -0.145819 -0.587104 0.391232
2.49 -2.77775 0.46975 0.00868917 -0.086591 -0.344237 0.27633
2.5 -2.21846 0.377943 0.00480353 -0.0189031 -0.209514 0.228723
2.51 -1.00901 0.342865 0.00756678 -0.00382765 -0.20968 0.0885633
2.52 0.0834768 0.280757 0.000607984 -0.0465941 -0.132436 -0.0136279
2.53 0.887893 0.0755429 -0.00659416 -0.0713453 0.0657657 -0.0992296
2.54 2.10084 -0.327162 -0.00718224 0.000356667 0.347921 -0.259835
2.55 2.40631 -0.841993 -0.0111244 0.152348 0.550251 -0.308629
2.56 2.72698 -1.27073 -0.009178 0.275209 0.520013 -0.382456
2.57 2.93954 -1.43075 -0.00226307 0.274178 0.416156 -0.405349
2.58 2.62328 -1.27574 -0.00657346 0.16897 0.335883 -0.332427
2.59 2.92494 -0.903568 -0.0110568 0.0686465 0.373988 -0.32596
2.6 2.61544 -0.459997 -0.00955982 0.0461452 0.490054 -0.21942
2.61 2.07661 -0.0441269 -0.0124499 0.062018 0.450649 -0.121346
2.62 1.48203 0.302125 -0.00923826 0.0258623 0.278906 -0.0333848
2.63 -0.0311523 0.548407 0.000145669 -0.0826536 -0.0144737 0.150086
2.64 -1.05958 0.663575 0.00177697 -0.179182 -0.301724 0.232877
2.65 -2.20141 0.66358 0.00621952 -0.173527 -0.415453 0.340447
2.66 -3.22163 0.646108 0.0142687 -0.0862185 -0.482512 0.418973
2.67 -3.35424 0.734377 0.0125503 -0.0349585 -0.488915 0.399526
2.68 -3.7869 0.958256 0.0117291 -0.10055 -0.525526 0.448523
2.69 -3.52748 1.19348 0.0138129 -0.229031 -0.626995 0.394365
2.7 -3.03775 1.23976 0.00830518 -0.283734 -0.598631 0.321657
2.71 -2.79505 0.977557 0.00736937 -0.191907 -0.508556 0.254677
2.72 -1.81978 0.459129 0.0105471 -0.0215641 -0.309808 0.0733608
2.73 -1.34169 -0.142089 0.00522161 0.0987897 -0.0906997 -0.0230573
2.74 -0.663448 -0.658913 0.00359942 0.118509 -0.039168 -0.14959
2.75 0.357602 -1.00982 0.00594904 0.100864 0.0130709 -0.276781
2.76 0.941629 -1.18142 5.25406e-05 0.128575 0.0665441 -0.312289
2.77 2.26313 -1.17828 -0.00406543 0.198424 0.249439 -0.423554
2.78 3.18626 -1.01933 -0.00743591 0.228885 0.581274 -0.436896
2.79 3.6887 -0.772987 -0.0182639 0.167835 0.741769 -0.412235
2.8 4.14619 -0.555947 -0.0201428 0.0636137 0.747361 -0.395874
2.81 3.44173 -0.459565 -0.0129994 0.0120376 0.547153 -0.252793
2.82 2.90775 -0.464871 -0.011096 0.0475043 0.30525 -0.178676
2.83 2.20519 -0.44166 -0.00676942 0.104956 0.293642 -0.0678825
2.84 1.18886 -0.248986 -0.00338344 0.092173 0.290752 0.0765334
2.85 0.802435 0.149826 -0.00831825 -0.0110678 0.264722 0.140595
2.86 -0.197863 0.656657 -0.00551458 -0.138657 0.0766271 0.291124
2.87 -0.912471 1.10622 0.00243749 -0.214373 -0.264186 0.357032
2.88 -1.33808 1.36097 0.00203711 -0.22069 -0.378777 0.374368
2.89 -2.17032 1.36069 0.00369469 -0.191774 -0.374702 0.411219
2.9 -2.28748 1.11949 0.00673352 -0.158614 -0.284295 0.317869
2.91 -2.80707 0.70759 0.00524767 -0.117711 -0.267644 0.280744
2.92 -3.20472 0.236652 0.0125553 -0.0550602 -0.51167 0.203391
2.93 -2.83662 -0.168108 0.0207033 0.0178836 -0.61986 0.0614578
2.94 -2.60568 -0.418913 0.0152908 0.0708262 -0.547075 -0.0116862
2.95 -1.38934 -0.511646 0.00912524 0.0895426 -0.261786 -0.181428
2.96 -0.221894 -0.524169 0.00348288 0.0892668 0.132866 -0.284802
2.97 0.501919 -0.560127 -0.00502037 0.0940839 0.213827 -0.335677
2.98 1.51294 -0.68153 -0.00311995 0.111302 0.193117 -0.423648
2.99 1.66329 -0.877115 0.000814014 0.132749 0.152787 -0.385278
3 2.07198 -1.07337 -0.0051581 0.154951 0.197402 -0.39315
3.01 2.5033 -1.16586 -0.00731352 0.178696 0.467762 -0.360825
3.02 2.31983 -1.05595 -0.00729865 0.186533 0.54079 -0.236636
3.03 2.62523 -0.695454 -0.0117635 0.142786 0.484458 -0.170749
3.04 2.28389 -0.13126 -0.00943871 0.0317562 0.349377 0.000539445
3.05 1.94767 0.487853 -0.00810201 -0.106983 0.163243 0.12825
3.06 1.8363 0.973874 -0.0145917 -0.197636 0.238181 0.206185
3.07 0.867696 1.20343 -0.012668 -0.198759 0.237833 0.344935
3.08 0.224776 1.18335 -0.00584985 -0.148282 0.123075 0.369036
3.09 -0.883624 1.02281 -0.00251929 -0.120845 -0.0645901 0.433899
3.1 -2.09878 0.841319 0.00659709 -0.14322 -0.421334 0.464881
3.11 -2.43915 0.698591 0.0126586 -0.167559 -0.519591 0.384007
3.12 -3.0141 0.596826 0.0090755 -0.134975 -0.500855 0.355238
3.13 -2.79219 0.519578 0.0106549 -0.0559107 -0.438981 0.216317
3.14 -2.40833 0.442703 0.0119093 -0.00415054 -0.286611 0.0963049
3.15 -2.41743 0.311864 0.00709897 -0.0220524 -0.365934 0.0190159
3.16 -1.77749 0.0457814 0.00942082 -0.0558396 -0.371715 -0.146629
3.17 -1.68726 -0.395714 0.0120277 -0.00991308 -0.327251 -0.215978
3.18 -1.30445 -0.9309 0.00885928 0.136277 -0.290146 -0.325714
3.19 -0.533097 -1.36278 0.0110166 0.284855 -0.0440429 -0.41609
3.2 -0.244243 -1.49979 0.00962335 0.312152 0.0459107 -0.385146
3.21 0.778098 -1.29387 -9.391e-05 0.201773 0.133412 -0.407847
3.22 1.42708 -0.86877 -0.003172 0.0623368 0.235403 -0.323488
3.23 1.91943 -0.41477 -0.00581145 0.00722963 0.208272 -0.236219
3.24 2.71772 -0.0556166 -0.0129117 0.0362525 0.392669 -0.185474
3.25 2.53783 0.192066 -0.0127331 0.0511066 0.477631 -0.020698
3.26 2.52821 0.359927 -0.013204 -0.0176691 0.472611 0.0678682
3.27 2.08243 0.466162 -0.0164611 -0.123691 0.440259 0.198065
3.28 1.14371 0.523631 -0.00936509 -0.164268 0.144036 0.329027
3.29 0.91953 0.582347 -0.0030005 -0.11121 0.0384723 0.338161
3.3 0.259698 0.717819 -0.00498481 -0.0498821 0.0213377 0.408977
3.31 0.0700495 0.947141 -0.00413556 -0.0793271 0.0300659 0.383183
3.32 0.0370745 1.16346 -0.00582752 -0.190096 0.152215 0.336587
3.33 -0.703656 1.18417 -0.00839821 -0.263891 -0.0495065 0.323224
3.34 -0.897429 0.891085 0.00147706 -0.201745 -0.237305 0.174963
3.35 -1.55833 0.335448 0.0103586 -0.033076 -0.340516 0.0837815
3.36 -2.01352 -0.291808 0.0107316 0.118922 -0.411981 -0.050019
3.37 -1.80791 -0.792818 0.0136715 0.167335 -0.20163 -0.208539
3.38 -2.06624 -1.07349 0.0129213 0.138915 -0.198602 -0.252252
3.39 -1.53181 -1.14932 0.00931524 0.121885 -0.260293 -0.370778
3.4 -1.03559 -1.08063 0.013265 0.154698 -0.238596 -0.409732
3.41 -0.620392 -0.925035 0.0113882 0.190093 -0.254769 -0.414681
3.42 0.446172 -0.740521 0.00106539 0.168252 0.0594843 -0.454073
3.43 0.665266 -0.594228 -0.00231325 0.0969454 0.251661 -0.344733
3.44 1.00413 -0.529151 -0.00418 0.0419468 0.237574 -0.276254
3.45 1.16831 -0.51197 -0.00529986 0.0467025 0.212282 -0.165702
3.46 0.821731 -0.432263 0.000883091 0.0786946 0.000749614 -0.00411908
3.47 1.33575 -0.17861 -0.000941764 0.0662993 0.109795 0.0559562
3.48 1.43366 0.266911 -0.0111226 -0.0200214 0.311043 0.208053
3.49 1.64925 0.798983 -0.0139917 -0.139325 0.359264 0.304118
3.5 1.98104 1.24764 -0.0157346 -0.226334 0.43035 0.359438
3.51 1.37859 1.47143 -0.016546 -0.249206 0.184608 0.457675
3.52 1.23357 1.41606 -0.00897882 -0.221062 0.0657787 0.403947
3.53 0.631994 1.11877 -0.00608572 -0.168021 0.0973477 0.381488
3.54 -0.16213 0.68212 -0.00674814 -0.103239 0.00188913 0.322686
3.55 -0.390704 0.237625 0.00123265 -0.0358904 0.0469491 0.188668
3.56 -1.23038 -0.0994196 0.00632592 0.0158288 -0.1554 0.141281
3.57 -1.34932 -0.27885 0.00695287 0.0384519 -0.323614 -0.0148496
3.58 -1.2896 -0.339718 0.0113011 0.0426341 -0.257058 -0.141335
3.59 -1.49593 -0.38079 0.00928983 0.0560033 -0.292631 -0.224958
3.6 -1.02819 -0.490726 0.0051421 0.0921042 -0.123655 -0.366339
3.61 -1.33053 -0.691086 0.0101672 0.132622 -0.135124 -0.363086
3.62 -1.46936 -0.931144 0.012237 0.151932 -0.28307 -0.388766
3.63 -1.34353 -1.1227 0.0110526 0.152996 -0.237057 -0.390307
3.64 -1.65213 -1.17595 0.0147655 0.15921 -0.335855 -0.297516
3.65 -1.00222 -1.02022 0.011617 0.170127 -0.196564 -0.278761
3.66 -0.593084 -0.628632 0.0041329 0.144294 -0.0346471 -0.139239
3.67 -0.107482 -0.0559379 0.00174385 0.0429715 -0.0256368 -0.00405708
3.68 0.826786 0.547461 -0.00577114 -0.107285 0.175483 0.0879301
3.69 0.883003 0.991337 -0.0131795 -0.216529 0.138214 0.256233
3.7 1.31825 1.15543 -0.0103634 -0.216674 0.159195 0.29543
3.71 1.36704 1.06741 -0.009796 -0.136878 0.246575 0.366617
3.72 0.990921 0.872901 -0.0109798 -0.0757005 0.135944 0.431195
3.73 1.27196 0.718132 -0.00728086 -0.0956216 0.259703 0.387982
3.74 0.910524 0.65158 -0.00942936 -0.156137 0.212724 0.410013
3.75 0.990883 0.625477 -0.0115705 -0.165038 0.131431 0.305785
3.76 1.19815 0.569827 -0.00533795 -0.0917954 0.198243 0.183451
3.77 0.796637 0.446222 -0.00448802 -0.00391812 0.0582119 0.103977
3.78 0.989977 0.235475 -0.00622236 0.0200216 0.157718 -0.0726845
3.79 0.427555 -0.0913483 -0.00162664 -0.00757919 0.158484 -0.142522
3.8 -0.231379 -0.546857 0.000758004 0.00751853 -0.0246437 -0.251887
3.81 -0.574931 -1.05896 0.00615323 0.124299 -0.0692327 -0.377401
3.82 -1.50207 -1.45433 0.0177016 0.27763 -0.333261 -0.388965
3.83 -1.47238 -1.55178 0.0184112 0.334288 -0.327927 -0.463313
3.84 -1.44836 -1.30087 0.0119617 0.23777 -0.182933 -0.415233
3.85 -1.44812 -0.832712 0.00937608 0.0733848 -0.20132 -0.332432
3.86 -0.828936 -0.364146 0.00420602 -0.0214018 -0.0590572 -0.294239
3.87 -1.02609 -0.0421495 0.00302412 -0.000938736 -0.199102 -0.139064
3.88 -0.784393 0.129544 0.00824022 0.0505614 -0.25032 -0.065301
3.89 -0.539892 0.234565 0.00428329 0.0281635 -0.0867085 0.0570731
3.9 -0.69926 0.343142 -0.00245714 -0.0702524 -0.0959152 0.221605
3.91 -0.0443669 0.4741 -0.00247741 -0.151882 0.0956263 0.273177
3.92 0.0788684 0.630569 -0.00529213 -0.148088 0.0677646 0.392244
3.93 0.56732 0.827911 -0.0071346 -0.0973563 -0.00404279 0.403346
3.94 1.44548 1.05715 -0.0063043 -0.0951216 0.204892 0.371067
3.95 1.62691 1.23117 -0.0145522 -0.170788 0.240173 0.389923
3.96 2.3021 1.20436 -0.020833 -0.242564 0.446939 0.27717
3.97 2.18766 0.879473 -0.0156446 -0.207649 0.46697 0.222196
3.98 1.67833 0.308117 -0.0108476 -0.0589985 0.228957 0.112609
3.99 1.56157 -0.319998 -0.00434014 0.104665 0.225176 -0.064269
4 0.731673 -0.797836 0.00363305 0.180486 0.0581048 -0.133419
